status file for recon-all
Fri Mar 13 23:27:07 CET 2026
#@# Tessellate lh Fri Mar 13 23:27:07 CET 2026
#@# Smooth1 lh Fri Mar 13 23:27:10 CET 2026
#@# Inflation1 lh Fri Mar 13 23:27:13 CET 2026
#@# QSphere lh Fri Mar 13 23:27:28 CET 2026
#@# Fix Topology lh Fri Mar 13 23:28:30 CET 2026
#@# Smooth2 lh Fri Mar 13 23:33:29 CET 2026
#@# Inflation2 lh Fri Mar 13 23:33:32 CET 2026
#@# Curv .H and .K lh Fri Mar 13 23:33:45 CET 2026
#@# Sphere lh Fri Mar 13 23:34:32 CET 2026
#@# Surf Reg lh Fri Mar 13 23:37:45 CET 2026
#@# Jacobian white lh Fri Mar 13 23:41:24 CET 2026
#@# AvgCurv lh Fri Mar 13 23:41:25 CET 2026
#@# Cortical Parc lh Fri Mar 13 23:41:26 CET 2026
#@# white curv lh Fri Mar 13 23:47:26 CET 2026
#@# white area lh Fri Mar 13 23:47:28 CET 2026
#@# pial curv lh Fri Mar 13 23:47:28 CET 2026
#@# pial area lh Fri Mar 13 23:47:30 CET 2026
#@# thickness lh Fri Mar 13 23:47:31 CET 2026
#@# area and vertex vol lh Fri Mar 13 23:48:00 CET 2026
#@# Curvature Stats lh Fri Mar 13 23:48:01 CET 2026
#@# Cortical Parc 2 lh Fri Mar 13 23:48:04 CET 2026
#@# Cortical Parc 3 lh Fri Mar 13 23:48:17 CET 2026
#@# WM/GM Contrast lh Fri Mar 13 23:48:27 CET 2026
recon-all -s sub-v2s7x29657_ses-1 finished without error at Fri Mar 13 23:48:29 CET 2026



#New# invocation of recon-all 



status file for recon-all
Sat Mar 14 00:26:32 CET 2026
#@# white curv lh Sat Mar 14 00:26:32 CET 2026
#@# white area lh Sat Mar 14 00:26:32 CET 2026
#@# pial curv lh Sat Mar 14 00:26:32 CET 2026
#@# pial area lh Sat Mar 14 00:26:32 CET 2026
#@# thickness lh Sat Mar 14 00:26:32 CET 2026
#@# area and vertex vol lh Sat Mar 14 00:26:32 CET 2026
#@# Parcellation Stats lh Sat Mar 14 00:26:32 CET 2026
#@# Parcellation Stats 2 lh Sat Mar 14 00:26:50 CET 2026
#@# Parcellation Stats 3 lh Sat Mar 14 00:27:00 CET 2026
#@# BA_exvivo Labels lh Sat Mar 14 00:27:09 CET 2026
recon-all -s sub-v2s7x29657_ses-1 finished without error at Sat Mar 14 00:29:39 CET 2026
