status file for recon-all
Fri Mar 13 21:45:07 CET 2026
#@# MotionCor Fri Mar 13 21:45:09 CET 2026
#@# Talairach Fri Mar 13 21:45:19 CET 2026
#@# Talairach Failure Detection Fri Mar 13 21:49:43 CET 2026
#@# Nu Intensity Correction Fri Mar 13 21:49:43 CET 2026
#@# Intensity Normalization Fri Mar 13 21:52:56 CET 2026
recon-all -s sub-v2s7x29657_ses-1 finished without error at Fri Mar 13 21:54:20 CET 2026



#New# invocation of recon-all 



status file for recon-all
Fri Mar 13 22:08:01 CET 2026
#@# EM Registration Fri Mar 13 22:08:01 CET 2026
recon-all -s sub-v2s7x29657_ses-1 finished without error at Fri Mar 13 22:10:22 CET 2026



#New# invocation of recon-all 



status file for recon-all
Fri Mar 13 22:10:25 CET 2026
#@# CA Normalize Fri Mar 13 22:10:25 CET 2026
#@# CA Reg Fri Mar 13 22:11:45 CET 2026
#@# SubCort Seg Fri Mar 13 22:54:31 CET 2026
#@# CC Seg Fri Mar 13 23:21:23 CET 2026
#@# Merge ASeg Fri Mar 13 23:21:55 CET 2026
#@# Intensity Normalization2 Fri Mar 13 23:21:55 CET 2026
#@# Mask BFS Fri Mar 13 23:24:02 CET 2026
#@# WM Segmentation Fri Mar 13 23:24:03 CET 2026
#@# Fill Fri Mar 13 23:26:00 CET 2026
recon-all -s sub-v2s7x29657_ses-1 finished without error at Fri Mar 13 23:27:02 CET 2026



#New# invocation of recon-all 



status file for recon-all
Sat Mar 14 00:20:47 CET 2026
#@# white curv lh Sat Mar 14 00:20:47 CET 2026
#@# white area lh Sat Mar 14 00:20:47 CET 2026
#@# pial curv lh Sat Mar 14 00:20:47 CET 2026
#@# pial area lh Sat Mar 14 00:20:47 CET 2026
#@# thickness lh Sat Mar 14 00:20:47 CET 2026
#@# area and vertex vol lh Sat Mar 14 00:20:47 CET 2026
#@# white curv rh Sat Mar 14 00:20:47 CET 2026
#@# white area rh Sat Mar 14 00:20:47 CET 2026
#@# pial curv rh Sat Mar 14 00:20:47 CET 2026
#@# pial area rh Sat Mar 14 00:20:47 CET 2026
#@# thickness rh Sat Mar 14 00:20:47 CET 2026
#@# area and vertex vol rh Sat Mar 14 00:20:47 CET 2026
#@# Cortical ribbon mask Sat Mar 14 00:20:47 CET 2026
recon-all -s sub-v2s7x29657_ses-1 finished without error at Sat Mar 14 00:26:28 CET 2026



#New# invocation of recon-all 



status file for recon-all
Sat Mar 14 00:32:53 CET 2026
#@# white curv lh Sat Mar 14 00:32:53 CET 2026
#@# white area lh Sat Mar 14 00:32:53 CET 2026
#@# pial curv lh Sat Mar 14 00:32:53 CET 2026
#@# pial area lh Sat Mar 14 00:32:53 CET 2026
#@# thickness lh Sat Mar 14 00:32:53 CET 2026
#@# area and vertex vol lh Sat Mar 14 00:32:53 CET 2026
#@# white curv rh Sat Mar 14 00:32:53 CET 2026
#@# white area rh Sat Mar 14 00:32:53 CET 2026
#@# pial curv rh Sat Mar 14 00:32:53 CET 2026
#@# pial area rh Sat Mar 14 00:32:53 CET 2026
#@# thickness rh Sat Mar 14 00:32:53 CET 2026
#@# area and vertex vol rh Sat Mar 14 00:32:53 CET 2026
#@# Curvature Stats lh Sat Mar 14 00:32:53 CET 2026
#@# Curvature Stats rh Sat Mar 14 00:32:56 CET 2026
#@# Relabel Hypointensities Sat Mar 14 00:32:58 CET 2026
#@# APas-to-ASeg Sat Mar 14 00:33:13 CET 2026
#@# AParc-to-ASeg aparc Sat Mar 14 00:33:21 CET 2026
#@# AParc-to-ASeg aparc.a2009s Sat Mar 14 00:33:58 CET 2026
#@# AParc-to-ASeg aparc.DKTatlas Sat Mar 14 00:34:30 CET 2026
#@# WMParc Sat Mar 14 00:35:01 CET 2026
#@# ASeg Stats Sat Mar 14 00:38:34 CET 2026
recon-all -s sub-v2s7x29657_ses-1 finished without error at Sat Mar 14 00:39:16 CET 2026
