status file for recon-all
Fri Mar 13 22:37:13 CET 2026
#@# MotionCor Fri Mar 13 22:37:14 CET 2026
#@# Talairach Fri Mar 13 22:37:19 CET 2026
#@# Talairach Failure Detection Fri Mar 13 22:40:09 CET 2026
#@# Nu Intensity Correction Fri Mar 13 22:40:09 CET 2026
#@# Intensity Normalization Fri Mar 13 22:42:54 CET 2026
recon-all -s sub-v2s7x29670_ses-1 finished without error at Fri Mar 13 22:43:52 CET 2026



#New# invocation of recon-all 



status file for recon-all
Fri Mar 13 22:54:33 CET 2026
#@# EM Registration Fri Mar 13 22:54:33 CET 2026
recon-all -s sub-v2s7x29670_ses-1 finished without error at Fri Mar 13 22:56:17 CET 2026



#New# invocation of recon-all 



status file for recon-all
Fri Mar 13 22:56:19 CET 2026
#@# CA Normalize Fri Mar 13 22:56:19 CET 2026
#@# CA Reg Fri Mar 13 22:57:12 CET 2026
#@# SubCort Seg Fri Mar 13 23:33:02 CET 2026
#@# CC Seg Fri Mar 13 23:53:24 CET 2026
#@# Merge ASeg Fri Mar 13 23:53:44 CET 2026
#@# Intensity Normalization2 Fri Mar 13 23:53:44 CET 2026
#@# Mask BFS Fri Mar 13 23:55:09 CET 2026
#@# WM Segmentation Fri Mar 13 23:55:09 CET 2026
#@# Fill Fri Mar 13 23:56:37 CET 2026
recon-all -s sub-v2s7x29670_ses-1 finished without error at Fri Mar 13 23:57:14 CET 2026



#New# invocation of recon-all 



status file for recon-all
Sat Mar 14 00:28:34 CET 2026
#@# white curv lh Sat Mar 14 00:28:34 CET 2026
#@# white area lh Sat Mar 14 00:28:34 CET 2026
#@# pial curv lh Sat Mar 14 00:28:34 CET 2026
#@# pial area lh Sat Mar 14 00:28:34 CET 2026
#@# thickness lh Sat Mar 14 00:28:34 CET 2026
#@# area and vertex vol lh Sat Mar 14 00:28:34 CET 2026
#@# white curv rh Sat Mar 14 00:28:34 CET 2026
#@# white area rh Sat Mar 14 00:28:34 CET 2026
#@# pial curv rh Sat Mar 14 00:28:34 CET 2026
#@# pial area rh Sat Mar 14 00:28:34 CET 2026
#@# thickness rh Sat Mar 14 00:28:34 CET 2026
#@# area and vertex vol rh Sat Mar 14 00:28:34 CET 2026
#@# Cortical ribbon mask Sat Mar 14 00:28:34 CET 2026
recon-all -s sub-v2s7x29670_ses-1 finished without error at Sat Mar 14 00:32:22 CET 2026



#New# invocation of recon-all 



status file for recon-all
Sat Mar 14 00:36:52 CET 2026
#@# white curv lh Sat Mar 14 00:36:52 CET 2026
#@# white area lh Sat Mar 14 00:36:52 CET 2026
#@# pial curv lh Sat Mar 14 00:36:52 CET 2026
#@# pial area lh Sat Mar 14 00:36:52 CET 2026
#@# thickness lh Sat Mar 14 00:36:52 CET 2026
#@# area and vertex vol lh Sat Mar 14 00:36:52 CET 2026
#@# white curv rh Sat Mar 14 00:36:52 CET 2026
#@# white area rh Sat Mar 14 00:36:52 CET 2026
#@# pial curv rh Sat Mar 14 00:36:52 CET 2026
#@# pial area rh Sat Mar 14 00:36:52 CET 2026
#@# thickness rh Sat Mar 14 00:36:52 CET 2026
#@# area and vertex vol rh Sat Mar 14 00:36:52 CET 2026
#@# Curvature Stats lh Sat Mar 14 00:36:52 CET 2026
#@# Curvature Stats rh Sat Mar 14 00:36:53 CET 2026
#@# Relabel Hypointensities Sat Mar 14 00:36:55 CET 2026
#@# APas-to-ASeg Sat Mar 14 00:37:05 CET 2026
#@# AParc-to-ASeg aparc Sat Mar 14 00:37:10 CET 2026
#@# AParc-to-ASeg aparc.a2009s Sat Mar 14 00:37:23 CET 2026
#@# AParc-to-ASeg aparc.DKTatlas Sat Mar 14 00:37:37 CET 2026
#@# WMParc Sat Mar 14 00:37:51 CET 2026
#@# ASeg Stats Sat Mar 14 00:39:33 CET 2026
recon-all -s sub-v2s7x29670_ses-1 finished without error at Sat Mar 14 00:39:51 CET 2026
