status file for recon-all
Sat Mar 14 00:13:23 CET 2026
#@# Tessellate rh Sat Mar 14 00:13:23 CET 2026
#@# Smooth1 rh Sat Mar 14 00:13:25 CET 2026
#@# Inflation1 rh Sat Mar 14 00:13:27 CET 2026
#@# QSphere rh Sat Mar 14 00:13:34 CET 2026
#@# Fix Topology rh Sat Mar 14 00:14:19 CET 2026
#@# Smooth2 rh Sat Mar 14 00:18:14 CET 2026
#@# Inflation2 rh Sat Mar 14 00:18:16 CET 2026
#@# Curv .H and .K rh Sat Mar 14 00:18:23 CET 2026
#@# Sphere rh Sat Mar 14 00:18:57 CET 2026
#@# Surf Reg rh Sat Mar 14 00:20:06 CET 2026
#@# Jacobian white rh Sat Mar 14 00:22:04 CET 2026
#@# AvgCurv rh Sat Mar 14 00:22:05 CET 2026
#@# Cortical Parc rh Sat Mar 14 00:22:05 CET 2026
#@# white curv rh Sat Mar 14 00:27:48 CET 2026
#@# white area rh Sat Mar 14 00:27:49 CET 2026
#@# pial curv rh Sat Mar 14 00:27:49 CET 2026
#@# pial area rh Sat Mar 14 00:27:50 CET 2026
#@# thickness rh Sat Mar 14 00:27:51 CET 2026
#@# area and vertex vol rh Sat Mar 14 00:28:08 CET 2026
#@# Curvature Stats rh Sat Mar 14 00:28:09 CET 2026
#@# Cortical Parc 2 rh Sat Mar 14 00:28:10 CET 2026
#@# Cortical Parc 3 rh Sat Mar 14 00:28:20 CET 2026
#@# WM/GM Contrast rh Sat Mar 14 00:28:27 CET 2026
recon-all -s sub-v2s7x29670_ses-1 finished without error at Sat Mar 14 00:28:29 CET 2026



#New# invocation of recon-all 



status file for recon-all
Sat Mar 14 00:34:40 CET 2026
#@# white curv rh Sat Mar 14 00:34:40 CET 2026
#@# white area rh Sat Mar 14 00:34:40 CET 2026
#@# pial curv rh Sat Mar 14 00:34:40 CET 2026
#@# pial area rh Sat Mar 14 00:34:40 CET 2026
#@# thickness rh Sat Mar 14 00:34:40 CET 2026
#@# area and vertex vol rh Sat Mar 14 00:34:40 CET 2026
#@# Parcellation Stats rh Sat Mar 14 00:34:40 CET 2026
#@# Parcellation Stats 2 rh Sat Mar 14 00:34:53 CET 2026
#@# Parcellation Stats 3 rh Sat Mar 14 00:34:59 CET 2026
#@# BA_exvivo Labels rh Sat Mar 14 00:35:05 CET 2026
recon-all -s sub-v2s7x29670_ses-1 finished without error at Sat Mar 14 00:36:49 CET 2026
