status file for recon-all
Sat Mar 14 00:36:38 CET 2026
#@# Tessellate rh Sat Mar 14 00:36:38 CET 2026
#@# Smooth1 rh Sat Mar 14 00:36:40 CET 2026
#@# Inflation1 rh Sat Mar 14 00:36:42 CET 2026
#@# QSphere rh Sat Mar 14 00:36:54 CET 2026
#@# Fix Topology rh Sat Mar 14 00:37:46 CET 2026
#@# Smooth2 rh Sat Mar 14 00:42:57 CET 2026
#@# Inflation2 rh Sat Mar 14 00:42:59 CET 2026
#@# Curv .H and .K rh Sat Mar 14 00:43:10 CET 2026
#@# Sphere rh Sat Mar 14 00:43:45 CET 2026
#@# Surf Reg rh Sat Mar 14 00:47:16 CET 2026
#@# Jacobian white rh Sat Mar 14 00:50:55 CET 2026
#@# AvgCurv rh Sat Mar 14 00:50:55 CET 2026
#@# Cortical Parc rh Sat Mar 14 00:50:56 CET 2026
#@# white curv rh Sat Mar 14 00:56:13 CET 2026
#@# white area rh Sat Mar 14 00:56:14 CET 2026
#@# pial curv rh Sat Mar 14 00:56:15 CET 2026
#@# pial area rh Sat Mar 14 00:56:16 CET 2026
#@# thickness rh Sat Mar 14 00:56:17 CET 2026
#@# area and vertex vol rh Sat Mar 14 00:56:35 CET 2026
#@# Curvature Stats rh Sat Mar 14 00:56:36 CET 2026
#@# Cortical Parc 2 rh Sat Mar 14 00:56:37 CET 2026
#@# Cortical Parc 3 rh Sat Mar 14 00:56:46 CET 2026
#@# WM/GM Contrast rh Sat Mar 14 00:56:53 CET 2026
recon-all -s sub-v2s7x29676_ses-1 finished without error at Sat Mar 14 00:56:55 CET 2026



#New# invocation of recon-all 



status file for recon-all
Sat Mar 14 01:01:44 CET 2026
#@# white curv rh Sat Mar 14 01:01:44 CET 2026
#@# white area rh Sat Mar 14 01:01:44 CET 2026
#@# pial curv rh Sat Mar 14 01:01:44 CET 2026
#@# pial area rh Sat Mar 14 01:01:44 CET 2026
#@# thickness rh Sat Mar 14 01:01:44 CET 2026
#@# area and vertex vol rh Sat Mar 14 01:01:44 CET 2026
#@# Parcellation Stats rh Sat Mar 14 01:01:44 CET 2026
#@# Parcellation Stats 2 rh Sat Mar 14 01:01:58 CET 2026
#@# Parcellation Stats 3 rh Sat Mar 14 01:02:05 CET 2026
#@# BA_exvivo Labels rh Sat Mar 14 01:02:11 CET 2026
recon-all -s sub-v2s7x29676_ses-1 finished without error at Sat Mar 14 01:04:09 CET 2026
