status file for recon-all
Fri Mar 13 22:56:05 CET 2026
#@# MotionCor Fri Mar 13 22:56:06 CET 2026
#@# Talairach Fri Mar 13 22:56:12 CET 2026
#@# Talairach Failure Detection Fri Mar 13 22:59:03 CET 2026
#@# Nu Intensity Correction Fri Mar 13 22:59:03 CET 2026
#@# Intensity Normalization Fri Mar 13 23:01:48 CET 2026
recon-all -s sub-v2s7x29676_ses-1 finished without error at Fri Mar 13 23:02:48 CET 2026



#New# invocation of recon-all 



status file for recon-all
Fri Mar 13 23:13:41 CET 2026
#@# EM Registration Fri Mar 13 23:13:41 CET 2026
recon-all -s sub-v2s7x29676_ses-1 finished without error at Fri Mar 13 23:15:03 CET 2026



#New# invocation of recon-all 



status file for recon-all
Fri Mar 13 23:15:05 CET 2026
#@# CA Normalize Fri Mar 13 23:15:05 CET 2026
#@# CA Reg Fri Mar 13 23:15:58 CET 2026
#@# SubCort Seg Fri Mar 13 23:54:34 CET 2026
#@# CC Seg Sat Mar 14 00:13:30 CET 2026
#@# Merge ASeg Sat Mar 14 00:13:50 CET 2026
#@# Intensity Normalization2 Sat Mar 14 00:13:50 CET 2026
#@# Mask BFS Sat Mar 14 00:15:13 CET 2026
#@# WM Segmentation Sat Mar 14 00:15:14 CET 2026
#@# Fill Sat Mar 14 00:16:45 CET 2026
recon-all -s sub-v2s7x29676_ses-1 finished without error at Sat Mar 14 00:17:24 CET 2026



#New# invocation of recon-all 



status file for recon-all
Sat Mar 14 00:57:00 CET 2026
#@# white curv lh Sat Mar 14 00:57:00 CET 2026
#@# white area lh Sat Mar 14 00:57:00 CET 2026
#@# pial curv lh Sat Mar 14 00:57:00 CET 2026
#@# pial area lh Sat Mar 14 00:57:00 CET 2026
#@# thickness lh Sat Mar 14 00:57:00 CET 2026
#@# area and vertex vol lh Sat Mar 14 00:57:00 CET 2026
#@# white curv rh Sat Mar 14 00:57:00 CET 2026
#@# white area rh Sat Mar 14 00:57:00 CET 2026
#@# pial curv rh Sat Mar 14 00:57:00 CET 2026
#@# pial area rh Sat Mar 14 00:57:00 CET 2026
#@# thickness rh Sat Mar 14 00:57:00 CET 2026
#@# area and vertex vol rh Sat Mar 14 00:57:00 CET 2026
#@# Cortical ribbon mask Sat Mar 14 00:57:00 CET 2026
recon-all -s sub-v2s7x29676_ses-1 finished without error at Sat Mar 14 00:59:15 CET 2026



#New# invocation of recon-all 



status file for recon-all
Sat Mar 14 01:04:14 CET 2026
#@# white curv lh Sat Mar 14 01:04:14 CET 2026
#@# white area lh Sat Mar 14 01:04:14 CET 2026
#@# pial curv lh Sat Mar 14 01:04:14 CET 2026
#@# pial area lh Sat Mar 14 01:04:14 CET 2026
#@# thickness lh Sat Mar 14 01:04:14 CET 2026
#@# area and vertex vol lh Sat Mar 14 01:04:14 CET 2026
#@# white curv rh Sat Mar 14 01:04:14 CET 2026
#@# white area rh Sat Mar 14 01:04:14 CET 2026
#@# pial curv rh Sat Mar 14 01:04:14 CET 2026
#@# pial area rh Sat Mar 14 01:04:14 CET 2026
#@# thickness rh Sat Mar 14 01:04:14 CET 2026
#@# area and vertex vol rh Sat Mar 14 01:04:14 CET 2026
#@# Curvature Stats lh Sat Mar 14 01:04:14 CET 2026
#@# Curvature Stats rh Sat Mar 14 01:04:16 CET 2026
#@# Relabel Hypointensities Sat Mar 14 01:04:17 CET 2026
#@# APas-to-ASeg Sat Mar 14 01:04:28 CET 2026
#@# AParc-to-ASeg aparc Sat Mar 14 01:04:34 CET 2026
#@# AParc-to-ASeg aparc.a2009s Sat Mar 14 01:04:48 CET 2026
#@# AParc-to-ASeg aparc.DKTatlas Sat Mar 14 01:05:04 CET 2026
#@# WMParc Sat Mar 14 01:05:19 CET 2026
#@# ASeg Stats Sat Mar 14 01:07:16 CET 2026
recon-all -s sub-v2s7x29676_ses-1 finished without error at Sat Mar 14 01:07:34 CET 2026
