status file for recon-all
Sat Mar 14 00:17:28 CET 2026
#@# Tessellate lh Sat Mar 14 00:17:28 CET 2026
#@# Smooth1 lh Sat Mar 14 00:17:30 CET 2026
#@# Inflation1 lh Sat Mar 14 00:17:32 CET 2026
#@# QSphere lh Sat Mar 14 00:17:44 CET 2026
#@# Fix Topology lh Sat Mar 14 00:18:43 CET 2026
#@# Smooth2 lh Sat Mar 14 00:22:44 CET 2026
#@# Inflation2 lh Sat Mar 14 00:22:46 CET 2026
#@# Curv .H and .K lh Sat Mar 14 00:22:58 CET 2026
#@# Sphere lh Sat Mar 14 00:23:33 CET 2026
#@# Surf Reg lh Sat Mar 14 00:26:26 CET 2026
#@# Jacobian white lh Sat Mar 14 00:30:18 CET 2026
#@# AvgCurv lh Sat Mar 14 00:30:18 CET 2026
#@# Cortical Parc lh Sat Mar 14 00:30:19 CET 2026
#@# white curv lh Sat Mar 14 00:35:53 CET 2026
#@# white area lh Sat Mar 14 00:35:54 CET 2026
#@# pial curv lh Sat Mar 14 00:35:55 CET 2026
#@# pial area lh Sat Mar 14 00:35:56 CET 2026
#@# thickness lh Sat Mar 14 00:35:56 CET 2026
#@# area and vertex vol lh Sat Mar 14 00:36:13 CET 2026
#@# Curvature Stats lh Sat Mar 14 00:36:14 CET 2026
#@# Cortical Parc 2 lh Sat Mar 14 00:36:16 CET 2026
#@# Cortical Parc 3 lh Sat Mar 14 00:36:26 CET 2026
#@# WM/GM Contrast lh Sat Mar 14 00:36:33 CET 2026
recon-all -s sub-v2s7x29676_ses-1 finished without error at Sat Mar 14 00:36:35 CET 2026



#New# invocation of recon-all 



status file for recon-all
Sat Mar 14 00:59:19 CET 2026
#@# white curv lh Sat Mar 14 00:59:19 CET 2026
#@# white area lh Sat Mar 14 00:59:19 CET 2026
#@# pial curv lh Sat Mar 14 00:59:19 CET 2026
#@# pial area lh Sat Mar 14 00:59:19 CET 2026
#@# thickness lh Sat Mar 14 00:59:19 CET 2026
#@# area and vertex vol lh Sat Mar 14 00:59:19 CET 2026
#@# Parcellation Stats lh Sat Mar 14 00:59:19 CET 2026
#@# Parcellation Stats 2 lh Sat Mar 14 00:59:33 CET 2026
#@# Parcellation Stats 3 lh Sat Mar 14 00:59:40 CET 2026
#@# BA_exvivo Labels lh Sat Mar 14 00:59:47 CET 2026
recon-all -s sub-v2s7x29676_ses-1 finished without error at Sat Mar 14 01:01:42 CET 2026
