/out/sourcedata/freesurfer/sub-v2s7x29656_ses-1/mri
/opt/freesurfer/bin/talairach_avi
--i orig_nu.mgz --xfm transforms/talairach.auto.xfm
talairach_avi 7.3.2
Linux dna054 5.14.0-427.37.1.el9_4.x86_64 #1 SMP PREEMPT_DYNAMIC Fri Sep 13 12:41:50 EDT 2024 x86_64 x86_64 x86_64 GNU/Linux
Fri Mar 13 21:46:49 CET 2026
mri_convert orig_nu.mgz talsrcimg.img 
reading from orig_nu.mgz...
TR=0.00, TE=0.00, TI=0.00, flip angle=0.00
i_ras = (-1, 0, 0)
j_ras = (0, 0, -1)
k_ras = (0, 1, 0)
writing to talsrcimg.img...
Analyze Output Matrix
-1.00000   0.00000   0.00000   138.42029;
 0.00000   0.00000   1.00000  -220.26923;
 0.00000  -1.00000   0.00000   176.45432;
 0.00000   0.00000   0.00000   1.00000;
--------------------
INFO: set hdr.hist.orient to -1
mpr2mni305 talsrcimg
Fri Mar 13 21:46:50 CET 2026
/opt/freesurfer/bin/mpr2mni305 talsrcimg
mpr2mni305 7.3.2
target=711-2C_as_mni_average_305

---------------------------------------------------------------------
analyzeto4dfp talsrcimg -O0 -y
---------------------------------------------------------------------

freesurfer ifh2hdr.c
Fri Mar 13 21:46:50 2026
Writing: talsrcimg.4dfp.hdr
freesurfer analyzeto4dfp.c
Reading: talsrcimg.hdr
header size 348 bytes
hdr.dime.datatype	offset=70	value=2
hdr.dime.bitpix		offset=72	value=8
hdr.hist.orient		offset=252	value=-1
dimensionality     4
dimensions       256       256       256         1
Reading: talsrcimg.img
Writing: talsrcimg.4dfp.img
Writing: talsrcimg.4dfp.ifh
ifh2hdr talsrcimg -r0to254
ori=2

---------------------------------------------------------------------
gauss_4dfp talsrcimg 1.1
---------------------------------------------------------------------

freesurfer gauss_4dfp.c
Reading: talsrcimg.4dfp.img
Writing: talsrcimg_g11.4dfp.img
image dimensions 256 256 256 padded to 288 288 288
processing volume 1freesurfer ifh2hdr.c
Fri Mar 13 21:46:52 2026
Writing: talsrcimg_g11.4dfp.hdr

Writing: talsrcimg_g11.4dfp.ifh
including: talsrcimg.4dfp.img.rec in talsrcimg_g11.4dfp.img.rec

---------------------------------------------------------------------
imgreg_4dfp /opt/freesurfer/average/711-2C_as_mni_average_305 none talsrcimg_g11 none talsrcimg_to_711-2C_as_mni_average_305_t4 4355
---------------------------------------------------------------------

freesurfer imgreg_4dfp.c
/opt/freesurfer/average/711-2C_as_mni_average_305.4dfp.img
       256       256       256         1
  1.000000  1.000000  1.000000
orientation T byte_order littleendian
Reading image: /opt/freesurfer/average/711-2C_as_mni_average_305.4dfp.img
dimensions:      256       256       256
mmppix:       1.0000   -1.0000   -1.0000
center:     128.0000 -129.0000 -129.0000
talsrcimg_g11.4dfp.img
       256       256       256         1
  1.000000  1.000000  1.000000
orientation T byte_order littleendian
Reading image: talsrcimg_g11.4dfp.img
dimensions:      256       256       256
mmppix:       1.0000   -1.0000   -1.0000
center:     128.0000 -129.0000 -129.0000
t4_read: open error in t4_sub.f l:  41 t4_file(1:l)talsrcimg_to_711-2C_as_mni_average_305_t4 
t4_read: transform initialized to I4
rotation matrix determinant  1.000000
image alignment mode   4355 decimal     1103 hex
   -7.5000  -45.0000  -45.0000 7865.8174   14.0668
    0.0000  -45.0000  -45.0000 8128.1055   14.0427
    7.5000  -45.0000  -45.0000 7679.8213   14.0447
   -7.5000  -37.5000  -45.0000 8285.9160   14.0204
    0.0000  -37.5000  -45.0000 8562.7480   13.9954
    7.5000  -37.5000  -45.0000 8065.8301   14.0014
   -7.5000  -30.0000  -45.0000 9017.9453   13.9477
    0.0000  -30.0000  -45.0000 9287.7344   13.9321
    7.5000  -30.0000  -45.0000 8743.5420   13.9458
   -7.5000  -22.5000  -45.0000 9610.4062   13.9226
    0.0000  -22.5000  -45.0000 9926.5840   13.9174
    7.5000  -22.5000  -45.0000 9337.1357   13.9337
   -7.5000  -15.0000  -45.000010147.3193   13.9632
    0.0000  -15.0000  -45.000010436.6875   13.9602
    7.5000  -15.0000  -45.0000 9836.2363   13.9736
   -7.5000   -7.5000  -45.000010616.2539   14.0345
    0.0000   -7.5000  -45.000010944.0801   14.0222
    7.5000   -7.5000  -45.000010287.5244   14.0289
   -7.5000    0.0000  -45.000011095.7656   14.0668
    0.0000    0.0000  -45.000011464.3477   14.0427
    7.5000    0.0000  -45.000010760.9453   14.0447
   -7.5000    7.5000  -45.000010782.2744   14.0204
    0.0000    7.5000  -45.000011130.7969   13.9954
    7.5000    7.5000  -45.000010480.1494   14.0014
   -7.5000   15.0000  -45.000010092.8574   13.9477
    0.0000   15.0000  -45.000010425.1182   13.9321
    7.5000   15.0000  -45.0000 9791.7139   13.9458
   -7.5000   22.5000  -45.0000 9300.8262   13.9207
    0.0000   22.5000  -45.0000 9584.9248   13.9155
    7.5000   22.5000  -45.0000 8984.4551   13.9318
   -7.5000   30.0000  -45.0000 8501.5762   13.7771
    0.0000   30.0000  -45.0000 8749.3164   13.7741
    7.5000   30.0000  -45.0000 8165.8003   13.7874
   -7.5000   37.5000  -45.0000 7970.1699   13.8475
    0.0000   37.5000  -45.0000 8215.8027   13.8353
    7.5000   37.5000  -45.0000 7684.5015   13.8419
   -7.5000   45.0000  -45.0000 7131.7212   13.5275
    0.0000   45.0000  -45.0000 7359.5654   13.5043
    7.5000   45.0000  -45.0000 6886.2788   13.5063
   -7.5000  -45.0000  -37.5000 8524.6104   13.9376
    0.0000  -45.0000  -37.5000 8790.6709   13.9185
    7.5000  -45.0000  -37.5000 8274.7139   13.9199
   -7.5000  -37.5000  -37.5000 8955.7139   13.9009
    0.0000  -37.5000  -37.5000 9225.4121   13.8825
    7.5000  -37.5000  -37.5000 8687.6582   13.8890
   -7.5000  -30.0000  -37.5000 9702.2861   13.8411
    0.0000  -30.0000  -37.5000 9966.3643   13.8296
    7.5000  -30.0000  -37.5000 9392.1221   13.8443
   -7.5000  -22.5000  -37.500010373.3945   13.8191
    0.0000  -22.5000  -37.500010672.5098   13.8131
    7.5000  -22.5000  -37.500010040.6973   13.8298
   -7.5000  -15.0000  -37.500010892.0762   13.8509
    0.0000  -15.0000  -37.500011204.7510   13.8449
    7.5000  -15.0000  -37.500010578.4482   13.8575
   -7.5000   -7.5000  -37.500011387.9561   13.9095
    0.0000   -7.5000  -37.500011734.6123   13.8973
    7.5000   -7.5000  -37.500011041.1973   13.9029
   -7.5000    0.0000  -37.500011919.8203   13.9376
    0.0000    0.0000  -37.500012261.5039   13.9185
    7.5000    0.0000  -37.500011526.4941   13.9199
   -7.5000    7.5000  -37.500011531.6045   13.9009
    0.0000    7.5000  -37.500011869.6562   13.8825
    7.5000    7.5000  -37.500011157.9219   13.8890
   -7.5000   15.0000  -37.500010764.3154   13.8411
    0.0000   15.0000  -37.500011060.3584   13.8296
    7.5000   15.0000  -37.500010376.3320   13.8443
   -7.5000   22.5000  -37.5000 9891.6055   13.8172
    0.0000   22.5000  -37.500010154.1221   13.8112
    7.5000   22.5000  -37.5000 9508.2129   13.8279
   -7.5000   30.0000  -37.5000 8997.0156   13.6663
    0.0000   30.0000  -37.5000 9260.5176   13.6604
    7.5000   30.0000  -37.5000 8651.7451   13.6729
   -7.5000   37.5000  -37.5000 8436.1514   13.7242
    0.0000   37.5000  -37.5000 8703.6133   13.7121
    7.5000   37.5000  -37.5000 8133.4531   13.7176
   -7.5000   45.0000  -37.5000 7553.0620   13.4031
    0.0000   45.0000  -37.5000 7790.6157   13.3848
    7.5000   45.0000  -37.5000 7295.1123   13.3862
   -7.5000  -45.0000  -30.0000 9326.2588   14.4430
    0.0000  -45.0000  -30.0000 9618.4502   14.4273
    7.5000  -45.0000  -30.0000 9040.2236   14.4309
   -7.5000  -37.5000  -30.0000 9774.9482   14.4079
    0.0000  -37.5000  -30.000010068.9619   14.3955
    7.5000  -37.5000  -30.0000 9475.9785   14.4054
   -7.5000  -30.0000  -30.000010572.8145   14.3636
    0.0000  -30.0000  -30.000010868.8496   14.3575
    7.5000  -30.0000  -30.000010223.4209   14.3758
   -7.5000  -22.5000  -30.000011318.3623   14.3566
    0.0000  -22.5000  -30.000011620.7207   14.3523
    7.5000  -22.5000  -30.000010918.9893   14.3718
   -7.5000  -15.0000  -30.000011886.6758   14.3886
    0.0000  -15.0000  -30.000012199.9219   14.3815
    7.5000  -15.0000  -30.000011491.4648   14.3957
   -7.5000   -7.5000  -30.000012421.3867   14.4305
    0.0000   -7.5000  -30.000012751.9854   14.4184
    7.5000   -7.5000  -30.000011998.4199   14.4254
   -7.5000    0.0000  -30.000012977.1992   14.4430
    0.0000    0.0000  -30.000013326.7959   14.4273
    7.5000    0.0000  -30.000012520.1748   14.4309
   -7.5000    7.5000  -30.000012494.3418   14.4079
    0.0000    7.5000  -30.000012820.6650   14.3955
    7.5000    7.5000  -30.000012045.9629   14.4054
   -7.5000   15.0000  -30.000011604.1602   14.3636
    0.0000   15.0000  -30.000011911.5439   14.3575
    7.5000   15.0000  -30.000011201.0713   14.3758
   -7.5000   22.5000  -30.000010628.8691   14.3532
    0.0000   22.5000  -30.000010911.4121   14.3488
    7.5000   22.5000  -30.000010267.3340   14.3683
   -7.5000   30.0000  -30.0000 9677.9766   14.1982
    0.0000   30.0000  -30.0000 9939.6387   14.1912
    7.5000   30.0000  -30.0000 9313.8584   14.2052
   -7.5000   37.5000  -30.0000 9046.8018   14.2396
    0.0000   37.5000  -30.0000 9308.6494   14.2276
    7.5000   37.5000  -30.0000 8706.2275   14.2345
   -7.5000   45.0000  -30.0000 8097.3394   13.8992
    0.0000   45.0000  -30.0000 8331.2939   13.8841
    7.5000   45.0000  -30.0000 7819.6440   13.8877
   -7.5000  -45.0000  -22.500010139.0342   14.9291
    0.0000  -45.0000  -22.500010447.0938   14.9108
    7.5000  -45.0000  -22.5000 9810.9395   14.9182
   -7.5000  -37.5000  -22.500010625.8281   14.8851
    0.0000  -37.5000  -22.500010927.6836   14.8718
    7.5000  -37.5000  -22.500010288.2471   14.8850
   -7.5000  -30.0000  -22.500011444.1270   14.8446
    0.0000  -30.0000  -22.500011781.7402   14.8404
    7.5000  -30.0000  -22.500011082.9287   14.8618
   -7.5000  -22.5000  -22.500012251.2959   14.8519
    0.0000  -22.5000  -22.500012575.5840   14.8508
    7.5000  -22.5000  -22.500011825.9443   14.8734
   -7.5000  -15.0000  -22.500012900.6982   14.8942
    0.0000  -15.0000  -22.500013220.6953   14.8892
    7.5000  -15.0000  -22.500012410.2617   14.9068
   -7.5000   -7.5000  -22.500013495.7373   14.9308
    0.0000   -7.5000  -22.500013827.0244   14.9178
    7.5000   -7.5000  -22.500012961.0381   14.9284
   -7.5000    0.0000  -22.500014038.0840   14.9291
    0.0000    0.0000  -22.500014378.6943   14.9108
    7.5000    0.0000  -22.500013485.0869   14.9182
   -7.5000    7.5000  -22.500013458.0732   14.8851
    0.0000    7.5000  -22.500013790.6543   14.8718
    7.5000    7.5000  -22.500012939.2080   14.8850
   -7.5000   15.0000  -22.500012497.5898   14.8446
    0.0000   15.0000  -22.500012811.8447   14.8404
    7.5000   15.0000  -22.500012074.6309   14.8618
   -7.5000   22.5000  -22.500011400.1221   14.8474
    0.0000   22.5000  -22.500011689.0146   14.8462
    7.5000   22.5000  -22.500011024.0742   14.8688
   -7.5000   30.0000  -22.500010360.9180   14.6994
    0.0000   30.0000  -22.500010616.3848   14.6944
    7.5000   30.0000  -22.5000 9989.6592   14.7118
   -7.5000   37.5000  -22.5000 9658.5127   14.7355
    0.0000   37.5000  -22.5000 9936.4033   14.7226
    7.5000   37.5000  -22.5000 9324.2568   14.7331
   -7.5000   45.0000  -22.5000 8650.5898   14.3779
    0.0000   45.0000  -22.5000 8889.3447   14.3603
    7.5000   45.0000  -22.5000 8367.2188   14.3675
   -7.5000  -45.0000  -15.000010966.2432   15.2900
    0.0000  -45.0000  -15.000011287.6846   15.2661
    7.5000  -45.0000  -15.000010581.6797   15.2751
   -7.5000  -37.5000  -15.000011477.8740   15.2345
    0.0000  -37.5000  -15.000011785.7412   15.2146
    7.5000  -37.5000  -15.000011083.2695   15.2283
   -7.5000  -30.0000  -15.000012320.3809   15.1818
    0.0000  -30.0000  -15.000012700.1113   15.1742
    7.5000  -30.0000  -15.000011909.9111   15.1959
   -7.5000  -22.5000  -15.000013173.5791   15.1889
    0.0000  -22.5000  -15.000013512.4395   15.1891
    7.5000  -22.5000  -15.000012695.1514   15.2130
   -7.5000  -15.0000  -15.000013900.3750   15.2420
    0.0000  -15.0000  -15.000014218.4756   15.2401
    7.5000  -15.0000  -15.000013309.5537   15.2600
   -7.5000   -7.5000  -15.000014590.5674   15.2904
    0.0000   -7.5000  -15.000014895.3887   15.2766
    7.5000   -7.5000  -15.000013918.6260   15.2896
   -7.5000    0.0000  -15.000015155.3926   15.2900
    0.0000    0.0000  -15.000015461.3320   15.2661
    7.5000    0.0000  -15.000014482.1465   15.2751
   -7.5000    7.5000  -15.000014434.5605   15.2345
    0.0000    7.5000  -15.000014762.1631   15.2146
    7.5000    7.5000  -15.000013849.5654   15.2283
   -7.5000   15.0000  -15.000013419.8418   15.1818
    0.0000   15.0000  -15.000013735.5518   15.1742
    7.5000   15.0000  -15.000012952.9629   15.1959
   -7.5000   22.5000  -15.000012232.2373   15.1835
    0.0000   22.5000  -15.000012506.0576   15.1838
    7.5000   22.5000  -15.000011816.3984   15.2076
   -7.5000   30.0000  -15.000011054.1416   15.0448
    0.0000   30.0000  -15.000011308.8828   15.0428
    7.5000   30.0000  -15.000010670.5986   15.0625
   -7.5000   37.5000  -15.000010275.6777   15.0925
    0.0000   37.5000  -15.000010558.4023   15.0789
    7.5000   37.5000  -15.0000 9950.1133   15.0917
   -7.5000   45.0000  -15.0000 9213.4951   14.7345
    0.0000   45.0000  -15.0000 9484.5479   14.7114
    7.5000   45.0000  -15.0000 8935.6260   14.7201
   -7.5000  -45.0000   -7.500011794.6182   15.4840
    0.0000  -45.0000   -7.500012155.0625   15.4563
    7.5000  -45.0000   -7.500011392.4756   15.4626
   -7.5000  -37.5000   -7.500012344.5264   15.4260
    0.0000  -37.5000   -7.500012698.7676   15.3993
    7.5000  -37.5000   -7.500011920.7598   15.4097
   -7.5000  -30.0000   -7.500013233.5029   15.3544
    0.0000  -30.0000   -7.500013610.4092   15.3404
    7.5000  -30.0000   -7.500012778.9541   15.3587
   -7.5000  -22.5000   -7.500014130.3887   15.3438
    0.0000  -22.5000   -7.500014454.7373   15.3415
    7.5000  -22.5000   -7.500013599.2930   15.3629
   -7.5000  -15.0000   -7.500014958.2764   15.3971
    0.0000  -15.0000   -7.500015277.5967   15.3958
    7.5000  -15.0000   -7.500014273.2119   15.4141
   -7.5000   -7.5000   -7.500015705.7207   15.4657
    0.0000   -7.5000   -7.500016007.9121   15.4516
    7.5000   -7.5000   -7.500014919.4727   15.4629
   -7.5000    0.0000   -7.500016255.1875   15.4840
    0.0000    0.0000   -7.500016583.1641   15.4563
    7.5000    0.0000   -7.500015504.5449   15.4626
   -7.5000    7.5000   -7.500015433.9375   15.4260
    0.0000    7.5000   -7.500015786.6426   15.3993
    7.5000    7.5000   -7.500014816.5957   15.4097
   -7.5000   15.0000   -7.500014381.7275   15.3544
    0.0000   15.0000   -7.500014723.3975   15.3404
    7.5000   15.0000   -7.500013861.7568   15.3587
   -7.5000   22.5000   -7.500013122.1641   15.3367
    0.0000   22.5000   -7.500013413.2119   15.3344
    7.5000   22.5000   -7.500012636.9541   15.3558
   -7.5000   30.0000   -7.500011816.9854   15.1974
    0.0000   30.0000   -7.500012087.9326   15.1961
    7.5000   30.0000   -7.500011385.2119   15.2142
   -7.5000   37.5000   -7.500010965.9941   15.2651
    0.0000   37.5000   -7.500011234.5996   15.2512
    7.5000   37.5000   -7.500010619.4834   15.2624
   -7.5000   45.0000   -7.5000 9802.6992   14.9243
    0.0000   45.0000   -7.500010085.3291   14.8976
    7.5000   45.0000   -7.5000 9504.2256   14.9037
   -7.5000  -45.0000    0.000012503.0244   15.5278
    0.0000  -45.0000    0.000012862.7734   15.5014
    7.5000  -45.0000    0.000012100.8574   15.5039
   -7.5000  -37.5000    0.000013115.1270   15.4770
    0.0000  -37.5000    0.000013496.2227   15.4497
    7.5000  -37.5000    0.000012683.0107   15.4567
   -7.5000  -30.0000    0.000014090.1025   15.3981
    0.0000  -30.0000    0.000014484.2881   15.3811
    7.5000  -30.0000    0.000013617.1738   15.3966
   -7.5000  -22.5000    0.000015098.4111   15.3715
    0.0000  -22.5000    0.000015461.1260   15.3656
    7.5000  -22.5000    0.000014463.7725   15.3840
   -7.5000  -15.0000    0.000015995.9756   15.4160
    0.0000  -15.0000    0.000016355.3506   15.4123
    7.5000  -15.0000    0.000015198.3975   15.4275
   -7.5000   -7.5000    0.000016720.5391   15.4933
    0.0000   -7.5000    0.000017057.0762   15.4795
    7.5000   -7.5000    0.000015874.0625   15.4872
   -7.5000    0.0000    0.000017248.0723   15.5278
    0.0000    0.0000    0.000017654.5723   15.5014
    7.5000    0.0000    0.000016488.1113   15.5039
   -7.5000    7.5000    0.000016331.6533   15.4770
    0.0000    7.5000    0.000016738.6953   15.4497
    7.5000    7.5000    0.000015717.5117   15.4567
   -7.5000   15.0000    0.000015247.6396   15.3981
    0.0000   15.0000    0.000015622.4258   15.3811
    7.5000   15.0000    0.000014680.2031   15.3966
   -7.5000   22.5000    0.000013926.2002   15.3644
    0.0000   22.5000    0.000014242.2188   15.3585
    7.5000   22.5000    0.000013364.6113   15.3769
   -7.5000   30.0000    0.000012557.0469   15.2165
    0.0000   30.0000    0.000012831.5439   15.2128
    7.5000   30.0000    0.000012054.2705   15.2278
   -7.5000   37.5000    0.000011644.0801   15.2928
    0.0000   37.5000    0.000011885.7559   15.2792
    7.5000   37.5000    0.000011183.0020   15.2868
   -7.5000   45.0000    0.000010358.8945   14.9676
    0.0000   45.0000    0.000010618.1162   14.9421
    7.5000   45.0000    0.0000 9981.7471   14.9447
   -7.5000  -45.0000    7.500012235.8447   15.5236
    0.0000  -45.0000    7.500012576.1865   15.5027
    7.5000  -45.0000    7.500011872.0654   15.5044
   -7.5000  -37.5000    7.500012876.8408   15.4827
    0.0000  -37.5000    7.500013277.4736   15.4625
    7.5000  -37.5000    7.500012447.8096   15.4699
   -7.5000  -30.0000    7.500014131.4004   15.4165
    0.0000  -30.0000    7.500014507.2998   15.4036
    7.5000  -30.0000    7.500013484.2744   15.4201
   -7.5000  -22.5000    7.500015236.0615   15.3925
    0.0000  -22.5000    7.500015543.3926   15.3857
    7.5000  -22.5000    7.500014350.4951   15.4042
   -7.5000  -15.0000    7.500015893.5693   15.4279
    0.0000  -15.0000    7.500016267.0107   15.4212
    7.5000  -15.0000    7.500015008.8105   15.4352
   -7.5000   -7.5000    7.500016402.9492   15.4928
    0.0000   -7.5000    7.500016831.4844   15.4794
    7.5000   -7.5000    7.500015643.7256   15.4856
   -7.5000    0.0000    7.500016971.2070   15.5236
    0.0000    0.0000    7.500017429.2402   15.5027
    7.5000    0.0000    7.500016232.3057   15.5044
   -7.5000    7.5000    7.500016063.6025   15.4827
    0.0000    7.5000    7.500016468.9629   15.4625
    7.5000    7.5000    7.500015368.7803   15.4699
   -7.5000   15.0000    7.500014970.4355   15.4165
    0.0000   15.0000    7.500015319.9336   15.4036
    7.5000   15.0000    7.500014329.2734   15.4201
   -7.5000   22.5000    7.500013696.7295   15.3854
    0.0000   22.5000    7.500013994.0947   15.3786
    7.5000   22.5000    7.500013081.5703   15.3971
   -7.5000   30.0000    7.500012324.2715   15.2283
    0.0000   30.0000    7.500012573.6035   15.2217
    7.5000   30.0000    7.500011764.7793   15.2354
   -7.5000   37.5000    7.500011377.6016   15.2923
    0.0000   37.5000    7.500011619.0664   15.2791
    7.5000   37.5000    7.500010896.7393   15.2851
   -7.5000   45.0000    7.500010089.1982   14.9634
    0.0000   45.0000    7.500010310.5469   14.9433
    7.5000   45.0000    7.5000 9698.4141   14.9450
   -7.5000  -45.0000   15.000011872.1172   15.5088
    0.0000  -45.0000   15.000012223.6572   15.4919
    7.5000  -45.0000   15.000011472.7588   15.4958
   -7.5000  -37.5000   15.000012565.8281   15.4711
    0.0000  -37.5000   15.000012937.4180   15.4578
    7.5000  -37.5000   15.000012010.7793   15.4684
   -7.5000  -30.0000   15.000014004.5635   15.4235
    0.0000  -30.0000   15.000014269.2529   15.4169
    7.5000  -30.0000   15.000013013.0938   15.4366
   -7.5000  -22.5000   15.000015082.9688   15.4160
    0.0000  -22.5000   15.000015383.2061   15.4113
    7.5000  -22.5000   15.000013951.9766   15.4322
   -7.5000  -15.0000   15.000015508.7979   15.4503
    0.0000  -15.0000   15.000015937.1416   15.4427
    7.5000  -15.0000   15.000014673.8877   15.4580
   -7.5000   -7.5000   15.000015868.4023   15.4954
    0.0000   -7.5000   15.000016368.8994   15.4823
    7.5000   -7.5000   15.000015255.5879   15.4898
   -7.5000    0.0000   15.000016455.7129   15.5088
    0.0000    0.0000   15.000016925.4805   15.4919
    7.5000    0.0000   15.000015764.5303   15.4958
   -7.5000    7.5000   15.000015571.4219   15.4711
    0.0000    7.5000   15.000015966.2422   15.4578
    7.5000    7.5000   15.000014887.8818   15.4684
   -7.5000   15.0000   15.000014477.4766   15.4235
    0.0000   15.0000   15.000014792.0830   15.4169
    7.5000   15.0000   15.000013828.2422   15.4366
   -7.5000   22.5000   15.000013207.8262   15.4089
    0.0000   22.5000   15.000013461.6670   15.4042
    7.5000   22.5000   15.000012575.0244   15.4251
   -7.5000   30.0000   15.000011854.9795   15.2504
    0.0000   30.0000   15.000012079.6260   15.2429
    7.5000   30.0000   15.000011277.4902   15.2579
   -7.5000   37.5000   15.000010931.8613   15.2949
    0.0000   37.5000   15.000011157.3740   15.2819
    7.5000   37.5000   15.000010450.4014   15.2894
   -7.5000   45.0000   15.0000 9676.8535   14.9491
    0.0000   45.0000   15.0000 9878.8838   14.9328
    7.5000   45.0000   15.0000 9295.4404   14.9367
   -7.5000  -45.0000   22.500011368.3027   15.4978
    0.0000  -45.0000   22.500011651.6162   15.4788
    7.5000  -45.0000   22.500010932.7793   15.4865
   -7.5000  -37.5000   22.500011978.3896   15.4521
    0.0000  -37.5000   22.500012268.2246   15.4383
    7.5000  -37.5000   22.500011431.1016   15.4520
   -7.5000  -30.0000   22.500013198.0303   15.4100
    0.0000  -30.0000   22.500013387.3574   15.4057
    7.5000  -30.0000   22.500012294.3652   15.4280
   -7.5000  -22.5000   22.500014181.1777   15.4177
    0.0000  -22.5000   22.500014433.0508   15.4165
    7.5000  -22.5000   22.500013159.3984   15.4399
   -7.5000  -15.0000   22.500014680.9082   15.4616
    0.0000  -15.0000   22.500015105.1016   15.4563
    7.5000  -15.0000   22.500013915.9492   15.4746
   -7.5000   -7.5000   22.500015147.6406   15.4995
    0.0000   -7.5000   22.500015611.7988   15.4860
    7.5000   -7.5000   22.500014514.5010   15.4970
   -7.5000    0.0000   22.500015656.6816   15.4978
    0.0000    0.0000   22.500016081.2627   15.4788
    7.5000    0.0000   22.500014969.8926   15.4865
   -7.5000    7.5000   22.500014704.7188   15.4521
    0.0000    7.5000   22.500015107.9775   15.4383
    7.5000    7.5000   22.500014110.8936   15.4520
   -7.5000   15.0000   22.500013644.0166   15.4100
    0.0000   15.0000   22.500013990.3184   15.4057
    7.5000   15.0000   22.500013103.0713   15.4280
   -7.5000   22.5000   22.500012443.3682   15.4106
    0.0000   22.5000   22.500012739.6279   15.4094
    7.5000   22.5000   22.500011953.7471   15.4328
   -7.5000   30.0000   22.500011195.3027   15.2615
    0.0000   30.0000   22.500011434.4746   15.2563
    7.5000   30.0000   22.500010734.8555   15.2743
   -7.5000   37.5000   22.500010348.9561   15.2989
    0.0000   37.5000   22.500010584.8184   15.2856
    7.5000   37.5000   22.5000 9962.0283   15.2964
   -7.5000   45.0000   22.5000 9200.5635   14.9385
    0.0000   45.0000   22.5000 9399.3408   14.9202
    7.5000   45.0000   22.5000 8859.7285   14.9277
   -7.5000  -45.0000   30.000010612.9365   15.5317
    0.0000  -45.0000   30.000010899.9131   15.5074
    7.5000  -45.0000   30.000010290.7754   15.5166
   -7.5000  -37.5000   30.000011126.6094   15.4777
    0.0000  -37.5000   30.000011438.9316   15.4575
    7.5000  -37.5000   30.000010756.4346   15.4716
   -7.5000  -30.0000   30.000012132.7715   15.4250
    0.0000  -30.0000   30.000012396.7744   15.4174
    7.5000  -30.0000   30.000011564.4883   15.4396
   -7.5000  -22.5000   30.000013004.4766   15.4301
    0.0000  -22.5000   30.000013298.2500   15.4305
    7.5000  -22.5000   30.000012372.8213   15.4548
   -7.5000  -15.0000   30.000013546.6836   15.4813
    0.0000  -15.0000   30.000013952.1846   15.4794
    7.5000  -15.0000   30.000013075.7461   15.4997
   -7.5000   -7.5000   30.000014068.4082   15.5302
    0.0000   -7.5000   30.000014508.2295   15.5161
    7.5000   -7.5000   30.000013654.4014   15.5294
   -7.5000    0.0000   30.000014485.6631   15.5317
    0.0000    0.0000   30.000014918.9844   15.5074
    7.5000    0.0000   30.000014041.3828   15.5166
   -7.5000    7.5000   30.000013617.1426   15.4777
    0.0000    7.5000   30.000014028.5918   15.4575
    7.5000    7.5000   30.000013212.7471   15.4716
   -7.5000   15.0000   30.000012693.3184   15.4250
    0.0000   15.0000   30.000013039.3213   15.4174
    7.5000   15.0000   30.000012281.8047   15.4396
   -7.5000   22.5000   30.000011653.9209   15.4230
    0.0000   22.5000   30.000011944.8809   15.4233
    7.5000   22.5000   30.000011247.4639   15.4477
   -7.5000   30.0000   30.000010529.8193   15.2810
    0.0000   30.0000   30.000010787.1650   15.2790
    7.5000   30.0000   30.000010150.7461   15.2991
   -7.5000   37.5000   30.0000 9750.8633   15.3292
    0.0000   37.5000   30.0000 9990.2383   15.3153
    7.5000   37.5000   30.0000 9423.1377   15.3284
   -7.5000   45.0000   30.0000 8670.4893   14.9713
    0.0000   45.0000   30.0000 8863.0850   14.9479
    7.5000   45.0000   30.0000 8371.0312   14.9568
   -7.5000  -45.0000   37.500010333.9219   15.7257
    0.0000  -45.0000   37.500010622.3691   15.6978
    7.5000  -45.0000   37.500010057.0596   15.7045
   -7.5000  -37.5000   37.500010816.4736   15.6724
    0.0000  -37.5000   37.500011126.3594   15.6456
    7.5000  -37.5000   37.500010535.4404   15.6568
   -7.5000  -30.0000   37.500011690.0469   15.6040
    0.0000  -30.0000   37.500012008.8047   15.5903
    7.5000  -30.0000   37.500011332.9414   15.6099
   -7.5000  -22.5000   37.500012457.7129   15.5915
    0.0000  -22.5000   37.500012802.9395   15.5899
    7.5000  -22.5000   37.500012094.3818   15.6124
   -7.5000  -15.0000   37.500013038.1396   15.6399
    0.0000  -15.0000   37.500013466.2256   15.6391
    7.5000  -15.0000   37.500012748.1250   15.6582
   -7.5000   -7.5000   37.500013606.6230   15.7056
    0.0000   -7.5000   37.500014048.1367   15.6917
    7.5000   -7.5000   37.500013343.0938   15.7033
   -7.5000    0.0000   37.500014027.4736   15.7257
    0.0000    0.0000   37.500014480.8467   15.6978
    7.5000    0.0000   37.500013728.9531   15.7045
   -7.5000    7.5000   37.500013241.1221   15.6724
    0.0000    7.5000   37.500013647.9707   15.6456
    7.5000    7.5000   37.500012921.6064   15.6568
   -7.5000   15.0000   37.500012361.2617   15.6040
    0.0000   15.0000   37.500012696.1934   15.5903
    7.5000   15.0000   37.500012022.6133   15.6099
   -7.5000   22.5000   37.500011360.8340   15.5843
    0.0000   22.5000   37.500011652.7607   15.5827
    7.5000   22.5000   37.500011012.3779   15.6053
   -7.5000   30.0000   37.500010250.9766   15.4375
    0.0000   30.0000   37.500010512.3682   15.4367
    7.5000   30.0000   37.5000 9938.5381   15.4555
   -7.5000   37.5000   37.5000 9499.1709   15.5023
    0.0000   37.5000   37.5000 9737.4746   15.4886
    7.5000   37.5000   37.5000 9231.0605   15.5001
   -7.5000   45.0000   37.5000 8447.5576   15.1584
    0.0000   45.0000   37.5000 8660.1836   15.1315
    7.5000   45.0000   37.5000 8207.4551   15.1380
   -7.5000  -45.0000   45.0000 9595.1885   15.8956
    0.0000  -45.0000   45.0000 9871.1533   15.8685
    7.5000  -45.0000   45.0000 9342.7520   15.8715
   -7.5000  -37.5000   45.000010049.0869   15.8485
    0.0000  -37.5000   45.000010344.5225   15.8207
    7.5000  -37.5000   45.0000 9804.0049   15.8287
   -7.5000  -30.0000   45.000010817.0947   15.7756
    0.0000  -30.0000   45.000011136.8701   15.7583
    7.5000  -30.0000   45.000010551.6895   15.7754
   -7.5000  -22.5000   45.000011487.9678   15.7515
    0.0000  -22.5000   45.000011819.8535   15.7453
    7.5000  -22.5000   45.000011220.9727   15.7653
   -7.5000  -15.0000   45.000012068.6953   15.7929
    0.0000  -15.0000   45.000012429.6201   15.7887
    7.5000  -15.0000   45.000011804.8975   15.8051
   -7.5000   -7.5000   45.000012660.9492   15.8639
    0.0000   -7.5000   45.000013051.1562   15.8495
    7.5000   -7.5000   45.000012400.2393   15.8579
   -7.5000    0.0000   45.000013095.2949   15.8956
    0.0000    0.0000   45.000013488.5439   15.8685
    7.5000    0.0000   45.000012828.7080   15.8715
   -7.5000    7.5000   45.000012350.1924   15.8485
    0.0000    7.5000   45.000012704.9941   15.8207
    7.5000    7.5000   45.000012078.3691   15.8287
   -7.5000   15.0000   45.000011520.4521   15.7756
    0.0000   15.0000   45.000011829.6338   15.7583
    7.5000   15.0000   45.000011234.2930   15.7754
   -7.5000   22.5000   45.000010583.2158   15.7442
    0.0000   22.5000   45.000010854.5898   15.7380
    7.5000   22.5000   45.000010286.1719   15.7580
   -7.5000   30.0000   45.0000 9520.4697   15.5871
    0.0000   30.0000   45.0000 9773.8877   15.5830
    7.5000   30.0000   45.0000 9265.2559   15.5992
   -7.5000   37.5000   45.0000 8843.6318   15.6573
    0.0000   37.5000   45.0000 9070.2305   15.6430
    7.5000   37.5000   45.0000 8597.2598   15.6513
   -7.5000   45.0000   45.0000 7857.3403   15.3291
    0.0000   45.0000   45.0000 8064.1006   15.3029
    7.5000   45.0000   45.0000 7647.8242   15.3060

---------------------------------------------------------------------
imgreg_4dfp /opt/freesurfer/average/711-2C_as_mni_average_305 /opt/freesurfer/average/711-2B_as_mni_average_305_mask talsrcimg_g11 none talsrcimg_to_711-2C_as_mni_average_305_t4 4355
---------------------------------------------------------------------

freesurfer imgreg_4dfp.c
/opt/freesurfer/average/711-2C_as_mni_average_305.4dfp.img
       256       256       256         1
  1.000000  1.000000  1.000000
orientation T byte_order littleendian
Reading image: /opt/freesurfer/average/711-2C_as_mni_average_305.4dfp.img
dimensions:      256       256       256
mmppix:       1.0000   -1.0000   -1.0000
center:     128.0000 -129.0000 -129.0000
/opt/freesurfer/average/711-2B_as_mni_average_305_mask.4dfp.img
       256       256       256         1
  1.000000  1.000000  1.000000
orientation T byte_order littleendian
Reading mask: /opt/freesurfer/average/711-2B_as_mni_average_305_mask.4dfp.img (2306576 pixels)
talsrcimg_g11.4dfp.img
       256       256       256         1
  1.000000  1.000000  1.000000
orientation T byte_order littleendian
Reading image: talsrcimg_g11.4dfp.img
dimensions:      256       256       256
mmppix:       1.0000   -1.0000   -1.0000
center:     128.0000 -129.0000 -129.0000
rotation matrix determinant  1.000000
image alignment mode   4355 decimal     1103 hex
   -7.5000  -45.0000  -45.0000 2059.7190   16.0294
    0.0000  -45.0000  -45.0000 2058.7642   16.1041
    7.5000  -45.0000  -45.0000 2040.0352   16.3269
   -7.5000  -37.5000  -45.0000 2127.4788   15.0307
    0.0000  -37.5000  -45.0000 2124.9968   15.0919
    7.5000  -37.5000  -45.0000 2093.0659   15.3345
   -7.5000  -30.0000  -45.0000 2174.5657   14.3009
    0.0000  -30.0000  -45.0000 2166.1562   14.3510
    7.5000  -30.0000  -45.0000 2131.0015   14.5980
   -7.5000  -22.5000  -45.0000 2182.5234   13.8215
    0.0000  -22.5000  -45.0000 2178.4395   13.8820
    7.5000  -22.5000  -45.0000 2146.3162   14.1611
   -7.5000  -15.0000  -45.0000 2180.5198   13.6514
    0.0000  -15.0000  -45.0000 2175.6333   13.7164
    7.5000  -15.0000  -45.0000 2141.7144   14.0360
   -7.5000   -7.5000  -45.0000 2163.4062   13.8341
    0.0000   -7.5000  -45.0000 2152.3618   13.9340
    7.5000   -7.5000  -45.0000 2115.7078   14.2668
   -7.5000    0.0000  -45.0000 2129.7139   14.2332
    0.0000    0.0000  -45.0000 2120.9170   14.3515
    7.5000    0.0000  -45.0000 2078.6792   14.6985
   -7.5000    7.5000  -45.0000 2080.5535   14.8657
    0.0000    7.5000  -45.0000 2071.3538   14.9847
    7.5000    7.5000  -45.0000 2030.1431   15.3897
   -7.5000   15.0000  -45.0000 2020.5992   15.8778
    0.0000   15.0000  -45.0000 2010.1708   16.0325
    7.5000   15.0000  -45.0000 1970.3320   16.4655
   -7.5000   22.5000  -45.0000 1944.8085   17.2780
    0.0000   22.5000  -45.0000 1933.0562   17.5394
    7.5000   22.5000  -45.0000 1895.2135   18.0220
   -7.5000   30.0000  -45.0000 1852.6559   19.2696
    0.0000   30.0000  -45.0000 1833.0968   19.5602
    7.5000   30.0000  -45.0000 1795.0850   20.1171
   -7.5000   37.5000  -45.0000 1745.5416   21.8956
    0.0000   37.5000  -45.0000 1728.5104   22.0800
    7.5000   37.5000  -45.0000 1692.1262   22.8131
   -7.5000   45.0000  -45.0000 1620.6753   25.5911
    0.0000   45.0000  -45.0000 1611.9249   25.5908
    7.5000   45.0000  -45.0000 1573.8279   26.5396
   -7.5000  -45.0000  -37.5000 2166.1047   14.7461
    0.0000  -45.0000  -37.5000 2162.4734   14.8030
    7.5000  -45.0000  -37.5000 2133.0188   15.0196
   -7.5000  -37.5000  -37.5000 2232.7161   13.8375
    0.0000  -37.5000  -37.5000 2226.2305   13.8684
    7.5000  -37.5000  -37.5000 2192.2100   14.1351
   -7.5000  -30.0000  -37.5000 2278.1167   13.1410
    0.0000  -30.0000  -37.5000 2267.3494   13.1742
    7.5000  -30.0000  -37.5000 2230.6538   13.4436
   -7.5000  -22.5000  -37.5000 2297.5205   12.7293
    0.0000  -22.5000  -37.5000 2286.9465   12.7678
    7.5000  -22.5000  -37.5000 2252.3933   13.0335
   -7.5000  -15.0000  -37.5000 2287.3699   12.6110
    0.0000  -15.0000  -37.5000 2281.3269   12.6249
    7.5000  -15.0000  -37.5000 2249.3516   12.9207
   -7.5000   -7.5000  -37.5000 2266.0723   12.6732
    0.0000   -7.5000  -37.5000 2259.0181   12.7709
    7.5000   -7.5000  -37.5000 2224.7964   13.0727
   -7.5000    0.0000  -37.5000 2237.2830   13.0151
    0.0000    0.0000  -37.5000 2227.0291   13.0843
    7.5000    0.0000  -37.5000 2185.0840   13.4322
   -7.5000    7.5000  -37.5000 2188.0220   13.5896
    0.0000    7.5000  -37.5000 2179.5876   13.6590
    7.5000    7.5000  -37.5000 2135.1890   13.9975
   -7.5000   15.0000  -37.5000 2126.1208   14.5465
    0.0000   15.0000  -37.5000 2113.9473   14.6513
    7.5000   15.0000  -37.5000 2068.5149   15.0416
   -7.5000   22.5000  -37.5000 2047.5054   15.8811
    0.0000   22.5000  -37.5000 2030.5895   16.0865
    7.5000   22.5000  -37.5000 1989.9438   16.4946
   -7.5000   30.0000  -37.5000 1944.1987   17.6256
    0.0000   30.0000  -37.5000 1925.5544   17.8649
    7.5000   30.0000  -37.5000 1882.5952   18.3130
   -7.5000   37.5000  -37.5000 1835.4142   19.9683
    0.0000   37.5000  -37.5000 1822.8513   20.1126
    7.5000   37.5000  -37.5000 1781.3398   20.6673
   -7.5000   45.0000  -37.5000 1704.0371   23.1947
    0.0000   45.0000  -37.5000 1691.7672   23.2354
    7.5000   45.0000  -37.5000 1659.8669   24.0506
   -7.5000  -45.0000  -30.0000 2298.8599   13.9647
    0.0000  -45.0000  -30.0000 2295.9236   14.0489
    7.5000  -45.0000  -30.0000 2255.5010   14.2724
   -7.5000  -37.5000  -30.0000 2367.1035   13.1141
    0.0000  -37.5000  -30.0000 2356.9607   13.1644
    7.5000  -37.5000  -30.0000 2318.5388   13.4188
   -7.5000  -30.0000  -30.0000 2415.7507   12.4593
    0.0000  -30.0000  -30.0000 2405.9978   12.4879
    7.5000  -30.0000  -30.0000 2367.7100   12.7764
   -7.5000  -22.5000  -30.0000 2446.4673   12.0892
    0.0000  -22.5000  -30.0000 2434.1865   12.1157
    7.5000  -22.5000  -30.0000 2393.3997   12.4013
   -7.5000  -15.0000  -30.0000 2439.8103   11.9683
    0.0000  -15.0000  -30.0000 2432.3958   11.9856
    7.5000  -15.0000  -30.0000 2392.4207   12.2793
   -7.5000   -7.5000  -30.0000 2423.1946   12.0254
    0.0000   -7.5000  -30.0000 2410.2551   12.0879
    7.5000   -7.5000  -30.0000 2369.7432   12.3777
   -7.5000    0.0000  -30.0000 2395.0122   12.3379
    0.0000    0.0000  -30.0000 2381.5728   12.3658
    7.5000    0.0000  -30.0000 2330.6072   12.6987
   -7.5000    7.5000  -30.0000 2340.7646   12.8829
    0.0000    7.5000  -30.0000 2331.2126   12.9361
    7.5000    7.5000  -30.0000 2280.0449   13.2728
   -7.5000   15.0000  -30.0000 2267.6392   13.8350
    0.0000   15.0000  -30.0000 2257.5872   13.9405
    7.5000   15.0000  -30.0000 2204.9644   14.2917
   -7.5000   22.5000  -30.0000 2181.1907   15.1256
    0.0000   22.5000  -30.0000 2168.2654   15.2836
    7.5000   22.5000  -30.0000 2116.9053   15.6642
   -7.5000   30.0000  -30.0000 2073.3789   16.7433
    0.0000   30.0000  -30.0000 2059.5537   16.9562
    7.5000   30.0000  -30.0000 2008.6387   17.3599
   -7.5000   37.5000  -30.0000 1953.7172   18.8894
    0.0000   37.5000  -30.0000 1938.1716   19.1065
    7.5000   37.5000  -30.0000 1889.7102   19.6323
   -7.5000   45.0000  -30.0000 1815.2900   21.8700
    0.0000   45.0000  -30.0000 1797.6216   22.0124
    7.5000   45.0000  -30.0000 1765.9878   22.7013
   -7.5000  -45.0000  -22.5000 2395.5767   13.1267
    0.0000  -45.0000  -22.5000 2394.9348   13.1779
    7.5000  -45.0000  -22.5000 2356.2495   13.4420
   -7.5000  -37.5000  -22.5000 2470.1819   12.2707
    0.0000  -37.5000  -22.5000 2463.9631   12.3297
    7.5000  -37.5000  -22.5000 2429.2185   12.5757
   -7.5000  -30.0000  -22.5000 2525.8171   11.6754
    0.0000  -30.0000  -22.5000 2516.2065   11.7131
    7.5000  -30.0000  -22.5000 2477.9092   11.9896
   -7.5000  -22.5000  -22.5000 2563.9500   11.3559
    0.0000  -22.5000  -22.5000 2550.9656   11.3744
    7.5000  -22.5000  -22.5000 2512.8079   11.6528
   -7.5000  -15.0000  -22.5000 2571.8755   11.2111
    0.0000  -15.0000  -22.5000 2559.4114   11.2324
    7.5000  -15.0000  -22.5000 2514.8855   11.5344
   -7.5000   -7.5000  -22.5000 2558.5894   11.2900
    0.0000   -7.5000  -22.5000 2545.6909   11.3355
    7.5000   -7.5000  -22.5000 2497.3274   11.6272
   -7.5000    0.0000  -22.5000 2528.1748   11.6045
    0.0000    0.0000  -22.5000 2512.7588   11.6014
    7.5000    0.0000  -22.5000 2457.7180   11.9133
   -7.5000    7.5000  -22.5000 2469.2778   12.1779
    0.0000    7.5000  -22.5000 2458.8914   12.1684
    7.5000    7.5000  -22.5000 2401.4700   12.4901
   -7.5000   15.0000  -22.5000 2390.1697   13.0572
    0.0000   15.0000  -22.5000 2376.6528   13.1327
    7.5000   15.0000  -22.5000 2321.7236   13.4741
   -7.5000   22.5000  -22.5000 2291.3132   14.2346
    0.0000   22.5000  -22.5000 2281.9500   14.3659
    7.5000   22.5000  -22.5000 2228.6313   14.7425
   -7.5000   30.0000  -22.5000 2180.5225   15.8165
    0.0000   30.0000  -22.5000 2167.0076   15.9740
    7.5000   30.0000  -22.5000 2114.4180   16.3479
   -7.5000   37.5000  -22.5000 2052.1575   17.8591
    0.0000   37.5000  -22.5000 2043.4711   18.0236
    7.5000   37.5000  -22.5000 1984.4568   18.5161
   -7.5000   45.0000  -22.5000 1901.8877   20.5067
    0.0000   45.0000  -22.5000 1887.0577   20.7203
    7.5000   45.0000  -22.5000 1845.2426   21.2633
   -7.5000  -45.0000  -15.0000 2473.2615   12.3201
    0.0000  -45.0000  -15.0000 2469.9148   12.3476
    7.5000  -45.0000  -15.0000 2431.8411   12.6245
   -7.5000  -37.5000  -15.0000 2554.2427   11.4717
    0.0000  -37.5000  -15.0000 2545.5322   11.5172
    7.5000  -37.5000  -15.0000 2505.8374   11.7976
   -7.5000  -30.0000  -15.0000 2613.3269   10.9310
    0.0000  -30.0000  -15.0000 2604.1914   10.9567
    7.5000  -30.0000  -15.0000 2560.2083   11.2292
   -7.5000  -22.5000  -15.0000 2660.1787   10.6345
    0.0000  -22.5000  -15.0000 2647.8232   10.6486
    7.5000  -22.5000  -15.0000 2602.9849   10.9175
   -7.5000  -15.0000  -15.0000 2673.8813   10.4999
    0.0000  -15.0000  -15.0000 2658.4771   10.5295
    7.5000  -15.0000  -15.0000 2609.2998   10.8217
   -7.5000   -7.5000  -15.0000 2673.2554   10.6148
    0.0000   -7.5000  -15.0000 2654.8408   10.6321
    7.5000   -7.5000  -15.0000 2595.4978   10.9247
   -7.5000    0.0000  -15.0000 2642.1523   10.9259
    0.0000    0.0000  -15.0000 2618.6865   10.9086
    7.5000    0.0000  -15.0000 2559.3069   11.2089
   -7.5000    7.5000  -15.0000 2573.3071   11.4999
    0.0000    7.5000  -15.0000 2555.5591   11.4787
    7.5000    7.5000  -15.0000 2498.6040   11.8082
   -7.5000   15.0000  -15.0000 2484.9583   12.3255
    0.0000   15.0000  -15.0000 2470.5540   12.3413
    7.5000   15.0000  -15.0000 2418.3579   12.7074
   -7.5000   22.5000  -15.0000 2383.9954   13.4588
    0.0000   22.5000  -15.0000 2370.0044   13.5203
    7.5000   22.5000  -15.0000 2318.1492   13.9010
   -7.5000   30.0000  -15.0000 2257.9924   14.9571
    0.0000   30.0000  -15.0000 2244.9541   15.0569
    7.5000   30.0000  -15.0000 2193.6431   15.4959
   -7.5000   37.5000  -15.0000 2115.7949   16.9539
    0.0000   37.5000  -15.0000 2107.7700   17.0063
    7.5000   37.5000  -15.0000 2054.6597   17.4772
   -7.5000   45.0000  -15.0000 1965.1810   19.4018
    0.0000   45.0000  -15.0000 1955.2791   19.5180
    7.5000   45.0000  -15.0000 1911.4535   19.9642
   -7.5000  -45.0000   -7.5000 2527.7983   11.6159
    0.0000  -45.0000   -7.5000 2527.3975   11.6239
    7.5000  -45.0000   -7.5000 2484.2021   11.9501
   -7.5000  -37.5000   -7.5000 2620.2656   10.8301
    0.0000  -37.5000   -7.5000 2618.2358   10.8334
    7.5000  -37.5000   -7.5000 2570.3645   11.1692
   -7.5000  -30.0000   -7.5000 2691.4170   10.2740
    0.0000  -30.0000   -7.5000 2678.9780   10.3052
    7.5000  -30.0000   -7.5000 2629.5273   10.5921
   -7.5000  -22.5000   -7.5000 2747.9741    9.9877
    0.0000  -22.5000   -7.5000 2731.0042   10.0059
    7.5000  -22.5000   -7.5000 2678.4998   10.2878
   -7.5000  -15.0000   -7.5000 2765.5122    9.8877
    0.0000  -15.0000   -7.5000 2750.3704    9.9163
    7.5000  -15.0000   -7.5000 2690.9258   10.2167
   -7.5000   -7.5000   -7.5000 2766.5208   10.0104
    0.0000   -7.5000   -7.5000 2748.1348   10.0240
    7.5000   -7.5000   -7.5000 2680.6428   10.3364
   -7.5000    0.0000   -7.5000 2730.7878   10.3243
    0.0000    0.0000   -7.5000 2708.9817   10.3142
    7.5000    0.0000   -7.5000 2646.1025   10.6242
   -7.5000    7.5000   -7.5000 2659.8169   10.8951
    0.0000    7.5000   -7.5000 2642.7627   10.8946
    7.5000    7.5000   -7.5000 2588.5437   11.2111
   -7.5000   15.0000   -7.5000 2564.1802   11.6772
    0.0000   15.0000   -7.5000 2550.5168   11.6964
    7.5000   15.0000   -7.5000 2501.1011   12.0640
   -7.5000   22.5000   -7.5000 2454.4006   12.7803
    0.0000   22.5000   -7.5000 2439.9014   12.8014
    7.5000   22.5000   -7.5000 2385.7979   13.2126
   -7.5000   30.0000   -7.5000 2315.3215   14.2494
    0.0000   30.0000   -7.5000 2300.6335   14.3003
    7.5000   30.0000   -7.5000 2252.9192   14.7283
   -7.5000   37.5000   -7.5000 2166.4312   16.1558
    0.0000   37.5000   -7.5000 2150.1284   16.1719
    7.5000   37.5000   -7.5000 2111.4373   16.6516
   -7.5000   45.0000   -7.5000 2000.7167   18.4861
    0.0000   45.0000   -7.5000 1995.0873   18.4984
    7.5000   45.0000   -7.5000 1956.7648   18.9913
   -7.5000  -45.0000    0.0000 2559.8088   11.1229
    0.0000  -45.0000    0.0000 2559.1130   11.1309
    7.5000  -45.0000    0.0000 2515.9956   11.5133
   -7.5000  -37.5000    0.0000 2674.6304   10.3637
    0.0000  -37.5000    0.0000 2668.7327   10.3803
    7.5000  -37.5000    0.0000 2611.4695   10.7330
   -7.5000  -30.0000    0.0000 2760.4736    9.8335
    0.0000  -30.0000    0.0000 2745.8433    9.8670
    7.5000  -30.0000    0.0000 2683.5898   10.2061
   -7.5000  -22.5000    0.0000 2819.4604    9.5450
    0.0000  -22.5000    0.0000 2804.4502    9.5745
    7.5000  -22.5000    0.0000 2735.2390    9.9051
   -7.5000  -15.0000    0.0000 2846.8306    9.4665
    0.0000  -15.0000    0.0000 2830.8711    9.5210
    7.5000  -15.0000    0.0000 2760.3044    9.8236
   -7.5000   -7.5000    0.0000 2851.4270    9.5820
    0.0000   -7.5000    0.0000 2825.9136    9.6231
    7.5000   -7.5000    0.0000 2752.4172    9.9383
   -7.5000    0.0000    0.0000 2803.8237    9.8734
    0.0000    0.0000    0.0000 2784.2661    9.8981
    7.5000    0.0000    0.0000 2721.1863   10.2312
   -7.5000    7.5000    0.0000 2722.8662   10.4212
    0.0000    7.5000    0.0000 2712.2847   10.4473
    7.5000    7.5000    0.0000 2659.4080   10.8057
   -7.5000   15.0000    0.0000 2618.1953   11.2111
    0.0000   15.0000    0.0000 2607.6680   11.2365
    7.5000   15.0000    0.0000 2557.7275   11.6374
   -7.5000   22.5000    0.0000 2499.3806   12.2887
    0.0000   22.5000    0.0000 2485.6101   12.3315
    7.5000   22.5000    0.0000 2432.0222   12.7612
   -7.5000   30.0000    0.0000 2358.7314   13.7171
    0.0000   30.0000    0.0000 2346.3652   13.7666
    7.5000   30.0000    0.0000 2293.6968   14.2090
   -7.5000   37.5000    0.0000 2205.0391   15.5405
    0.0000   37.5000    0.0000 2189.9392   15.5697
    7.5000   37.5000    0.0000 2143.7439   16.0547
   -7.5000   45.0000    0.0000 2031.9224   17.7544
    0.0000   45.0000    0.0000 2025.2350   17.7814
    7.5000   45.0000    0.0000 1981.0507   18.2698
   -7.5000  -45.0000    7.5000 2583.9570   10.8517
    0.0000  -45.0000    7.5000 2577.2234   10.8833
    7.5000  -45.0000    7.5000 2538.8162   11.2412
   -7.5000  -37.5000    7.5000 2701.7925   10.1270
    0.0000  -37.5000    7.5000 2697.5295   10.1447
    7.5000  -37.5000    7.5000 2643.9314   10.4734
   -7.5000  -30.0000    7.5000 2805.1082    9.7337
    0.0000  -30.0000    7.5000 2795.2461    9.7426
    7.5000  -30.0000    7.5000 2732.3201   10.0083
   -7.5000  -22.5000    7.5000 2883.7554    9.4196
    0.0000  -22.5000    7.5000 2865.8755    9.4753
    7.5000  -22.5000    7.5000 2786.6184    9.7658
   -7.5000  -15.0000    7.5000 2917.6785    9.2668
    0.0000  -15.0000    7.5000 2897.1025    9.3375
    7.5000  -15.0000    7.5000 2807.3923    9.6271
   -7.5000   -7.5000    7.5000 2908.9736    9.3191
    0.0000   -7.5000    7.5000 2892.1074    9.3751
    7.5000   -7.5000    7.5000 2807.8804    9.6965
   -7.5000    0.0000    7.5000 2859.4216    9.5892
    0.0000    0.0000    7.5000 2848.5271    9.6472
    7.5000    0.0000    7.5000 2771.6252   10.0009
   -7.5000    7.5000    7.5000 2768.7949   10.1594
    0.0000    7.5000    7.5000 2763.4446   10.2068
    7.5000    7.5000    7.5000 2701.6235   10.5567
   -7.5000   15.0000    7.5000 2653.4614   10.9797
    0.0000   15.0000    7.5000 2644.1865   11.0205
    7.5000   15.0000    7.5000 2596.3718   11.3858
   -7.5000   22.5000    7.5000 2533.9551   12.0381
    0.0000   22.5000    7.5000 2521.9019   12.0743
    7.5000   22.5000    7.5000 2469.7651   12.4732
   -7.5000   30.0000    7.5000 2390.6538   13.4001
    0.0000   30.0000    7.5000 2378.3401   13.4268
    7.5000   30.0000    7.5000 2323.9492   13.8574
   -7.5000   37.5000    7.5000 2228.7341   15.0911
    0.0000   37.5000    7.5000 2221.4390   15.1522
    7.5000   37.5000    7.5000 2169.2632   15.6307
   -7.5000   45.0000    7.5000 2049.9458   17.2354
    0.0000   45.0000    7.5000 2044.7670   17.3117
    7.5000   45.0000    7.5000 2003.2389   17.8178
   -7.5000  -45.0000   15.0000 2600.7603   10.8461
    0.0000  -45.0000   15.0000 2597.9746   10.8522
    7.5000  -45.0000   15.0000 2556.7024   11.2232
   -7.5000  -37.5000   15.0000 2714.2739   10.1341
    0.0000  -37.5000   15.0000 2709.5498   10.1440
    7.5000  -37.5000   15.0000 2660.4265   10.4323
   -7.5000  -30.0000   15.0000 2828.0498    9.7759
    0.0000  -30.0000   15.0000 2814.0044    9.7503
    7.5000  -30.0000   15.0000 2755.3247    9.9319
   -7.5000  -22.5000   15.0000 2919.8962    9.5668
    0.0000  -22.5000   15.0000 2895.4026    9.5581
    7.5000  -22.5000   15.0000 2811.9351    9.6962
   -7.5000  -15.0000   15.0000 2948.9470    9.2492
    0.0000  -15.0000   15.0000 2927.8433    9.3398
    7.5000  -15.0000   15.0000 2834.1226    9.6137
   -7.5000   -7.5000   15.0000 2930.6311    9.1858
    0.0000   -7.5000   15.0000 2915.4338    9.2909
    7.5000   -7.5000   15.0000 2833.2126    9.6606
   -7.5000    0.0000   15.0000 2878.3284    9.5124
    0.0000    0.0000   15.0000 2871.1023    9.5758
    7.5000    0.0000   15.0000 2796.0400    9.9052
   -7.5000    7.5000   15.0000 2791.9695   10.0971
    0.0000    7.5000   15.0000 2784.8804   10.1372
    7.5000    7.5000   15.0000 2721.2620   10.4513
   -7.5000   15.0000   15.0000 2670.1113   10.8869
    0.0000   15.0000   15.0000 2662.7095   10.8978
    7.5000   15.0000   15.0000 2614.0552   11.2370
   -7.5000   22.5000   15.0000 2541.3298   11.9180
    0.0000   22.5000   15.0000 2529.2273   11.9200
    7.5000   22.5000   15.0000 2480.2937   12.2788
   -7.5000   30.0000   15.0000 2394.4443   13.2256
    0.0000   30.0000   15.0000 2383.2268   13.2232
    7.5000   30.0000   15.0000 2329.9067   13.6231
   -7.5000   37.5000   15.0000 2230.8335   14.8964
    0.0000   37.5000   15.0000 2226.7991   14.9167
    7.5000   37.5000   15.0000 2178.3088   15.3477
   -7.5000   45.0000   15.0000 2053.0959   16.9465
    0.0000   45.0000   15.0000 2046.3566   16.9952
    7.5000   45.0000   15.0000 2006.4725   17.4881
   -7.5000  -45.0000   22.5000 2605.6050   11.0474
    0.0000  -45.0000   22.5000 2599.7759   11.0483
    7.5000  -45.0000   22.5000 2557.8721   11.3828
   -7.5000  -37.5000   22.5000 2721.3999   10.3052
    0.0000  -37.5000   22.5000 2710.1223   10.2997
    7.5000  -37.5000   22.5000 2662.9121   10.5576
   -7.5000  -30.0000   22.5000 2830.8354    9.8512
    0.0000  -30.0000   22.5000 2810.7595    9.8279
    7.5000  -30.0000   22.5000 2748.3843   10.0098
   -7.5000  -22.5000   22.5000 2916.8455    9.6203
    0.0000  -22.5000   22.5000 2886.0657    9.5797
    7.5000  -22.5000   22.5000 2806.6541    9.7536
   -7.5000  -15.0000   22.5000 2936.5259    9.3650
    0.0000  -15.0000   22.5000 2914.7263    9.4540
    7.5000  -15.0000   22.5000 2831.7786    9.7072
   -7.5000   -7.5000   22.5000 2923.0691    9.3548
    0.0000   -7.5000   22.5000 2903.2236    9.4477
    7.5000   -7.5000   22.5000 2822.6814    9.7435
   -7.5000    0.0000   22.5000 2864.6570    9.6673
    0.0000    0.0000   22.5000 2854.5217    9.7211
    7.5000    0.0000   22.5000 2780.4868    9.9872
   -7.5000    7.5000   22.5000 2774.3132   10.1525
    0.0000    7.5000   22.5000 2770.0691   10.1843
    7.5000    7.5000   22.5000 2711.7273   10.4708
   -7.5000   15.0000   22.5000 2658.9104   10.8635
    0.0000   15.0000   22.5000 2653.6494   10.8948
    7.5000   15.0000   22.5000 2602.1099   11.2173
   -7.5000   22.5000   22.5000 2529.5225   11.8351
    0.0000   22.5000   22.5000 2519.9082   11.8702
    7.5000   22.5000   22.5000 2473.2383   12.2157
   -7.5000   30.0000   22.5000 2384.6863   13.1364
    0.0000   30.0000   22.5000 2371.5344   13.1662
    7.5000   30.0000   22.5000 2321.5198   13.5866
   -7.5000   37.5000   22.5000 2219.7056   14.8226
    0.0000   37.5000   22.5000 2213.6467   14.8276
    7.5000   37.5000   22.5000 2172.1045   15.2664
   -7.5000   45.0000   22.5000 2042.6489   16.8620
    0.0000   45.0000   22.5000 2035.5964   16.8848
    7.5000   45.0000   22.5000 2002.6141   17.3225
   -7.5000  -45.0000   30.0000 2594.2629   11.2873
    0.0000  -45.0000   30.0000 2586.2498   11.3240
    7.5000  -45.0000   30.0000 2542.8579   11.6775
   -7.5000  -37.5000   30.0000 2704.8357   10.5302
    0.0000  -37.5000   30.0000 2691.6543   10.5559
    7.5000  -37.5000   30.0000 2645.1260   10.8265
   -7.5000  -30.0000   30.0000 2803.7278   10.0467
    0.0000  -30.0000   30.0000 2783.2498   10.0412
    7.5000  -30.0000   30.0000 2723.2234   10.2710
   -7.5000  -22.5000   30.0000 2874.6064    9.7255
    0.0000  -22.5000   30.0000 2848.5562    9.7535
    7.5000  -22.5000   30.0000 2780.0337    9.9945
   -7.5000  -15.0000   30.0000 2889.1990    9.5418
    0.0000  -15.0000   30.0000 2871.3052    9.6122
    7.5000  -15.0000   30.0000 2798.0781    9.8959
   -7.5000   -7.5000   30.0000 2874.7900    9.5768
    0.0000   -7.5000   30.0000 2861.1206    9.6376
    7.5000   -7.5000   30.0000 2789.8066    9.9490
   -7.5000    0.0000   30.0000 2818.3088    9.8745
    0.0000    0.0000   30.0000 2811.0520    9.8985
    7.5000    0.0000   30.0000 2744.2183   10.1858
   -7.5000    7.5000   30.0000 2728.9766   10.3710
    0.0000    7.5000   30.0000 2728.3088   10.3746
    7.5000    7.5000   30.0000 2672.8005   10.6462
   -7.5000   15.0000   30.0000 2623.3782   11.0398
    0.0000   15.0000   30.0000 2617.7002   11.0434
    7.5000   15.0000   30.0000 2567.8862   11.3575
   -7.5000   22.5000   30.0000 2502.6296   11.9520
    0.0000   22.5000   30.0000 2491.4961   11.9681
    7.5000   22.5000   30.0000 2443.4990   12.3600
   -7.5000   30.0000   30.0000 2356.9595   13.2580
    0.0000   30.0000   30.0000 2346.6912   13.2846
    7.5000   30.0000   30.0000 2302.7800   13.6845
   -7.5000   37.5000   30.0000 2189.9839   14.9009
    0.0000   37.5000   30.0000 2183.4971   14.9172
    7.5000   37.5000   30.0000 2148.0771   15.3306
   -7.5000   45.0000   30.0000 2024.4117   16.9540
    0.0000   45.0000   30.0000 2013.8938   16.9470
    7.5000   45.0000   30.0000 1980.6810   17.4353
   -7.5000  -45.0000   37.5000 2567.7056   11.6776
    0.0000  -45.0000   37.5000 2556.1299   11.7261
    7.5000  -45.0000   37.5000 2510.4617   12.1137
   -7.5000  -37.5000   37.5000 2679.0791   10.8717
    0.0000  -37.5000   37.5000 2662.3804   10.9098
    7.5000  -37.5000   37.5000 2613.0396   11.2513
   -7.5000  -30.0000   37.5000 2764.7952   10.3145
    0.0000  -30.0000   37.5000 2748.8379   10.3396
    7.5000  -30.0000   37.5000 2688.6233   10.6682
   -7.5000  -22.5000   37.5000 2823.1401    9.9533
    0.0000  -22.5000   37.5000 2803.1348   10.0222
    7.5000  -22.5000   37.5000 2740.1016   10.3471
   -7.5000  -15.0000   37.5000 2830.1997    9.8221
    0.0000  -15.0000   37.5000 2813.7456    9.9021
    7.5000  -15.0000   37.5000 2751.2749   10.2098
   -7.5000   -7.5000   37.5000 2807.7505    9.9051
    0.0000   -7.5000   37.5000 2796.7446    9.9470
    7.5000   -7.5000   37.5000 2734.1338   10.2744
   -7.5000    0.0000   37.5000 2753.2893   10.2384
    0.0000    0.0000   37.5000 2746.3220   10.2409
    7.5000    0.0000   37.5000 2684.6885   10.5463
   -7.5000    7.5000   37.5000 2669.3464   10.7415
    0.0000    7.5000   37.5000 2669.0662   10.7294
    7.5000    7.5000   37.5000 2615.9084   11.0003
   -7.5000   15.0000   37.5000 2567.5925   11.3950
    0.0000   15.0000   37.5000 2562.8516   11.3609
    7.5000   15.0000   37.5000 2516.8599   11.6738
   -7.5000   22.5000   37.5000 2456.7368   12.2887
    0.0000   22.5000   37.5000 2446.4297   12.2631
    7.5000   22.5000   37.5000 2403.2278   12.6367
   -7.5000   30.0000   37.5000 2315.1418   13.5401
    0.0000   30.0000   37.5000 2307.3035   13.5207
    7.5000   30.0000   37.5000 2263.8081   13.9363
   -7.5000   37.5000   37.5000 2151.4463   15.1817
    0.0000   37.5000   37.5000 2143.7332   15.1871
    7.5000   37.5000   37.5000 2107.0579   15.6067
   -7.5000   45.0000   37.5000 1987.5953   17.2483
    0.0000   45.0000   37.5000 1984.6195   17.2966
    7.5000   45.0000   37.5000 1952.7393   17.7888
   -7.5000  -45.0000   45.0000 2523.7039   12.1629
    0.0000  -45.0000   45.0000 2512.9541   12.2026
    7.5000  -45.0000   45.0000 2464.8879   12.6156
   -7.5000  -37.5000   45.0000 2630.1719   11.3416
    0.0000  -37.5000   45.0000 2614.9546   11.3734
    7.5000  -37.5000   45.0000 2566.0190   11.7570
   -7.5000  -30.0000   45.0000 2707.5518   10.7163
    0.0000  -30.0000   45.0000 2693.2168   10.7826
    7.5000  -30.0000   45.0000 2634.7161   11.1624
   -7.5000  -22.5000   45.0000 2756.7644   10.3708
    0.0000  -22.5000   45.0000 2738.2441   10.4545
    7.5000  -22.5000   45.0000 2675.0596   10.8179
   -7.5000  -15.0000   45.0000 2756.0188   10.2687
    0.0000  -15.0000   45.0000 2739.1523   10.3692
    7.5000  -15.0000   45.0000 2677.6096   10.6987
   -7.5000   -7.5000   45.0000 2727.4636   10.4165
    0.0000   -7.5000   45.0000 2716.2427   10.4615
    7.5000   -7.5000   45.0000 2658.4062   10.7878
   -7.5000    0.0000   45.0000 2670.8171   10.7651
    0.0000    0.0000   45.0000 2668.5793   10.7709
    7.5000    0.0000   45.0000 2615.0513   11.0867
   -7.5000    7.5000   45.0000 2594.5251   11.2194
    0.0000    7.5000   45.0000 2593.0659   11.1990
    7.5000    7.5000   45.0000 2548.9878   11.5155
   -7.5000   15.0000   45.0000 2504.2124   11.8082
    0.0000   15.0000   45.0000 2496.9524   11.8121
    7.5000   15.0000   45.0000 2457.2581   12.1620
   -7.5000   22.5000   45.0000 2397.6787   12.7212
    0.0000   22.5000   45.0000 2386.9175   12.7251
    7.5000   22.5000   45.0000 2340.0410   13.1316
   -7.5000   30.0000   45.0000 2250.6072   13.9827
    0.0000   30.0000   45.0000 2246.1477   13.9713
    7.5000   30.0000   45.0000 2200.9949   14.4038
   -7.5000   37.5000   45.0000 2097.7349   15.6708
    0.0000   37.5000   45.0000 2090.6135   15.6358
    7.5000   37.5000   45.0000 2057.9106   16.0917
   -7.5000   45.0000   45.0000 1946.0548   17.8413
    0.0000   45.0000   45.0000 1941.9921   17.8533
    7.5000   45.0000   45.0000 1917.1500   18.3465

---------------------------------------------------------------------
imgreg_4dfp /opt/freesurfer/average/711-2C_as_mni_average_305 /opt/freesurfer/average/711-2B_as_mni_average_305_mask talsrcimg_g11 none talsrcimg_to_711-2C_as_mni_average_305_t4 1283
---------------------------------------------------------------------

freesurfer imgreg_4dfp.c
/opt/freesurfer/average/711-2C_as_mni_average_305.4dfp.img
       256       256       256         1
  1.000000  1.000000  1.000000
orientation T byte_order littleendian
Reading image: /opt/freesurfer/average/711-2C_as_mni_average_305.4dfp.img
dimensions:      256       256       256
mmppix:       1.0000   -1.0000   -1.0000
center:     128.0000 -129.0000 -129.0000
/opt/freesurfer/average/711-2B_as_mni_average_305_mask.4dfp.img
       256       256       256         1
  1.000000  1.000000  1.000000
orientation T byte_order littleendian
Reading mask: /opt/freesurfer/average/711-2B_as_mni_average_305_mask.4dfp.img (2306576 pixels)
talsrcimg_g11.4dfp.img
       256       256       256         1
  1.000000  1.000000  1.000000
orientation T byte_order littleendian
Reading image: talsrcimg_g11.4dfp.img
dimensions:      256       256       256
mmppix:       1.0000   -1.0000   -1.0000
center:     128.0000 -129.0000 -129.0000
rotation matrix determinant  1.000000
fimgreg.f
image alignment mode   1283 decimal      503 hex
parameters
   -7.5000  -15.0000   15.0000    0.0000    0.0000    0.0000
eta,q 0.92745  9.25742
niter,ni,del,rscale     5    3   12.0000    1.2000
parameter  1 -0.515615 -> -0.500000 qaram    1.1500
parameter  4 -1.710169 -> -0.500000 qaram    1.1500
parameters
   -4.0500  -13.9302   15.4708    3.4500    1.7786   -0.9254
eta,q 0.93213  9.22351
  0.0924  0.0808  0.0786  0.0797  0.0752  0.0705
  0.0852  0.0763  0.0769  0.0764  0.0724  0.0689
  0.0797  0.0738  0.0751  0.0739  0.0696  0.0678
  0.0764  0.0729  0.0729  0.0721  0.0681  0.0680
  0.0734  0.0733  0.0720  0.0697  0.0680  0.0688
  0.0727  0.0741  0.0745  0.0678  0.0686  0.0704
  0.0761  0.0762  0.0785  0.0676  0.0701  0.0728
niter,ni,del,rscale     6    3   12.0000    1.2000
parameter  4 -0.708811 -> -0.500000 qaram    1.3225
parameters
   -5.1905  -14.7168   16.3537    7.4175    2.4019   -1.9019
eta,q 0.93428  9.16171
  0.0785  0.0703  0.0772  0.0752  0.0732  0.0689
  0.0710  0.0703  0.0734  0.0715  0.0701  0.0671
  0.0672  0.0693  0.0703  0.0694  0.0671  0.0659
  0.0679  0.0670  0.0678  0.0673  0.0658  0.0658
  0.0724  0.0675  0.0673  0.0660  0.0661  0.0667
  0.0786  0.0713  0.0698  0.0659  0.0681  0.0690
  0.0867  0.0739  0.0737  0.0659  0.0709  0.0719
niter,ni,del,rscale     6    3   12.0000    1.2000
parameter  2  0.713359 ->  0.500000 qaram    1.1500
parameter  4 -1.588943 -> -0.500000 qaram    1.5209
parameters
   -5.5647  -18.1668   17.3851   11.9801    2.3013   -2.2370
eta,q 0.94229  9.21651
  0.0812  0.0647  0.0757  0.0724  0.0671  0.0638
  0.0733  0.0636  0.0709  0.0702  0.0620  0.0608
  0.0673  0.0638  0.0661  0.0679  0.0585  0.0586
  0.0657  0.0656  0.0635  0.0631  0.0577  0.0577
  0.0696  0.0684  0.0634  0.0591  0.0594  0.0585
  0.0762  0.0718  0.0658  0.0573  0.0631  0.0615
  0.0840  0.0738  0.0701  0.0590  0.0671  0.0658
niter,ni,del,rscale     7    3   12.0000    1.2000
parameters
   -5.8051  -19.0626   17.6359   12.4936    2.0424   -2.2685
eta,q 0.94334  9.22787
  0.0783  0.0708  0.0682  0.0697  0.0657  0.0639
  0.0684  0.0617  0.0634  0.0662  0.0607  0.0607
  0.0608  0.0567  0.0587  0.0602  0.0574  0.0582
  0.0577  0.0578  0.0569  0.0570  0.0567  0.0567
  0.0615  0.0622  0.0581  0.0576  0.0584  0.0572
  0.0713  0.0697  0.0614  0.0627  0.0623  0.0603
  0.0808  0.0764  0.0670  0.0687  0.0668  0.0647
niter,ni,del,rscale     6    3   12.0000    1.2000
parameters
   -5.8698  -19.3791   17.7764   12.7258    1.8992   -2.2276
eta,q 0.94360  9.23104
  0.0788  0.0729  0.0681  0.0692  0.0658  0.0640
  0.0683  0.0639  0.0628  0.0654  0.0607  0.0607
  0.0595  0.0570  0.0579  0.0591  0.0573  0.0581
  0.0567  0.0567  0.0565  0.0565  0.0564  0.0564
  0.0598  0.0600  0.0580  0.0581  0.0580  0.0568
  0.0694  0.0670  0.0616  0.0632  0.0616  0.0600
  0.0793  0.0747  0.0673  0.0691  0.0664  0.0645
niter,ni,del,rscale     5    3   12.0000    1.2000
parameters
   -5.8833  -19.5147   17.8414   12.8344    1.8327   -2.1981
eta,q 0.94369  9.23239
  0.0791  0.0737  0.0680  0.0690  0.0659  0.0640
  0.0683  0.0645  0.0625  0.0651  0.0608  0.0607
  0.0591  0.0571  0.0576  0.0587  0.0573  0.0580
  0.0564  0.0564  0.0563  0.0564  0.0563  0.0563
  0.0594  0.0594  0.0581  0.0584  0.0578  0.0568
  0.0688  0.0661  0.0618  0.0635  0.0613  0.0601
  0.0789  0.0741  0.0675  0.0693  0.0661  0.0646
niter,ni,del,rscale     4    3   12.0000    1.2000
parameters
   -5.8859  -19.5761   17.8705   12.8869    1.8026   -2.1827
eta,q 0.94373  9.23303
  0.0791  0.0741  0.0679  0.0689  0.0660  0.0639
  0.0683  0.0648  0.0623  0.0650  0.0609  0.0607
  0.0590  0.0572  0.0574  0.0586  0.0573  0.0580
  0.0563  0.0563  0.0563  0.0563  0.0563  0.0563
  0.0593  0.0591  0.0581  0.0585  0.0577  0.0568
  0.0687  0.0658  0.0619  0.0636  0.0611  0.0601
  0.0788  0.0737  0.0676  0.0694  0.0660  0.0646
registration optimization eta report
parameter search radius
    6.9000    6.9000    6.0000    9.1253    6.0000    6.0000
100000*second partial in parameter space
       47.       37.       32.       15.       27.       22.
  0.0791  0.0741  0.0679  0.0689  0.0660  0.0639
  0.0683  0.0648  0.0623  0.0650  0.0609  0.0607
  0.0590  0.0572  0.0574  0.0586  0.0573  0.0580
  0.0563  0.0563  0.0563  0.0563  0.0563  0.0563
  0.0593  0.0591  0.0581  0.0585  0.0577  0.0568
  0.0687  0.0658  0.0619  0.0636  0.0611  0.0601
  0.0788  0.0737  0.0676  0.0694  0.0660  0.0646
   -5.8859  -19.5761   17.8705   12.8869    1.8026   -2.1827
eta,q 0.94373  9.23303

---------------------------------------------------------------------
imgreg_4dfp /opt/freesurfer/average/711-2C_as_mni_average_305 /opt/freesurfer/average/711-2B_as_mni_average_305_mask talsrcimg_g11 none talsrcimg_to_711-2C_as_mni_average_305_t4 3335
---------------------------------------------------------------------

freesurfer imgreg_4dfp.c
/opt/freesurfer/average/711-2C_as_mni_average_305.4dfp.img
       256       256       256         1
  1.000000  1.000000  1.000000
orientation T byte_order littleendian
Reading image: /opt/freesurfer/average/711-2C_as_mni_average_305.4dfp.img
dimensions:      256       256       256
mmppix:       1.0000   -1.0000   -1.0000
center:     128.0000 -129.0000 -129.0000
/opt/freesurfer/average/711-2B_as_mni_average_305_mask.4dfp.img
       256       256       256         1
  1.000000  1.000000  1.000000
orientation T byte_order littleendian
Reading mask: /opt/freesurfer/average/711-2B_as_mni_average_305_mask.4dfp.img (2306576 pixels)
talsrcimg_g11.4dfp.img
       256       256       256         1
  1.000000  1.000000  1.000000
orientation T byte_order littleendian
Reading image: talsrcimg_g11.4dfp.img
dimensions:      256       256       256
mmppix:       1.0000   -1.0000   -1.0000
center:     128.0000 -129.0000 -129.0000
fimgreg.f
image alignment mode   3335 decimal      D07 hex
parameters
   -5.8859  -19.5761   17.8705   -0.1220   -2.5628   -2.5670
    3.0116   -3.9135   -3.8067  -22.1698    3.1455   22.2917
eta,q 0.94376  9.29247
niter,ni,del,rscale     5    3    5.0000    1.2000
parameter  4  2.498514 ->  0.500000 qaram    1.1500
parameter  5  3.356682 ->  0.500000 qaram    1.1500
parameter  6  0.947515 ->  0.500000 qaram    1.1500
parameters
   -5.8480  -20.1465   18.0307   -4.2620   -6.7028   -6.7070
    1.4050   -1.6305   -4.3006  -22.0080    3.8813   18.8848
eta,q 0.95911  9.08887
  0.0592  0.0572  0.0584  0.0483  0.0429  0.0413  0.0443  0.0501  0.0436  0.0462  0.0435  0.0415
  0.0577  0.0564  0.0572  0.0502  0.0443  0.0420  0.0427  0.0467  0.0423  0.0437  0.0424  0.0410
  0.0567  0.0561  0.0565  0.0528  0.0471  0.0431  0.0420  0.0438  0.0415  0.0420  0.0417  0.0409
  0.0562  0.0562  0.0561  0.0561  0.0508  0.0449  0.0422  0.0420  0.0414  0.0414  0.0414  0.0414
  0.0565  0.0567  0.0562  0.0600  0.0545  0.0481  0.0433  0.0414  0.0418  0.0419  0.0414  0.0423
  0.0574  0.0576  0.0568  0.0639  0.0581  0.0523  0.0450  0.0421  0.0428  0.0436  0.0419  0.0437
  0.0592  0.0588  0.0579  0.0680  0.0615  0.0572  0.0472  0.0440  0.0443  0.0457  0.0428  0.0454
niter,ni,del,rscale     7    3    5.0000    1.2000
parameter  4  0.789481 ->  0.500000 qaram    1.3225
parameter  5  0.575184 ->  0.500000 qaram    1.3225
parameters
   -5.8977  -19.5597   17.9749   -9.0230  -11.4638   -9.9540
    3.2778   -2.0396   -3.7644  -21.0244    4.0954   18.7838
eta,q 0.96362  8.62744
  0.0450  0.0460  0.0429  0.0383  0.0377  0.0374  0.0407  0.0402  0.0382  0.0404  0.0379  0.0380
  0.0426  0.0436  0.0416  0.0381  0.0372  0.0368  0.0389  0.0379  0.0373  0.0384  0.0371  0.0372
  0.0413  0.0418  0.0409  0.0388  0.0371  0.0368  0.0376  0.0366  0.0367  0.0370  0.0366  0.0366
  0.0409  0.0409  0.0407  0.0407  0.0382  0.0371  0.0367  0.0365  0.0364  0.0364  0.0364  0.0364
  0.0415  0.0407  0.0410  0.0437  0.0411  0.0378  0.0365  0.0372  0.0365  0.0365  0.0365  0.0366
  0.0429  0.0413  0.0418  0.0477  0.0453  0.0397  0.0369  0.0387  0.0369  0.0373  0.0370  0.0372
  0.0452  0.0426  0.0431  0.0522  0.0495  0.0433  0.0381  0.0409  0.0378  0.0386  0.0377  0.0381
niter,ni,del,rscale     7    3    5.0000    1.2000
parameters
   -5.8200  -18.7123   17.3885  -13.0314  -13.9920  -12.5007
    2.7793   -2.1081   -5.1480  -17.6516    4.4870   18.7218
eta,q 0.96537  8.13963
  0.0403  0.0409  0.0371  0.0361  0.0368  0.0366  0.0373  0.0392  0.0358  0.0394  0.0363  0.0360
  0.0383  0.0388  0.0363  0.0356  0.0362  0.0356  0.0362  0.0370  0.0355  0.0376  0.0354  0.0353
  0.0369  0.0373  0.0359  0.0356  0.0357  0.0353  0.0354  0.0357  0.0353  0.0363  0.0349  0.0348
  0.0364  0.0364  0.0360  0.0359  0.0356  0.0357  0.0353  0.0353  0.0353  0.0352  0.0346  0.0346
  0.0366  0.0360  0.0366  0.0368  0.0361  0.0366  0.0357  0.0359  0.0355  0.0347  0.0348  0.0348
  0.0378  0.0363  0.0376  0.0391  0.0379  0.0375  0.0366  0.0372  0.0359  0.0348  0.0352  0.0353
  0.0399  0.0372  0.0390  0.0428  0.0417  0.0388  0.0380  0.0392  0.0366  0.0354  0.0360  0.0361
niter,ni,del,rscale     6    3    5.0000    1.2000
parameter  5  0.507954 ->  0.500000 qaram    1.5209
parameters
   -5.9452  -17.5186   16.9807  -16.6390  -19.4672  -13.0445
    2.1191   -1.9402   -5.9493  -14.9145    4.4601   16.8665
eta,q 0.96770  7.62666
  0.0379  0.0394  0.0354  0.0348  0.0332  0.0354  0.0351  0.0379  0.0340  0.0372  0.0339  0.0329
  0.0360  0.0373  0.0345  0.0335  0.0328  0.0338  0.0337  0.0352  0.0332  0.0350  0.0331  0.0325
  0.0349  0.0357  0.0341  0.0333  0.0328  0.0329  0.0329  0.0333  0.0328  0.0335  0.0326  0.0323
  0.0346  0.0346  0.0341  0.0340  0.0332  0.0327  0.0327  0.0327  0.0327  0.0327  0.0324  0.0324
  0.0352  0.0341  0.0346  0.0352  0.0343  0.0333  0.0332  0.0333  0.0330  0.0324  0.0326  0.0327
  0.0365  0.0342  0.0355  0.0364  0.0357  0.0345  0.0345  0.0349  0.0337  0.0326  0.0331  0.0331
  0.0386  0.0346  0.0367  0.0381  0.0379  0.0361  0.0361  0.0373  0.0348  0.0332  0.0339  0.0337
niter,ni,del,rscale     6    3    5.0000    1.2000
parameter  2 -0.979745 -> -0.500000 qaram    1.1500
parameters
   -5.9147  -16.1386   16.9745  -17.0533  -21.5912  -12.8897
    2.3679   -1.9242   -5.4877  -12.7548    4.0529   15.2181
eta,q 0.96967  7.48101
  0.0362  0.0380  0.0324  0.0346  0.0327  0.0338  0.0336  0.0356  0.0327  0.0352  0.0318  0.0309
  0.0341  0.0358  0.0315  0.0326  0.0313  0.0321  0.0321  0.0329  0.0316  0.0330  0.0310  0.0305
  0.0328  0.0338  0.0309  0.0312  0.0307  0.0310  0.0310  0.0312  0.0309  0.0314  0.0305  0.0303
  0.0323  0.0323  0.0307  0.0307  0.0307  0.0306  0.0306  0.0306  0.0306  0.0306  0.0304  0.0304
  0.0327  0.0312  0.0309  0.0315  0.0315  0.0310  0.0309  0.0313  0.0307  0.0304  0.0306  0.0307
  0.0340  0.0306  0.0315  0.0332  0.0331  0.0320  0.0318  0.0330  0.0313  0.0308  0.0312  0.0311
  0.0360  0.0305  0.0324  0.0352  0.0353  0.0335  0.0333  0.0355  0.0323  0.0317  0.0321  0.0317
niter,ni,del,rscale     6    3    5.0000    1.2000
parameter  2 -0.576842 -> -0.500000 qaram    1.3225
parameters
   -5.9126  -14.5516   16.6488  -17.4160  -22.7715  -13.4309
    2.2018   -1.8194   -5.3437  -10.9679    3.8364   13.8693
eta,q 0.97089  7.36826
  0.0340  0.0363  0.0305  0.0333  0.0325  0.0321  0.0320  0.0343  0.0313  0.0340  0.0306  0.0298
  0.0320  0.0338  0.0298  0.0312  0.0306  0.0305  0.0305  0.0316  0.0302  0.0317  0.0298  0.0293
  0.0308  0.0318  0.0294  0.0298  0.0296  0.0295  0.0296  0.0299  0.0295  0.0301  0.0293  0.0291
  0.0303  0.0303  0.0294  0.0294  0.0293  0.0293  0.0293  0.0293  0.0293  0.0293  0.0292  0.0292
  0.0307  0.0295  0.0297  0.0301  0.0301  0.0299  0.0297  0.0299  0.0295  0.0292  0.0294  0.0294
  0.0320  0.0294  0.0304  0.0317  0.0318  0.0311  0.0307  0.0315  0.0301  0.0298  0.0299  0.0299
  0.0340  0.0299  0.0314  0.0338  0.0341  0.0328  0.0322  0.0340  0.0312  0.0308  0.0307  0.0305
niter,ni,del,rscale     6    3    5.0000    1.2000
parameters
   -5.8452  -14.0447   16.4274  -17.3857  -22.7676  -13.7295
    2.0939   -1.6873   -5.4133  -10.0963    3.8512   13.4552
eta,q 0.97101  7.35374
  0.0328  0.0341  0.0303  0.0332  0.0330  0.0320  0.0317  0.0340  0.0309  0.0328  0.0305  0.0300
  0.0308  0.0316  0.0295  0.0311  0.0310  0.0303  0.0303  0.0314  0.0298  0.0307  0.0297  0.0294
  0.0296  0.0299  0.0291  0.0296  0.0296  0.0293  0.0293  0.0296  0.0292  0.0295  0.0292  0.0291
  0.0291  0.0291  0.0290  0.0290  0.0290  0.0290  0.0290  0.0290  0.0290  0.0290  0.0290  0.0290
  0.0294  0.0292  0.0293  0.0296  0.0294  0.0296  0.0294  0.0295  0.0292  0.0292  0.0292  0.0292
  0.0306  0.0301  0.0300  0.0311  0.0308  0.0307  0.0304  0.0312  0.0299  0.0300  0.0297  0.0296
  0.0324  0.0317  0.0309  0.0332  0.0331  0.0323  0.0319  0.0336  0.0310  0.0311  0.0305  0.0302
niter,ni,del,rscale     5    3    5.0000    1.2000
parameters
   -5.8018  -13.8112   16.2852  -17.3782  -22.7595  -13.9667
    2.0659   -1.6209   -5.5105   -9.6739    3.8848   13.3046
eta,q 0.97101  7.34500
  0.0326  0.0333  0.0304  0.0332  0.0329  0.0320  0.0318  0.0339  0.0309  0.0322  0.0305  0.0301
  0.0307  0.0310  0.0296  0.0311  0.0309  0.0303  0.0303  0.0312  0.0298  0.0304  0.0297  0.0295
  0.0294  0.0295  0.0291  0.0296  0.0295  0.0293  0.0293  0.0296  0.0292  0.0293  0.0292  0.0291
  0.0290  0.0290  0.0290  0.0290  0.0290  0.0290  0.0290  0.0290  0.0290  0.0290  0.0290  0.0290
  0.0293  0.0293  0.0293  0.0295  0.0293  0.0295  0.0293  0.0295  0.0292  0.0293  0.0292  0.0292
  0.0305  0.0304  0.0299  0.0311  0.0307  0.0306  0.0303  0.0312  0.0299  0.0302  0.0297  0.0295
  0.0324  0.0321  0.0307  0.0332  0.0331  0.0322  0.0318  0.0336  0.0309  0.0313  0.0305  0.0301
niter,ni,del,rscale     4    3    5.0000    1.2000
parameters
   -5.7816  -13.6888   16.1962  -17.3677  -22.7668  -14.1198
    2.0646   -1.5912   -5.5811   -9.4507    3.9181   13.2572
eta,q 0.97100  7.33974
  0.0325  0.0329  0.0305  0.0332  0.0329  0.0320  0.0318  0.0338  0.0309  0.0320  0.0305  0.0301
  0.0306  0.0308  0.0296  0.0311  0.0309  0.0304  0.0303  0.0312  0.0298  0.0302  0.0297  0.0295
  0.0294  0.0294  0.0291  0.0296  0.0295  0.0293  0.0293  0.0295  0.0292  0.0292  0.0292  0.0291
  0.0290  0.0290  0.0290  0.0290  0.0290  0.0290  0.0290  0.0290  0.0290  0.0290  0.0290  0.0290
  0.0294  0.0294  0.0292  0.0295  0.0293  0.0295  0.0293  0.0296  0.0292  0.0294  0.0292  0.0291
  0.0305  0.0305  0.0298  0.0311  0.0307  0.0306  0.0303  0.0312  0.0299  0.0302  0.0297  0.0295
  0.0324  0.0323  0.0307  0.0332  0.0331  0.0321  0.0318  0.0337  0.0309  0.0314  0.0305  0.0301
niter,ni,del,rscale     3    3    5.0000    1.2000
parameters
   -5.7727  -13.6187   16.1451  -17.3583  -22.7849  -14.2141
    2.0702   -1.5820   -5.6206   -9.3298    3.9430   13.2352
eta,q 0.97100  7.33621
  0.0325  0.0328  0.0305  0.0332  0.0329  0.0320  0.0318  0.0338  0.0309  0.0319  0.0305  0.0301
  0.0306  0.0307  0.0297  0.0311  0.0309  0.0304  0.0303  0.0312  0.0298  0.0302  0.0297  0.0295
  0.0294  0.0294  0.0291  0.0296  0.0295  0.0293  0.0293  0.0295  0.0292  0.0292  0.0292  0.0291
  0.0290  0.0290  0.0290  0.0290  0.0290  0.0290  0.0290  0.0290  0.0290  0.0290  0.0290  0.0290
  0.0294  0.0294  0.0292  0.0296  0.0293  0.0295  0.0293  0.0296  0.0292  0.0294  0.0292  0.0292
  0.0305  0.0306  0.0298  0.0311  0.0307  0.0306  0.0303  0.0312  0.0299  0.0303  0.0297  0.0295
  0.0324  0.0323  0.0306  0.0332  0.0331  0.0321  0.0318  0.0337  0.0309  0.0315  0.0305  0.0301
niter,ni,del,rscale     2    3    5.0000    1.2000
parameters
   -5.7707  -13.5799   16.1140  -17.3529  -22.7896  -14.2716
    2.0778   -1.5759   -5.6497   -9.2561    3.9544   13.2223
eta,q 0.97100  7.33436
  0.0324  0.0327  0.0305  0.0332  0.0329  0.0321  0.0318  0.0338  0.0309  0.0318  0.0305  0.0301
  0.0306  0.0306  0.0297  0.0311  0.0309  0.0304  0.0303  0.0312  0.0298  0.0301  0.0297  0.0295
  0.0294  0.0294  0.0292  0.0296  0.0295  0.0293  0.0293  0.0295  0.0292  0.0292  0.0292  0.0291
  0.0290  0.0290  0.0290  0.0290  0.0290  0.0290  0.0290  0.0290  0.0290  0.0290  0.0290  0.0290
  0.0294  0.0294  0.0292  0.0296  0.0293  0.0295  0.0293  0.0296  0.0292  0.0294  0.0292  0.0292
  0.0305  0.0306  0.0298  0.0311  0.0307  0.0306  0.0303  0.0313  0.0299  0.0303  0.0297  0.0295
  0.0324  0.0324  0.0306  0.0332  0.0331  0.0321  0.0318  0.0337  0.0309  0.0315  0.0305  0.0301
niter,ni,del,rscale     1    3    5.0000    1.2000
parameters
   -5.7690  -13.5552   16.0942  -17.3468  -22.8021  -14.3069
    2.0822   -1.5739   -5.6670   -9.2128    3.9709   13.2201
eta,q 0.97099  7.33302
  0.0324  0.0327  0.0306  0.0332  0.0329  0.0321  0.0318  0.0338  0.0309  0.0318  0.0305  0.0301
  0.0306  0.0306  0.0297  0.0311  0.0309  0.0304  0.0303  0.0312  0.0298  0.0301  0.0297  0.0295
  0.0294  0.0294  0.0292  0.0296  0.0295  0.0294  0.0293  0.0295  0.0292  0.0292  0.0292  0.0291
  0.0290  0.0290  0.0290  0.0290  0.0290  0.0290  0.0290  0.0290  0.0290  0.0290  0.0290  0.0290
  0.0294  0.0295  0.0292  0.0296  0.0293  0.0295  0.0293  0.0296  0.0292  0.0294  0.0292  0.0292
  0.0305  0.0306  0.0298  0.0311  0.0307  0.0306  0.0303  0.0313  0.0299  0.0303  0.0297  0.0295
  0.0324  0.0324  0.0306  0.0332  0.0331  0.0321  0.0318  0.0337  0.0309  0.0315  0.0305  0.0301
registration optimization eta report
parameter search radius
    2.4000    3.1740    2.4000    9.5220   10.9503    8.2800
    7.2000    7.2000    7.2000    7.2000    7.2000    7.2000
100000*second partial in parameter space
       59.       35.       27.        5.        3.        4.
        5.        9.        4.        5.        3.        2.
  0.0324  0.0327  0.0306  0.0332  0.0329  0.0321  0.0318  0.0338  0.0309  0.0318  0.0305  0.0301
  0.0306  0.0306  0.0297  0.0311  0.0309  0.0304  0.0303  0.0312  0.0298  0.0301  0.0297  0.0295
  0.0294  0.0294  0.0292  0.0296  0.0295  0.0294  0.0293  0.0295  0.0292  0.0292  0.0292  0.0291
  0.0290  0.0290  0.0290  0.0290  0.0290  0.0290  0.0290  0.0290  0.0290  0.0290  0.0290  0.0290
  0.0294  0.0295  0.0292  0.0296  0.0293  0.0295  0.0293  0.0296  0.0292  0.0294  0.0292  0.0292
  0.0305  0.0306  0.0298  0.0311  0.0307  0.0306  0.0303  0.0313  0.0299  0.0303  0.0297  0.0295
  0.0324  0.0324  0.0306  0.0332  0.0331  0.0321  0.0318  0.0337  0.0309  0.0315  0.0305  0.0301
   -5.7690  -13.5552   16.0942  -17.3468  -22.8021  -14.3069
    2.0822   -1.5739   -5.6670   -9.2128    3.9709   13.2201
eta,q 0.97099  7.33302

---------------------------------------------------------------------
imgreg_4dfp /opt/freesurfer/average/711-2C_as_mni_average_305 /opt/freesurfer/average/711-2B_as_mni_average_305_mask talsrcimg_g11 none talsrcimg_to_711-2C_as_mni_average_305_t4 2311
---------------------------------------------------------------------

freesurfer imgreg_4dfp.c
/opt/freesurfer/average/711-2C_as_mni_average_305.4dfp.img
       256       256       256         1
  1.000000  1.000000  1.000000
orientation T byte_order littleendian
Reading image: /opt/freesurfer/average/711-2C_as_mni_average_305.4dfp.img
dimensions:      256       256       256
mmppix:       1.0000   -1.0000   -1.0000
center:     128.0000 -129.0000 -129.0000
/opt/freesurfer/average/711-2B_as_mni_average_305_mask.4dfp.img
       256       256       256         1
  1.000000  1.000000  1.000000
orientation T byte_order littleendian
Reading mask: /opt/freesurfer/average/711-2B_as_mni_average_305_mask.4dfp.img (2306576 pixels)
talsrcimg_g11.4dfp.img
       256       256       256         1
  1.000000  1.000000  1.000000
orientation T byte_order littleendian
Reading image: talsrcimg_g11.4dfp.img
dimensions:      256       256       256
mmppix:       1.0000   -1.0000   -1.0000
center:     128.0000 -129.0000 -129.0000
fimgreg.f
image alignment mode   2311 decimal      907 hex
parameters
   -5.7690  -13.5552   16.0942  -17.3468  -22.8021  -14.3069
    2.0822   -1.5739   -5.6670   -9.2128    3.9709   13.2201
eta,q 0.97099  7.33303
niter,ni,del,rscale     5    3    5.0000    0.8000
parameters
   -5.7669  -13.6168   16.0872  -17.3143  -22.3449  -14.4263
    2.1244   -1.6084   -5.7262   -9.5357    3.9683   13.2698
eta,q 0.97102  7.34667
  0.0306  0.0299  0.0297  0.0303  0.0299  0.0301  0.0303  0.0312  0.0298  0.0301  0.0297  0.0295
  0.0297  0.0294  0.0293  0.0296  0.0294  0.0295  0.0296  0.0300  0.0294  0.0294  0.0293  0.0292
  0.0292  0.0291  0.0291  0.0292  0.0291  0.0291  0.0292  0.0292  0.0291  0.0290  0.0290  0.0290
  0.0290  0.0290  0.0290  0.0290  0.0290  0.0290  0.0290  0.0290  0.0290  0.0290  0.0290  0.0290
  0.0292  0.0291  0.0291  0.0291  0.0290  0.0292  0.0291  0.0293  0.0291  0.0292  0.0291  0.0290
  0.0297  0.0295  0.0293  0.0296  0.0292  0.0296  0.0296  0.0300  0.0294  0.0297  0.0293  0.0292
  0.0305  0.0300  0.0297  0.0303  0.0296  0.0302  0.0303  0.0312  0.0299  0.0303  0.0297  0.0295
niter,ni,del,rscale     4    3    5.0000    0.7000
parameters
   -5.7819  -13.7067   16.0868  -17.2994  -22.3151  -14.3794
    2.1559   -1.6391   -5.6963   -9.7069    3.9554   13.3536
eta,q 0.97103  7.35011
  0.0301  0.0296  0.0295  0.0300  0.0296  0.0299  0.0300  0.0307  0.0296  0.0299  0.0295  0.0294
  0.0295  0.0292  0.0292  0.0294  0.0293  0.0294  0.0294  0.0297  0.0293  0.0293  0.0292  0.0292
  0.0291  0.0290  0.0290  0.0291  0.0290  0.0291  0.0291  0.0291  0.0290  0.0290  0.0290  0.0290
  0.0290  0.0290  0.0290  0.0290  0.0290  0.0290  0.0290  0.0290  0.0290  0.0290  0.0290  0.0290
  0.0291  0.0291  0.0290  0.0291  0.0290  0.0291  0.0291  0.0292  0.0290  0.0291  0.0290  0.0290
  0.0295  0.0294  0.0292  0.0294  0.0292  0.0294  0.0294  0.0298  0.0293  0.0295  0.0292  0.0291
  0.0302  0.0298  0.0295  0.0300  0.0296  0.0298  0.0300  0.0307  0.0296  0.0300  0.0295  0.0294
niter,ni,del,rscale     3    3    5.0000    0.6000
parameters
   -5.7922  -13.7497   16.1089  -17.2975  -22.2942  -14.3471
    2.1606   -1.6592   -5.6869   -9.8181    3.9500   13.3596
eta,q 0.97104  7.35192
  0.0298  0.0295  0.0294  0.0297  0.0294  0.0297  0.0297  0.0302  0.0295  0.0296  0.0294  0.0293
  0.0293  0.0292  0.0292  0.0293  0.0292  0.0293  0.0293  0.0295  0.0292  0.0292  0.0291  0.0291
  0.0291  0.0290  0.0290  0.0291  0.0290  0.0290  0.0290  0.0291  0.0290  0.0290  0.0290  0.0290
  0.0290  0.0290  0.0290  0.0290  0.0290  0.0290  0.0290  0.0290  0.0290  0.0290  0.0290  0.0290
  0.0291  0.0290  0.0290  0.0290  0.0290  0.0290  0.0290  0.0291  0.0290  0.0291  0.0290  0.0290
  0.0294  0.0292  0.0291  0.0293  0.0292  0.0293  0.0293  0.0295  0.0292  0.0293  0.0291  0.0291
  0.0299  0.0295  0.0294  0.0297  0.0294  0.0296  0.0297  0.0303  0.0294  0.0297  0.0294  0.0293
niter,ni,del,rscale     2    3    5.0000    0.5000
parameters
   -5.7956  -13.7776   16.1217  -17.2814  -22.2672  -14.3287
    2.1638   -1.6621   -5.6664   -9.8961    3.9266   13.3650
eta,q 0.97104  7.35405
  0.0296  0.0293  0.0293  0.0295  0.0293  0.0295  0.0295  0.0299  0.0293  0.0294  0.0292  0.0292
  0.0292  0.0291  0.0291  0.0292  0.0291  0.0292  0.0292  0.0294  0.0291  0.0292  0.0291  0.0291
  0.0290  0.0290  0.0290  0.0290  0.0290  0.0290  0.0290  0.0291  0.0290  0.0290  0.0290  0.0290
  0.0290  0.0290  0.0290  0.0290  0.0290  0.0290  0.0290  0.0290  0.0290  0.0290  0.0290  0.0290
  0.0290  0.0290  0.0290  0.0290  0.0290  0.0290  0.0290  0.0291  0.0290  0.0290  0.0290  0.0290
  0.0292  0.0291  0.0291  0.0292  0.0291  0.0292  0.0292  0.0294  0.0291  0.0292  0.0291  0.0291
  0.0296  0.0294  0.0292  0.0295  0.0293  0.0294  0.0295  0.0299  0.0293  0.0295  0.0292  0.0292
niter,ni,del,rscale     1    3    5.0000    0.4000
parameters
   -5.7979  -13.8083   16.1278  -17.2685  -22.2563  -14.3034
    2.1661   -1.6713   -5.6560   -9.9595    3.9093   13.3821
eta,q 0.97104  7.35580
  0.0293  0.0292  0.0292  0.0293  0.0292  0.0293  0.0293  0.0295  0.0292  0.0293  0.0291  0.0291
  0.0291  0.0291  0.0290  0.0291  0.0291  0.0291  0.0291  0.0292  0.0291  0.0291  0.0290  0.0290
  0.0290  0.0290  0.0290  0.0290  0.0290  0.0290  0.0290  0.0290  0.0290  0.0290  0.0290  0.0290
  0.0290  0.0290  0.0290  0.0290  0.0290  0.0290  0.0290  0.0290  0.0290  0.0290  0.0290  0.0290
  0.0290  0.0290  0.0290  0.0290  0.0290  0.0290  0.0290  0.0290  0.0290  0.0290  0.0290  0.0290
  0.0291  0.0291  0.0290  0.0291  0.0290  0.0291  0.0291  0.0292  0.0291  0.0291  0.0290  0.0290
  0.0294  0.0292  0.0291  0.0293  0.0292  0.0293  0.0293  0.0295  0.0292  0.0293  0.0291  0.0291
registration optimization eta report
parameter search radius
    0.8000    0.8000    0.8000    2.4000    2.4000    2.4000
    2.4000    2.4000    2.4000    2.4000    2.4000    2.4000
100000*second partial in parameter space
       61.       37.       30.        6.        3.        6.
        6.       10.        4.        6.        3.        2.
  0.0293  0.0292  0.0292  0.0293  0.0292  0.0293  0.0293  0.0295  0.0292  0.0293  0.0291  0.0291
  0.0291  0.0291  0.0290  0.0291  0.0291  0.0291  0.0291  0.0292  0.0291  0.0291  0.0290  0.0290
  0.0290  0.0290  0.0290  0.0290  0.0290  0.0290  0.0290  0.0290  0.0290  0.0290  0.0290  0.0290
  0.0290  0.0290  0.0290  0.0290  0.0290  0.0290  0.0290  0.0290  0.0290  0.0290  0.0290  0.0290
  0.0290  0.0290  0.0290  0.0290  0.0290  0.0290  0.0290  0.0290  0.0290  0.0290  0.0290  0.0290
  0.0291  0.0291  0.0290  0.0291  0.0290  0.0291  0.0291  0.0292  0.0291  0.0291  0.0290  0.0290
  0.0294  0.0292  0.0291  0.0293  0.0292  0.0293  0.0293  0.0295  0.0292  0.0293  0.0291  0.0291
   -5.7979  -13.8083   16.1278  -17.2685  -22.2563  -14.3034
    2.1661   -1.6713   -5.6560   -9.9595    3.9093   13.3821
eta,q 0.97104  7.35580

---------------------------------------------------------------------
imgreg_4dfp /opt/freesurfer/average/711-2C_as_mni_average_305 /opt/freesurfer/average/711-2B_as_mni_average_305_mask talsrcimg_g11 none talsrcimg_to_711-2C_as_mni_average_305_t4 2311
---------------------------------------------------------------------

freesurfer imgreg_4dfp.c
/opt/freesurfer/average/711-2C_as_mni_average_305.4dfp.img
       256       256       256         1
  1.000000  1.000000  1.000000
orientation T byte_order littleendian
Reading image: /opt/freesurfer/average/711-2C_as_mni_average_305.4dfp.img
dimensions:      256       256       256
mmppix:       1.0000   -1.0000   -1.0000
center:     128.0000 -129.0000 -129.0000
/opt/freesurfer/average/711-2B_as_mni_average_305_mask.4dfp.img
       256       256       256         1
  1.000000  1.000000  1.000000
orientation T byte_order littleendian
Reading mask: /opt/freesurfer/average/711-2B_as_mni_average_305_mask.4dfp.img (2306576 pixels)
talsrcimg_g11.4dfp.img
       256       256       256         1
  1.000000  1.000000  1.000000
orientation T byte_order littleendian
Reading image: talsrcimg_g11.4dfp.img
dimensions:      256       256       256
mmppix:       1.0000   -1.0000   -1.0000
center:     128.0000 -129.0000 -129.0000
fimgreg.f
image alignment mode   2311 decimal      907 hex
parameters
   -5.7979  -13.8083   16.1278  -17.2685  -22.2563  -14.3034
    2.1661   -1.6713   -5.6560   -9.9595    3.9093   13.3821
eta,q 0.97104  7.35579
niter,ni,del,rscale     5    3    5.0000    0.8000
parameters
   -5.8015  -13.7999   16.1501  -17.3213  -22.3379  -14.2269
    2.1558   -1.6575   -5.6010   -9.8150    3.9318   13.3661
eta,q 0.97104  7.35369
  0.0305  0.0299  0.0297  0.0302  0.0297  0.0302  0.0303  0.0312  0.0299  0.0304  0.0297  0.0295
  0.0297  0.0294  0.0293  0.0295  0.0293  0.0295  0.0296  0.0300  0.0294  0.0296  0.0293  0.0292
  0.0291  0.0291  0.0290  0.0291  0.0290  0.0291  0.0291  0.0292  0.0291  0.0291  0.0290  0.0290
  0.0290  0.0290  0.0290  0.0290  0.0290  0.0290  0.0290  0.0290  0.0290  0.0290  0.0290  0.0290
  0.0291  0.0291  0.0290  0.0291  0.0290  0.0291  0.0291  0.0292  0.0291  0.0291  0.0290  0.0290
  0.0297  0.0294  0.0293  0.0296  0.0293  0.0295  0.0296  0.0300  0.0293  0.0295  0.0293  0.0292
  0.0305  0.0299  0.0297  0.0303  0.0298  0.0301  0.0303  0.0312  0.0298  0.0301  0.0297  0.0295
niter,ni,del,rscale     4    3    5.0000    0.7000
parameters
   -5.7974  -13.7807   16.1481  -17.3153  -22.3085  -14.2659
    2.1488   -1.6615   -5.6451   -9.8364    3.9473   13.3537
eta,q 0.97103  7.35355
  0.0302  0.0297  0.0295  0.0299  0.0296  0.0299  0.0300  0.0307  0.0296  0.0300  0.0295  0.0294
  0.0295  0.0293  0.0292  0.0294  0.0292  0.0294  0.0294  0.0297  0.0292  0.0294  0.0292  0.0291
  0.0291  0.0290  0.0290  0.0291  0.0290  0.0291  0.0291  0.0291  0.0290  0.0290  0.0290  0.0290
  0.0290  0.0290  0.0290  0.0290  0.0290  0.0290  0.0290  0.0290  0.0290  0.0290  0.0290  0.0290
  0.0291  0.0290  0.0290  0.0291  0.0290  0.0291  0.0291  0.0292  0.0290  0.0291  0.0290  0.0290
  0.0295  0.0293  0.0292  0.0294  0.0292  0.0294  0.0294  0.0297  0.0293  0.0294  0.0292  0.0292
  0.0302  0.0297  0.0295  0.0300  0.0296  0.0299  0.0300  0.0307  0.0296  0.0299  0.0295  0.0294
niter,ni,del,rscale     3    3    5.0000    0.6000
parameters
   -5.7951  -13.7891   16.1407  -17.3095  -22.2833  -14.2874
    2.1500   -1.6658   -5.6611   -9.8825    3.9329   13.3582
eta,q 0.97104  7.35387
  0.0298  0.0295  0.0294  0.0297  0.0294  0.0296  0.0297  0.0302  0.0294  0.0297  0.0294  0.0293
  0.0294  0.0292  0.0291  0.0293  0.0292  0.0293  0.0293  0.0295  0.0292  0.0293  0.0291  0.0291
  0.0291  0.0290  0.0290  0.0291  0.0290  0.0290  0.0290  0.0291  0.0290  0.0290  0.0290  0.0290
  0.0290  0.0290  0.0290  0.0290  0.0290  0.0290  0.0290  0.0290  0.0290  0.0290  0.0290  0.0290
  0.0291  0.0290  0.0290  0.0290  0.0290  0.0290  0.0290  0.0291  0.0290  0.0291  0.0290  0.0290
  0.0293  0.0292  0.0292  0.0293  0.0291  0.0293  0.0293  0.0295  0.0292  0.0293  0.0291  0.0291
  0.0298  0.0295  0.0294  0.0297  0.0294  0.0297  0.0297  0.0302  0.0295  0.0297  0.0294  0.0293
niter,ni,del,rscale     2    3    5.0000    0.5000
parameters
   -5.7965  -13.8015   16.1341  -17.2849  -22.2719  -14.2919
    2.1601   -1.6648   -5.6679   -9.9288    3.9229   13.3780
eta,q 0.97104  7.35507
  0.0296  0.0293  0.0292  0.0295  0.0293  0.0295  0.0295  0.0299  0.0293  0.0295  0.0292  0.0292
  0.0292  0.0291  0.0291  0.0292  0.0291  0.0292  0.0292  0.0294  0.0291  0.0292  0.0291  0.0291
  0.0290  0.0290  0.0290  0.0290  0.0290  0.0290  0.0290  0.0291  0.0290  0.0290  0.0290  0.0290
  0.0290  0.0290  0.0290  0.0290  0.0290  0.0290  0.0290  0.0290  0.0290  0.0290  0.0290  0.0290
  0.0290  0.0290  0.0290  0.0290  0.0290  0.0290  0.0290  0.0291  0.0290  0.0290  0.0290  0.0290
  0.0292  0.0291  0.0291  0.0292  0.0291  0.0292  0.0292  0.0294  0.0291  0.0292  0.0291  0.0291
  0.0296  0.0293  0.0293  0.0295  0.0293  0.0294  0.0295  0.0299  0.0293  0.0295  0.0292  0.0292
niter,ni,del,rscale     1    3    5.0000    0.4000
parameters
   -5.7990  -13.8158   16.1387  -17.2794  -22.2493  -14.2888
    2.1713   -1.6698   -5.6617   -9.9739    3.9020   13.3875
eta,q 0.97104  7.35623
  0.0293  0.0292  0.0291  0.0293  0.0292  0.0293  0.0293  0.0295  0.0292  0.0293  0.0291  0.0291
  0.0291  0.0291  0.0290  0.0291  0.0291  0.0291  0.0291  0.0292  0.0291  0.0291  0.0290  0.0290
  0.0290  0.0290  0.0290  0.0290  0.0290  0.0290  0.0290  0.0290  0.0290  0.0290  0.0290  0.0290
  0.0290  0.0290  0.0290  0.0290  0.0290  0.0290  0.0290  0.0290  0.0290  0.0290  0.0290  0.0290
  0.0290  0.0290  0.0290  0.0290  0.0290  0.0290  0.0290  0.0290  0.0290  0.0290  0.0290  0.0290
  0.0291  0.0291  0.0290  0.0291  0.0290  0.0291  0.0291  0.0292  0.0291  0.0291  0.0290  0.0290
  0.0294  0.0292  0.0291  0.0293  0.0292  0.0293  0.0293  0.0295  0.0292  0.0293  0.0291  0.0291
registration optimization eta report
parameter search radius
    0.8000    0.8000    0.8000    2.4000    2.4000    2.4000
    2.4000    2.4000    2.4000    2.4000    2.4000    2.4000
100000*second partial in parameter space
       61.       37.       29.        6.        3.        6.
        6.       10.        4.        6.        3.        2.
  0.0293  0.0292  0.0291  0.0293  0.0292  0.0293  0.0293  0.0295  0.0292  0.0293  0.0291  0.0291
  0.0291  0.0291  0.0290  0.0291  0.0291  0.0291  0.0291  0.0292  0.0291  0.0291  0.0290  0.0290
  0.0290  0.0290  0.0290  0.0290  0.0290  0.0290  0.0290  0.0290  0.0290  0.0290  0.0290  0.0290
  0.0290  0.0290  0.0290  0.0290  0.0290  0.0290  0.0290  0.0290  0.0290  0.0290  0.0290  0.0290
  0.0290  0.0290  0.0290  0.0290  0.0290  0.0290  0.0290  0.0290  0.0290  0.0290  0.0290  0.0290
  0.0291  0.0291  0.0290  0.0291  0.0290  0.0291  0.0291  0.0292  0.0291  0.0291  0.0290  0.0290
  0.0294  0.0292  0.0291  0.0293  0.0292  0.0293  0.0293  0.0295  0.0292  0.0293  0.0291  0.0291
   -5.7990  -13.8158   16.1387  -17.2794  -22.2493  -14.2888
    2.1713   -1.6698   -5.6617   -9.9739    3.9020   13.3875
eta,q 0.97104  7.35623

---------------------------------------------------------------------
compute_vox2vox talsrcimg talsrcimg_to_711-2C_as_mni_average_305_t4 /opt/freesurfer/average/711-2C_as_mni_average_305
---------------------------------------------------------------------

freesurfer compute_vox2vox.c
Reading: talsrcimg.4dfp.ifh
Reading: talsrcimg_to_711-2C_as_mni_average_305_t4
Reading: /opt/freesurfer/average/711-2C_as_mni_average_305.4dfp.ifh
Writing: talsrcimg_to_711-2C_as_mni_average_305_t4_vox2vox.txt

start time Fri Mar 13 21:46:50 CET 2026
end		time Fri Mar 13 21:48:20 CET 2026

mpr2mni305 success

avi2talxfm orig_nu.mgz /opt/freesurfer/average/mni305.cor.mgz talsrcimg_to_711-2C_as_mni_average_305_t4_vox2vox.txt transforms/talairach.auto.xfm
avi2talxfm done
mv -f /out/sourcedata/freesurfer/sub-v2s7x29656_ses-1/mri/talsrcimg_to_711-2C_as_mni_average_305_t4_vox2vox.txt /out/sourcedata/freesurfer/sub-v2s7x29656_ses-1/mri/transforms/talsrcimg_to_711-2C_as_mni_average_305_t4_vox2vox.txt
lta_convert --src orig_nu.mgz --trg /opt/freesurfer/average/mni305.cor.mgz --inxfm transforms/talairach.auto.xfm --outlta transforms/talairach.auto.xfm.lta --subject fsaverage
7.3.2

--src: orig_nu.mgz src image (geometry).
--trg: /opt/freesurfer/average/mni305.cor.mgz trg image (geometry).
--inmni: transforms/talairach.auto.xfm input MNI/XFM transform.
--outlta: transforms/talairach.auto.xfm.lta output LTA.
--s: fsaverage subject name
 LTA read, type : 1
 1.20545   0.01918  -0.03697  -1.66142;
-0.06724   1.14272  -0.19488   92.79504;
 0.07915   0.14799   1.25847  -31.35353;
 0.00000   0.00000   0.00000   1.00000;
setting subject to fsaverage
Writing  LTA to file transforms/talairach.auto.xfm.lta...
lta_convert successful.
 
 
Started at Fri Mar 13 21:46:49 CET 2026
Ended   at Fri Mar 13 21:48:20 CET 2026
talairach_avi done
