/out/sourcedata/freesurfer/sub-v2s7x29794_ses-1/mri
/opt/freesurfer/bin/talairach_avi
--i orig_nu.mgz --xfm transforms/talairach.auto.xfm
talairach_avi 7.3.2
Linux dna030 5.14.0-427.37.1.el9_4.x86_64 #1 SMP PREEMPT_DYNAMIC Fri Sep 13 12:41:50 EDT 2024 x86_64 x86_64 x86_64 GNU/Linux
Fri Mar 13 23:15:48 CET 2026
mri_convert orig_nu.mgz talsrcimg.img 
reading from orig_nu.mgz...
TR=0.00, TE=0.00, TI=0.00, flip angle=0.00
i_ras = (-1, 0, 0)
j_ras = (0, 0, -1)
k_ras = (0, 1, 0)
writing to talsrcimg.img...
Analyze Output Matrix
-1.00000   0.00000   0.00000   124.26586;
 0.00000   0.00000   1.00000  -108.80028;
 0.00000  -1.00000   0.00000   161.27570;
 0.00000   0.00000   0.00000   1.00000;
--------------------
INFO: set hdr.hist.orient to -1
mpr2mni305 talsrcimg
Fri Mar 13 23:15:48 CET 2026
/opt/freesurfer/bin/mpr2mni305 talsrcimg
mpr2mni305 7.3.2
target=711-2C_as_mni_average_305

---------------------------------------------------------------------
analyzeto4dfp talsrcimg -O0 -y
---------------------------------------------------------------------

freesurfer ifh2hdr.c
Fri Mar 13 23:15:48 2026
Writing: talsrcimg.4dfp.hdr
freesurfer analyzeto4dfp.c
Reading: talsrcimg.hdr
header size 348 bytes
hdr.dime.datatype	offset=70	value=2
hdr.dime.bitpix		offset=72	value=8
hdr.hist.orient		offset=252	value=-1
dimensionality     4
dimensions       256       256       256         1
Reading: talsrcimg.img
Writing: talsrcimg.4dfp.img
Writing: talsrcimg.4dfp.ifh
ifh2hdr talsrcimg -r0to255
ori=2

---------------------------------------------------------------------
gauss_4dfp talsrcimg 1.1
---------------------------------------------------------------------

freesurfer gauss_4dfp.c
Reading: talsrcimg.4dfp.img
Writing: talsrcimg_g11.4dfp.img
image dimensions 256 256 256 padded to 288 288 288
processing volume 1freesurfer ifh2hdr.c
Fri Mar 13 23:15:50 2026
Writing: talsrcimg_g11.4dfp.hdr

Writing: talsrcimg_g11.4dfp.ifh
including: talsrcimg.4dfp.img.rec in talsrcimg_g11.4dfp.img.rec

---------------------------------------------------------------------
imgreg_4dfp /opt/freesurfer/average/711-2C_as_mni_average_305 none talsrcimg_g11 none talsrcimg_to_711-2C_as_mni_average_305_t4 4355
---------------------------------------------------------------------

freesurfer imgreg_4dfp.c
/opt/freesurfer/average/711-2C_as_mni_average_305.4dfp.img
       256       256       256         1
  1.000000  1.000000  1.000000
orientation T byte_order littleendian
Reading image: /opt/freesurfer/average/711-2C_as_mni_average_305.4dfp.img
dimensions:      256       256       256
mmppix:       1.0000   -1.0000   -1.0000
center:     128.0000 -129.0000 -129.0000
talsrcimg_g11.4dfp.img
       256       256       256         1
  1.000000  1.000000  1.000000
orientation T byte_order littleendian
Reading image: talsrcimg_g11.4dfp.img
dimensions:      256       256       256
mmppix:       1.0000   -1.0000   -1.0000
center:     128.0000 -129.0000 -129.0000
t4_read: open error in t4_sub.f l:  41 t4_file(1:l)talsrcimg_to_711-2C_as_mni_average_305_t4 
t4_read: transform initialized to I4
rotation matrix determinant  1.000000
image alignment mode   4355 decimal     1103 hex
   -7.5000  -45.0000  -45.0000 8271.4502   10.8281
    0.0000  -45.0000  -45.0000 8672.0771   10.8197
    7.5000  -45.0000  -45.0000 8314.9453   10.7928
   -7.5000  -37.5000  -45.0000 8638.3867   10.8187
    0.0000  -37.5000  -45.0000 9063.2256   10.8150
    7.5000  -37.5000  -45.0000 8682.3057   10.7893
   -7.5000  -30.0000  -45.0000 9338.4951   10.8051
    0.0000  -30.0000  -45.0000 9805.0938   10.8046
    7.5000  -30.0000  -45.0000 9376.6953   10.7802
   -7.5000  -22.5000  -45.000010041.7402   10.8023
    0.0000  -22.5000  -45.000010546.4775   10.8000
    7.5000  -22.5000  -45.000010086.7832   10.7757
   -7.5000  -15.0000  -45.000010693.2891   10.8117
    0.0000  -15.0000  -45.000011227.3252   10.8054
    7.5000  -15.0000  -45.000010721.3408   10.7799
   -7.5000   -7.5000  -45.000011264.4766   10.8238
    0.0000   -7.5000  -45.000011824.7510   10.8148
    7.5000   -7.5000  -45.000011277.1650   10.7879
   -7.5000    0.0000  -45.000011583.4971   10.8281
    0.0000    0.0000  -45.000012167.1934   10.8197
    7.5000    0.0000  -45.000011577.7480   10.7928
   -7.5000    7.5000  -45.000011012.4004   10.8187
    0.0000    7.5000  -45.000011569.0732   10.8150
    7.5000    7.5000  -45.000011040.1025   10.7893
   -7.5000   15.0000  -45.000010223.8164   10.8051
    0.0000   15.0000  -45.000010733.5059   10.8046
    7.5000   15.0000  -45.000010225.2666   10.7802
   -7.5000   22.5000  -45.0000 9424.7090   10.8008
    0.0000   22.5000  -45.0000 9887.6885   10.7985
    7.5000   22.5000  -45.0000 9424.6367   10.7742
   -7.5000   30.0000  -45.0000 8651.8545   10.6676
    0.0000   30.0000  -45.0000 9088.7246   10.6614
    7.5000   30.0000  -45.0000 8616.9639   10.6362
   -7.5000   37.5000  -45.0000 8216.9541   10.6796
    0.0000   37.5000  -45.0000 8607.1348   10.6707
    7.5000   37.5000  -45.0000 8171.3989   10.6441
   -7.5000   45.0000  -45.0000 7480.6792   10.4190
    0.0000   45.0000  -45.0000 7830.3013   10.4110
    7.5000   45.0000  -45.0000 7436.8843   10.3850
   -7.5000  -45.0000  -37.5000 8834.3027   10.7188
    0.0000  -45.0000  -37.5000 9257.1465   10.7110
    7.5000  -45.0000  -37.5000 8872.3936   10.6885
   -7.5000  -37.5000  -37.5000 9240.1338   10.7113
    0.0000  -37.5000  -37.5000 9687.0430   10.7082
    7.5000  -37.5000  -37.5000 9272.8740   10.6858
   -7.5000  -30.0000  -37.5000 9962.2764   10.6978
    0.0000  -30.0000  -37.500010450.7861   10.6976
    7.5000  -30.0000  -37.500010003.2979   10.6750
   -7.5000  -22.5000  -37.500010665.7754   10.6923
    0.0000  -22.5000  -37.500011192.4990   10.6899
    7.5000  -22.5000  -37.500010710.2764   10.6675
   -7.5000  -15.0000  -37.500011327.3516   10.6992
    0.0000  -15.0000  -37.500011897.7412   10.6929
    7.5000  -15.0000  -37.500011372.3965   10.6703
   -7.5000   -7.5000  -37.500011912.7471   10.7121
    0.0000   -7.5000  -37.500012540.7598   10.7033
    7.5000   -7.5000  -37.500011969.7920   10.6806
   -7.5000    0.0000  -37.500012245.0381   10.7188
    0.0000    0.0000  -37.500012888.0859   10.7110
    7.5000    0.0000  -37.500012290.7529   10.6885
   -7.5000    7.5000  -37.500011684.0391   10.7113
    0.0000    7.5000  -37.500012308.8975   10.7082
    7.5000    7.5000  -37.500011747.4639   10.6858
   -7.5000   15.0000  -37.500010823.2627   10.6978
    0.0000   15.0000  -37.500011393.9404   10.6976
    7.5000   15.0000  -37.500010876.4492   10.6750
   -7.5000   22.5000  -37.5000 9954.4189   10.6908
    0.0000   22.5000  -37.500010457.1240   10.6885
    7.5000   22.5000  -37.5000 9999.2627   10.6660
   -7.5000   30.0000  -37.5000 9119.7539   10.5566
    0.0000   30.0000  -37.5000 9585.4229   10.5504
    7.5000   30.0000  -37.5000 9127.8066   10.5282
   -7.5000   37.5000  -37.5000 8640.8779   10.5694
    0.0000   37.5000  -37.5000 9063.0410   10.5607
    7.5000   37.5000  -37.5000 8631.4326   10.5383
   -7.5000   45.0000  -37.5000 7864.2935   10.3139
    0.0000   45.0000  -37.5000 8238.4805   10.3064
    7.5000   45.0000  -37.5000 7837.3018   10.2847
   -7.5000  -45.0000  -30.0000 9588.4033   11.1013
    0.0000  -45.0000  -30.000010042.4336   11.0966
    7.5000  -45.0000  -30.0000 9637.8398   11.0759
   -7.5000  -37.5000  -30.000010032.5303   11.0960
    0.0000  -37.5000  -30.000010506.3730   11.0931
    7.5000  -37.5000  -30.000010070.9541   11.0695
   -7.5000  -30.0000  -30.000010787.9590   11.0863
    0.0000  -30.0000  -30.000011307.5176   11.0843
    7.5000  -30.0000  -30.000010829.2061   11.0574
   -7.5000  -22.5000  -30.000011509.4688   11.0821
    0.0000  -22.5000  -30.000012060.2422   11.0791
    7.5000  -22.5000  -30.000011546.2197   11.0522
   -7.5000  -15.0000  -30.000012194.7910   11.0871
    0.0000  -15.0000  -30.000012808.1309   11.0828
    7.5000  -15.0000  -30.000012247.0605   11.0586
   -7.5000   -7.5000  -30.000012817.3438   11.0966
    0.0000   -7.5000  -30.000013505.7764   11.0915
    7.5000   -7.5000  -30.000012885.6523   11.0702
   -7.5000    0.0000  -30.000013179.6270   11.1013
    0.0000    0.0000  -30.000013848.9668   11.0966
    7.5000    0.0000  -30.000013214.9062   11.0759
   -7.5000    7.5000  -30.000012607.2129   11.0960
    0.0000    7.5000  -30.000013243.9404   11.0931
    7.5000    7.5000  -30.000012655.7256   11.0695
   -7.5000   15.0000  -30.000011706.7236   11.0863
    0.0000   15.0000  -30.000012294.5195   11.0843
    7.5000   15.0000  -30.000011742.0342   11.0574
   -7.5000   22.5000  -30.000010720.4092   11.0794
    0.0000   22.5000  -30.000011250.3203   11.0764
    7.5000   22.5000  -30.000010757.4092   11.0496
   -7.5000   30.0000  -30.0000 9791.0693   10.9404
    0.0000   30.0000  -30.000010281.8086   10.9361
    7.5000   30.0000  -30.0000 9788.4014   10.9123
   -7.5000   37.5000  -30.0000 9242.0498   10.9498
    0.0000   37.5000  -30.0000 9716.1328   10.9447
    7.5000   37.5000  -30.0000 9242.0225   10.9237
   -7.5000   45.0000  -30.0000 8388.9580   10.6898
    0.0000   45.0000  -30.0000 8802.9971   10.6852
    7.5000   45.0000  -30.0000 8364.6523   10.6652
   -7.5000  -45.0000  -22.500010356.4326   11.4433
    0.0000  -45.0000  -22.500010832.3418   11.4409
    7.5000  -45.0000  -22.500010398.9961   11.4173
   -7.5000  -37.5000  -22.500010837.1230   11.4427
    0.0000  -37.5000  -22.500011337.5488   11.4385
    7.5000  -37.5000  -22.500010881.4570   11.4093
   -7.5000  -30.0000  -22.500011635.4355   11.4403
    0.0000  -30.0000  -22.500012182.1240   11.4354
    7.5000  -30.0000  -22.500011684.8662   11.4008
   -7.5000  -22.5000  -22.500012404.6943   11.4384
    0.0000  -22.5000  -22.500012994.3164   11.4348
    7.5000  -22.5000  -22.500012457.0967   11.4008
   -7.5000  -15.0000  -22.500013141.5029   11.4397
    0.0000  -15.0000  -22.500013786.5254   11.4381
    7.5000  -15.0000  -22.500013213.3193   11.4091
   -7.5000   -7.5000  -22.500013804.0732   11.4422
    0.0000   -7.5000  -22.500014504.9014   11.4410
    7.5000   -7.5000  -22.500013873.0488   11.4171
   -7.5000    0.0000  -22.500014166.0576   11.4433
    0.0000    0.0000  -22.500014847.2842   11.4409
    7.5000    0.0000  -22.500014211.2471   11.4173
   -7.5000    7.5000  -22.500013560.7109   11.4427
    0.0000    7.5000  -22.500014195.6982   11.4385
    7.5000    7.5000  -22.500013595.1436   11.4093
   -7.5000   15.0000  -22.500012633.1689   11.4403
    0.0000   15.0000  -22.500013205.6885   11.4354
    7.5000   15.0000  -22.500012645.0293   11.4008
   -7.5000   22.5000  -22.500011546.8359   11.4349
    0.0000   22.5000  -22.500012070.8008   11.4313
    7.5000   22.5000  -22.500011577.8828   11.3973
   -7.5000   30.0000  -22.500010503.2773   11.2901
    0.0000   30.0000  -22.500010980.7773   11.2885
    7.5000   30.0000  -22.500010525.7617   11.2599
   -7.5000   37.5000  -22.5000 9897.1924   11.2926
    0.0000   37.5000  -22.500010364.0186   11.2913
    7.5000   37.5000  -22.5000 9895.3652   11.2677
   -7.5000   45.0000  -22.5000 8943.7266   11.0273
    0.0000   45.0000  -22.5000 9374.5156   11.0249
    7.5000   45.0000  -22.5000 8927.1992   11.0021
   -7.5000  -45.0000  -15.000011123.3525   11.7100
    0.0000  -45.0000  -15.000011614.5830   11.7070
    7.5000  -45.0000  -15.000011166.4609   11.6784
   -7.5000  -37.5000  -15.000011663.1621   11.7105
    0.0000  -37.5000  -15.000012190.4707   11.7051
    7.5000  -37.5000  -15.000011718.6611   11.6714
   -7.5000  -30.0000  -15.000012513.1758   11.7103
    0.0000  -30.0000  -15.000013102.7842   11.7045
    7.5000  -30.0000  -15.000012582.2598   11.6661
   -7.5000  -22.5000  -15.000013353.0088   11.7100
    0.0000  -22.5000  -15.000013966.5391   11.7063
    7.5000  -22.5000  -15.000013414.1045   11.6688
   -7.5000  -15.0000  -15.000014142.5977   11.7109
    0.0000  -15.0000  -15.000014803.8750   11.7098
    7.5000  -15.0000  -15.000014204.2480   11.6769
   -7.5000   -7.5000  -15.000014841.9102   11.7107
    0.0000   -7.5000  -15.000015533.1523   11.7098
    7.5000   -7.5000  -15.000014908.2920   11.6811
   -7.5000    0.0000  -15.000015199.7822   11.7100
    0.0000    0.0000  -15.000015890.3682   11.7070
    7.5000    0.0000  -15.000015257.7803   11.6784
   -7.5000    7.5000  -15.000014526.0830   11.7105
    0.0000    7.5000  -15.000015184.0059   11.7051
    7.5000    7.5000  -15.000014553.3848   11.6714
   -7.5000   15.0000  -15.000013534.6445   11.7103
    0.0000   15.0000  -15.000014114.6963   11.7045
    7.5000   15.0000  -15.000013558.2119   11.6661
   -7.5000   22.5000  -15.000012358.1836   11.7058
    0.0000   22.5000  -15.000012886.0371   11.7021
    7.5000   22.5000  -15.000012402.3828   11.6647
   -7.5000   30.0000  -15.000011244.5869   11.5593
    0.0000   30.0000  -15.000011723.0654   11.5582
    7.5000   30.0000  -15.000011263.6953   11.5257
   -7.5000   37.5000  -15.000010574.3799   11.5591
    0.0000   37.5000  -15.000011056.4072   11.5582
    7.5000   37.5000  -15.000010583.6416   11.5300
   -7.5000   45.0000  -15.0000 9532.7148   11.2910
    0.0000   45.0000  -15.0000 9969.0596   11.2880
    7.5000   45.0000  -15.0000 9500.4004   11.2604
   -7.5000  -45.0000   -7.500011909.3105   11.8449
    0.0000  -45.0000   -7.500012459.8320   11.8388
    7.5000  -45.0000   -7.500011957.0352   11.8075
   -7.5000  -37.5000   -7.500012519.4268   11.8417
    0.0000  -37.5000   -7.500013136.6143   11.8367
    7.5000  -37.5000   -7.500012598.0645   11.8038
   -7.5000  -30.0000   -7.500013479.6904   11.8359
    0.0000  -30.0000   -7.500014148.1074   11.8325
    7.5000  -30.0000   -7.500013553.6924   11.7983
   -7.5000  -22.5000   -7.500014385.8379   11.8344
    0.0000  -22.5000   -7.500015083.0635   11.8313
    7.5000  -22.5000   -7.500014454.9639   11.7977
   -7.5000  -15.0000   -7.500015228.4180   11.8387
    0.0000  -15.0000   -7.500015948.1738   11.8350
    7.5000  -15.0000   -7.500015288.5840   11.8027
   -7.5000   -7.5000   -7.500015978.2568   11.8434
    0.0000   -7.5000   -7.500016726.7578   11.8382
    7.5000   -7.5000   -7.500016046.7393   11.8070
   -7.5000    0.0000   -7.500016361.9668   11.8449
    0.0000    0.0000   -7.500017117.9473   11.8388
    7.5000    0.0000   -7.500016426.3008   11.8075
   -7.5000    7.5000   -7.500015567.5801   11.8417
    0.0000    7.5000   -7.500016282.6748   11.8367
    7.5000    7.5000   -7.500015623.7246   11.8038
   -7.5000   15.0000   -7.500014500.0928   11.8359
    0.0000   15.0000   -7.500015109.3857   11.8325
    7.5000   15.0000   -7.500014558.2188   11.7983
   -7.5000   22.5000   -7.500013236.9443   11.8289
    0.0000   22.5000   -7.500013777.6416   11.8259
    7.5000   22.5000   -7.500013315.3301   11.7923
   -7.5000   30.0000   -7.500012043.4473   11.6852
    0.0000   30.0000   -7.500012537.4736   11.6816
    7.5000   30.0000   -7.500012081.0723   11.6497
   -7.5000   37.5000   -7.500011344.7109   11.6898
    0.0000   37.5000   -7.500011816.8252   11.6847
    7.5000   37.5000   -7.500011342.4297   11.6539
   -7.5000   45.0000   -7.500010211.9443   11.4231
    0.0000   45.0000   -7.500010648.6113   11.4172
    7.5000   45.0000   -7.500010184.3115   11.3870
   -7.5000  -45.0000    0.000012599.9756   11.8736
    0.0000  -45.0000    0.000013236.6328   11.8650
    7.5000  -45.0000    0.000012680.8154   11.8354
   -7.5000  -37.5000    0.000013311.7275   11.8660
    0.0000  -37.5000    0.000014008.8682   11.8624
    7.5000  -37.5000    0.000013388.9854   11.8339
   -7.5000  -30.0000    0.000014416.4170   11.8527
    0.0000  -30.0000    0.000015165.9844   11.8525
    7.5000  -30.0000    0.000014498.6416   11.8252
   -7.5000  -22.5000    0.000015410.1318   11.8486
    0.0000  -22.5000    0.000016191.2188   11.8463
    7.5000  -22.5000    0.000015514.8223   11.8191
   -7.5000  -15.0000    0.000016245.4941   11.8564
    0.0000  -15.0000    0.000017084.8320   11.8500
    7.5000  -15.0000    0.000016363.8125   11.8216
   -7.5000   -7.5000    0.000017031.9512   11.8682
    0.0000   -7.5000    0.000017891.2520   11.8588
    7.5000   -7.5000    0.000017181.7676   11.8292
   -7.5000    0.0000    0.000017467.8145   11.8736
    0.0000    0.0000    0.000018326.9531   11.8650
    7.5000    0.0000    0.000017592.7109   11.8354
   -7.5000    7.5000    0.000016607.6484   11.8660
    0.0000    7.5000    0.000017407.4277   11.8624
    7.5000    7.5000    0.000016713.4492   11.8339
   -7.5000   15.0000    0.000015453.7930   11.8527
    0.0000   15.0000    0.000016137.2852   11.8525
    7.5000   15.0000    0.000015540.1133   11.8252
   -7.5000   22.5000    0.000014143.6309   11.8431
    0.0000   22.5000    0.000014751.8584   11.8408
    7.5000   22.5000    0.000014241.3584   11.8137
   -7.5000   30.0000    0.000012859.9990   11.7029
    0.0000   30.0000    0.000013412.7549   11.6966
    7.5000   30.0000    0.000012917.7100   11.6686
   -7.5000   37.5000    0.000012087.0889   11.7146
    0.0000   37.5000    0.000012621.3994   11.7054
    7.5000   37.5000    0.000012104.4014   11.6761
   -7.5000   45.0000    0.000010852.2461   11.4518
    0.0000   45.0000    0.000011332.0029   11.4435
    7.5000   45.0000    0.000010829.8281   11.4149
   -7.5000  -45.0000    7.500012294.3037   11.8812
    0.0000  -45.0000    7.500012986.5342   11.8735
    7.5000  -45.0000    7.500012392.5488   11.8485
   -7.5000  -37.5000    7.500012985.2295   11.8729
    0.0000  -37.5000    7.500013767.1680   11.8704
    7.5000  -37.5000    7.500013102.6592   11.8455
   -7.5000  -30.0000    7.500014209.8682   11.8582
    0.0000  -30.0000    7.500015051.7041   11.8586
    7.5000  -30.0000    7.500014320.1445   11.8336
   -7.5000  -22.5000    7.500015374.7852   11.8525
    0.0000  -22.5000    7.500016322.1064   11.8503
    7.5000  -22.5000    7.500015526.1133   11.8253
   -7.5000  -15.0000    7.500016263.9219   11.8604
    0.0000  -15.0000    7.500017286.1094   11.8539
    7.5000  -15.0000    7.500016445.8047   11.8286
   -7.5000   -7.5000    7.500017014.7207   11.8743
    0.0000   -7.5000    7.500018021.8086   11.8652
    7.5000   -7.5000    7.500017165.6328   11.8398
   -7.5000    0.0000    7.500017332.4668   11.8812
    0.0000    0.0000    7.500018334.6406   11.8735
    7.5000    0.0000    7.500017449.3691   11.8485
   -7.5000    7.5000    7.500016396.8906   11.8729
    0.0000    7.5000    7.500017279.5020   11.8704
    7.5000    7.5000    7.500016444.9980   11.8455
   -7.5000   15.0000    7.500015238.0117   11.8582
    0.0000   15.0000    7.500016028.4238   11.8586
    7.5000   15.0000    7.500015273.3613   11.8336
   -7.5000   22.5000    7.500013933.0479   11.8471
    0.0000   22.5000    7.500014645.7480   11.8449
    7.5000   22.5000    7.500013985.1748   11.8199
   -7.5000   30.0000    7.500012661.7949   11.7069
    0.0000   30.0000    7.500013288.9951   11.7005
    7.5000   30.0000    7.500012704.4434   11.6755
   -7.5000   37.5000    7.500011917.9600   11.7206
    0.0000   37.5000    7.500012498.3350   11.7117
    7.5000   37.5000    7.500011925.7080   11.6866
   -7.5000   45.0000    7.500010688.2197   11.4592
    0.0000   45.0000    7.500011191.1279   11.4519
    7.5000   45.0000    7.500010676.6289   11.4276
   -7.5000  -45.0000   15.000011920.1963   11.8843
    0.0000  -45.0000   15.000012636.6875   11.8796
    7.5000  -45.0000   15.000012050.8135   11.8573
   -7.5000  -37.5000   15.000012595.1309   11.8793
    0.0000  -37.5000   15.000013396.1855   11.8765
    7.5000  -37.5000   15.000012731.0801   11.8510
   -7.5000  -30.0000   15.000013805.5312   11.8696
    0.0000  -30.0000   15.000014802.9189   11.8677
    7.5000  -30.0000   15.000013909.8496   11.8387
   -7.5000  -22.5000   15.000015103.4248   11.8650
    0.0000  -22.5000   15.000016422.7402   11.8621
    7.5000  -22.5000   15.000015202.1768   11.8332
   -7.5000  -15.0000   15.000016141.1191   11.8698
    0.0000  -15.0000   15.000017684.1914   11.8654
    7.5000  -15.0000   15.000016248.4756   11.8395
   -7.5000   -7.5000   15.000016829.3809   11.8794
    0.0000   -7.5000   15.000018257.1523   11.8742
    7.5000   -7.5000   15.000016891.4883   11.8513
   -7.5000    0.0000   15.000016968.0527   11.8843
    0.0000    0.0000   15.000018181.9609   11.8796
    7.5000    0.0000   15.000016989.3789   11.8573
   -7.5000    7.5000   15.000015887.3936   11.8793
    0.0000    7.5000   15.000016839.2988   11.8765
    7.5000    7.5000   15.000015907.2061   11.8510
   -7.5000   15.0000   15.000014726.5967   11.8696
    0.0000   15.0000   15.000015543.4971   11.8677
    7.5000   15.0000   15.000014767.0576   11.8387
   -7.5000   22.5000   15.000013489.1973   11.8595
    0.0000   22.5000   15.000014211.6240   11.8566
    7.5000   22.5000   15.000013555.2383   11.8277
   -7.5000   30.0000   15.000012291.6260   11.7162
    0.0000   30.0000   15.000012936.9297   11.7119
    7.5000   30.0000   15.000012377.2383   11.6863
   -7.5000   37.5000   15.000011602.1602   11.7256
    0.0000   37.5000   15.000012196.5176   11.7205
    7.5000   37.5000   15.000011651.5488   11.6980
   -7.5000   45.0000   15.000010387.6631   11.4622
    0.0000   45.0000   15.000010928.0303   11.4577
    7.5000   45.0000   15.000010405.0215   11.4361
   -7.5000  -45.0000   22.500011446.3809   11.8786
    0.0000  -45.0000   22.500012208.1885   11.8760
    7.5000  -45.0000   22.500011530.6875   11.8515
   -7.5000  -37.5000   22.500012116.6826   11.8780
    0.0000  -37.5000   22.500012966.3486   11.8736
    7.5000  -37.5000   22.500012177.6787   11.8433
   -7.5000  -30.0000   22.500013261.9961   11.8754
    0.0000  -30.0000   22.500014305.8193   11.8703
    7.5000  -30.0000   22.500013346.3311   11.8344
   -7.5000  -22.5000   22.500014386.6641   11.8735
    0.0000  -22.5000   22.500015802.4795   11.8697
    7.5000  -22.5000   22.500014549.1934   11.8344
   -7.5000  -15.0000   22.500015321.1221   11.8748
    0.0000  -15.0000   22.500016877.5625   11.8731
    7.5000  -15.0000   22.500015478.0977   11.8431
   -7.5000   -7.5000   22.500016033.4404   11.8774
    0.0000   -7.5000   22.500017493.7773   11.8761
    7.5000   -7.5000   22.500016144.4053   11.8513
   -7.5000    0.0000   22.500016211.9873   11.8786
    0.0000    0.0000   22.500017435.1621   11.8760
    7.5000    0.0000   22.500016298.4277   11.8515
   -7.5000    7.5000   22.500015151.4961   11.8780
    0.0000    7.5000   22.500016148.1533   11.8736
    7.5000    7.5000   22.500015230.9502   11.8433
   -7.5000   15.0000   22.500014062.4209   11.8754
    0.0000   15.0000   22.500014893.7588   11.8703
    7.5000   15.0000   22.500014126.0430   11.8344
   -7.5000   22.5000   22.500012912.4189   11.8680
    0.0000   22.5000   22.500013646.9355   11.8642
    7.5000   22.5000   22.500012974.1201   11.8289
   -7.5000   30.0000   22.500011759.5566   11.7211
    0.0000   30.0000   22.500012407.6045   11.7194
    7.5000   30.0000   22.500011837.5020   11.6898
   -7.5000   37.5000   22.500011101.8135   11.7237
    0.0000   37.5000   22.500011670.4561   11.7224
    7.5000   37.5000   22.500011139.8320   11.6979
   -7.5000   45.0000   22.5000 9945.7627   11.4566
    0.0000   45.0000   22.500010455.7959   11.4541
    7.5000   45.0000   22.5000 9977.8232   11.4305
   -7.5000  -45.0000   30.000010773.0928   11.8740
    0.0000  -45.0000   30.000011413.8965   11.8709
    7.5000  -45.0000   30.000010838.5000   11.8418
   -7.5000  -37.5000   30.000011390.2109   11.8745
    0.0000  -37.5000   30.000012072.9424   11.8690
    7.5000  -37.5000   30.000011447.1641   11.8348
   -7.5000  -30.0000   30.000012425.4043   11.8743
    0.0000  -30.0000   30.000013297.4375   11.8684
    7.5000  -30.0000   30.000012546.8057   11.8294
   -7.5000  -22.5000   30.000013375.0615   11.8739
    0.0000  -22.5000   30.000014435.3291   11.8702
    7.5000  -22.5000   30.000013545.2666   11.8322
   -7.5000  -15.0000   30.000014167.3809   11.8749
    0.0000  -15.0000   30.000015247.1455   11.8737
    7.5000  -15.0000   30.000014305.6133   11.8403
   -7.5000   -7.5000   30.000014901.8584   11.8746
    0.0000   -7.5000   30.000015914.2246   11.8737
    7.5000   -7.5000   30.000014991.6445   11.8446
   -7.5000    0.0000   30.000015232.5371   11.8740
    0.0000    0.0000   30.000016188.1543   11.8709
    7.5000    0.0000   30.000015302.4482   11.8418
   -7.5000    7.5000   30.000014279.7461   11.8745
    0.0000    7.5000   30.000015145.6973   11.8690
    7.5000    7.5000   30.000014353.1777   11.8348
   -7.5000   15.0000   30.000013258.3770   11.8743
    0.0000   15.0000   30.000014011.3145   11.8684
    7.5000   15.0000   30.000013319.6143   11.8294
   -7.5000   22.5000   30.000012184.8525   11.8685
    0.0000   22.5000   30.000012876.7812   11.8647
    7.5000   22.5000   30.000012239.6631   11.8267
   -7.5000   30.0000   30.000011089.7480   11.7212
    0.0000   30.0000   30.000011723.1182   11.7200
    7.5000   30.0000   30.000011162.1514   11.6871
   -7.5000   37.5000   30.000010459.7793   11.7210
    0.0000   37.5000   30.000011015.9346   11.7200
    7.5000   37.5000   30.000010498.1123   11.6913
   -7.5000   45.0000   30.0000 9361.9375   11.4521
    0.0000   45.0000   30.0000 9852.8145   11.4490
    7.5000   45.0000   30.0000 9379.5166   11.4210
   -7.5000  -45.0000   37.500010467.4229   11.9982
    0.0000  -45.0000   37.500011004.2773   11.9916
    7.5000  -45.0000   37.500010531.9502   11.9594
   -7.5000  -37.5000   37.500011055.2979   11.9945
    0.0000  -37.5000   37.500011639.4072   11.9893
    7.5000  -37.5000   37.500011117.1025   11.9556
   -7.5000  -30.0000   37.500012006.3398   11.9884
    0.0000  -30.0000   37.500012730.4062   11.9852
    7.5000  -30.0000   37.500012121.9502   11.9503
   -7.5000  -22.5000   37.500012868.8115   11.9873
    0.0000  -22.5000   37.500013688.8369   11.9844
    7.5000  -22.5000   37.500012996.0068   11.9501
   -7.5000  -15.0000   37.500013648.6465   11.9922
    0.0000  -15.0000   37.500014437.6172   11.9884
    7.5000  -15.0000   37.500013730.5615   11.9552
   -7.5000   -7.5000   37.500014416.9697   11.9971
    0.0000   -7.5000   37.500015225.7031   11.9914
    7.5000   -7.5000   37.500014477.1328   11.9592
   -7.5000    0.0000   37.500014835.1963   11.9982
    0.0000    0.0000   37.500015663.5938   11.9916
    7.5000    0.0000   37.500014867.6465   11.9594
   -7.5000    7.5000   37.500013963.0605   11.9945
    0.0000    7.5000   37.500014723.5088   11.9893
    7.5000    7.5000   37.500013972.8770   11.9556
   -7.5000   15.0000   37.500012956.5820   11.9884
    0.0000   15.0000   37.500013650.4072   11.9852
    7.5000   15.0000   37.500012992.4785   11.9503
   -7.5000   22.5000   37.500011893.0850   11.9818
    0.0000   22.5000   37.500012535.0146   11.9789
    7.5000   22.5000   37.500011929.1064   11.9446
   -7.5000   30.0000   37.500010817.1992   11.8370
    0.0000   30.0000   37.500011409.2832   11.8332
    7.5000   30.0000   37.500010851.9990   11.8005
   -7.5000   37.5000   37.500010180.3965   11.8418
    0.0000   37.5000   37.500010724.3320   11.8362
    7.5000   37.5000   37.500010199.0186   11.8044
   -7.5000   45.0000   37.5000 9099.8057   11.5719
    0.0000   45.0000   37.5000 9580.0947   11.5654
    7.5000   45.0000   37.5000 9112.3086   11.5343
   -7.5000  -45.0000   45.0000 9688.4141   12.1333
    0.0000  -45.0000   45.000010149.1709   12.1233
    7.5000  -45.0000   45.0000 9766.8867   12.0916
   -7.5000  -37.5000   45.000010213.2188   12.1247
    0.0000  -37.5000   45.000010749.7012   12.1202
    7.5000  -37.5000   45.000010295.0479   12.0897
   -7.5000  -30.0000   45.000011086.9678   12.1104
    0.0000  -30.0000   45.000011704.9443   12.1096
    7.5000  -30.0000   45.000011187.6953   12.0803
   -7.5000  -22.5000   45.000011867.9121   12.1064
    0.0000  -22.5000   45.000012515.8984   12.1032
    7.5000  -22.5000   45.000011949.7334   12.0738
   -7.5000  -15.0000   45.000012572.9971   12.1153
    0.0000  -15.0000   45.000013208.8936   12.1074
    7.5000  -15.0000   45.000012608.8369   12.0766
   -7.5000   -7.5000   45.000013308.3730   12.1280
    0.0000   -7.5000   45.000013984.2061   12.1169
    7.5000   -7.5000   45.000013331.2471   12.0849
   -7.5000    0.0000   45.000013750.5449   12.1333
    0.0000    0.0000   45.000014457.1064   12.1233
    7.5000    0.0000   45.000013770.9131   12.0916
   -7.5000    7.5000   45.000012947.5693   12.1247
    0.0000    7.5000   45.000013589.1299   12.1202
    7.5000    7.5000   45.000012938.6943   12.0897
   -7.5000   15.0000   45.000012022.1875   12.1104
    0.0000   15.0000   45.000012614.0195   12.1096
    7.5000   15.0000   45.000012023.6963   12.0803
   -7.5000   22.5000   45.000011052.2803   12.1008
    0.0000   22.5000   45.000011613.1475   12.0976
    7.5000   22.5000   45.000011057.2051   12.0682
   -7.5000   30.0000   45.000010029.2891   11.9574
    0.0000   30.0000   45.000010554.6846   11.9497
    7.5000   30.0000   45.000010033.4648   11.9192
   -7.5000   37.5000   45.0000 9411.7656   11.9700
    0.0000   37.5000   45.0000 9886.0293   11.9591
    7.5000   37.5000   45.0000 9405.1914   11.9275
   -7.5000   45.0000   45.0000 8423.3848   11.7075
    0.0000   45.0000   45.0000 8843.2490   11.6978
    7.5000   45.0000   45.0000 8420.8750   11.6671

---------------------------------------------------------------------
imgreg_4dfp /opt/freesurfer/average/711-2C_as_mni_average_305 /opt/freesurfer/average/711-2B_as_mni_average_305_mask talsrcimg_g11 none talsrcimg_to_711-2C_as_mni_average_305_t4 4355
---------------------------------------------------------------------

freesurfer imgreg_4dfp.c
/opt/freesurfer/average/711-2C_as_mni_average_305.4dfp.img
       256       256       256         1
  1.000000  1.000000  1.000000
orientation T byte_order littleendian
Reading image: /opt/freesurfer/average/711-2C_as_mni_average_305.4dfp.img
dimensions:      256       256       256
mmppix:       1.0000   -1.0000   -1.0000
center:     128.0000 -129.0000 -129.0000
/opt/freesurfer/average/711-2B_as_mni_average_305_mask.4dfp.img
       256       256       256         1
  1.000000  1.000000  1.000000
orientation T byte_order littleendian
Reading mask: /opt/freesurfer/average/711-2B_as_mni_average_305_mask.4dfp.img (2306576 pixels)
talsrcimg_g11.4dfp.img
       256       256       256         1
  1.000000  1.000000  1.000000
orientation T byte_order littleendian
Reading image: talsrcimg_g11.4dfp.img
dimensions:      256       256       256
mmppix:       1.0000   -1.0000   -1.0000
center:     128.0000 -129.0000 -129.0000
rotation matrix determinant  1.000000
image alignment mode   4355 decimal     1103 hex
   -7.5000  -45.0000  -37.5000 2306.3669   11.5601
    0.0000  -45.0000  -37.5000 2322.0459   11.5109
    7.5000  -45.0000  -37.5000 2308.0896   11.5869
   -7.5000  -37.5000  -37.5000 2355.2024   10.9545
    0.0000  -37.5000  -37.5000 2374.2939   10.9169
    7.5000  -37.5000  -37.5000 2354.1479   10.9935
   -7.5000  -30.0000  -37.5000 2383.0269   10.5368
    0.0000  -30.0000  -37.5000 2401.6294   10.5182
    7.5000  -30.0000  -37.5000 2381.0750   10.5912
   -7.5000  -22.5000  -37.5000 2397.5591   10.3276
    0.0000  -22.5000  -37.5000 2416.2808   10.2870
    7.5000  -22.5000  -37.5000 2400.0728   10.3569
   -7.5000  -15.0000  -37.5000 2400.0747   10.3312
    0.0000  -15.0000  -37.5000 2417.5188   10.2549
    7.5000  -15.0000  -37.5000 2401.2646   10.3107
   -7.5000   -7.5000  -37.5000 2387.4541   10.5188
    0.0000   -7.5000  -37.5000 2409.2004   10.4510
    7.5000   -7.5000  -37.5000 2392.0852   10.4952
   -7.5000    0.0000  -37.5000 2358.5706   10.8983
    0.0000    0.0000  -37.5000 2381.3679   10.8325
    7.5000    0.0000  -37.5000 2361.8362   10.8743
   -7.5000    7.5000  -37.5000 2316.6394   11.4481
    0.0000    7.5000  -37.5000 2337.7217   11.3699
    7.5000    7.5000  -37.5000 2319.3926   11.4131
   -7.5000   15.0000  -37.5000 2251.7202   12.1560
    0.0000   15.0000  -37.5000 2268.3250   12.1024
    7.5000   15.0000  -37.5000 2251.4275   12.1132
   -7.5000   22.5000  -37.5000 2172.4153   13.1124
    0.0000   22.5000  -37.5000 2185.4497   13.0478
    7.5000   22.5000  -37.5000 2172.6655   13.0679
   -7.5000   30.0000  -37.5000 2070.3599   14.4089
    0.0000   30.0000  -37.5000 2088.4614   14.3075
    7.5000   30.0000  -37.5000 2071.0854   14.3845
   -7.5000   37.5000  -37.5000 1961.6154   16.1622
    0.0000   37.5000  -37.5000 1976.1693   16.0464
    7.5000   37.5000  -37.5000 1966.5088   16.1612
   -7.5000   45.0000  -37.5000 1842.0848   18.5373
    0.0000   45.0000  -37.5000 1858.8591   18.3126
    7.5000   45.0000  -37.5000 1845.7181   18.4707
   -7.5000  -45.0000  -30.0000 2444.8376   11.1435
    0.0000  -45.0000  -30.0000 2466.1562   11.1064
    7.5000  -45.0000  -30.0000 2448.3984   11.1648
   -7.5000  -37.5000  -30.0000 2498.9026   10.5588
    0.0000  -37.5000  -30.0000 2517.6587   10.4923
    7.5000  -37.5000  -30.0000 2500.6846   10.5627
   -7.5000  -30.0000  -30.0000 2532.2046   10.1176
    0.0000  -30.0000  -30.0000 2552.4731   10.0617
    7.5000  -30.0000  -30.0000 2532.8696   10.1429
   -7.5000  -22.5000  -30.0000 2550.0981    9.8731
    0.0000  -22.5000  -30.0000 2568.0359    9.8125
    7.5000  -22.5000  -30.0000 2548.9241    9.8895
   -7.5000  -15.0000  -30.0000 2543.7959    9.8674
    0.0000  -15.0000  -30.0000 2560.8816    9.7913
    7.5000  -15.0000  -30.0000 2547.0452    9.8567
   -7.5000   -7.5000  -30.0000 2533.3862   10.0405
    0.0000   -7.5000  -30.0000 2557.7043    9.9531
    7.5000   -7.5000  -30.0000 2537.7537   10.0192
   -7.5000    0.0000  -30.0000 2506.4495   10.3751
    0.0000    0.0000  -30.0000 2531.7590   10.2787
    7.5000    0.0000  -30.0000 2510.8564   10.3539
   -7.5000    7.5000  -30.0000 2467.4182   10.8720
    0.0000    7.5000  -30.0000 2495.2722   10.7804
    7.5000    7.5000  -30.0000 2470.5520   10.8300
   -7.5000   15.0000  -30.0000 2398.9443   11.5563
    0.0000   15.0000  -30.0000 2424.6355   11.4896
    7.5000   15.0000  -30.0000 2400.6970   11.4978
   -7.5000   22.5000  -30.0000 2310.0439   12.4584
    0.0000   22.5000  -30.0000 2332.8601   12.3969
    7.5000   22.5000  -30.0000 2312.7910   12.3927
   -7.5000   30.0000  -30.0000 2201.5117   13.6699
    0.0000   30.0000  -30.0000 2225.4468   13.5887
    7.5000   30.0000  -30.0000 2199.8662   13.6466
   -7.5000   37.5000  -30.0000 2079.4087   15.3489
    0.0000   37.5000  -30.0000 2099.6545   15.2337
    7.5000   37.5000  -30.0000 2084.6074   15.3032
   -7.5000   45.0000  -30.0000 1950.8495   17.5507
    0.0000   45.0000  -30.0000 1968.7676   17.3462
    7.5000   45.0000  -30.0000 1954.7708   17.4671
   -7.5000  -45.0000  -22.5000 2542.3459   10.7020
    0.0000  -45.0000  -22.5000 2568.2229   10.6208
    7.5000  -45.0000  -22.5000 2547.6162   10.7035
   -7.5000  -37.5000  -22.5000 2605.5391   10.0778
    0.0000  -37.5000  -22.5000 2626.5928   10.0051
    7.5000  -37.5000  -22.5000 2608.5784   10.0675
   -7.5000  -30.0000  -22.5000 2647.5168    9.6177
    0.0000  -30.0000  -22.5000 2665.4978    9.5399
    7.5000  -30.0000  -22.5000 2648.1350    9.6171
   -7.5000  -22.5000  -22.5000 2675.0422    9.3508
    0.0000  -22.5000  -22.5000 2696.1003    9.2701
    7.5000  -22.5000  -22.5000 2675.4492    9.3450
   -7.5000  -15.0000  -22.5000 2670.3462    9.3306
    0.0000  -15.0000  -22.5000 2691.1543    9.2661
    7.5000  -15.0000  -22.5000 2672.4199    9.3294
   -7.5000   -7.5000  -22.5000 2658.1379    9.4715
    0.0000   -7.5000  -22.5000 2683.9604    9.3851
    7.5000   -7.5000  -22.5000 2662.2258    9.4606
   -7.5000    0.0000  -22.5000 2633.7593    9.7899
    0.0000    0.0000  -22.5000 2661.8501    9.6713
    7.5000    0.0000  -22.5000 2639.7568    9.7629
   -7.5000    7.5000  -22.5000 2591.0906   10.2474
    0.0000    7.5000  -22.5000 2622.1758   10.1319
    7.5000    7.5000  -22.5000 2598.3394   10.2057
   -7.5000   15.0000  -22.5000 2521.1589   10.8933
    0.0000   15.0000  -22.5000 2551.1367   10.7952
    7.5000   15.0000  -22.5000 2525.4524   10.8329
   -7.5000   22.5000  -22.5000 2425.1912   11.7476
    0.0000   22.5000  -22.5000 2455.4424   11.6489
    7.5000   22.5000  -22.5000 2432.0396   11.6840
   -7.5000   30.0000  -22.5000 2306.9607   12.8876
    0.0000   30.0000  -22.5000 2335.0813   12.7928
    7.5000   30.0000  -22.5000 2315.5835   12.8451
   -7.5000   37.5000  -22.5000 2178.1519   14.4111
    0.0000   37.5000  -22.5000 2202.2754   14.3072
    7.5000   37.5000  -22.5000 2185.3096   14.3548
   -7.5000   45.0000  -22.5000 2036.8275   16.4379
    0.0000   45.0000  -22.5000 2056.8633   16.2864
    7.5000   45.0000  -22.5000 2040.4833   16.3371
   -7.5000  -45.0000  -15.0000 2602.6956   10.2758
    0.0000  -45.0000  -15.0000 2624.4495   10.1596
    7.5000  -45.0000  -15.0000 2605.2800   10.2439
   -7.5000  -37.5000  -15.0000 2672.8079    9.6113
    0.0000  -37.5000  -15.0000 2693.5002    9.5301
    7.5000  -37.5000  -15.0000 2679.1472    9.5914
   -7.5000  -30.0000  -15.0000 2724.0879    9.1353
    0.0000  -30.0000  -15.0000 2741.7324    9.0434
    7.5000  -30.0000  -15.0000 2725.8032    9.1129
   -7.5000  -22.5000  -15.0000 2766.2629    8.8350
    0.0000  -22.5000  -15.0000 2786.7522    8.7448
    7.5000  -22.5000  -15.0000 2763.5908    8.8271
   -7.5000  -15.0000  -15.0000 2769.4656    8.7972
    0.0000  -15.0000  -15.0000 2789.1743    8.7102
    7.5000  -15.0000  -15.0000 2766.7205    8.7862
   -7.5000   -7.5000  -15.0000 2765.1257    8.9342
    0.0000   -7.5000  -15.0000 2785.7183    8.8212
    7.5000   -7.5000  -15.0000 2766.5710    8.9072
   -7.5000    0.0000  -15.0000 2740.3411    9.2328
    0.0000    0.0000  -15.0000 2765.5491    9.0999
    7.5000    0.0000  -15.0000 2746.6506    9.2033
   -7.5000    7.5000  -15.0000 2690.7913    9.6635
    0.0000    7.5000  -15.0000 2721.9797    9.5305
    7.5000    7.5000  -15.0000 2698.7192    9.6068
   -7.5000   15.0000  -15.0000 2612.2874   10.2604
    0.0000   15.0000  -15.0000 2641.8076   10.1511
    7.5000   15.0000  -15.0000 2620.5774   10.1845
   -7.5000   22.5000  -15.0000 2510.1135   11.0811
    0.0000   22.5000  -15.0000 2538.8416   10.9702
    7.5000   22.5000  -15.0000 2520.2017   11.0031
   -7.5000   30.0000  -15.0000 2389.5090   12.1727
    0.0000   30.0000  -15.0000 2414.7388   12.0718
    7.5000   30.0000  -15.0000 2397.3342   12.1080
   -7.5000   37.5000  -15.0000 2247.2803   13.6085
    0.0000   37.5000  -15.0000 2274.9858   13.5090
    7.5000   37.5000  -15.0000 2260.3918   13.5308
   -7.5000   45.0000  -15.0000 2096.3943   15.4615
    0.0000   45.0000  -15.0000 2119.0137   15.3680
    7.5000   45.0000  -15.0000 2098.2874   15.3836
   -7.5000  -45.0000   -7.5000 2634.9351    9.8858
    0.0000  -45.0000   -7.5000 2654.2632    9.7804
    7.5000  -45.0000   -7.5000 2641.2336    9.8337
   -7.5000  -37.5000   -7.5000 2716.9448    9.2073
    0.0000  -37.5000   -7.5000 2739.9790    9.0990
    7.5000  -37.5000   -7.5000 2722.5029    9.1740
   -7.5000  -30.0000   -7.5000 2776.7456    8.6965
    0.0000  -30.0000   -7.5000 2797.5898    8.5990
    7.5000  -30.0000   -7.5000 2781.7397    8.6713
   -7.5000  -22.5000   -7.5000 2829.6250    8.3922
    0.0000  -22.5000   -7.5000 2852.2952    8.2676
    7.5000  -22.5000   -7.5000 2829.2454    8.3578
   -7.5000  -15.0000   -7.5000 2846.9250    8.3238
    0.0000  -15.0000   -7.5000 2867.3577    8.2129
    7.5000  -15.0000   -7.5000 2841.6509    8.2912
   -7.5000   -7.5000   -7.5000 2853.5649    8.4370
    0.0000   -7.5000   -7.5000 2875.8191    8.3132
    7.5000   -7.5000   -7.5000 2853.7522    8.4067
   -7.5000    0.0000   -7.5000 2825.9265    8.7315
    0.0000    0.0000   -7.5000 2855.3303    8.6008
    7.5000    0.0000   -7.5000 2834.7188    8.6844
   -7.5000    7.5000   -7.5000 2769.9993    9.1368
    0.0000    7.5000   -7.5000 2804.4531    9.0012
    7.5000    7.5000   -7.5000 2780.6160    9.0845
   -7.5000   15.0000   -7.5000 2686.4670    9.7005
    0.0000   15.0000   -7.5000 2713.8965    9.5715
    7.5000   15.0000   -7.5000 2696.3118    9.6336
   -7.5000   22.5000   -7.5000 2578.2092   10.4878
    0.0000   22.5000   -7.5000 2601.0872   10.3555
    7.5000   22.5000   -7.5000 2588.8894   10.4280
   -7.5000   30.0000   -7.5000 2452.2844   11.5311
    0.0000   30.0000   -7.5000 2478.1250   11.4066
    7.5000   30.0000   -7.5000 2463.0847   11.4734
   -7.5000   37.5000   -7.5000 2311.1719   12.8951
    0.0000   37.5000   -7.5000 2335.0022   12.7832
    7.5000   37.5000   -7.5000 2318.5071   12.8543
   -7.5000   45.0000   -7.5000 2145.7434   14.6621
    0.0000   45.0000   -7.5000 2165.0449   14.5563
    7.5000   45.0000   -7.5000 2149.4128   14.6205
   -7.5000  -45.0000    0.0000 2647.2661    9.5977
    0.0000  -45.0000    0.0000 2667.9038    9.4773
    7.5000  -45.0000    0.0000 2659.1292    9.5398
   -7.5000  -37.5000    0.0000 2742.5642    8.9059
    0.0000  -37.5000    0.0000 2766.3394    8.7979
    7.5000  -37.5000    0.0000 2752.6055    8.8607
   -7.5000  -30.0000    0.0000 2815.4080    8.3988
    0.0000  -30.0000    0.0000 2835.6790    8.2876
    7.5000  -30.0000    0.0000 2822.8284    8.3579
   -7.5000  -22.5000    0.0000 2870.0388    8.1067
    0.0000  -22.5000    0.0000 2893.7268    7.9811
    7.5000  -22.5000    0.0000 2874.1091    8.0879
   -7.5000  -15.0000    0.0000 2898.3008    7.9927
    0.0000  -15.0000    0.0000 2927.7554    7.8566
    7.5000  -15.0000    0.0000 2898.6753    7.9802
   -7.5000   -7.5000    0.0000 2911.6709    8.0859
    0.0000   -7.5000    0.0000 2941.1692    7.9356
    7.5000   -7.5000    0.0000 2916.9912    8.0716
   -7.5000    0.0000    0.0000 2887.6963    8.3417
    0.0000    0.0000    0.0000 2916.1921    8.2001
    7.5000    0.0000    0.0000 2896.7576    8.3234
   -7.5000    7.5000    0.0000 2831.3335    8.7274
    0.0000    7.5000    0.0000 2865.9038    8.5923
    7.5000    7.5000    0.0000 2847.5093    8.7010
   -7.5000   15.0000    0.0000 2742.5271    9.2768
    0.0000   15.0000    0.0000 2772.1785    9.1366
    7.5000   15.0000    0.0000 2754.4873    9.2432
   -7.5000   22.5000    0.0000 2632.6289   10.0610
    0.0000   22.5000    0.0000 2659.6831    9.9128
    7.5000   22.5000    0.0000 2644.9724   10.0110
   -7.5000   30.0000    0.0000 2501.5710   11.0892
    0.0000   30.0000    0.0000 2530.0461   10.9329
    7.5000   30.0000    0.0000 2514.1785   11.0399
   -7.5000   37.5000    0.0000 2351.2727   12.4116
    0.0000   37.5000    0.0000 2381.4385   12.2620
    7.5000   37.5000    0.0000 2358.6829   12.3675
   -7.5000   45.0000    0.0000 2180.1611   14.0644
    0.0000   45.0000    0.0000 2203.0200   13.9293
    7.5000   45.0000    0.0000 2184.0593   14.0222
   -7.5000  -45.0000    7.5000 2641.6406    9.4172
    0.0000  -45.0000    7.5000 2664.0640    9.3237
    7.5000  -45.0000    7.5000 2653.0725    9.3688
   -7.5000  -37.5000    7.5000 2746.8784    8.7110
    0.0000  -37.5000    7.5000 2771.9900    8.6370
    7.5000  -37.5000    7.5000 2758.5864    8.6893
   -7.5000  -30.0000    7.5000 2836.8738    8.2543
    0.0000  -30.0000    7.5000 2857.1548    8.1882
    7.5000  -30.0000    7.5000 2848.9949    8.2288
   -7.5000  -22.5000    7.5000 2902.6267    8.0325
    0.0000  -22.5000    7.5000 2935.7437    7.9585
    7.5000  -22.5000    7.5000 2918.7798    8.0029
   -7.5000  -15.0000    7.5000 2941.3376    7.8761
    0.0000  -15.0000    7.5000 2985.5566    7.7800
    7.5000  -15.0000    7.5000 2955.3071    7.8864
   -7.5000   -7.5000    7.5000 2957.8950    7.9039
    0.0000   -7.5000    7.5000 2999.6306    7.7836
    7.5000   -7.5000    7.5000 2964.3914    7.9123
   -7.5000    0.0000    7.5000 2928.0576    8.0923
    0.0000    0.0000    7.5000 2967.2708    7.9620
    7.5000    0.0000    7.5000 2937.8770    8.0666
   -7.5000    7.5000    7.5000 2875.0178    8.4454
    0.0000    7.5000    7.5000 2909.3062    8.3075
    7.5000    7.5000    7.5000 2888.7461    8.3829
   -7.5000   15.0000    7.5000 2778.8003    8.9988
    0.0000   15.0000    7.5000 2813.2537    8.8562
    7.5000   15.0000    7.5000 2797.5872    8.9130
   -7.5000   22.5000    7.5000 2662.3291    9.7908
    0.0000   22.5000    7.5000 2696.7014    9.6486
    7.5000   22.5000    7.5000 2679.1064    9.7020
   -7.5000   30.0000    7.5000 2526.0771   10.8008
    0.0000   30.0000    7.5000 2557.2209   10.6489
    7.5000   30.0000    7.5000 2538.7224   10.7251
   -7.5000   37.5000    7.5000 2381.5439   12.0831
    0.0000   37.5000    7.5000 2410.8198   11.9404
    7.5000   37.5000    7.5000 2386.0344   12.0175
   -7.5000   45.0000    7.5000 2215.5940   13.7432
    0.0000   45.0000    7.5000 2236.9265   13.5954
    7.5000   45.0000    7.5000 2217.7456   13.6554
   -7.5000  -45.0000   15.0000 2623.7834    9.4556
    0.0000  -45.0000   15.0000 2641.9082    9.3917
    7.5000  -45.0000   15.0000 2640.5017    9.4089
   -7.5000  -37.5000   15.0000 2738.7688    8.7427
    0.0000  -37.5000   15.0000 2755.0347    8.7240
    7.5000  -37.5000   15.0000 2753.8103    8.7213
   -7.5000  -30.0000   15.0000 2836.8604    8.2825
    0.0000  -30.0000   15.0000 2864.8416    8.2989
    7.5000  -30.0000   15.0000 2852.2168    8.2568
   -7.5000  -22.5000   15.0000 2920.2927    8.0539
    0.0000  -22.5000   15.0000 2968.1641    8.0867
    7.5000  -22.5000   15.0000 2939.3545    7.9988
   -7.5000  -15.0000   15.0000 2974.5156    7.9365
    0.0000  -15.0000   15.0000 3047.3267    7.9709
    7.5000  -15.0000   15.0000 2994.1411    7.8827
   -7.5000   -7.5000   15.0000 2982.8479    7.8932
    0.0000   -7.5000   15.0000 3044.0891    7.8808
    7.5000   -7.5000   15.0000 2993.4692    7.8746
   -7.5000    0.0000   15.0000 2948.3589    7.9799
    0.0000    0.0000   15.0000 2990.6855    7.8901
    7.5000    0.0000   15.0000 2954.0210    7.9446
   -7.5000    7.5000   15.0000 2890.7781    8.2799
    0.0000    7.5000   15.0000 2922.5073    8.1487
    7.5000    7.5000   15.0000 2903.8330    8.2083
   -7.5000   15.0000   15.0000 2792.7905    8.8399
    0.0000   15.0000   15.0000 2824.8662    8.6774
    7.5000   15.0000   15.0000 2811.2507    8.7512
   -7.5000   22.5000   15.0000 2677.2476    9.6346
    0.0000   22.5000   15.0000 2707.4001    9.4758
    7.5000   22.5000   15.0000 2692.3677    9.5619
   -7.5000   30.0000   15.0000 2536.7893   10.6530
    0.0000   30.0000   15.0000 2567.8958   10.4959
    7.5000   30.0000   15.0000 2552.4407   10.5859
   -7.5000   37.5000   15.0000 2393.5750   11.9420
    0.0000   37.5000   15.0000 2421.8003   11.8100
    7.5000   37.5000   15.0000 2402.8162   11.8875
   -7.5000   45.0000   15.0000 2224.3577   13.5809
    0.0000   45.0000   15.0000 2251.5203   13.4712
    7.5000   45.0000   15.0000 2229.5498   13.4924
   -7.5000  -45.0000   22.5000 2604.9219    9.7178
    0.0000  -45.0000   22.5000 2624.4285    9.7080
    7.5000  -45.0000   22.5000 2612.0510    9.6570
   -7.5000  -37.5000   22.5000 2721.5474    8.9693
    0.0000  -37.5000   22.5000 2742.5400    9.0113
    7.5000  -37.5000   22.5000 2730.5820    8.9329
   -7.5000  -30.0000   22.5000 2824.6912    8.4687
    0.0000  -30.0000   22.5000 2850.7639    8.5138
    7.5000  -30.0000   22.5000 2832.9717    8.4241
   -7.5000  -22.5000   22.5000 2918.6687    8.1709
    0.0000  -22.5000   22.5000 2962.8296    8.2384
    7.5000  -22.5000   22.5000 2931.8430    8.1279
   -7.5000  -15.0000   22.5000 2981.2092    7.9720
    0.0000  -15.0000   22.5000 3054.4417    8.0347
    7.5000  -15.0000   22.5000 2998.7646    7.9416
   -7.5000   -7.5000   22.5000 2985.1135    7.9617
    0.0000   -7.5000   22.5000 3057.3291    7.9395
    7.5000   -7.5000   22.5000 2999.3621    7.9245
   -7.5000    0.0000   22.5000 2939.1206    8.0848
    0.0000    0.0000   22.5000 2983.9424    7.9912
    7.5000    0.0000   22.5000 2948.4883    8.0359
   -7.5000    7.5000   22.5000 2875.4231    8.3828
    0.0000    7.5000   22.5000 2911.7463    8.2369
    7.5000    7.5000   22.5000 2890.4690    8.3011
   -7.5000   15.0000   22.5000 2783.0161    8.8981
    0.0000   15.0000   22.5000 2812.2039    8.7483
    7.5000   15.0000   22.5000 2797.7649    8.8095
   -7.5000   22.5000   22.5000 2671.2473    9.6549
    0.0000   22.5000   22.5000 2699.7280    9.5014
    7.5000   22.5000   22.5000 2686.5005    9.5731
   -7.5000   30.0000   22.5000 2535.1953   10.6330
    0.0000   30.0000   22.5000 2560.0571   10.4855
    7.5000   30.0000   22.5000 2548.9822   10.5738
   -7.5000   37.5000   22.5000 2388.0779   11.9095
    0.0000   37.5000   22.5000 2414.6858   11.7534
    7.5000   37.5000   22.5000 2398.8770   11.8513
   -7.5000   45.0000   22.5000 2215.3604   13.5343
    0.0000   45.0000   22.5000 2242.7690   13.3808
    7.5000   45.0000   22.5000 2228.2827   13.4694
   -7.5000  -45.0000   30.0000 2577.0574   10.0250
    0.0000  -45.0000   30.0000 2596.5547    9.9758
    7.5000  -45.0000   30.0000 2586.9263    9.9443
   -7.5000  -37.5000   30.0000 2694.1775    9.2527
    0.0000  -37.5000   30.0000 2712.6470    9.2210
    7.5000  -37.5000   30.0000 2703.9160    9.1813
   -7.5000  -30.0000   30.0000 2796.6782    8.6989
    0.0000  -30.0000   30.0000 2825.8713    8.6751
    7.5000  -30.0000   30.0000 2810.5129    8.6437
   -7.5000  -22.5000   30.0000 2890.0022    8.2999
    0.0000  -22.5000   30.0000 2936.7053    8.3162
    7.5000  -22.5000   30.0000 2906.5681    8.2581
   -7.5000  -15.0000   30.0000 2948.5337    8.0651
    0.0000  -15.0000   30.0000 3010.9243    8.0227
    7.5000  -15.0000   30.0000 2966.0088    8.0241
   -7.5000   -7.5000   30.0000 2956.2903    8.0885
    0.0000   -7.5000   30.0000 3017.0652    7.9685
    7.5000   -7.5000   30.0000 2969.5559    8.0430
   -7.5000    0.0000   30.0000 2912.9719    8.2917
    0.0000    0.0000   30.0000 2957.5364    8.1514
    7.5000    0.0000   30.0000 2926.0449    8.2372
   -7.5000    7.5000   30.0000 2843.8386    8.6102
    0.0000    7.5000   30.0000 2881.4773    8.4676
    7.5000    7.5000   30.0000 2861.4385    8.5411
   -7.5000   15.0000   30.0000 2749.2134    9.1391
    0.0000   15.0000   30.0000 2782.6899    8.9876
    7.5000   15.0000   30.0000 2769.3103    9.0427
   -7.5000   22.5000   30.0000 2643.4360    9.8670
    0.0000   22.5000   30.0000 2669.8750    9.7100
    7.5000   22.5000   30.0000 2661.6941    9.7767
   -7.5000   30.0000   30.0000 2511.8066   10.8278
    0.0000   30.0000   30.0000 2539.6375   10.6723
    7.5000   30.0000   30.0000 2528.6594   10.7420
   -7.5000   37.5000   30.0000 2363.2988   12.0295
    0.0000   37.5000   30.0000 2387.3254   11.8923
    7.5000   37.5000   30.0000 2377.2083   11.9606
   -7.5000   45.0000   30.0000 2188.8572   13.6011
    0.0000   45.0000   30.0000 2213.3657   13.4565
    7.5000   45.0000   30.0000 2202.2507   13.5057
   -7.5000  -45.0000   37.5000 2546.9514   10.4063
    0.0000  -45.0000   37.5000 2571.6028   10.2574
    7.5000  -45.0000   37.5000 2561.4275   10.2763
   -7.5000  -37.5000   37.5000 2659.5664    9.5863
    0.0000  -37.5000   37.5000 2681.1858    9.4608
    7.5000  -37.5000   37.5000 2673.6934    9.4803
   -7.5000  -30.0000   37.5000 2759.6760    8.9785
    0.0000  -30.0000   37.5000 2788.8271    8.8993
    7.5000  -30.0000   37.5000 2777.9072    8.9054
   -7.5000  -22.5000   37.5000 2841.8103    8.5476
    0.0000  -22.5000   37.5000 2884.0681    8.4907
    7.5000  -22.5000   37.5000 2862.0278    8.4889
   -7.5000  -15.0000   37.5000 2893.0664    8.3215
    0.0000  -15.0000   37.5000 2939.1609    8.2168
    7.5000  -15.0000   37.5000 2911.0776    8.2599
   -7.5000   -7.5000   37.5000 2904.0420    8.3756
    0.0000   -7.5000   37.5000 2952.0796    8.2398
    7.5000   -7.5000   37.5000 2921.3499    8.3170
   -7.5000    0.0000   37.5000 2868.1428    8.6119
    0.0000    0.0000   37.5000 2911.3018    8.4785
    7.5000    0.0000   37.5000 2884.1191    8.5551
   -7.5000    7.5000   37.5000 2800.9810    8.9722
    0.0000    7.5000   37.5000 2835.0339    8.8323
    7.5000    7.5000   37.5000 2814.1750    8.9085
   -7.5000   15.0000   37.5000 2706.4824    9.4859
    0.0000   15.0000   37.5000 2737.3687    9.3576
    7.5000   15.0000   37.5000 2727.2671    9.4214
   -7.5000   22.5000   37.5000 2598.3064   10.2059
    0.0000   22.5000   37.5000 2624.8672   10.0641
    7.5000   22.5000   37.5000 2617.1169   10.1276
   -7.5000   30.0000   37.5000 2469.8853   11.1342
    0.0000   30.0000   37.5000 2497.9685   10.9731
    7.5000   30.0000   37.5000 2489.7766   11.0395
   -7.5000   37.5000   37.5000 2322.7935   12.3183
    0.0000   37.5000   37.5000 2347.0874   12.1667
    7.5000   37.5000   37.5000 2337.0527   12.2314
   -7.5000   45.0000   37.5000 2151.0833   13.8733
    0.0000   45.0000   37.5000 2174.3047   13.7482
    7.5000   45.0000   37.5000 2162.6284   13.7900
   -7.5000  -45.0000   45.0000 2506.3831   10.8596
    0.0000  -45.0000   45.0000 2526.3879   10.6457
    7.5000  -45.0000   45.0000 2522.2151   10.7142
   -7.5000  -37.5000   45.0000 2614.1184   10.0166
    0.0000  -37.5000   45.0000 2640.1133    9.8441
    7.5000  -37.5000   45.0000 2631.8223    9.8950
   -7.5000  -30.0000   45.0000 2708.9380    9.4028
    0.0000  -30.0000   45.0000 2739.8958    9.2836
    7.5000  -30.0000   45.0000 2727.3723    9.3150
   -7.5000  -22.5000   45.0000 2782.9688    8.9582
    0.0000  -22.5000   45.0000 2822.2871    8.8093
    7.5000  -22.5000   45.0000 2804.7295    8.8615
   -7.5000  -15.0000   45.0000 2827.9778    8.7374
    0.0000  -15.0000   45.0000 2868.7385    8.5676
    7.5000  -15.0000   45.0000 2846.6758    8.6395
   -7.5000   -7.5000   45.0000 2833.4861    8.8095
    0.0000   -7.5000   45.0000 2875.2415    8.6700
    7.5000   -7.5000   45.0000 2852.9775    8.7300
   -7.5000    0.0000   45.0000 2798.6357    9.0448
    0.0000    0.0000   45.0000 2841.2056    8.9142
    7.5000    0.0000   45.0000 2817.6450    8.9723
   -7.5000    7.5000   45.0000 2734.4094    9.4303
    0.0000    7.5000   45.0000 2764.5945    9.2937
    7.5000    7.5000   45.0000 2747.0764    9.3625
   -7.5000   15.0000   45.0000 2647.9929    9.9552
    0.0000   15.0000   45.0000 2672.0115    9.8184
    7.5000   15.0000   45.0000 2664.3789    9.8809
   -7.5000   22.5000   45.0000 2545.0288   10.6799
    0.0000   22.5000   45.0000 2567.3552   10.5315
    7.5000   22.5000   45.0000 2560.2275   10.5866
   -7.5000   30.0000   45.0000 2415.2747   11.5722
    0.0000   30.0000   45.0000 2442.1484   11.4089
    7.5000   30.0000   45.0000 2433.2739   11.4564
   -7.5000   37.5000   45.0000 2265.7915   12.7445
    0.0000   37.5000   45.0000 2288.2168   12.5950
    7.5000   37.5000   45.0000 2281.1299   12.6600
   -7.5000   45.0000   45.0000 2103.7834   14.3128
    0.0000   45.0000   45.0000 2125.8418   14.1598
    7.5000   45.0000   45.0000 2116.5879   14.2182
   -7.5000  -45.0000   52.5000 2454.1421   11.4820
    0.0000  -45.0000   52.5000 2474.4126   11.1943
    7.5000  -45.0000   52.5000 2470.8384   11.3107
   -7.5000  -37.5000   52.5000 2556.8745   10.5886
    0.0000  -37.5000   52.5000 2583.2373   10.3730
    7.5000  -37.5000   52.5000 2577.0652   10.4627
   -7.5000  -30.0000   52.5000 2645.4851    9.9367
    0.0000  -30.0000   52.5000 2679.9075    9.7530
    7.5000  -30.0000   52.5000 2666.8552    9.8255
   -7.5000  -22.5000   52.5000 2713.3538    9.4869
    0.0000  -22.5000   52.5000 2754.7126    9.2812
    7.5000  -22.5000   52.5000 2740.9888    9.3672
   -7.5000  -15.0000   52.5000 2752.6208    9.2874
    0.0000  -15.0000   52.5000 2794.6365    9.1017
    7.5000  -15.0000   52.5000 2774.7053    9.1823
   -7.5000   -7.5000   52.5000 2754.7058    9.3617
    0.0000   -7.5000   52.5000 2793.5315    9.1914
    7.5000   -7.5000   52.5000 2771.9187    9.2591
   -7.5000    0.0000   52.5000 2715.1868    9.5978
    0.0000    0.0000   52.5000 2754.9385    9.4565
    7.5000    0.0000   52.5000 2736.7607    9.5045
   -7.5000    7.5000   52.5000 2655.8857    9.9921
    0.0000    7.5000   52.5000 2684.6116    9.8428
    7.5000    7.5000   52.5000 2672.1809    9.8995
   -7.5000   15.0000   52.5000 2575.0981   10.4951
    0.0000   15.0000   52.5000 2596.2817   10.3460
    7.5000   15.0000   52.5000 2589.3274   10.4056
   -7.5000   22.5000   52.5000 2476.0942   11.2158
    0.0000   22.5000   52.5000 2497.3706   11.0680
    7.5000   22.5000   52.5000 2490.5957   11.1027
   -7.5000   30.0000   52.5000 2347.3254   12.1383
    0.0000   30.0000   52.5000 2372.8491   11.9626
    7.5000   30.0000   52.5000 2361.9912   12.0181
   -7.5000   37.5000   52.5000 2198.8376   13.3319
    0.0000   37.5000   52.5000 2225.4753   13.1663
    7.5000   37.5000   52.5000 2212.7065   13.2269
   -7.5000   45.0000   52.5000 2048.6204   14.8795
    0.0000   45.0000   52.5000 2069.5461   14.7154
    7.5000   45.0000   52.5000 2059.9666   14.8058

---------------------------------------------------------------------
imgreg_4dfp /opt/freesurfer/average/711-2C_as_mni_average_305 /opt/freesurfer/average/711-2B_as_mni_average_305_mask talsrcimg_g11 none talsrcimg_to_711-2C_as_mni_average_305_t4 1283
---------------------------------------------------------------------

freesurfer imgreg_4dfp.c
/opt/freesurfer/average/711-2C_as_mni_average_305.4dfp.img
       256       256       256         1
  1.000000  1.000000  1.000000
orientation T byte_order littleendian
Reading image: /opt/freesurfer/average/711-2C_as_mni_average_305.4dfp.img
dimensions:      256       256       256
mmppix:       1.0000   -1.0000   -1.0000
center:     128.0000 -129.0000 -129.0000
/opt/freesurfer/average/711-2B_as_mni_average_305_mask.4dfp.img
       256       256       256         1
  1.000000  1.000000  1.000000
orientation T byte_order littleendian
Reading mask: /opt/freesurfer/average/711-2B_as_mni_average_305_mask.4dfp.img (2306576 pixels)
talsrcimg_g11.4dfp.img
       256       256       256         1
  1.000000  1.000000  1.000000
orientation T byte_order littleendian
Reading image: talsrcimg_g11.4dfp.img
dimensions:      256       256       256
mmppix:       1.0000   -1.0000   -1.0000
center:     128.0000 -129.0000 -129.0000
rotation matrix determinant  1.000000
fimgreg.f
image alignment mode   1283 decimal      503 hex
parameters
    0.0000   -7.5000   22.5000    0.0000    0.0000    0.0000
eta,q 0.95830  7.93463
niter,ni,del,rscale     5    3   12.0000    1.2000
parameter  2  0.774501 ->  0.500000 qaram    1.1500
parameter  3  0.501532 ->  0.500000 qaram    1.1500
parameter  4  0.582647 ->  0.500000 qaram    1.1500
parameters
    0.6574  -10.9500   19.0500   -3.4500    0.2384   -0.6666
eta,q 0.96560  8.01556
  0.0604  0.0389  0.0380  0.0351  0.0449  0.0386
  0.0525  0.0372  0.0358  0.0345  0.0400  0.0358
  0.0461  0.0387  0.0357  0.0342  0.0358  0.0346
  0.0425  0.0422  0.0375  0.0357  0.0344  0.0344
  0.0435  0.0474  0.0407  0.0391  0.0354  0.0353
  0.0478  0.0533  0.0448  0.0435  0.0386  0.0375
  0.0545  0.0600  0.0493  0.0482  0.0436  0.0410
niter,ni,del,rscale     7    3   12.0000    1.2000
parameters
    0.4974  -10.6147   19.1514   -3.7387    0.4671   -0.7060
eta,q 0.96541  8.01766
  0.0504  0.0488  0.0456  0.0409  0.0451  0.0397
  0.0414  0.0400  0.0387  0.0372  0.0402  0.0365
  0.0351  0.0347  0.0356  0.0351  0.0360  0.0349
  0.0344  0.0343  0.0346  0.0346  0.0346  0.0346
  0.0373  0.0363  0.0357  0.0348  0.0355  0.0351
  0.0431  0.0393  0.0392  0.0377  0.0388  0.0368
  0.0513  0.0449  0.0442  0.0426  0.0438  0.0397
niter,ni,del,rscale     6    3   12.0000    1.2000
parameters
    0.4206  -10.4779   19.1043   -3.8175    0.5462   -0.7186
eta,q 0.96537  8.01698
  0.0511  0.0479  0.0453  0.0413  0.0447  0.0397
  0.0420  0.0393  0.0383  0.0376  0.0398  0.0366
  0.0355  0.0344  0.0354  0.0352  0.0358  0.0350
  0.0346  0.0345  0.0346  0.0346  0.0346  0.0346
  0.0374  0.0365  0.0359  0.0348  0.0357  0.0352
  0.0430  0.0397  0.0396  0.0373  0.0391  0.0367
  0.0511  0.0453  0.0447  0.0421  0.0443  0.0396
niter,ni,del,rscale     5    3   12.0000    1.2000
parameters
    0.3976  -10.4537   19.0881   -3.8313    0.5712   -0.7228
eta,q 0.96537  8.01678
  0.0514  0.0473  0.0455  0.0414  0.0446  0.0398
  0.0423  0.0389  0.0384  0.0377  0.0396  0.0366
  0.0357  0.0343  0.0353  0.0353  0.0357  0.0350
  0.0346  0.0346  0.0346  0.0346  0.0346  0.0346
  0.0373  0.0366  0.0359  0.0347  0.0357  0.0352
  0.0429  0.0399  0.0395  0.0372  0.0393  0.0367
  0.0508  0.0456  0.0446  0.0420  0.0445  0.0396
registration optimization eta report
parameter search radius
    6.0000    6.9000    6.9000    6.9000    6.0000    6.0000
100000*second partial in parameter space
       46.       25.       22.       15.       28.       14.
  0.0514  0.0473  0.0455  0.0414  0.0446  0.0398
  0.0423  0.0389  0.0384  0.0377  0.0396  0.0366
  0.0357  0.0343  0.0353  0.0353  0.0357  0.0350
  0.0346  0.0346  0.0346  0.0346  0.0346  0.0346
  0.0373  0.0366  0.0359  0.0347  0.0357  0.0352
  0.0429  0.0399  0.0395  0.0372  0.0393  0.0367
  0.0508  0.0456  0.0446  0.0420  0.0445  0.0396
    0.3976  -10.4537   19.0881   -3.8313    0.5712   -0.7228
eta,q 0.96537  8.01678

---------------------------------------------------------------------
imgreg_4dfp /opt/freesurfer/average/711-2C_as_mni_average_305 /opt/freesurfer/average/711-2B_as_mni_average_305_mask talsrcimg_g11 none talsrcimg_to_711-2C_as_mni_average_305_t4 3335
---------------------------------------------------------------------

freesurfer imgreg_4dfp.c
/opt/freesurfer/average/711-2C_as_mni_average_305.4dfp.img
       256       256       256         1
  1.000000  1.000000  1.000000
orientation T byte_order littleendian
Reading image: /opt/freesurfer/average/711-2C_as_mni_average_305.4dfp.img
dimensions:      256       256       256
mmppix:       1.0000   -1.0000   -1.0000
center:     128.0000 -129.0000 -129.0000
/opt/freesurfer/average/711-2B_as_mni_average_305_mask.4dfp.img
       256       256       256         1
  1.000000  1.000000  1.000000
orientation T byte_order littleendian
Reading mask: /opt/freesurfer/average/711-2B_as_mni_average_305_mask.4dfp.img (2306576 pixels)
talsrcimg_g11.4dfp.img
       256       256       256         1
  1.000000  1.000000  1.000000
orientation T byte_order littleendian
Reading image: talsrcimg_g11.4dfp.img
dimensions:      256       256       256
mmppix:       1.0000   -1.0000   -1.0000
center:     128.0000 -129.0000 -129.0000
fimgreg.f
image alignment mode   3335 decimal      D07 hex
parameters
    0.3976  -10.4537   19.0881   -0.0129   -0.2323   -0.2285
    1.3253   -0.9104   -1.2615    6.6940    0.9970   -6.6816
eta,q 0.96634  8.01720
niter,ni,del,rscale     5    3    5.0000    1.2000
parameter  5  1.027900 ->  0.500000 qaram    1.1500
parameter 11 -0.922243 -> -0.500000 qaram    1.1500
parameter 12  0.915163 ->  0.500000 qaram    1.1500
parameters
    0.4246  -10.7310   19.2838   -2.2485   -4.3723   -1.2005
    1.3654    0.9314    0.3718    4.7887    5.1370  -10.8216
eta,q 0.96971  7.79995
  0.0368  0.0352  0.0349  0.0345  0.0316  0.0324  0.0347  0.0370  0.0341  0.0328  0.0328  0.0304
  0.0351  0.0342  0.0342  0.0340  0.0318  0.0321  0.0333  0.0346  0.0330  0.0318  0.0323  0.0302
  0.0340  0.0337  0.0338  0.0337  0.0325  0.0320  0.0323  0.0329  0.0322  0.0314  0.0318  0.0305
  0.0337  0.0337  0.0336  0.0336  0.0336  0.0320  0.0320  0.0320  0.0318  0.0317  0.0315  0.0311
  0.0340  0.0341  0.0337  0.0343  0.0351  0.0316  0.0323  0.0318  0.0317  0.0324  0.0312  0.0318
  0.0350  0.0349  0.0340  0.0358  0.0372  0.0320  0.0332  0.0323  0.0320  0.0334  0.0311  0.0327
  0.0367  0.0360  0.0346  0.0380  0.0395  0.0337  0.0346  0.0336  0.0327  0.0351  0.0311  0.0337
niter,ni,del,rscale     7    3    5.0000    1.2000
parameters
    0.7170  -10.5052   19.2373   -1.9971   -7.3227   -0.3133
    1.1989    0.9693   -0.5242    5.6635    5.8927  -12.4522
eta,q 0.97026  7.76337
  0.0340  0.0332  0.0315  0.0323  0.0311  0.0313  0.0325  0.0337  0.0314  0.0329  0.0311  0.0309
  0.0322  0.0316  0.0308  0.0314  0.0303  0.0306  0.0311  0.0317  0.0304  0.0311  0.0306  0.0301
  0.0309  0.0306  0.0304  0.0307  0.0299  0.0301  0.0302  0.0304  0.0299  0.0301  0.0301  0.0298
  0.0303  0.0302  0.0302  0.0302  0.0302  0.0299  0.0299  0.0299  0.0299  0.0298  0.0299  0.0299
  0.0304  0.0304  0.0304  0.0302  0.0314  0.0298  0.0303  0.0302  0.0303  0.0301  0.0299  0.0303
  0.0311  0.0311  0.0309  0.0309  0.0332  0.0298  0.0313  0.0316  0.0311  0.0306  0.0302  0.0311
  0.0326  0.0322  0.0317  0.0324  0.0354  0.0309  0.0328  0.0337  0.0323  0.0315  0.0308  0.0320
niter,ni,del,rscale     6    3    5.0000    1.2000
parameters
    0.8340  -10.2231   19.2715   -1.7193   -7.9216   -0.3360
    1.2811    0.9917   -0.7452    6.2961    5.7868  -12.5944
eta,q 0.97026  7.75598
  0.0330  0.0325  0.0310  0.0318  0.0321  0.0310  0.0325  0.0336  0.0315  0.0325  0.0308  0.0314
  0.0313  0.0310  0.0303  0.0309  0.0310  0.0304  0.0311  0.0315  0.0305  0.0308  0.0303  0.0304
  0.0302  0.0301  0.0299  0.0302  0.0301  0.0300  0.0301  0.0302  0.0299  0.0300  0.0299  0.0299
  0.0297  0.0297  0.0297  0.0297  0.0297  0.0297  0.0297  0.0297  0.0297  0.0297  0.0297  0.0297
  0.0300  0.0298  0.0298  0.0296  0.0300  0.0296  0.0300  0.0301  0.0300  0.0300  0.0299  0.0300
  0.0309  0.0304  0.0303  0.0303  0.0313  0.0299  0.0309  0.0314  0.0306  0.0305  0.0303  0.0306
  0.0325  0.0314  0.0310  0.0319  0.0332  0.0315  0.0324  0.0336  0.0317  0.0314  0.0310  0.0314
niter,ni,del,rscale     5    3    5.0000    1.2000
parameters
    0.8480  -10.0844   19.2393   -1.7267   -8.1320   -0.2534
    1.3076    1.0111   -0.7027    6.6102    5.7535  -12.7312
eta,q 0.97024  7.75385
  0.0328  0.0321  0.0309  0.0316  0.0322  0.0310  0.0325  0.0335  0.0315  0.0321  0.0309  0.0314
  0.0311  0.0308  0.0303  0.0308  0.0311  0.0304  0.0310  0.0315  0.0306  0.0306  0.0303  0.0304
  0.0301  0.0300  0.0299  0.0302  0.0302  0.0300  0.0301  0.0302  0.0300  0.0299  0.0299  0.0299
  0.0297  0.0297  0.0297  0.0297  0.0297  0.0298  0.0298  0.0298  0.0297  0.0297  0.0298  0.0298
  0.0300  0.0299  0.0299  0.0297  0.0299  0.0296  0.0300  0.0301  0.0300  0.0300  0.0299  0.0300
  0.0310  0.0305  0.0303  0.0305  0.0310  0.0299  0.0310  0.0314  0.0305  0.0306  0.0302  0.0306
  0.0327  0.0316  0.0310  0.0320  0.0328  0.0314  0.0324  0.0336  0.0315  0.0315  0.0310  0.0314
niter,ni,del,rscale     4    3    5.0000    1.2000
parameters
    0.8536  -10.0100   19.2126   -1.7345   -8.2424   -0.2686
    1.2948    1.0232   -0.6868    6.7729    5.7416  -12.8018
eta,q 0.97022  7.75032
  0.0328  0.0319  0.0309  0.0316  0.0322  0.0310  0.0324  0.0335  0.0315  0.0320  0.0309  0.0314
  0.0311  0.0307  0.0303  0.0308  0.0311  0.0304  0.0310  0.0315  0.0306  0.0306  0.0303  0.0304
  0.0301  0.0300  0.0299  0.0302  0.0303  0.0300  0.0301  0.0303  0.0300  0.0299  0.0299  0.0299
  0.0298  0.0298  0.0298  0.0298  0.0298  0.0298  0.0298  0.0298  0.0298  0.0298  0.0298  0.0298
  0.0301  0.0299  0.0299  0.0297  0.0299  0.0296  0.0301  0.0301  0.0300  0.0301  0.0299  0.0300
  0.0311  0.0306  0.0303  0.0305  0.0309  0.0299  0.0310  0.0315  0.0306  0.0307  0.0303  0.0306
  0.0328  0.0317  0.0310  0.0320  0.0327  0.0315  0.0325  0.0336  0.0315  0.0316  0.0309  0.0314
niter,ni,del,rscale     3    3    5.0000    1.2000
parameters
    0.8579   -9.9662   19.1844   -1.7540   -8.3060   -0.2875
    1.2863    1.0342   -0.6785    6.8759    5.7365  -12.8510
eta,q 0.97021  7.74753
  0.0328  0.0319  0.0310  0.0316  0.0322  0.0310  0.0325  0.0335  0.0315  0.0319  0.0309  0.0314
  0.0311  0.0307  0.0303  0.0308  0.0311  0.0304  0.0310  0.0315  0.0306  0.0305  0.0303  0.0304
  0.0301  0.0300  0.0299  0.0302  0.0303  0.0300  0.0301  0.0303  0.0300  0.0299  0.0299  0.0299
  0.0298  0.0298  0.0298  0.0298  0.0298  0.0298  0.0298  0.0298  0.0298  0.0298  0.0298  0.0298
  0.0301  0.0300  0.0299  0.0297  0.0299  0.0296  0.0301  0.0301  0.0300  0.0301  0.0299  0.0300
  0.0311  0.0306  0.0303  0.0305  0.0309  0.0299  0.0310  0.0315  0.0306  0.0307  0.0303  0.0306
  0.0328  0.0317  0.0310  0.0320  0.0326  0.0315  0.0325  0.0336  0.0315  0.0316  0.0309  0.0314
niter,ni,del,rscale     2    3    5.0000    1.2000
parameters
    0.8627   -9.9348   19.1647   -1.7677   -8.3454   -0.3151
    1.2761    1.0404   -0.6763    6.9464    5.7345  -12.8797
eta,q 0.97019  7.74514
  0.0328  0.0318  0.0310  0.0316  0.0322  0.0310  0.0325  0.0335  0.0315  0.0319  0.0309  0.0314
  0.0311  0.0307  0.0303  0.0309  0.0311  0.0304  0.0310  0.0315  0.0306  0.0305  0.0303  0.0305
  0.0301  0.0300  0.0299  0.0303  0.0303  0.0300  0.0301  0.0303  0.0300  0.0299  0.0300  0.0299
  0.0298  0.0298  0.0298  0.0298  0.0298  0.0298  0.0298  0.0298  0.0298  0.0298  0.0298  0.0298
  0.0301  0.0300  0.0299  0.0297  0.0299  0.0296  0.0301  0.0301  0.0300  0.0301  0.0299  0.0300
  0.0311  0.0306  0.0303  0.0305  0.0309  0.0299  0.0310  0.0315  0.0306  0.0307  0.0303  0.0306
  0.0328  0.0317  0.0310  0.0320  0.0326  0.0315  0.0325  0.0336  0.0315  0.0316  0.0309  0.0314
niter,ni,del,rscale     1    3    5.0000    1.2000
parameters
    0.8656   -9.9127   19.1479   -1.7770   -8.3716   -0.3365
    1.2720    1.0473   -0.6746    6.9982    5.7345  -12.9083
eta,q 0.97019  7.74349
  0.0328  0.0318  0.0310  0.0316  0.0322  0.0310  0.0325  0.0335  0.0315  0.0318  0.0309  0.0314
  0.0311  0.0307  0.0303  0.0308  0.0311  0.0304  0.0310  0.0315  0.0306  0.0305  0.0303  0.0305
  0.0301  0.0300  0.0299  0.0303  0.0303  0.0300  0.0301  0.0303  0.0300  0.0299  0.0300  0.0299
  0.0298  0.0298  0.0298  0.0298  0.0298  0.0298  0.0298  0.0298  0.0298  0.0298  0.0298  0.0298
  0.0301  0.0300  0.0299  0.0297  0.0299  0.0296  0.0301  0.0301  0.0300  0.0301  0.0299  0.0300
  0.0311  0.0307  0.0304  0.0305  0.0309  0.0299  0.0310  0.0315  0.0306  0.0307  0.0303  0.0306
  0.0328  0.0317  0.0310  0.0320  0.0326  0.0315  0.0325  0.0336  0.0315  0.0316  0.0309  0.0314
registration optimization eta report
parameter search radius
    2.4000    2.4000    2.4000    7.2000    8.2800    7.2000
    7.2000    7.2000    7.2000    7.2000    8.2800    8.2800
100000*second partial in parameter space
       52.       34.       21.        4.        4.        3.
        5.        7.        3.        4.        2.        2.
  0.0328  0.0318  0.0310  0.0316  0.0322  0.0310  0.0325  0.0335  0.0315  0.0318  0.0309  0.0314
  0.0311  0.0307  0.0303  0.0308  0.0311  0.0304  0.0310  0.0315  0.0306  0.0305  0.0303  0.0305
  0.0301  0.0300  0.0299  0.0303  0.0303  0.0300  0.0301  0.0303  0.0300  0.0299  0.0300  0.0299
  0.0298  0.0298  0.0298  0.0298  0.0298  0.0298  0.0298  0.0298  0.0298  0.0298  0.0298  0.0298
  0.0301  0.0300  0.0299  0.0297  0.0299  0.0296  0.0301  0.0301  0.0300  0.0301  0.0299  0.0300
  0.0311  0.0307  0.0304  0.0305  0.0309  0.0299  0.0310  0.0315  0.0306  0.0307  0.0303  0.0306
  0.0328  0.0317  0.0310  0.0320  0.0326  0.0315  0.0325  0.0336  0.0315  0.0316  0.0309  0.0314
    0.8656   -9.9127   19.1479   -1.7770   -8.3716   -0.3365
    1.2720    1.0473   -0.6746    6.9982    5.7345  -12.9083
eta,q 0.97019  7.74349

---------------------------------------------------------------------
imgreg_4dfp /opt/freesurfer/average/711-2C_as_mni_average_305 /opt/freesurfer/average/711-2B_as_mni_average_305_mask talsrcimg_g11 none talsrcimg_to_711-2C_as_mni_average_305_t4 2311
---------------------------------------------------------------------

freesurfer imgreg_4dfp.c
/opt/freesurfer/average/711-2C_as_mni_average_305.4dfp.img
       256       256       256         1
  1.000000  1.000000  1.000000
orientation T byte_order littleendian
Reading image: /opt/freesurfer/average/711-2C_as_mni_average_305.4dfp.img
dimensions:      256       256       256
mmppix:       1.0000   -1.0000   -1.0000
center:     128.0000 -129.0000 -129.0000
/opt/freesurfer/average/711-2B_as_mni_average_305_mask.4dfp.img
       256       256       256         1
  1.000000  1.000000  1.000000
orientation T byte_order littleendian
Reading mask: /opt/freesurfer/average/711-2B_as_mni_average_305_mask.4dfp.img (2306576 pixels)
talsrcimg_g11.4dfp.img
       256       256       256         1
  1.000000  1.000000  1.000000
orientation T byte_order littleendian
Reading image: talsrcimg_g11.4dfp.img
dimensions:      256       256       256
mmppix:       1.0000   -1.0000   -1.0000
center:     128.0000 -129.0000 -129.0000
fimgreg.f
image alignment mode   2311 decimal      907 hex
parameters
    0.8656   -9.9127   19.1479   -1.7770   -8.3716   -0.3365
    1.2720    1.0473   -0.6746    6.9982    5.7345  -12.9083
eta,q 0.97019  7.74349
niter,ni,del,rscale     5    3    5.0000    0.8000
parameters
    0.8776   -9.9005   19.1483   -1.0082   -7.8135    1.2475
    1.3325    0.8158   -0.6407    7.1108    5.3614  -13.2781
eta,q 0.97048  7.83976
  0.0311  0.0307  0.0303  0.0308  0.0308  0.0304  0.0310  0.0313  0.0304  0.0306  0.0300  0.0301
  0.0304  0.0302  0.0301  0.0305  0.0304  0.0301  0.0302  0.0303  0.0299  0.0300  0.0297  0.0297
  0.0300  0.0299  0.0299  0.0301  0.0300  0.0298  0.0297  0.0297  0.0296  0.0296  0.0296  0.0295
  0.0298  0.0298  0.0298  0.0298  0.0297  0.0297  0.0295  0.0295  0.0295  0.0295  0.0295  0.0295
  0.0299  0.0299  0.0299  0.0297  0.0297  0.0295  0.0297  0.0298  0.0296  0.0297  0.0296  0.0297
  0.0304  0.0302  0.0300  0.0299  0.0299  0.0295  0.0301  0.0306  0.0299  0.0300  0.0298  0.0299
  0.0311  0.0307  0.0304  0.0305  0.0305  0.0299  0.0309  0.0317  0.0304  0.0304  0.0301  0.0303
niter,ni,del,rscale     4    3    5.0000    0.7000
parameters
    0.8376  -10.0520   19.3210   -0.8815   -7.7082    1.5266
    1.2966    0.7546   -0.5486    6.8776    5.1771  -13.1013
eta,q 0.97055  7.85618
  0.0306  0.0301  0.0301  0.0304  0.0304  0.0300  0.0305  0.0310  0.0302  0.0302  0.0298  0.0300
  0.0300  0.0298  0.0298  0.0300  0.0300  0.0298  0.0299  0.0301  0.0298  0.0297  0.0296  0.0297
  0.0296  0.0296  0.0296  0.0297  0.0297  0.0297  0.0296  0.0296  0.0295  0.0295  0.0295  0.0295
  0.0295  0.0295  0.0295  0.0295  0.0295  0.0295  0.0295  0.0295  0.0295  0.0295  0.0294  0.0294
  0.0297  0.0297  0.0295  0.0295  0.0295  0.0294  0.0296  0.0296  0.0295  0.0296  0.0295  0.0295
  0.0301  0.0300  0.0296  0.0298  0.0298  0.0295  0.0300  0.0302  0.0298  0.0299  0.0297  0.0297
  0.0307  0.0305  0.0299  0.0305  0.0304  0.0301  0.0306  0.0311  0.0301  0.0303  0.0299  0.0299
niter,ni,del,rscale     3    3    5.0000    0.6000
parameters
    0.8125  -10.1406   19.4091   -0.7171   -7.5744    1.9545
    1.2490    0.6687   -0.5530    6.7895    4.9881  -13.0011
eta,q 0.97063  7.87884
  0.0303  0.0299  0.0299  0.0302  0.0302  0.0299  0.0302  0.0305  0.0299  0.0300  0.0297  0.0298
  0.0298  0.0296  0.0296  0.0299  0.0298  0.0297  0.0297  0.0299  0.0296  0.0296  0.0295  0.0296
  0.0295  0.0295  0.0295  0.0296  0.0296  0.0296  0.0295  0.0295  0.0294  0.0294  0.0294  0.0294
  0.0294  0.0294  0.0294  0.0294  0.0294  0.0294  0.0294  0.0294  0.0294  0.0294  0.0294  0.0294
  0.0296  0.0295  0.0295  0.0295  0.0295  0.0293  0.0295  0.0295  0.0294  0.0295  0.0294  0.0294
  0.0298  0.0298  0.0296  0.0297  0.0297  0.0294  0.0298  0.0299  0.0296  0.0297  0.0295  0.0296
  0.0303  0.0301  0.0298  0.0302  0.0301  0.0298  0.0302  0.0306  0.0299  0.0300  0.0297  0.0297
niter,ni,del,rscale     2    3    5.0000    0.5000
parameters
    0.7955  -10.2109   19.5075   -0.5902   -7.4772    2.3952
    1.2011    0.5880   -0.5752    6.7627    4.7903  -12.9194
eta,q 0.97069  7.89948
  0.0300  0.0297  0.0297  0.0299  0.0299  0.0298  0.0299  0.0301  0.0297  0.0298  0.0295  0.0296
  0.0296  0.0295  0.0295  0.0297  0.0297  0.0296  0.0296  0.0297  0.0295  0.0295  0.0294  0.0294
  0.0294  0.0294  0.0294  0.0295  0.0295  0.0295  0.0294  0.0294  0.0294  0.0294  0.0293  0.0293
  0.0294  0.0294  0.0294  0.0294  0.0294  0.0294  0.0293  0.0293  0.0293  0.0293  0.0293  0.0293
  0.0295  0.0294  0.0294  0.0294  0.0294  0.0293  0.0294  0.0294  0.0294  0.0294  0.0293  0.0293
  0.0297  0.0296  0.0295  0.0296  0.0296  0.0294  0.0296  0.0297  0.0295  0.0295  0.0294  0.0294
  0.0300  0.0298  0.0296  0.0299  0.0299  0.0297  0.0299  0.0302  0.0297  0.0298  0.0296  0.0296
niter,ni,del,rscale     1    3    5.0000    0.4000
parameters
    0.7782  -10.2651   19.6061   -0.5083   -7.4061    2.8114
    1.1644    0.5128   -0.6010    6.7472    4.6281  -12.8735
eta,q 0.97074  7.91641
  0.0297  0.0295  0.0295  0.0297  0.0297  0.0296  0.0296  0.0298  0.0295  0.0296  0.0294  0.0295
  0.0295  0.0294  0.0294  0.0295  0.0295  0.0295  0.0294  0.0295  0.0294  0.0294  0.0293  0.0294
  0.0294  0.0293  0.0293  0.0294  0.0294  0.0294  0.0293  0.0293  0.0293  0.0293  0.0293  0.0293
  0.0293  0.0293  0.0293  0.0293  0.0293  0.0293  0.0293  0.0293  0.0293  0.0293  0.0293  0.0293
  0.0294  0.0294  0.0293  0.0293  0.0293  0.0292  0.0293  0.0293  0.0293  0.0293  0.0293  0.0293
  0.0295  0.0295  0.0294  0.0295  0.0294  0.0293  0.0295  0.0295  0.0294  0.0294  0.0294  0.0293
  0.0297  0.0296  0.0294  0.0297  0.0297  0.0295  0.0297  0.0299  0.0295  0.0296  0.0295  0.0294
registration optimization eta report
parameter search radius
    0.8000    0.8000    0.8000    2.4000    2.4000    2.4000
    2.4000    2.4000    2.4000    2.4000    2.4000    2.4000
100000*second partial in parameter space
       62.       42.       29.        7.        6.        5.
        7.       10.        4.        5.        3.        3.
  0.0297  0.0295  0.0295  0.0297  0.0297  0.0296  0.0296  0.0298  0.0295  0.0296  0.0294  0.0295
  0.0295  0.0294  0.0294  0.0295  0.0295  0.0295  0.0294  0.0295  0.0294  0.0294  0.0293  0.0294
  0.0294  0.0293  0.0293  0.0294  0.0294  0.0294  0.0293  0.0293  0.0293  0.0293  0.0293  0.0293
  0.0293  0.0293  0.0293  0.0293  0.0293  0.0293  0.0293  0.0293  0.0293  0.0293  0.0293  0.0293
  0.0294  0.0294  0.0293  0.0293  0.0293  0.0292  0.0293  0.0293  0.0293  0.0293  0.0293  0.0293
  0.0295  0.0295  0.0294  0.0295  0.0294  0.0293  0.0295  0.0295  0.0294  0.0294  0.0294  0.0293
  0.0297  0.0296  0.0294  0.0297  0.0297  0.0295  0.0297  0.0299  0.0295  0.0296  0.0295  0.0294
    0.7782  -10.2651   19.6061   -0.5083   -7.4061    2.8114
    1.1644    0.5128   -0.6010    6.7472    4.6281  -12.8735
eta,q 0.97074  7.91641

---------------------------------------------------------------------
imgreg_4dfp /opt/freesurfer/average/711-2C_as_mni_average_305 /opt/freesurfer/average/711-2B_as_mni_average_305_mask talsrcimg_g11 none talsrcimg_to_711-2C_as_mni_average_305_t4 2311
---------------------------------------------------------------------

freesurfer imgreg_4dfp.c
/opt/freesurfer/average/711-2C_as_mni_average_305.4dfp.img
       256       256       256         1
  1.000000  1.000000  1.000000
orientation T byte_order littleendian
Reading image: /opt/freesurfer/average/711-2C_as_mni_average_305.4dfp.img
dimensions:      256       256       256
mmppix:       1.0000   -1.0000   -1.0000
center:     128.0000 -129.0000 -129.0000
/opt/freesurfer/average/711-2B_as_mni_average_305_mask.4dfp.img
       256       256       256         1
  1.000000  1.000000  1.000000
orientation T byte_order littleendian
Reading mask: /opt/freesurfer/average/711-2B_as_mni_average_305_mask.4dfp.img (2306576 pixels)
talsrcimg_g11.4dfp.img
       256       256       256         1
  1.000000  1.000000  1.000000
orientation T byte_order littleendian
Reading image: talsrcimg_g11.4dfp.img
dimensions:      256       256       256
mmppix:       1.0000   -1.0000   -1.0000
center:     128.0000 -129.0000 -129.0000
fimgreg.f
image alignment mode   2311 decimal      907 hex
parameters
    0.7782  -10.2651   19.6061   -0.5083   -7.4061    2.8114
    1.1644    0.5128   -0.6010    6.7472    4.6281  -12.8734
eta,q 0.97074  7.91641
niter,ni,del,rscale     5    3    5.0000    0.8000
parameters
    0.7561  -10.3195   19.7226   -0.9299   -7.7394    1.9509
    1.2852    0.6848   -0.3874    6.4163    4.9645  -12.6116
eta,q 0.97060  7.86859
  0.0308  0.0303  0.0302  0.0304  0.0304  0.0300  0.0309  0.0316  0.0304  0.0303  0.0300  0.0302
  0.0299  0.0297  0.0297  0.0299  0.0299  0.0298  0.0301  0.0304  0.0299  0.0298  0.0297  0.0297
  0.0294  0.0294  0.0294  0.0295  0.0295  0.0295  0.0296  0.0297  0.0295  0.0294  0.0295  0.0295
  0.0293  0.0293  0.0293  0.0293  0.0293  0.0293  0.0294  0.0294  0.0294  0.0294  0.0294  0.0294
  0.0295  0.0294  0.0293  0.0294  0.0294  0.0294  0.0296  0.0296  0.0295  0.0296  0.0294  0.0295
  0.0300  0.0298  0.0296  0.0300  0.0300  0.0301  0.0300  0.0302  0.0298  0.0300  0.0296  0.0297
  0.0309  0.0304  0.0300  0.0310  0.0309  0.0315  0.0308  0.0313  0.0302  0.0306  0.0299  0.0300
niter,ni,del,rscale     4    3    5.0000    0.7000
parameters
    0.7853  -10.2706   19.5757   -0.7685   -7.5962    1.7054
    1.2355    0.7365   -0.4861    6.3791    5.0686  -12.7179
eta,q 0.97060  7.86686
  0.0306  0.0302  0.0298  0.0304  0.0303  0.0299  0.0305  0.0310  0.0301  0.0302  0.0299  0.0299
  0.0299  0.0298  0.0296  0.0300  0.0299  0.0297  0.0299  0.0301  0.0297  0.0297  0.0296  0.0296
  0.0296  0.0295  0.0294  0.0296  0.0296  0.0296  0.0295  0.0296  0.0295  0.0295  0.0295  0.0294
  0.0294  0.0294  0.0294  0.0294  0.0294  0.0294  0.0294  0.0294  0.0294  0.0294  0.0294  0.0294
  0.0295  0.0295  0.0295  0.0294  0.0294  0.0293  0.0295  0.0295  0.0295  0.0295  0.0294  0.0295
  0.0299  0.0297  0.0297  0.0297  0.0297  0.0296  0.0299  0.0301  0.0298  0.0298  0.0296  0.0297
  0.0305  0.0301  0.0300  0.0304  0.0303  0.0304  0.0305  0.0309  0.0302  0.0302  0.0298  0.0299
niter,ni,del,rscale     3    3    5.0000    0.6000
parameters
    0.7955  -10.2808   19.5295   -0.6695   -7.4705    1.9524
    1.2422    0.6838   -0.5589    6.4462    4.9916  -12.7865
eta,q 0.97065  7.88162
  0.0303  0.0300  0.0297  0.0302  0.0301  0.0298  0.0302  0.0305  0.0299  0.0300  0.0297  0.0298
  0.0298  0.0296  0.0295  0.0298  0.0298  0.0297  0.0297  0.0299  0.0296  0.0296  0.0295  0.0295
  0.0295  0.0295  0.0294  0.0296  0.0295  0.0295  0.0295  0.0295  0.0294  0.0294  0.0294  0.0294
  0.0294  0.0294  0.0294  0.0294  0.0294  0.0294  0.0294  0.0294  0.0294  0.0294  0.0294  0.0294
  0.0295  0.0295  0.0295  0.0294  0.0294  0.0293  0.0295  0.0295  0.0294  0.0294  0.0294  0.0294
  0.0298  0.0297  0.0296  0.0297  0.0297  0.0294  0.0297  0.0299  0.0296  0.0296  0.0295  0.0296
  0.0302  0.0300  0.0298  0.0302  0.0301  0.0299  0.0302  0.0306  0.0299  0.0299  0.0297  0.0298
niter,ni,del,rscale     2    3    5.0000    0.5000
parameters
    0.7925  -10.2968   19.5615   -0.5769   -7.4060    2.3688
    1.2191    0.6005   -0.5987    6.5494    4.8313  -12.7955
eta,q 0.97070  7.90021
  0.0300  0.0298  0.0296  0.0299  0.0299  0.0297  0.0299  0.0301  0.0297  0.0298  0.0295  0.0296
  0.0296  0.0295  0.0295  0.0297  0.0296  0.0296  0.0296  0.0297  0.0295  0.0295  0.0294  0.0294
  0.0294  0.0294  0.0294  0.0295  0.0295  0.0295  0.0294  0.0294  0.0293  0.0294  0.0293  0.0293
  0.0294  0.0294  0.0294  0.0294  0.0293  0.0293  0.0293  0.0293  0.0293  0.0293  0.0293  0.0293
  0.0294  0.0294  0.0294  0.0294  0.0294  0.0293  0.0294  0.0294  0.0294  0.0294  0.0293  0.0293
  0.0296  0.0295  0.0295  0.0296  0.0296  0.0293  0.0296  0.0297  0.0295  0.0295  0.0294  0.0294
  0.0300  0.0298  0.0296  0.0299  0.0299  0.0297  0.0299  0.0302  0.0297  0.0297  0.0296  0.0296
niter,ni,del,rscale     1    3    5.0000    0.4000
parameters
    0.7776  -10.3175   19.6296   -0.5059   -7.3507    2.7665
    1.1815    0.5228   -0.6167    6.6043    4.6525  -12.7895
eta,q 0.97074  7.91614
  0.0297  0.0296  0.0295  0.0297  0.0297  0.0296  0.0296  0.0298  0.0295  0.0296  0.0294  0.0295
  0.0295  0.0294  0.0294  0.0295  0.0295  0.0295  0.0294  0.0295  0.0294  0.0294  0.0293  0.0293
  0.0293  0.0293  0.0293  0.0294  0.0294  0.0294  0.0293  0.0293  0.0293  0.0293  0.0293  0.0293
  0.0293  0.0293  0.0293  0.0293  0.0293  0.0293  0.0293  0.0293  0.0293  0.0293  0.0293  0.0293
  0.0294  0.0293  0.0293  0.0293  0.0293  0.0292  0.0293  0.0293  0.0293  0.0293  0.0293  0.0293
  0.0295  0.0294  0.0294  0.0295  0.0294  0.0293  0.0294  0.0295  0.0294  0.0294  0.0294  0.0294
  0.0297  0.0296  0.0295  0.0297  0.0297  0.0295  0.0297  0.0299  0.0295  0.0296  0.0295  0.0295
registration optimization eta report
parameter search radius
    0.8000    0.8000    0.8000    2.4000    2.4000    2.4000
    2.4000    2.4000    2.4000    2.4000    2.4000    2.4000
100000*second partial in parameter space
       62.       43.       30.        7.        6.        5.
        7.       10.        5.        5.        3.        3.
  0.0297  0.0296  0.0295  0.0297  0.0297  0.0296  0.0296  0.0298  0.0295  0.0296  0.0294  0.0295
  0.0295  0.0294  0.0294  0.0295  0.0295  0.0295  0.0294  0.0295  0.0294  0.0294  0.0293  0.0293
  0.0293  0.0293  0.0293  0.0294  0.0294  0.0294  0.0293  0.0293  0.0293  0.0293  0.0293  0.0293
  0.0293  0.0293  0.0293  0.0293  0.0293  0.0293  0.0293  0.0293  0.0293  0.0293  0.0293  0.0293
  0.0294  0.0293  0.0293  0.0293  0.0293  0.0292  0.0293  0.0293  0.0293  0.0293  0.0293  0.0293
  0.0295  0.0294  0.0294  0.0295  0.0294  0.0293  0.0294  0.0295  0.0294  0.0294  0.0294  0.0294
  0.0297  0.0296  0.0295  0.0297  0.0297  0.0295  0.0297  0.0299  0.0295  0.0296  0.0295  0.0295
    0.7776  -10.3175   19.6296   -0.5059   -7.3507    2.7665
    1.1815    0.5228   -0.6167    6.6043    4.6525  -12.7895
eta,q 0.97074  7.91614

---------------------------------------------------------------------
compute_vox2vox talsrcimg talsrcimg_to_711-2C_as_mni_average_305_t4 /opt/freesurfer/average/711-2C_as_mni_average_305
---------------------------------------------------------------------

freesurfer compute_vox2vox.c
Reading: talsrcimg.4dfp.ifh
Reading: talsrcimg_to_711-2C_as_mni_average_305_t4
Reading: /opt/freesurfer/average/711-2C_as_mni_average_305.4dfp.ifh
Writing: talsrcimg_to_711-2C_as_mni_average_305_t4_vox2vox.txt

start time Fri Mar 13 23:15:48 CET 2026
end		time Fri Mar 13 23:17:14 CET 2026

mpr2mni305 success

avi2talxfm orig_nu.mgz /opt/freesurfer/average/mni305.cor.mgz talsrcimg_to_711-2C_as_mni_average_305_t4_vox2vox.txt transforms/talairach.auto.xfm
avi2talxfm done
mv -f /out/sourcedata/freesurfer/sub-v2s7x29794_ses-1/mri/talsrcimg_to_711-2C_as_mni_average_305_t4_vox2vox.txt /out/sourcedata/freesurfer/sub-v2s7x29794_ses-1/mri/transforms/talsrcimg_to_711-2C_as_mni_average_305_t4_vox2vox.txt
lta_convert --src orig_nu.mgz --trg /opt/freesurfer/average/mni305.cor.mgz --inxfm transforms/talairach.auto.xfm --outlta transforms/talairach.auto.xfm.lta --subject fsaverage
7.3.2

--src: orig_nu.mgz src image (geometry).
--trg: /opt/freesurfer/average/mni305.cor.mgz trg image (geometry).
--inmni: transforms/talairach.auto.xfm input MNI/XFM transform.
--outlta: transforms/talairach.auto.xfm.lta output LTA.
--s: fsaverage subject name
 LTA read, type : 1
 1.00520  -0.00425  -0.01341   4.43659;
-0.04428   0.96471   0.13374  -41.57085;
 0.00985  -0.06880   1.06972  -20.77884;
 0.00000   0.00000   0.00000   1.00000;
setting subject to fsaverage
Writing  LTA to file transforms/talairach.auto.xfm.lta...
lta_convert successful.
 
 
Started at Fri Mar 13 23:15:48 CET 2026
Ended   at Fri Mar 13 23:17:14 CET 2026
talairach_avi done
