/out/sourcedata/freesurfer/sub-v2s7x29670_ses-1/mri
/opt/freesurfer/bin/talairach_avi
--i orig_nu.mgz --xfm transforms/talairach.auto.xfm
talairach_avi 7.3.2
Linux dna085 5.14.0-427.37.1.el9_4.x86_64 #1 SMP PREEMPT_DYNAMIC Fri Sep 13 12:41:50 EDT 2024 x86_64 x86_64 x86_64 GNU/Linux
Fri Mar 13 22:39:53 CET 2026
mri_convert orig_nu.mgz talsrcimg.img 
reading from orig_nu.mgz...
TR=0.00, TE=0.00, TI=0.00, flip angle=0.00
i_ras = (-1, 0, 0)
j_ras = (0, 0, -1)
k_ras = (0, 1, 0)
writing to talsrcimg.img...
Analyze Output Matrix
-1.00000   0.00000   0.00000   143.72945;
 0.00000   0.00000   1.00000  -126.96928;
 0.00000  -1.00000   0.00000   146.01611;
 0.00000   0.00000   0.00000   1.00000;
--------------------
INFO: set hdr.hist.orient to -1
mpr2mni305 talsrcimg
Fri Mar 13 22:39:53 CET 2026
/opt/freesurfer/bin/mpr2mni305 talsrcimg
mpr2mni305 7.3.2
target=711-2C_as_mni_average_305

---------------------------------------------------------------------
analyzeto4dfp talsrcimg -O0 -y
---------------------------------------------------------------------

freesurfer ifh2hdr.c
Fri Mar 13 22:39:53 2026
Writing: talsrcimg.4dfp.hdr
freesurfer analyzeto4dfp.c
Reading: talsrcimg.hdr
header size 348 bytes
hdr.dime.datatype	offset=70	value=2
hdr.dime.bitpix		offset=72	value=8
hdr.hist.orient		offset=252	value=-1
dimensionality     4
dimensions       256       256       256         1
Reading: talsrcimg.img
Writing: talsrcimg.4dfp.img
Writing: talsrcimg.4dfp.ifh
ifh2hdr talsrcimg -r0to255
ori=2

---------------------------------------------------------------------
gauss_4dfp talsrcimg 1.1
---------------------------------------------------------------------

freesurfer gauss_4dfp.c
Reading: talsrcimg.4dfp.img
Writing: talsrcimg_g11.4dfp.img
image dimensions 256 256 256 padded to 288 288 288
processing volume 1freesurfer ifh2hdr.c
Fri Mar 13 22:39:55 2026
Writing: talsrcimg_g11.4dfp.hdr

Writing: talsrcimg_g11.4dfp.ifh
including: talsrcimg.4dfp.img.rec in talsrcimg_g11.4dfp.img.rec

---------------------------------------------------------------------
imgreg_4dfp /opt/freesurfer/average/711-2C_as_mni_average_305 none talsrcimg_g11 none talsrcimg_to_711-2C_as_mni_average_305_t4 4355
---------------------------------------------------------------------

freesurfer imgreg_4dfp.c
/opt/freesurfer/average/711-2C_as_mni_average_305.4dfp.img
       256       256       256         1
  1.000000  1.000000  1.000000
orientation T byte_order littleendian
Reading image: /opt/freesurfer/average/711-2C_as_mni_average_305.4dfp.img
dimensions:      256       256       256
mmppix:       1.0000   -1.0000   -1.0000
center:     128.0000 -129.0000 -129.0000
talsrcimg_g11.4dfp.img
       256       256       256         1
  1.000000  1.000000  1.000000
orientation T byte_order littleendian
Reading image: talsrcimg_g11.4dfp.img
dimensions:      256       256       256
mmppix:       1.0000   -1.0000   -1.0000
center:     128.0000 -129.0000 -129.0000
t4_read: open error in t4_sub.f l:  41 t4_file(1:l)talsrcimg_to_711-2C_as_mni_average_305_t4 
t4_read: transform initialized to I4
rotation matrix determinant  1.000000
image alignment mode   4355 decimal     1103 hex
   -7.5000  -45.0000  -45.0000 8756.4463   12.7431
    0.0000  -45.0000  -45.0000 9129.7139   12.7493
    7.5000  -45.0000  -45.0000 8678.6230   12.7686
   -7.5000  -37.5000  -45.0000 9100.7373   12.7365
    0.0000  -37.5000  -45.0000 9475.8379   12.7489
    7.5000  -37.5000  -45.0000 8997.3223   12.7722
   -7.5000  -30.0000  -45.0000 9755.0146   12.7294
    0.0000  -30.0000  -45.000010142.5508   12.7525
    7.5000  -30.0000  -45.0000 9613.9688   12.7847
   -7.5000  -22.5000  -45.000010341.3115   12.7273
    0.0000  -22.5000  -45.000010757.0771   12.7553
    7.5000  -22.5000  -45.000010212.6074   12.7927
   -7.5000  -15.0000  -45.000010819.5703   12.7307
    0.0000  -15.0000  -45.000011245.0713   12.7534
    7.5000  -15.0000  -45.000010647.7715   12.7885
   -7.5000   -7.5000  -45.000011197.0674   12.7394
    0.0000   -7.5000  -45.000011606.6641   12.7511
    7.5000   -7.5000  -45.000010968.7090   12.7769
   -7.5000    0.0000  -45.000011309.0664   12.7431
    0.0000    0.0000  -45.000011719.8350   12.7493
    7.5000    0.0000  -45.000011108.5186   12.7686
   -7.5000    7.5000  -45.000010477.2783   12.7365
    0.0000    7.5000  -45.000010881.9102   12.7489
    7.5000    7.5000  -45.000010338.1309   12.7722
   -7.5000   15.0000  -45.0000 9709.7549   12.7413
    0.0000   15.0000  -45.000010094.5859   12.7641
    7.5000   15.0000  -45.0000 9575.5605   12.7962
   -7.5000   22.5000  -45.0000 8974.4961   12.8114
    0.0000   22.5000  -45.0000 9316.4453   12.8388
    7.5000   22.5000  -45.0000 8814.9834   12.8768
   -7.5000   30.0000  -45.0000 8240.0195   12.7900
    0.0000   30.0000  -45.0000 8569.6074   12.8112
    7.5000   30.0000  -45.0000 8061.1450   12.8470
   -7.5000   37.5000  -45.0000 7878.3579   13.0195
    0.0000   37.5000  -45.0000 8181.0479   13.0301
    7.5000   37.5000  -45.0000 7693.4082   13.0570
   -7.5000   45.0000  -45.0000 7263.9380   12.9955
    0.0000   45.0000  -45.0000 7538.7769   13.0033
    7.5000   45.0000  -45.0000 7099.7280   13.0249
   -7.5000  -45.0000  -37.5000 9344.7148   12.6725
    0.0000  -45.0000  -37.5000 9739.7568   12.6728
    7.5000  -45.0000  -37.5000 9256.9248   12.6860
   -7.5000  -37.5000  -37.5000 9739.1875   12.6656
    0.0000  -37.5000  -37.500010116.4111   12.6717
    7.5000  -37.5000  -37.5000 9598.6699   12.6892
   -7.5000  -30.0000  -37.500010426.8643   12.6537
    0.0000  -30.0000  -37.500010838.3730   12.6719
    7.5000  -30.0000  -37.500010256.7441   12.6989
   -7.5000  -22.5000  -37.500010984.9922   12.6470
    0.0000  -22.5000  -37.500011432.0137   12.6722
    7.5000  -22.5000  -37.500010804.3721   12.7052
   -7.5000  -15.0000  -37.500011480.5605   12.6507
    0.0000  -15.0000  -37.500011925.8223   12.6715
    7.5000  -15.0000  -37.500011245.2881   12.7022
   -7.5000   -7.5000  -37.500011845.9092   12.6644
    0.0000   -7.5000  -37.500012287.8896   12.6724
    7.5000   -7.5000  -37.500011587.0986   12.6928
   -7.5000    0.0000  -37.500011981.3301   12.6725
    0.0000    0.0000  -37.500012446.3252   12.6728
    7.5000    0.0000  -37.500011764.1064   12.6860
   -7.5000    7.5000  -37.500011179.2021   12.6656
    0.0000    7.5000  -37.500011619.3203   12.6717
    7.5000    7.5000  -37.500010997.9922   12.6892
   -7.5000   15.0000  -37.500010349.8623   12.6659
    0.0000   15.0000  -37.500010766.0156   12.6838
    7.5000   15.0000  -37.500010167.0459   12.7108
   -7.5000   22.5000  -37.5000 9535.1309   12.7300
    0.0000   22.5000  -37.5000 9906.6611   12.7547
    7.5000   22.5000  -37.5000 9348.9053   12.7883
   -7.5000   30.0000  -37.5000 8705.8398   12.7089
    0.0000   30.0000  -37.5000 9042.5850   12.7279
    7.5000   30.0000  -37.5000 8520.1641   12.7595
   -7.5000   37.5000  -37.5000 8301.9561   12.9414
    0.0000   37.5000  -37.5000 8590.5449   12.9476
    7.5000   37.5000  -37.5000 8100.2324   12.9688
   -7.5000   45.0000  -37.5000 7625.5005   12.9215
    0.0000   45.0000  -37.5000 7897.9741   12.9240
    7.5000   45.0000  -37.5000 7475.2788   12.9401
   -7.5000  -45.0000  -30.000010087.7598   13.1457
    0.0000  -45.0000  -30.000010501.1084   13.1430
    7.5000  -45.0000  -30.0000 9974.4883   13.1539
   -7.5000  -37.5000  -30.000010536.5576   13.1417
    0.0000  -37.5000  -30.000010954.7891   13.1446
    7.5000  -37.5000  -30.000010369.0723   13.1594
   -7.5000  -30.0000  -30.000011244.7979   13.1268
    0.0000  -30.0000  -30.000011704.2295   13.1455
    7.5000  -30.0000  -30.000011056.8975   13.1711
   -7.5000  -22.5000  -30.000011823.4932   13.1129
    0.0000  -22.5000  -30.000012296.0967   13.1431
    7.5000  -22.5000  -30.000011590.8262   13.1768
   -7.5000  -15.0000  -30.000012316.7178   13.1141
    0.0000  -15.0000  -30.000012803.9570   13.1406
    7.5000  -15.0000  -30.000012034.8379   13.1726
   -7.5000   -7.5000  -30.000012698.0068   13.1319
    0.0000   -7.5000  -30.000013181.7900   13.1414
    7.5000   -7.5000  -30.000012399.0381   13.1614
   -7.5000    0.0000  -30.000012839.9619   13.1457
    0.0000    0.0000  -30.000013354.4893   13.1430
    7.5000    0.0000  -30.000012587.7832   13.1539
   -7.5000    7.5000  -30.000012033.2432   13.1417
    0.0000    7.5000  -30.000012534.8281   13.1446
    7.5000    7.5000  -30.000011808.5596   13.1594
   -7.5000   15.0000  -30.000011147.2148   13.1394
    0.0000   15.0000  -30.000011613.4238   13.1579
    7.5000   15.0000  -30.000010949.6748   13.1836
   -7.5000   22.5000  -30.000010243.5938   13.1971
    0.0000   22.5000  -30.000010661.8057   13.2270
    7.5000   22.5000  -30.000010047.0791   13.2613
   -7.5000   30.0000  -30.0000 9321.8154   13.1748
    0.0000   30.0000  -30.0000 9678.9072   13.1992
    7.5000   30.0000  -30.0000 9136.0752   13.2322
   -7.5000   37.5000  -30.0000 8858.4365   13.4186
    0.0000   37.5000  -30.0000 9185.6895   13.4253
    7.5000   37.5000  -30.0000 8673.6660   13.4463
   -7.5000   45.0000  -30.0000 8128.3857   13.4144
    0.0000   45.0000  -30.0000 8417.2188   13.4128
    7.5000   45.0000  -30.0000 7978.0117   13.4271
   -7.5000  -45.0000  -22.500010869.5000   13.5701
    0.0000  -45.0000  -22.500011300.3389   13.5700
    7.5000  -45.0000  -22.500010726.1963   13.5853
   -7.5000  -37.5000  -22.500011333.2070   13.5708
    0.0000  -37.5000  -22.500011782.2275   13.5769
    7.5000  -37.5000  -22.500011167.5205   13.5950
   -7.5000  -30.0000  -22.500012074.9102   13.5566
    0.0000  -30.0000  -22.500012566.0498   13.5814
    7.5000  -30.0000  -22.500011880.6406   13.6112
   -7.5000  -22.5000  -22.500012714.0459   13.5377
    0.0000  -22.5000  -22.500013223.8008   13.5761
    7.5000  -22.5000  -22.500012449.4062   13.6159
   -7.5000  -15.0000  -22.500013202.1299   13.5342
    0.0000  -15.0000  -22.500013745.7520   13.5686
    7.5000  -15.0000  -22.500012902.7275   13.6075
   -7.5000   -7.5000  -22.500013576.5439   13.5524
    0.0000   -7.5000  -22.500014111.3301   13.5670
    7.5000   -7.5000  -22.500013254.3984   13.5931
   -7.5000    0.0000  -22.500013743.4131   13.5701
    0.0000    0.0000  -22.500014299.2236   13.5700
    7.5000    0.0000  -22.500013460.1113   13.5853
   -7.5000    7.5000  -22.500012935.2744   13.5708
    0.0000    7.5000  -22.500013469.7793   13.5769
    7.5000    7.5000  -22.500012662.8320   13.5950
   -7.5000   15.0000  -22.500012007.4580   13.5692
    0.0000   15.0000  -22.500012511.9551   13.5937
    7.5000   15.0000  -22.500011778.8955   13.6235
   -7.5000   22.5000  -22.500010978.1221   13.6237
    0.0000   22.5000  -22.500011451.3193   13.6618
    7.5000   22.5000  -22.500010771.1523   13.7021
   -7.5000   30.0000  -22.5000 9961.3164   13.5979
    0.0000   30.0000  -22.500010358.8896   13.6304
    7.5000   30.0000  -22.5000 9765.6660   13.6701
   -7.5000   37.5000  -22.5000 9454.6182   13.8483
    0.0000   37.5000  -22.5000 9819.9600   13.8599
    7.5000   37.5000  -22.5000 9261.7549   13.8873
   -7.5000   45.0000  -22.5000 8649.7773   13.8577
    0.0000   45.0000  -22.5000 8985.1367   13.8568
    7.5000   45.0000  -22.5000 8470.9990   13.8754
   -7.5000  -45.0000  -15.000011620.5059   13.8944
    0.0000  -45.0000  -15.000012093.1680   13.8996
    7.5000  -45.0000  -15.000011487.3633   13.9213
   -7.5000  -37.5000  -15.000012122.5332   13.8972
    0.0000  -37.5000  -15.000012628.7207   13.9093
    7.5000  -37.5000  -15.000011963.5283   13.9336
   -7.5000  -30.0000  -15.000012909.7676   13.8872
    0.0000  -30.0000  -15.000013450.0781   13.9175
    7.5000  -30.0000  -15.000012728.4023   13.9531
   -7.5000  -22.5000  -15.000013583.6777   13.8704
    0.0000  -22.5000  -15.000014144.6064   13.9124
    7.5000  -22.5000  -15.000013319.3223   13.9576
   -7.5000  -15.0000  -15.000014103.3730   13.8644
    0.0000  -15.0000  -15.000014695.8174   13.9013
    7.5000  -15.0000  -15.000013781.7480   13.9457
   -7.5000   -7.5000  -15.000014481.9863   13.8785
    0.0000   -7.5000  -15.000015097.2637   13.8967
    7.5000   -7.5000  -15.000014135.0557   13.9289
   -7.5000    0.0000  -15.000014693.8320   13.8944
    0.0000    0.0000  -15.000015342.9033   13.8996
    7.5000    0.0000  -15.000014373.1377   13.9213
   -7.5000    7.5000  -15.000013813.3662   13.8972
    0.0000    7.5000  -15.000014424.4053   13.9093
    7.5000    7.5000  -15.000013522.8486   13.9336
   -7.5000   15.0000  -15.000012811.3643   13.8997
    0.0000   15.0000  -15.000013386.0225   13.9295
    7.5000   15.0000  -15.000012593.9004   13.9651
   -7.5000   22.5000  -15.000011695.5322   13.9580
    0.0000   22.5000  -15.000012206.4219   13.9996
    7.5000   22.5000  -15.000011502.5488   14.0454
   -7.5000   30.0000  -15.000010611.0791   13.9309
    0.0000   30.0000  -15.000011034.4111   13.9663
    7.5000   30.0000  -15.000010411.5713   14.0114
   -7.5000   37.5000  -15.000010050.3037   14.1822
    0.0000   37.5000  -15.000010453.0195   14.1980
    7.5000   37.5000  -15.0000 9859.5244   14.2320
   -7.5000   45.0000  -15.0000 9187.7695   14.1950
    0.0000   45.0000  -15.0000 9540.3350   14.1987
    7.5000   45.0000  -15.0000 8974.6748   14.2234
   -7.5000  -45.0000   -7.500012376.1475   14.0722
    0.0000  -45.0000   -7.500012899.7393   14.0803
    7.5000  -45.0000   -7.500012227.6992   14.1042
   -7.5000  -37.5000   -7.500012946.0928   14.0719
    0.0000  -37.5000   -7.500013513.1855   14.0874
    7.5000  -37.5000   -7.500012781.8730   14.1148
   -7.5000  -30.0000   -7.500013815.4316   14.0658
    0.0000  -30.0000   -7.500014430.7041   14.0960
    7.5000  -30.0000   -7.500013637.8076   14.1338
   -7.5000  -22.5000   -7.500014514.1650   14.0570
    0.0000  -22.5000   -7.500015147.8057   14.0946
    7.5000  -22.5000   -7.500014257.7373   14.1397
   -7.5000  -15.0000   -7.500015050.1445   14.0536
    0.0000  -15.0000   -7.500015709.4014   14.0852
    7.5000  -15.0000   -7.500014703.9346   14.1287
   -7.5000   -7.5000   -7.500015468.7197   14.0628
    0.0000   -7.5000   -7.500016138.1660   14.0795
    7.5000   -7.5000   -7.500015084.3857   14.1121
   -7.5000    0.0000   -7.500015721.9180   14.0722
    0.0000    0.0000   -7.500016426.7227   14.0803
    7.5000    0.0000   -7.500015337.3857   14.1042
   -7.5000    7.5000   -7.500014736.9717   14.0719
    0.0000    7.5000   -7.500015427.0195   14.0874
    7.5000    7.5000   -7.500014438.5039   14.1148
   -7.5000   15.0000   -7.500013649.5918   14.0785
    0.0000   15.0000   -7.500014293.8467   14.1082
    7.5000   15.0000   -7.500013434.2471   14.1459
   -7.5000   22.5000   -7.500012466.8447   14.1444
    0.0000   22.5000   -7.500013025.9844   14.1814
    7.5000   22.5000   -7.500012298.0127   14.2271
   -7.5000   30.0000   -7.500011316.9307   14.1208
    0.0000   30.0000   -7.500011814.2871   14.1510
    7.5000   30.0000   -7.500011120.5264   14.1950
   -7.5000   37.5000   -7.500010730.2354   14.3706
    0.0000   37.5000   -7.500011176.2559   14.3857
    7.5000   37.5000   -7.500010518.6143   14.4199
   -7.5000   45.0000   -7.5000 9774.4248   14.3760
    0.0000   45.0000   -7.500010157.2959   14.3839
    7.5000   45.0000   -7.5000 9537.6348   14.4104
   -7.5000  -45.0000    0.000013024.0469   14.1181
    0.0000  -45.0000    0.000013577.2031   14.1242
    7.5000  -45.0000    0.000012895.7246   14.1450
   -7.5000  -37.5000    0.000013659.2285   14.1129
    0.0000  -37.5000    0.000014246.2061   14.1260
    7.5000  -37.5000    0.000013495.2158   14.1513
   -7.5000  -30.0000    0.000014654.2295   14.1061
    0.0000  -30.0000    0.000015299.2637   14.1311
    7.5000  -30.0000    0.000014475.2627   14.1662
   -7.5000  -22.5000    0.000015409.8555   14.1025
    0.0000  -22.5000    0.000016103.1406   14.1329
    7.5000  -22.5000    0.000015170.5215   14.1737
   -7.5000  -15.0000    0.000015940.6318   14.1041
    0.0000  -15.0000    0.000016623.7109   14.1284
    7.5000  -15.0000    0.000015601.9404   14.1668
   -7.5000   -7.5000    0.000016324.4395   14.1128
    0.0000   -7.5000    0.000017034.8105   14.1250
    7.5000   -7.5000    0.000015971.7998   14.1531
   -7.5000    0.0000    0.000016597.5391   14.1181
    0.0000    0.0000    0.000017315.3848   14.1242
    7.5000    0.0000    0.000016209.0771   14.1450
   -7.5000    7.5000    0.000015577.0010   14.1129
    0.0000    7.5000    0.000016261.7080   14.1260
    7.5000    7.5000    0.000015262.9668   14.1513
   -7.5000   15.0000    0.000014426.1084   14.1192
    0.0000   15.0000    0.000015076.2334   14.1439
    7.5000   15.0000    0.000014175.4199   14.1789
   -7.5000   22.5000    0.000013251.6494   14.1902
    0.0000   22.5000    0.000013856.2979   14.2199
    7.5000   22.5000    0.000013040.6631   14.2614
   -7.5000   30.0000    0.000012074.5293   14.1727
    0.0000   30.0000    0.000012622.8867   14.1955
    7.5000   30.0000    0.000011808.6221   14.2346
   -7.5000   37.5000    0.000011412.7324   14.4236
    0.0000   37.5000    0.000011911.4004   14.4344
    7.5000   37.5000    0.000011122.6758   14.4638
   -7.5000   45.0000    0.000010350.6787   14.4229
    0.0000   45.0000    0.000010804.3828   14.4308
    7.5000   45.0000    0.000010074.0840   14.4542
   -7.5000  -45.0000    7.500012648.1270   14.1188
    0.0000  -45.0000    7.500013154.1436   14.1194
    7.5000  -45.0000    7.500012496.8594   14.1341
   -7.5000  -37.5000    7.500013257.1387   14.1115
    0.0000  -37.5000    7.500013813.6338   14.1184
    7.5000  -37.5000    7.500013099.3584   14.1379
   -7.5000  -30.0000    7.500014344.5713   14.0992
    0.0000  -30.0000    7.500014977.2939   14.1193
    7.5000  -30.0000    7.500014139.5156   14.1492
   -7.5000  -22.5000    7.500015278.0771   14.0922
    0.0000  -22.5000    7.500015972.0762   14.1200
    7.5000  -22.5000    7.500014999.6299   14.1564
   -7.5000  -15.0000    7.500015812.4727   14.0959
    0.0000  -15.0000    7.500016495.4375   14.1189
    7.5000  -15.0000    7.500015509.2695   14.1527
   -7.5000   -7.5000    7.500016132.2383   14.1102
    0.0000   -7.5000    7.500016781.9062   14.1192
    7.5000   -7.5000    7.500015822.9922   14.1418
   -7.5000    0.0000    7.500016315.4795   14.1188
    0.0000    0.0000    7.500016975.8281   14.1194
    7.5000    0.0000    7.500015958.4814   14.1341
   -7.5000    7.5000    7.500015345.7686   14.1115
    0.0000    7.5000    7.500015993.2715   14.1184
    7.5000    7.5000    7.500014962.2314   14.1379
   -7.5000   15.0000    7.500014259.4941   14.1128
    0.0000   15.0000    7.500014871.1113   14.1326
    7.5000   15.0000    7.500013858.4219   14.1625
   -7.5000   22.5000    7.500013131.5410   14.1796
    0.0000   22.5000    7.500013701.9912   14.2069
    7.5000   22.5000    7.500012741.4648   14.2439
   -7.5000   30.0000    7.500011974.9346   14.1652
    0.0000   30.0000    7.500012491.8125   14.1862
    7.5000   30.0000    7.500011570.5967   14.2210
   -7.5000   37.5000    7.500011274.7529   14.4222
    0.0000   37.5000    7.500011760.5254   14.4292
    7.5000   37.5000    7.500010905.3066   14.4527
   -7.5000   45.0000    7.500010243.0410   14.4263
    0.0000   45.0000    7.500010665.8076   14.4293
    7.5000   45.0000    7.5000 9888.6816   14.4473
   -7.5000  -45.0000   15.000012113.1582   14.1031
    0.0000  -45.0000   15.000012584.0449   14.1002
    7.5000  -45.0000   15.000011994.4551   14.1120
   -7.5000  -37.5000   15.000012665.7861   14.0986
    0.0000  -37.5000   15.000013163.6689   14.1019
    7.5000  -37.5000   15.000012575.8916   14.1178
   -7.5000  -30.0000   15.000013789.8184   14.0824
    0.0000  -30.0000   15.000014381.0381   14.1026
    7.5000  -30.0000   15.000013623.8271   14.1302
   -7.5000  -22.5000   15.000015004.1162   14.0674
    0.0000  -22.5000   15.000015736.9023   14.0999
    7.5000  -22.5000   15.000014606.7920   14.1361
   -7.5000  -15.0000   15.000015793.3643   14.0688
    0.0000  -15.0000   15.000016574.9238   14.0973
    7.5000  -15.0000   15.000015278.7793   14.1316
   -7.5000   -7.5000   15.000016121.3115   14.0881
    0.0000   -7.5000   15.000016820.4355   14.0984
    7.5000   -7.5000   15.000015554.3672   14.1199
   -7.5000    0.0000   15.000016195.6162   14.1030
    0.0000    0.0000   15.000016812.1953   14.1002
    7.5000    0.0000   15.000015577.4180   14.1120
   -7.5000    7.5000   15.000015079.9023   14.0986
    0.0000    7.5000   15.000015670.9775   14.1019
    7.5000    7.5000   15.000014518.0508   14.1178
   -7.5000   15.0000   15.000013904.1680   14.0960
    0.0000   15.0000   15.000014451.2910   14.1160
    7.5000   15.0000   15.000013415.0078   14.1435
   -7.5000   22.5000   15.000012775.5303   14.1545
    0.0000   22.5000   15.000013261.3730   14.1867
    7.5000   22.5000   15.000012315.3721   14.2235
   -7.5000   30.0000   15.000011643.7969   14.1378
    0.0000   30.0000   15.000012076.0977   14.1641
    7.5000   30.0000   15.000011205.7734   14.1995
   -7.5000   37.5000   15.000010926.9775   14.3995
    0.0000   37.5000   15.000011355.5342   14.4067
    7.5000   37.5000   15.000010572.3330   14.4292
   -7.5000   45.0000   15.0000 9874.5400   14.4138
    0.0000   45.0000   15.000010283.2627   14.4122
    7.5000   45.0000   15.0000 9550.6973   14.4276
   -7.5000  -45.0000   22.500011568.0762   14.0868
    0.0000  -45.0000   22.500011978.9023   14.0867
    7.5000  -45.0000   22.500011479.3154   14.1026
   -7.5000  -37.5000   22.500012096.7881   14.0875
    0.0000  -37.5000   22.500012539.3574   14.0939
    7.5000  -37.5000   22.500011975.1865   14.1127
   -7.5000  -30.0000   22.500013213.2627   14.0728
    0.0000  -30.0000   22.500013776.4697   14.0985
    7.5000  -30.0000   22.500012979.8643   14.1295
   -7.5000  -22.5000   22.500014398.5527   14.0532
    0.0000  -22.5000   22.500015118.5635   14.0930
    7.5000  -22.5000   22.500013915.6514   14.1343
   -7.5000  -15.0000   22.500015201.5137   14.0495
    0.0000  -15.0000   22.500015937.1104   14.0853
    7.5000  -15.0000   22.500014605.5137   14.1256
   -7.5000   -7.5000   22.500015588.7207   14.0684
    0.0000   -7.5000   22.500016263.8779   14.0836
    7.5000   -7.5000   22.500014966.6182   14.1107
   -7.5000    0.0000   22.500015587.1816   14.0868
    0.0000    0.0000   22.500016207.6816   14.0867
    7.5000    0.0000   22.500015003.6289   14.1026
   -7.5000    7.5000   22.500014430.0762   14.0875
    0.0000    7.5000   22.500014977.3838   14.0939
    7.5000    7.5000   22.500013940.8184   14.1127
   -7.5000   15.0000   22.500013200.5957   14.0859
    0.0000   15.0000   22.500013702.0332   14.1113
    7.5000   15.0000   22.500012821.0820   14.1423
   -7.5000   22.5000   22.500012093.8984   14.1403
    0.0000   22.5000   22.500012535.6855   14.1799
    7.5000   22.5000   22.500011757.8555   14.2217
   -7.5000   30.0000   22.500011044.0771   14.1176
    0.0000   30.0000   22.500011436.9863   14.1514
    7.5000   30.0000   22.500010723.5234   14.1926
   -7.5000   37.5000   22.500010414.9268   14.3777
    0.0000   37.5000   22.500010805.3418   14.3897
    7.5000   37.5000   22.500010123.3984   14.4182
   -7.5000   45.0000   22.5000 9418.2783   14.3979
    0.0000   45.0000   22.5000 9764.2207   14.3970
    7.5000   45.0000   22.5000 9138.4717   14.4163
   -7.5000  -45.0000   30.000011007.7520   14.0852
    0.0000  -45.0000   30.000011422.1328   14.0904
    7.5000  -45.0000   30.000010851.5996   14.1124
   -7.5000  -37.5000   30.000011519.6045   14.0879
    0.0000  -37.5000   30.000011957.0527   14.1003
    7.5000  -37.5000   30.000011358.9043   14.1249
   -7.5000  -30.0000   30.000012515.9736   14.0779
    0.0000  -30.0000   30.000013058.5322   14.1086
    7.5000  -30.0000   30.000012292.0078   14.1447
   -7.5000  -22.5000   30.000013442.9561   14.0608
    0.0000  -22.5000   30.000014030.6338   14.1034
    7.5000  -22.5000   30.000013142.0762   14.1492
   -7.5000  -15.0000   30.000014016.3252   14.0547
    0.0000  -15.0000   30.000014562.4600   14.0922
    7.5000  -15.0000   30.000013721.9199   14.1372
   -7.5000   -7.5000   30.000014340.8828   14.0690
    0.0000   -7.5000   30.000014841.5273   14.0875
    7.5000   -7.5000   30.000014057.5889   14.1201
   -7.5000    0.0000   30.000014419.4102   14.0852
    0.0000    0.0000   30.000014975.2100   14.0904
    7.5000    0.0000   30.000014113.2080   14.1124
   -7.5000    7.5000   30.000013432.8740   14.0879
    0.0000    7.5000   30.000013962.5928   14.1003
    7.5000    7.5000   30.000013170.2988   14.1249
   -7.5000   15.0000   30.000012328.4805   14.0905
    0.0000   15.0000   30.000012797.4062   14.1208
    7.5000   15.0000   30.000012100.5010   14.1569
   -7.5000   22.5000   30.000011336.9150   14.1481
    0.0000   22.5000   30.000011744.9551   14.1903
    7.5000   22.5000   30.000011102.1855   14.2367
   -7.5000   30.0000   30.000010363.5186   14.1222
    0.0000   30.0000   30.000010722.3984   14.1580
    7.5000   30.0000   30.000010125.3779   14.2037
   -7.5000   37.5000   30.0000 9772.3438   14.3769
    0.0000   37.5000   30.000010116.8477   14.3930
    7.5000   37.5000   30.0000 9541.3408   14.4274
   -7.5000   45.0000   30.0000 8810.1836   14.3936
    0.0000   45.0000   30.0000 9138.8125   14.3975
    7.5000   45.0000   30.0000 8607.6309   14.4225
   -7.5000  -45.0000   37.500010782.7617   14.1719
    0.0000  -45.0000   37.500011224.1445   14.1801
    7.5000  -45.0000   37.500010604.9941   14.2043
   -7.5000  -37.5000   37.500011256.3350   14.1714
    0.0000  -37.5000   37.500011715.1982   14.1870
    7.5000  -37.5000   37.500011116.3438   14.2148
   -7.5000  -30.0000   37.500012122.8242   14.1651
    0.0000  -30.0000   37.500012653.7383   14.1955
    7.5000  -30.0000   37.500011974.7305   14.2338
   -7.5000  -22.5000   37.500012907.0215   14.1563
    0.0000  -22.5000   37.500013406.9639   14.1942
    7.5000  -22.5000   37.500012738.8330   14.2399
   -7.5000  -15.0000   37.500013413.4121   14.1531
    0.0000  -15.0000   37.500013847.4941   14.1850
    7.5000  -15.0000   37.500013264.7607   14.2289
   -7.5000   -7.5000   37.500013714.1523   14.1625
    0.0000   -7.5000   37.500014163.6846   14.1793
    7.5000   -7.5000   37.500013606.3906   14.2123
   -7.5000    0.0000   37.500013803.6943   14.1719
    0.0000    0.0000   37.500014288.6660   14.1801
    7.5000    0.0000   37.500013664.9961   14.2043
   -7.5000    7.5000   37.500012919.2910   14.1714
    0.0000    7.5000   37.500013382.8047   14.1870
    7.5000    7.5000   37.500012765.8369   14.2148
   -7.5000   15.0000   37.500011902.1289   14.1779
    0.0000   15.0000   37.500012339.2939   14.2079
    7.5000   15.0000   37.500011772.7168   14.2461
   -7.5000   22.5000   37.500010965.1914   14.2448
    0.0000   22.5000   37.500011375.1719   14.2821
    7.5000   22.5000   37.500010812.9170   14.3284
   -7.5000   30.0000   37.500010034.4854   14.2225
    0.0000   30.0000   37.500010420.4355   14.2529
    7.5000   30.0000   37.5000 9870.5732   14.2974
   -7.5000   37.5000   37.5000 9437.1611   14.4755
    0.0000   37.5000   37.5000 9788.6621   14.4907
    7.5000   37.5000   37.5000 9269.4131   14.5254
   -7.5000   45.0000   37.5000 8482.7031   14.4833
    0.0000   45.0000   37.5000 8811.0449   14.4913
    7.5000   45.0000   37.5000 8358.3076   14.5183
   -7.5000  -45.0000   45.000010050.9443   14.3008
    0.0000  -45.0000   45.000010452.7363   14.3077
    7.5000  -45.0000   45.0000 9922.1738   14.3296
   -7.5000  -37.5000   45.000010435.8789   14.2968
    0.0000  -37.5000   45.000010903.9971   14.3106
    7.5000  -37.5000   45.000010351.4404   14.3375
   -7.5000  -30.0000   45.000011195.1104   14.2910
    0.0000  -30.0000   45.000011710.9629   14.3170
    7.5000  -30.0000   45.000011103.6348   14.3540
   -7.5000  -22.5000   45.000011877.2617   14.2872
    0.0000  -22.5000   45.000012330.4512   14.3186
    7.5000  -22.5000   45.000011766.6865   14.3612
   -7.5000  -15.0000   45.000012315.6719   14.2874
    0.0000  -15.0000   45.000012729.0879   14.3129
    7.5000  -15.0000   45.000012212.6006   14.3527
   -7.5000   -7.5000   45.000012611.0049   14.2952
    0.0000   -7.5000   45.000013051.0117   14.3084
    7.5000   -7.5000   45.000012519.5869   14.3376
   -7.5000    0.0000   45.000012693.6289   14.3008
    0.0000    0.0000   45.000013162.5127   14.3077
    7.5000    0.0000   45.000012612.3555   14.3296
   -7.5000    7.5000   45.000011864.7959   14.2968
    0.0000    7.5000   45.000012302.8037   14.3106
    7.5000    7.5000   45.000011784.3203   14.3375
   -7.5000   15.0000   45.000010985.1289   14.3045
    0.0000   15.0000   45.000011385.9736   14.3301
    7.5000   15.0000   45.000010891.6582   14.3670
   -7.5000   22.5000   45.000010145.3672   14.3779
    0.0000   22.5000   45.000010526.5332   14.4086
    7.5000   22.5000   45.000010015.3770   14.4519
   -7.5000   30.0000   45.0000 9279.8291   14.3608
    0.0000   30.0000   45.0000 9633.8877   14.3847
    7.5000   30.0000   45.0000 9137.0898   14.4253
   -7.5000   37.5000   45.0000 8703.3467   14.6189
    0.0000   37.5000   45.0000 9028.5488   14.6308
    7.5000   37.5000   45.0000 8574.0840   14.6614
   -7.5000   45.0000   45.0000 7817.3066   14.6334
    0.0000   45.0000   45.0000 8113.8286   14.6421
    7.5000   45.0000   45.0000 7709.2847   14.6669

---------------------------------------------------------------------
imgreg_4dfp /opt/freesurfer/average/711-2C_as_mni_average_305 /opt/freesurfer/average/711-2B_as_mni_average_305_mask talsrcimg_g11 none talsrcimg_to_711-2C_as_mni_average_305_t4 4355
---------------------------------------------------------------------

freesurfer imgreg_4dfp.c
/opt/freesurfer/average/711-2C_as_mni_average_305.4dfp.img
       256       256       256         1
  1.000000  1.000000  1.000000
orientation T byte_order littleendian
Reading image: /opt/freesurfer/average/711-2C_as_mni_average_305.4dfp.img
dimensions:      256       256       256
mmppix:       1.0000   -1.0000   -1.0000
center:     128.0000 -129.0000 -129.0000
/opt/freesurfer/average/711-2B_as_mni_average_305_mask.4dfp.img
       256       256       256         1
  1.000000  1.000000  1.000000
orientation T byte_order littleendian
Reading mask: /opt/freesurfer/average/711-2B_as_mni_average_305_mask.4dfp.img (2306576 pixels)
talsrcimg_g11.4dfp.img
       256       256       256         1
  1.000000  1.000000  1.000000
orientation T byte_order littleendian
Reading image: talsrcimg_g11.4dfp.img
dimensions:      256       256       256
mmppix:       1.0000   -1.0000   -1.0000
center:     128.0000 -129.0000 -129.0000
rotation matrix determinant  1.000000
image alignment mode   4355 decimal     1103 hex
   -7.5000  -45.0000  -45.0000 2143.4600   14.7012
    0.0000  -45.0000  -45.0000 2152.7332   14.7726
    7.5000  -45.0000  -45.0000 2129.5251   14.9617
   -7.5000  -37.5000  -45.0000 2170.6526   14.1979
    0.0000  -37.5000  -45.0000 2178.1621   14.2388
    7.5000  -37.5000  -45.0000 2153.5493   14.4092
   -7.5000  -30.0000  -45.0000 2188.8066   13.8021
    0.0000  -30.0000  -45.0000 2197.5713   13.8351
    7.5000  -30.0000  -45.0000 2169.6587   13.9930
   -7.5000  -22.5000  -45.0000 2202.3442   13.5867
    0.0000  -22.5000  -45.0000 2212.9084   13.5822
    7.5000  -22.5000  -45.0000 2193.3022   13.7638
   -7.5000  -15.0000  -45.0000 2203.1858   13.5766
    0.0000  -15.0000  -45.0000 2213.3152   13.5638
    7.5000  -15.0000  -45.0000 2193.2747   13.7654
   -7.5000   -7.5000  -45.0000 2203.5461   13.7978
    0.0000   -7.5000  -45.0000 2210.4155   13.8085
    7.5000   -7.5000  -45.0000 2179.9448   13.9908
   -7.5000    0.0000  -45.0000 2175.4033   14.2258
    0.0000    0.0000  -45.0000 2180.4692   14.2439
    7.5000    0.0000  -45.0000 2152.4998   14.4080
   -7.5000    7.5000  -45.0000 2128.6863   14.8693
    0.0000    7.5000  -45.0000 2132.6726   14.8727
    7.5000    7.5000  -45.0000 2107.9824   15.0270
   -7.5000   15.0000  -45.0000 2065.7185   15.7442
    0.0000   15.0000  -45.0000 2073.6741   15.7391
    7.5000   15.0000  -45.0000 2044.1619   15.9684
   -7.5000   22.5000  -45.0000 1984.5542   17.0198
    0.0000   22.5000  -45.0000 1988.2123   17.0611
    7.5000   22.5000  -45.0000 1958.6815   17.3559
   -7.5000   30.0000  -45.0000 1882.0613   18.7981
    0.0000   30.0000  -45.0000 1891.7677   18.8384
    7.5000   30.0000  -45.0000 1854.1738   19.2391
   -7.5000   37.5000  -45.0000 1773.0420   21.3912
    0.0000   37.5000  -45.0000 1781.9852   21.3916
    7.5000   37.5000  -45.0000 1752.4374   21.7572
   -7.5000   45.0000  -45.0000 1662.7563   24.8555
    0.0000   45.0000  -45.0000 1672.8093   24.6971
    7.5000   45.0000  -45.0000 1648.4482   25.1532
   -7.5000  -45.0000  -37.5000 2253.1074   13.4706
    0.0000  -45.0000  -37.5000 2257.3291   13.4914
    7.5000  -45.0000  -37.5000 2235.2327   13.6322
   -7.5000  -37.5000  -37.5000 2281.8132   13.0894
    0.0000  -37.5000  -37.5000 2284.7771   13.1198
    7.5000  -37.5000  -37.5000 2259.7991   13.2640
   -7.5000  -30.0000  -37.5000 2300.5601   12.7675
    0.0000  -30.0000  -37.5000 2306.2107   12.8066
    7.5000  -30.0000  -37.5000 2272.4016   12.9502
   -7.5000  -22.5000  -37.5000 2306.4446   12.5752
    0.0000  -22.5000  -37.5000 2316.4534   12.5974
    7.5000  -22.5000  -37.5000 2285.9087   12.7392
   -7.5000  -15.0000  -37.5000 2308.6531   12.5357
    0.0000  -15.0000  -37.5000 2316.8713   12.5242
    7.5000  -15.0000  -37.5000 2287.7661   12.6819
   -7.5000   -7.5000  -37.5000 2305.3005   12.6827
    0.0000   -7.5000  -37.5000 2311.7756   12.6770
    7.5000   -7.5000  -37.5000 2281.8191   12.8223
   -7.5000    0.0000  -37.5000 2281.7812   13.0293
    0.0000    0.0000  -37.5000 2287.2410   13.0659
    7.5000    0.0000  -37.5000 2260.1604   13.2086
   -7.5000    7.5000  -37.5000 2235.9275   13.6278
    0.0000    7.5000  -37.5000 2244.1272   13.6337
    7.5000    7.5000  -37.5000 2215.9211   13.7994
   -7.5000   15.0000  -37.5000 2169.7659   14.4512
    0.0000   15.0000  -37.5000 2174.1550   14.4626
    7.5000   15.0000  -37.5000 2141.9006   14.6615
   -7.5000   22.5000  -37.5000 2082.9697   15.6056
    0.0000   22.5000  -37.5000 2084.9297   15.6280
    7.5000   22.5000  -37.5000 2053.8491   15.8674
   -7.5000   30.0000  -37.5000 1974.4446   17.2028
    0.0000   30.0000  -37.5000 1974.5061   17.2262
    7.5000   30.0000  -37.5000 1946.4611   17.5234
   -7.5000   37.5000  -37.5000 1863.7017   19.5396
    0.0000   37.5000  -37.5000 1861.9828   19.4983
    7.5000   37.5000  -37.5000 1835.9707   19.8092
   -7.5000   45.0000  -37.5000 1742.1405   22.6158
    0.0000   45.0000  -37.5000 1743.7148   22.5459
    7.5000   45.0000  -37.5000 1727.0436   22.8237
   -7.5000  -45.0000  -30.0000 2397.3962   12.8574
    0.0000  -45.0000  -30.0000 2405.1885   12.8762
    7.5000  -45.0000  -30.0000 2380.5193   12.9936
   -7.5000  -37.5000  -30.0000 2432.3484   12.4955
    0.0000  -37.5000  -30.0000 2440.8987   12.5174
    7.5000  -37.5000  -30.0000 2408.3398   12.6335
   -7.5000  -30.0000  -30.0000 2446.3247   12.1983
    0.0000  -30.0000  -30.0000 2456.6567   12.2490
    7.5000  -30.0000  -30.0000 2418.5745   12.3680
   -7.5000  -22.5000  -30.0000 2449.1582   12.0313
    0.0000  -22.5000  -30.0000 2461.5381   12.0569
    7.5000  -22.5000  -30.0000 2420.7068   12.2129
   -7.5000  -15.0000  -30.0000 2453.3706   11.9860
    0.0000  -15.0000  -30.0000 2465.5190   11.9677
    7.5000  -15.0000  -30.0000 2424.6765   12.1257
   -7.5000   -7.5000  -30.0000 2451.4714   12.0890
    0.0000   -7.5000  -30.0000 2457.5969   12.0655
    7.5000   -7.5000  -30.0000 2422.7302   12.2469
   -7.5000    0.0000  -30.0000 2424.1716   12.4167
    0.0000    0.0000  -30.0000 2430.8057   12.4229
    7.5000    0.0000  -30.0000 2399.4258   12.5828
   -7.5000    7.5000  -30.0000 2377.7344   12.9764
    0.0000    7.5000  -30.0000 2390.7522   12.9908
    7.5000    7.5000  -30.0000 2352.9160   13.1533
   -7.5000   15.0000  -30.0000 2309.0771   13.7204
    0.0000   15.0000  -30.0000 2315.2666   13.7484
    7.5000   15.0000  -30.0000 2277.8540   13.9320
   -7.5000   22.5000  -30.0000 2212.2107   14.7519
    0.0000   22.5000  -30.0000 2221.3599   14.8074
    7.5000   22.5000  -30.0000 2182.8281   15.0392
   -7.5000   30.0000  -30.0000 2098.9377   16.2507
    0.0000   30.0000  -30.0000 2098.3052   16.2766
    7.5000   30.0000  -30.0000 2067.7148   16.5555
   -7.5000   37.5000  -30.0000 1979.5012   18.3896
    0.0000   37.5000  -30.0000 1978.7246   18.4151
    7.5000   37.5000  -30.0000 1945.2953   18.6429
   -7.5000   45.0000  -30.0000 1845.7449   21.2582
    0.0000   45.0000  -30.0000 1849.6594   21.2303
    7.5000   45.0000  -30.0000 1824.1011   21.4432
   -7.5000  -45.0000  -22.5000 2514.2412   12.1899
    0.0000  -45.0000  -22.5000 2525.1377   12.2093
    7.5000  -45.0000  -22.5000 2491.7144   12.3548
   -7.5000  -37.5000  -22.5000 2549.5872   11.8413
    0.0000  -37.5000  -22.5000 2557.2644   11.8513
    7.5000  -37.5000  -22.5000 2523.4197   11.9475
   -7.5000  -30.0000  -22.5000 2565.8755   11.5601
    0.0000  -30.0000  -22.5000 2574.8665   11.5722
    7.5000  -30.0000  -22.5000 2540.4097   11.6886
   -7.5000  -22.5000  -22.5000 2582.9568   11.3584
    0.0000  -22.5000  -22.5000 2593.5078   11.3545
    7.5000  -22.5000  -22.5000 2551.0623   11.5200
   -7.5000  -15.0000  -22.5000 2583.9561   11.3293
    0.0000  -15.0000  -22.5000 2591.9983   11.3227
    7.5000  -15.0000  -22.5000 2554.2029   11.4755
   -7.5000   -7.5000  -22.5000 2581.6653   11.4162
    0.0000   -7.5000  -22.5000 2582.4211   11.4304
    7.5000   -7.5000  -22.5000 2546.1636   11.5720
   -7.5000    0.0000  -22.5000 2552.1619   11.7422
    0.0000    0.0000  -22.5000 2558.1392   11.7546
    7.5000    0.0000  -22.5000 2516.7146   11.8980
   -7.5000    7.5000  -22.5000 2506.3645   12.2591
    0.0000    7.5000  -22.5000 2517.7021   12.2656
    7.5000    7.5000  -22.5000 2471.7417   12.4271
   -7.5000   15.0000  -22.5000 2431.8037   12.9612
    0.0000   15.0000  -22.5000 2437.8967   12.9887
    7.5000   15.0000  -22.5000 2394.4512   13.1692
   -7.5000   22.5000  -22.5000 2326.2354   13.9023
    0.0000   22.5000  -22.5000 2336.0420   13.9321
    7.5000   22.5000  -22.5000 2292.4844   14.1738
   -7.5000   30.0000  -22.5000 2204.8679   15.2608
    0.0000   30.0000  -22.5000 2208.1707   15.2844
    7.5000   30.0000  -22.5000 2172.2827   15.5352
   -7.5000   37.5000  -22.5000 2076.3145   17.1999
    0.0000   37.5000  -22.5000 2082.5342   17.1831
    7.5000   37.5000  -22.5000 2041.9877   17.4178
   -7.5000   45.0000  -22.5000 1935.5626   19.8004
    0.0000   45.0000  -22.5000 1943.6898   19.8263
    7.5000   45.0000  -22.5000 1902.6283   20.0496
   -7.5000  -45.0000  -15.0000 2590.3650   11.5579
    0.0000  -45.0000  -15.0000 2603.7126   11.5420
    7.5000  -45.0000  -15.0000 2567.0310   11.7269
   -7.5000  -37.5000  -15.0000 2628.6633   11.1702
    0.0000  -37.5000  -15.0000 2640.9348   11.1592
    7.5000  -37.5000  -15.0000 2603.6418   11.3132
   -7.5000  -30.0000  -15.0000 2648.8481   10.9011
    0.0000  -30.0000  -15.0000 2659.5090   10.9111
    7.5000  -30.0000  -15.0000 2630.2585   11.0307
   -7.5000  -22.5000  -15.0000 2675.4832   10.7039
    0.0000  -22.5000  -15.0000 2685.2629   10.6930
    7.5000  -22.5000  -15.0000 2643.5334   10.8285
   -7.5000  -15.0000  -15.0000 2689.5342   10.6517
    0.0000  -15.0000  -15.0000 2695.4788   10.6821
    7.5000  -15.0000  -15.0000 2649.5391   10.8081
   -7.5000   -7.5000  -15.0000 2687.4971   10.7736
    0.0000   -7.5000  -15.0000 2692.4812   10.8011
    7.5000   -7.5000  -15.0000 2646.0056   10.9234
   -7.5000    0.0000  -15.0000 2658.5115   11.0909
    0.0000    0.0000  -15.0000 2667.8032   11.1179
    7.5000    0.0000  -15.0000 2617.3647   11.2498
   -7.5000    7.5000  -15.0000 2610.9807   11.5712
    0.0000    7.5000  -15.0000 2624.2358   11.5714
    7.5000    7.5000  -15.0000 2568.6196   11.7428
   -7.5000   15.0000  -15.0000 2526.3137   12.2297
    0.0000   15.0000  -15.0000 2538.3574   12.2482
    7.5000   15.0000  -15.0000 2489.6108   12.4357
   -7.5000   22.5000  -15.0000 2408.9004   13.1306
    0.0000   22.5000  -15.0000 2419.4707   13.1416
    7.5000   22.5000  -15.0000 2381.1145   13.3452
   -7.5000   30.0000  -15.0000 2281.6431   14.3933
    0.0000   30.0000  -15.0000 2286.7686   14.3955
    7.5000   30.0000  -15.0000 2254.0232   14.6171
   -7.5000   37.5000  -15.0000 2144.7361   16.1942
    0.0000   37.5000  -15.0000 2151.9607   16.1796
    7.5000   37.5000  -15.0000 2115.5918   16.3969
   -7.5000   45.0000  -15.0000 1999.1696   18.6151
    0.0000   45.0000  -15.0000 1999.2394   18.6186
    7.5000   45.0000  -15.0000 1959.8788   18.8215
   -7.5000  -45.0000   -7.5000 2638.8601   10.9996
    0.0000  -45.0000   -7.5000 2649.0237   10.9791
    7.5000  -45.0000   -7.5000 2618.9084   11.1784
   -7.5000  -37.5000   -7.5000 2686.3413   10.5534
    0.0000  -37.5000   -7.5000 2702.3438   10.5571
    7.5000  -37.5000   -7.5000 2665.2708   10.7090
   -7.5000  -30.0000   -7.5000 2718.8455   10.2601
    0.0000  -30.0000   -7.5000 2734.1479   10.2711
    7.5000  -30.0000   -7.5000 2698.8787   10.4052
   -7.5000  -22.5000   -7.5000 2745.0269   10.0825
    0.0000  -22.5000   -7.5000 2761.5876   10.0784
    7.5000  -22.5000   -7.5000 2714.9189   10.2387
   -7.5000  -15.0000   -7.5000 2768.8621   10.0314
    0.0000  -15.0000   -7.5000 2780.4705   10.0536
    7.5000  -15.0000   -7.5000 2725.0891   10.1962
   -7.5000   -7.5000   -7.5000 2774.6169   10.1696
    0.0000   -7.5000   -7.5000 2783.4038   10.1914
    7.5000   -7.5000   -7.5000 2727.2285   10.3353
   -7.5000    0.0000   -7.5000 2743.5029   10.5038
    0.0000    0.0000   -7.5000 2761.0071   10.5227
    7.5000    0.0000   -7.5000 2703.9858   10.6512
   -7.5000    7.5000   -7.5000 2690.0186   10.9549
    0.0000    7.5000   -7.5000 2705.7952   10.9674
    7.5000    7.5000   -7.5000 2652.9695   11.1160
   -7.5000   15.0000   -7.5000 2604.0352   11.5638
    0.0000   15.0000   -7.5000 2617.4146   11.5914
    7.5000   15.0000   -7.5000 2571.9336   11.7786
   -7.5000   22.5000   -7.5000 2479.8342   12.4596
    0.0000   22.5000   -7.5000 2490.3745   12.4723
    7.5000   22.5000   -7.5000 2460.3535   12.6653
   -7.5000   30.0000   -7.5000 2341.4521   13.7232
    0.0000   30.0000   -7.5000 2353.7124   13.7071
    7.5000   30.0000   -7.5000 2319.8069   13.9127
   -7.5000   37.5000   -7.5000 2202.2756   15.4231
    0.0000   37.5000   -7.5000 2209.3906   15.4035
    7.5000   37.5000   -7.5000 2176.6155   15.6028
   -7.5000   45.0000   -7.5000 2042.9966   17.6563
    0.0000   45.0000   -7.5000 2039.6593   17.6177
    7.5000   45.0000   -7.5000 2010.3687   17.8688
   -7.5000  -45.0000    0.0000 2664.4570   10.5773
    0.0000  -45.0000    0.0000 2676.3096   10.5491
    7.5000  -45.0000    0.0000 2645.7468   10.7365
   -7.5000  -37.5000    0.0000 2727.1284   10.1072
    0.0000  -37.5000    0.0000 2744.3325   10.0869
    7.5000  -37.5000    0.0000 2708.9661   10.2558
   -7.5000  -30.0000    0.0000 2771.6282    9.7956
    0.0000  -30.0000    0.0000 2787.8101    9.7788
    7.5000  -30.0000    0.0000 2752.5110    9.9490
   -7.5000  -22.5000    0.0000 2801.5796    9.6308
    0.0000  -22.5000    0.0000 2820.6387    9.6002
    7.5000  -22.5000    0.0000 2774.3398    9.7928
   -7.5000  -15.0000    0.0000 2831.7710    9.5643
    0.0000  -15.0000    0.0000 2844.4539    9.5534
    7.5000  -15.0000    0.0000 2788.2747    9.7602
   -7.5000   -7.5000    0.0000 2835.2322    9.6894
    0.0000   -7.5000    0.0000 2847.3674    9.6922
    7.5000   -7.5000    0.0000 2788.6218    9.8890
   -7.5000    0.0000    0.0000 2805.1868   10.0452
    0.0000    0.0000    0.0000 2821.9934   10.0331
    7.5000    0.0000    0.0000 2765.8799   10.2015
   -7.5000    7.5000    0.0000 2744.0771   10.4776
    0.0000    7.5000    0.0000 2761.5791   10.4690
    7.5000    7.5000    0.0000 2716.0198   10.6601
   -7.5000   15.0000    0.0000 2650.4985   11.0692
    0.0000   15.0000    0.0000 2663.1794   11.0866
    7.5000   15.0000    0.0000 2622.3447   11.3113
   -7.5000   22.5000    0.0000 2530.0161   11.9560
    0.0000   22.5000    0.0000 2542.0090   11.9835
    7.5000   22.5000    0.0000 2505.1921   12.2277
   -7.5000   30.0000    0.0000 2390.2810   13.2286
    0.0000   30.0000    0.0000 2405.1104   13.1972
    7.5000   30.0000    0.0000 2363.9258   13.4530
   -7.5000   37.5000    0.0000 2243.3918   14.8611
    0.0000   37.5000    0.0000 2254.4333   14.8227
    7.5000   37.5000    0.0000 2215.8208   15.0800
   -7.5000   45.0000    0.0000 2072.8464   16.9904
    0.0000   45.0000    0.0000 2084.0852   16.9417
    7.5000   45.0000    0.0000 2051.5510   17.2065
   -7.5000  -45.0000    7.5000 2676.2827   10.2813
    0.0000  -45.0000    7.5000 2685.9475   10.2224
    7.5000  -45.0000    7.5000 2655.8638   10.4381
   -7.5000  -37.5000    7.5000 2751.6362    9.7988
    0.0000  -37.5000    7.5000 2765.1223    9.7461
    7.5000  -37.5000    7.5000 2732.3823    9.9202
   -7.5000  -30.0000    7.5000 2813.2600    9.5135
    0.0000  -30.0000    7.5000 2829.6685    9.4619
    7.5000  -30.0000    7.5000 2789.6597    9.6141
   -7.5000  -22.5000    7.5000 2860.0044    9.4033
    0.0000  -22.5000    7.5000 2875.3481    9.3571
    7.5000  -22.5000    7.5000 2830.4368    9.5216
   -7.5000  -15.0000    7.5000 2888.1562    9.3640
    0.0000  -15.0000    7.5000 2907.1270    9.3324
    7.5000  -15.0000    7.5000 2845.7070    9.5491
   -7.5000   -7.5000    7.5000 2894.2986    9.4500
    0.0000   -7.5000    7.5000 2910.4067    9.4099
    7.5000   -7.5000    7.5000 2845.7720    9.6825
   -7.5000    0.0000    7.5000 2852.5061    9.7603
    0.0000    0.0000    7.5000 2869.4863    9.7242
    7.5000    0.0000    7.5000 2810.4714    9.9490
   -7.5000    7.5000    7.5000 2779.7256   10.1891
    0.0000    7.5000    7.5000 2799.2268   10.1694
    7.5000    7.5000    7.5000 2750.9512   10.3616
   -7.5000   15.0000    7.5000 2682.5342   10.8037
    0.0000   15.0000    7.5000 2698.6370   10.7901
    7.5000   15.0000    7.5000 2654.3657   10.9833
   -7.5000   22.5000    7.5000 2562.2188   11.6999
    0.0000   22.5000    7.5000 2576.0774   11.6868
    7.5000   22.5000    7.5000 2534.6130   11.9032
   -7.5000   30.0000    7.5000 2425.6047   12.9647
    0.0000   30.0000    7.5000 2437.9590   12.9336
    7.5000   30.0000    7.5000 2391.9011   13.1343
   -7.5000   37.5000    7.5000 2273.6023   14.5620
    0.0000   37.5000    7.5000 2284.3433   14.5289
    7.5000   37.5000    7.5000 2245.5967   14.7459
   -7.5000   45.0000    7.5000 2108.7678   16.6490
    0.0000   45.0000    7.5000 2113.9785   16.5997
    7.5000   45.0000    7.5000 2084.4463   16.8201
   -7.5000  -45.0000   15.0000 2670.2209   10.1070
    0.0000  -45.0000   15.0000 2677.6152   10.0492
    7.5000  -45.0000   15.0000 2645.1682   10.2972
   -7.5000  -37.5000   15.0000 2749.2444    9.6063
    0.0000  -37.5000   15.0000 2762.3938    9.5503
    7.5000  -37.5000   15.0000 2728.6853    9.7772
   -7.5000  -30.0000   15.0000 2821.0613    9.3669
    0.0000  -30.0000   15.0000 2836.7109    9.3049
    7.5000  -30.0000   15.0000 2800.0625    9.5087
   -7.5000  -22.5000   15.0000 2890.6841    9.3866
    0.0000  -22.5000   15.0000 2908.7727    9.3428
    7.5000  -22.5000   15.0000 2852.4580    9.4822
   -7.5000  -15.0000   15.0000 2938.0674    9.4619
    0.0000  -15.0000   15.0000 2965.0090    9.4534
    7.5000  -15.0000   15.0000 2882.6316    9.5519
   -7.5000   -7.5000   15.0000 2944.4719    9.5146
    0.0000   -7.5000   15.0000 2964.9011    9.4921
    7.5000   -7.5000   15.0000 2880.2771    9.6476
   -7.5000    0.0000   15.0000 2890.0156    9.6917
    0.0000    0.0000   15.0000 2900.9861    9.6597
    7.5000    0.0000   15.0000 2831.9973    9.8381
   -7.5000    7.5000   15.0000 2799.6194   10.0856
    0.0000    7.5000   15.0000 2812.7761   10.0497
    7.5000    7.5000   15.0000 2762.5681   10.2306
   -7.5000   15.0000   15.0000 2687.7249   10.6898
    0.0000   15.0000   15.0000 2701.6243   10.6621
    7.5000   15.0000   15.0000 2663.1216   10.8392
   -7.5000   22.5000   15.0000 2570.5391   11.5761
    0.0000   22.5000   15.0000 2577.2783   11.5771
    7.5000   22.5000   15.0000 2538.4148   11.7664
   -7.5000   30.0000   15.0000 2432.4893   12.8181
    0.0000   30.0000   15.0000 2437.4927   12.8317
    7.5000   30.0000   15.0000 2397.6389   12.9986
   -7.5000   37.5000   15.0000 2277.1323   14.4404
    0.0000   37.5000   15.0000 2282.6604   14.4696
    7.5000   37.5000   15.0000 2251.4473   14.6014
   -7.5000   45.0000   15.0000 2111.1748   16.5039
    0.0000   45.0000   15.0000 2120.1897   16.4773
    7.5000   45.0000   15.0000 2085.3152   16.6576
   -7.5000  -45.0000   22.5000 2652.3269   10.1654
    0.0000  -45.0000   22.5000 2657.1243   10.0741
    7.5000  -45.0000   22.5000 2629.0381   10.4080
   -7.5000  -37.5000   22.5000 2733.9265    9.6847
    0.0000  -37.5000   22.5000 2737.9858    9.6245
    7.5000  -37.5000   22.5000 2697.5703    9.8876
   -7.5000  -30.0000   22.5000 2809.3223    9.4764
    0.0000  -30.0000   22.5000 2819.7173    9.4547
    7.5000  -30.0000   22.5000 2770.4624    9.6507
   -7.5000  -22.5000   22.5000 2887.7556    9.5290
    0.0000  -22.5000   22.5000 2902.8970    9.5296
    7.5000  -22.5000   22.5000 2834.9587    9.6324
   -7.5000  -15.0000   22.5000 2947.1777    9.6039
    0.0000  -15.0000   22.5000 2973.0312    9.6175
    7.5000  -15.0000   22.5000 2875.6584    9.6948
   -7.5000   -7.5000   22.5000 2952.4053    9.6873
    0.0000   -7.5000   22.5000 2970.5396    9.6746
    7.5000   -7.5000   22.5000 2875.2473    9.8076
   -7.5000    0.0000   22.5000 2890.0955    9.8546
    0.0000    0.0000   22.5000 2900.1665    9.8236
    7.5000    0.0000   22.5000 2825.4827   10.0162
   -7.5000    7.5000   22.5000 2792.8081   10.2099
    0.0000    7.5000   22.5000 2801.0266   10.1788
    7.5000    7.5000   22.5000 2748.3262   10.3904
   -7.5000   15.0000   22.5000 2668.4224   10.7763
    0.0000   15.0000   22.5000 2677.8665   10.7377
    7.5000   15.0000   22.5000 2643.1274   10.9568
   -7.5000   22.5000   22.5000 2550.2571   11.6144
    0.0000   22.5000   22.5000 2554.4771   11.5885
    7.5000   22.5000   22.5000 2524.1733   11.8138
   -7.5000   30.0000   22.5000 2415.5310   12.7769
    0.0000   30.0000   22.5000 2421.1404   12.7748
    7.5000   30.0000   22.5000 2387.6663   12.9876
   -7.5000   37.5000   22.5000 2262.9316   14.3764
    0.0000   37.5000   22.5000 2270.6875   14.3715
    7.5000   37.5000   22.5000 2240.6094   14.5720
   -7.5000   45.0000   22.5000 2095.4888   16.4459
    0.0000   45.0000   22.5000 2103.9604   16.4233
    7.5000   45.0000   22.5000 2075.1667   16.6035
   -7.5000  -45.0000   30.0000 2623.6094   10.4493
    0.0000  -45.0000   30.0000 2630.5562   10.3936
    7.5000  -45.0000   30.0000 2592.3306   10.6793
   -7.5000  -37.5000   30.0000 2700.7710    9.9877
    0.0000  -37.5000   30.0000 2703.1143    9.9507
    7.5000  -37.5000   30.0000 2660.5413   10.2073
   -7.5000  -30.0000   30.0000 2771.9771    9.7691
    0.0000  -30.0000   30.0000 2778.0398    9.7453
    7.5000  -30.0000   30.0000 2731.0488    9.9468
   -7.5000  -22.5000   30.0000 2850.4170    9.7177
    0.0000  -22.5000   30.0000 2862.5798    9.6932
    7.5000  -22.5000   30.0000 2804.0632    9.8689
   -7.5000  -15.0000   30.0000 2897.5698    9.6922
    0.0000  -15.0000   30.0000 2919.6543    9.6484
    7.5000  -15.0000   30.0000 2836.2771    9.8758
   -7.5000   -7.5000   30.0000 2898.9070    9.8067
    0.0000   -7.5000   30.0000 2908.9426    9.7174
    7.5000   -7.5000   30.0000 2836.1677   10.0204
   -7.5000    0.0000   30.0000 2848.4124   10.0777
    0.0000    0.0000   30.0000 2862.0806   10.0087
    7.5000    0.0000   30.0000 2789.1946   10.2839
   -7.5000    7.5000   30.0000 2754.9707   10.5140
    0.0000    7.5000   30.0000 2767.2427   10.4755
    7.5000    7.5000   30.0000 2710.9880   10.7118
   -7.5000   15.0000   30.0000 2626.6892   11.1241
    0.0000   15.0000   30.0000 2633.6497   11.0986
    7.5000   15.0000   30.0000 2598.3804   11.3292
   -7.5000   22.5000   30.0000 2511.5957   11.9412
    0.0000   22.5000   30.0000 2514.2683   11.9058
    7.5000   22.5000   30.0000 2485.1584   12.1434
   -7.5000   30.0000   30.0000 2377.9678   13.0168
    0.0000   30.0000   30.0000 2382.3877   13.0054
    7.5000   30.0000   30.0000 2352.9478   13.2166
   -7.5000   37.5000   30.0000 2232.4307   14.5058
    0.0000   37.5000   30.0000 2237.8445   14.4744
    7.5000   37.5000   30.0000 2209.9102   14.6882
   -7.5000   45.0000   30.0000 2064.2598   16.4704
    0.0000   45.0000   30.0000 2077.2490   16.4523
    7.5000   45.0000   30.0000 2048.9749   16.6470
   -7.5000  -45.0000   37.5000 2582.5415   10.9647
    0.0000  -45.0000   37.5000 2591.1487   10.8965
    7.5000  -45.0000   37.5000 2543.0359   11.1869
   -7.5000  -37.5000   37.5000 2657.2468   10.4269
    0.0000  -37.5000   37.5000 2666.2019   10.3920
    7.5000  -37.5000   37.5000 2620.3853   10.6677
   -7.5000  -30.0000   37.5000 2723.6182   10.1841
    0.0000  -30.0000   37.5000 2732.8098   10.1295
    7.5000  -30.0000   37.5000 2684.6477   10.3787
   -7.5000  -22.5000   37.5000 2791.0095   10.0324
    0.0000  -22.5000   37.5000 2799.1833    9.9900
    7.5000  -22.5000   37.5000 2750.2883   10.2215
   -7.5000  -15.0000   37.5000 2828.1580   10.0043
    0.0000  -15.0000   37.5000 2833.4324    9.9003
    7.5000  -15.0000   37.5000 2775.6997   10.2282
   -7.5000   -7.5000   37.5000 2819.8887   10.1441
    0.0000   -7.5000   37.5000 2827.5334   10.0445
    7.5000   -7.5000   37.5000 2778.4636   10.3871
   -7.5000    0.0000   37.5000 2777.2249   10.4436
    0.0000    0.0000   37.5000 2787.4197   10.3790
    7.5000    0.0000   37.5000 2734.2629   10.6615
   -7.5000    7.5000   37.5000 2698.3882   10.9205
    0.0000    7.5000   37.5000 2709.7605   10.8722
    7.5000    7.5000   37.5000 2658.2395   11.1277
   -7.5000   15.0000   37.5000 2577.2791   11.5612
    0.0000   15.0000   37.5000 2587.4011   11.5326
    7.5000   15.0000   37.5000 2557.1348   11.7793
   -7.5000   22.5000   37.5000 2469.1899   12.4046
    0.0000   22.5000   37.5000 2477.2405   12.3906
    7.5000   22.5000   37.5000 2443.5012   12.6469
   -7.5000   30.0000   37.5000 2331.9419   13.5053
    0.0000   30.0000   37.5000 2343.7942   13.4711
    7.5000   30.0000   37.5000 2309.8340   13.7049
   -7.5000   37.5000   37.5000 2182.0596   14.9504
    0.0000   37.5000   37.5000 2188.4150   14.8949
    7.5000   37.5000   37.5000 2162.9268   15.0920
   -7.5000   45.0000   37.5000 2014.0731   16.7917
    0.0000   45.0000   37.5000 2027.4061   16.7627
    7.5000   45.0000   37.5000 2008.8835   16.9337
   -7.5000  -45.0000   45.0000 2527.7673   11.5938
    0.0000  -45.0000   45.0000 2535.8845   11.5073
    7.5000  -45.0000   45.0000 2492.0684   11.8433
   -7.5000  -37.5000   45.0000 2600.3250   10.9913
    0.0000  -37.5000   45.0000 2614.5510   10.9374
    7.5000  -37.5000   45.0000 2564.3872   11.2594
   -7.5000  -30.0000   45.0000 2664.3613   10.6532
    0.0000  -30.0000   45.0000 2679.1589   10.6136
    7.5000  -30.0000   45.0000 2626.7729   10.8793
   -7.5000  -22.5000   45.0000 2722.2061   10.5094
    0.0000  -22.5000   45.0000 2734.4197   10.4205
    7.5000  -22.5000   45.0000 2681.7627   10.7450
   -7.5000  -15.0000   45.0000 2750.0400   10.4507
    0.0000  -15.0000   45.0000 2757.1406   10.3615
    7.5000  -15.0000   45.0000 2706.7539   10.6968
   -7.5000   -7.5000   45.0000 2733.3923   10.6350
    0.0000   -7.5000   45.0000 2744.0186   10.5556
    7.5000   -7.5000   45.0000 2698.3667   10.8723
   -7.5000    0.0000   45.0000 2680.9512   10.9877
    0.0000    0.0000   45.0000 2694.5928   10.9186
    7.5000    0.0000   45.0000 2651.2749   11.1852
   -7.5000    7.5000   45.0000 2612.0398   11.4836
    0.0000    7.5000   45.0000 2624.4370   11.4167
    7.5000    7.5000   45.0000 2585.2148   11.6866
   -7.5000   15.0000   45.0000 2509.2576   12.1395
    0.0000   15.0000   45.0000 2521.0027   12.0821
    7.5000   15.0000   45.0000 2493.9683   12.3464
   -7.5000   22.5000   45.0000 2408.3955   12.9687
    0.0000   22.5000   45.0000 2422.0439   12.9600
    7.5000   22.5000   45.0000 2390.2595   13.2354
   -7.5000   30.0000   45.0000 2277.2112   14.1151
    0.0000   30.0000   45.0000 2292.2097   14.0831
    7.5000   30.0000   45.0000 2262.3528   14.3011
   -7.5000   37.5000   45.0000 2122.4753   15.5595
    0.0000   37.5000   45.0000 2133.5090   15.5236
    7.5000   37.5000   45.0000 2114.3799   15.6977
   -7.5000   45.0000   45.0000 1961.9263   17.3683
    0.0000   45.0000   45.0000 1973.1047   17.3223
    7.5000   45.0000   45.0000 1951.3181   17.5196

---------------------------------------------------------------------
imgreg_4dfp /opt/freesurfer/average/711-2C_as_mni_average_305 /opt/freesurfer/average/711-2B_as_mni_average_305_mask talsrcimg_g11 none talsrcimg_to_711-2C_as_mni_average_305_t4 1283
---------------------------------------------------------------------

freesurfer imgreg_4dfp.c
/opt/freesurfer/average/711-2C_as_mni_average_305.4dfp.img
       256       256       256         1
  1.000000  1.000000  1.000000
orientation T byte_order littleendian
Reading image: /opt/freesurfer/average/711-2C_as_mni_average_305.4dfp.img
dimensions:      256       256       256
mmppix:       1.0000   -1.0000   -1.0000
center:     128.0000 -129.0000 -129.0000
/opt/freesurfer/average/711-2B_as_mni_average_305_mask.4dfp.img
       256       256       256         1
  1.000000  1.000000  1.000000
orientation T byte_order littleendian
Reading mask: /opt/freesurfer/average/711-2B_as_mni_average_305_mask.4dfp.img (2306576 pixels)
talsrcimg_g11.4dfp.img
       256       256       256         1
  1.000000  1.000000  1.000000
orientation T byte_order littleendian
Reading image: talsrcimg_g11.4dfp.img
dimensions:      256       256       256
mmppix:       1.0000   -1.0000   -1.0000
center:     128.0000 -129.0000 -129.0000
rotation matrix determinant  1.000000
fimgreg.f
image alignment mode   1283 decimal      503 hex
parameters
    0.0000  -15.0000   22.5000    0.0000    0.0000    0.0000
eta,q 0.93105  9.66614
niter,ni,del,rscale     5    3   12.0000    1.2000
parameter  2 -1.129517 -> -0.500000 qaram    1.1500
parameter  3  0.591912 ->  0.500000 qaram    1.1500
parameter  4  1.150200 ->  0.500000 qaram    1.1500
parameters
   -2.3865  -11.5500   19.0500   -3.4500    1.2395    1.1828
eta,q 0.94276  9.56785
  0.0748  0.0830  0.0620  0.0578  0.0715  0.0643
  0.0706  0.0780  0.0604  0.0574  0.0659  0.0611
  0.0696  0.0727  0.0612  0.0593  0.0612  0.0584
  0.0714  0.0692  0.0636  0.0606  0.0578  0.0573
  0.0771  0.0664  0.0671  0.0625  0.0575  0.0573
  0.0850  0.0633  0.0731  0.0650  0.0596  0.0582
  0.0937  0.0641  0.0806  0.0681  0.0643  0.0604
niter,ni,del,rscale     7    3   12.0000    1.2000
parameter  4  0.530864 ->  0.500000 qaram    1.3225
parameters
   -2.8329   -8.8935   18.2886   -7.4175    1.5382    0.6776
eta,q 0.94790  9.59788
  0.0725  0.0756  0.0660  0.0539  0.0628  0.0567
  0.0642  0.0681  0.0588  0.0529  0.0582  0.0530
  0.0585  0.0614  0.0543  0.0517  0.0546  0.0519
  0.0572  0.0572  0.0545  0.0540  0.0523  0.0522
  0.0598  0.0548  0.0583  0.0583  0.0525  0.0526
  0.0676  0.0547  0.0637  0.0641  0.0560  0.0545
  0.0781  0.0604  0.0708  0.0698  0.0619  0.0585
niter,ni,del,rscale     7    3   12.0000    1.2000
parameters
   -2.8972   -7.3696   17.9927   -8.5017    1.6179    0.3983
eta,q 0.94939  9.58038
  0.0718  0.0707  0.0652  0.0575  0.0606  0.0563
  0.0614  0.0631  0.0581  0.0536  0.0563  0.0522
  0.0540  0.0561  0.0522  0.0520  0.0527  0.0504
  0.0521  0.0521  0.0500  0.0500  0.0508  0.0507
  0.0546  0.0497  0.0526  0.0514  0.0513  0.0517
  0.0623  0.0529  0.0597  0.0570  0.0551  0.0534
  0.0724  0.0604  0.0684  0.0646  0.0610  0.0568
niter,ni,del,rscale     6    3   12.0000    1.2000
parameters
   -2.8968   -7.1716   17.7003   -8.6670    1.6532    0.4246
eta,q 0.94952  9.57864
  0.0710  0.0670  0.0642  0.0595  0.0601  0.0569
  0.0603  0.0585  0.0575  0.0547  0.0558  0.0527
  0.0528  0.0537  0.0520  0.0522  0.0523  0.0504
  0.0506  0.0506  0.0504  0.0504  0.0505  0.0505
  0.0528  0.0508  0.0527  0.0503  0.0512  0.0515
  0.0605  0.0573  0.0588  0.0545  0.0549  0.0530
  0.0709  0.0659  0.0672  0.0617  0.0608  0.0562
niter,ni,del,rscale     5    3   12.0000    1.2000
parameters
   -2.9024   -7.1753   17.6354   -8.6809    1.6559    0.4279
eta,q 0.94951  9.57909
  0.0709  0.0662  0.0648  0.0598  0.0600  0.0568
  0.0601  0.0577  0.0581  0.0549  0.0557  0.0527
  0.0527  0.0534  0.0525  0.0523  0.0522  0.0504
  0.0505  0.0505  0.0505  0.0505  0.0505  0.0505
  0.0527  0.0511  0.0523  0.0502  0.0512  0.0515
  0.0604  0.0581  0.0579  0.0541  0.0549  0.0530
  0.0708  0.0668  0.0659  0.0612  0.0608  0.0562
registration optimization eta report
parameter search radius
    6.0000    6.9000    6.9000    7.9350    6.0000    6.0000
100000*second partial in parameter space
       57.       34.       31.       16.       27.       17.
  0.0709  0.0662  0.0648  0.0598  0.0600  0.0568
  0.0601  0.0577  0.0581  0.0549  0.0557  0.0527
  0.0527  0.0534  0.0525  0.0523  0.0522  0.0504
  0.0505  0.0505  0.0505  0.0505  0.0505  0.0505
  0.0527  0.0511  0.0523  0.0502  0.0512  0.0515
  0.0604  0.0581  0.0579  0.0541  0.0549  0.0530
  0.0708  0.0668  0.0659  0.0612  0.0608  0.0562
   -2.9024   -7.1753   17.6354   -8.6809    1.6559    0.4279
eta,q 0.94951  9.57909

---------------------------------------------------------------------
imgreg_4dfp /opt/freesurfer/average/711-2C_as_mni_average_305 /opt/freesurfer/average/711-2B_as_mni_average_305_mask talsrcimg_g11 none talsrcimg_to_711-2C_as_mni_average_305_t4 3335
---------------------------------------------------------------------

freesurfer imgreg_4dfp.c
/opt/freesurfer/average/711-2C_as_mni_average_305.4dfp.img
       256       256       256         1
  1.000000  1.000000  1.000000
orientation T byte_order littleendian
Reading image: /opt/freesurfer/average/711-2C_as_mni_average_305.4dfp.img
dimensions:      256       256       256
mmppix:       1.0000   -1.0000   -1.0000
center:     128.0000 -129.0000 -129.0000
/opt/freesurfer/average/711-2B_as_mni_average_305_mask.4dfp.img
       256       256       256         1
  1.000000  1.000000  1.000000
orientation T byte_order littleendian
Reading mask: /opt/freesurfer/average/711-2B_as_mni_average_305_mask.4dfp.img (2306576 pixels)
talsrcimg_g11.4dfp.img
       256       256       256         1
  1.000000  1.000000  1.000000
orientation T byte_order littleendian
Reading image: talsrcimg_g11.4dfp.img
dimensions:      256       256       256
mmppix:       1.0000   -1.0000   -1.0000
center:     128.0000 -129.0000 -129.0000
fimgreg.f
image alignment mode   3335 decimal      D07 hex
parameters
   -2.9024   -7.1753   17.6354   -0.0446   -1.1451   -1.1869
   -0.3020   -2.9693    0.7464   15.0713    2.8898  -15.0868
eta,q 0.95127  9.62428
niter,ni,del,rscale     5    3    5.0000    1.2000
parameter  4  1.444644 ->  0.500000 qaram    1.1500
parameter  5  1.901328 ->  0.500000 qaram    1.1500
parameters
   -2.9112   -6.8959   17.7721   -4.1846   -5.2851   -4.2212
   -0.3178   -1.8594    1.9693   13.6181    2.6881  -14.4589
eta,q 0.95913  9.35541
  0.0526  0.0518  0.0514  0.0437  0.0399  0.0418  0.0443  0.0478  0.0441  0.0431  0.0417  0.0428
  0.0505  0.0503  0.0500  0.0448  0.0411  0.0413  0.0427  0.0446  0.0426  0.0417  0.0412  0.0419
  0.0492  0.0493  0.0491  0.0464  0.0429  0.0412  0.0416  0.0423  0.0415  0.0409  0.0410  0.0412
  0.0487  0.0487  0.0487  0.0487  0.0452  0.0415  0.0412  0.0412  0.0411  0.0411  0.0409  0.0409
  0.0492  0.0488  0.0489  0.0518  0.0478  0.0427  0.0416  0.0412  0.0412  0.0419  0.0410  0.0410
  0.0505  0.0494  0.0496  0.0553  0.0509  0.0455  0.0427  0.0424  0.0417  0.0436  0.0413  0.0415
  0.0527  0.0507  0.0508  0.0592  0.0543  0.0499  0.0444  0.0448  0.0425  0.0458  0.0418  0.0423
niter,ni,del,rscale     6    3    5.0000    1.2000
parameter  4  0.959066 ->  0.500000 qaram    1.3225
parameter  5  0.939628 ->  0.500000 qaram    1.3225
parameters
   -2.7271   -6.9062   17.5638   -8.9456  -10.0461   -5.1887
   -0.4592   -1.6530    2.3722   13.0474    2.3814  -14.8035
eta,q 0.96360  8.93312
  0.0457  0.0438  0.0425  0.0380  0.0362  0.0385  0.0398  0.0426  0.0391  0.0395  0.0376  0.0380
  0.0431  0.0422  0.0415  0.0384  0.0364  0.0372  0.0379  0.0395  0.0377  0.0376  0.0369  0.0371
  0.0415  0.0412  0.0410  0.0393  0.0371  0.0365  0.0368  0.0373  0.0368  0.0366  0.0365  0.0365
  0.0409  0.0409  0.0409  0.0408  0.0386  0.0365  0.0365  0.0365  0.0365  0.0365  0.0364  0.0364
  0.0412  0.0412  0.0412  0.0429  0.0407  0.0371  0.0369  0.0371  0.0367  0.0371  0.0366  0.0367
  0.0423  0.0422  0.0420  0.0458  0.0433  0.0380  0.0382  0.0390  0.0374  0.0385  0.0370  0.0373
  0.0443  0.0439  0.0432  0.0495  0.0465  0.0400  0.0400  0.0419  0.0385  0.0404  0.0378  0.0382
niter,ni,del,rscale     7    3    5.0000    1.2000
parameters
   -2.7411   -6.6638   17.9389  -12.3677  -13.7721   -5.1496
   -0.6901   -1.6869    2.1464   12.8479    1.5405  -15.3896
eta,q 0.96495  8.58201
  0.0409  0.0403  0.0392  0.0374  0.0365  0.0379  0.0386  0.0411  0.0376  0.0388  0.0361  0.0365
  0.0384  0.0384  0.0378  0.0361  0.0354  0.0363  0.0366  0.0380  0.0362  0.0366  0.0355  0.0356
  0.0369  0.0370  0.0368  0.0357  0.0352  0.0354  0.0354  0.0358  0.0353  0.0353  0.0351  0.0351
  0.0364  0.0364  0.0364  0.0363  0.0357  0.0351  0.0352  0.0351  0.0351  0.0351  0.0351  0.0351
  0.0369  0.0365  0.0364  0.0377  0.0370  0.0356  0.0357  0.0359  0.0356  0.0359  0.0353  0.0355
  0.0385  0.0375  0.0369  0.0398  0.0391  0.0364  0.0371  0.0381  0.0365  0.0371  0.0359  0.0361
  0.0410  0.0390  0.0379  0.0428  0.0418  0.0377  0.0390  0.0412  0.0378  0.0389  0.0367  0.0369
niter,ni,del,rscale     6    3    5.0000    1.2000
parameters
   -2.8330   -6.3444   18.0346  -12.6896  -13.9312   -5.2033
   -0.6382   -1.7480    2.3019   13.1505    1.3440  -15.4934
eta,q 0.96503  8.56028
  0.0393  0.0393  0.0373  0.0388  0.0386  0.0377  0.0387  0.0409  0.0378  0.0392  0.0362  0.0366
  0.0369  0.0372  0.0361  0.0367  0.0366  0.0362  0.0367  0.0378  0.0363  0.0369  0.0355  0.0357
  0.0355  0.0358  0.0353  0.0353  0.0353  0.0352  0.0354  0.0356  0.0353  0.0354  0.0351  0.0351
  0.0350  0.0350  0.0350  0.0350  0.0350  0.0350  0.0350  0.0350  0.0350  0.0350  0.0350  0.0350
  0.0357  0.0351  0.0352  0.0356  0.0355  0.0354  0.0354  0.0358  0.0353  0.0355  0.0352  0.0353
  0.0374  0.0360  0.0359  0.0371  0.0368  0.0363  0.0367  0.0379  0.0362  0.0367  0.0356  0.0359
  0.0400  0.0375  0.0369  0.0393  0.0388  0.0377  0.0385  0.0411  0.0374  0.0383  0.0364  0.0366
niter,ni,del,rscale     5    3    5.0000    1.2000
parameters
   -2.8530   -6.2736   17.9929  -12.7274  -13.9923   -5.2137
   -0.6286   -1.7668    2.3773   13.2578    1.3002  -15.5574
eta,q 0.96502  8.55663
  0.0395  0.0385  0.0370  0.0390  0.0387  0.0378  0.0387  0.0410  0.0377  0.0390  0.0363  0.0366
  0.0370  0.0366  0.0359  0.0368  0.0366  0.0362  0.0366  0.0378  0.0362  0.0367  0.0356  0.0357
  0.0355  0.0354  0.0352  0.0354  0.0353  0.0352  0.0354  0.0357  0.0353  0.0353  0.0351  0.0351
  0.0350  0.0350  0.0350  0.0350  0.0350  0.0350  0.0350  0.0350  0.0350  0.0350  0.0350  0.0350
  0.0355  0.0353  0.0353  0.0355  0.0355  0.0354  0.0354  0.0358  0.0354  0.0356  0.0351  0.0353
  0.0371  0.0364  0.0360  0.0369  0.0367  0.0363  0.0367  0.0379  0.0362  0.0368  0.0356  0.0358
  0.0397  0.0381  0.0372  0.0390  0.0386  0.0377  0.0386  0.0410  0.0375  0.0385  0.0363  0.0366
niter,ni,del,rscale     4    3    5.0000    1.2000
parameters
   -2.8602   -6.2509   17.9797  -12.7403  -14.0167   -5.2128
   -0.6260   -1.7749    2.3995   13.2995    1.2789  -15.5839
eta,q 0.96502  8.55551
  0.0395  0.0384  0.0371  0.0391  0.0387  0.0378  0.0387  0.0410  0.0376  0.0389  0.0363  0.0366
  0.0370  0.0365  0.0359  0.0368  0.0366  0.0362  0.0366  0.0379  0.0362  0.0367  0.0356  0.0357
  0.0355  0.0354  0.0352  0.0354  0.0353  0.0352  0.0354  0.0357  0.0352  0.0353  0.0351  0.0352
  0.0350  0.0350  0.0350  0.0350  0.0350  0.0350  0.0350  0.0350  0.0350  0.0350  0.0350  0.0350
  0.0355  0.0353  0.0352  0.0355  0.0355  0.0354  0.0354  0.0358  0.0354  0.0356  0.0351  0.0352
  0.0371  0.0365  0.0360  0.0369  0.0367  0.0363  0.0367  0.0379  0.0363  0.0369  0.0356  0.0358
  0.0396  0.0382  0.0371  0.0390  0.0386  0.0377  0.0386  0.0410  0.0375  0.0385  0.0363  0.0366
registration optimization eta report
parameter search radius
    2.4000    2.4000    2.4000    9.5220    9.5220    7.2000
    7.2000    7.2000    7.2000    7.2000    7.2000    7.2000
100000*second partial in parameter space
       80.       57.       37.        4.        4.        5.
        7.       12.        5.        7.        2.        3.
  0.0395  0.0384  0.0371  0.0391  0.0387  0.0378  0.0387  0.0410  0.0376  0.0389  0.0363  0.0366
  0.0370  0.0365  0.0359  0.0368  0.0366  0.0362  0.0366  0.0379  0.0362  0.0367  0.0356  0.0357
  0.0355  0.0354  0.0352  0.0354  0.0353  0.0352  0.0354  0.0357  0.0352  0.0353  0.0351  0.0352
  0.0350  0.0350  0.0350  0.0350  0.0350  0.0350  0.0350  0.0350  0.0350  0.0350  0.0350  0.0350
  0.0355  0.0353  0.0352  0.0355  0.0355  0.0354  0.0354  0.0358  0.0354  0.0356  0.0351  0.0352
  0.0371  0.0365  0.0360  0.0369  0.0367  0.0363  0.0367  0.0379  0.0363  0.0369  0.0356  0.0358
  0.0396  0.0382  0.0371  0.0390  0.0386  0.0377  0.0386  0.0410  0.0375  0.0385  0.0363  0.0366
   -2.8602   -6.2509   17.9797  -12.7403  -14.0167   -5.2128
   -0.6260   -1.7749    2.3995   13.2995    1.2789  -15.5839
eta,q 0.96502  8.55551

---------------------------------------------------------------------
imgreg_4dfp /opt/freesurfer/average/711-2C_as_mni_average_305 /opt/freesurfer/average/711-2B_as_mni_average_305_mask talsrcimg_g11 none talsrcimg_to_711-2C_as_mni_average_305_t4 2311
---------------------------------------------------------------------

freesurfer imgreg_4dfp.c
/opt/freesurfer/average/711-2C_as_mni_average_305.4dfp.img
       256       256       256         1
  1.000000  1.000000  1.000000
orientation T byte_order littleendian
Reading image: /opt/freesurfer/average/711-2C_as_mni_average_305.4dfp.img
dimensions:      256       256       256
mmppix:       1.0000   -1.0000   -1.0000
center:     128.0000 -129.0000 -129.0000
/opt/freesurfer/average/711-2B_as_mni_average_305_mask.4dfp.img
       256       256       256         1
  1.000000  1.000000  1.000000
orientation T byte_order littleendian
Reading mask: /opt/freesurfer/average/711-2B_as_mni_average_305_mask.4dfp.img (2306576 pixels)
talsrcimg_g11.4dfp.img
       256       256       256         1
  1.000000  1.000000  1.000000
orientation T byte_order littleendian
Reading image: talsrcimg_g11.4dfp.img
dimensions:      256       256       256
mmppix:       1.0000   -1.0000   -1.0000
center:     128.0000 -129.0000 -129.0000
fimgreg.f
image alignment mode   2311 decimal      907 hex
parameters
   -2.8602   -6.2509   17.9797  -12.7403  -14.0167   -5.2128
   -0.6260   -1.7749    2.3995   13.2995    1.2789  -15.5839
eta,q 0.96502  8.55551
niter,ni,del,rscale     5    3    5.0000    0.8000
parameters
   -2.8613   -6.2451   17.9711  -12.8451  -14.2896   -5.3563
   -0.6860   -1.8039    2.2615   13.0247    1.3122  -15.6221
eta,q 0.96507  8.52733
  0.0371  0.0365  0.0360  0.0360  0.0359  0.0362  0.0366  0.0378  0.0361  0.0366  0.0355  0.0357
  0.0359  0.0357  0.0354  0.0354  0.0353  0.0355  0.0357  0.0362  0.0355  0.0356  0.0352  0.0353
  0.0352  0.0352  0.0351  0.0351  0.0350  0.0351  0.0351  0.0353  0.0351  0.0350  0.0350  0.0350
  0.0350  0.0350  0.0350  0.0350  0.0350  0.0350  0.0350  0.0350  0.0350  0.0350  0.0349  0.0349
  0.0352  0.0352  0.0351  0.0351  0.0352  0.0352  0.0352  0.0353  0.0352  0.0353  0.0350  0.0351
  0.0359  0.0357  0.0354  0.0355  0.0355  0.0357  0.0358  0.0363  0.0356  0.0360  0.0352  0.0353
  0.0371  0.0365  0.0360  0.0361  0.0360  0.0363  0.0367  0.0379  0.0362  0.0369  0.0355  0.0357
niter,ni,del,rscale     4    3    5.0000    0.7000
parameters
   -2.8578   -6.2624   17.9505  -12.8770  -14.2930   -5.4883
   -0.6934   -1.8134    2.1987   12.9402    1.3425  -15.6370
eta,q 0.96507  8.51840
  0.0365  0.0361  0.0357  0.0358  0.0357  0.0359  0.0362  0.0372  0.0359  0.0364  0.0354  0.0356
  0.0357  0.0354  0.0353  0.0353  0.0353  0.0354  0.0355  0.0359  0.0354  0.0355  0.0351  0.0352
  0.0351  0.0351  0.0350  0.0350  0.0350  0.0350  0.0351  0.0352  0.0350  0.0350  0.0350  0.0350
  0.0349  0.0349  0.0349  0.0349  0.0349  0.0349  0.0349  0.0349  0.0349  0.0349  0.0349  0.0349
  0.0351  0.0351  0.0350  0.0350  0.0350  0.0351  0.0351  0.0352  0.0351  0.0352  0.0350  0.0350
  0.0356  0.0355  0.0353  0.0353  0.0353  0.0355  0.0355  0.0360  0.0354  0.0357  0.0351  0.0352
  0.0365  0.0361  0.0357  0.0358  0.0357  0.0360  0.0362  0.0372  0.0359  0.0364  0.0354  0.0356
niter,ni,del,rscale     3    3    5.0000    0.6000
parameters
   -2.8556   -6.2702   17.9226  -12.8929  -14.3174   -5.5986
   -0.6977   -1.8265    2.1614   12.8687    1.3736  -15.6332
eta,q 0.96508  8.51050
  0.0361  0.0358  0.0355  0.0356  0.0355  0.0357  0.0359  0.0366  0.0357  0.0360  0.0353  0.0354
  0.0355  0.0353  0.0352  0.0352  0.0352  0.0352  0.0353  0.0356  0.0352  0.0354  0.0351  0.0351
  0.0351  0.0350  0.0350  0.0350  0.0350  0.0350  0.0350  0.0351  0.0350  0.0350  0.0350  0.0350
  0.0349  0.0349  0.0349  0.0349  0.0349  0.0349  0.0349  0.0349  0.0349  0.0349  0.0349  0.0349
  0.0350  0.0350  0.0350  0.0350  0.0350  0.0351  0.0350  0.0351  0.0350  0.0351  0.0350  0.0350
  0.0354  0.0353  0.0352  0.0352  0.0352  0.0354  0.0353  0.0357  0.0353  0.0355  0.0351  0.0351
  0.0361  0.0358  0.0355  0.0356  0.0355  0.0358  0.0359  0.0366  0.0357  0.0360  0.0353  0.0354
niter,ni,del,rscale     2    3    5.0000    0.5000
parameters
   -2.8525   -6.2757   17.9003  -12.9023  -14.3514   -5.6783
   -0.6996   -1.8429    2.1266   12.8086    1.4008  -15.6302
eta,q 0.96509  8.50404
  0.0357  0.0355  0.0353  0.0353  0.0353  0.0355  0.0356  0.0361  0.0354  0.0357  0.0352  0.0353
  0.0353  0.0352  0.0351  0.0351  0.0351  0.0352  0.0352  0.0354  0.0351  0.0352  0.0350  0.0351
  0.0350  0.0350  0.0350  0.0350  0.0350  0.0350  0.0350  0.0350  0.0350  0.0350  0.0349  0.0350
  0.0349  0.0349  0.0349  0.0349  0.0349  0.0349  0.0349  0.0349  0.0349  0.0349  0.0349  0.0349
  0.0350  0.0350  0.0350  0.0350  0.0350  0.0350  0.0350  0.0351  0.0350  0.0350  0.0349  0.0350
  0.0353  0.0352  0.0351  0.0351  0.0351  0.0352  0.0352  0.0355  0.0352  0.0353  0.0350  0.0351
  0.0357  0.0355  0.0353  0.0354  0.0353  0.0355  0.0356  0.0361  0.0355  0.0357  0.0352  0.0353
niter,ni,del,rscale     1    3    5.0000    0.4000
parameters
   -2.8500   -6.2810   17.8798  -12.9225  -14.3641   -5.7435
   -0.6935   -1.8634    2.0999   12.7477    1.4232  -15.6133
eta,q 0.96508  8.49863
  0.0354  0.0353  0.0352  0.0352  0.0352  0.0353  0.0353  0.0356  0.0353  0.0354  0.0351  0.0351
  0.0351  0.0351  0.0350  0.0350  0.0350  0.0351  0.0351  0.0352  0.0351  0.0351  0.0350  0.0350
  0.0350  0.0350  0.0349  0.0349  0.0349  0.0349  0.0350  0.0350  0.0350  0.0350  0.0349  0.0349
  0.0349  0.0349  0.0349  0.0349  0.0349  0.0349  0.0349  0.0349  0.0349  0.0349  0.0349  0.0349
  0.0350  0.0350  0.0349  0.0350  0.0349  0.0350  0.0350  0.0350  0.0350  0.0350  0.0349  0.0349
  0.0351  0.0351  0.0350  0.0350  0.0350  0.0351  0.0351  0.0353  0.0351  0.0352  0.0350  0.0350
  0.0354  0.0353  0.0352  0.0352  0.0352  0.0353  0.0353  0.0357  0.0353  0.0354  0.0351  0.0351
registration optimization eta report
parameter search radius
    0.8000    0.8000    0.8000    2.4000    2.4000    2.4000
    2.4000    2.4000    2.4000    2.4000    2.4000    2.4000
100000*second partial in parameter space
       82.       62.       40.        5.        5.        7.
        7.       13.        6.        9.        3.        4.
  0.0354  0.0353  0.0352  0.0352  0.0352  0.0353  0.0353  0.0356  0.0353  0.0354  0.0351  0.0351
  0.0351  0.0351  0.0350  0.0350  0.0350  0.0351  0.0351  0.0352  0.0351  0.0351  0.0350  0.0350
  0.0350  0.0350  0.0349  0.0349  0.0349  0.0349  0.0350  0.0350  0.0350  0.0350  0.0349  0.0349
  0.0349  0.0349  0.0349  0.0349  0.0349  0.0349  0.0349  0.0349  0.0349  0.0349  0.0349  0.0349
  0.0350  0.0350  0.0349  0.0350  0.0349  0.0350  0.0350  0.0350  0.0350  0.0350  0.0349  0.0349
  0.0351  0.0351  0.0350  0.0350  0.0350  0.0351  0.0351  0.0353  0.0351  0.0352  0.0350  0.0350
  0.0354  0.0353  0.0352  0.0352  0.0352  0.0353  0.0353  0.0357  0.0353  0.0354  0.0351  0.0351
   -2.8500   -6.2810   17.8798  -12.9225  -14.3641   -5.7435
   -0.6935   -1.8634    2.0999   12.7477    1.4232  -15.6133
eta,q 0.96508  8.49863

---------------------------------------------------------------------
imgreg_4dfp /opt/freesurfer/average/711-2C_as_mni_average_305 /opt/freesurfer/average/711-2B_as_mni_average_305_mask talsrcimg_g11 none talsrcimg_to_711-2C_as_mni_average_305_t4 2311
---------------------------------------------------------------------

freesurfer imgreg_4dfp.c
/opt/freesurfer/average/711-2C_as_mni_average_305.4dfp.img
       256       256       256         1
  1.000000  1.000000  1.000000
orientation T byte_order littleendian
Reading image: /opt/freesurfer/average/711-2C_as_mni_average_305.4dfp.img
dimensions:      256       256       256
mmppix:       1.0000   -1.0000   -1.0000
center:     128.0000 -129.0000 -129.0000
/opt/freesurfer/average/711-2B_as_mni_average_305_mask.4dfp.img
       256       256       256         1
  1.000000  1.000000  1.000000
orientation T byte_order littleendian
Reading mask: /opt/freesurfer/average/711-2B_as_mni_average_305_mask.4dfp.img (2306576 pixels)
talsrcimg_g11.4dfp.img
       256       256       256         1
  1.000000  1.000000  1.000000
orientation T byte_order littleendian
Reading image: talsrcimg_g11.4dfp.img
dimensions:      256       256       256
mmppix:       1.0000   -1.0000   -1.0000
center:     128.0000 -129.0000 -129.0000
fimgreg.f
image alignment mode   2311 decimal      907 hex
parameters
   -2.8500   -6.2810   17.8798  -12.9225  -14.3641   -5.7435
   -0.6935   -1.8634    2.0999   12.7477    1.4232  -15.6133
eta,q 0.96508  8.49863
niter,ni,del,rscale     5    3    5.0000    0.8000
parameters
   -2.8573   -6.2810   17.8788  -12.8946  -14.1790   -5.6054
   -0.6824   -1.8078    2.1833   12.9574    1.3520  -15.6207
eta,q 0.96507  8.51732
  0.0370  0.0365  0.0359  0.0360  0.0361  0.0364  0.0366  0.0379  0.0363  0.0370  0.0355  0.0357
  0.0358  0.0356  0.0354  0.0354  0.0354  0.0356  0.0357  0.0363  0.0355  0.0359  0.0352  0.0353
  0.0351  0.0351  0.0350  0.0350  0.0350  0.0351  0.0351  0.0352  0.0351  0.0352  0.0350  0.0350
  0.0349  0.0349  0.0349  0.0349  0.0349  0.0349  0.0349  0.0349  0.0349  0.0349  0.0349  0.0349
  0.0351  0.0351  0.0350  0.0350  0.0350  0.0351  0.0351  0.0353  0.0351  0.0352  0.0350  0.0350
  0.0359  0.0356  0.0354  0.0354  0.0354  0.0356  0.0357  0.0362  0.0355  0.0357  0.0352  0.0353
  0.0370  0.0365  0.0359  0.0360  0.0358  0.0362  0.0366  0.0377  0.0361  0.0366  0.0356  0.0357
niter,ni,del,rscale     4    3    5.0000    0.7000
parameters
   -2.8552   -6.2686   17.8996  -12.8992  -14.2641   -5.5802
   -0.6879   -1.8159    2.1883   12.9296    1.3658  -15.6392
eta,q 0.96507  8.51414
  0.0365  0.0361  0.0357  0.0358  0.0357  0.0360  0.0362  0.0372  0.0359  0.0364  0.0354  0.0356
  0.0356  0.0355  0.0353  0.0353  0.0352  0.0354  0.0355  0.0359  0.0354  0.0356  0.0351  0.0352
  0.0351  0.0351  0.0350  0.0350  0.0350  0.0350  0.0351  0.0352  0.0350  0.0350  0.0350  0.0350
  0.0349  0.0349  0.0349  0.0349  0.0349  0.0349  0.0349  0.0349  0.0349  0.0349  0.0349  0.0349
  0.0351  0.0351  0.0350  0.0350  0.0350  0.0351  0.0351  0.0352  0.0351  0.0352  0.0350  0.0350
  0.0356  0.0354  0.0353  0.0353  0.0353  0.0354  0.0355  0.0359  0.0354  0.0357  0.0351  0.0352
  0.0365  0.0361  0.0357  0.0358  0.0357  0.0359  0.0362  0.0372  0.0359  0.0363  0.0354  0.0355
niter,ni,del,rscale     3    3    5.0000    0.6000
parameters
   -2.8541   -6.2683   17.9034  -12.8940  -14.3003   -5.6298
   -0.6994   -1.8267    2.1591   12.8725    1.3691  -15.6412
eta,q 0.96508  8.50987
  0.0361  0.0358  0.0355  0.0356  0.0355  0.0357  0.0359  0.0366  0.0357  0.0360  0.0353  0.0354
  0.0355  0.0353  0.0352  0.0352  0.0352  0.0353  0.0353  0.0356  0.0352  0.0354  0.0351  0.0351
  0.0350  0.0350  0.0350  0.0350  0.0350  0.0350  0.0350  0.0351  0.0350  0.0350  0.0350  0.0350
  0.0349  0.0349  0.0349  0.0349  0.0349  0.0349  0.0349  0.0349  0.0349  0.0349  0.0349  0.0349
  0.0350  0.0350  0.0350  0.0350  0.0350  0.0350  0.0350  0.0351  0.0350  0.0351  0.0350  0.0350
  0.0354  0.0353  0.0352  0.0352  0.0352  0.0353  0.0353  0.0357  0.0353  0.0355  0.0351  0.0351
  0.0361  0.0358  0.0355  0.0356  0.0355  0.0357  0.0359  0.0366  0.0357  0.0360  0.0353  0.0354
niter,ni,del,rscale     2    3    5.0000    0.5000
parameters
   -2.8534   -6.2745   17.8924  -12.9099  -14.3426   -5.6892
   -0.6996   -1.8443    2.1222   12.8110    1.4203  -15.6261
eta,q 0.96508  8.50360
  0.0357  0.0355  0.0353  0.0354  0.0353  0.0355  0.0356  0.0361  0.0354  0.0357  0.0352  0.0353
  0.0353  0.0352  0.0351  0.0351  0.0351  0.0352  0.0352  0.0354  0.0351  0.0352  0.0350  0.0351
  0.0350  0.0350  0.0350  0.0350  0.0350  0.0350  0.0350  0.0350  0.0350  0.0350  0.0350  0.0350
  0.0349  0.0349  0.0349  0.0349  0.0349  0.0349  0.0349  0.0349  0.0349  0.0349  0.0349  0.0349
  0.0350  0.0350  0.0350  0.0350  0.0350  0.0350  0.0350  0.0351  0.0350  0.0350  0.0349  0.0350
  0.0353  0.0352  0.0351  0.0351  0.0351  0.0352  0.0352  0.0355  0.0352  0.0353  0.0350  0.0351
  0.0357  0.0355  0.0353  0.0354  0.0353  0.0355  0.0356  0.0361  0.0355  0.0357  0.0351  0.0352
niter,ni,del,rscale     1    3    5.0000    0.4000
parameters
   -2.8488   -6.2800   17.8786  -12.9211  -14.3459   -5.7386
   -0.6878   -1.8602    2.0950   12.7491    1.4268  -15.6203
eta,q 0.96508  8.49983
  0.0354  0.0353  0.0352  0.0352  0.0352  0.0353  0.0353  0.0357  0.0353  0.0354  0.0351  0.0351
  0.0352  0.0351  0.0350  0.0350  0.0350  0.0351  0.0351  0.0352  0.0351  0.0351  0.0350  0.0350
  0.0350  0.0350  0.0349  0.0349  0.0349  0.0350  0.0350  0.0350  0.0349  0.0350  0.0349  0.0349
  0.0349  0.0349  0.0349  0.0349  0.0349  0.0349  0.0349  0.0349  0.0349  0.0349  0.0349  0.0349
  0.0350  0.0350  0.0349  0.0350  0.0349  0.0350  0.0350  0.0350  0.0350  0.0350  0.0349  0.0349
  0.0351  0.0351  0.0350  0.0350  0.0350  0.0351  0.0351  0.0353  0.0351  0.0352  0.0350  0.0350
  0.0354  0.0353  0.0352  0.0352  0.0352  0.0353  0.0353  0.0357  0.0353  0.0354  0.0351  0.0351
registration optimization eta report
parameter search radius
    0.8000    0.8000    0.8000    2.4000    2.4000    2.4000
    2.4000    2.4000    2.4000    2.4000    2.4000    2.4000
100000*second partial in parameter space
       81.       62.       40.        5.        5.        7.
        7.       13.        6.        9.        3.        4.
  0.0354  0.0353  0.0352  0.0352  0.0352  0.0353  0.0353  0.0357  0.0353  0.0354  0.0351  0.0351
  0.0352  0.0351  0.0350  0.0350  0.0350  0.0351  0.0351  0.0352  0.0351  0.0351  0.0350  0.0350
  0.0350  0.0350  0.0349  0.0349  0.0349  0.0350  0.0350  0.0350  0.0349  0.0350  0.0349  0.0349
  0.0349  0.0349  0.0349  0.0349  0.0349  0.0349  0.0349  0.0349  0.0349  0.0349  0.0349  0.0349
  0.0350  0.0350  0.0349  0.0350  0.0349  0.0350  0.0350  0.0350  0.0350  0.0350  0.0349  0.0349
  0.0351  0.0351  0.0350  0.0350  0.0350  0.0351  0.0351  0.0353  0.0351  0.0352  0.0350  0.0350
  0.0354  0.0353  0.0352  0.0352  0.0352  0.0353  0.0353  0.0357  0.0353  0.0354  0.0351  0.0351
   -2.8488   -6.2800   17.8786  -12.9211  -14.3459   -5.7386
   -0.6878   -1.8602    2.0950   12.7491    1.4268  -15.6203
eta,q 0.96508  8.49983

---------------------------------------------------------------------
compute_vox2vox talsrcimg talsrcimg_to_711-2C_as_mni_average_305_t4 /opt/freesurfer/average/711-2C_as_mni_average_305
---------------------------------------------------------------------

freesurfer compute_vox2vox.c
Reading: talsrcimg.4dfp.ifh
Reading: talsrcimg_to_711-2C_as_mni_average_305_t4
Reading: /opt/freesurfer/average/711-2C_as_mni_average_305.4dfp.ifh
Writing: talsrcimg_to_711-2C_as_mni_average_305_t4_vox2vox.txt

start time Fri Mar 13 22:39:53 CET 2026
end		time Fri Mar 13 22:40:07 CET 2026

mpr2mni305 success

avi2talxfm orig_nu.mgz /opt/freesurfer/average/mni305.cor.mgz talsrcimg_to_711-2C_as_mni_average_305_t4_vox2vox.txt transforms/talairach.auto.xfm
avi2talxfm done
mv -f /out/sourcedata/freesurfer/sub-v2s7x29670_ses-1/mri/talsrcimg_to_711-2C_as_mni_average_305_t4_vox2vox.txt /out/sourcedata/freesurfer/sub-v2s7x29670_ses-1/mri/transforms/talsrcimg_to_711-2C_as_mni_average_305_t4_vox2vox.txt
lta_convert --src orig_nu.mgz --trg /opt/freesurfer/average/mni305.cor.mgz --inxfm transforms/talairach.auto.xfm --outlta transforms/talairach.auto.xfm.lta --subject fsaverage
7.3.2

--src: orig_nu.mgz src image (geometry).
--trg: /opt/freesurfer/average/mni305.cor.mgz trg image (geometry).
--inmni: transforms/talairach.auto.xfm input MNI/XFM transform.
--outlta: transforms/talairach.auto.xfm.lta output LTA.
--s: fsaverage subject name
 LTA read, type : 1
 1.14773   0.02089   0.01302  -14.17061;
-0.02149   1.03495   0.18857  -22.33928;
-0.02487  -0.15456   1.13910  -9.01144;
 0.00000   0.00000   0.00000   1.00000;
setting subject to fsaverage
Writing  LTA to file transforms/talairach.auto.xfm.lta...
lta_convert successful.
 
 
Started at Fri Mar 13 22:39:53 CET 2026
Ended   at Fri Mar 13 22:40:07 CET 2026
talairach_avi done
