status file for recon-all
Fri Mar 13 22:26:56 CET 2026
#@# MotionCor Fri Mar 13 22:26:57 CET 2026
#@# Talairach Fri Mar 13 22:27:03 CET 2026
#@# Talairach Failure Detection Fri Mar 13 22:29:52 CET 2026
#@# Nu Intensity Correction Fri Mar 13 22:29:52 CET 2026
#@# Intensity Normalization Fri Mar 13 22:32:36 CET 2026
recon-all -s sub-v2s7x29668_ses-1 finished without error at Fri Mar 13 22:33:29 CET 2026



#New# invocation of recon-all 



status file for recon-all
Fri Mar 13 22:43:33 CET 2026
#@# EM Registration Fri Mar 13 22:43:33 CET 2026
recon-all -s sub-v2s7x29668_ses-1 finished without error at Fri Mar 13 22:45:07 CET 2026



#New# invocation of recon-all 



status file for recon-all
Fri Mar 13 22:45:09 CET 2026
#@# CA Normalize Fri Mar 13 22:45:09 CET 2026
#@# CA Reg Fri Mar 13 22:46:00 CET 2026
#@# SubCort Seg Fri Mar 13 23:18:40 CET 2026
#@# CC Seg Fri Mar 13 23:36:46 CET 2026
#@# Merge ASeg Fri Mar 13 23:37:02 CET 2026
#@# Intensity Normalization2 Fri Mar 13 23:37:02 CET 2026
#@# Mask BFS Fri Mar 13 23:38:22 CET 2026
#@# WM Segmentation Fri Mar 13 23:38:22 CET 2026
#@# Fill Fri Mar 13 23:39:44 CET 2026
recon-all -s sub-v2s7x29668_ses-1 finished without error at Fri Mar 13 23:40:22 CET 2026



#New# invocation of recon-all 



status file for recon-all
Sat Mar 14 00:05:33 CET 2026
#@# white curv lh Sat Mar 14 00:05:33 CET 2026
#@# white area lh Sat Mar 14 00:05:33 CET 2026
#@# pial curv lh Sat Mar 14 00:05:33 CET 2026
#@# pial area lh Sat Mar 14 00:05:33 CET 2026
#@# thickness lh Sat Mar 14 00:05:33 CET 2026
#@# area and vertex vol lh Sat Mar 14 00:05:33 CET 2026
#@# white curv rh Sat Mar 14 00:05:33 CET 2026
#@# white area rh Sat Mar 14 00:05:33 CET 2026
#@# pial curv rh Sat Mar 14 00:05:33 CET 2026
#@# pial area rh Sat Mar 14 00:05:33 CET 2026
#@# thickness rh Sat Mar 14 00:05:33 CET 2026
#@# area and vertex vol rh Sat Mar 14 00:05:33 CET 2026
#@# Cortical ribbon mask Sat Mar 14 00:05:33 CET 2026
recon-all -s sub-v2s7x29668_ses-1 finished without error at Sat Mar 14 00:07:29 CET 2026



#New# invocation of recon-all 



status file for recon-all
Sat Mar 14 00:11:39 CET 2026
#@# white curv lh Sat Mar 14 00:11:39 CET 2026
#@# white area lh Sat Mar 14 00:11:39 CET 2026
#@# pial curv lh Sat Mar 14 00:11:39 CET 2026
#@# pial area lh Sat Mar 14 00:11:39 CET 2026
#@# thickness lh Sat Mar 14 00:11:39 CET 2026
#@# area and vertex vol lh Sat Mar 14 00:11:39 CET 2026
#@# white curv rh Sat Mar 14 00:11:39 CET 2026
#@# white area rh Sat Mar 14 00:11:39 CET 2026
#@# pial curv rh Sat Mar 14 00:11:39 CET 2026
#@# pial area rh Sat Mar 14 00:11:39 CET 2026
#@# thickness rh Sat Mar 14 00:11:39 CET 2026
#@# area and vertex vol rh Sat Mar 14 00:11:39 CET 2026
#@# Curvature Stats lh Sat Mar 14 00:11:39 CET 2026
#@# Curvature Stats rh Sat Mar 14 00:11:40 CET 2026
#@# Relabel Hypointensities Sat Mar 14 00:11:42 CET 2026
#@# APas-to-ASeg Sat Mar 14 00:11:51 CET 2026
#@# AParc-to-ASeg aparc Sat Mar 14 00:11:55 CET 2026
#@# AParc-to-ASeg aparc.a2009s Sat Mar 14 00:12:07 CET 2026
#@# AParc-to-ASeg aparc.DKTatlas Sat Mar 14 00:12:20 CET 2026
#@# WMParc Sat Mar 14 00:12:33 CET 2026
#@# ASeg Stats Sat Mar 14 00:14:16 CET 2026
recon-all -s sub-v2s7x29668_ses-1 finished without error at Sat Mar 14 00:14:33 CET 2026
