status file for recon-all
Fri Mar 13 23:40:26 CET 2026
#@# Tessellate lh Fri Mar 13 23:40:26 CET 2026
#@# Smooth1 lh Fri Mar 13 23:40:28 CET 2026
#@# Inflation1 lh Fri Mar 13 23:40:30 CET 2026
#@# QSphere lh Fri Mar 13 23:40:36 CET 2026
#@# Fix Topology lh Fri Mar 13 23:41:12 CET 2026
#@# Smooth2 lh Fri Mar 13 23:44:24 CET 2026
#@# Inflation2 lh Fri Mar 13 23:44:26 CET 2026
#@# Curv .H and .K lh Fri Mar 13 23:44:33 CET 2026
#@# Sphere lh Fri Mar 13 23:45:04 CET 2026
#@# Surf Reg lh Fri Mar 13 23:45:50 CET 2026
#@# Jacobian white lh Fri Mar 13 23:47:50 CET 2026
#@# AvgCurv lh Fri Mar 13 23:47:51 CET 2026
#@# Cortical Parc lh Fri Mar 13 23:47:51 CET 2026
#@# white curv lh Fri Mar 13 23:51:56 CET 2026
#@# white area lh Fri Mar 13 23:51:57 CET 2026
#@# pial curv lh Fri Mar 13 23:51:57 CET 2026
#@# pial area lh Fri Mar 13 23:51:58 CET 2026
#@# thickness lh Fri Mar 13 23:51:59 CET 2026
#@# area and vertex vol lh Fri Mar 13 23:52:14 CET 2026
#@# Curvature Stats lh Fri Mar 13 23:52:15 CET 2026
#@# Cortical Parc 2 lh Fri Mar 13 23:52:16 CET 2026
#@# Cortical Parc 3 lh Fri Mar 13 23:52:24 CET 2026
#@# WM/GM Contrast lh Fri Mar 13 23:52:30 CET 2026
recon-all -s sub-v2s7x29668_ses-1 finished without error at Fri Mar 13 23:52:32 CET 2026



#New# invocation of recon-all 



status file for recon-all
Sat Mar 14 00:07:34 CET 2026
#@# white curv lh Sat Mar 14 00:07:34 CET 2026
#@# white area lh Sat Mar 14 00:07:34 CET 2026
#@# pial curv lh Sat Mar 14 00:07:34 CET 2026
#@# pial area lh Sat Mar 14 00:07:34 CET 2026
#@# thickness lh Sat Mar 14 00:07:34 CET 2026
#@# area and vertex vol lh Sat Mar 14 00:07:34 CET 2026
#@# Parcellation Stats lh Sat Mar 14 00:07:34 CET 2026
#@# Parcellation Stats 2 lh Sat Mar 14 00:07:50 CET 2026
#@# Parcellation Stats 3 lh Sat Mar 14 00:07:57 CET 2026
#@# BA_exvivo Labels lh Sat Mar 14 00:08:05 CET 2026
recon-all -s sub-v2s7x29668_ses-1 finished without error at Sat Mar 14 00:09:39 CET 2026
