/out/sourcedata/freesurfer/sub-v2s7x29678_ses-1/mri
/opt/freesurfer/bin/talairach_avi
--i orig_nu.mgz --xfm transforms/talairach.auto.xfm
talairach_avi 7.3.2
Linux dna030 5.14.0-427.37.1.el9_4.x86_64 #1 SMP PREEMPT_DYNAMIC Fri Sep 13 12:41:50 EDT 2024 x86_64 x86_64 x86_64 GNU/Linux
Fri Mar 13 23:09:39 CET 2026
mri_convert orig_nu.mgz talsrcimg.img 
reading from orig_nu.mgz...
TR=0.00, TE=0.00, TI=0.00, flip angle=0.00
i_ras = (-1, 0, 0)
j_ras = (0, 0, -1)
k_ras = (0, 1, 0)
writing to talsrcimg.img...
Analyze Output Matrix
-1.00000   0.00000   0.00000   135.96814;
 0.00000   0.00000   1.00000  -118.32364;
 0.00000  -1.00000   0.00000   146.13559;
 0.00000   0.00000   0.00000   1.00000;
--------------------
INFO: set hdr.hist.orient to -1
mpr2mni305 talsrcimg
Fri Mar 13 23:09:39 CET 2026
/opt/freesurfer/bin/mpr2mni305 talsrcimg
mpr2mni305 7.3.2
target=711-2C_as_mni_average_305

---------------------------------------------------------------------
analyzeto4dfp talsrcimg -O0 -y
---------------------------------------------------------------------

freesurfer ifh2hdr.c
Fri Mar 13 23:09:39 2026
Writing: talsrcimg.4dfp.hdr
freesurfer analyzeto4dfp.c
Reading: talsrcimg.hdr
header size 348 bytes
hdr.dime.datatype	offset=70	value=2
hdr.dime.bitpix		offset=72	value=8
hdr.hist.orient		offset=252	value=-1
dimensionality     4
dimensions       256       256       256         1
Reading: talsrcimg.img
Writing: talsrcimg.4dfp.img
Writing: talsrcimg.4dfp.ifh
ifh2hdr talsrcimg -r0to255
ori=2

---------------------------------------------------------------------
gauss_4dfp talsrcimg 1.1
---------------------------------------------------------------------

freesurfer gauss_4dfp.c
Reading: talsrcimg.4dfp.img
Writing: talsrcimg_g11.4dfp.img
image dimensions 256 256 256 padded to 288 288 288
processing volume 1freesurfer ifh2hdr.c
Fri Mar 13 23:09:41 2026
Writing: talsrcimg_g11.4dfp.hdr

Writing: talsrcimg_g11.4dfp.ifh
including: talsrcimg.4dfp.img.rec in talsrcimg_g11.4dfp.img.rec

---------------------------------------------------------------------
imgreg_4dfp /opt/freesurfer/average/711-2C_as_mni_average_305 none talsrcimg_g11 none talsrcimg_to_711-2C_as_mni_average_305_t4 4355
---------------------------------------------------------------------

freesurfer imgreg_4dfp.c
/opt/freesurfer/average/711-2C_as_mni_average_305.4dfp.img
       256       256       256         1
  1.000000  1.000000  1.000000
orientation T byte_order littleendian
Reading image: /opt/freesurfer/average/711-2C_as_mni_average_305.4dfp.img
dimensions:      256       256       256
mmppix:       1.0000   -1.0000   -1.0000
center:     128.0000 -129.0000 -129.0000
talsrcimg_g11.4dfp.img
       256       256       256         1
  1.000000  1.000000  1.000000
orientation T byte_order littleendian
Reading image: talsrcimg_g11.4dfp.img
dimensions:      256       256       256
mmppix:       1.0000   -1.0000   -1.0000
center:     128.0000 -129.0000 -129.0000
t4_read: open error in t4_sub.f l:  41 t4_file(1:l)talsrcimg_to_711-2C_as_mni_average_305_t4 
t4_read: transform initialized to I4
rotation matrix determinant  1.000000
image alignment mode   4355 decimal     1103 hex
   -7.5000  -45.0000  -45.0000 7802.1592   12.1269
    0.0000  -45.0000  -45.0000 8173.0015   12.1463
    7.5000  -45.0000  -45.0000 7913.9409   12.1393
   -7.5000  -37.5000  -45.0000 8174.8979   12.1400
    0.0000  -37.5000  -45.0000 8585.1904   12.1555
    7.5000  -37.5000  -45.0000 8293.7266   12.1463
   -7.5000  -30.0000  -45.0000 8806.2080   12.1421
    0.0000  -30.0000  -45.0000 9276.3223   12.1547
    7.5000  -30.0000  -45.0000 8953.4521   12.1437
   -7.5000  -22.5000  -45.0000 9398.1348   12.1274
    0.0000  -22.5000  -45.0000 9892.2900   12.1419
    7.5000  -22.5000  -45.0000 9555.5615   12.1310
   -7.5000  -15.0000  -45.0000 9982.5312   12.1108
    0.0000  -15.0000  -45.000010504.5527   12.1295
    7.5000  -15.0000  -45.000010135.0430   12.1202
   -7.5000   -7.5000  -45.000010543.6016   12.1124
    0.0000   -7.5000  -45.000011080.3037   12.1331
    7.5000   -7.5000  -45.000010693.0703   12.1259
   -7.5000    0.0000  -45.000010929.8613   12.1269
    0.0000    0.0000  -45.000011446.5000   12.1463
    7.5000    0.0000  -45.000011027.4209   12.1392
   -7.5000    7.5000  -45.000010254.0820   12.1400
    0.0000    7.5000  -45.000010711.0586   12.1555
    7.5000    7.5000  -45.000010330.3066   12.1463
   -7.5000   15.0000  -45.0000 9513.0332   12.1421
    0.0000   15.0000  -45.0000 9925.2402   12.1547
    7.5000   15.0000  -45.0000 9570.4336   12.1437
   -7.5000   22.5000  -45.0000 8753.1152   12.1257
    0.0000   22.5000  -45.0000 9137.7930   12.1402
    7.5000   22.5000  -45.0000 8806.8936   12.1293
   -7.5000   30.0000  -45.0000 8041.8936   11.9504
    0.0000   30.0000  -45.0000 8412.7344   11.9689
    7.5000   30.0000  -45.0000 8097.7285   11.9598
   -7.5000   37.5000  -45.0000 7678.3950   12.0098
    0.0000   37.5000  -45.0000 8058.0420   12.0306
    7.5000   37.5000  -45.0000 7753.6841   12.0237
   -7.5000   45.0000  -45.0000 7060.7368   11.8564
    0.0000   45.0000  -45.0000 7419.9360   11.8759
    7.5000   45.0000  -45.0000 7136.9780   11.8682
   -7.5000  -45.0000  -37.5000 8412.8086   12.0380
    0.0000  -45.0000  -37.5000 8830.6006   12.0595
    7.5000  -45.0000  -37.5000 8541.6895   12.0550
   -7.5000  -37.5000  -37.5000 8832.8047   12.0579
    0.0000  -37.5000  -37.5000 9275.3613   12.0752
    7.5000  -37.5000  -37.5000 8955.9229   12.0682
   -7.5000  -30.0000  -37.5000 9511.9023   12.0671
    0.0000  -30.0000  -37.5000 9984.5889   12.0795
    7.5000  -30.0000  -37.5000 9648.0059   12.0713
   -7.5000  -22.5000  -37.500010112.7627   12.0519
    0.0000  -22.5000  -37.500010617.9648   12.0647
    7.5000  -22.5000  -37.500010253.7500   12.0575
   -7.5000  -15.0000  -37.500010709.3223   12.0292
    0.0000  -15.0000  -37.500011236.4912   12.0462
    7.5000  -15.0000  -37.500010835.2178   12.0410
   -7.5000   -7.5000  -37.500011248.8389   12.0244
    0.0000   -7.5000  -37.500011797.9551   12.0453
    7.5000   -7.5000  -37.500011381.1504   12.0416
   -7.5000    0.0000  -37.500011654.7207   12.0380
    0.0000    0.0000  -37.500012217.2031   12.0595
    7.5000    0.0000  -37.500011785.1270   12.0550
   -7.5000    7.5000  -37.500011000.4668   12.0579
    0.0000    7.5000  -37.500011514.5146   12.0752
    7.5000    7.5000  -37.500011094.5684   12.0682
   -7.5000   15.0000  -37.500010198.2236   12.0671
    0.0000   15.0000  -37.500010650.4160   12.0795
    7.5000   15.0000  -37.500010261.5928   12.0713
   -7.5000   22.5000  -37.5000 9351.1016   12.0503
    0.0000   22.5000  -37.5000 9781.7451   12.0631
    7.5000   22.5000  -37.5000 9444.8359   12.0559
   -7.5000   30.0000  -37.5000 8571.9053   11.8697
    0.0000   30.0000  -37.5000 8973.1963   11.8864
    7.5000   30.0000  -37.5000 8659.5811   11.8813
   -7.5000   37.5000  -37.5000 8138.1831   11.9236
    0.0000   37.5000  -37.5000 8536.8252   11.9446
    7.5000   37.5000  -37.5000 8248.3535   11.9412
   -7.5000   45.0000  -37.5000 7468.8047   11.7695
    0.0000   45.0000  -37.5000 7831.9468   11.7909
    7.5000   45.0000  -37.5000 7557.5264   11.7855
   -7.5000  -45.0000  -30.0000 9186.5010   12.4920
    0.0000  -45.0000  -30.0000 9655.7217   12.5146
    7.5000  -45.0000  -30.0000 9333.9863   12.5125
   -7.5000  -37.5000  -30.0000 9636.3799   12.5114
    0.0000  -37.5000  -30.000010127.4561   12.5273
    7.5000  -37.5000  -30.0000 9772.5352   12.5212
   -7.5000  -30.0000  -30.000010385.0098   12.5275
    0.0000  -30.0000  -30.000010896.4053   12.5370
    7.5000  -30.0000  -30.000010519.7988   12.5301
   -7.5000  -22.5000  -30.000011044.7500   12.5197
    0.0000  -22.5000  -30.000011615.2490   12.5307
    7.5000  -22.5000  -30.000011191.9004   12.5271
   -7.5000  -15.0000  -30.000011675.1494   12.4984
    0.0000  -15.0000  -30.000012248.3994   12.5159
    7.5000  -15.0000  -30.000011801.1299   12.5160
   -7.5000   -7.5000  -30.000012199.9160   12.4868
    0.0000   -7.5000  -30.000012791.1152   12.5095
    7.5000   -7.5000  -30.000012326.7051   12.5104
   -7.5000    0.0000  -30.000012613.0781   12.4920
    0.0000    0.0000  -30.000013246.2695   12.5146
    7.5000    0.0000  -30.000012765.1016   12.5125
   -7.5000    7.5000  -30.000011955.4668   12.5114
    0.0000    7.5000  -30.000012550.8018   12.5273
    7.5000    7.5000  -30.000012084.6260   12.5212
   -7.5000   15.0000  -30.000011057.2979   12.5275
    0.0000   15.0000  -30.000011576.9883   12.5370
    7.5000   15.0000  -30.000011144.1396   12.5301
   -7.5000   22.5000  -30.000010115.3486   12.5167
    0.0000   22.5000  -30.000010583.0215   12.5277
    7.5000   22.5000  -30.000010233.0859   12.5241
   -7.5000   30.0000  -30.0000 9261.6123   12.3335
    0.0000   30.0000  -30.0000 9677.5957   12.3508
    7.5000   30.0000  -30.0000 9360.4346   12.3509
   -7.5000   37.5000  -30.0000 8784.9385   12.3846
    0.0000   37.5000  -30.0000 9175.1738   12.4072
    7.5000   37.5000  -30.0000 8871.9873   12.4081
   -7.5000   45.0000  -30.0000 8010.7256   12.2216
    0.0000   45.0000  -30.0000 8371.3594   12.2437
    7.5000   45.0000  -30.0000 8079.4302   12.2404
   -7.5000  -45.0000  -22.5000 9943.7354   12.9289
    0.0000  -45.0000  -22.500010475.6660   12.9510
    7.5000  -45.0000  -22.500010126.2002   12.9483
   -7.5000  -37.5000  -22.500010431.9941   12.9382
    0.0000  -37.5000  -22.500010957.4209   12.9511
    7.5000  -37.5000  -22.500010597.2354   12.9431
   -7.5000  -30.0000  -22.500011255.1445   12.9536
    0.0000  -30.0000  -22.500011838.8848   12.9607
    7.5000  -30.0000  -22.500011428.8994   12.9518
   -7.5000  -22.5000  -22.500012032.9473   12.9566
    0.0000  -22.5000  -22.500012653.5947   12.9682
    7.5000  -22.5000  -22.500012203.7793   12.9642
   -7.5000  -15.0000  -22.500012672.2539   12.9460
    0.0000  -15.0000  -22.500013305.9033   12.9667
    7.5000  -15.0000  -22.500012832.4004   12.9679
   -7.5000   -7.5000  -22.500013185.7988   12.9339
    0.0000   -7.5000  -22.500013830.8389   12.9590
    7.5000   -7.5000  -22.500013328.0146   12.9607
   -7.5000    0.0000  -22.500013580.2324   12.9289
    0.0000    0.0000  -22.500014279.9512   12.9510
    7.5000    0.0000  -22.500013761.1758   12.9483
   -7.5000    7.5000  -22.500012892.3867   12.9382
    0.0000    7.5000  -22.500013543.0664   12.9511
    7.5000    7.5000  -22.500013054.5146   12.9431
   -7.5000   15.0000  -22.500011926.0752   12.9536
    0.0000   15.0000  -22.500012509.1660   12.9607
    7.5000   15.0000  -22.500012054.3271   12.9518
   -7.5000   22.5000  -22.500010897.8760   12.9526
    0.0000   22.5000  -22.500011390.8545   12.9642
    7.5000   22.5000  -22.500011024.4795   12.9602
   -7.5000   30.0000  -22.5000 9964.7881   12.7773
    0.0000   30.0000  -22.500010399.2559   12.7977
    7.5000   30.0000  -22.500010076.4766   12.7989
   -7.5000   37.5000  -22.5000 9439.6680   12.8299
    0.0000   37.5000  -22.5000 9858.4990   12.8547
    7.5000   37.5000  -22.5000 9544.0586   12.8563
   -7.5000   45.0000  -22.5000 8561.2559   12.6571
    0.0000   45.0000  -22.5000 8941.6836   12.6784
    7.5000   45.0000  -22.5000 8638.2646   12.6747
   -7.5000  -45.0000  -15.000010712.9697   13.2624
    0.0000  -45.0000  -15.000011296.5996   13.2830
    7.5000  -45.0000  -15.000010916.8447   13.2775
   -7.5000  -37.5000  -15.000011222.2139   13.2621
    0.0000  -37.5000  -15.000011826.8936   13.2735
    7.5000  -37.5000  -15.000011440.5859   13.2628
   -7.5000  -30.0000  -15.000012126.9619   13.2696
    0.0000  -30.0000  -15.000012800.3311   13.2773
    7.5000  -30.0000  -15.000012355.3311   13.2651
   -7.5000  -22.5000  -15.000013001.3926   13.2754
    0.0000  -22.5000  -15.000013721.9658   13.2895
    7.5000  -22.5000  -15.000013230.4404   13.2816
   -7.5000  -15.0000  -15.000013668.3057   13.2742
    0.0000  -15.0000  -15.000014425.8008   13.2977
    7.5000  -15.0000  -15.000013891.1152   13.2949
   -7.5000   -7.5000  -15.000014154.5273   13.2688
    0.0000   -7.5000  -15.000014940.4834   13.2949
    7.5000   -7.5000  -15.000014363.2188   13.2932
   -7.5000    0.0000  -15.000014513.4785   13.2624
    0.0000    0.0000  -15.000015331.6914   13.2830
    7.5000    0.0000  -15.000014755.9912   13.2775
   -7.5000    7.5000  -15.000013789.8164   13.2621
    0.0000    7.5000  -15.000014547.9932   13.2735
    7.5000    7.5000  -15.000014009.1963   13.2628
   -7.5000   15.0000  -15.000012777.5840   13.2696
    0.0000   15.0000  -15.000013430.7529   13.2773
    7.5000   15.0000  -15.000012958.0146   13.2651
   -7.5000   22.5000  -15.000011685.9033   13.2707
    0.0000   22.5000  -15.000012234.4434   13.2848
    7.5000   22.5000  -15.000011843.4824   13.2769
   -7.5000   30.0000  -15.000010680.6211   13.1033
    0.0000   30.0000  -15.000011132.3193   13.1265
    7.5000   30.0000  -15.000010785.2822   13.1238
   -7.5000   37.5000  -15.000010075.6045   13.1625
    0.0000   37.5000  -15.000010510.0840   13.1881
    7.5000   37.5000  -15.000010174.5107   13.1864
   -7.5000   45.0000  -15.0000 9118.9004   12.9901
    0.0000   45.0000  -15.0000 9520.0176   13.0100
    7.5000   45.0000  -15.0000 9200.4746   13.0039
   -7.5000  -45.0000   -7.500011501.9404   13.4324
    0.0000  -45.0000   -7.500012168.7568   13.4527
    7.5000  -45.0000   -7.500011740.3311   13.4448
   -7.5000  -37.5000   -7.500012043.2344   13.4339
    0.0000  -37.5000   -7.500012756.2920   13.4478
    7.5000  -37.5000   -7.500012327.8418   13.4362
   -7.5000  -30.0000   -7.500013000.7998   13.4339
    0.0000  -30.0000   -7.500013783.6934   13.4454
    7.5000  -30.0000   -7.500013312.4297   13.4320
   -7.5000  -22.5000   -7.500013916.4258   13.4298
    0.0000  -22.5000   -7.500014771.2695   13.4464
    7.5000  -22.5000   -7.500014242.8418   13.4346
   -7.5000  -15.0000   -7.500014651.5381   13.4253
    0.0000  -15.0000   -7.500015552.6426   13.4487
    7.5000  -15.0000   -7.500014962.1279   13.4403
   -7.5000   -7.5000   -7.500015154.5771   13.4279
    0.0000   -7.5000   -7.500016109.9844   13.4527
    7.5000   -7.5000   -7.500015470.4609   13.4461
   -7.5000    0.0000   -7.500015516.3467   13.4324
    0.0000    0.0000   -7.500016487.7832   13.4527
    7.5000    0.0000   -7.500015834.6484   13.4448
   -7.5000    7.5000   -7.500014734.5693   13.4339
    0.0000    7.5000   -7.500015624.0967   13.4478
    7.5000    7.5000   -7.500015008.4053   13.4362
   -7.5000   15.0000   -7.500013654.2148   13.4339
    0.0000   15.0000   -7.500014401.4443   13.4454
    7.5000   15.0000   -7.500013878.7402   13.4320
   -7.5000   22.5000   -7.500012486.7568   13.4236
    0.0000   22.5000   -7.500013107.8770   13.4402
    7.5000   22.5000   -7.500012682.7158   13.4284
   -7.5000   30.0000   -7.500011389.1553   13.2523
    0.0000   30.0000   -7.500011910.4326   13.2755
    7.5000   30.0000   -7.500011537.1973   13.2672
   -7.5000   37.5000   -7.500010730.2109   13.3185
    0.0000   37.5000   -7.500011210.1484   13.3431
    7.5000   37.5000   -7.500010848.0264   13.3368
   -7.5000   45.0000   -7.5000 9692.9697   13.1593
    0.0000   45.0000   -7.500010141.0381   13.1794
    7.5000   45.0000   -7.5000 9790.8711   13.1711
   -7.5000  -45.0000    0.000012259.6260   13.4533
    0.0000  -45.0000    0.000012948.1094   13.4751
    7.5000  -45.0000    0.000012502.4268   13.4672
   -7.5000  -37.5000    0.000012845.6895   13.4656
    0.0000  -37.5000    0.000013607.2178   13.4832
    7.5000  -37.5000    0.000013158.3545   13.4730
   -7.5000  -30.0000    0.000013824.2432   13.4657
    0.0000  -30.0000    0.000014704.7725   13.4804
    7.5000  -30.0000    0.000014213.7793   13.4684
   -7.5000  -22.5000    0.000014769.9648   13.4499
    0.0000  -22.5000    0.000015726.1777   13.4666
    7.5000  -22.5000    0.000015167.9932   13.4547
   -7.5000  -15.0000    0.000015545.7402   13.4338
    0.0000  -15.0000    0.000016603.5957   13.4548
    7.5000  -15.0000    0.000015932.7461   13.4446
   -7.5000   -7.5000    0.000016092.8135   13.4374
    0.0000   -7.5000    0.000017170.0625   13.4606
    7.5000   -7.5000    0.000016458.3086   13.4525
   -7.5000    0.0000    0.000016472.5273   13.4533
    0.0000    0.0000    0.000017555.0410   13.4751
    7.5000    0.0000    0.000016818.4473   13.4672
   -7.5000    7.5000    0.000015592.3799   13.4656
    0.0000    7.5000    0.000016568.6055   13.4832
    7.5000    7.5000    0.000015871.5537   13.4730
   -7.5000   15.0000    0.000014471.3564   13.4657
    0.0000   15.0000    0.000015310.6270   13.4804
    7.5000   15.0000    0.000014704.9346   13.4684
   -7.5000   22.5000    0.000013244.5723   13.4437
    0.0000   22.5000    0.000013966.3877   13.4604
    7.5000   22.5000    0.000013466.1055   13.4485
   -7.5000   30.0000    0.000012060.8955   13.2610
    0.0000   30.0000    0.000012669.3184   13.2819
    7.5000   30.0000    0.000012233.8955   13.2718
   -7.5000   37.5000    0.000011340.3945   13.3282
    0.0000   37.5000    0.000011879.3984   13.3514
    7.5000   37.5000    0.000011472.6426   13.3437
   -7.5000   45.0000    0.000010222.5537   13.1823
    0.0000   45.0000    0.000010705.4043   13.2043
    7.5000   45.0000    0.000010332.8613   13.1956
   -7.5000  -45.0000    7.500012073.4854   13.4296
    0.0000  -45.0000    7.500012758.9863   13.4533
    7.5000  -45.0000    7.500012313.0752   13.4483
   -7.5000  -37.5000    7.500012658.1992   13.4512
    0.0000  -37.5000    7.500013437.0010   13.4703
    7.5000  -37.5000    7.500012966.5703   13.4626
   -7.5000  -30.0000    7.500013636.0303   13.4605
    0.0000  -30.0000    7.500014550.0342   13.4743
    7.5000  -30.0000    7.500014056.8594   13.4652
   -7.5000  -22.5000    7.500014564.4863   13.4433
    0.0000  -22.5000    7.500015548.6064   13.4575
    7.5000  -22.5000    7.500014991.9727   13.4495
   -7.5000  -15.0000    7.500015317.5010   13.4185
    0.0000  -15.0000    7.500016401.8066   13.4373
    7.5000  -15.0000    7.500015665.1250   13.4314
   -7.5000   -7.5000    7.500015849.0615   13.4141
    0.0000   -7.5000    7.500016903.7207   13.4371
    7.5000   -7.5000    7.500016142.5146   13.4329
   -7.5000    0.0000    7.500016157.3691   13.4296
    0.0000    0.0000    7.500017190.3613   13.4533
    7.5000    0.0000    7.500016418.6934   13.4483
   -7.5000    7.5000    7.500015269.1328   13.4512
    0.0000    7.5000    7.500016208.2949   13.4703
    7.5000    7.5000    7.500015503.5898   13.4626
   -7.5000   15.0000    7.500014172.7529   13.4605
    0.0000   15.0000    7.500014993.8379   13.4743
    7.5000   15.0000    7.500014376.9854   13.4652
   -7.5000   22.5000    7.500013005.5107   13.4371
    0.0000   22.5000    7.500013736.5977   13.4513
    7.5000   22.5000    7.500013185.6621   13.4433
   -7.5000   30.0000    7.500011839.0723   13.2457
    0.0000   30.0000    7.500012483.5039   13.2642
    7.5000   30.0000    7.500012010.5410   13.2585
   -7.5000   37.5000    7.500011146.0908   13.3066
    0.0000   37.5000    7.500011723.8213   13.3298
    7.5000   37.5000    7.500011304.9814   13.3258
   -7.5000   45.0000    7.500010022.8896   13.1603
    0.0000   45.0000    7.500010523.3311   13.1840
    7.5000   45.0000    7.500010137.1592   13.1779
   -7.5000  -45.0000   15.000011736.5840   13.4126
    0.0000  -45.0000   15.000012412.5352   13.4369
    7.5000  -45.0000   15.000011963.9121   13.4347
   -7.5000  -37.5000   15.000012313.1641   13.4335
    0.0000  -37.5000   15.000013069.4248   13.4506
    7.5000  -37.5000   15.000012611.4111   13.4440
   -7.5000  -30.0000   15.000013306.4014   13.4510
    0.0000  -30.0000   15.000014203.8125   13.4612
    7.5000  -30.0000   15.000013722.1035   13.4538
   -7.5000  -22.5000   15.000014261.7578   13.4427
    0.0000  -22.5000   15.000015321.2197   13.4545
    7.5000  -22.5000   15.000014745.1631   13.4506
   -7.5000  -15.0000   15.000015065.0303   13.4198
    0.0000  -15.0000   15.000016166.6436   13.4386
    7.5000  -15.0000   15.000015432.3740   13.4387
   -7.5000   -7.5000   15.000015563.1104   13.4072
    0.0000   -7.5000   15.000016545.8398   13.4315
    7.5000   -7.5000   15.000015794.3760   13.4324
   -7.5000    0.0000   15.000015762.1875   13.4126
    0.0000    0.0000   15.000016718.2559   13.4369
    7.5000    0.0000   15.000015968.2305   13.4346
   -7.5000    7.5000   15.000014851.8037   13.4335
    0.0000    7.5000   15.000015749.1689   13.4506
    7.5000    7.5000   15.000015070.9619   13.4440
   -7.5000   15.0000   15.000013762.2275   13.4510
    0.0000   15.0000   15.000014600.6787   13.4612
    7.5000   15.0000   15.000013980.9941   13.4538
   -7.5000   22.5000   15.000012605.0234   13.4365
    0.0000   22.5000   15.000013373.6592   13.4483
    7.5000   22.5000   15.000012801.5391   13.4444
   -7.5000   30.0000   15.000011460.0615   13.2467
    0.0000   30.0000   15.000012170.4609   13.2652
    7.5000   30.0000   15.000011658.7412   13.2653
   -7.5000   37.5000   15.000010810.0527   13.3013
    0.0000   37.5000   15.000011442.1055   13.3256
    7.5000   37.5000   15.000010990.7031   13.3266
   -7.5000   45.0000   15.0000 9750.7695   13.1435
    0.0000   45.0000   15.000010277.4209   13.1673
    7.5000   45.0000   15.0000 9873.0879   13.1637
   -7.5000  -45.0000   22.500011381.6504   13.4213
    0.0000  -45.0000   22.500011976.9102   13.4441
    7.5000  -45.0000   22.500011555.9668   13.4413
   -7.5000  -37.5000   22.500011894.0566   13.4309
    0.0000  -37.5000   22.500012543.3604   13.4443
    7.5000  -37.5000   22.500012106.9131   13.4360
   -7.5000  -30.0000   22.500012840.2715   13.4469
    0.0000  -30.0000   22.500013660.8652   13.4542
    7.5000  -30.0000   22.500013205.9805   13.4450
   -7.5000  -22.5000   22.500013806.1611   13.4499
    0.0000  -22.5000   22.500014829.5010   13.4621
    7.5000  -22.5000   22.500014325.7480   13.4579
   -7.5000  -15.0000   22.500014674.1758   13.4390
    0.0000  -15.0000   22.500015787.3789   13.4605
    7.5000  -15.0000   22.500015156.1670   13.4618
   -7.5000   -7.5000   22.500015179.9434   13.4264
    0.0000   -7.5000   22.500016260.6738   13.4525
    7.5000   -7.5000   22.500015508.7686   13.4543
   -7.5000    0.0000   22.500015286.7188   13.4213
    0.0000    0.0000   22.500016324.0391   13.4441
    7.5000    0.0000   22.500015557.5996   13.4413
   -7.5000    7.5000   22.500014309.0693   13.4309
    0.0000    7.5000   22.500015238.5430   13.4443
    7.5000    7.5000   22.500014539.7969   13.4360
   -7.5000   15.0000   22.500013224.3223   13.4469
    0.0000   15.0000   22.500014057.3672   13.4542
    7.5000   15.0000   22.500013447.4385   13.4450
   -7.5000   22.5000   22.500012108.5967   13.4437
    0.0000   22.5000   22.500012866.1484   13.4559
    7.5000   22.5000   22.500012309.0127   13.4517
   -7.5000   30.0000   22.500011008.4102   13.2657
    0.0000   30.0000   22.500011689.9980   13.2869
    7.5000   30.0000   22.500011199.1328   13.2882
   -7.5000   37.5000   22.500010388.4014   13.3203
    0.0000   37.5000   22.500010990.3311   13.3460
    7.5000   37.5000   22.500010539.3242   13.3478
   -7.5000   45.0000   22.5000 9354.8906   13.1505
    0.0000   45.0000   22.5000 9858.1006   13.1726
    7.5000   45.0000   22.5000 9471.6445   13.1688
   -7.5000  -45.0000   30.000010877.6250   13.4446
    0.0000  -45.0000   30.000011423.1885   13.4654
    7.5000  -45.0000   30.000011044.7256   13.4599
   -7.5000  -37.5000   30.000011346.4814   13.4442
    0.0000  -37.5000   30.000011964.5029   13.4558
    7.5000  -37.5000   30.000011560.5361   13.4450
   -7.5000  -30.0000   30.000012231.3486   13.4519
    0.0000  -30.0000   30.000012973.6670   13.4596
    7.5000  -30.0000   30.000012544.0967   13.4473
   -7.5000  -22.5000   30.000013117.1328   13.4577
    0.0000  -22.5000   30.000014010.4609   13.4720
    7.5000  -22.5000   30.000013541.9199   13.4640
   -7.5000  -15.0000   30.000013916.5732   13.4565
    0.0000  -15.0000   30.000014932.0605   13.4803
    7.5000  -15.0000   30.000014388.0654   13.4775
   -7.5000   -7.5000   30.000014447.7559   13.4510
    0.0000   -7.5000   30.000015519.0869   13.4775
    7.5000   -7.5000   30.000014884.6309   13.4757
   -7.5000    0.0000   30.000014586.9336   13.4446
    0.0000    0.0000   30.000015631.4053   13.4654
    7.5000    0.0000   30.000014958.9912   13.4599
   -7.5000    7.5000   30.000013607.4648   13.4442
    0.0000    7.5000   30.000014522.3555   13.4558
    7.5000    7.5000   30.000013899.7383   13.4450
   -7.5000   15.0000   30.000012571.1719   13.4519
    0.0000   15.0000   30.000013339.5879   13.4596
    7.5000   15.0000   30.000012797.3955   13.4473
   -7.5000   22.5000   30.000011530.5293   13.4515
    0.0000   22.5000   30.000012194.8613   13.4658
    7.5000   22.5000   30.000011709.8545   13.4578
   -7.5000   30.0000   30.000010482.8750   13.2832
    0.0000   30.0000   30.000011088.6553   13.3068
    7.5000   30.0000   30.000010649.5391   13.3041
   -7.5000   37.5000   30.0000 9855.5293   13.3433
    0.0000   37.5000   30.000010407.4746   13.3692
    7.5000   37.5000   30.0000 9981.0908   13.3676
   -7.5000   45.0000   30.0000 8860.1699   13.1720
    0.0000   45.0000   30.0000 9329.4990   13.1922
    7.5000   45.0000   30.0000 8953.5596   13.1860
   -7.5000  -45.0000   37.500010661.2412   13.4600
    0.0000  -45.0000   37.500011243.6816   13.4804
    7.5000  -45.0000   37.500010860.7002   13.4724
   -7.5000  -37.5000   37.500011124.7871   13.4615
    0.0000  -37.5000   37.500011756.3438   13.4755
    7.5000  -37.5000   37.500011353.9072   13.4639
   -7.5000  -30.0000   37.500012010.4219   13.4615
    0.0000  -30.0000   37.500012715.9971   13.4731
    7.5000  -30.0000   37.500012268.8037   13.4596
   -7.5000  -22.5000   37.500012875.2490   13.4574
    0.0000  -22.5000   37.500013613.3740   13.4741
    7.5000  -22.5000   37.500013130.7451   13.4623
   -7.5000  -15.0000   37.500013608.6133   13.4529
    0.0000  -15.0000   37.500014366.9893   13.4764
    7.5000  -15.0000   37.500013832.4980   13.4680
   -7.5000   -7.5000   37.500014113.0811   13.4555
    0.0000   -7.5000   37.500014918.0547   13.4804
    7.5000   -7.5000   37.500014352.0576   13.4738
   -7.5000    0.0000   37.500014296.4316   13.4600
    0.0000    0.0000   37.500015138.7754   13.4804
    7.5000    0.0000   37.500014558.0352   13.4724
   -7.5000    7.5000   37.500013356.9854   13.4615
    0.0000    7.5000   37.500014143.0859   13.4755
    7.5000    7.5000   37.500013606.9883   13.4639
   -7.5000   15.0000   37.500012343.1523   13.4615
    0.0000   15.0000   37.500013051.7109   13.4731
    7.5000   15.0000   37.500012564.2334   13.4596
   -7.5000   22.5000   37.500011330.5859   13.4512
    0.0000   22.5000   37.500011946.3643   13.4679
    7.5000   22.5000   37.500011510.3652   13.4561
   -7.5000   30.0000   37.500010281.5820   13.2799
    0.0000   30.0000   37.500010843.9160   13.3032
    7.5000   30.0000   37.500010449.3506   13.2949
   -7.5000   37.5000   37.5000 9632.8281   13.3463
    0.0000   37.5000   37.500010138.9932   13.3709
    7.5000   37.5000   37.5000 9760.3975   13.3646
   -7.5000   45.0000   37.5000 8643.6807   13.1873
    0.0000   45.0000   37.5000 9074.8262   13.2076
    7.5000   45.0000   37.5000 8733.8975   13.1992
   -7.5000  -45.0000   45.0000 9923.8662   13.3964
    0.0000  -45.0000   45.000010443.4014   13.4183
    7.5000  -45.0000   45.000010087.7363   13.4103
   -7.5000  -37.5000   45.000010373.8662   13.4086
    0.0000  -37.5000   45.000010923.0684   13.4264
    7.5000  -37.5000   45.000010551.0918   13.4162
   -7.5000  -30.0000   45.000011193.3613   13.4087
    0.0000  -30.0000   45.000011789.2119   13.4235
    7.5000  -30.0000   45.000011375.7354   13.4115
   -7.5000  -22.5000   45.000011989.0391   13.3929
    0.0000  -22.5000   45.000012591.2412   13.4097
    7.5000  -22.5000   45.000012137.4141   13.3978
   -7.5000  -15.0000   45.000012617.1777   13.3768
    0.0000  -15.0000   45.000013244.4531   13.3979
    7.5000  -15.0000   45.000012758.4658   13.3878
   -7.5000   -7.5000   45.000013093.3711   13.3804
    0.0000   -7.5000   45.000013742.7314   13.4037
    7.5000   -7.5000   45.000013236.9521   13.3957
   -7.5000    0.0000   45.000013269.7236   13.3964
    0.0000    0.0000   45.000013934.0127   13.4183
    7.5000    0.0000   45.000013415.0752   13.4103
   -7.5000    7.5000   45.000012429.3447   13.4086
    0.0000    7.5000   45.000013052.1680   13.4264
    7.5000    7.5000   45.000012568.0225   13.4162
   -7.5000   15.0000   45.000011496.3291   13.4087
    0.0000   15.0000   45.000012077.0283   13.4235
    7.5000   15.0000   45.000011660.0615   13.4115
   -7.5000   22.5000   45.000010566.8008   13.3867
    0.0000   22.5000   45.000011090.9658   13.4035
    7.5000   22.5000   45.000010701.3594   13.3916
   -7.5000   30.0000   45.0000 9588.7676   13.2036
    0.0000   30.0000   45.000010061.6826   13.2246
    7.5000   30.0000   45.0000 9689.8193   13.2145
   -7.5000   37.5000   45.0000 8958.2324   13.2707
    0.0000   37.5000   45.0000 9401.0322   13.2940
    7.5000   37.5000   45.0000 9046.6641   13.2863
   -7.5000   45.0000   45.0000 8045.3037   13.1329
    0.0000   45.0000   45.0000 8415.2568   13.1550
    7.5000   45.0000   45.0000 8096.2422   13.1464

---------------------------------------------------------------------
imgreg_4dfp /opt/freesurfer/average/711-2C_as_mni_average_305 /opt/freesurfer/average/711-2B_as_mni_average_305_mask talsrcimg_g11 none talsrcimg_to_711-2C_as_mni_average_305_t4 4355
---------------------------------------------------------------------

freesurfer imgreg_4dfp.c
/opt/freesurfer/average/711-2C_as_mni_average_305.4dfp.img
       256       256       256         1
  1.000000  1.000000  1.000000
orientation T byte_order littleendian
Reading image: /opt/freesurfer/average/711-2C_as_mni_average_305.4dfp.img
dimensions:      256       256       256
mmppix:       1.0000   -1.0000   -1.0000
center:     128.0000 -129.0000 -129.0000
/opt/freesurfer/average/711-2B_as_mni_average_305_mask.4dfp.img
       256       256       256         1
  1.000000  1.000000  1.000000
orientation T byte_order littleendian
Reading mask: /opt/freesurfer/average/711-2B_as_mni_average_305_mask.4dfp.img (2306576 pixels)
talsrcimg_g11.4dfp.img
       256       256       256         1
  1.000000  1.000000  1.000000
orientation T byte_order littleendian
Reading image: talsrcimg_g11.4dfp.img
dimensions:      256       256       256
mmppix:       1.0000   -1.0000   -1.0000
center:     128.0000 -129.0000 -129.0000
rotation matrix determinant  1.000000
image alignment mode   4355 decimal     1103 hex
   -7.5000  -45.0000  -45.0000 2024.5112   14.6862
    0.0000  -45.0000  -45.0000 2043.7904   14.4527
    7.5000  -45.0000  -45.0000 2052.1655   14.4645
   -7.5000  -37.5000  -45.0000 2062.6667   14.0636
    0.0000  -37.5000  -45.0000 2085.8010   13.8481
    7.5000  -37.5000  -45.0000 2089.2305   13.8537
   -7.5000  -30.0000  -45.0000 2080.8118   13.6410
    0.0000  -30.0000  -45.0000 2107.2898   13.4031
    7.5000  -30.0000  -45.0000 2106.5359   13.4262
   -7.5000  -22.5000  -45.0000 2089.5134   13.4184
    0.0000  -22.5000  -45.0000 2109.8647   13.1800
    7.5000  -22.5000  -45.0000 2111.9111   13.1517
   -7.5000  -15.0000  -45.0000 2092.6177   13.3754
    0.0000  -15.0000  -45.0000 2117.6191   13.0866
    7.5000  -15.0000  -45.0000 2115.6736   13.0793
   -7.5000   -7.5000  -45.0000 2082.1060   13.5508
    0.0000   -7.5000  -45.0000 2112.8423   13.2814
    7.5000   -7.5000  -45.0000 2115.1501   13.2851
   -7.5000    0.0000  -45.0000 2060.9236   13.9755
    0.0000    0.0000  -45.0000 2087.4067   13.7002
    7.5000    0.0000  -45.0000 2086.9146   13.6923
   -7.5000    7.5000  -45.0000 2019.4393   14.6539
    0.0000    7.5000  -45.0000 2044.9425   14.3418
    7.5000    7.5000  -45.0000 2044.0492   14.3184
   -7.5000   15.0000  -45.0000 1962.2972   15.6139
    0.0000   15.0000  -45.0000 1988.9646   15.2510
    7.5000   15.0000  -45.0000 1990.7985   15.2169
   -7.5000   22.5000  -45.0000 1890.6997   16.8651
    0.0000   22.5000  -45.0000 1919.6755   16.4851
    7.5000   22.5000  -45.0000 1916.9873   16.4329
   -7.5000   30.0000  -45.0000 1804.7383   18.5440
    0.0000   30.0000  -45.0000 1831.5454   18.0687
    7.5000   30.0000  -45.0000 1828.3534   18.0194
   -7.5000   37.5000  -45.0000 1713.2217   20.8655
    0.0000   37.5000  -45.0000 1742.1733   20.3810
    7.5000   37.5000  -45.0000 1734.2072   20.3241
   -7.5000   45.0000  -45.0000 1612.1429   24.1042
    0.0000   45.0000  -45.0000 1640.9810   23.5855
    7.5000   45.0000  -45.0000 1636.6490   23.4762
   -7.5000  -45.0000  -37.5000 2143.5618   13.2981
    0.0000  -45.0000  -37.5000 2159.4817   13.1352
    7.5000  -45.0000  -37.5000 2163.4290   13.1500
   -7.5000  -37.5000  -37.5000 2181.9658   12.7450
    0.0000  -37.5000  -37.5000 2202.3135   12.5708
    7.5000  -37.5000  -37.5000 2202.5310   12.5715
   -7.5000  -30.0000  -37.5000 2197.9888   12.3821
    0.0000  -30.0000  -37.5000 2215.9385   12.2073
    7.5000  -30.0000  -37.5000 2211.8665   12.2298
   -7.5000  -22.5000  -37.5000 2193.8601   12.2187
    0.0000  -22.5000  -37.5000 2210.7893   12.0157
    7.5000  -22.5000  -37.5000 2212.4761   12.0156
   -7.5000  -15.0000  -37.5000 2197.5259   12.1341
    0.0000  -15.0000  -37.5000 2220.9119   11.9075
    7.5000  -15.0000  -37.5000 2218.7339   11.9065
   -7.5000   -7.5000  -37.5000 2189.4543   12.2612
    0.0000   -7.5000  -37.5000 2220.2615   12.0293
    7.5000   -7.5000  -37.5000 2220.7949   12.0217
   -7.5000    0.0000  -37.5000 2168.0081   12.5985
    0.0000    0.0000  -37.5000 2199.7349   12.3521
    7.5000    0.0000  -37.5000 2196.5574   12.3527
   -7.5000    7.5000  -37.5000 2130.0964   13.2085
    0.0000    7.5000  -37.5000 2158.7876   12.9234
    7.5000    7.5000  -37.5000 2157.9346   12.9311
   -7.5000   15.0000  -37.5000 2073.2949   14.0726
    0.0000   15.0000  -37.5000 2102.0601   13.7738
    7.5000   15.0000  -37.5000 2102.3386   13.7974
   -7.5000   22.5000  -37.5000 1995.2788   15.2456
    0.0000   22.5000  -37.5000 2027.7247   14.9074
    7.5000   22.5000  -37.5000 2028.8538   14.9298
   -7.5000   30.0000  -37.5000 1900.5876   16.7719
    0.0000   30.0000  -37.5000 1930.3188   16.3563
    7.5000   30.0000  -37.5000 1929.8802   16.3503
   -7.5000   37.5000  -37.5000 1793.0298   18.8520
    0.0000   37.5000  -37.5000 1823.6053   18.3985
    7.5000   37.5000  -37.5000 1822.8251   18.3679
   -7.5000   45.0000  -37.5000 1682.1134   21.7214
    0.0000   45.0000  -37.5000 1711.4384   21.2542
    7.5000   45.0000  -37.5000 1713.2584   21.1583
   -7.5000  -45.0000  -30.0000 2295.1794   12.4998
    0.0000  -45.0000  -30.0000 2318.9373   12.3701
    7.5000  -45.0000  -30.0000 2319.2595   12.4097
   -7.5000  -37.5000  -30.0000 2336.6257   12.0018
    0.0000  -37.5000  -30.0000 2358.2839   11.8561
    7.5000  -37.5000  -30.0000 2356.2007   11.8775
   -7.5000  -30.0000  -30.0000 2345.3789   11.6879
    0.0000  -30.0000  -30.0000 2369.2268   11.5256
    7.5000  -30.0000  -30.0000 2366.4612   11.5462
   -7.5000  -22.5000  -30.0000 2342.9897   11.5188
    0.0000  -22.5000  -30.0000 2372.3330   11.3361
    7.5000  -22.5000  -30.0000 2370.2427   11.3481
   -7.5000  -15.0000  -30.0000 2347.0740   11.4412
    0.0000  -15.0000  -30.0000 2375.3052   11.2377
    7.5000  -15.0000  -30.0000 2372.8599   11.2442
   -7.5000   -7.5000  -30.0000 2340.7549   11.5373
    0.0000   -7.5000  -30.0000 2370.5376   11.3351
    7.5000   -7.5000  -30.0000 2369.9504   11.3342
   -7.5000    0.0000  -30.0000 2317.9854   11.8480
    0.0000    0.0000  -30.0000 2352.5454   11.6012
    7.5000    0.0000  -30.0000 2351.4570   11.6324
   -7.5000    7.5000  -30.0000 2283.3188   12.4232
    0.0000    7.5000  -30.0000 2316.5493   12.1562
    7.5000    7.5000  -30.0000 2317.1831   12.1757
   -7.5000   15.0000  -30.0000 2221.4458   13.2576
    0.0000   15.0000  -30.0000 2253.2590   12.9716
    7.5000   15.0000  -30.0000 2252.3164   12.9957
   -7.5000   22.5000  -30.0000 2137.0039   14.3370
    0.0000   22.5000  -30.0000 2169.1245   14.0366
    7.5000   22.5000  -30.0000 2172.6990   14.0454
   -7.5000   30.0000  -30.0000 2033.9976   15.7539
    0.0000   30.0000  -30.0000 2066.1541   15.4084
    7.5000   30.0000  -30.0000 2063.2000   15.4173
   -7.5000   37.5000  -30.0000 1918.0415   17.6692
    0.0000   37.5000  -30.0000 1949.8396   17.2970
    7.5000   37.5000  -30.0000 1943.2649   17.2447
   -7.5000   45.0000  -30.0000 1791.7632   20.3028
    0.0000   45.0000  -30.0000 1823.7983   19.8691
    7.5000   45.0000  -30.0000 1819.0474   19.8159
   -7.5000  -45.0000  -22.5000 2408.3914   11.7131
    0.0000  -45.0000  -22.5000 2442.4380   11.5987
    7.5000  -45.0000  -22.5000 2444.4988   11.6438
   -7.5000  -37.5000  -22.5000 2454.8677   11.2321
    0.0000  -37.5000  -22.5000 2478.4585   11.0953
    7.5000  -37.5000  -22.5000 2480.5571   11.1193
   -7.5000  -30.0000  -22.5000 2470.9849   10.9398
    0.0000  -30.0000  -22.5000 2498.7754   10.7656
    7.5000  -30.0000  -22.5000 2495.2312   10.7892
   -7.5000  -22.5000  -22.5000 2483.8000   10.7655
    0.0000  -22.5000  -22.5000 2512.8696   10.6111
    7.5000  -22.5000  -22.5000 2510.2725   10.6110
   -7.5000  -15.0000  -22.5000 2485.8757   10.7150
    0.0000  -15.0000  -22.5000 2514.0396   10.5414
    7.5000  -15.0000  -22.5000 2514.6042   10.5474
   -7.5000   -7.5000  -22.5000 2481.6626   10.7986
    0.0000   -7.5000  -22.5000 2511.3982   10.6197
    7.5000   -7.5000  -22.5000 2510.4487   10.6178
   -7.5000    0.0000  -22.5000 2452.5823   11.0791
    0.0000    0.0000  -22.5000 2492.8025   10.8533
    7.5000    0.0000  -22.5000 2491.3469   10.8728
   -7.5000    7.5000  -22.5000 2412.2134   11.6119
    0.0000    7.5000  -22.5000 2452.1360   11.3808
    7.5000    7.5000  -22.5000 2451.2200   11.3864
   -7.5000   15.0000  -22.5000 2347.0471   12.3886
    0.0000   15.0000  -22.5000 2383.7971   12.1341
    7.5000   15.0000  -22.5000 2380.8696   12.1562
   -7.5000   22.5000  -22.5000 2254.5129   13.4094
    0.0000   22.5000  -22.5000 2290.4199   13.1169
    7.5000   22.5000  -22.5000 2289.5640   13.1446
   -7.5000   30.0000  -22.5000 2141.5562   14.7496
    0.0000   30.0000  -22.5000 2179.7090   14.4361
    7.5000   30.0000  -22.5000 2176.6946   14.4530
   -7.5000   37.5000  -22.5000 2017.0405   16.5261
    0.0000   37.5000  -22.5000 2055.9067   16.1822
    7.5000   37.5000  -22.5000 2052.0063   16.1622
   -7.5000   45.0000  -22.5000 1882.8136   18.9470
    0.0000   45.0000  -22.5000 1914.7845   18.5267
    7.5000   45.0000  -22.5000 1914.5928   18.5427
   -7.5000  -45.0000  -15.0000 2482.9688   11.0739
    0.0000  -45.0000  -15.0000 2518.3750   10.9729
    7.5000  -45.0000  -15.0000 2521.0579   11.0120
   -7.5000  -37.5000  -15.0000 2531.9473   10.5619
    0.0000  -37.5000  -15.0000 2560.9656   10.4243
    7.5000  -37.5000  -15.0000 2563.5823   10.4353
   -7.5000  -30.0000  -15.0000 2566.5513   10.2315
    0.0000  -30.0000  -15.0000 2597.3557   10.0781
    7.5000  -30.0000  -15.0000 2593.7075   10.0722
   -7.5000  -22.5000  -15.0000 2596.5005   10.0420
    0.0000  -22.5000  -15.0000 2630.0173    9.8907
    7.5000  -22.5000  -15.0000 2625.7097    9.8875
   -7.5000  -15.0000  -15.0000 2606.2417   10.0026
    0.0000  -15.0000  -15.0000 2639.5256    9.8632
    7.5000  -15.0000  -15.0000 2635.3235    9.8518
   -7.5000   -7.5000  -15.0000 2599.0564   10.0760
    0.0000   -7.5000  -15.0000 2636.2502    9.9233
    7.5000   -7.5000  -15.0000 2629.0464    9.9345
   -7.5000    0.0000  -15.0000 2566.3872   10.3536
    0.0000    0.0000  -15.0000 2612.6106   10.1616
    7.5000    0.0000  -15.0000 2610.9331   10.1698
   -7.5000    7.5000  -15.0000 2516.6411   10.8512
    0.0000    7.5000  -15.0000 2566.3896   10.6481
    7.5000    7.5000  -15.0000 2564.5010   10.6457
   -7.5000   15.0000  -15.0000 2445.2454   11.5743
    0.0000   15.0000  -15.0000 2490.6321   11.3548
    7.5000   15.0000  -15.0000 2489.6775   11.3658
   -7.5000   22.5000  -15.0000 2346.9961   12.5757
    0.0000   22.5000  -15.0000 2390.5488   12.2958
    7.5000   22.5000  -15.0000 2389.0461   12.3204
   -7.5000   30.0000  -15.0000 2228.3291   13.8386
    0.0000   30.0000  -15.0000 2268.2612   13.5467
    7.5000   30.0000  -15.0000 2265.3752   13.5514
   -7.5000   37.5000  -15.0000 2095.4648   15.5168
    0.0000   37.5000  -15.0000 2136.8809   15.1900
    7.5000   37.5000  -15.0000 2133.4602   15.1561
   -7.5000   45.0000  -15.0000 1951.2654   17.7265
    0.0000   45.0000  -15.0000 1986.6110   17.3604
    7.5000   45.0000  -15.0000 1984.0461   17.3639
   -7.5000  -45.0000   -7.5000 2537.3401   10.5268
    0.0000  -45.0000   -7.5000 2570.7625   10.4305
    7.5000  -45.0000   -7.5000 2571.4866   10.4144
   -7.5000  -37.5000   -7.5000 2596.3003    9.9513
    0.0000  -37.5000   -7.5000 2631.3303    9.8501
    7.5000  -37.5000   -7.5000 2632.3782    9.8305
   -7.5000  -30.0000   -7.5000 2640.3083    9.5837
    0.0000  -30.0000   -7.5000 2675.1575    9.4503
    7.5000  -30.0000   -7.5000 2676.6892    9.4418
   -7.5000  -22.5000   -7.5000 2679.3652    9.3731
    0.0000  -22.5000   -7.5000 2721.7344    9.2310
    7.5000  -22.5000   -7.5000 2715.1033    9.2264
   -7.5000  -15.0000   -7.5000 2701.0312    9.3142
    0.0000  -15.0000   -7.5000 2741.1040    9.1792
    7.5000  -15.0000   -7.5000 2736.1211    9.1707
   -7.5000   -7.5000   -7.5000 2698.6875    9.4039
    0.0000   -7.5000   -7.5000 2745.8044    9.2585
    7.5000   -7.5000   -7.5000 2739.9810    9.2571
   -7.5000    0.0000   -7.5000 2671.9646    9.6737
    0.0000    0.0000   -7.5000 2723.9519    9.5102
    7.5000    0.0000   -7.5000 2720.6511    9.5174
   -7.5000    7.5000   -7.5000 2618.0425   10.1531
    0.0000    7.5000   -7.5000 2672.4307    9.9625
    7.5000    7.5000   -7.5000 2666.6606    9.9598
   -7.5000   15.0000   -7.5000 2532.5359   10.8531
    0.0000   15.0000   -7.5000 2582.3950   10.6437
    7.5000   15.0000   -7.5000 2579.7061   10.6325
   -7.5000   22.5000   -7.5000 2426.6111   11.8041
    0.0000   22.5000   -7.5000 2470.4277   11.5537
    7.5000   22.5000   -7.5000 2469.7354   11.5457
   -7.5000   30.0000   -7.5000 2298.0652   13.0291
    0.0000   30.0000   -7.5000 2339.0486   12.7711
    7.5000   30.0000   -7.5000 2340.6550   12.7488
   -7.5000   37.5000   -7.5000 2156.7915   14.5877
    0.0000   37.5000   -7.5000 2195.7764   14.2789
    7.5000   37.5000   -7.5000 2193.1531   14.2687
   -7.5000   45.0000   -7.5000 2004.4340   16.6834
    0.0000   45.0000   -7.5000 2042.2909   16.3057
    7.5000   45.0000   -7.5000 2032.8248   16.3089
   -7.5000  -45.0000    0.0000 2580.2886   10.0843
    0.0000  -45.0000    0.0000 2608.8018    9.9683
    7.5000  -45.0000    0.0000 2609.8728    9.9619
   -7.5000  -37.5000    0.0000 2652.3345    9.4692
    0.0000  -37.5000    0.0000 2685.5144    9.3600
    7.5000  -37.5000    0.0000 2689.9553    9.3455
   -7.5000  -30.0000    0.0000 2708.2368    9.0577
    0.0000  -30.0000    0.0000 2745.8452    8.9359
    7.5000  -30.0000    0.0000 2750.6733    8.9175
   -7.5000  -22.5000    0.0000 2759.0164    8.8137
    0.0000  -22.5000    0.0000 2802.6550    8.6815
    7.5000  -22.5000    0.0000 2798.8071    8.6638
   -7.5000  -15.0000    0.0000 2786.7334    8.7591
    0.0000  -15.0000    0.0000 2837.7297    8.6185
    7.5000  -15.0000    0.0000 2828.7036    8.5914
   -7.5000   -7.5000    0.0000 2788.9111    8.8561
    0.0000   -7.5000    0.0000 2843.9453    8.6945
    7.5000   -7.5000    0.0000 2837.3665    8.6891
   -7.5000    0.0000    0.0000 2762.8723    9.1116
    0.0000    0.0000    0.0000 2818.2476    8.9473
    7.5000    0.0000    0.0000 2813.6531    8.9429
   -7.5000    7.5000    0.0000 2702.4373    9.5811
    0.0000    7.5000    0.0000 2760.4619    9.3923
    7.5000    7.5000    0.0000 2750.7302    9.3811
   -7.5000   15.0000    0.0000 2610.0286   10.2747
    0.0000   15.0000    0.0000 2661.8586   10.0720
    7.5000   15.0000    0.0000 2653.8113   10.0585
   -7.5000   22.5000    0.0000 2490.5439   11.2092
    0.0000   22.5000    0.0000 2538.8962   10.9800
    7.5000   22.5000    0.0000 2537.2690   10.9613
   -7.5000   30.0000    0.0000 2355.8779   12.3973
    0.0000   30.0000    0.0000 2398.0620   12.1411
    7.5000   30.0000    0.0000 2396.4048   12.1150
   -7.5000   37.5000    0.0000 2207.2588   13.8632
    0.0000   37.5000    0.0000 2244.8752   13.5740
    7.5000   37.5000    0.0000 2242.1328   13.5607
   -7.5000   45.0000    0.0000 2043.5010   15.8211
    0.0000   45.0000    0.0000 2079.8765   15.4678
    7.5000   45.0000    0.0000 2072.5063   15.4335
   -7.5000  -45.0000    7.5000 2603.0593    9.7269
    0.0000  -45.0000    7.5000 2639.1157    9.5786
    7.5000  -45.0000    7.5000 2638.5771    9.5828
   -7.5000  -37.5000    7.5000 2695.5203    9.1024
    0.0000  -37.5000    7.5000 2736.1274    8.9591
    7.5000  -37.5000    7.5000 2734.8984    8.9539
   -7.5000  -30.0000    7.5000 2769.3906    8.6690
    0.0000  -30.0000    7.5000 2812.6975    8.5445
    7.5000  -30.0000    7.5000 2818.2686    8.5228
   -7.5000  -22.5000    7.5000 2831.4817    8.4050
    0.0000  -22.5000    7.5000 2879.0991    8.2702
    7.5000  -22.5000    7.5000 2878.9956    8.2528
   -7.5000  -15.0000    7.5000 2869.9373    8.3495
    0.0000  -15.0000    7.5000 2929.9873    8.2014
    7.5000  -15.0000    7.5000 2916.2529    8.1671
   -7.5000   -7.5000    7.5000 2869.5977    8.4641
    0.0000   -7.5000    7.5000 2933.2795    8.2839
    7.5000   -7.5000    7.5000 2924.1836    8.2507
   -7.5000    0.0000    7.5000 2838.4736    8.6886
    0.0000    0.0000    7.5000 2896.3933    8.5110
    7.5000    0.0000    7.5000 2892.0271    8.4885
   -7.5000    7.5000    7.5000 2763.8560    9.1728
    0.0000    7.5000    7.5000 2824.5632    8.9445
    7.5000    7.5000    7.5000 2819.5991    8.9442
   -7.5000   15.0000    7.5000 2665.9802    9.8778
    0.0000   15.0000    7.5000 2716.8586    9.6385
    7.5000   15.0000    7.5000 2712.4844    9.6362
   -7.5000   22.5000    7.5000 2540.9272   10.8076
    0.0000   22.5000    7.5000 2589.6790   10.5515
    7.5000   22.5000    7.5000 2585.6440   10.5464
   -7.5000   30.0000    7.5000 2399.1250   11.9526
    0.0000   30.0000    7.5000 2442.9331   11.6717
    7.5000   30.0000    7.5000 2440.8560   11.6611
   -7.5000   37.5000    7.5000 2243.9976   13.3667
    0.0000   37.5000    7.5000 2287.9688   13.0445
    7.5000   37.5000    7.5000 2289.3901   13.0467
   -7.5000   45.0000    7.5000 2074.5305   15.2179
    0.0000   45.0000    7.5000 2115.4709   14.8444
    7.5000   45.0000    7.5000 2111.4604   14.8537
   -7.5000  -45.0000   15.0000 2610.5315    9.5221
    0.0000  -45.0000   15.0000 2645.9702    9.3473
    7.5000  -45.0000   15.0000 2645.9268    9.3441
   -7.5000  -37.5000   15.0000 2715.5422    8.8668
    0.0000  -37.5000   15.0000 2756.3069    8.7075
    7.5000  -37.5000   15.0000 2755.8325    8.6880
   -7.5000  -30.0000   15.0000 2804.9700    8.4306
    0.0000  -30.0000   15.0000 2848.9702    8.2871
    7.5000  -30.0000   15.0000 2853.2761    8.2611
   -7.5000  -22.5000   15.0000 2881.8914    8.1732
    0.0000  -22.5000   15.0000 2940.5667    8.0189
    7.5000  -22.5000   15.0000 2940.7454    8.0010
   -7.5000  -15.0000   15.0000 2930.9971    8.1412
    0.0000  -15.0000   15.0000 3008.1304    7.9785
    7.5000  -15.0000   15.0000 2995.5884    7.9281
   -7.5000   -7.5000   15.0000 2929.4138    8.2387
    0.0000   -7.5000   15.0000 3006.7537    8.0331
    7.5000   -7.5000   15.0000 2994.2334    7.9928
   -7.5000    0.0000   15.0000 2884.5376    8.4742
    0.0000    0.0000   15.0000 2949.7344    8.2418
    7.5000    0.0000   15.0000 2941.8071    8.2348
   -7.5000    7.5000   15.0000 2800.8484    8.9180
    0.0000    7.5000   15.0000 2864.8386    8.6898
    7.5000    7.5000   15.0000 2861.7302    8.6815
   -7.5000   15.0000   15.0000 2692.0798    9.6079
    0.0000   15.0000   15.0000 2749.6348    9.3970
    7.5000   15.0000   15.0000 2745.6072    9.3766
   -7.5000   22.5000   15.0000 2565.7124   10.5350
    0.0000   22.5000   15.0000 2614.8726   10.3198
    7.5000   22.5000   15.0000 2613.6370   10.2828
   -7.5000   30.0000   15.0000 2418.3892   11.6652
    0.0000   30.0000   15.0000 2466.8164   11.4355
    7.5000   30.0000   15.0000 2463.7537   11.4028
   -7.5000   37.5000   15.0000 2262.0554   13.0911
    0.0000   37.5000   15.0000 2306.3960   12.7955
    7.5000   37.5000   15.0000 2304.1465   12.7920
   -7.5000   45.0000   15.0000 2091.5652   14.9417
    0.0000   45.0000   15.0000 2132.9011   14.5773
    7.5000   45.0000   15.0000 2132.1323   14.5507
   -7.5000  -45.0000   22.5000 2613.2593    9.5172
    0.0000  -45.0000   22.5000 2648.1333    9.2809
    7.5000  -45.0000   22.5000 2644.0383    9.2874
   -7.5000  -37.5000   22.5000 2717.7461    8.8247
    0.0000  -37.5000   22.5000 2754.9712    8.6049
    7.5000  -37.5000   22.5000 2753.5378    8.6044
   -7.5000  -30.0000   22.5000 2812.9888    8.3751
    0.0000  -30.0000   22.5000 2855.9702    8.1880
    7.5000  -30.0000   22.5000 2858.2661    8.1766
   -7.5000  -22.5000   22.5000 2895.9026    8.1559
    0.0000  -22.5000   22.5000 2957.2744    8.0029
    7.5000  -22.5000   22.5000 2955.4043    7.9766
   -7.5000  -15.0000   22.5000 2950.9778    8.1552
    0.0000  -15.0000   22.5000 3043.5291    8.0088
    7.5000  -15.0000   22.5000 3026.6741    7.9757
   -7.5000   -7.5000   22.5000 2944.9619    8.2430
    0.0000   -7.5000   22.5000 3042.6594    8.0346
    7.5000   -7.5000   22.5000 3020.0972    8.0260
   -7.5000    0.0000   22.5000 2894.4458    8.4399
    0.0000    0.0000   22.5000 2967.3115    8.2195
    7.5000    0.0000   22.5000 2958.2690    8.1898
   -7.5000    7.5000   22.5000 2810.9556    8.8592
    0.0000    7.5000   22.5000 2869.6345    8.6439
    7.5000    7.5000   22.5000 2867.9021    8.6060
   -7.5000   15.0000   22.5000 2696.3918    9.5393
    0.0000   15.0000   22.5000 2748.0669    9.3389
    7.5000   15.0000   22.5000 2748.1589    9.2874
   -7.5000   22.5000   22.5000 2564.5559   10.4529
    0.0000   22.5000   22.5000 2614.7344   10.2368
    7.5000   22.5000   22.5000 2612.1216   10.1961
   -7.5000   30.0000   22.5000 2416.7134   11.5854
    0.0000   30.0000   22.5000 2463.5105   11.3528
    7.5000   30.0000   22.5000 2459.2546   11.3382
   -7.5000   37.5000   22.5000 2263.2715   12.9879
    0.0000   37.5000   22.5000 2304.1331   12.7202
    7.5000   37.5000   22.5000 2300.2625   12.7218
   -7.5000   45.0000   22.5000 2096.1726   14.7911
    0.0000   45.0000   22.5000 2132.0291   14.4677
    7.5000   45.0000   22.5000 2130.4170   14.4460
   -7.5000  -45.0000   30.0000 2602.2151    9.6778
    0.0000  -45.0000   30.0000 2632.2729    9.3968
    7.5000  -45.0000   30.0000 2628.6042    9.4181
   -7.5000  -37.5000   30.0000 2699.7263    8.9882
    0.0000  -37.5000   30.0000 2737.0535    8.7394
    7.5000  -37.5000   30.0000 2729.7837    8.7552
   -7.5000  -30.0000   30.0000 2792.6077    8.5162
    0.0000  -30.0000   30.0000 2837.2659    8.3046
    7.5000  -30.0000   30.0000 2829.9561    8.3101
   -7.5000  -22.5000   30.0000 2864.9893    8.3151
    0.0000  -22.5000   30.0000 2924.0806    8.1450
    7.5000  -22.5000   30.0000 2915.1707    8.1451
   -7.5000  -15.0000   30.0000 2917.4165    8.3139
    0.0000  -15.0000   30.0000 2992.8093    8.1367
    7.5000  -15.0000   30.0000 2977.1501    8.1312
   -7.5000   -7.5000   30.0000 2918.5938    8.4064
    0.0000   -7.5000   30.0000 2994.3660    8.2309
    7.5000   -7.5000   30.0000 2977.8584    8.2281
   -7.5000    0.0000   30.0000 2865.6912    8.6311
    0.0000    0.0000   30.0000 2926.2310    8.4596
    7.5000    0.0000   30.0000 2920.8774    8.4428
   -7.5000    7.5000   30.0000 2782.4021    9.0393
    0.0000    7.5000   30.0000 2835.6167    8.8431
    7.5000    7.5000   30.0000 2830.5479    8.8164
   -7.5000   15.0000   30.0000 2667.2734    9.6872
    0.0000   15.0000   30.0000 2717.4026    9.4640
    7.5000   15.0000   30.0000 2715.4556    9.4293
   -7.5000   22.5000   30.0000 2541.8970   10.5510
    0.0000   22.5000   30.0000 2585.1501   10.3068
    7.5000   22.5000   30.0000 2585.0835   10.2594
   -7.5000   30.0000   30.0000 2397.8840   11.6138
    0.0000   30.0000   30.0000 2438.4497   11.3653
    7.5000   30.0000   30.0000 2437.0208   11.3348
   -7.5000   37.5000   30.0000 2245.3203   13.0057
    0.0000   37.5000   30.0000 2283.6079   12.7330
    7.5000   37.5000   30.0000 2281.2771   12.7011
   -7.5000   45.0000   30.0000 2075.7029   14.8022
    0.0000   45.0000   30.0000 2111.6760   14.4667
    7.5000   45.0000   30.0000 2110.8291   14.4564
   -7.5000  -45.0000   37.5000 2570.5151    9.9803
    0.0000  -45.0000   37.5000 2601.8796    9.7070
    7.5000  -45.0000   37.5000 2592.6023    9.7396
   -7.5000  -37.5000   37.5000 2666.6707    9.2632
    0.0000  -37.5000   37.5000 2703.6194    9.0191
    7.5000  -37.5000   37.5000 2692.7451    9.0599
   -7.5000  -30.0000   37.5000 2749.9060    8.8197
    0.0000  -30.0000   37.5000 2796.6357    8.5820
    7.5000  -30.0000   37.5000 2784.3877    8.6016
   -7.5000  -22.5000   37.5000 2812.8979    8.6181
    0.0000  -22.5000   37.5000 2866.8103    8.3842
    7.5000  -22.5000   37.5000 2855.4062    8.3969
   -7.5000  -15.0000   37.5000 2849.7898    8.6027
    0.0000  -15.0000   37.5000 2907.1191    8.3718
    7.5000  -15.0000   37.5000 2895.2986    8.3708
   -7.5000   -7.5000   37.5000 2850.2791    8.6923
    0.0000   -7.5000   37.5000 2907.9697    8.4942
    7.5000   -7.5000   37.5000 2894.4756    8.4759
   -7.5000    0.0000   37.5000 2804.4358    8.9635
    0.0000    0.0000   37.5000 2857.7959    8.7788
    7.5000    0.0000   37.5000 2851.0750    8.7431
   -7.5000    7.5000   37.5000 2722.4526    9.3729
    0.0000    7.5000   37.5000 2769.8418    9.1968
    7.5000    7.5000   37.5000 2768.2329    9.1772
   -7.5000   15.0000   37.5000 2616.9993    9.9802
    0.0000   15.0000   37.5000 2663.1230    9.7879
    7.5000   15.0000   37.5000 2662.6165    9.7698
   -7.5000   22.5000   37.5000 2496.5925   10.8006
    0.0000   22.5000   37.5000 2539.9019   10.5788
    7.5000   22.5000   37.5000 2539.2734   10.5389
   -7.5000   30.0000   37.5000 2358.7036   11.8329
    0.0000   30.0000   37.5000 2396.3306   11.5790
    7.5000   30.0000   37.5000 2398.7622   11.5439
   -7.5000   37.5000   37.5000 2205.2366   13.2056
    0.0000   37.5000   37.5000 2244.7903   12.8869
    7.5000   37.5000   37.5000 2244.5745   12.8565
   -7.5000   45.0000   37.5000 2039.6155   14.9805
    0.0000   45.0000   37.5000 2078.8577   14.5832
    7.5000   45.0000   37.5000 2078.4849   14.5692
   -7.5000  -45.0000   45.0000 2521.1982   10.4477
    0.0000  -45.0000   45.0000 2554.4399   10.1525
    7.5000  -45.0000   45.0000 2543.8818   10.1907
   -7.5000  -37.5000   45.0000 2612.5994    9.7316
    0.0000  -37.5000   45.0000 2652.2913    9.4428
    7.5000  -37.5000   45.0000 2642.4399    9.4799
   -7.5000  -30.0000   45.0000 2687.0613    9.2825
    0.0000  -30.0000   45.0000 2736.7422    8.9903
    7.5000  -30.0000   45.0000 2724.5298    9.0149
   -7.5000  -22.5000   45.0000 2744.8367    9.0687
    0.0000  -22.5000   45.0000 2792.9619    8.7842
    7.5000  -22.5000   45.0000 2779.6628    8.8019
   -7.5000  -15.0000   45.0000 2766.7964    9.0163
    0.0000  -15.0000   45.0000 2812.5398    8.7667
    7.5000  -15.0000   45.0000 2801.8123    8.7781
   -7.5000   -7.5000   45.0000 2759.5100    9.1321
    0.0000   -7.5000   45.0000 2810.0073    8.9144
    7.5000   -7.5000   45.0000 2794.7478    8.9044
   -7.5000    0.0000   45.0000 2717.1204    9.4060
    0.0000    0.0000   45.0000 2766.9690    9.1831
    7.5000    0.0000   45.0000 2758.7622    9.1529
   -7.5000    7.5000   45.0000 2646.1414    9.8166
    0.0000    7.5000   45.0000 2691.3799    9.5942
    7.5000    7.5000   45.0000 2688.5840    9.5678
   -7.5000   15.0000   45.0000 2551.2993   10.3996
    0.0000   15.0000   45.0000 2593.7334   10.1765
    7.5000   15.0000   45.0000 2595.3127   10.1682
   -7.5000   22.5000   45.0000 2437.0745   11.2165
    0.0000   22.5000   45.0000 2476.8721   10.9845
    7.5000   22.5000   45.0000 2476.9834   10.9583
   -7.5000   30.0000   45.0000 2304.6897   12.2138
    0.0000   30.0000   45.0000 2337.3506   11.9554
    7.5000   30.0000   45.0000 2339.7593   11.9124
   -7.5000   37.5000   45.0000 2155.2356   13.5501
    0.0000   37.5000   45.0000 2191.8955   13.2388
    7.5000   37.5000   45.0000 2191.4299   13.2039
   -7.5000   45.0000   45.0000 1999.0845   15.3396
    0.0000   45.0000   45.0000 2033.4264   14.9481
    7.5000   45.0000   45.0000 2031.5725   14.9164

---------------------------------------------------------------------
imgreg_4dfp /opt/freesurfer/average/711-2C_as_mni_average_305 /opt/freesurfer/average/711-2B_as_mni_average_305_mask talsrcimg_g11 none talsrcimg_to_711-2C_as_mni_average_305_t4 1283
---------------------------------------------------------------------

freesurfer imgreg_4dfp.c
/opt/freesurfer/average/711-2C_as_mni_average_305.4dfp.img
       256       256       256         1
  1.000000  1.000000  1.000000
orientation T byte_order littleendian
Reading image: /opt/freesurfer/average/711-2C_as_mni_average_305.4dfp.img
dimensions:      256       256       256
mmppix:       1.0000   -1.0000   -1.0000
center:     128.0000 -129.0000 -129.0000
/opt/freesurfer/average/711-2B_as_mni_average_305_mask.4dfp.img
       256       256       256         1
  1.000000  1.000000  1.000000
orientation T byte_order littleendian
Reading mask: /opt/freesurfer/average/711-2B_as_mni_average_305_mask.4dfp.img (2306576 pixels)
talsrcimg_g11.4dfp.img
       256       256       256         1
  1.000000  1.000000  1.000000
orientation T byte_order littleendian
Reading image: talsrcimg_g11.4dfp.img
dimensions:      256       256       256
mmppix:       1.0000   -1.0000   -1.0000
center:     128.0000 -129.0000 -129.0000
rotation matrix determinant  1.000000
fimgreg.f
image alignment mode   1283 decimal      503 hex
parameters
    0.0000  -15.0000   22.5000    0.0000    0.0000    0.0000
eta,q 0.95542  7.99692
niter,ni,del,rscale     5    3   12.0000    1.2000
parameter  1 -0.613992 -> -0.500000 qaram    1.1500
parameter  2 -0.662328 -> -0.500000 qaram    1.1500
parameters
    3.4500  -11.5500   21.9205   -2.1896    2.1310    0.4425
eta,q 0.96462  7.88895
  0.0723  0.0630  0.0469  0.0394  0.0515  0.0412
  0.0656  0.0538  0.0423  0.0376  0.0460  0.0385
  0.0573  0.0466  0.0389  0.0371  0.0412  0.0365
  0.0484  0.0415  0.0378  0.0378  0.0371  0.0354
  0.0425  0.0388  0.0404  0.0399  0.0354  0.0357
  0.0423  0.0379  0.0451  0.0426  0.0367  0.0373
  0.0481  0.0385  0.0512  0.0460  0.0404  0.0400
niter,ni,del,rscale     6    3   12.0000    1.2000
parameters
    2.4423  -10.6783   21.5679   -2.6978    2.8437    0.2931
eta,q 0.96684  7.85362
  0.0543  0.0516  0.0450  0.0395  0.0464  0.0393
  0.0431  0.0430  0.0389  0.0363  0.0409  0.0362
  0.0353  0.0377  0.0349  0.0339  0.0360  0.0340
  0.0354  0.0342  0.0334  0.0334  0.0334  0.0332
  0.0430  0.0333  0.0358  0.0351  0.0338  0.0340
  0.0545  0.0375  0.0413  0.0381  0.0370  0.0365
  0.0663  0.0454  0.0477  0.0416  0.0419  0.0402
niter,ni,del,rscale     5    3   12.0000    1.2000
parameters
    2.0685  -10.5021   21.4789   -2.8224    3.1520    0.2465
eta,q 0.96714  7.84590
  0.0568  0.0486  0.0456  0.0400  0.0450  0.0396
  0.0454  0.0410  0.0390  0.0368  0.0394  0.0363
  0.0358  0.0364  0.0346  0.0339  0.0349  0.0339
  0.0332  0.0330  0.0329  0.0329  0.0329  0.0329
  0.0386  0.0337  0.0347  0.0341  0.0340  0.0337
  0.0494  0.0401  0.0398  0.0371  0.0378  0.0362
  0.0617  0.0477  0.0462  0.0407  0.0429  0.0400
niter,ni,del,rscale     4    3   12.0000    1.2000
parameters
    1.9265  -10.4527   21.4676   -2.8466    3.2676    0.2320
eta,q 0.96719  7.84446
  0.0579  0.0481  0.0459  0.0401  0.0444  0.0398
  0.0467  0.0408  0.0391  0.0371  0.0388  0.0364
  0.0366  0.0362  0.0346  0.0340  0.0345  0.0339
  0.0329  0.0328  0.0328  0.0328  0.0328  0.0328
  0.0373  0.0340  0.0344  0.0339  0.0342  0.0337
  0.0478  0.0407  0.0395  0.0369  0.0382  0.0362
  0.0602  0.0482  0.0458  0.0405  0.0435  0.0401
niter,ni,del,rscale     3    3   12.0000    1.2000
parameters
    1.8732  -10.4422   21.4676   -2.8485    3.3114    0.2250
eta,q 0.96720  7.84418
  0.0584  0.0480  0.0459  0.0402  0.0442  0.0398
  0.0472  0.0408  0.0391  0.0371  0.0386  0.0364
  0.0369  0.0361  0.0346  0.0340  0.0344  0.0339
  0.0328  0.0328  0.0328  0.0328  0.0328  0.0328
  0.0369  0.0341  0.0344  0.0339  0.0343  0.0337
  0.0472  0.0409  0.0394  0.0368  0.0384  0.0362
  0.0596  0.0484  0.0458  0.0404  0.0438  0.0401
registration optimization eta report
parameter search radius
    6.9000    6.9000    6.0000    6.0000    6.0000    6.0000
100000*second partial in parameter space
       53.       32.       36.       20.       30.       20.
  0.0584  0.0480  0.0459  0.0402  0.0442  0.0398
  0.0472  0.0408  0.0391  0.0371  0.0386  0.0364
  0.0369  0.0361  0.0346  0.0340  0.0344  0.0339
  0.0328  0.0328  0.0328  0.0328  0.0328  0.0328
  0.0369  0.0341  0.0344  0.0339  0.0343  0.0337
  0.0472  0.0409  0.0394  0.0368  0.0384  0.0362
  0.0596  0.0484  0.0458  0.0404  0.0438  0.0401
    1.8732  -10.4422   21.4676   -2.8485    3.3114    0.2250
eta,q 0.96720  7.84418

---------------------------------------------------------------------
imgreg_4dfp /opt/freesurfer/average/711-2C_as_mni_average_305 /opt/freesurfer/average/711-2B_as_mni_average_305_mask talsrcimg_g11 none talsrcimg_to_711-2C_as_mni_average_305_t4 3335
---------------------------------------------------------------------

freesurfer imgreg_4dfp.c
/opt/freesurfer/average/711-2C_as_mni_average_305.4dfp.img
       256       256       256         1
  1.000000  1.000000  1.000000
orientation T byte_order littleendian
Reading image: /opt/freesurfer/average/711-2C_as_mni_average_305.4dfp.img
dimensions:      256       256       256
mmppix:       1.0000   -1.0000   -1.0000
center:     128.0000 -129.0000 -129.0000
/opt/freesurfer/average/711-2B_as_mni_average_305_mask.4dfp.img
       256       256       256         1
  1.000000  1.000000  1.000000
orientation T byte_order littleendian
Reading mask: /opt/freesurfer/average/711-2B_as_mni_average_305_mask.4dfp.img (2306576 pixels)
talsrcimg_g11.4dfp.img
       256       256       256         1
  1.000000  1.000000  1.000000
orientation T byte_order littleendian
Reading image: talsrcimg_g11.4dfp.img
dimensions:      256       256       256
mmppix:       1.0000   -1.0000   -1.0000
center:     128.0000 -129.0000 -129.0000
fimgreg.f
image alignment mode   3335 decimal      D07 hex
parameters
    1.8732  -10.4422   21.4676   -0.1677   -0.1232   -0.2903
   -0.1051   -5.7887    0.3920    4.9468    5.7763   -4.9612
eta,q 0.96692  7.94011
niter,ni,del,rscale     5    3    5.0000    1.2000
parameter  4  1.038130 ->  0.500000 qaram    1.1500
parameter  5  0.758306 ->  0.500000 qaram    1.1500
parameter  6  0.537764 ->  0.500000 qaram    1.1500
parameter 12 -0.503828 -> -0.500000 qaram    1.1500
parameters
    1.7373  -10.6368   21.7364   -4.3077   -4.2632   -4.4303
    0.8363   -4.5208    3.4226    4.6448    3.4482   -0.8212
eta,q 0.97279  7.68855
  0.0359  0.0349  0.0357  0.0299  0.0290  0.0289  0.0310  0.0340  0.0308  0.0298  0.0282  0.0302
  0.0343  0.0338  0.0344  0.0301  0.0290  0.0283  0.0296  0.0314  0.0296  0.0285  0.0277  0.0290
  0.0333  0.0332  0.0335  0.0310  0.0294  0.0280  0.0287  0.0293  0.0286  0.0279  0.0276  0.0281
  0.0331  0.0331  0.0330  0.0330  0.0302  0.0291  0.0282  0.0281  0.0279  0.0277  0.0277  0.0276
  0.0336  0.0335  0.0331  0.0357  0.0315  0.0321  0.0282  0.0281  0.0277  0.0280  0.0281  0.0273
  0.0348  0.0343  0.0337  0.0388  0.0334  0.0360  0.0288  0.0291  0.0278  0.0288  0.0289  0.0272
  0.0366  0.0356  0.0348  0.0422  0.0359  0.0405  0.0299  0.0312  0.0282  0.0302  0.0300  0.0276
niter,ni,del,rscale     7    3    5.0000    1.2000
parameters
    1.6442  -10.6884   21.2526   -7.1929   -5.3714   -6.3705
    0.4938   -4.2831    4.2851    4.1226    3.1671   -0.8038
eta,q 0.97256  7.49354
  0.0305  0.0292  0.0283  0.0280  0.0285  0.0291  0.0294  0.0312  0.0292  0.0293  0.0282  0.0290
  0.0287  0.0280  0.0275  0.0274  0.0278  0.0281  0.0283  0.0291  0.0283  0.0281  0.0278  0.0281
  0.0275  0.0274  0.0271  0.0272  0.0273  0.0276  0.0277  0.0279  0.0277  0.0275  0.0275  0.0276
  0.0272  0.0272  0.0272  0.0271  0.0272  0.0272  0.0275  0.0275  0.0275  0.0275  0.0274  0.0274
  0.0277  0.0275  0.0277  0.0280  0.0275  0.0276  0.0278  0.0278  0.0275  0.0278  0.0275  0.0276
  0.0290  0.0282  0.0285  0.0302  0.0283  0.0302  0.0286  0.0288  0.0279  0.0286  0.0278  0.0281
  0.0310  0.0293  0.0297  0.0331  0.0298  0.0345  0.0298  0.0307  0.0285  0.0298  0.0283  0.0289
niter,ni,del,rscale     6    3    5.0000    1.2000
parameters
    1.6232  -10.5159   21.2025   -8.0675   -5.8593   -6.8465
    0.4210   -4.3208    4.3084    4.2143    2.5342   -1.0543
eta,q 0.97253  7.42157
  0.0301  0.0296  0.0287  0.0288  0.0287  0.0297  0.0296  0.0308  0.0289  0.0296  0.0281  0.0289
  0.0286  0.0284  0.0280  0.0279  0.0280  0.0285  0.0284  0.0289  0.0281  0.0283  0.0277  0.0281
  0.0277  0.0277  0.0276  0.0275  0.0276  0.0277  0.0277  0.0278  0.0276  0.0276  0.0275  0.0276
  0.0274  0.0274  0.0274  0.0274  0.0274  0.0275  0.0275  0.0275  0.0275  0.0275  0.0275  0.0275
  0.0277  0.0276  0.0276  0.0274  0.0276  0.0272  0.0278  0.0278  0.0276  0.0278  0.0276  0.0277
  0.0287  0.0281  0.0280  0.0281  0.0281  0.0281  0.0285  0.0289  0.0281  0.0284  0.0279  0.0282
  0.0302  0.0290  0.0288  0.0300  0.0293  0.0313  0.0296  0.0309  0.0288  0.0294  0.0284  0.0290
niter,ni,del,rscale     5    3    5.0000    1.2000
parameters
    1.5894  -10.3539   21.1927   -8.3000   -6.2486   -6.8524
    0.4570   -4.3997    4.5050    4.4673    2.1932   -1.2163
eta,q 0.97253  7.39716
  0.0301  0.0296  0.0287  0.0290  0.0287  0.0299  0.0296  0.0307  0.0289  0.0296  0.0282  0.0289
  0.0286  0.0284  0.0281  0.0280  0.0280  0.0285  0.0285  0.0288  0.0281  0.0283  0.0278  0.0281
  0.0277  0.0277  0.0276  0.0275  0.0276  0.0277  0.0277  0.0278  0.0276  0.0276  0.0275  0.0276
  0.0275  0.0275  0.0275  0.0275  0.0275  0.0275  0.0275  0.0275  0.0275  0.0275  0.0275  0.0275
  0.0278  0.0276  0.0276  0.0275  0.0276  0.0273  0.0277  0.0279  0.0276  0.0277  0.0276  0.0277
  0.0287  0.0281  0.0280  0.0279  0.0281  0.0278  0.0285  0.0289  0.0280  0.0283  0.0279  0.0282
  0.0302  0.0290  0.0288  0.0294  0.0291  0.0305  0.0296  0.0308  0.0287  0.0292  0.0283  0.0290
niter,ni,del,rscale     4    3    5.0000    1.2000
parameters
    1.5578  -10.2438   21.1766   -8.4179   -6.4718   -6.8794
    0.4897   -4.4622    4.6691    4.6565    1.9400   -1.3345
eta,q 0.97254  7.38248
  0.0301  0.0294  0.0287  0.0290  0.0287  0.0298  0.0296  0.0307  0.0288  0.0295  0.0282  0.0289
  0.0286  0.0283  0.0281  0.0280  0.0280  0.0285  0.0284  0.0288  0.0281  0.0282  0.0278  0.0281
  0.0277  0.0277  0.0276  0.0275  0.0276  0.0277  0.0277  0.0278  0.0276  0.0276  0.0275  0.0276
  0.0275  0.0275  0.0275  0.0275  0.0275  0.0275  0.0275  0.0275  0.0275  0.0275  0.0275  0.0275
  0.0278  0.0276  0.0276  0.0275  0.0276  0.0273  0.0277  0.0279  0.0276  0.0277  0.0276  0.0277
  0.0287  0.0282  0.0280  0.0278  0.0280  0.0278  0.0285  0.0289  0.0280  0.0283  0.0279  0.0282
  0.0302  0.0290  0.0288  0.0293  0.0290  0.0305  0.0296  0.0308  0.0287  0.0292  0.0283  0.0289
niter,ni,del,rscale     3    3    5.0000    1.2000
parameters
    1.5339  -10.1611   21.1569   -8.5320   -6.6678   -6.9084
    0.5145   -4.5155    4.8336    4.8233    1.7057   -1.4254
eta,q 0.97253  7.36896
  0.0301  0.0293  0.0287  0.0290  0.0287  0.0298  0.0296  0.0307  0.0288  0.0295  0.0282  0.0289
  0.0286  0.0283  0.0280  0.0280  0.0280  0.0285  0.0284  0.0288  0.0281  0.0282  0.0278  0.0281
  0.0277  0.0277  0.0276  0.0275  0.0276  0.0277  0.0277  0.0278  0.0276  0.0276  0.0275  0.0276
  0.0275  0.0275  0.0275  0.0275  0.0275  0.0275  0.0275  0.0275  0.0275  0.0275  0.0275  0.0275
  0.0278  0.0276  0.0276  0.0276  0.0276  0.0273  0.0277  0.0279  0.0276  0.0277  0.0276  0.0277
  0.0287  0.0282  0.0280  0.0279  0.0280  0.0278  0.0285  0.0289  0.0280  0.0283  0.0278  0.0282
  0.0302  0.0290  0.0288  0.0292  0.0289  0.0304  0.0296  0.0308  0.0287  0.0291  0.0282  0.0289
niter,ni,del,rscale     2    3    5.0000    1.2000
parameters
    1.5124  -10.0827   21.1356   -8.6272   -6.8669   -6.9516
    0.5329   -4.5678    4.9810    4.9836    1.4790   -1.5024
eta,q 0.97253  7.35551
  0.0301  0.0293  0.0287  0.0290  0.0286  0.0298  0.0296  0.0307  0.0288  0.0294  0.0282  0.0289
  0.0286  0.0283  0.0280  0.0280  0.0280  0.0285  0.0284  0.0288  0.0281  0.0282  0.0278  0.0281
  0.0277  0.0277  0.0276  0.0275  0.0276  0.0277  0.0277  0.0278  0.0276  0.0276  0.0275  0.0276
  0.0275  0.0275  0.0275  0.0275  0.0275  0.0275  0.0275  0.0275  0.0275  0.0275  0.0275  0.0275
  0.0278  0.0276  0.0276  0.0276  0.0276  0.0273  0.0277  0.0279  0.0276  0.0277  0.0276  0.0277
  0.0287  0.0282  0.0280  0.0279  0.0280  0.0278  0.0285  0.0289  0.0280  0.0283  0.0279  0.0282
  0.0302  0.0290  0.0288  0.0292  0.0289  0.0304  0.0296  0.0308  0.0287  0.0291  0.0282  0.0289
niter,ni,del,rscale     1    3    5.0000    1.2000
parameters
    1.4910  -10.0013   21.1129   -8.7440   -7.0885   -7.0123
    0.5554   -4.6264    5.1374    5.1526    1.2290   -1.5773
eta,q 0.97254  7.33942
  0.0301  0.0293  0.0287  0.0290  0.0286  0.0297  0.0296  0.0307  0.0287  0.0294  0.0282  0.0289
  0.0286  0.0283  0.0280  0.0280  0.0280  0.0284  0.0284  0.0288  0.0281  0.0282  0.0278  0.0281
  0.0277  0.0277  0.0276  0.0274  0.0276  0.0277  0.0277  0.0278  0.0276  0.0276  0.0275  0.0276
  0.0275  0.0275  0.0275  0.0275  0.0275  0.0275  0.0275  0.0275  0.0275  0.0275  0.0275  0.0275
  0.0278  0.0276  0.0276  0.0276  0.0276  0.0273  0.0277  0.0279  0.0276  0.0277  0.0276  0.0277
  0.0287  0.0282  0.0280  0.0279  0.0280  0.0278  0.0285  0.0290  0.0280  0.0283  0.0279  0.0282
  0.0302  0.0290  0.0288  0.0292  0.0288  0.0304  0.0296  0.0308  0.0286  0.0290  0.0282  0.0289
registration optimization eta report
parameter search radius
    2.4000    2.4000    2.4000    8.2800    8.2800    8.2800
    7.2000    7.2000    7.2000    7.2000    7.2000    8.2800
100000*second partial in parameter space
       47.       29.       22.        2.        2.        4.
        4.        6.        2.        3.        1.        2.
  0.0301  0.0293  0.0287  0.0290  0.0286  0.0297  0.0296  0.0307  0.0287  0.0294  0.0282  0.0289
  0.0286  0.0283  0.0280  0.0280  0.0280  0.0284  0.0284  0.0288  0.0281  0.0282  0.0278  0.0281
  0.0277  0.0277  0.0276  0.0274  0.0276  0.0277  0.0277  0.0278  0.0276  0.0276  0.0275  0.0276
  0.0275  0.0275  0.0275  0.0275  0.0275  0.0275  0.0275  0.0275  0.0275  0.0275  0.0275  0.0275
  0.0278  0.0276  0.0276  0.0276  0.0276  0.0273  0.0277  0.0279  0.0276  0.0277  0.0276  0.0277
  0.0287  0.0282  0.0280  0.0279  0.0280  0.0278  0.0285  0.0290  0.0280  0.0283  0.0279  0.0282
  0.0302  0.0290  0.0288  0.0292  0.0288  0.0304  0.0296  0.0308  0.0286  0.0290  0.0282  0.0289
    1.4910  -10.0013   21.1129   -8.7440   -7.0885   -7.0123
    0.5554   -4.6264    5.1374    5.1526    1.2290   -1.5773
eta,q 0.97254  7.33942

---------------------------------------------------------------------
imgreg_4dfp /opt/freesurfer/average/711-2C_as_mni_average_305 /opt/freesurfer/average/711-2B_as_mni_average_305_mask talsrcimg_g11 none talsrcimg_to_711-2C_as_mni_average_305_t4 2311
---------------------------------------------------------------------

freesurfer imgreg_4dfp.c
/opt/freesurfer/average/711-2C_as_mni_average_305.4dfp.img
       256       256       256         1
  1.000000  1.000000  1.000000
orientation T byte_order littleendian
Reading image: /opt/freesurfer/average/711-2C_as_mni_average_305.4dfp.img
dimensions:      256       256       256
mmppix:       1.0000   -1.0000   -1.0000
center:     128.0000 -129.0000 -129.0000
/opt/freesurfer/average/711-2B_as_mni_average_305_mask.4dfp.img
       256       256       256         1
  1.000000  1.000000  1.000000
orientation T byte_order littleendian
Reading mask: /opt/freesurfer/average/711-2B_as_mni_average_305_mask.4dfp.img (2306576 pixels)
talsrcimg_g11.4dfp.img
       256       256       256         1
  1.000000  1.000000  1.000000
orientation T byte_order littleendian
Reading image: talsrcimg_g11.4dfp.img
dimensions:      256       256       256
mmppix:       1.0000   -1.0000   -1.0000
center:     128.0000 -129.0000 -129.0000
fimgreg.f
image alignment mode   2311 decimal      907 hex
parameters
    1.4910  -10.0013   21.1129   -8.7440   -7.0885   -7.0123
    0.5554   -4.6264    5.1374    5.1526    1.2290   -1.5773
eta,q 0.97254  7.33941
niter,ni,del,rscale     5    3    5.0000    0.8000
parameters
    1.4520   -9.9369   21.1231   -9.3201   -7.2765   -5.4622
    0.5713   -4.8508    5.3834    5.6004    0.7094   -1.9544
eta,q 0.97263  7.36849
  0.0286  0.0283  0.0280  0.0278  0.0278  0.0281  0.0284  0.0288  0.0280  0.0283  0.0276  0.0278
  0.0280  0.0278  0.0277  0.0275  0.0276  0.0277  0.0279  0.0279  0.0277  0.0278  0.0275  0.0275
  0.0276  0.0276  0.0275  0.0274  0.0275  0.0275  0.0275  0.0275  0.0275  0.0275  0.0274  0.0274
  0.0275  0.0275  0.0275  0.0275  0.0274  0.0274  0.0274  0.0274  0.0274  0.0274  0.0274  0.0274
  0.0276  0.0275  0.0275  0.0276  0.0275  0.0274  0.0275  0.0276  0.0274  0.0274  0.0274  0.0275
  0.0281  0.0278  0.0277  0.0277  0.0276  0.0273  0.0279  0.0282  0.0276  0.0276  0.0276  0.0276
  0.0287  0.0281  0.0280  0.0278  0.0278  0.0275  0.0284  0.0290  0.0279  0.0280  0.0277  0.0279
niter,ni,del,rscale     4    3    5.0000    0.7000
parameters
    1.3659   -9.9339   21.0397   -8.7915   -6.4878   -5.4616
    0.6170   -4.8949    5.6139    5.6748    0.9477   -1.9202
eta,q 0.97263  7.41884
  0.0283  0.0279  0.0277  0.0278  0.0278  0.0277  0.0282  0.0285  0.0279  0.0280  0.0276  0.0278
  0.0277  0.0276  0.0275  0.0275  0.0276  0.0275  0.0277  0.0279  0.0276  0.0276  0.0275  0.0275
  0.0274  0.0274  0.0274  0.0274  0.0275  0.0275  0.0275  0.0275  0.0274  0.0274  0.0274  0.0274
  0.0274  0.0274  0.0274  0.0274  0.0274  0.0274  0.0274  0.0274  0.0274  0.0274  0.0274  0.0274
  0.0275  0.0274  0.0274  0.0274  0.0274  0.0273  0.0275  0.0275  0.0274  0.0274  0.0274  0.0274
  0.0279  0.0276  0.0276  0.0275  0.0274  0.0274  0.0277  0.0279  0.0275  0.0276  0.0275  0.0275
  0.0285  0.0279  0.0278  0.0276  0.0276  0.0279  0.0281  0.0285  0.0278  0.0279  0.0276  0.0277
niter,ni,del,rscale     3    3    5.0000    0.6000
parameters
    1.3742  -10.0558   20.9639   -8.5307   -6.0287   -4.7620
    0.6604   -4.8119    5.5943    5.7214    1.3723   -2.0118
eta,q 0.97272  7.47291
  0.0281  0.0277  0.0277  0.0276  0.0276  0.0277  0.0279  0.0283  0.0276  0.0277  0.0275  0.0276
  0.0277  0.0275  0.0275  0.0274  0.0275  0.0276  0.0276  0.0277  0.0274  0.0275  0.0274  0.0274
  0.0274  0.0274  0.0274  0.0274  0.0274  0.0275  0.0274  0.0274  0.0273  0.0273  0.0273  0.0273
  0.0274  0.0274  0.0274  0.0274  0.0274  0.0274  0.0273  0.0273  0.0273  0.0273  0.0273  0.0273
  0.0274  0.0275  0.0274  0.0274  0.0274  0.0272  0.0273  0.0274  0.0273  0.0273  0.0273  0.0273
  0.0277  0.0276  0.0275  0.0275  0.0274  0.0273  0.0275  0.0277  0.0274  0.0275  0.0273  0.0274
  0.0281  0.0279  0.0277  0.0275  0.0275  0.0276  0.0279  0.0282  0.0276  0.0277  0.0274  0.0276
niter,ni,del,rscale     2    3    5.0000    0.5000
parameters
    1.3920  -10.1712   20.9757   -7.6261   -5.3364   -4.3659
    0.6357   -4.6871    5.4194    5.5400    2.2407   -2.1515
eta,q 0.97279  7.54920
  0.0278  0.0275  0.0275  0.0275  0.0275  0.0277  0.0276  0.0280  0.0274  0.0275  0.0275  0.0274
  0.0275  0.0274  0.0274  0.0273  0.0274  0.0276  0.0274  0.0276  0.0273  0.0274  0.0273  0.0273
  0.0273  0.0273  0.0273  0.0273  0.0273  0.0274  0.0273  0.0273  0.0272  0.0273  0.0273  0.0272
  0.0273  0.0273  0.0273  0.0273  0.0273  0.0273  0.0272  0.0272  0.0272  0.0272  0.0272  0.0272
  0.0273  0.0273  0.0273  0.0273  0.0273  0.0272  0.0273  0.0273  0.0273  0.0273  0.0272  0.0272
  0.0275  0.0275  0.0274  0.0273  0.0273  0.0273  0.0274  0.0275  0.0274  0.0274  0.0272  0.0273
  0.0278  0.0277  0.0275  0.0273  0.0274  0.0276  0.0277  0.0279  0.0275  0.0276  0.0273  0.0275
niter,ni,del,rscale     1    3    5.0000    0.4000
parameter  4 -1.281586 -> -0.500000 qaram    1.1500
parameters
    1.4969  -10.3435   21.0407   -6.2461   -4.8059   -3.9429
    0.5071   -4.5554    4.8982    5.0959    3.1195   -2.4247
eta,q 0.97294  7.63267
  0.0276  0.0273  0.0274  0.0273  0.0273  0.0276  0.0273  0.0277  0.0272  0.0272  0.0273  0.0272
  0.0274  0.0272  0.0273  0.0273  0.0272  0.0274  0.0272  0.0274  0.0271  0.0271  0.0272  0.0271
  0.0273  0.0272  0.0272  0.0272  0.0272  0.0273  0.0271  0.0272  0.0271  0.0271  0.0271  0.0271
  0.0272  0.0272  0.0272  0.0272  0.0271  0.0271  0.0271  0.0271  0.0271  0.0271  0.0271  0.0271
  0.0272  0.0273  0.0272  0.0272  0.0271  0.0271  0.0271  0.0271  0.0271  0.0271  0.0271  0.0271
  0.0273  0.0274  0.0273  0.0271  0.0272  0.0272  0.0272  0.0273  0.0272  0.0273  0.0271  0.0272
  0.0275  0.0275  0.0273  0.0271  0.0272  0.0274  0.0274  0.0276  0.0273  0.0274  0.0271  0.0273
niter,ni,del,rscale     1    3    5.0000    0.4000
parameters
    1.6473  -10.4962   21.1194   -5.6308   -4.5138   -3.8410
    0.4012   -4.4481    4.3080    4.7288    3.3670   -2.3333
eta,q 0.97302  7.66533
  0.0275  0.0272  0.0273  0.0272  0.0272  0.0275  0.0273  0.0276  0.0271  0.0272  0.0272  0.0272
  0.0273  0.0271  0.0272  0.0272  0.0271  0.0273  0.0271  0.0273  0.0270  0.0271  0.0271  0.0271
  0.0271  0.0270  0.0271  0.0271  0.0270  0.0271  0.0270  0.0271  0.0270  0.0270  0.0270  0.0270
  0.0271  0.0270  0.0270  0.0270  0.0270  0.0270  0.0270  0.0270  0.0270  0.0270  0.0270  0.0270
  0.0271  0.0271  0.0271  0.0270  0.0270  0.0270  0.0270  0.0270  0.0270  0.0270  0.0270  0.0270
  0.0271  0.0272  0.0271  0.0270  0.0271  0.0271  0.0271  0.0272  0.0271  0.0272  0.0270  0.0271
  0.0273  0.0273  0.0272  0.0271  0.0271  0.0275  0.0273  0.0275  0.0272  0.0273  0.0271  0.0271
registration optimization eta report
parameter search radius
    0.8000    0.8000    0.8000    2.7600    2.4000    2.4000
    2.4000    2.4000    2.4000    2.4000    2.4000    2.4000
100000*second partial in parameter space
       54.       33.       34.        2.        3.        8.
        5.       10.        3.        5.        3.        3.
  0.0275  0.0272  0.0273  0.0272  0.0272  0.0275  0.0273  0.0276  0.0271  0.0272  0.0272  0.0272
  0.0273  0.0271  0.0272  0.0272  0.0271  0.0273  0.0271  0.0273  0.0270  0.0271  0.0271  0.0271
  0.0271  0.0270  0.0271  0.0271  0.0270  0.0271  0.0270  0.0271  0.0270  0.0270  0.0270  0.0270
  0.0271  0.0270  0.0270  0.0270  0.0270  0.0270  0.0270  0.0270  0.0270  0.0270  0.0270  0.0270
  0.0271  0.0271  0.0271  0.0270  0.0270  0.0270  0.0270  0.0270  0.0270  0.0270  0.0270  0.0270
  0.0271  0.0272  0.0271  0.0270  0.0271  0.0271  0.0271  0.0272  0.0271  0.0272  0.0270  0.0271
  0.0273  0.0273  0.0272  0.0271  0.0271  0.0275  0.0273  0.0275  0.0272  0.0273  0.0271  0.0271
    1.6473  -10.4962   21.1194   -5.6308   -4.5138   -3.8410
    0.4012   -4.4481    4.3080    4.7288    3.3670   -2.3333
eta,q 0.97302  7.66533

---------------------------------------------------------------------
imgreg_4dfp /opt/freesurfer/average/711-2C_as_mni_average_305 /opt/freesurfer/average/711-2B_as_mni_average_305_mask talsrcimg_g11 none talsrcimg_to_711-2C_as_mni_average_305_t4 2311
---------------------------------------------------------------------

freesurfer imgreg_4dfp.c
/opt/freesurfer/average/711-2C_as_mni_average_305.4dfp.img
       256       256       256         1
  1.000000  1.000000  1.000000
orientation T byte_order littleendian
Reading image: /opt/freesurfer/average/711-2C_as_mni_average_305.4dfp.img
dimensions:      256       256       256
mmppix:       1.0000   -1.0000   -1.0000
center:     128.0000 -129.0000 -129.0000
/opt/freesurfer/average/711-2B_as_mni_average_305_mask.4dfp.img
       256       256       256         1
  1.000000  1.000000  1.000000
orientation T byte_order littleendian
Reading mask: /opt/freesurfer/average/711-2B_as_mni_average_305_mask.4dfp.img (2306576 pixels)
talsrcimg_g11.4dfp.img
       256       256       256         1
  1.000000  1.000000  1.000000
orientation T byte_order littleendian
Reading image: talsrcimg_g11.4dfp.img
dimensions:      256       256       256
mmppix:       1.0000   -1.0000   -1.0000
center:     128.0000 -129.0000 -129.0000
fimgreg.f
image alignment mode   2311 decimal      907 hex
parameters
    1.6473  -10.4962   21.1194   -5.6308   -4.5138   -3.8410
    0.4012   -4.4481    4.3080    4.7288    3.3670   -2.3333
eta,q 0.97302  7.66533
niter,ni,del,rscale     5    3    5.0000    0.8000
parameters
    1.6844  -10.5584   21.1933   -6.5211   -4.7201   -4.7877
    0.3856   -4.2846    4.2379    4.6026    3.3741   -1.4282
eta,q 0.97284  7.59973
  0.0285  0.0278  0.0279  0.0274  0.0276  0.0278  0.0282  0.0291  0.0278  0.0280  0.0276  0.0280
  0.0277  0.0273  0.0274  0.0272  0.0273  0.0276  0.0276  0.0280  0.0274  0.0275  0.0274  0.0276
  0.0272  0.0270  0.0271  0.0271  0.0271  0.0273  0.0273  0.0274  0.0272  0.0273  0.0272  0.0273
  0.0270  0.0270  0.0270  0.0270  0.0270  0.0270  0.0272  0.0272  0.0272  0.0272  0.0272  0.0272
  0.0271  0.0271  0.0271  0.0270  0.0271  0.0271  0.0273  0.0273  0.0273  0.0273  0.0272  0.0272
  0.0276  0.0274  0.0273  0.0274  0.0273  0.0280  0.0277  0.0279  0.0275  0.0276  0.0274  0.0273
  0.0284  0.0279  0.0278  0.0284  0.0277  0.0298  0.0282  0.0288  0.0278  0.0281  0.0276  0.0275
niter,ni,del,rscale     4    3    5.0000    0.7000
parameters
    1.6695  -10.6289   21.1558   -6.3071   -4.6206   -4.8540
    0.3430   -4.2684    4.2061    4.4506    3.4771   -1.3686
eta,q 0.97285  7.60807
  0.0281  0.0278  0.0277  0.0275  0.0276  0.0279  0.0280  0.0286  0.0277  0.0278  0.0275  0.0276
  0.0276  0.0274  0.0274  0.0274  0.0274  0.0276  0.0275  0.0278  0.0274  0.0274  0.0273  0.0273
  0.0273  0.0272  0.0272  0.0272  0.0272  0.0274  0.0272  0.0273  0.0272  0.0272  0.0272  0.0272
  0.0272  0.0272  0.0272  0.0271  0.0271  0.0271  0.0271  0.0271  0.0271  0.0271  0.0271  0.0271
  0.0273  0.0273  0.0272  0.0271  0.0272  0.0270  0.0272  0.0273  0.0272  0.0272  0.0272  0.0272
  0.0276  0.0275  0.0274  0.0272  0.0273  0.0273  0.0275  0.0278  0.0274  0.0275  0.0273  0.0273
  0.0282  0.0279  0.0277  0.0276  0.0276  0.0283  0.0280  0.0285  0.0277  0.0279  0.0275  0.0276
niter,ni,del,rscale     3    3    5.0000    0.6000
parameters
    1.6885  -10.6651   21.1434   -5.9755   -4.4972   -4.5191
    0.3107   -4.2822    4.1075    4.4069    3.5012   -1.5799
eta,q 0.97293  7.63431
  0.0279  0.0276  0.0275  0.0274  0.0275  0.0278  0.0277  0.0282  0.0274  0.0276  0.0274  0.0274
  0.0275  0.0273  0.0273  0.0273  0.0273  0.0275  0.0274  0.0276  0.0272  0.0273  0.0272  0.0272
  0.0272  0.0272  0.0272  0.0272  0.0272  0.0273  0.0271  0.0272  0.0271  0.0271  0.0271  0.0271
  0.0271  0.0271  0.0271  0.0271  0.0271  0.0271  0.0271  0.0271  0.0271  0.0271  0.0271  0.0271
  0.0272  0.0272  0.0272  0.0271  0.0272  0.0270  0.0271  0.0272  0.0271  0.0271  0.0271  0.0271
  0.0275  0.0274  0.0273  0.0272  0.0273  0.0272  0.0274  0.0276  0.0273  0.0273  0.0272  0.0272
  0.0279  0.0277  0.0275  0.0274  0.0274  0.0277  0.0277  0.0282  0.0275  0.0277  0.0274  0.0275
niter,ni,del,rscale     2    3    5.0000    0.5000
parameters
    1.7060  -10.6743   21.1466   -5.6687   -4.3871   -4.2069
    0.3189   -4.3046    4.0264    4.3888    3.5150   -1.8276
eta,q 0.97299  7.65741
  0.0276  0.0274  0.0274  0.0273  0.0273  0.0276  0.0275  0.0279  0.0273  0.0274  0.0272  0.0272
  0.0273  0.0272  0.0272  0.0272  0.0272  0.0274  0.0272  0.0274  0.0271  0.0272  0.0271  0.0271
  0.0271  0.0271  0.0271  0.0271  0.0271  0.0272  0.0271  0.0271  0.0270  0.0271  0.0270  0.0270
  0.0271  0.0271  0.0271  0.0271  0.0271  0.0271  0.0270  0.0270  0.0270  0.0270  0.0270  0.0270
  0.0271  0.0271  0.0271  0.0270  0.0271  0.0270  0.0271  0.0271  0.0271  0.0271  0.0270  0.0271
  0.0273  0.0272  0.0272  0.0271  0.0271  0.0271  0.0272  0.0274  0.0271  0.0272  0.0271  0.0272
  0.0276  0.0274  0.0274  0.0273  0.0273  0.0276  0.0275  0.0279  0.0273  0.0274  0.0272  0.0273
niter,ni,del,rscale     1    3    5.0000    0.4000
parameters
    1.7200  -10.6742   21.1460   -5.4317   -4.3445   -3.9314
    0.3443   -4.3365    3.9574    4.3906    3.4840   -2.0832
eta,q 0.97302  7.67395
  0.0274  0.0272  0.0272  0.0272  0.0272  0.0275  0.0273  0.0276  0.0271  0.0272  0.0271  0.0271
  0.0272  0.0271  0.0271  0.0271  0.0271  0.0273  0.0271  0.0272  0.0270  0.0271  0.0270  0.0270
  0.0271  0.0270  0.0270  0.0271  0.0270  0.0271  0.0270  0.0270  0.0270  0.0270  0.0270  0.0270
  0.0270  0.0270  0.0270  0.0270  0.0270  0.0270  0.0270  0.0270  0.0270  0.0270  0.0270  0.0270
  0.0270  0.0270  0.0270  0.0270  0.0270  0.0270  0.0270  0.0271  0.0270  0.0270  0.0270  0.0270
  0.0272  0.0271  0.0271  0.0270  0.0271  0.0271  0.0271  0.0273  0.0271  0.0271  0.0271  0.0271
  0.0274  0.0272  0.0272  0.0272  0.0272  0.0274  0.0273  0.0276  0.0272  0.0273  0.0271  0.0272
registration optimization eta report
parameter search radius
    0.8000    0.8000    0.8000    2.4000    2.4000    2.4000
    2.4000    2.4000    2.4000    2.4000    2.4000    2.4000
100000*second partial in parameter space
       57.       35.       33.        3.        3.        7.
        5.       10.        3.        5.        3.        3.
  0.0274  0.0272  0.0272  0.0272  0.0272  0.0275  0.0273  0.0276  0.0271  0.0272  0.0271  0.0271
  0.0272  0.0271  0.0271  0.0271  0.0271  0.0273  0.0271  0.0272  0.0270  0.0271  0.0270  0.0270
  0.0271  0.0270  0.0270  0.0271  0.0270  0.0271  0.0270  0.0270  0.0270  0.0270  0.0270  0.0270
  0.0270  0.0270  0.0270  0.0270  0.0270  0.0270  0.0270  0.0270  0.0270  0.0270  0.0270  0.0270
  0.0270  0.0270  0.0270  0.0270  0.0270  0.0270  0.0270  0.0271  0.0270  0.0270  0.0270  0.0270
  0.0272  0.0271  0.0271  0.0270  0.0271  0.0271  0.0271  0.0273  0.0271  0.0271  0.0271  0.0271
  0.0274  0.0272  0.0272  0.0272  0.0272  0.0274  0.0273  0.0276  0.0272  0.0273  0.0271  0.0272
    1.7200  -10.6742   21.1460   -5.4317   -4.3445   -3.9314
    0.3443   -4.3365    3.9574    4.3906    3.4840   -2.0832
eta,q 0.97302  7.67395

---------------------------------------------------------------------
compute_vox2vox talsrcimg talsrcimg_to_711-2C_as_mni_average_305_t4 /opt/freesurfer/average/711-2C_as_mni_average_305
---------------------------------------------------------------------

freesurfer compute_vox2vox.c
Reading: talsrcimg.4dfp.ifh
Reading: talsrcimg_to_711-2C_as_mni_average_305_t4
Reading: /opt/freesurfer/average/711-2C_as_mni_average_305.4dfp.ifh
Writing: talsrcimg_to_711-2C_as_mni_average_305_t4_vox2vox.txt

start time Fri Mar 13 23:09:39 CET 2026
end		time Fri Mar 13 23:11:05 CET 2026

mpr2mni305 success

avi2talxfm orig_nu.mgz /opt/freesurfer/average/mni305.cor.mgz talsrcimg_to_711-2C_as_mni_average_305_t4_vox2vox.txt transforms/talairach.auto.xfm
avi2talxfm done
mv -f /out/sourcedata/freesurfer/sub-v2s7x29678_ses-1/mri/talsrcimg_to_711-2C_as_mni_average_305_t4_vox2vox.txt /out/sourcedata/freesurfer/sub-v2s7x29678_ses-1/mri/transforms/talsrcimg_to_711-2C_as_mni_average_305_t4_vox2vox.txt
lta_convert --src orig_nu.mgz --trg /opt/freesurfer/average/mni305.cor.mgz --inxfm transforms/talairach.auto.xfm --outlta transforms/talairach.auto.xfm.lta --subject fsaverage
7.3.2

--src: orig_nu.mgz src image (geometry).
--trg: /opt/freesurfer/average/mni305.cor.mgz trg image (geometry).
--inmni: transforms/talairach.auto.xfm input MNI/XFM transform.
--outlta: transforms/talairach.auto.xfm.lta output LTA.
--s: fsaverage subject name
 LTA read, type : 1
 1.05579   0.04778  -0.00276  -10.62786;
-0.03920   1.03811   0.02275  -32.80355;
-0.04188  -0.04963   1.04449  -4.85542;
 0.00000   0.00000   0.00000   1.00000;
setting subject to fsaverage
Writing  LTA to file transforms/talairach.auto.xfm.lta...
lta_convert successful.
 
 
Started at Fri Mar 13 23:09:39 CET 2026
Ended   at Fri Mar 13 23:11:05 CET 2026
talairach_avi done
