/out/sourcedata/freesurfer/sub-v2s7x29669_ses-1/mri
/opt/freesurfer/bin/talairach_avi
--i orig_nu.mgz --xfm transforms/talairach.auto.xfm
talairach_avi 7.3.2
Linux dna013 5.14.0-427.37.1.el9_4.x86_64 #1 SMP PREEMPT_DYNAMIC Fri Sep 13 12:41:50 EDT 2024 x86_64 x86_64 x86_64 GNU/Linux
Fri Mar 13 22:35:39 CET 2026
mri_convert orig_nu.mgz talsrcimg.img 
reading from orig_nu.mgz...
TR=0.00, TE=0.00, TI=0.00, flip angle=0.00
i_ras = (-1, 0, 0)
j_ras = (0, 0, -1)
k_ras = (0, 1, 0)
writing to talsrcimg.img...
Analyze Output Matrix
-1.00000   0.00000   0.00000   133.54886;
 0.00000   0.00000   1.00000  -128.25029;
 0.00000  -1.00000   0.00000   168.20180;
 0.00000   0.00000   0.00000   1.00000;
--------------------
INFO: set hdr.hist.orient to -1
mpr2mni305 talsrcimg
Fri Mar 13 22:35:40 CET 2026
/opt/freesurfer/bin/mpr2mni305 talsrcimg
mpr2mni305 7.3.2
target=711-2C_as_mni_average_305

---------------------------------------------------------------------
analyzeto4dfp talsrcimg -O0 -y
---------------------------------------------------------------------

freesurfer ifh2hdr.c
Fri Mar 13 22:35:40 2026
Writing: talsrcimg.4dfp.hdr
freesurfer analyzeto4dfp.c
Reading: talsrcimg.hdr
header size 348 bytes
hdr.dime.datatype	offset=70	value=2
hdr.dime.bitpix		offset=72	value=8
hdr.hist.orient		offset=252	value=-1
dimensionality     4
dimensions       256       256       256         1
Reading: talsrcimg.img
Writing: talsrcimg.4dfp.img
Writing: talsrcimg.4dfp.ifh
ifh2hdr talsrcimg -r0to239
ori=2

---------------------------------------------------------------------
gauss_4dfp talsrcimg 1.1
---------------------------------------------------------------------

freesurfer gauss_4dfp.c
Reading: talsrcimg.4dfp.img
Writing: talsrcimg_g11.4dfp.img
image dimensions 256 256 256 padded to 288 288 288
processing volume 1freesurfer ifh2hdr.c
Fri Mar 13 22:35:42 2026
Writing: talsrcimg_g11.4dfp.hdr

Writing: talsrcimg_g11.4dfp.ifh
including: talsrcimg.4dfp.img.rec in talsrcimg_g11.4dfp.img.rec

---------------------------------------------------------------------
imgreg_4dfp /opt/freesurfer/average/711-2C_as_mni_average_305 none talsrcimg_g11 none talsrcimg_to_711-2C_as_mni_average_305_t4 4355
---------------------------------------------------------------------

freesurfer imgreg_4dfp.c
/opt/freesurfer/average/711-2C_as_mni_average_305.4dfp.img
       256       256       256         1
  1.000000  1.000000  1.000000
orientation T byte_order littleendian
Reading image: /opt/freesurfer/average/711-2C_as_mni_average_305.4dfp.img
dimensions:      256       256       256
mmppix:       1.0000   -1.0000   -1.0000
center:     128.0000 -129.0000 -129.0000
talsrcimg_g11.4dfp.img
       256       256       256         1
  1.000000  1.000000  1.000000
orientation T byte_order littleendian
Reading image: talsrcimg_g11.4dfp.img
dimensions:      256       256       256
mmppix:       1.0000   -1.0000   -1.0000
center:     128.0000 -129.0000 -129.0000
t4_read: open error in t4_sub.f l:  41 t4_file(1:l)talsrcimg_to_711-2C_as_mni_average_305_t4 
t4_read: transform initialized to I4
rotation matrix determinant  1.000000
image alignment mode   4355 decimal     1103 hex
   -7.5000  -45.0000  -45.0000 8298.7939   14.9055
    0.0000  -45.0000  -45.0000 8707.4990   14.9019
    7.5000  -45.0000  -45.0000 8364.6777   14.8787
   -7.5000  -37.5000  -45.0000 8644.4971   14.9562
    0.0000  -37.5000  -45.0000 9069.8613   14.9553
    7.5000  -37.5000  -45.0000 8708.9189   14.9303
   -7.5000  -30.0000  -45.0000 9258.2803   14.9991
    0.0000  -30.0000  -45.0000 9745.6592   14.9974
    7.5000  -30.0000  -45.0000 9350.1426   14.9704
   -7.5000  -22.5000  -45.0000 9837.7266   14.9859
    0.0000  -22.5000  -45.000010368.0371   14.9797
    7.5000  -22.5000  -45.0000 9946.2461   14.9521
   -7.5000  -15.0000  -45.000010379.2031   14.9329
    0.0000  -15.0000  -45.000010925.5205   14.9235
    7.5000  -15.0000  -45.000010464.6836   14.8969
   -7.5000   -7.5000  -45.000010909.7471   14.8954
    0.0000   -7.5000  -45.000011471.3232   14.8877
    7.5000   -7.5000  -45.000010950.5684   14.8636
   -7.5000    0.0000  -45.000011188.2520   14.9055
    0.0000    0.0000  -45.000011734.9883   14.9019
    7.5000    0.0000  -45.000011192.5225   14.8787
   -7.5000    7.5000  -45.000010430.2197   14.9562
    0.0000    7.5000  -45.000010949.1650   14.9553
    7.5000    7.5000  -45.000010450.0684   14.9303
   -7.5000   15.0000  -45.0000 9625.2334   14.9991
    0.0000   15.0000  -45.000010115.5400   14.9974
    7.5000   15.0000  -45.0000 9633.7490   14.9704
   -7.5000   22.5000  -45.0000 8780.7256   14.9838
    0.0000   22.5000  -45.0000 9231.6387   14.9777
    7.5000   22.5000  -45.0000 8788.7998   14.9501
   -7.5000   30.0000  -45.0000 7996.3936   14.7342
    0.0000   30.0000  -45.0000 8408.0859   14.7249
    7.5000   30.0000  -45.0000 7996.6895   14.6987
   -7.5000   37.5000  -45.0000 7570.9424   14.7530
    0.0000   37.5000  -45.0000 7972.6255   14.7461
    7.5000   37.5000  -45.0000 7584.0137   14.7217
   -7.5000   45.0000  -45.0000 6943.9927   14.5808
    0.0000   45.0000  -45.0000 7285.6621   14.5754
    7.5000   45.0000  -45.0000 6947.0068   14.5482
   -7.5000  -45.0000  -37.5000 8870.3027   14.8455
    0.0000  -45.0000  -37.5000 9298.4434   14.8391
    7.5000  -45.0000  -37.5000 8939.5410   14.8161
   -7.5000  -37.5000  -37.5000 9234.4258   14.8914
    0.0000  -37.5000  -37.5000 9697.9619   14.8922
    7.5000  -37.5000  -37.5000 9329.8057   14.8691
   -7.5000  -30.0000  -37.5000 9874.0303   14.9256
    0.0000  -30.0000  -37.500010386.4570   14.9288
    7.5000  -30.0000  -37.5000 9983.5410   14.9060
   -7.5000  -22.5000  -37.500010448.2744   14.9069
    0.0000  -22.5000  -37.500011001.6611   14.9038
    7.5000  -22.5000  -37.500010554.0752   14.8812
   -7.5000  -15.0000  -37.500011016.0322   14.8593
    0.0000  -15.0000  -37.500011589.7139   14.8483
    7.5000  -15.0000  -37.500011111.4395   14.8248
   -7.5000   -7.5000  -37.500011533.7793   14.8319
    0.0000   -7.5000  -37.500012134.0137   14.8200
    7.5000   -7.5000  -37.500011575.4297   14.7965
   -7.5000    0.0000  -37.500011801.5654   14.8455
    0.0000    0.0000  -37.500012430.2236   14.8391
    7.5000    0.0000  -37.500011857.0137   14.8161
   -7.5000    7.5000  -37.500011094.8154   14.8914
    0.0000    7.5000  -37.500011705.6768   14.8922
    7.5000    7.5000  -37.500011163.2266   14.8691
   -7.5000   15.0000  -37.500010243.4580   14.9256
    0.0000   15.0000  -37.500010821.4385   14.9288
    7.5000   15.0000  -37.500010298.1250   14.9060
   -7.5000   22.5000  -37.5000 9340.8311   14.9049
    0.0000   22.5000  -37.5000 9829.5156   14.9018
    7.5000   22.5000  -37.5000 9366.8213   14.8791
   -7.5000   30.0000  -37.5000 8462.7676   14.6617
    0.0000   30.0000  -37.5000 8894.1035   14.6508
    7.5000   30.0000  -37.5000 8465.5381   14.6276
   -7.5000   37.5000  -37.5000 8000.8833   14.6910
    0.0000   37.5000  -37.5000 8412.7197   14.6801
    7.5000   37.5000  -37.5000 8002.4526   14.6566
   -7.5000   45.0000  -37.5000 7311.0215   14.5241
    0.0000   45.0000  -37.5000 7653.1934   14.5165
    7.5000   45.0000  -37.5000 7298.7642   14.4904
   -7.5000  -45.0000  -30.0000 9586.5312   15.4251
    0.0000  -45.0000  -30.000010056.4287   15.4205
    7.5000  -45.0000  -30.0000 9636.2002   15.3944
   -7.5000  -37.5000  -30.000010002.2139   15.4707
    0.0000  -37.5000  -30.000010518.0186   15.4749
    7.5000  -37.5000  -30.000010081.6025   15.4504
   -7.5000  -30.0000  -30.000010685.3887   15.5051
    0.0000  -30.0000  -30.000011246.6787   15.5116
    7.5000  -30.0000  -30.000010778.7715   15.4890
   -7.5000  -22.5000  -30.000011327.9619   15.4872
    0.0000  -22.5000  -30.000011932.3506   15.4854
    7.5000  -22.5000  -30.000011418.6201   15.4629
   -7.5000  -15.0000  -30.000011922.2080   15.4419
    0.0000  -15.0000  -30.000012556.0732   15.4303
    7.5000  -15.0000  -30.000012024.7852   15.4050
   -7.5000   -7.5000  -30.000012386.1133   15.4142
    0.0000   -7.5000  -30.000013068.1328   15.4020
    7.5000   -7.5000  -30.000012475.8643   15.3750
   -7.5000    0.0000  -30.000012647.1182   15.4251
    0.0000    0.0000  -30.000013394.0107   15.4205
    7.5000    0.0000  -30.000012753.8105   15.3944
   -7.5000    7.5000  -30.000011955.3008   15.4707
    0.0000    7.5000  -30.000012684.4238   15.4749
    7.5000    7.5000  -30.000012074.6074   15.4504
   -7.5000   15.0000  -30.000011037.3223   15.5051
    0.0000   15.0000  -30.000011699.3750   15.5116
    7.5000   15.0000  -30.000011137.8418   15.4890
   -7.5000   22.5000  -30.000010021.5088   15.4835
    0.0000   22.5000  -30.000010579.9736   15.4816
    7.5000   22.5000  -30.000010064.1904   15.4592
   -7.5000   30.0000  -30.0000 9054.8457   15.2380
    0.0000   30.0000  -30.0000 9533.3330   15.2265
    7.5000   30.0000  -30.0000 9073.2227   15.2015
   -7.5000   37.5000  -30.0000 8541.2578   15.2710
    0.0000   37.5000  -30.0000 8986.1846   15.2598
    7.5000   37.5000  -30.0000 8556.3115   15.2333
   -7.5000   45.0000  -30.0000 7818.0981   15.1042
    0.0000   45.0000  -30.0000 8185.1104   15.0987
    7.5000   45.0000  -30.0000 7797.8730   15.0705
   -7.5000  -45.0000  -22.500010300.8369   15.9263
    0.0000  -45.0000  -22.500010833.7246   15.9269
    7.5000  -45.0000  -22.500010393.9531   15.8977
   -7.5000  -37.5000  -22.500010719.6543   15.9789
    0.0000  -37.5000  -22.500011290.7686   15.9845
    7.5000  -37.5000  -22.500010854.7607   15.9565
   -7.5000  -30.0000  -22.500011465.4238   16.0244
    0.0000  -30.0000  -22.500012086.7910   16.0284
    7.5000  -30.0000  -22.500011607.0918   16.0011
   -7.5000  -22.5000  -22.500012238.6045   16.0124
    0.0000  -22.5000  -22.500012888.9355   16.0082
    7.5000  -22.5000  -22.500012369.8643   15.9804
   -7.5000  -15.0000  -22.500012848.6787   15.9618
    0.0000  -15.0000  -22.500013561.9092   15.9513
    7.5000  -15.0000  -22.500012978.7178   15.9212
   -7.5000   -7.5000  -22.500013306.9141   15.9211
    0.0000   -7.5000  -22.500014061.8340   15.9139
    7.5000   -7.5000  -22.500013407.2480   15.8831
   -7.5000    0.0000  -22.500013563.4453   15.9263
    0.0000    0.0000  -22.500014357.6494   15.9269
    7.5000    0.0000  -22.500013662.4590   15.8977
   -7.5000    7.5000  -22.500012843.8867   15.9789
    0.0000    7.5000  -22.500013630.2148   15.9845
    7.5000    7.5000  -22.500012961.1338   15.9565
   -7.5000   15.0000  -22.500011873.0205   16.0244
    0.0000   15.0000  -22.500012605.5156   16.0284
    7.5000   15.0000  -22.500011982.1641   16.0011
   -7.5000   22.5000  -22.500010757.5654   16.0074
    0.0000   22.5000  -22.500011382.6387   16.0033
    7.5000   22.5000  -22.500010825.3018   15.9755
   -7.5000   30.0000  -22.5000 9715.0439   15.7532
    0.0000   30.0000  -22.500010240.8457   15.7430
    7.5000   30.0000  -22.5000 9735.8604   15.7132
   -7.5000   37.5000  -22.5000 9134.9395   15.7762
    0.0000   37.5000  -22.5000 9657.6162   15.7699
    7.5000   37.5000  -22.5000 9173.6572   15.7397
   -7.5000   45.0000  -22.5000 8304.1738   15.6054
    0.0000   45.0000  -22.5000 8754.2637   15.6045
    7.5000   45.0000  -22.5000 8312.7598   15.5738
   -7.5000  -45.0000  -15.000011003.5791   16.2906
    0.0000  -45.0000  -15.000011601.6191   16.2955
    7.5000  -45.0000  -15.000011137.2793   16.2666
   -7.5000  -37.5000  -15.000011440.9961   16.3507
    0.0000  -37.5000  -15.000012076.3477   16.3558
    7.5000  -37.5000  -15.000011603.9834   16.3259
   -7.5000  -30.0000  -15.000012291.7549   16.4086
    0.0000  -30.0000  -15.000012958.2852   16.4084
    7.5000  -30.0000  -15.000012449.3057   16.3765
   -7.5000  -22.5000  -15.000013133.7451   16.4030
    0.0000  -22.5000  -15.000013871.7324   16.3962
    7.5000  -22.5000  -15.000013303.0254   16.3629
   -7.5000  -15.0000  -15.000013789.3164   16.3445
    0.0000  -15.0000  -15.000014613.2129   16.3363
    7.5000  -15.0000  -15.000013952.9365   16.3033
   -7.5000   -7.5000  -15.000014240.1357   16.2900
    0.0000   -7.5000  -15.000015130.5254   16.2882
    7.5000   -7.5000  -15.000014407.0625   16.2575
   -7.5000    0.0000  -15.000014490.3018   16.2906
    0.0000    0.0000  -15.000015386.0801   16.2955
    7.5000    0.0000  -15.000014637.2783   16.2666
   -7.5000    7.5000  -15.000013710.7480   16.3507
    0.0000    7.5000  -15.000014572.0654   16.3558
    7.5000    7.5000  -15.000013868.3770   16.3259
   -7.5000   15.0000  -15.000012704.7900   16.4086
    0.0000   15.0000  -15.000013477.3545   16.4084
    7.5000   15.0000  -15.000012826.9971   16.3765
   -7.5000   22.5000  -15.000011530.7285   16.3971
    0.0000   22.5000  -15.000012213.3418   16.3904
    7.5000   22.5000  -15.000011609.9453   16.3571
   -7.5000   30.0000  -15.000010397.6221   16.1331
    0.0000   30.0000  -15.000010961.7119   16.1250
    7.5000   30.0000  -15.000010437.2012   16.0925
   -7.5000   37.5000  -15.0000 9757.6982   16.1430
    0.0000   37.5000  -15.000010300.8682   16.1419
    7.5000   37.5000  -15.0000 9808.3125   16.1114
   -7.5000   45.0000  -15.0000 8843.1807   15.9685
    0.0000   45.0000  -15.0000 9352.5039   15.9711
    7.5000   45.0000  -15.0000 8871.6709   15.9399
   -7.5000  -45.0000   -7.500011738.6123   16.4951
    0.0000  -45.0000   -7.500012393.5195   16.4982
    7.5000  -45.0000   -7.500011887.5742   16.4718
   -7.5000  -37.5000   -7.500012222.7207   16.5561
    0.0000  -37.5000   -7.500012905.3027   16.5584
    7.5000  -37.5000   -7.500012396.8340   16.5295
   -7.5000  -30.0000   -7.500013147.0254   16.6148
    0.0000  -30.0000   -7.500013856.4463   16.6124
    7.5000  -30.0000   -7.500013322.5957   16.5802
   -7.5000  -22.5000   -7.500014022.4521   16.6088
    0.0000  -22.5000   -7.500014830.0488   16.6014
    7.5000  -22.5000   -7.500014228.0654   16.5680
   -7.5000  -15.0000   -7.500014693.9990   16.5473
    0.0000  -15.0000   -7.500015613.7969   16.5398
    7.5000  -15.0000   -7.500014914.3174   16.5082
   -7.5000   -7.5000   -7.500015195.3154   16.4924
    0.0000   -7.5000   -7.500016191.4062   16.4905
    7.5000   -7.5000   -7.500015419.6924   16.4626
   -7.5000    0.0000   -7.500015476.3018   16.4951
    0.0000    0.0000   -7.500016483.6660   16.4982
    7.5000    0.0000   -7.500015714.1348   16.4718
   -7.5000    7.5000   -7.500014633.0850   16.5561
    0.0000    7.5000   -7.500015555.8857   16.5584
    7.5000    7.5000   -7.500014826.9258   16.5295
   -7.5000   15.0000   -7.500013545.1768   16.6148
    0.0000   15.0000   -7.500014381.7900   16.6124
    7.5000   15.0000   -7.500013702.5693   16.5802
   -7.5000   22.5000   -7.500012312.5332   16.6011
    0.0000   22.5000   -7.500013057.5332   16.5938
    7.5000   22.5000   -7.500012421.3574   16.5604
   -7.5000   30.0000   -7.500011102.2061   16.3329
    0.0000   30.0000   -7.500011748.7549   16.3255
    7.5000   30.0000   -7.500011171.2734   16.2943
   -7.5000   37.5000   -7.500010444.6221   16.3412
    0.0000   37.5000   -7.500011037.5225   16.3399
    7.5000   37.5000   -7.500010500.0303   16.3119
   -7.5000   45.0000   -7.5000 9436.2939   16.1698
    0.0000   45.0000   -7.5000 9991.5537   16.1703
    7.5000   45.0000   -7.5000 9463.6357   16.1401
   -7.5000  -45.0000    0.000012390.2129   16.5588
    0.0000  -45.0000    0.000013091.0039   16.5552
    7.5000  -45.0000    0.000012553.8438   16.5301
   -7.5000  -37.5000    0.000012964.8262   16.6148
    0.0000  -37.5000    0.000013709.8008   16.6142
    7.5000  -37.5000    0.000013146.0547   16.5869
   -7.5000  -30.0000    0.000013954.6572   16.6636
    0.0000  -30.0000    0.000014762.7383   16.6623
    7.5000  -30.0000    0.000014168.5264   16.6329
   -7.5000  -22.5000    0.000014860.9287   16.6506
    0.0000  -22.5000    0.000015736.2832   16.6446
    7.5000  -22.5000    0.000015103.4209   16.6147
   -7.5000  -15.0000    0.000015561.5811   16.5923
    0.0000  -15.0000    0.000016535.1113   16.5827
    7.5000  -15.0000    0.000015810.4971   16.5540
   -7.5000   -7.5000    0.000016108.9189   16.5493
    0.0000   -7.5000    0.000017177.9043   16.5414
    7.5000   -7.5000    0.000016389.7148   16.5154
   -7.5000    0.0000    0.000016355.2998   16.5588
    0.0000    0.0000    0.000017474.6992   16.5552
    7.5000    0.0000    0.000016658.2773   16.5301
   -7.5000    7.5000    0.000015442.2744   16.6148
    0.0000    7.5000    0.000016436.7949   16.6142
    7.5000    7.5000    0.000015689.0459   16.5869
   -7.5000   15.0000    0.000014326.1309   16.6636
    0.0000   15.0000    0.000015203.2490   16.6623
    7.5000   15.0000    0.000014493.3818   16.6329
   -7.5000   22.5000    0.000013031.3828   16.6430
    0.0000   22.5000    0.000013838.9014   16.6369
    7.5000   22.5000    0.000013195.0615   16.6070
   -7.5000   30.0000    0.000011764.8623   16.3779
    0.0000   30.0000    0.000012508.8652   16.3684
    7.5000   30.0000    0.000011899.5625   16.3401
   -7.5000   37.5000    0.000011035.8516   16.3971
    0.0000   37.5000    0.000011747.7305   16.3899
    7.5000   37.5000    0.000011164.6240   16.3637
   -7.5000   45.0000    0.0000 9978.2178   16.2342
    0.0000   45.0000    0.000010605.5332   16.2286
    7.5000   45.0000    0.000010044.1367   16.1991
   -7.5000  -45.0000    7.500012070.7061   16.5731
    0.0000  -45.0000    7.500012766.5977   16.5660
    7.5000  -45.0000    7.500012253.4209   16.5402
   -7.5000  -37.5000    7.500012689.4248   16.6231
    0.0000  -37.5000    7.500013417.1885   16.6241
    7.5000  -37.5000    7.500012855.9043   16.5983
   -7.5000  -30.0000    7.500013765.0215   16.6613
    0.0000  -30.0000    7.500014618.8848   16.6651
    7.5000  -30.0000    7.500013989.5391   16.6397
   -7.5000  -22.5000    7.500014644.4990   16.6421
    0.0000  -22.5000    7.500015611.9150   16.6388
    7.5000  -22.5000    7.500014930.3086   16.6135
   -7.5000  -15.0000    7.500015290.5000   16.5904
    0.0000  -15.0000    7.500016329.2979   16.5781
    7.5000  -15.0000    7.500015570.1445   16.5518
   -7.5000   -7.5000    7.500015811.8896   16.5594
    0.0000   -7.5000    7.500016888.9277   16.5462
    7.5000   -7.5000    7.500016118.4678   16.5198
   -7.5000    0.0000    7.500016003.0498   16.5731
    0.0000    0.0000    7.500017090.8301   16.5660
    7.5000    0.0000    7.500016316.2451   16.5402
   -7.5000    7.5000    7.500015085.7158   16.6231
    0.0000    7.5000    7.500016073.6885   16.6241
    7.5000    7.5000    7.500015351.2295   16.5983
   -7.5000   15.0000    7.500014017.4922   16.6613
    0.0000   15.0000    7.500014929.3867   16.6651
    7.5000   15.0000    7.500014208.6182   16.6397
   -7.5000   22.5000    7.500012791.0039   16.6344
    0.0000   22.5000    7.500013623.8740   16.6311
    7.5000   22.5000    7.500012945.6006   16.6058
   -7.5000   30.0000    7.500011557.3535   16.3761
    0.0000   30.0000    7.500012325.7480   16.3639
    7.5000   30.0000    7.500011695.8379   16.3380
   -7.5000   37.5000    7.500010859.6348   16.4083
    0.0000   37.5000    7.500011588.5703   16.3961
    7.5000   37.5000    7.500010983.5205   16.3698
   -7.5000   45.0000    7.5000 9811.3076   16.2518
    0.0000   45.0000    7.500010441.0771   16.2434
    7.5000   45.0000    7.5000 9886.6387   16.2141
   -7.5000  -45.0000   15.000011625.0264   16.5613
    0.0000  -45.0000   15.000012284.6260   16.5565
    7.5000  -45.0000   15.000011788.4277   16.5284
   -7.5000  -37.5000   15.000012205.9307   16.6101
    0.0000  -37.5000   15.000012905.6543   16.6147
    7.5000  -37.5000   15.000012361.7002   16.5884
   -7.5000  -30.0000   15.000013330.5752   16.6469
    0.0000  -30.0000   15.000014280.2275   16.6539
    7.5000  -30.0000   15.000013595.5781   16.6297
   -7.5000  -22.5000   15.000014325.7461   16.6278
    0.0000  -22.5000   15.000015514.0137   16.6258
    7.5000  -22.5000   15.000014685.3008   16.6017
   -7.5000  -15.0000   15.000015061.0615   16.5794
    0.0000  -15.0000   15.000016232.5127   16.5669
    7.5000  -15.0000   15.000015393.1172   16.5397
   -7.5000   -7.5000   15.000015559.5137   16.5497
    0.0000   -7.5000   15.000016672.9121   16.5367
    7.5000   -7.5000   15.000015859.5459   16.5076
   -7.5000    0.0000   15.000015660.9336   16.5613
    0.0000    0.0000   15.000016736.4668   16.5565
    7.5000    0.0000   15.000015928.5039   16.5284
   -7.5000    7.5000   15.000014655.3281   16.6101
    0.0000    7.5000   15.000015645.3955   16.6147
    7.5000    7.5000   15.000014859.6172   16.5884
   -7.5000   15.0000   15.000013614.4404   16.6469
    0.0000   15.0000   15.000014511.2764   16.6539
    7.5000   15.0000   15.000013750.2656   16.6297
   -7.5000   22.5000   15.000012433.2178   16.6201
    0.0000   22.5000   15.000013230.8574   16.6182
    7.5000   22.5000   15.000012500.9277   16.5941
   -7.5000   30.0000   15.000011212.0039   16.3652
    0.0000   30.0000   15.000011941.8008   16.3529
    7.5000   30.0000   15.000011289.6211   16.3261
   -7.5000   37.5000   15.000010530.1865   16.4007
    0.0000   37.5000   15.000011208.4727   16.3888
    7.5000   37.5000   15.000010599.3379   16.3603
   -7.5000   45.0000   15.0000 9510.1553   16.2430
    0.0000   45.0000   15.000010113.9580   16.2371
    7.5000   45.0000   15.0000 9583.9688   16.2069
   -7.5000  -45.0000   22.500011185.6992   16.5327
    0.0000  -45.0000   22.500011767.8037   16.5334
    7.5000  -45.0000   22.500011344.8203   16.5031
   -7.5000  -37.5000   22.500011703.6738   16.5874
    0.0000  -37.5000   22.500012349.9033   16.5931
    7.5000  -37.5000   22.500011888.9902   16.5641
   -7.5000  -30.0000   22.500012721.6826   16.6346
    0.0000  -30.0000   22.500013736.7021   16.6387
    7.5000  -30.0000   22.500013014.9824   16.6104
   -7.5000  -22.5000   22.500013817.6357   16.6221
    0.0000  -22.5000   22.500015071.0410   16.6178
    7.5000  -22.5000   22.500014112.4072   16.5889
   -7.5000  -15.0000   22.500014733.0342   16.5696
    0.0000  -15.0000   22.500015985.6562   16.5587
    7.5000  -15.0000   22.500014922.8350   16.5275
   -7.5000   -7.5000   22.500015238.4238   16.5274
    0.0000   -7.5000   22.500016438.4941   16.5198
    7.5000   -7.5000   22.500015395.5918   16.4880
   -7.5000    0.0000   22.500015234.8994   16.5327
    0.0000    0.0000   22.500016324.8418   16.5334
    7.5000    0.0000   22.500015391.5410   16.5031
   -7.5000    7.5000   22.500014094.7627   16.5874
    0.0000    7.5000   22.500015020.8994   16.5931
    7.5000    7.5000   22.500014236.3779   16.5641
   -7.5000   15.0000   22.500013011.7578   16.6346
    0.0000   15.0000   22.500013797.2100   16.6387
    7.5000   15.0000   22.500013110.3516   16.6104
   -7.5000   22.5000   22.500011910.9404   16.6145
    0.0000   22.5000   22.500012603.1387   16.6101
    7.5000   22.5000   22.500011970.5752   16.5813
   -7.5000   30.0000   22.500010750.1152   16.3554
    0.0000   30.0000   22.500011402.9023   16.3447
    7.5000   30.0000   22.500010831.0137   16.3139
   -7.5000   37.5000   22.500010075.7354   16.3793
    0.0000   37.5000   22.500010686.9326   16.3727
    7.5000   37.5000   22.500010151.1318   16.3414
   -7.5000   45.0000   22.5000 9081.7979   16.2137
    0.0000   45.0000   22.5000 9628.5410   16.2128
    7.5000   45.0000   22.5000 9139.1807   16.1809
   -7.5000  -45.0000   30.000010610.6445   16.5172
    0.0000  -45.0000   30.000011240.5430   16.5223
    7.5000  -45.0000   30.000010786.3018   16.4930
   -7.5000  -37.5000   30.000011119.8779   16.5782
    0.0000  -37.5000   30.000011841.0625   16.5834
    7.5000  -37.5000   30.000011315.6406   16.5532
   -7.5000  -30.0000   30.000012032.1992   16.6369
    0.0000  -30.0000   30.000012946.2578   16.6368
    7.5000  -30.0000   30.000012292.5527   16.6044
   -7.5000  -22.5000   30.000012954.2207   16.6313
    0.0000  -22.5000   30.000013935.6504   16.6244
    7.5000  -22.5000   30.000013174.3164   16.5907
   -7.5000  -15.0000   30.000013790.4375   16.5720
    0.0000  -15.0000   30.000014736.5400   16.5637
    7.5000  -15.0000   30.000013955.2910   16.5302
   -7.5000   -7.5000   30.000014343.6523   16.5167
    0.0000   -7.5000   30.000015287.4443   16.5150
    7.5000   -7.5000   30.000014502.2188   16.4838
   -7.5000    0.0000   30.000014404.5439   16.5172
    0.0000    0.0000   30.000015340.3154   16.5223
    7.5000    0.0000   30.000014589.0205   16.4930
   -7.5000    7.5000   30.000013333.4814   16.5782
    0.0000    7.5000   30.000014136.4531   16.5834
    7.5000    7.5000   30.000013483.8359   16.5532
   -7.5000   15.0000   30.000012265.3838   16.6369
    0.0000   15.0000   30.000012959.5615   16.6368
    7.5000   15.0000   30.000012383.0850   16.6044
   -7.5000   22.5000   30.000011233.5410   16.6236
    0.0000   22.5000   30.000011860.8184   16.6168
    7.5000   22.5000   30.000011316.3633   16.5831
   -7.5000   30.0000   30.000010147.4609   16.3577
    0.0000   30.0000   30.000010707.2920   16.3495
    7.5000   30.0000   30.000010216.4404   16.3165
   -7.5000   37.5000   30.0000 9479.0469   16.3676
    0.0000   37.5000   30.000010005.1816   16.3666
    7.5000   37.5000   30.0000 9548.8057   16.3356
   -7.5000   45.0000   30.0000 8519.9473   16.1950
    0.0000   45.0000   30.0000 8984.4639   16.1977
    7.5000   45.0000   30.0000 8573.5820   16.1660
   -7.5000  -45.0000   37.500010392.4932   16.5425
    0.0000  -45.0000   37.500010971.0635   16.5457
    7.5000  -45.0000   37.500010526.7520   16.5193
   -7.5000  -37.5000   37.500010858.8770   16.6036
    0.0000  -37.5000   37.500011475.8594   16.6061
    7.5000  -37.5000   37.500011021.0654   16.5771
   -7.5000  -30.0000   37.500011699.2812   16.6624
    0.0000  -30.0000   37.500012398.5645   16.6603
    7.5000  -30.0000   37.500011882.4766   16.6280
   -7.5000  -22.5000   37.500012522.2510   16.6565
    0.0000  -22.5000   37.500013233.0850   16.6494
    7.5000  -22.5000   37.500012680.2529   16.6159
   -7.5000  -15.0000   37.500013227.2451   16.5949
    0.0000  -15.0000   37.500013935.3984   16.5876
    7.5000  -15.0000   37.500013350.0039   16.5560
   -7.5000   -7.5000   37.500013717.7695   16.5398
    0.0000   -7.5000   37.500014441.4883   16.5382
    7.5000   -7.5000   37.500013842.7480   16.5102
   -7.5000    0.0000   37.500013857.6807   16.5425
    0.0000    0.0000   37.500014596.2969   16.5457
    7.5000    0.0000   37.500013986.3135   16.5193
   -7.5000    7.5000   37.500012919.4453   16.6036
    0.0000    7.5000   37.500013591.3457   16.6061
    7.5000    7.5000   37.500013023.5879   16.5771
   -7.5000   15.0000   37.500011921.3916   16.6624
    0.0000   15.0000   37.500012508.5547   16.6603
    7.5000   15.0000   37.500011988.3467   16.6280
   -7.5000   22.5000   37.500010944.8223   16.6488
    0.0000   22.5000   37.500011504.5645   16.6417
    7.5000   22.5000   37.500011003.5176   16.6083
   -7.5000   30.0000   37.5000 9868.8193   16.3803
    0.0000   30.0000   37.500010380.4092   16.3732
    7.5000   30.0000   37.5000 9911.9707   16.3419
   -7.5000   37.5000   37.5000 9198.5322   16.3887
    0.0000   37.5000   37.5000 9685.2119   16.3876
    7.5000   37.5000   37.5000 9240.2500   16.3595
   -7.5000   45.0000   37.5000 8259.4756   16.2176
    0.0000   45.0000   37.5000 8680.8867   16.2184
    7.5000   45.0000   37.5000 8280.7812   16.1881
   -7.5000  -45.0000   45.0000 9651.4717   16.6190
    0.0000  -45.0000   45.000010159.6084   16.6157
    7.5000  -45.0000   45.0000 9748.1650   16.5901
   -7.5000  -37.5000   45.000010058.2139   16.6755
    0.0000  -37.5000   45.000010603.7979   16.6752
    7.5000  -37.5000   45.000010196.8486   16.6473
   -7.5000  -30.0000   45.000010794.7158   16.7249
    0.0000  -30.0000   45.000011398.8447   16.7241
    7.5000  -30.0000   45.000010937.2764   16.6941
   -7.5000  -22.5000   45.000011543.7100   16.7122
    0.0000  -22.5000   45.000012153.6504   16.7065
    7.5000  -22.5000   45.000011654.8809   16.6761
   -7.5000  -15.0000   45.000012168.9531   16.6535
    0.0000  -15.0000   45.000012759.0869   16.6441
    7.5000  -15.0000   45.000012246.0605   16.6150
   -7.5000   -7.5000   45.000012597.7676   16.6098
    0.0000   -7.5000   45.000013221.5830   16.6021
    7.5000   -7.5000   45.000012674.2900   16.5757
   -7.5000    0.0000   45.000012720.6211   16.6190
    0.0000    0.0000   45.000013373.7812   16.6157
    7.5000    0.0000   45.000012799.2900   16.5901
   -7.5000    7.5000   45.000011904.1904   16.6755
    0.0000    7.5000   45.000012511.5059   16.6752
    7.5000    7.5000   45.000011976.1904   16.6473
   -7.5000   15.0000   45.000011012.9219   16.7249
    0.0000   15.0000   45.000011548.7178   16.7241
    7.5000   15.0000   45.000011049.3779   16.6941
   -7.5000   22.5000   45.000010130.6865   16.7045
    0.0000   22.5000   45.000010633.8555   16.6988
    7.5000   22.5000   45.000010157.7119   16.6684
   -7.5000   30.0000   45.0000 9163.0234   16.4369
    0.0000   30.0000   45.0000 9600.6172   16.4276
    7.5000   30.0000   45.0000 9172.3838   16.3989
   -7.5000   37.5000   45.0000 8516.3467   16.4562
    0.0000   37.5000   45.0000 8924.1758   16.4493
    7.5000   37.5000   45.0000 8532.9199   16.4227
   -7.5000   45.0000   45.0000 7636.7500   16.3035
    0.0000   45.0000   45.0000 7993.3271   16.2982
    7.5000   45.0000   45.0000 7639.3623   16.2680

---------------------------------------------------------------------
imgreg_4dfp /opt/freesurfer/average/711-2C_as_mni_average_305 /opt/freesurfer/average/711-2B_as_mni_average_305_mask talsrcimg_g11 none talsrcimg_to_711-2C_as_mni_average_305_t4 4355
---------------------------------------------------------------------

freesurfer imgreg_4dfp.c
/opt/freesurfer/average/711-2C_as_mni_average_305.4dfp.img
       256       256       256         1
  1.000000  1.000000  1.000000
orientation T byte_order littleendian
Reading image: /opt/freesurfer/average/711-2C_as_mni_average_305.4dfp.img
dimensions:      256       256       256
mmppix:       1.0000   -1.0000   -1.0000
center:     128.0000 -129.0000 -129.0000
/opt/freesurfer/average/711-2B_as_mni_average_305_mask.4dfp.img
       256       256       256         1
  1.000000  1.000000  1.000000
orientation T byte_order littleendian
Reading mask: /opt/freesurfer/average/711-2B_as_mni_average_305_mask.4dfp.img (2306576 pixels)
talsrcimg_g11.4dfp.img
       256       256       256         1
  1.000000  1.000000  1.000000
orientation T byte_order littleendian
Reading image: talsrcimg_g11.4dfp.img
dimensions:      256       256       256
mmppix:       1.0000   -1.0000   -1.0000
center:     128.0000 -129.0000 -129.0000
rotation matrix determinant  1.000000
image alignment mode   4355 decimal     1103 hex
   -7.5000  -45.0000  -45.0000 2116.6467   16.6035
    0.0000  -45.0000  -45.0000 2130.7007   16.5180
    7.5000  -45.0000  -45.0000 2119.9458   16.5683
   -7.5000  -37.5000  -45.0000 2147.6863   16.0556
    0.0000  -37.5000  -45.0000 2165.0225   16.0310
    7.5000  -37.5000  -45.0000 2153.8542   16.0363
   -7.5000  -30.0000  -45.0000 2167.8120   15.6766
    0.0000  -30.0000  -45.0000 2183.6973   15.6158
    7.5000  -30.0000  -45.0000 2172.0525   15.6469
   -7.5000  -22.5000  -45.0000 2177.9272   15.5914
    0.0000  -22.5000  -45.0000 2187.9080   15.5099
    7.5000  -22.5000  -45.0000 2174.8140   15.5150
   -7.5000  -15.0000  -45.0000 2169.8118   15.6850
    0.0000  -15.0000  -45.0000 2180.6228   15.5913
    7.5000  -15.0000  -45.0000 2168.1946   15.6171
   -7.5000   -7.5000  -45.0000 2148.5493   16.0774
    0.0000   -7.5000  -45.0000 2166.6060   15.9780
    7.5000   -7.5000  -45.0000 2150.0186   15.9894
   -7.5000    0.0000  -45.0000 2110.3127   16.7613
    0.0000    0.0000  -45.0000 2128.1975   16.7000
    7.5000    0.0000  -45.0000 2110.4675   16.6931
   -7.5000    7.5000  -45.0000 2056.8167   17.7151
    0.0000    7.5000  -45.0000 2076.6787   17.6183
    7.5000    7.5000  -45.0000 2060.1257   17.6418
   -7.5000   15.0000  -45.0000 1995.9860   19.0046
    0.0000   15.0000  -45.0000 2014.1013   18.8781
    7.5000   15.0000  -45.0000 1992.4182   18.8936
   -7.5000   22.5000  -45.0000 1911.8810   20.6892
    0.0000   22.5000  -45.0000 1926.6642   20.5657
    7.5000   22.5000  -45.0000 1906.9714   20.6734
   -7.5000   30.0000  -45.0000 1807.7704   22.9486
    0.0000   30.0000  -45.0000 1819.8314   22.7214
    7.5000   30.0000  -45.0000 1800.6733   22.9284
   -7.5000   37.5000  -45.0000 1697.7075   26.1820
    0.0000   37.5000  -45.0000 1714.5099   25.9314
    7.5000   37.5000  -45.0000 1697.3486   26.0628
   -7.5000   45.0000  -45.0000 1596.8784   30.4211
    0.0000   45.0000  -45.0000 1607.9170   30.1892
    7.5000   45.0000  -45.0000 1593.9084   30.3653
   -7.5000  -45.0000  -37.5000 2230.4019   15.2203
    0.0000  -45.0000  -37.5000 2241.9531   15.1644
    7.5000  -45.0000  -37.5000 2232.0740   15.2305
   -7.5000  -37.5000  -37.5000 2259.6919   14.7263
    0.0000  -37.5000  -37.5000 2276.4958   14.6576
    7.5000  -37.5000  -37.5000 2267.6396   14.7334
   -7.5000  -30.0000  -37.5000 2268.0425   14.4752
    0.0000  -30.0000  -37.5000 2287.9524   14.4414
    7.5000  -30.0000  -37.5000 2275.8040   14.4755
   -7.5000  -22.5000  -37.5000 2272.0286   14.4075
    0.0000  -22.5000  -37.5000 2282.8596   14.3118
    7.5000  -22.5000  -37.5000 2274.5261   14.3281
   -7.5000  -15.0000  -37.5000 2269.7722   14.4240
    0.0000  -15.0000  -37.5000 2283.3003   14.3362
    7.5000  -15.0000  -37.5000 2267.9087   14.3542
   -7.5000   -7.5000  -37.5000 2257.4771   14.6776
    0.0000   -7.5000  -37.5000 2275.2080   14.6118
    7.5000   -7.5000  -37.5000 2251.1443   14.6253
   -7.5000    0.0000  -37.5000 2220.7571   15.2794
    0.0000    0.0000  -37.5000 2243.2776   15.1856
    7.5000    0.0000  -37.5000 2216.0562   15.2104
   -7.5000    7.5000  -37.5000 2169.0518   16.1600
    0.0000    7.5000  -37.5000 2191.7695   16.0743
    7.5000    7.5000  -37.5000 2170.7905   16.0986
   -7.5000   15.0000  -37.5000 2099.2588   17.3524
    0.0000   15.0000  -37.5000 2119.6572   17.2913
    7.5000   15.0000  -37.5000 2098.5022   17.2758
   -7.5000   22.5000  -37.5000 2010.5950   18.9045
    0.0000   22.5000  -37.5000 2020.6106   18.8126
    7.5000   22.5000  -37.5000 2008.0452   18.8104
   -7.5000   30.0000  -37.5000 1895.3398   20.9817
    0.0000   30.0000  -37.5000 1907.5699   20.7289
    7.5000   30.0000  -37.5000 1890.9199   20.8210
   -7.5000   37.5000  -37.5000 1781.2831   23.9002
    0.0000   37.5000  -37.5000 1797.9962   23.6892
    7.5000   37.5000  -37.5000 1779.3962   23.7381
   -7.5000   45.0000  -37.5000 1659.8936   27.7953
    0.0000   45.0000  -37.5000 1668.6039   27.5182
    7.5000   45.0000  -37.5000 1660.6461   27.6293
   -7.5000  -45.0000  -30.0000 2371.6443   14.4718
    0.0000  -45.0000  -30.0000 2392.9148   14.4205
    7.5000  -45.0000  -30.0000 2376.1252   14.4526
   -7.5000  -37.5000  -30.0000 2410.6863   14.0122
    0.0000  -37.5000  -30.0000 2434.7778   13.9622
    7.5000  -37.5000  -30.0000 2417.6345   14.0216
   -7.5000  -30.0000  -30.0000 2416.1929   13.8381
    0.0000  -30.0000  -30.0000 2442.0513   13.8007
    7.5000  -30.0000  -30.0000 2419.2410   13.8588
   -7.5000  -22.5000  -30.0000 2417.7803   13.7131
    0.0000  -22.5000  -30.0000 2438.3491   13.6615
    7.5000  -22.5000  -30.0000 2414.8379   13.7052
   -7.5000  -15.0000  -30.0000 2415.5986   13.7262
    0.0000  -15.0000  -30.0000 2433.0725   13.6658
    7.5000  -15.0000  -30.0000 2411.5110   13.6954
   -7.5000   -7.5000  -30.0000 2399.3208   13.9302
    0.0000   -7.5000  -30.0000 2415.9189   13.8343
    7.5000   -7.5000  -30.0000 2394.3333   13.8849
   -7.5000    0.0000  -30.0000 2361.5857   14.4645
    0.0000    0.0000  -30.0000 2388.3630   14.3688
    7.5000    0.0000  -30.0000 2362.2783   14.4123
   -7.5000    7.5000  -30.0000 2312.9282   15.3154
    0.0000    7.5000  -30.0000 2341.6650   15.2263
    7.5000    7.5000  -30.0000 2317.3696   15.2461
   -7.5000   15.0000  -30.0000 2235.1724   16.4652
    0.0000   15.0000  -30.0000 2261.0879   16.4002
    7.5000   15.0000  -30.0000 2237.7261   16.3635
   -7.5000   22.5000  -30.0000 2137.5146   17.8864
    0.0000   22.5000  -30.0000 2158.2615   17.7780
    7.5000   22.5000  -30.0000 2136.5574   17.7832
   -7.5000   30.0000  -30.0000 2021.2041   19.8058
    0.0000   30.0000  -30.0000 2035.1237   19.6515
    7.5000   30.0000  -30.0000 2015.1570   19.6554
   -7.5000   37.5000  -30.0000 1894.9329   22.4484
    0.0000   37.5000  -30.0000 1914.9559   22.3150
    7.5000   37.5000  -30.0000 1895.5012   22.2960
   -7.5000   45.0000  -30.0000 1766.6997   26.0368
    0.0000   45.0000  -30.0000 1773.4174   25.8784
    7.5000   45.0000  -30.0000 1768.3616   25.8775
   -7.5000  -45.0000  -22.5000 2473.4382   13.7361
    0.0000  -45.0000  -22.5000 2503.6475   13.6441
    7.5000  -45.0000  -22.5000 2488.5576   13.7035
   -7.5000  -37.5000  -22.5000 2513.6907   13.2356
    0.0000  -37.5000  -22.5000 2544.5308   13.1584
    7.5000  -37.5000  -22.5000 2533.5137   13.2111
   -7.5000  -30.0000  -22.5000 2530.3755   13.0545
    0.0000  -30.0000  -22.5000 2559.0271   12.9719
    7.5000  -30.0000  -22.5000 2539.9316   13.0121
   -7.5000  -22.5000  -22.5000 2547.1602   12.9205
    0.0000  -22.5000  -22.5000 2570.5986   12.8614
    7.5000  -22.5000  -22.5000 2547.0969   12.9052
   -7.5000  -15.0000  -22.5000 2543.2249   12.9407
    0.0000  -15.0000  -22.5000 2563.7966   12.8750
    7.5000  -15.0000  -22.5000 2540.8452   12.9096
   -7.5000   -7.5000  -22.5000 2526.7695   13.1087
    0.0000   -7.5000  -22.5000 2548.0156   13.0134
    7.5000   -7.5000  -22.5000 2523.0310   13.0521
   -7.5000    0.0000  -22.5000 2485.3440   13.5791
    0.0000    0.0000  -22.5000 2516.2197   13.5038
    7.5000    0.0000  -22.5000 2489.2253   13.5081
   -7.5000    7.5000  -22.5000 2433.2849   14.3555
    0.0000    7.5000  -22.5000 2469.9934   14.2914
    7.5000    7.5000  -22.5000 2439.8706   14.2771
   -7.5000   15.0000  -22.5000 2355.8081   15.4138
    0.0000   15.0000  -22.5000 2384.4368   15.3464
    7.5000   15.0000  -22.5000 2355.8674   15.3297
   -7.5000   22.5000  -22.5000 2247.8137   16.7758
    0.0000   22.5000  -22.5000 2273.9524   16.6586
    7.5000   22.5000  -22.5000 2250.1692   16.6569
   -7.5000   30.0000  -22.5000 2119.9326   18.5056
    0.0000   30.0000  -22.5000 2142.0959   18.4099
    7.5000   30.0000  -22.5000 2120.9124   18.3918
   -7.5000   37.5000  -22.5000 1986.1151   20.9149
    0.0000   37.5000  -22.5000 2017.8950   20.8360
    7.5000   37.5000  -22.5000 1994.8051   20.7672
   -7.5000   45.0000  -22.5000 1848.1439   24.1591
    0.0000   45.0000  -22.5000 1868.2300   24.0727
    7.5000   45.0000  -22.5000 1851.0996   24.0794
   -7.5000  -45.0000  -15.0000 2535.8706   13.0787
    0.0000  -45.0000  -15.0000 2567.3884   12.9893
    7.5000  -45.0000  -15.0000 2553.6479   13.0701
   -7.5000  -37.5000  -15.0000 2583.0032   12.5379
    0.0000  -37.5000  -15.0000 2614.0449   12.4359
    7.5000  -37.5000  -15.0000 2601.5986   12.4860
   -7.5000  -30.0000  -15.0000 2617.4670   12.2539
    0.0000  -30.0000  -15.0000 2644.3643   12.1550
    7.5000  -30.0000  -15.0000 2629.5159   12.1887
   -7.5000  -22.5000  -15.0000 2645.3909   12.1094
    0.0000  -22.5000  -15.0000 2676.8113   12.0253
    7.5000  -22.5000  -15.0000 2648.5127   12.0497
   -7.5000  -15.0000  -15.0000 2651.2107   12.1165
    0.0000  -15.0000  -15.0000 2679.7136   12.0626
    7.5000  -15.0000  -15.0000 2647.8940   12.0753
   -7.5000   -7.5000  -15.0000 2632.9705   12.2892
    0.0000   -7.5000  -15.0000 2664.3074   12.2283
    7.5000   -7.5000  -15.0000 2636.2610   12.2339
   -7.5000    0.0000  -15.0000 2588.7749   12.7552
    0.0000    0.0000  -15.0000 2626.7302   12.6760
    7.5000    0.0000  -15.0000 2601.5122   12.6660
   -7.5000    7.5000  -15.0000 2530.2712   13.4621
    0.0000    7.5000  -15.0000 2571.5210   13.3763
    7.5000    7.5000  -15.0000 2544.8188   13.3730
   -7.5000   15.0000  -15.0000 2448.5232   14.4588
    0.0000   15.0000  -15.0000 2481.6597   14.3585
    7.5000   15.0000  -15.0000 2458.7563   14.3556
   -7.5000   22.5000  -15.0000 2335.2800   15.7235
    0.0000   22.5000  -15.0000 2361.6636   15.5973
    7.5000   22.5000  -15.0000 2341.7737   15.5829
   -7.5000   30.0000  -15.0000 2202.0381   17.3558
    0.0000   30.0000  -15.0000 2218.8293   17.2491
    7.5000   30.0000  -15.0000 2205.2454   17.2282
   -7.5000   37.5000  -15.0000 2056.7666   19.5681
    0.0000   37.5000  -15.0000 2080.5549   19.4699
    7.5000   37.5000  -15.0000 2068.3608   19.4381
   -7.5000   45.0000  -15.0000 1908.1483   22.5596
    0.0000   45.0000  -15.0000 1934.4199   22.4762
    7.5000   45.0000  -15.0000 1914.8529   22.4454
   -7.5000  -45.0000   -7.5000 2577.5217   12.5512
    0.0000  -45.0000   -7.5000 2606.2800   12.4267
    7.5000  -45.0000   -7.5000 2593.7869   12.5029
   -7.5000  -37.5000   -7.5000 2635.0222   11.9402
    0.0000  -37.5000   -7.5000 2663.3977   11.8583
    7.5000  -37.5000   -7.5000 2651.2786   11.9233
   -7.5000  -30.0000   -7.5000 2685.5747   11.5626
    0.0000  -30.0000   -7.5000 2712.9607   11.4410
    7.5000  -30.0000   -7.5000 2697.4512   11.5113
   -7.5000  -22.5000   -7.5000 2724.7610   11.3201
    0.0000  -22.5000   -7.5000 2756.3970   11.2085
    7.5000  -22.5000   -7.5000 2729.3750   11.2767
   -7.5000  -15.0000   -7.5000 2735.3501   11.3181
    0.0000  -15.0000   -7.5000 2770.8459   11.2369
    7.5000  -15.0000   -7.5000 2739.3882   11.2528
   -7.5000   -7.5000   -7.5000 2724.0046   11.5505
    0.0000   -7.5000   -7.5000 2763.4968   11.4587
    7.5000   -7.5000   -7.5000 2734.5828   11.4703
   -7.5000    0.0000   -7.5000 2681.6938   12.0041
    0.0000    0.0000   -7.5000 2722.1172   11.9028
    7.5000    0.0000   -7.5000 2701.7263   11.9220
   -7.5000    7.5000   -7.5000 2618.1665   12.6755
    0.0000    7.5000   -7.5000 2654.3174   12.5535
    7.5000    7.5000   -7.5000 2634.7485   12.5685
   -7.5000   15.0000   -7.5000 2525.5239   13.6140
    0.0000   15.0000   -7.5000 2556.4165   13.4885
    7.5000   15.0000   -7.5000 2536.5239   13.4887
   -7.5000   22.5000   -7.5000 2407.2178   14.8224
    0.0000   22.5000   -7.5000 2433.3911   14.6861
    7.5000   22.5000   -7.5000 2415.6270   14.6645
   -7.5000   30.0000   -7.5000 2264.6201   16.4166
    0.0000   30.0000   -7.5000 2288.8054   16.2813
    7.5000   30.0000   -7.5000 2274.8188   16.2358
   -7.5000   37.5000   -7.5000 2116.3730   18.5257
    0.0000   37.5000   -7.5000 2135.9553   18.3782
    7.5000   37.5000   -7.5000 2126.3767   18.3444
   -7.5000   45.0000   -7.5000 1956.7559   21.2572
    0.0000   45.0000   -7.5000 1973.2543   21.1314
    7.5000   45.0000   -7.5000 1957.1970   21.0942
   -7.5000  -45.0000    0.0000 2598.7485   12.1577
    0.0000  -45.0000    0.0000 2628.0706   12.0235
    7.5000  -45.0000    0.0000 2615.7861   12.0685
   -7.5000  -37.5000    0.0000 2679.0747   11.5238
    0.0000  -37.5000    0.0000 2709.5701   11.4083
    7.5000  -37.5000    0.0000 2694.1833   11.4712
   -7.5000  -30.0000    0.0000 2739.9495   11.0936
    0.0000  -30.0000    0.0000 2770.6458   10.9690
    7.5000  -30.0000    0.0000 2752.7917   11.0253
   -7.5000  -22.5000    0.0000 2790.5710   10.7752
    0.0000  -22.5000    0.0000 2824.0752   10.6403
    7.5000  -22.5000    0.0000 2797.9236   10.7114
   -7.5000  -15.0000    0.0000 2815.0422   10.7012
    0.0000  -15.0000    0.0000 2854.6980   10.5568
    7.5000  -15.0000    0.0000 2820.3025   10.6162
   -7.5000   -7.5000    0.0000 2804.5459   10.9576
    0.0000   -7.5000    0.0000 2846.9165   10.8201
    7.5000   -7.5000    0.0000 2818.1924   10.8707
   -7.5000    0.0000    0.0000 2754.3455   11.4208
    0.0000    0.0000    0.0000 2798.0632   11.3038
    7.5000    0.0000    0.0000 2776.5989   11.3358
   -7.5000    7.5000    0.0000 2683.7080   12.0701
    0.0000    7.5000    0.0000 2717.3330   11.9322
    7.5000    7.5000    0.0000 2703.0247   11.9707
   -7.5000   15.0000    0.0000 2588.2083   12.9807
    0.0000   15.0000    0.0000 2613.9553   12.8231
    7.5000   15.0000    0.0000 2594.4453   12.8657
   -7.5000   22.5000    0.0000 2459.9553   14.1694
    0.0000   22.5000    0.0000 2488.5669   14.0161
    7.5000   22.5000    0.0000 2468.2942   14.0374
   -7.5000   30.0000    0.0000 2314.7805   15.7124
    0.0000   30.0000    0.0000 2347.4326   15.5568
    7.5000   30.0000    0.0000 2324.3279   15.5577
   -7.5000   37.5000    0.0000 2156.2822   17.7124
    0.0000   37.5000    0.0000 2185.9402   17.5883
    7.5000   37.5000    0.0000 2169.8716   17.5549
   -7.5000   45.0000    0.0000 1991.0004   20.2834
    0.0000   45.0000    0.0000 2012.4429   20.1635
    7.5000   45.0000    0.0000 1999.0399   20.1933
   -7.5000  -45.0000    7.5000 2601.9297   11.9278
    0.0000  -45.0000    7.5000 2633.3389   11.7317
    7.5000  -45.0000    7.5000 2620.8457   11.8250
   -7.5000  -37.5000    7.5000 2704.2561   11.2527
    0.0000  -37.5000    7.5000 2734.4360   11.0853
    7.5000  -37.5000    7.5000 2717.6189   11.1510
   -7.5000  -30.0000    7.5000 2783.9695   10.8243
    0.0000  -30.0000    7.5000 2820.2905   10.6860
    7.5000  -30.0000    7.5000 2801.5549   10.7273
   -7.5000  -22.5000    7.5000 2845.4272   10.4687
    0.0000  -22.5000    7.5000 2886.2029   10.3213
    7.5000  -22.5000    7.5000 2858.8809   10.3941
   -7.5000  -15.0000    7.5000 2875.7354   10.3266
    0.0000  -15.0000    7.5000 2926.7952   10.1503
    7.5000  -15.0000    7.5000 2887.9817   10.2535
   -7.5000   -7.5000    7.5000 2869.0725   10.5542
    0.0000   -7.5000    7.5000 2919.9727   10.3932
    7.5000   -7.5000    7.5000 2886.8069   10.4911
   -7.5000    0.0000    7.5000 2813.5515   11.0086
    0.0000    0.0000    7.5000 2855.9546   10.8521
    7.5000    0.0000    7.5000 2832.3279   10.9398
   -7.5000    7.5000    7.5000 2733.8950   11.6590
    0.0000    7.5000    7.5000 2770.5559   11.4811
    7.5000    7.5000    7.5000 2753.2053   11.5637
   -7.5000   15.0000    7.5000 2624.1082   12.5666
    0.0000   15.0000    7.5000 2658.5398   12.3779
    7.5000   15.0000    7.5000 2637.7432   12.4641
   -7.5000   22.5000    7.5000 2493.7932   13.7617
    0.0000   22.5000    7.5000 2524.0034   13.5990
    7.5000   22.5000    7.5000 2503.0168   13.6581
   -7.5000   30.0000    7.5000 2347.1375   15.2644
    0.0000   30.0000    7.5000 2381.5359   15.1105
    7.5000   30.0000    7.5000 2359.3433   15.1555
   -7.5000   37.5000    7.5000 2187.6902   17.1860
    0.0000   37.5000    7.5000 2222.2324   17.0214
    7.5000   37.5000    7.5000 2202.4478   17.0648
   -7.5000   45.0000    7.5000 2012.9341   19.6575
    0.0000   45.0000    7.5000 2042.2916   19.5014
    7.5000   45.0000    7.5000 2025.9641   19.5695
   -7.5000  -45.0000   15.0000 2588.5789   11.7906
    0.0000  -45.0000   15.0000 2620.5105   11.6062
    7.5000  -45.0000   15.0000 2606.8840   11.6535
   -7.5000  -37.5000   15.0000 2694.4050   11.0934
    0.0000  -37.5000   15.0000 2727.7861   10.9196
    7.5000  -37.5000   15.0000 2708.1384   10.9662
   -7.5000  -30.0000   15.0000 2792.1130   10.6643
    0.0000  -30.0000   15.0000 2831.6101   10.5220
    7.5000  -30.0000   15.0000 2814.8118   10.5366
   -7.5000  -22.5000   15.0000 2868.3572   10.3878
    0.0000  -22.5000   15.0000 2924.7327   10.2903
    7.5000  -22.5000   15.0000 2896.6106   10.2739
   -7.5000  -15.0000   15.0000 2914.5916   10.2411
    0.0000  -15.0000   15.0000 2987.3396   10.1189
    7.5000  -15.0000   15.0000 2946.9045   10.1750
   -7.5000   -7.5000   15.0000 2909.5337   10.4127
    0.0000   -7.5000   15.0000 2977.9856   10.2425
    7.5000   -7.5000   15.0000 2938.7861   10.3359
   -7.5000    0.0000   15.0000 2838.5823   10.8421
    0.0000    0.0000   15.0000 2887.7166   10.6451
    7.5000    0.0000   15.0000 2861.1648   10.7280
   -7.5000    7.5000   15.0000 2746.6406   11.4456
    0.0000    7.5000   15.0000 2787.1711   11.2631
    7.5000    7.5000   15.0000 2769.7893   11.3064
   -7.5000   15.0000   15.0000 2637.2139   12.3602
    0.0000   15.0000   15.0000 2673.6680   12.1762
    7.5000   15.0000   15.0000 2656.5867   12.1900
   -7.5000   22.5000   15.0000 2507.8213   13.5615
    0.0000   22.5000   15.0000 2535.9075   13.4020
    7.5000   22.5000   15.0000 2516.8152   13.3902
   -7.5000   30.0000   15.0000 2357.4631   15.0496
    0.0000   30.0000   15.0000 2389.8787   14.8943
    7.5000   30.0000   15.0000 2373.4077   14.9074
   -7.5000   37.5000   15.0000 2197.0005   16.9651
    0.0000   37.5000   15.0000 2226.6921   16.8091
    7.5000   37.5000   15.0000 2210.1533   16.8261
   -7.5000   45.0000   15.0000 2026.6246   19.4334
    0.0000   45.0000   15.0000 2053.6873   19.2854
    7.5000   45.0000   15.0000 2039.6162   19.2764
   -7.5000  -45.0000   22.5000 2571.9258   11.8986
    0.0000  -45.0000   22.5000 2597.3560   11.6403
    7.5000  -45.0000   22.5000 2593.4661   11.7237
   -7.5000  -37.5000   22.5000 2670.6155   11.1672
    0.0000  -37.5000   22.5000 2705.4688   10.9611
    7.5000  -37.5000   22.5000 2695.7251   11.0198
   -7.5000  -30.0000   22.5000 2767.5342   10.7205
    0.0000  -30.0000   22.5000 2812.1836   10.5741
    7.5000  -30.0000   22.5000 2795.6277   10.5758
   -7.5000  -22.5000   22.5000 2860.6094   10.4936
    0.0000  -22.5000   22.5000 2927.2524   10.4693
    7.5000  -22.5000   22.5000 2892.9194   10.3809
   -7.5000  -15.0000   22.5000 2923.7971   10.4834
    0.0000  -15.0000   22.5000 3011.4458   10.3607
    7.5000  -15.0000   22.5000 2959.8135   10.3140
   -7.5000   -7.5000   22.5000 2911.0327   10.6097
    0.0000   -7.5000   22.5000 2993.4746   10.3991
    7.5000   -7.5000   22.5000 2951.1926   10.4165
   -7.5000    0.0000   22.5000 2836.4478   10.8929
    0.0000    0.0000   22.5000 2890.0339   10.6841
    7.5000    0.0000   22.5000 2868.3406   10.7438
   -7.5000    7.5000   22.5000 2742.5674   11.4512
    0.0000    7.5000   22.5000 2778.6226   11.2486
    7.5000    7.5000   22.5000 2768.4246   11.3029
   -7.5000   15.0000   22.5000 2635.1548   12.3453
    0.0000   15.0000   22.5000 2662.6851   12.1342
    7.5000   15.0000   22.5000 2653.8843   12.1683
   -7.5000   22.5000   22.5000 2507.4216   13.5593
    0.0000   22.5000   22.5000 2532.0020   13.3509
    7.5000   22.5000   22.5000 2520.4031   13.3763
   -7.5000   30.0000   22.5000 2352.9834   15.0666
    0.0000   30.0000   22.5000 2384.5193   14.8422
    7.5000   30.0000   22.5000 2367.7903   14.8971
   -7.5000   37.5000   22.5000 2192.9214   16.8992
    0.0000   37.5000   22.5000 2221.0352   16.7455
    7.5000   37.5000   22.5000 2204.9993   16.7821
   -7.5000   45.0000   22.5000 2018.2300   19.3232
    0.0000   45.0000   22.5000 2047.2487   19.2186
    7.5000   45.0000   22.5000 2030.0206   19.1832
   -7.5000  -45.0000   30.0000 2538.6516   12.2621
    0.0000  -45.0000   30.0000 2571.6655   12.0271
    7.5000  -45.0000   30.0000 2567.5327   12.0705
   -7.5000  -37.5000   30.0000 2637.6479   11.5370
    0.0000  -37.5000   30.0000 2674.1987   11.3529
    7.5000  -37.5000   30.0000 2663.0977   11.3717
   -7.5000  -30.0000   30.0000 2732.7419   11.0637
    0.0000  -30.0000   30.0000 2773.1726   10.9434
    7.5000  -30.0000   30.0000 2758.1477   10.9150
   -7.5000  -22.5000   30.0000 2816.7192   10.8271
    0.0000  -22.5000   30.0000 2871.3276   10.7007
    7.5000  -22.5000   30.0000 2841.1462   10.6713
   -7.5000  -15.0000   30.0000 2874.3765   10.7830
    0.0000  -15.0000   30.0000 2938.7166   10.5507
    7.5000  -15.0000   30.0000 2903.6584   10.5806
   -7.5000   -7.5000   30.0000 2867.3906   10.9486
    0.0000   -7.5000   30.0000 2929.5254   10.6977
    7.5000   -7.5000   30.0000 2899.7542   10.7334
   -7.5000    0.0000   30.0000 2801.3804   11.2693
    0.0000    0.0000   30.0000 2854.2271   11.0471
    7.5000    0.0000   30.0000 2831.2832   11.1019
   -7.5000    7.5000   30.0000 2710.3896   11.8207
    0.0000    7.5000   30.0000 2745.5801   11.6190
    7.5000    7.5000   30.0000 2732.2249   11.6594
   -7.5000   15.0000   30.0000 2602.8586   12.6586
    0.0000   15.0000   30.0000 2626.4871   12.4376
    7.5000   15.0000   30.0000 2618.9893   12.4649
   -7.5000   22.5000   30.0000 2481.9080   13.7829
    0.0000   22.5000   30.0000 2505.3494   13.5476
    7.5000   22.5000   30.0000 2497.3572   13.5612
   -7.5000   30.0000   30.0000 2330.3506   15.1856
    0.0000   30.0000   30.0000 2353.8208   14.9491
    7.5000   30.0000   30.0000 2344.9827   14.9850
   -7.5000   37.5000   30.0000 2164.8140   16.9425
    0.0000   37.5000   30.0000 2191.6343   16.7570
    7.5000   37.5000   30.0000 2183.2886   16.8036
   -7.5000   45.0000   30.0000 1994.9800   19.4096
    0.0000   45.0000   30.0000 2020.8534   19.2015
    7.5000   45.0000   30.0000 2008.5555   19.2526
   -7.5000  -45.0000   37.5000 2504.2935   12.8497
    0.0000  -45.0000   37.5000 2538.6333   12.5662
    7.5000  -45.0000   37.5000 2528.7847   12.6496
   -7.5000  -37.5000   37.5000 2596.8818   12.0764
    0.0000  -37.5000   37.5000 2633.3948   11.8122
    7.5000  -37.5000   37.5000 2623.5925   11.8944
   -7.5000  -30.0000   37.5000 2682.1169   11.5604
    0.0000  -30.0000   37.5000 2725.4492   11.3407
    7.5000  -30.0000   37.5000 2712.8948   11.3870
   -7.5000  -22.5000   37.5000 2752.4114   11.2734
    0.0000  -22.5000   37.5000 2805.1733   10.9942
    7.5000  -22.5000   37.5000 2783.8733   11.0391
   -7.5000  -15.0000   37.5000 2795.8989   11.1901
    0.0000  -15.0000   37.5000 2847.6868   10.9012
    7.5000  -15.0000   37.5000 2822.4272   10.9800
   -7.5000   -7.5000   37.5000 2789.5049   11.3632
    0.0000   -7.5000   37.5000 2839.3840   11.0750
    7.5000   -7.5000   37.5000 2813.0845   11.1394
   -7.5000    0.0000   37.5000 2735.8005   11.7177
    0.0000    0.0000   37.5000 2786.5269   11.4697
    7.5000    0.0000   37.5000 2761.4890   11.5367
   -7.5000    7.5000   37.5000 2653.3262   12.3279
    0.0000    7.5000   37.5000 2695.7578   12.0919
    7.5000    7.5000   37.5000 2680.1758   12.1597
   -7.5000   15.0000   37.5000 2551.7256   13.1844
    0.0000   15.0000   37.5000 2579.3083   12.9351
    7.5000   15.0000   37.5000 2573.0439   12.9861
   -7.5000   22.5000   37.5000 2436.1355   14.2396
    0.0000   22.5000   37.5000 2461.4062   13.9823
    7.5000   22.5000   37.5000 2457.6636   14.0326
   -7.5000   30.0000   37.5000 2289.1218   15.5950
    0.0000   30.0000   37.5000 2311.3450   15.3548
    7.5000   30.0000   37.5000 2303.2151   15.3596
   -7.5000   37.5000   37.5000 2128.0999   17.3104
    0.0000   37.5000   37.5000 2152.9131   17.1360
    7.5000   37.5000   37.5000 2143.0427   17.1252
   -7.5000   45.0000   37.5000 1962.8461   19.7708
    0.0000   45.0000   37.5000 1988.0533   19.5382
    7.5000   45.0000   37.5000 1982.1991   19.5224
   -7.5000  -45.0000   45.0000 2456.5398   13.5984
    0.0000  -45.0000   45.0000 2489.1790   13.2453
    7.5000  -45.0000   45.0000 2476.6409   13.3405
   -7.5000  -37.5000   45.0000 2543.0884   12.7558
    0.0000  -37.5000   45.0000 2583.2131   12.4281
    7.5000  -37.5000   45.0000 2572.8516   12.5166
   -7.5000  -30.0000   45.0000 2616.3672   12.2137
    0.0000  -30.0000   45.0000 2664.8452   11.8769
    7.5000  -30.0000   45.0000 2648.9590   11.9480
   -7.5000  -22.5000   45.0000 2675.6165   11.8814
    0.0000  -22.5000   45.0000 2728.3237   11.5462
    7.5000  -22.5000   45.0000 2708.2451   11.6167
   -7.5000  -15.0000   45.0000 2708.1013   11.7765
    0.0000  -15.0000   45.0000 2749.8762   11.4732
    7.5000  -15.0000   45.0000 2731.1985   11.5636
   -7.5000   -7.5000   45.0000 2694.8008   11.9564
    0.0000   -7.5000   45.0000 2735.5181   11.6789
    7.5000   -7.5000   45.0000 2715.9370   11.7500
   -7.5000    0.0000   45.0000 2639.8643   12.3356
    0.0000    0.0000   45.0000 2685.8145   12.0938
    7.5000    0.0000   45.0000 2666.1648   12.1374
   -7.5000    7.5000   45.0000 2575.4163   12.9618
    0.0000    7.5000   45.0000 2618.2451   12.7105
    7.5000    7.5000   45.0000 2601.9961   12.7492
   -7.5000   15.0000   45.0000 2485.5476   13.7965
    0.0000   15.0000   45.0000 2514.6519   13.5541
    7.5000   15.0000   45.0000 2507.3921   13.6053
   -7.5000   22.5000   45.0000 2377.1257   14.8431
    0.0000   22.5000   45.0000 2404.8286   14.6024
    7.5000   22.5000   45.0000 2396.9395   14.6446
   -7.5000   30.0000   45.0000 2236.0083   16.1944
    0.0000   30.0000   45.0000 2257.1511   15.9197
    7.5000   30.0000   45.0000 2251.0916   15.9610
   -7.5000   37.5000   45.0000 2073.9255   17.9099
    0.0000   37.5000   45.0000 2099.1416   17.6849
    7.5000   37.5000   45.0000 2091.4187   17.7317
   -7.5000   45.0000   45.0000 1918.7313   20.3257
    0.0000   45.0000   45.0000 1946.8352   20.0781
    7.5000   45.0000   45.0000 1937.4097   20.1053

---------------------------------------------------------------------
imgreg_4dfp /opt/freesurfer/average/711-2C_as_mni_average_305 /opt/freesurfer/average/711-2B_as_mni_average_305_mask talsrcimg_g11 none talsrcimg_to_711-2C_as_mni_average_305_t4 1283
---------------------------------------------------------------------

freesurfer imgreg_4dfp.c
/opt/freesurfer/average/711-2C_as_mni_average_305.4dfp.img
       256       256       256         1
  1.000000  1.000000  1.000000
orientation T byte_order littleendian
Reading image: /opt/freesurfer/average/711-2C_as_mni_average_305.4dfp.img
dimensions:      256       256       256
mmppix:       1.0000   -1.0000   -1.0000
center:     128.0000 -129.0000 -129.0000
/opt/freesurfer/average/711-2B_as_mni_average_305_mask.4dfp.img
       256       256       256         1
  1.000000  1.000000  1.000000
orientation T byte_order littleendian
Reading mask: /opt/freesurfer/average/711-2B_as_mni_average_305_mask.4dfp.img (2306576 pixels)
talsrcimg_g11.4dfp.img
       256       256       256         1
  1.000000  1.000000  1.000000
orientation T byte_order littleendian
Reading image: talsrcimg_g11.4dfp.img
dimensions:      256       256       256
mmppix:       1.0000   -1.0000   -1.0000
center:     128.0000 -129.0000 -129.0000
rotation matrix determinant  1.000000
fimgreg.f
image alignment mode   1283 decimal      503 hex
parameters
    0.0000  -15.0000   22.5000    0.0000    0.0000    0.0000
eta,q 0.94303 10.40482
niter,ni,del,rscale     5    3   12.0000    1.2000
parameter  4  1.075624 ->  0.500000 qaram    1.1500
parameters
    1.0564  -12.6627   19.5438   -3.4500    0.0254    0.9665
eta,q 0.95305 10.22411
  0.0785  0.0757  0.0565  0.0470  0.0577  0.0550
  0.0694  0.0679  0.0526  0.0470  0.0512  0.0510
  0.0617  0.0607  0.0521  0.0487  0.0478  0.0484
  0.0569  0.0561  0.0549  0.0520  0.0472  0.0472
  0.0567  0.0552  0.0611  0.0561  0.0484  0.0471
  0.0609  0.0564  0.0679  0.0607  0.0517  0.0483
  0.0682  0.0589  0.0742  0.0661  0.0569  0.0512
niter,ni,del,rscale     5    3   12.0000    1.2000
parameter  4  0.518690 ->  0.500000 qaram    1.3225
parameters
    1.3232  -11.6032   19.2291   -7.4175   -0.1544    1.3008
eta,q 0.95539 10.19914
  0.0683  0.0641  0.0600  0.0470  0.0535  0.0526
  0.0576  0.0556  0.0532  0.0450  0.0488  0.0497
  0.0498  0.0494  0.0482  0.0449  0.0457  0.0466
  0.0469  0.0469  0.0469  0.0469  0.0447  0.0447
  0.0488  0.0472  0.0487  0.0504  0.0461  0.0453
  0.0549  0.0493  0.0548  0.0547  0.0494  0.0478
  0.0650  0.0551  0.0636  0.0601  0.0547  0.0518
niter,ni,del,rscale     5    3   12.0000    1.2000
parameters
    1.4630  -10.5113   18.5131   -7.6122   -0.2076    1.6389
eta,q 0.95646 10.15097
  0.0675  0.0635  0.0537  0.0542  0.0528  0.0522
  0.0557  0.0566  0.0472  0.0488  0.0481  0.0488
  0.0470  0.0501  0.0438  0.0451  0.0448  0.0454
  0.0446  0.0447  0.0439  0.0436  0.0436  0.0436
  0.0474  0.0448  0.0465  0.0459  0.0449  0.0443
  0.0543  0.0489  0.0515  0.0499  0.0482  0.0468
  0.0652  0.0548  0.0594  0.0549  0.0532  0.0511
niter,ni,del,rscale     4    3   12.0000    1.2000
parameters
    1.5960  -10.4418   18.4135   -7.6666   -0.3287    1.6918
eta,q 0.95643 10.14953
  0.0659  0.0592  0.0556  0.0545  0.0526  0.0516
  0.0543  0.0529  0.0492  0.0492  0.0479  0.0482
  0.0458  0.0466  0.0444  0.0454  0.0446  0.0449
  0.0435  0.0436  0.0436  0.0436  0.0436  0.0436
  0.0464  0.0462  0.0454  0.0457  0.0450  0.0446
  0.0531  0.0517  0.0495  0.0497  0.0482  0.0474
  0.0636  0.0591  0.0563  0.0546  0.0534  0.0518
niter,ni,del,rscale     3    3   12.0000    1.2000
parameters
    1.6441  -10.4268   18.3860   -7.6927   -0.3679    1.7022
eta,q 0.95642 10.14934
  0.0653  0.0590  0.0557  0.0546  0.0528  0.0515
  0.0538  0.0528  0.0494  0.0493  0.0480  0.0481
  0.0456  0.0464  0.0445  0.0455  0.0447  0.0449
  0.0436  0.0436  0.0436  0.0436  0.0436  0.0436
  0.0466  0.0463  0.0453  0.0457  0.0449  0.0447
  0.0535  0.0520  0.0492  0.0496  0.0481  0.0474
  0.0641  0.0594  0.0559  0.0545  0.0531  0.0520
registration optimization eta report
parameter search radius
    6.0000    6.0000    6.0000    7.9350    6.0000    6.0000
100000*second partial in parameter space
       58.       42.       34.       17.       26.       22.
  0.0653  0.0590  0.0557  0.0546  0.0528  0.0515
  0.0538  0.0528  0.0494  0.0493  0.0480  0.0481
  0.0456  0.0464  0.0445  0.0455  0.0447  0.0449
  0.0436  0.0436  0.0436  0.0436  0.0436  0.0436
  0.0466  0.0463  0.0453  0.0457  0.0449  0.0447
  0.0535  0.0520  0.0492  0.0496  0.0481  0.0474
  0.0641  0.0594  0.0559  0.0545  0.0531  0.0520
    1.6441  -10.4268   18.3860   -7.6927   -0.3679    1.7022
eta,q 0.95642 10.14934

---------------------------------------------------------------------
imgreg_4dfp /opt/freesurfer/average/711-2C_as_mni_average_305 /opt/freesurfer/average/711-2B_as_mni_average_305_mask talsrcimg_g11 none talsrcimg_to_711-2C_as_mni_average_305_t4 3335
---------------------------------------------------------------------

freesurfer imgreg_4dfp.c
/opt/freesurfer/average/711-2C_as_mni_average_305.4dfp.img
       256       256       256         1
  1.000000  1.000000  1.000000
orientation T byte_order littleendian
Reading image: /opt/freesurfer/average/711-2C_as_mni_average_305.4dfp.img
dimensions:      256       256       256
mmppix:       1.0000   -1.0000   -1.0000
center:     128.0000 -129.0000 -129.0000
/opt/freesurfer/average/711-2B_as_mni_average_305_mask.4dfp.img
       256       256       256         1
  1.000000  1.000000  1.000000
orientation T byte_order littleendian
Reading mask: /opt/freesurfer/average/711-2B_as_mni_average_305_mask.4dfp.img (2306576 pixels)
talsrcimg_g11.4dfp.img
       256       256       256         1
  1.000000  1.000000  1.000000
orientation T byte_order littleendian
Reading image: talsrcimg_g11.4dfp.img
dimensions:      256       256       256
mmppix:       1.0000   -1.0000   -1.0000
center:     128.0000 -129.0000 -129.0000
fimgreg.f
image alignment mode   3335 decimal      D07 hex
parameters
    1.6441  -10.4268   18.3860   -0.0462   -0.9463   -0.9020
   -3.0297    0.2384    2.9704   13.3990   -0.6421  -13.3858
eta,q 0.95761 10.16451
niter,ni,del,rscale     5    3    5.0000    1.2000
parameter  4  2.686156 ->  0.500000 qaram    1.1500
parameter  5  2.318600 ->  0.500000 qaram    1.1500
parameter  6  0.574697 ->  0.500000 qaram    1.1500
parameters
    1.5307  -10.0559   19.0052   -4.1862   -5.0863   -5.0420
   -2.3942    1.2926    2.9310   11.6646    0.3115  -10.8037
eta,q 0.97054 10.03576
  0.0455  0.0457  0.0459  0.0343  0.0300  0.0317  0.0346  0.0381  0.0328  0.0325  0.0321  0.0331
  0.0437  0.0441  0.0443  0.0361  0.0316  0.0305  0.0324  0.0345  0.0313  0.0306  0.0309  0.0315
  0.0426  0.0429  0.0431  0.0387  0.0339  0.0305  0.0310  0.0317  0.0304  0.0298  0.0301  0.0304
  0.0424  0.0424  0.0423  0.0421  0.0367  0.0322  0.0303  0.0303  0.0301  0.0301  0.0297  0.0297
  0.0429  0.0424  0.0421  0.0459  0.0398  0.0359  0.0305  0.0303  0.0304  0.0314  0.0298  0.0295
  0.0442  0.0430  0.0425  0.0498  0.0433  0.0404  0.0316  0.0319  0.0313  0.0336  0.0303  0.0297
  0.0461  0.0441  0.0436  0.0536  0.0471  0.0454  0.0333  0.0347  0.0328  0.0364  0.0311  0.0303
niter,ni,del,rscale     7    3    5.0000    1.2000
parameter  4  0.657224 ->  0.500000 qaram    1.3225
parameter  5  0.515193 ->  0.500000 qaram    1.3225
parameters
    1.7149   -9.9287   18.3385   -8.9472   -9.8473   -5.6278
   -2.0458    1.1986    3.1357   10.9878    0.3284  -11.8838
eta,q 0.97357  9.75529
  0.0350  0.0334  0.0307  0.0279  0.0273  0.0306  0.0304  0.0319  0.0290  0.0295  0.0277  0.0275
  0.0321  0.0313  0.0296  0.0274  0.0264  0.0290  0.0284  0.0290  0.0276  0.0276  0.0270  0.0268
  0.0303  0.0299  0.0292  0.0277  0.0264  0.0276  0.0270  0.0271  0.0268  0.0267  0.0266  0.0265
  0.0295  0.0294  0.0294  0.0292  0.0274  0.0263  0.0265  0.0265  0.0265  0.0265  0.0264  0.0264
  0.0298  0.0297  0.0303  0.0320  0.0291  0.0265  0.0268  0.0272  0.0266  0.0271  0.0266  0.0267
  0.0312  0.0308  0.0317  0.0358  0.0315  0.0291  0.0279  0.0292  0.0274  0.0286  0.0270  0.0274
  0.0335  0.0326  0.0336  0.0401  0.0348  0.0334  0.0297  0.0322  0.0287  0.0308  0.0277  0.0285
niter,ni,del,rscale     7    3    5.0000    1.2000
parameters
    1.9129   -9.7255   18.3823   -9.9435   -9.4657   -5.7879
   -2.1725    1.2318    3.1184   11.2877    0.0445  -12.0272
eta,q 0.97353  9.71763
  0.0318  0.0306  0.0287  0.0300  0.0313  0.0306  0.0299  0.0320  0.0289  0.0304  0.0276  0.0279
  0.0292  0.0284  0.0274  0.0281  0.0290  0.0289  0.0280  0.0291  0.0276  0.0282  0.0269  0.0271
  0.0273  0.0269  0.0266  0.0269  0.0273  0.0277  0.0269  0.0271  0.0268  0.0269  0.0266  0.0266
  0.0264  0.0264  0.0264  0.0264  0.0264  0.0264  0.0265  0.0265  0.0265  0.0265  0.0265  0.0265
  0.0266  0.0266  0.0266  0.0270  0.0268  0.0261  0.0269  0.0272  0.0267  0.0267  0.0266  0.0266
  0.0280  0.0276  0.0273  0.0290  0.0284  0.0281  0.0282  0.0290  0.0275  0.0279  0.0271  0.0272
  0.0304  0.0293  0.0285  0.0325  0.0307  0.0323  0.0302  0.0319  0.0289  0.0298  0.0278  0.0281
niter,ni,del,rscale     6    3    5.0000    1.2000
parameters
    1.9493   -9.6972   18.3570  -10.0132   -9.4557   -5.7931
   -2.2062    1.2673    3.1702   11.3287   -0.0018  -12.0659
eta,q 0.97353  9.71475
  0.0312  0.0301  0.0286  0.0308  0.0310  0.0307  0.0300  0.0320  0.0289  0.0301  0.0277  0.0280
  0.0288  0.0280  0.0274  0.0286  0.0288  0.0290  0.0281  0.0291  0.0276  0.0280  0.0270  0.0271
  0.0271  0.0268  0.0267  0.0272  0.0272  0.0278  0.0269  0.0271  0.0268  0.0269  0.0266  0.0266
  0.0265  0.0265  0.0265  0.0265  0.0265  0.0265  0.0265  0.0265  0.0265  0.0265  0.0265  0.0265
  0.0269  0.0269  0.0267  0.0267  0.0270  0.0261  0.0269  0.0272  0.0267  0.0268  0.0266  0.0266
  0.0285  0.0280  0.0275  0.0283  0.0287  0.0279  0.0282  0.0290  0.0275  0.0280  0.0270  0.0271
  0.0310  0.0298  0.0287  0.0314  0.0311  0.0321  0.0300  0.0319  0.0289  0.0300  0.0277  0.0280
niter,ni,del,rscale     5    3    5.0000    1.2000
parameters
    1.9561   -9.6911   18.3524  -10.0131   -9.4639   -5.7918
   -2.2149    1.2736    3.1806   11.3389   -0.0118  -12.0839
eta,q 0.97353  9.71465
  0.0311  0.0300  0.0286  0.0309  0.0310  0.0308  0.0300  0.0320  0.0289  0.0301  0.0277  0.0280
  0.0287  0.0280  0.0274  0.0286  0.0288  0.0290  0.0281  0.0290  0.0276  0.0280  0.0270  0.0271
  0.0271  0.0268  0.0267  0.0272  0.0271  0.0278  0.0269  0.0271  0.0268  0.0268  0.0266  0.0266
  0.0265  0.0265  0.0265  0.0265  0.0265  0.0265  0.0265  0.0265  0.0265  0.0265  0.0265  0.0265
  0.0270  0.0269  0.0267  0.0267  0.0270  0.0261  0.0269  0.0272  0.0267  0.0268  0.0266  0.0266
  0.0285  0.0280  0.0275  0.0282  0.0287  0.0279  0.0281  0.0291  0.0275  0.0281  0.0270  0.0271
  0.0311  0.0299  0.0286  0.0313  0.0311  0.0321  0.0300  0.0319  0.0289  0.0300  0.0277  0.0280
registration optimization eta report
parameter search radius
    2.4000    2.4000    2.4000    9.5220    9.5220    8.2800
    7.2000    7.2000    7.2000    7.2000    7.2000    7.2000
100000*second partial in parameter space
       80.       61.       38.        5.        5.        7.
        7.       10.        5.        7.        2.        3.
  0.0311  0.0300  0.0286  0.0309  0.0310  0.0308  0.0300  0.0320  0.0289  0.0301  0.0277  0.0280
  0.0287  0.0280  0.0274  0.0286  0.0288  0.0290  0.0281  0.0290  0.0276  0.0280  0.0270  0.0271
  0.0271  0.0268  0.0267  0.0272  0.0271  0.0278  0.0269  0.0271  0.0268  0.0268  0.0266  0.0266
  0.0265  0.0265  0.0265  0.0265  0.0265  0.0265  0.0265  0.0265  0.0265  0.0265  0.0265  0.0265
  0.0270  0.0269  0.0267  0.0267  0.0270  0.0261  0.0269  0.0272  0.0267  0.0268  0.0266  0.0266
  0.0285  0.0280  0.0275  0.0282  0.0287  0.0279  0.0281  0.0291  0.0275  0.0281  0.0270  0.0271
  0.0311  0.0299  0.0286  0.0313  0.0311  0.0321  0.0300  0.0319  0.0289  0.0300  0.0277  0.0280
    1.9561   -9.6911   18.3524  -10.0131   -9.4639   -5.7918
   -2.2149    1.2736    3.1806   11.3389   -0.0118  -12.0839
eta,q 0.97353  9.71465

---------------------------------------------------------------------
imgreg_4dfp /opt/freesurfer/average/711-2C_as_mni_average_305 /opt/freesurfer/average/711-2B_as_mni_average_305_mask talsrcimg_g11 none talsrcimg_to_711-2C_as_mni_average_305_t4 2311
---------------------------------------------------------------------

freesurfer imgreg_4dfp.c
/opt/freesurfer/average/711-2C_as_mni_average_305.4dfp.img
       256       256       256         1
  1.000000  1.000000  1.000000
orientation T byte_order littleendian
Reading image: /opt/freesurfer/average/711-2C_as_mni_average_305.4dfp.img
dimensions:      256       256       256
mmppix:       1.0000   -1.0000   -1.0000
center:     128.0000 -129.0000 -129.0000
/opt/freesurfer/average/711-2B_as_mni_average_305_mask.4dfp.img
       256       256       256         1
  1.000000  1.000000  1.000000
orientation T byte_order littleendian
Reading mask: /opt/freesurfer/average/711-2B_as_mni_average_305_mask.4dfp.img (2306576 pixels)
talsrcimg_g11.4dfp.img
       256       256       256         1
  1.000000  1.000000  1.000000
orientation T byte_order littleendian
Reading image: talsrcimg_g11.4dfp.img
dimensions:      256       256       256
mmppix:       1.0000   -1.0000   -1.0000
center:     128.0000 -129.0000 -129.0000
fimgreg.f
image alignment mode   2311 decimal      907 hex
parameters
    1.9561   -9.6911   18.3524  -10.0131   -9.4638   -5.7918
   -2.2149    1.2736    3.1806   11.3389   -0.0118  -12.0839
eta,q 0.97353  9.71466
niter,ni,del,rscale     5    3    5.0000    0.8000
parameters
    1.9811   -9.7107   18.3310   -9.2801   -9.2873   -4.2025
   -2.0750    1.3918    3.3373   11.3664    0.1807  -12.2883
eta,q 0.97407  9.80912
  0.0287  0.0280  0.0274  0.0279  0.0279  0.0287  0.0278  0.0289  0.0272  0.0279  0.0267  0.0267
  0.0275  0.0271  0.0269  0.0272  0.0271  0.0279  0.0268  0.0273  0.0265  0.0268  0.0263  0.0263
  0.0268  0.0266  0.0265  0.0268  0.0266  0.0272  0.0262  0.0263  0.0261  0.0261  0.0260  0.0260
  0.0265  0.0265  0.0265  0.0265  0.0264  0.0264  0.0259  0.0259  0.0259  0.0259  0.0259  0.0259
  0.0267  0.0267  0.0266  0.0264  0.0265  0.0259  0.0261  0.0262  0.0260  0.0262  0.0260  0.0261
  0.0274  0.0272  0.0269  0.0267  0.0270  0.0262  0.0266  0.0272  0.0264  0.0268  0.0262  0.0264
  0.0286  0.0281  0.0275  0.0273  0.0277  0.0272  0.0276  0.0286  0.0270  0.0278  0.0266  0.0268
niter,ni,del,rscale     4    3    5.0000    0.7000
parameters
    1.9377   -9.7241   18.5813   -9.1647   -9.5312   -4.0930
   -2.0319    1.3172    3.3039   11.3624    0.0323  -12.1727
eta,q 0.97412  9.81201
  0.0275  0.0272  0.0272  0.0269  0.0270  0.0278  0.0272  0.0280  0.0267  0.0273  0.0264  0.0265
  0.0267  0.0265  0.0266  0.0264  0.0264  0.0271  0.0265  0.0268  0.0263  0.0265  0.0261  0.0262
  0.0261  0.0261  0.0261  0.0261  0.0260  0.0264  0.0261  0.0261  0.0260  0.0260  0.0259  0.0260
  0.0259  0.0259  0.0259  0.0259  0.0259  0.0259  0.0259  0.0259  0.0259  0.0259  0.0259  0.0259
  0.0262  0.0261  0.0259  0.0260  0.0261  0.0260  0.0260  0.0262  0.0260  0.0260  0.0260  0.0259
  0.0268  0.0265  0.0261  0.0263  0.0265  0.0266  0.0265  0.0270  0.0263  0.0265  0.0262  0.0261
  0.0278  0.0272  0.0265  0.0269  0.0272  0.0279  0.0272  0.0282  0.0268  0.0273  0.0265  0.0265
niter,ni,del,rscale     3    3    5.0000    0.6000
parameters
    1.9337   -9.7218   18.6305   -9.0684   -9.5566   -3.8942
   -1.9987    1.3198    3.3311   11.3379    0.0096  -12.1766
eta,q 0.97415  9.82132
  0.0271  0.0268  0.0266  0.0267  0.0267  0.0274  0.0269  0.0275  0.0265  0.0269  0.0263  0.0263
  0.0265  0.0263  0.0262  0.0263  0.0263  0.0268  0.0263  0.0266  0.0262  0.0263  0.0260  0.0261
  0.0260  0.0260  0.0260  0.0260  0.0260  0.0262  0.0260  0.0261  0.0259  0.0260  0.0259  0.0259
  0.0259  0.0259  0.0259  0.0259  0.0259  0.0259  0.0259  0.0259  0.0259  0.0259  0.0259  0.0259
  0.0260  0.0260  0.0259  0.0259  0.0260  0.0259  0.0259  0.0260  0.0259  0.0260  0.0259  0.0259
  0.0264  0.0263  0.0261  0.0262  0.0263  0.0264  0.0263  0.0266  0.0261  0.0263  0.0260  0.0261
  0.0272  0.0268  0.0265  0.0266  0.0268  0.0273  0.0269  0.0275  0.0265  0.0270  0.0263  0.0263
niter,ni,del,rscale     2    3    5.0000    0.5000
parameters
    1.9292   -9.7301   18.6709   -9.0153   -9.5895   -3.7332
   -1.9778    1.3245    3.3533   11.3164   -0.0104  -12.1697
eta,q 0.97416  9.82740
  0.0267  0.0265  0.0264  0.0264  0.0265  0.0270  0.0266  0.0270  0.0263  0.0266  0.0261  0.0262
  0.0263  0.0261  0.0261  0.0261  0.0261  0.0265  0.0262  0.0264  0.0261  0.0262  0.0260  0.0260
  0.0260  0.0259  0.0259  0.0259  0.0259  0.0261  0.0259  0.0260  0.0259  0.0259  0.0259  0.0259
  0.0259  0.0259  0.0259  0.0259  0.0259  0.0259  0.0258  0.0258  0.0258  0.0258  0.0258  0.0258
  0.0260  0.0259  0.0259  0.0259  0.0259  0.0259  0.0259  0.0260  0.0259  0.0259  0.0259  0.0259
  0.0263  0.0262  0.0261  0.0261  0.0261  0.0262  0.0261  0.0264  0.0260  0.0262  0.0260  0.0260
  0.0268  0.0265  0.0263  0.0264  0.0265  0.0269  0.0265  0.0270  0.0263  0.0266  0.0261  0.0262
niter,ni,del,rscale     1    3    5.0000    0.4000
parameters
    1.9272   -9.7379   18.7045   -8.9616   -9.6253   -3.6281
   -1.9525    1.3353    3.3574   11.2984   -0.0362  -12.1549
eta,q 0.97417  9.83153
  0.0264  0.0263  0.0262  0.0262  0.0262  0.0266  0.0263  0.0266  0.0261  0.0263  0.0260  0.0261
  0.0261  0.0260  0.0260  0.0260  0.0260  0.0263  0.0261  0.0262  0.0260  0.0260  0.0259  0.0259
  0.0259  0.0259  0.0259  0.0259  0.0259  0.0260  0.0259  0.0259  0.0259  0.0259  0.0259  0.0259
  0.0258  0.0258  0.0258  0.0258  0.0258  0.0258  0.0258  0.0258  0.0258  0.0258  0.0258  0.0258
  0.0259  0.0259  0.0259  0.0259  0.0259  0.0259  0.0259  0.0259  0.0259  0.0259  0.0259  0.0259
  0.0261  0.0260  0.0260  0.0260  0.0260  0.0261  0.0260  0.0262  0.0260  0.0261  0.0259  0.0259
  0.0264  0.0263  0.0261  0.0262  0.0263  0.0265  0.0263  0.0266  0.0261  0.0263  0.0260  0.0261
registration optimization eta report
parameter search radius
    0.8000    0.8000    0.8000    2.4000    2.4000    2.4000
    2.4000    2.4000    2.4000    2.4000    2.4000    2.4000
100000*second partial in parameter space
       91.       67.       50.        6.        7.       13.
        8.       14.        5.        9.        3.        4.
  0.0264  0.0263  0.0262  0.0262  0.0262  0.0266  0.0263  0.0266  0.0261  0.0263  0.0260  0.0261
  0.0261  0.0260  0.0260  0.0260  0.0260  0.0263  0.0261  0.0262  0.0260  0.0260  0.0259  0.0259
  0.0259  0.0259  0.0259  0.0259  0.0259  0.0260  0.0259  0.0259  0.0259  0.0259  0.0259  0.0259
  0.0258  0.0258  0.0258  0.0258  0.0258  0.0258  0.0258  0.0258  0.0258  0.0258  0.0258  0.0258
  0.0259  0.0259  0.0259  0.0259  0.0259  0.0259  0.0259  0.0259  0.0259  0.0259  0.0259  0.0259
  0.0261  0.0260  0.0260  0.0260  0.0260  0.0261  0.0260  0.0262  0.0260  0.0261  0.0259  0.0259
  0.0264  0.0263  0.0261  0.0262  0.0263  0.0265  0.0263  0.0266  0.0261  0.0263  0.0260  0.0261
    1.9272   -9.7379   18.7045   -8.9616   -9.6253   -3.6281
   -1.9525    1.3353    3.3574   11.2984   -0.0362  -12.1549
eta,q 0.97417  9.83153

---------------------------------------------------------------------
imgreg_4dfp /opt/freesurfer/average/711-2C_as_mni_average_305 /opt/freesurfer/average/711-2B_as_mni_average_305_mask talsrcimg_g11 none talsrcimg_to_711-2C_as_mni_average_305_t4 2311
---------------------------------------------------------------------

freesurfer imgreg_4dfp.c
/opt/freesurfer/average/711-2C_as_mni_average_305.4dfp.img
       256       256       256         1
  1.000000  1.000000  1.000000
orientation T byte_order littleendian
Reading image: /opt/freesurfer/average/711-2C_as_mni_average_305.4dfp.img
dimensions:      256       256       256
mmppix:       1.0000   -1.0000   -1.0000
center:     128.0000 -129.0000 -129.0000
/opt/freesurfer/average/711-2B_as_mni_average_305_mask.4dfp.img
       256       256       256         1
  1.000000  1.000000  1.000000
orientation T byte_order littleendian
Reading mask: /opt/freesurfer/average/711-2B_as_mni_average_305_mask.4dfp.img (2306576 pixels)
talsrcimg_g11.4dfp.img
       256       256       256         1
  1.000000  1.000000  1.000000
orientation T byte_order littleendian
Reading image: talsrcimg_g11.4dfp.img
dimensions:      256       256       256
mmppix:       1.0000   -1.0000   -1.0000
center:     128.0000 -129.0000 -129.0000
fimgreg.f
image alignment mode   2311 decimal      907 hex
parameters
    1.9272   -9.7379   18.7045   -8.9616   -9.6253   -3.6281
   -1.9525    1.3353    3.3574   11.2984   -0.0362  -12.1548
eta,q 0.97417  9.83153
niter,ni,del,rscale     5    3    5.0000    0.8000
parameters
    1.9041   -9.7239   18.7276   -9.2351   -9.6840   -4.1122
   -2.0373    1.2907    3.3077   11.3370   -0.0292  -12.0816
eta,q 0.97411  9.80454
  0.0280  0.0276  0.0271  0.0270  0.0273  0.0278  0.0275  0.0287  0.0270  0.0278  0.0266  0.0267
  0.0268  0.0266  0.0264  0.0264  0.0265  0.0270  0.0267  0.0271  0.0264  0.0267  0.0262  0.0263
  0.0261  0.0260  0.0260  0.0260  0.0260  0.0262  0.0261  0.0262  0.0260  0.0261  0.0260  0.0260
  0.0258  0.0258  0.0258  0.0258  0.0258  0.0258  0.0259  0.0259  0.0259  0.0259  0.0259  0.0259
  0.0261  0.0260  0.0260  0.0260  0.0260  0.0262  0.0261  0.0263  0.0260  0.0261  0.0260  0.0260
  0.0269  0.0266  0.0264  0.0265  0.0266  0.0273  0.0267  0.0273  0.0264  0.0267  0.0262  0.0262
  0.0282  0.0275  0.0270  0.0274  0.0275  0.0294  0.0277  0.0288  0.0271  0.0277  0.0266  0.0267
niter,ni,del,rscale     4    3    5.0000    0.7000
parameters
    1.9288   -9.7174   18.6486   -9.1321   -9.5688   -4.0506
   -2.0373    1.3124    3.3323   11.3295    0.0012  -12.1356
eta,q 0.97412  9.81374
  0.0277  0.0272  0.0267  0.0269  0.0271  0.0277  0.0272  0.0281  0.0268  0.0273  0.0264  0.0265
  0.0267  0.0265  0.0262  0.0264  0.0265  0.0270  0.0265  0.0269  0.0263  0.0265  0.0261  0.0261
  0.0261  0.0260  0.0260  0.0261  0.0260  0.0263  0.0260  0.0261  0.0260  0.0260  0.0259  0.0259
  0.0259  0.0259  0.0259  0.0259  0.0259  0.0259  0.0259  0.0259  0.0259  0.0259  0.0259  0.0259
  0.0261  0.0260  0.0260  0.0259  0.0260  0.0260  0.0260  0.0261  0.0260  0.0260  0.0259  0.0259
  0.0266  0.0265  0.0264  0.0263  0.0264  0.0266  0.0265  0.0269  0.0262  0.0265  0.0261  0.0262
  0.0276  0.0272  0.0269  0.0269  0.0270  0.0280  0.0272  0.0281  0.0268  0.0273  0.0264  0.0265
niter,ni,del,rscale     3    3    5.0000    0.6000
parameters
    1.9316   -9.7285   18.6484   -9.0678   -9.5654   -3.8841
   -2.0061    1.3204    3.3412   11.3244   -0.0032  -12.1585
eta,q 0.97415  9.82147
  0.0272  0.0268  0.0266  0.0266  0.0268  0.0274  0.0269  0.0275  0.0265  0.0269  0.0263  0.0263
  0.0265  0.0263  0.0262  0.0263  0.0263  0.0268  0.0263  0.0266  0.0262  0.0263  0.0260  0.0261
  0.0260  0.0260  0.0259  0.0260  0.0260  0.0262  0.0260  0.0261  0.0259  0.0260  0.0259  0.0259
  0.0259  0.0259  0.0259  0.0259  0.0259  0.0259  0.0259  0.0259  0.0259  0.0259  0.0258  0.0258
  0.0260  0.0260  0.0260  0.0259  0.0260  0.0259  0.0260  0.0260  0.0259  0.0260  0.0259  0.0259
  0.0264  0.0263  0.0262  0.0262  0.0263  0.0264  0.0263  0.0266  0.0261  0.0263  0.0260  0.0261
  0.0272  0.0268  0.0266  0.0266  0.0268  0.0273  0.0268  0.0275  0.0265  0.0270  0.0263  0.0263
niter,ni,del,rscale     2    3    5.0000    0.5000
parameters
    1.9290   -9.7320   18.6756   -9.0189   -9.5865   -3.7310
   -1.9795    1.3252    3.3576   11.3096   -0.0143  -12.1629
eta,q 0.97416  9.82733
  0.0267  0.0265  0.0264  0.0264  0.0265  0.0270  0.0266  0.0270  0.0263  0.0266  0.0261  0.0262
  0.0263  0.0261  0.0261  0.0261  0.0261  0.0265  0.0262  0.0264  0.0261  0.0262  0.0260  0.0260
  0.0260  0.0259  0.0259  0.0259  0.0259  0.0261  0.0259  0.0260  0.0259  0.0259  0.0259  0.0259
  0.0258  0.0259  0.0259  0.0259  0.0259  0.0259  0.0258  0.0258  0.0258  0.0258  0.0258  0.0258
  0.0259  0.0259  0.0259  0.0259  0.0259  0.0259  0.0259  0.0260  0.0259  0.0259  0.0259  0.0259
  0.0262  0.0261  0.0261  0.0261  0.0261  0.0262  0.0261  0.0264  0.0260  0.0262  0.0260  0.0260
  0.0268  0.0265  0.0263  0.0264  0.0265  0.0269  0.0265  0.0270  0.0263  0.0266  0.0261  0.0262
niter,ni,del,rscale     1    3    5.0000    0.4000
parameters
    1.9285   -9.7365   18.7022   -8.9644   -9.6231   -3.6307
   -1.9556    1.3391    3.3602   11.2971   -0.0339  -12.1595
eta,q 0.97417  9.83141
  0.0264  0.0263  0.0262  0.0262  0.0262  0.0266  0.0263  0.0266  0.0261  0.0263  0.0260  0.0261
  0.0261  0.0260  0.0260  0.0260  0.0260  0.0263  0.0261  0.0262  0.0260  0.0260  0.0259  0.0259
  0.0259  0.0259  0.0259  0.0259  0.0259  0.0260  0.0259  0.0259  0.0259  0.0259  0.0259  0.0259
  0.0258  0.0258  0.0258  0.0258  0.0258  0.0258  0.0258  0.0258  0.0258  0.0258  0.0258  0.0258
  0.0259  0.0259  0.0259  0.0259  0.0259  0.0259  0.0259  0.0259  0.0259  0.0259  0.0259  0.0259
  0.0261  0.0260  0.0260  0.0260  0.0260  0.0261  0.0260  0.0262  0.0260  0.0261  0.0259  0.0259
  0.0264  0.0263  0.0261  0.0262  0.0263  0.0266  0.0263  0.0266  0.0261  0.0263  0.0260  0.0261
registration optimization eta report
parameter search radius
    0.8000    0.8000    0.8000    2.4000    2.4000    2.4000
    2.4000    2.4000    2.4000    2.4000    2.4000    2.4000
100000*second partial in parameter space
       91.       67.       50.        6.        7.       13.
        8.       14.        5.        9.        3.        4.
  0.0264  0.0263  0.0262  0.0262  0.0262  0.0266  0.0263  0.0266  0.0261  0.0263  0.0260  0.0261
  0.0261  0.0260  0.0260  0.0260  0.0260  0.0263  0.0261  0.0262  0.0260  0.0260  0.0259  0.0259
  0.0259  0.0259  0.0259  0.0259  0.0259  0.0260  0.0259  0.0259  0.0259  0.0259  0.0259  0.0259
  0.0258  0.0258  0.0258  0.0258  0.0258  0.0258  0.0258  0.0258  0.0258  0.0258  0.0258  0.0258
  0.0259  0.0259  0.0259  0.0259  0.0259  0.0259  0.0259  0.0259  0.0259  0.0259  0.0259  0.0259
  0.0261  0.0260  0.0260  0.0260  0.0260  0.0261  0.0260  0.0262  0.0260  0.0261  0.0259  0.0259
  0.0264  0.0263  0.0261  0.0262  0.0263  0.0266  0.0263  0.0266  0.0261  0.0263  0.0260  0.0261
    1.9285   -9.7365   18.7022   -8.9644   -9.6231   -3.6307
   -1.9556    1.3391    3.3602   11.2971   -0.0339  -12.1595
eta,q 0.97417  9.83141

---------------------------------------------------------------------
compute_vox2vox talsrcimg talsrcimg_to_711-2C_as_mni_average_305_t4 /opt/freesurfer/average/711-2C_as_mni_average_305
---------------------------------------------------------------------

freesurfer compute_vox2vox.c
Reading: talsrcimg.4dfp.ifh
Reading: talsrcimg_to_711-2C_as_mni_average_305_t4
Reading: /opt/freesurfer/average/711-2C_as_mni_average_305.4dfp.ifh
Writing: talsrcimg_to_711-2C_as_mni_average_305_t4_vox2vox.txt

start time Fri Mar 13 22:35:40 CET 2026
end		time Fri Mar 13 22:37:05 CET 2026

mpr2mni305 success

avi2talxfm orig_nu.mgz /opt/freesurfer/average/mni305.cor.mgz talsrcimg_to_711-2C_as_mni_average_305_t4_vox2vox.txt transforms/talairach.auto.xfm
avi2talxfm done
mv -f /out/sourcedata/freesurfer/sub-v2s7x29669_ses-1/mri/talsrcimg_to_711-2C_as_mni_average_305_t4_vox2vox.txt /out/sourcedata/freesurfer/sub-v2s7x29669_ses-1/mri/transforms/talsrcimg_to_711-2C_as_mni_average_305_t4_vox2vox.txt
lta_convert --src orig_nu.mgz --trg /opt/freesurfer/average/mni305.cor.mgz --inxfm transforms/talairach.auto.xfm --outlta transforms/talairach.auto.xfm.lta --subject fsaverage
7.3.2

--src: orig_nu.mgz src image (geometry).
--trg: /opt/freesurfer/average/mni305.cor.mgz trg image (geometry).
--inmni: transforms/talairach.auto.xfm input MNI/XFM transform.
--outlta: transforms/talairach.auto.xfm.lta output LTA.
--s: fsaverage subject name
 LTA read, type : 1
 1.09768  -0.01776   0.02136  -7.41182;
-0.00469   1.02164   0.13735  -23.86788;
-0.04022  -0.12704   1.08851  -29.46866;
 0.00000   0.00000   0.00000   1.00000;
setting subject to fsaverage
Writing  LTA to file transforms/talairach.auto.xfm.lta...
lta_convert successful.
 
 
Started at Fri Mar 13 22:35:39 CET 2026
Ended   at Fri Mar 13 22:37:05 CET 2026
talairach_avi done
