status file for recon-all
Fri Mar 13 23:33:14 CET 2026
#@# MotionCor Fri Mar 13 23:33:16 CET 2026
#@# Talairach Fri Mar 13 23:33:26 CET 2026
#@# Talairach Failure Detection Fri Mar 13 23:37:52 CET 2026
#@# Nu Intensity Correction Fri Mar 13 23:37:52 CET 2026
#@# Intensity Normalization Fri Mar 13 23:41:08 CET 2026
recon-all -s sub-v2s7x29800_ses-1 finished without error at Fri Mar 13 23:42:47 CET 2026



#New# invocation of recon-all 



status file for recon-all
Fri Mar 13 23:56:37 CET 2026
#@# EM Registration Fri Mar 13 23:56:37 CET 2026
recon-all -s sub-v2s7x29800_ses-1 finished without error at Fri Mar 13 23:58:51 CET 2026



#New# invocation of recon-all 



status file for recon-all
Fri Mar 13 23:58:53 CET 2026
#@# CA Normalize Fri Mar 13 23:58:53 CET 2026
#@# CA Reg Sat Mar 14 00:00:11 CET 2026
#@# SubCort Seg Sat Mar 14 00:50:07 CET 2026
#@# CC Seg Sat Mar 14 01:17:20 CET 2026
#@# Merge ASeg Sat Mar 14 01:17:59 CET 2026
#@# Intensity Normalization2 Sat Mar 14 01:17:59 CET 2026
#@# Mask BFS Sat Mar 14 01:20:19 CET 2026
#@# WM Segmentation Sat Mar 14 01:20:20 CET 2026
#@# Fill Sat Mar 14 01:22:19 CET 2026
recon-all -s sub-v2s7x29800_ses-1 finished without error at Sat Mar 14 01:23:21 CET 2026



#New# invocation of recon-all 



status file for recon-all
Sat Mar 14 02:17:01 CET 2026
#@# white curv lh Sat Mar 14 02:17:01 CET 2026
#@# white area lh Sat Mar 14 02:17:01 CET 2026
#@# pial curv lh Sat Mar 14 02:17:01 CET 2026
#@# pial area lh Sat Mar 14 02:17:01 CET 2026
#@# thickness lh Sat Mar 14 02:17:01 CET 2026
#@# area and vertex vol lh Sat Mar 14 02:17:01 CET 2026
#@# white curv rh Sat Mar 14 02:17:01 CET 2026
#@# white area rh Sat Mar 14 02:17:01 CET 2026
#@# pial curv rh Sat Mar 14 02:17:01 CET 2026
#@# pial area rh Sat Mar 14 02:17:01 CET 2026
#@# thickness rh Sat Mar 14 02:17:01 CET 2026
#@# area and vertex vol rh Sat Mar 14 02:17:01 CET 2026
#@# Cortical ribbon mask Sat Mar 14 02:17:01 CET 2026
recon-all -s sub-v2s7x29800_ses-1 finished without error at Sat Mar 14 02:21:48 CET 2026



#New# invocation of recon-all 



status file for recon-all
Sat Mar 14 02:28:38 CET 2026
#@# white curv lh Sat Mar 14 02:28:38 CET 2026
#@# white area lh Sat Mar 14 02:28:38 CET 2026
#@# pial curv lh Sat Mar 14 02:28:38 CET 2026
#@# pial area lh Sat Mar 14 02:28:38 CET 2026
#@# thickness lh Sat Mar 14 02:28:38 CET 2026
#@# area and vertex vol lh Sat Mar 14 02:28:38 CET 2026
#@# white curv rh Sat Mar 14 02:28:38 CET 2026
#@# white area rh Sat Mar 14 02:28:38 CET 2026
#@# pial curv rh Sat Mar 14 02:28:38 CET 2026
#@# pial area rh Sat Mar 14 02:28:38 CET 2026
#@# thickness rh Sat Mar 14 02:28:38 CET 2026
#@# area and vertex vol rh Sat Mar 14 02:28:38 CET 2026
#@# Curvature Stats lh Sat Mar 14 02:28:38 CET 2026
#@# Curvature Stats rh Sat Mar 14 02:28:41 CET 2026
#@# Relabel Hypointensities Sat Mar 14 02:28:43 CET 2026
#@# APas-to-ASeg Sat Mar 14 02:28:58 CET 2026
#@# AParc-to-ASeg aparc Sat Mar 14 02:29:07 CET 2026
#@# AParc-to-ASeg aparc.a2009s Sat Mar 14 02:29:36 CET 2026
#@# AParc-to-ASeg aparc.DKTatlas Sat Mar 14 02:30:04 CET 2026
#@# WMParc Sat Mar 14 02:30:36 CET 2026
#@# ASeg Stats Sat Mar 14 02:34:24 CET 2026
recon-all -s sub-v2s7x29800_ses-1 finished without error at Sat Mar 14 02:35:01 CET 2026
