status file for recon-all
Sat Mar 14 01:23:25 CET 2026
#@# Tessellate lh Sat Mar 14 01:23:25 CET 2026
#@# Smooth1 lh Sat Mar 14 01:23:29 CET 2026
#@# Inflation1 lh Sat Mar 14 01:23:32 CET 2026
#@# QSphere lh Sat Mar 14 01:23:50 CET 2026
#@# Fix Topology lh Sat Mar 14 01:24:55 CET 2026
#@# Smooth2 lh Sat Mar 14 01:31:33 CET 2026
#@# Inflation2 lh Sat Mar 14 01:31:36 CET 2026
#@# Curv .H and .K lh Sat Mar 14 01:31:51 CET 2026
#@# Sphere lh Sat Mar 14 01:32:39 CET 2026
#@# Surf Reg lh Sat Mar 14 01:37:00 CET 2026
#@# Jacobian white lh Sat Mar 14 01:41:42 CET 2026
#@# AvgCurv lh Sat Mar 14 01:41:43 CET 2026
#@# Cortical Parc lh Sat Mar 14 01:41:44 CET 2026
#@# white curv lh Sat Mar 14 01:48:10 CET 2026
#@# white area lh Sat Mar 14 01:48:12 CET 2026
#@# pial curv lh Sat Mar 14 01:48:12 CET 2026
#@# pial area lh Sat Mar 14 01:48:15 CET 2026
#@# thickness lh Sat Mar 14 01:48:15 CET 2026
#@# area and vertex vol lh Sat Mar 14 01:48:46 CET 2026
#@# Curvature Stats lh Sat Mar 14 01:48:48 CET 2026
#@# Cortical Parc 2 lh Sat Mar 14 01:48:50 CET 2026
#@# Cortical Parc 3 lh Sat Mar 14 01:49:04 CET 2026
#@# WM/GM Contrast lh Sat Mar 14 01:49:16 CET 2026
recon-all -s sub-v2s7x29800_ses-1 finished without error at Sat Mar 14 01:49:19 CET 2026



#New# invocation of recon-all 



status file for recon-all
Sat Mar 14 02:21:51 CET 2026
#@# white curv lh Sat Mar 14 02:21:51 CET 2026
#@# white area lh Sat Mar 14 02:21:51 CET 2026
#@# pial curv lh Sat Mar 14 02:21:51 CET 2026
#@# pial area lh Sat Mar 14 02:21:51 CET 2026
#@# thickness lh Sat Mar 14 02:21:51 CET 2026
#@# area and vertex vol lh Sat Mar 14 02:21:51 CET 2026
#@# Parcellation Stats lh Sat Mar 14 02:21:51 CET 2026
#@# Parcellation Stats 2 lh Sat Mar 14 02:22:11 CET 2026
#@# Parcellation Stats 3 lh Sat Mar 14 02:22:21 CET 2026
#@# BA_exvivo Labels lh Sat Mar 14 02:22:31 CET 2026
recon-all -s sub-v2s7x29800_ses-1 finished without error at Sat Mar 14 02:25:14 CET 2026
