/out/sourcedata/freesurfer/sub-v2s7x29674_ses-1/mri
/opt/freesurfer/bin/talairach_avi
--i orig_nu.mgz --xfm transforms/talairach.auto.xfm
talairach_avi 7.3.2
Linux dna038 5.14.0-427.37.1.el9_4.x86_64 #1 SMP PREEMPT_DYNAMIC Fri Sep 13 12:41:50 EDT 2024 x86_64 x86_64 x86_64 GNU/Linux
Fri Mar 13 22:52:27 CET 2026
mri_convert orig_nu.mgz talsrcimg.img 
reading from orig_nu.mgz...
TR=0.00, TE=0.00, TI=0.00, flip angle=0.00
i_ras = (-1, 0, 0)
j_ras = (0, 0, -1)
k_ras = (0, 1, 0)
writing to talsrcimg.img...
Analyze Output Matrix
-1.00000   0.00000   0.00000   125.52776;
 0.00000   0.00000   1.00000  -123.82257;
 0.00000  -1.00000   0.00000   151.23022;
 0.00000   0.00000   0.00000   1.00000;
--------------------
INFO: set hdr.hist.orient to -1
mpr2mni305 talsrcimg
Fri Mar 13 22:52:28 CET 2026
/opt/freesurfer/bin/mpr2mni305 talsrcimg
mpr2mni305 7.3.2
target=711-2C_as_mni_average_305

---------------------------------------------------------------------
analyzeto4dfp talsrcimg -O0 -y
---------------------------------------------------------------------

freesurfer ifh2hdr.c
Fri Mar 13 22:52:28 2026
Writing: talsrcimg.4dfp.hdr
freesurfer analyzeto4dfp.c
Reading: talsrcimg.hdr
header size 348 bytes
hdr.dime.datatype	offset=70	value=2
hdr.dime.bitpix		offset=72	value=8
hdr.hist.orient		offset=252	value=-1
dimensionality     4
dimensions       256       256       256         1
Reading: talsrcimg.img
Writing: talsrcimg.4dfp.img
Writing: talsrcimg.4dfp.ifh
ifh2hdr talsrcimg -r0to244
ori=2

---------------------------------------------------------------------
gauss_4dfp talsrcimg 1.1
---------------------------------------------------------------------

freesurfer gauss_4dfp.c
Reading: talsrcimg.4dfp.img
Writing: talsrcimg_g11.4dfp.img
image dimensions 256 256 256 padded to 288 288 288
processing volume 1freesurfer ifh2hdr.c
Fri Mar 13 22:52:30 2026
Writing: talsrcimg_g11.4dfp.hdr

Writing: talsrcimg_g11.4dfp.ifh
including: talsrcimg.4dfp.img.rec in talsrcimg_g11.4dfp.img.rec

---------------------------------------------------------------------
imgreg_4dfp /opt/freesurfer/average/711-2C_as_mni_average_305 none talsrcimg_g11 none talsrcimg_to_711-2C_as_mni_average_305_t4 4355
---------------------------------------------------------------------

freesurfer imgreg_4dfp.c
/opt/freesurfer/average/711-2C_as_mni_average_305.4dfp.img
       256       256       256         1
  1.000000  1.000000  1.000000
orientation T byte_order littleendian
Reading image: /opt/freesurfer/average/711-2C_as_mni_average_305.4dfp.img
dimensions:      256       256       256
mmppix:       1.0000   -1.0000   -1.0000
center:     128.0000 -129.0000 -129.0000
talsrcimg_g11.4dfp.img
       256       256       256         1
  1.000000  1.000000  1.000000
orientation T byte_order littleendian
Reading image: talsrcimg_g11.4dfp.img
dimensions:      256       256       256
mmppix:       1.0000   -1.0000   -1.0000
center:     128.0000 -129.0000 -129.0000
t4_read: open error in t4_sub.f l:  41 t4_file(1:l)talsrcimg_to_711-2C_as_mni_average_305_t4 
t4_read: transform initialized to I4
rotation matrix determinant  1.000000
image alignment mode   4355 decimal     1103 hex
   -7.5000  -45.0000  -45.0000 7819.0913   15.4246
    0.0000  -45.0000  -45.0000 8198.4717   15.3954
    7.5000  -45.0000  -45.0000 7931.4375   15.3641
   -7.5000  -37.5000  -45.0000 8246.0713   15.4603
    0.0000  -37.5000  -45.0000 8636.6445   15.4136
    7.5000  -37.5000  -45.0000 8362.6270   15.3702
   -7.5000  -30.0000  -45.0000 8890.7900   15.4700
    0.0000  -30.0000  -45.0000 9323.7979   15.4075
    7.5000  -30.0000  -45.0000 9005.4170   15.3539
   -7.5000  -22.5000  -45.0000 9468.4199   15.4419
    0.0000  -22.5000  -45.0000 9956.4600   15.3824
    7.5000  -22.5000  -45.0000 9603.3066   15.3318
   -7.5000  -15.0000  -45.000010027.3066   15.4057
    0.0000  -15.0000  -45.000010569.5225   15.3637
    7.5000  -15.0000  -45.000010190.3350   15.3251
   -7.5000   -7.5000  -45.000010602.7861   15.3981
    0.0000   -7.5000  -45.000011175.1523   15.3704
    7.5000   -7.5000  -45.000010770.6602   15.3410
   -7.5000    0.0000  -45.000010911.5166   15.4246
    0.0000    0.0000  -45.000011492.2998   15.3953
    7.5000    0.0000  -45.000011085.9111   15.3641
   -7.5000    7.5000  -45.000010421.7686   15.4603
    0.0000    7.5000  -45.000010968.2930   15.4136
    7.5000    7.5000  -45.000010548.8447   15.3702
   -7.5000   15.0000  -45.0000 9823.0752   15.4700
    0.0000   15.0000  -45.000010321.2627   15.4075
    7.5000   15.0000  -45.0000 9910.5869   15.3539
   -7.5000   22.5000  -45.0000 9002.0752   15.4398
    0.0000   22.5000  -45.0000 9464.2285   15.3803
    7.5000   22.5000  -45.0000 9077.2471   15.3297
   -7.5000   30.0000  -45.0000 8185.6001   15.2004
    0.0000   30.0000  -45.0000 8609.6309   15.1589
    7.5000   30.0000  -45.0000 8249.8916   15.1209
   -7.5000   37.5000  -45.0000 7767.7632   15.1929
    0.0000   37.5000  -45.0000 8194.4561   15.1655
    7.5000   37.5000  -45.0000 7819.3442   15.1365
   -7.5000   45.0000  -45.0000 7065.0093   14.8352
    0.0000   45.0000  -45.0000 7454.6089   14.8070
    7.5000   45.0000  -45.0000 7124.2148   14.7769
   -7.5000  -45.0000  -37.5000 8310.5439   15.3182
    0.0000  -45.0000  -37.5000 8719.8447   15.2816
    7.5000  -45.0000  -37.5000 8426.6680   15.2448
   -7.5000  -37.5000  -37.5000 8766.7598   15.3565
    0.0000  -37.5000  -37.5000 9208.0547   15.3046
    7.5000  -37.5000  -37.5000 8900.2852   15.2564
   -7.5000  -30.0000  -37.5000 9444.6709   15.3653
    0.0000  -30.0000  -37.5000 9922.8779   15.3000
    7.5000  -30.0000  -37.5000 9566.1289   15.2438
   -7.5000  -22.5000  -37.500010037.8145   15.3338
    0.0000  -22.5000  -37.500010559.4248   15.2712
    7.5000  -22.5000  -37.500010190.3457   15.2186
   -7.5000  -15.0000  -37.500010623.1514   15.2949
    0.0000  -15.0000  -37.500011191.5059   15.2474
    7.5000  -15.0000  -37.500010797.3525   15.2055
   -7.5000   -7.5000  -37.500011228.5381   15.2880
    0.0000   -7.5000  -37.500011830.2900   15.2532
    7.5000   -7.5000  -37.500011399.1426   15.2190
   -7.5000    0.0000  -37.500011531.5254   15.3182
    0.0000    0.0000  -37.500012194.0781   15.2816
    7.5000    0.0000  -37.500011747.5664   15.2448
   -7.5000    7.5000  -37.500011000.3994   15.3565
    0.0000    7.5000  -37.500011615.2471   15.3046
    7.5000    7.5000  -37.500011175.8359   15.2564
   -7.5000   15.0000  -37.500010383.4648   15.3653
    0.0000   15.0000  -37.500010950.0771   15.3000
    7.5000   15.0000  -37.500010520.5312   15.2438
   -7.5000   22.5000  -37.5000 9527.5273   15.3317
    0.0000   22.5000  -37.500010040.5078   15.2691
    7.5000   22.5000  -37.5000 9625.5264   15.2166
   -7.5000   30.0000  -37.5000 8615.9102   15.0911
    0.0000   30.0000  -37.5000 9075.0527   15.0442
    7.5000   30.0000  -37.5000 8704.7725   15.0029
   -7.5000   37.5000  -37.5000 8159.1968   15.0843
    0.0000   37.5000  -37.5000 8606.1240   15.0500
    7.5000   37.5000  -37.5000 8238.5742   15.0162
   -7.5000   45.0000  -37.5000 7406.0098   14.7331
    0.0000   45.0000  -37.5000 7780.6514   14.6979
    7.5000   45.0000  -37.5000 7452.1099   14.6625
   -7.5000  -45.0000  -30.0000 8970.1182   15.9249
    0.0000  -45.0000  -30.0000 9436.5029   15.8833
    7.5000  -45.0000  -30.0000 9111.5068   15.8434
   -7.5000  -37.5000  -30.0000 9475.6572   15.9677
    0.0000  -37.5000  -30.0000 9976.1670   15.9098
    7.5000  -37.5000  -30.0000 9618.1748   15.8583
   -7.5000  -30.0000  -30.000010206.1885   15.9755
    0.0000  -30.0000  -30.000010725.2119   15.9030
    7.5000  -30.0000  -30.000010319.9600   15.8432
   -7.5000  -22.5000  -30.000010831.9912   15.9386
    0.0000  -22.5000  -30.000011417.1855   15.8682
    7.5000  -22.5000  -30.000010997.1211   15.8116
   -7.5000  -15.0000  -30.000011471.6973   15.8952
    0.0000  -15.0000  -30.000012107.4746   15.8402
    7.5000  -15.0000  -30.000011641.7500   15.7938
   -7.5000   -7.5000  -30.000012096.0283   15.8893
    0.0000   -7.5000  -30.000012775.1230   15.8485
    7.5000   -7.5000  -30.000012285.3613   15.8105
   -7.5000    0.0000  -30.000012411.8652   15.9249
    0.0000    0.0000  -30.000013163.5986   15.8833
    7.5000    0.0000  -30.000012661.4355   15.8434
   -7.5000    7.5000  -30.000011818.1406   15.9677
    0.0000    7.5000  -30.000012527.9609   15.9098
    7.5000    7.5000  -30.000012037.6201   15.8583
   -7.5000   15.0000  -30.000011164.7002   15.9755
    0.0000   15.0000  -30.000011809.4082   15.9030
    7.5000   15.0000  -30.000011338.5977   15.8432
   -7.5000   22.5000  -30.000010247.8916   15.9347
    0.0000   22.5000  -30.000010833.0244   15.8644
    7.5000   22.5000  -30.000010404.7939   15.8078
   -7.5000   30.0000  -30.0000 9255.4062   15.6849
    0.0000   30.0000  -30.0000 9746.9902   15.6306
    7.5000   30.0000  -30.0000 9366.5000   15.5848
   -7.5000   37.5000  -30.0000 8734.1660   15.6790
    0.0000   37.5000  -30.0000 9223.7139   15.6388
    7.5000   37.5000  -30.0000 8842.1377   15.6013
   -7.5000   45.0000  -30.0000 7911.3687   15.3279
    0.0000   45.0000  -30.0000 8327.2402   15.2879
    7.5000   45.0000  -30.0000 7990.0205   15.2495
   -7.5000  -45.0000  -22.5000 9677.8809   16.4640
    0.0000  -45.0000  -22.500010199.0273   16.4264
    7.5000  -45.0000  -22.5000 9830.5840   16.3918
   -7.5000  -37.5000  -22.500010218.9316   16.5065
    0.0000  -37.5000  -22.500010756.3936   16.4506
    7.5000  -37.5000  -22.500010349.9551   16.4038
   -7.5000  -30.0000  -22.500010977.6611   16.5165
    0.0000  -30.0000  -22.500011548.3457   16.4427
    7.5000  -30.0000  -22.500011107.5664   16.3849
   -7.5000  -22.5000  -22.500011654.3115   16.4824
    0.0000  -22.5000  -22.500012291.9746   16.4099
    7.5000  -22.5000  -22.500011831.3252   16.3532
   -7.5000  -15.0000  -22.500012361.8564   16.4397
    0.0000  -15.0000  -22.500013059.0527   16.3844
    7.5000  -15.0000  -22.500012540.3105   16.3383
   -7.5000   -7.5000  -22.500013024.5488   16.4313
    0.0000   -7.5000  -22.500013778.6211   16.3930
    7.5000   -7.5000  -22.500013247.7939   16.3580
   -7.5000    0.0000  -22.500013348.8584   16.4640
    0.0000    0.0000  -22.500014202.0732   16.4264
    7.5000    0.0000  -22.500013634.5859   16.3918
   -7.5000    7.5000  -22.500012680.2051   16.5065
    0.0000    7.5000  -22.500013480.6455   16.4506
    7.5000    7.5000  -22.500012942.4131   16.4038
   -7.5000   15.0000  -22.500011976.8066   16.5165
    0.0000   15.0000  -22.500012723.3564   16.4427
    7.5000   15.0000  -22.500012197.7100   16.3849
   -7.5000   22.5000  -22.500011012.8945   16.4773
    0.0000   22.5000  -22.500011691.6416   16.4048
    7.5000   22.5000  -22.500011231.9844   16.3482
   -7.5000   30.0000  -22.5000 9941.1104   16.2247
    0.0000   30.0000  -22.500010498.9844   16.1701
    7.5000   30.0000  -22.500010085.1240   16.1246
   -7.5000   37.5000  -22.5000 9366.7344   16.2164
    0.0000   37.5000  -22.5000 9909.6621   16.1786
    7.5000   37.5000  -22.5000 9510.5283   16.1440
   -7.5000   45.0000  -22.5000 8440.3184   15.8585
    0.0000   45.0000  -22.5000 8907.6230   15.8223
    7.5000   45.0000  -22.5000 8553.1631   15.7890
   -7.5000  -45.0000  -15.000010390.6836   16.8293
    0.0000  -45.0000  -15.000010939.9775   16.7995
    7.5000  -45.0000  -15.000010536.2051   16.7722
   -7.5000  -37.5000  -15.000010933.8535   16.8694
    0.0000  -37.5000  -15.000011498.9541   16.8196
    7.5000  -37.5000  -15.000011059.4082   16.7791
   -7.5000  -30.0000  -15.000011763.0605   16.8827
    0.0000  -30.0000  -15.000012353.7461   16.8125
    7.5000  -30.0000  -15.000011901.6143   16.7583
   -7.5000  -22.5000  -15.000012512.1221   16.8545
    0.0000  -22.5000  -15.000013159.9766   16.7855
    7.5000  -22.5000  -15.000012670.7051   16.7312
   -7.5000  -15.0000  -15.000013249.5215   16.8148
    0.0000  -15.0000  -15.000013999.3193   16.7651
    7.5000  -15.0000  -15.000013433.1826   16.7224
   -7.5000   -7.5000  -15.000013975.0605   16.8029
    0.0000   -7.5000  -15.000014820.1025   16.7719
    7.5000   -7.5000  -15.000014238.6787   16.7425
   -7.5000    0.0000  -15.000014344.2109   16.8293
    0.0000    0.0000  -15.000015276.2266   16.7995
    7.5000    0.0000  -15.000014663.7080   16.7722
   -7.5000    7.5000  -15.000013586.3916   16.8694
    0.0000    7.5000  -15.000014438.2793   16.8196
    7.5000    7.5000  -15.000013847.1758   16.7791
   -7.5000   15.0000  -15.000012820.7246   16.8827
    0.0000   15.0000  -15.000013611.7256   16.8125
    7.5000   15.0000  -15.000013034.8369   16.7583
   -7.5000   22.5000  -15.000011801.8896   16.8485
    0.0000   22.5000  -15.000012526.7324   16.7795
    7.5000   22.5000  -15.000012031.6553   16.7253
   -7.5000   30.0000  -15.000010632.4990   16.5972
    0.0000   30.0000  -15.000011249.1084   16.5481
    7.5000   30.0000  -15.000010817.7119   16.5060
   -7.5000   37.5000  -15.000010026.9229   16.5854
    0.0000   37.5000  -15.000010599.2783   16.5548
    7.5000   37.5000  -15.000010179.0674   16.5259
   -7.5000   45.0000  -15.0000 9016.4365   16.2198
    0.0000   45.0000  -15.0000 9513.7207   16.1912
    7.5000   45.0000  -15.0000 9139.6348   16.1648
   -7.5000  -45.0000   -7.500011112.5293   16.9996
    0.0000  -45.0000   -7.500011698.3516   16.9727
    7.5000  -45.0000   -7.500011286.5029   16.9458
   -7.5000  -37.5000   -7.500011696.2617   17.0389
    0.0000  -37.5000   -7.500012283.5371   16.9919
    7.5000  -37.5000   -7.500011828.9844   16.9514
   -7.5000  -30.0000   -7.500012584.2881   17.0540
    0.0000  -30.0000   -7.500013207.0088   16.9871
    7.5000  -30.0000   -7.500012737.6631   16.9331
   -7.5000  -22.5000   -7.500013362.6582   17.0279
    0.0000  -22.5000   -7.500014075.8955   16.9635
    7.5000  -22.5000   -7.500013555.6094   16.9104
   -7.5000  -15.0000   -7.500014139.9639   16.9890
    0.0000  -15.0000   -7.500014936.2354   16.9446
    7.5000  -15.0000   -7.500014363.0391   16.9042
   -7.5000   -7.5000   -7.500014937.2764   16.9757
    0.0000   -7.5000   -7.500015853.2520   16.9491
    7.5000   -7.5000   -7.500015236.5596   16.9213
   -7.5000    0.0000   -7.500015413.5127   16.9996
    0.0000    0.0000   -7.500016356.1025   16.9727
    7.5000    0.0000   -7.500015745.1748   16.9458
   -7.5000    7.5000   -7.500014589.3994   17.0389
    0.0000    7.5000   -7.500015439.2539   16.9919
    7.5000    7.5000   -7.500014854.8096   16.9514
   -7.5000   15.0000   -7.500013672.7373   17.0540
    0.0000   15.0000   -7.500014499.2285   16.9871
    7.5000   15.0000   -7.500013910.5557   16.9331
   -7.5000   22.5000   -7.500012608.7432   17.0201
    0.0000   22.5000   -7.500013376.2842   16.9557
    7.5000   22.5000   -7.500012868.5605   16.9026
   -7.5000   30.0000   -7.500011380.7842   16.7687
    0.0000   30.0000   -7.500012066.5010   16.7249
    7.5000   30.0000   -7.500011611.7588   16.6850
   -7.5000   37.5000   -7.500010732.2461   16.7556
    0.0000   37.5000   -7.500011338.5879   16.7293
    7.5000   37.5000   -7.500010917.1123   16.7018
   -7.5000   45.0000   -7.5000 9612.6182   16.3870
    0.0000   45.0000   -7.500010148.1182   16.3611
    7.5000   45.0000   -7.5000 9753.5010   16.3351
   -7.5000  -45.0000    0.000011758.6387   17.0361
    0.0000  -45.0000    0.000012378.9805   17.0046
    7.5000  -45.0000    0.000011953.9746   16.9713
   -7.5000  -37.5000    0.000012430.6875   17.0770
    0.0000  -37.5000    0.000013032.1943   17.0266
    7.5000  -37.5000    0.000012576.0410   16.9801
   -7.5000  -30.0000    0.000013401.2900   17.0907
    0.0000  -30.0000    0.000014060.7168   17.0233
    7.5000  -30.0000    0.000013575.8418   16.9655
   -7.5000  -22.5000    0.000014221.6484   17.0614
    0.0000  -22.5000    0.000014985.2480   16.9974
    7.5000  -22.5000    0.000014431.4170   16.9425
   -7.5000  -15.0000    0.000015010.2168   17.0203
    0.0000  -15.0000    0.000015831.0430   16.9753
    7.5000  -15.0000    0.000015231.9111   16.9333
   -7.5000   -7.5000    0.000015856.2090   17.0087
    0.0000   -7.5000    0.000016743.5938   16.9791
    7.5000   -7.5000    0.000016152.8096   16.9474
   -7.5000    0.0000    0.000016358.6846   17.0361
    0.0000    0.0000    0.000017268.7617   17.0046
    7.5000    0.0000    0.000016696.7402   16.9713
   -7.5000    7.5000    0.000015497.1768   17.0770
    0.0000    7.5000    0.000016330.2979   17.0266
    7.5000    7.5000    0.000015786.6289   16.9801
   -7.5000   15.0000    0.000014523.2012   17.0907
    0.0000   15.0000    0.000015345.4521   17.0233
    7.5000   15.0000    0.000014754.3848   16.9655
   -7.5000   22.5000    0.000013420.5684   17.0535
    0.0000   22.5000    0.000014188.1855   16.9895
    7.5000   22.5000    0.000013648.0664   16.9347
   -7.5000   30.0000    0.000012101.8770   16.8000
    0.0000   30.0000    0.000012836.4316   16.7556
    7.5000   30.0000    0.000012355.6631   16.7142
   -7.5000   37.5000    0.000011396.6172   16.7886
    0.0000   37.5000    0.000012065.5996   16.7593
    7.5000   37.5000    0.000011622.6621   16.7281
   -7.5000   45.0000    0.000010204.3877   16.4237
    0.0000   45.0000    0.000010786.1318   16.3932
    7.5000   45.0000    0.000010366.0029   16.3611
   -7.5000  -45.0000    7.500011478.5430   17.0687
    0.0000  -45.0000    7.500012089.8545   17.0283
    7.5000  -45.0000    7.500011715.7822   16.9873
   -7.5000  -37.5000    7.500012217.6025   17.1127
    0.0000  -37.5000    7.500012848.5625   17.0547
    7.5000  -37.5000    7.500012438.8096   17.0011
   -7.5000  -30.0000    7.500013287.0293   17.1228
    0.0000  -30.0000    7.500014040.5986   17.0498
    7.5000  -30.0000    7.500013572.0664   16.9871
   -7.5000  -22.5000    7.500014144.3447   17.0867
    0.0000  -22.5000    7.500014890.9375   17.0170
    7.5000  -22.5000    7.500014393.8604   16.9584
   -7.5000  -15.0000    7.500014933.3389   17.0421
    0.0000  -15.0000    7.500015592.4609   16.9896
    7.5000  -15.0000    7.500015118.1768   16.9430
   -7.5000   -7.5000    7.500015744.2266   17.0342
    0.0000   -7.5000    7.500016458.7773   16.9960
    7.5000   -7.5000    7.500015980.0195   16.9579
   -7.5000    0.0000    7.500016213.4785   17.0687
    0.0000    0.0000    7.500017001.1152   17.0283
    7.5000    0.0000    7.500016502.4023   16.9873
   -7.5000    7.5000    7.500015283.9375   17.1127
    0.0000    7.5000    7.500016102.0479   17.0547
    7.5000    7.5000    7.500015589.6064   17.0011
   -7.5000   15.0000    7.500014273.9941   17.1228
    0.0000   15.0000    7.500015078.3301   17.0498
    7.5000   15.0000    7.500014504.0547   16.9871
   -7.5000   22.5000    7.500013222.6436   17.0789
    0.0000   22.5000    7.500013986.7617   17.0091
    7.5000   22.5000    7.500013408.7109   16.9505
   -7.5000   30.0000    7.500011948.3105   16.8216
    0.0000   30.0000    7.500012657.5713   16.7697
    7.5000   30.0000    7.500012147.8467   16.7237
   -7.5000   37.5000    7.500011221.2686   16.8137
    0.0000   37.5000    7.500011903.7715   16.7760
    7.5000   37.5000    7.500011430.3730   16.7384
   -7.5000   45.0000    7.500010032.6289   16.4554
    0.0000   45.0000    7.500010638.7832   16.4165
    7.5000   45.0000    7.500010196.4707   16.3769
   -7.5000  -45.0000   15.000011040.3945   17.0973
    0.0000  -45.0000   15.000011568.9385   17.0526
    7.5000  -45.0000   15.000011298.3330   17.0097
   -7.5000  -37.5000   15.000011833.2559   17.1432
    0.0000  -37.5000   15.000012562.1807   17.0809
    7.5000  -37.5000   15.000012208.0811   17.0257
   -7.5000  -30.0000   15.000013059.0508   17.1515
    0.0000  -30.0000   15.000013994.1260   17.0736
    7.5000  -30.0000   15.000013580.0664   17.0094
   -7.5000  -22.5000   15.000014116.5635   17.1119
    0.0000  -22.5000   15.000014856.3652   17.0363
    7.5000  -22.5000   15.000014404.2285   16.9755
   -7.5000  -15.0000   15.000014836.5879   17.0654
    0.0000  -15.0000   15.000015411.8389   17.0063
    7.5000  -15.0000   15.000014943.4756   16.9565
   -7.5000   -7.5000   15.000015515.1484   17.0591
    0.0000   -7.5000   15.000016174.9160   17.0153
    7.5000   -7.5000   15.000015646.6260   16.9745
   -7.5000    0.0000   15.000015817.6875   17.0973
    0.0000    0.0000   15.000016644.1016   17.0526
    7.5000    0.0000   15.000016059.0625   17.0097
   -7.5000    7.5000   15.000014857.1094   17.1432
    0.0000    7.5000   15.000015718.0566   17.0809
    7.5000    7.5000   15.000015126.6172   17.0257
   -7.5000   15.0000   15.000013799.8271   17.1515
    0.0000   15.0000   15.000014624.3340   17.0736
    7.5000   15.0000   15.000014019.6104   17.0094
   -7.5000   22.5000   15.000012744.1699   17.1040
    0.0000   22.5000   15.000013500.4590   17.0285
    7.5000   22.5000   15.000012933.6064   16.9677
   -7.5000   30.0000   15.000011512.0830   16.8445
    0.0000   30.0000   15.000012205.6689   16.7862
    7.5000   30.0000   15.000011701.2070   16.7371
   -7.5000   37.5000   15.000010805.3613   16.8383
    0.0000   37.5000   15.000011448.9629   16.7951
    7.5000   37.5000   15.000010985.0117   16.7548
   -7.5000   45.0000   15.0000 9698.4844   16.4830
    0.0000   45.0000   15.000010256.7812   16.4400
    7.5000   45.0000   15.0000 9838.7129   16.3986
   -7.5000  -45.0000   22.500010521.8018   17.0910
    0.0000  -45.0000   22.500011096.7461   17.0519
    7.5000  -45.0000   22.500010794.1348   17.0160
   -7.5000  -37.5000   22.500011219.7510   17.1351
    0.0000  -37.5000   22.500012058.4863   17.0770
    7.5000  -37.5000   22.500011616.0430   17.0285
   -7.5000  -30.0000   22.500012374.6074   17.1455
    0.0000  -30.0000   22.500013440.1025   17.0689
    7.5000  -30.0000   22.500012896.0830   17.0088
   -7.5000  -22.5000   22.500013410.3477   17.1100
    0.0000  -22.5000   22.500014319.2764   17.0347
    7.5000  -22.5000   22.500013710.3984   16.9760
   -7.5000  -15.0000   22.500014165.4648   17.0658
    0.0000  -15.0000   22.500014928.6982   17.0083
    7.5000  -15.0000   22.500014294.6807   16.9605
   -7.5000   -7.5000   22.500014736.8301   17.0570
    0.0000   -7.5000   22.500015590.6016   17.0173
    7.5000   -7.5000   22.500014942.0264   16.9809
   -7.5000    0.0000   22.500015032.1533   17.0910
    0.0000    0.0000   22.500015947.7119   17.0519
    7.5000    0.0000   22.500015330.9238   17.0160
   -7.5000    7.5000   22.500014171.5928   17.1351
    0.0000    7.5000   22.500014995.3232   17.0770
    7.5000    7.5000   22.500014444.4170   17.0285
   -7.5000   15.0000   22.500013119.8770   17.1455
    0.0000   15.0000   22.500013848.2793   17.0689
    7.5000   15.0000   22.500013341.3799   17.0088
   -7.5000   22.5000   22.500012143.5752   17.1021
    0.0000   22.5000   22.500012805.4834   17.0269
    7.5000   22.5000   22.500012317.6738   16.9681
   -7.5000   30.0000   22.500011019.9287   16.8449
    0.0000   30.0000   22.500011613.3486   16.7882
    7.5000   30.0000   22.500011168.8916   16.7410
   -7.5000   37.5000   22.500010355.2500   16.8363
    0.0000   37.5000   22.500010927.8008   16.7970
    7.5000   37.5000   22.500010496.2148   16.7611
   -7.5000   45.0000   22.5000 9274.1719   16.4767
    0.0000   45.0000   22.5000 9760.4316   16.4391
    7.5000   45.0000   22.5000 9381.9824   16.4044
   -7.5000  -45.0000   30.0000 9850.3740   17.0608
    0.0000  -45.0000   30.000010470.5459   17.0306
    7.5000  -45.0000   30.000010096.3027   17.0029
   -7.5000  -37.5000   30.000010488.7969   17.1014
    0.0000  -37.5000   30.000011219.4971   17.0510
    7.5000  -37.5000   30.000010778.0322   17.0099
   -7.5000  -30.0000   30.000011472.5479   17.1149
    0.0000  -30.0000   30.000012224.9004   17.0437
    7.5000  -30.0000   30.000011759.2607   16.9889
   -7.5000  -22.5000   30.000012349.0449   17.0864
    0.0000  -22.5000   30.000012977.1855   17.0163
    7.5000  -22.5000   30.000012475.2500   16.9613
   -7.5000  -15.0000   30.000013035.8867   17.0461
    0.0000  -15.0000   30.000013651.7285   16.9957
    7.5000  -15.0000   30.000013147.6094   16.9525
   -7.5000   -7.5000   30.000013665.2930   17.0341
    0.0000   -7.5000   30.000014406.1621   17.0026
    7.5000   -7.5000   30.000013876.1914   16.9729
   -7.5000    0.0000   30.000014060.2705   17.0608
    0.0000    0.0000   30.000014873.2764   17.0306
    7.5000    0.0000   30.000014348.8936   17.0029
   -7.5000    7.5000   30.000013315.8506   17.1014
    0.0000    7.5000   30.000014067.4131   17.0510
    7.5000    7.5000   30.000013581.7393   17.0099
   -7.5000   15.0000   30.000012310.1797   17.1149
    0.0000   15.0000   30.000012978.6270   17.0437
    7.5000   15.0000   30.000012525.1064   16.9889
   -7.5000   22.5000   30.000011388.6504   17.0785
    0.0000   22.5000   30.000011975.7295   17.0085
    7.5000   22.5000   30.000011524.2676   16.9535
   -7.5000   30.0000   30.000010358.3340   16.8255
    0.0000   30.0000   30.000010851.2295   16.7757
    7.5000   30.0000   30.000010444.8027   16.7331
   -7.5000   37.5000   30.0000 9740.5068   16.8136
    0.0000   37.5000   30.000010201.6113   16.7826
    7.5000   37.5000   30.0000 9806.1924   16.7532
   -7.5000   45.0000   30.0000 8754.2881   16.4473
    0.0000   45.0000   30.0000 9145.5791   16.4182
    7.5000   45.0000   30.0000 8791.6416   16.3915
   -7.5000  -45.0000   37.5000 9488.2236   17.1357
    0.0000  -45.0000   37.5000 9999.0762   17.1091
    7.5000  -45.0000   37.5000 9673.5332   17.0822
   -7.5000  -37.5000   37.500010067.2021   17.1752
    0.0000  -37.5000   37.500010648.1748   17.1282
    7.5000  -37.5000   37.500010293.1387   17.0875
   -7.5000  -30.0000   37.500010958.7803   17.1903
    0.0000  -30.0000   37.500011525.2354   17.1231
    7.5000  -30.0000   37.500011142.7725   17.0686
   -7.5000  -22.5000   37.500011720.9268   17.1641
    0.0000  -22.5000   37.500012240.5371   17.0992
    7.5000  -22.5000   37.500011838.1660   17.0455
   -7.5000  -15.0000   37.500012381.6289   17.1249
    0.0000  -15.0000   37.500012919.1963   17.0803
    7.5000  -15.0000   37.500012499.4824   17.0395
   -7.5000   -7.5000   37.500013004.0723   17.1116
    0.0000   -7.5000   37.500013607.0742   17.0851
    7.5000   -7.5000   37.500013157.3311   17.0571
   -7.5000    0.0000   37.500013485.0117   17.1357
    0.0000    0.0000   37.500014171.3037   17.1091
    7.5000    0.0000   37.500013696.5020   17.0822
   -7.5000    7.5000   37.500012846.6699   17.1752
    0.0000    7.5000   37.500013502.3340   17.1282
    7.5000    7.5000   37.500013042.3779   17.0875
   -7.5000   15.0000   37.500011902.7666   17.1903
    0.0000   15.0000   37.500012517.6543   17.1231
    7.5000   15.0000   37.500012058.8369   17.0686
   -7.5000   22.5000   37.500010991.9434   17.1562
    0.0000   22.5000   37.500011535.1309   17.0913
    7.5000   22.5000   37.500011114.9561   17.0376
   -7.5000   30.0000   37.500010035.0938   16.9033
    0.0000   30.0000   37.500010464.9092   16.8593
    7.5000   30.0000   37.500010085.1992   16.8190
   -7.5000   37.5000   37.5000 9417.3662   16.8902
    0.0000   37.5000   37.5000 9828.7998   16.8640
    7.5000   37.5000   37.5000 9458.3066   16.8364
   -7.5000   45.0000   37.5000 8467.7207   16.5192
    0.0000   45.0000   37.5000 8820.2832   16.4935
    7.5000   45.0000   37.5000 8484.1992   16.4675
   -7.5000  -45.0000   45.0000 8802.1826   17.4595
    0.0000  -45.0000   45.0000 9253.3662   17.4261
    7.5000  -45.0000   45.0000 8965.1172   17.3908
   -7.5000  -37.5000   45.0000 9326.6426   17.5065
    0.0000  -37.5000   45.0000 9819.9170   17.4530
    7.5000  -37.5000   45.0000 9504.8359   17.4037
   -7.5000  -30.0000   45.000010130.1729   17.5256
    0.0000  -30.0000   45.000010636.5225   17.4541
    7.5000  -30.0000   45.000010274.5713   17.3926
   -7.5000  -22.5000   45.000010816.4756   17.4956
    0.0000  -22.5000   45.000011330.4688   17.4278
    7.5000  -22.5000   45.000010925.0859   17.3694
   -7.5000  -15.0000   45.000011445.9287   17.4487
    0.0000  -15.0000   45.000011978.1914   17.4010
    7.5000  -15.0000   45.000011541.9971   17.3565
   -7.5000   -7.5000   45.000012012.0684   17.4316
    0.0000   -7.5000   45.000012558.4727   17.4002
    7.5000   -7.5000   45.000012131.3164   17.3667
   -7.5000    0.0000   45.000012481.4414   17.4595
    0.0000    0.0000   45.000013070.2451   17.4261
    7.5000    0.0000   45.000012623.0449   17.3908
   -7.5000    7.5000   45.000011950.4863   17.5065
    0.0000    7.5000   45.000012499.3975   17.4530
    7.5000    7.5000   45.000012071.6670   17.4037
   -7.5000   15.0000   45.000011129.2900   17.5256
    0.0000   15.0000   45.000011631.2539   17.4541
    7.5000   15.0000   45.000011213.9189   17.3926
   -7.5000   22.5000   45.000010268.2549   17.4875
    0.0000   22.5000   45.000010726.4844   17.4197
    7.5000   22.5000   45.000010342.1670   17.3614
   -7.5000   30.0000   45.0000 9366.2500   17.2214
    0.0000   30.0000   45.0000 9764.4385   17.1743
    7.5000   30.0000   45.0000 9410.3398   17.1303
   -7.5000   37.5000   45.0000 8767.4102   17.2045
    0.0000   37.5000   45.0000 9141.5723   17.1736
    7.5000   37.5000   45.0000 8806.1943   17.1404
   -7.5000   45.0000   45.0000 7869.1851   16.8373
    0.0000   45.0000   45.0000 8204.7939   16.8050
    7.5000   45.0000   45.0000 7912.2852   16.7710

---------------------------------------------------------------------
imgreg_4dfp /opt/freesurfer/average/711-2C_as_mni_average_305 /opt/freesurfer/average/711-2B_as_mni_average_305_mask talsrcimg_g11 none talsrcimg_to_711-2C_as_mni_average_305_t4 4355
---------------------------------------------------------------------

freesurfer imgreg_4dfp.c
/opt/freesurfer/average/711-2C_as_mni_average_305.4dfp.img
       256       256       256         1
  1.000000  1.000000  1.000000
orientation T byte_order littleendian
Reading image: /opt/freesurfer/average/711-2C_as_mni_average_305.4dfp.img
dimensions:      256       256       256
mmppix:       1.0000   -1.0000   -1.0000
center:     128.0000 -129.0000 -129.0000
/opt/freesurfer/average/711-2B_as_mni_average_305_mask.4dfp.img
       256       256       256         1
  1.000000  1.000000  1.000000
orientation T byte_order littleendian
Reading mask: /opt/freesurfer/average/711-2B_as_mni_average_305_mask.4dfp.img (2306576 pixels)
talsrcimg_g11.4dfp.img
       256       256       256         1
  1.000000  1.000000  1.000000
orientation T byte_order littleendian
Reading image: talsrcimg_g11.4dfp.img
dimensions:      256       256       256
mmppix:       1.0000   -1.0000   -1.0000
center:     128.0000 -129.0000 -129.0000
rotation matrix determinant  1.000000
image alignment mode   4355 decimal     1103 hex
   -7.5000  -45.0000  -45.0000 2104.8645   16.7209
    0.0000  -45.0000  -45.0000 2125.4043   16.5054
    7.5000  -45.0000  -45.0000 2116.3152   16.5610
   -7.5000  -37.5000  -45.0000 2156.5623   15.7557
    0.0000  -37.5000  -45.0000 2172.6208   15.5577
    7.5000  -37.5000  -45.0000 2169.1863   15.5995
   -7.5000  -30.0000  -45.0000 2181.9951   15.1423
    0.0000  -30.0000  -45.0000 2195.5571   14.9508
    7.5000  -30.0000  -45.0000 2193.8396   14.9976
   -7.5000  -22.5000  -45.0000 2195.5073   14.8720
    0.0000  -22.5000  -45.0000 2215.9050   14.6874
    7.5000  -22.5000  -45.0000 2209.3333   14.7272
   -7.5000  -15.0000  -45.0000 2180.9041   14.9848
    0.0000  -15.0000  -45.0000 2199.5444   14.7149
    7.5000  -15.0000  -45.0000 2194.0488   14.7460
   -7.5000   -7.5000  -45.0000 2161.9563   15.2542
    0.0000   -7.5000  -45.0000 2183.1719   14.9102
    7.5000   -7.5000  -45.0000 2176.8594   14.9607
   -7.5000    0.0000  -45.0000 2128.2725   15.8023
    0.0000    0.0000  -45.0000 2153.1765   15.4702
    7.5000    0.0000  -45.0000 2146.7683   15.5518
   -7.5000    7.5000  -45.0000 2072.8142   16.6307
    0.0000    7.5000  -45.0000 2100.3423   16.3263
    7.5000    7.5000  -45.0000 2095.2505   16.3845
   -7.5000   15.0000  -45.0000 2010.1655   17.8844
    0.0000   15.0000  -45.0000 2033.5736   17.4607
    7.5000   15.0000  -45.0000 2024.5171   17.4638
   -7.5000   22.5000  -45.0000 1929.2482   19.4880
    0.0000   22.5000  -45.0000 1950.8021   18.9682
    7.5000   22.5000  -45.0000 1939.7151   18.9701
   -7.5000   30.0000  -45.0000 1822.5471   21.4792
    0.0000   30.0000  -45.0000 1846.7943   20.9701
    7.5000   30.0000  -45.0000 1840.7894   20.9188
   -7.5000   37.5000  -45.0000 1719.9199   24.0135
    0.0000   37.5000  -45.0000 1746.5513   23.5869
    7.5000   37.5000  -45.0000 1735.6342   23.5489
   -7.5000   45.0000  -45.0000 1606.5759   27.5375
    0.0000   45.0000  -45.0000 1630.9828   27.1448
    7.5000   45.0000  -45.0000 1630.7462   26.9937
   -7.5000  -45.0000  -37.5000 2195.5522   15.6223
    0.0000  -45.0000  -37.5000 2220.4932   15.4073
    7.5000  -45.0000  -37.5000 2209.8716   15.4685
   -7.5000  -37.5000  -37.5000 2255.9585   14.6907
    0.0000  -37.5000  -37.5000 2282.4172   14.4918
    7.5000  -37.5000  -37.5000 2272.0820   14.5377
   -7.5000  -30.0000  -37.5000 2283.5027   14.0578
    0.0000  -30.0000  -37.5000 2304.5767   13.9059
    7.5000  -30.0000  -37.5000 2299.2566   13.9314
   -7.5000  -22.5000  -37.5000 2293.5024   13.7768
    0.0000  -22.5000  -37.5000 2315.6096   13.5964
    7.5000  -22.5000  -37.5000 2310.2898   13.6200
   -7.5000  -15.0000  -37.5000 2284.5896   13.8123
    0.0000  -15.0000  -37.5000 2306.9175   13.5907
    7.5000  -15.0000  -37.5000 2303.8618   13.5900
   -7.5000   -7.5000  -37.5000 2269.5547   14.0192
    0.0000   -7.5000  -37.5000 2290.6819   13.7453
    7.5000   -7.5000  -37.5000 2285.8887   13.7844
   -7.5000    0.0000  -37.5000 2231.2112   14.4924
    0.0000    0.0000  -37.5000 2264.8201   14.2367
    7.5000    0.0000  -37.5000 2260.4163   14.3011
   -7.5000    7.5000  -37.5000 2184.1160   15.2802
    0.0000    7.5000  -37.5000 2210.3101   14.9977
    7.5000    7.5000  -37.5000 2207.4077   15.0470
   -7.5000   15.0000  -37.5000 2116.2517   16.4066
    0.0000   15.0000  -37.5000 2138.4854   16.0335
    7.5000   15.0000  -37.5000 2133.3850   16.0424
   -7.5000   22.5000  -37.5000 2030.6598   17.8433
    0.0000   22.5000  -37.5000 2053.2847   17.3718
    7.5000   22.5000  -37.5000 2039.2170   17.3711
   -7.5000   30.0000  -37.5000 1919.1344   19.6376
    0.0000   30.0000  -37.5000 1939.4502   19.1550
    7.5000   30.0000  -37.5000 1932.4038   19.1086
   -7.5000   37.5000  -37.5000 1806.6958   21.9456
    0.0000   37.5000  -37.5000 1833.7346   21.5608
    7.5000   37.5000  -37.5000 1821.1730   21.5104
   -7.5000   45.0000  -37.5000 1678.3694   25.1583
    0.0000   45.0000  -37.5000 1697.6820   24.7245
    7.5000   45.0000  -37.5000 1694.7057   24.6572
   -7.5000  -45.0000  -30.0000 2327.8643   15.1093
    0.0000  -45.0000  -30.0000 2354.5735   14.8718
    7.5000  -45.0000  -30.0000 2342.7822   14.9109
   -7.5000  -37.5000  -30.0000 2393.6592   14.1746
    0.0000  -37.5000  -30.0000 2428.4990   13.9760
    7.5000  -37.5000  -30.0000 2415.0654   14.0170
   -7.5000  -30.0000  -30.0000 2424.4604   13.5368
    0.0000  -30.0000  -30.0000 2452.5400   13.3670
    7.5000  -30.0000  -30.0000 2439.6047   13.3595
   -7.5000  -22.5000  -30.0000 2438.0742   13.2031
    0.0000  -22.5000  -30.0000 2466.6233   13.0126
    7.5000  -22.5000  -30.0000 2456.6907   13.0135
   -7.5000  -15.0000  -30.0000 2431.8911   13.2033
    0.0000  -15.0000  -30.0000 2462.1567   12.9968
    7.5000  -15.0000  -30.0000 2454.1890   12.9731
   -7.5000   -7.5000  -30.0000 2413.6965   13.3877
    0.0000   -7.5000  -30.0000 2442.4016   13.1617
    7.5000   -7.5000  -30.0000 2436.4065   13.1807
   -7.5000    0.0000  -30.0000 2375.9065   13.8049
    0.0000    0.0000  -30.0000 2415.2927   13.6130
    7.5000    0.0000  -30.0000 2411.6836   13.6552
   -7.5000    7.5000  -30.0000 2327.2192   14.5209
    0.0000    7.5000  -30.0000 2362.7461   14.2852
    7.5000    7.5000  -30.0000 2359.9666   14.3003
   -7.5000   15.0000  -30.0000 2256.3472   15.5508
    0.0000   15.0000  -30.0000 2284.9612   15.2222
    7.5000   15.0000  -30.0000 2277.8020   15.2439
   -7.5000   22.5000  -30.0000 2162.1970   16.8704
    0.0000   22.5000  -30.0000 2190.7966   16.4590
    7.5000   22.5000  -30.0000 2178.7065   16.4731
   -7.5000   30.0000  -30.0000 2045.0594   18.5336
    0.0000   30.0000  -30.0000 2064.1187   18.1247
    7.5000   30.0000  -30.0000 2059.6091   18.1205
   -7.5000   37.5000  -30.0000 1922.5671   20.7189
    0.0000   37.5000  -30.0000 1951.3059   20.3651
    7.5000   37.5000  -30.0000 1942.4922   20.3505
   -7.5000   45.0000  -30.0000 1785.6329   23.6665
    0.0000   45.0000  -30.0000 1809.7944   23.3429
    7.5000   45.0000  -30.0000 1801.4945   23.3370
   -7.5000  -45.0000  -22.5000 2427.6533   14.4876
    0.0000  -45.0000  -22.5000 2456.8918   14.2426
    7.5000  -45.0000  -22.5000 2443.2815   14.2913
   -7.5000  -37.5000  -22.5000 2501.7698   13.5279
    0.0000  -37.5000  -22.5000 2535.0618   13.2878
    7.5000  -37.5000  -22.5000 2522.4460   13.3273
   -7.5000  -30.0000  -22.5000 2536.1609   12.8575
    0.0000  -30.0000  -22.5000 2568.5315   12.6589
    7.5000  -30.0000  -22.5000 2558.2107   12.6730
   -7.5000  -22.5000  -22.5000 2559.0034   12.4860
    0.0000  -22.5000  -22.5000 2590.1108   12.3092
    7.5000  -22.5000  -22.5000 2579.3184   12.3038
   -7.5000  -15.0000  -22.5000 2562.0146   12.4466
    0.0000  -15.0000  -22.5000 2598.3503   12.2693
    7.5000  -15.0000  -22.5000 2581.6038   12.2358
   -7.5000   -7.5000  -22.5000 2543.4172   12.6080
    0.0000   -7.5000  -22.5000 2577.8140   12.4432
    7.5000   -7.5000  -22.5000 2567.9998   12.4562
   -7.5000    0.0000  -22.5000 2504.0552   13.0199
    0.0000    0.0000  -22.5000 2546.0806   12.8728
    7.5000    0.0000  -22.5000 2538.9014   12.8965
   -7.5000    7.5000  -22.5000 2453.6990   13.6686
    0.0000    7.5000  -22.5000 2498.7415   13.5080
    7.5000    7.5000  -22.5000 2491.9656   13.4757
   -7.5000   15.0000  -22.5000 2378.6187   14.6447
    0.0000   15.0000  -22.5000 2419.4678   14.3371
    7.5000   15.0000  -22.5000 2407.9238   14.3536
   -7.5000   22.5000  -22.5000 2276.7449   15.8577
    0.0000   22.5000  -22.5000 2313.3333   15.4873
    7.5000   22.5000  -22.5000 2305.0139   15.5015
   -7.5000   30.0000  -22.5000 2153.6426   17.3993
    0.0000   30.0000  -22.5000 2176.3040   17.0113
    7.5000   30.0000  -22.5000 2175.0867   17.0542
   -7.5000   37.5000  -22.5000 2020.9010   19.4311
    0.0000   37.5000  -22.5000 2049.7122   19.0491
    7.5000   37.5000  -22.5000 2048.7102   19.1235
   -7.5000   45.0000  -22.5000 1874.4187   22.1731
    0.0000   45.0000  -22.5000 1897.7356   21.8280
    7.5000   45.0000  -22.5000 1896.3850   21.8569
   -7.5000  -45.0000  -15.0000 2485.1050   13.8963
    0.0000  -45.0000  -15.0000 2515.6089   13.6474
    7.5000  -45.0000  -15.0000 2503.7256   13.6890
   -7.5000  -37.5000  -15.0000 2563.5027   12.8927
    0.0000  -37.5000  -15.0000 2595.6475   12.6316
    7.5000  -37.5000  -15.0000 2583.4290   12.6594
   -7.5000  -30.0000  -15.0000 2612.2402   12.1705
    0.0000  -30.0000  -15.0000 2644.7625   11.9675
    7.5000  -30.0000  -15.0000 2639.2927   11.9994
   -7.5000  -22.5000  -15.0000 2644.0925   11.7870
    0.0000  -22.5000  -15.0000 2677.7234   11.5954
    7.5000  -22.5000  -15.0000 2668.6421   11.5975
   -7.5000  -15.0000  -15.0000 2654.9658   11.6883
    0.0000  -15.0000  -15.0000 2698.0806   11.5044
    7.5000  -15.0000  -15.0000 2680.8943   11.4950
   -7.5000   -7.5000  -15.0000 2641.1216   11.8715
    0.0000   -7.5000  -15.0000 2683.5571   11.7260
    7.5000   -7.5000  -15.0000 2672.0420   11.7290
   -7.5000    0.0000  -15.0000 2605.9121   12.2670
    0.0000    0.0000  -15.0000 2654.2354   12.1189
    7.5000    0.0000  -15.0000 2643.1650   12.1278
   -7.5000    7.5000  -15.0000 2553.0718   12.8762
    0.0000    7.5000  -15.0000 2600.2546   12.6884
    7.5000    7.5000  -15.0000 2590.3777   12.6810
   -7.5000   15.0000  -15.0000 2474.3064   13.7702
    0.0000   15.0000  -15.0000 2517.3062   13.4915
    7.5000   15.0000  -15.0000 2507.3694   13.4690
   -7.5000   22.5000  -15.0000 2366.3293   14.9103
    0.0000   22.5000  -15.0000 2405.5466   14.5660
    7.5000   22.5000  -15.0000 2397.3701   14.5581
   -7.5000   30.0000  -15.0000 2230.8884   16.3658
    0.0000   30.0000  -15.0000 2256.7820   16.0189
    7.5000   30.0000  -15.0000 2256.7385   16.0465
   -7.5000   37.5000  -15.0000 2093.8774   18.2269
    0.0000   37.5000  -15.0000 2121.6243   17.9206
    7.5000   37.5000  -15.0000 2118.6553   18.0110
   -7.5000   45.0000  -15.0000 1938.6625   20.8040
    0.0000   45.0000  -15.0000 1962.2585   20.4566
    7.5000   45.0000  -15.0000 1960.0845   20.5104
   -7.5000  -45.0000   -7.5000 2515.5344   13.3419
    0.0000  -45.0000   -7.5000 2545.5088   13.0872
    7.5000  -45.0000   -7.5000 2533.3628   13.1100
   -7.5000  -37.5000   -7.5000 2601.4968   12.3401
    0.0000  -37.5000   -7.5000 2634.4756   12.0764
    7.5000  -37.5000   -7.5000 2623.5574   12.1088
   -7.5000  -30.0000   -7.5000 2662.8142   11.5826
    0.0000  -30.0000   -7.5000 2701.4575   11.3371
    7.5000  -30.0000   -7.5000 2693.2590   11.3786
   -7.5000  -22.5000   -7.5000 2701.6042   11.1628
    0.0000  -22.5000   -7.5000 2743.5969   10.9312
    7.5000  -22.5000   -7.5000 2732.1399   10.9445
   -7.5000  -15.0000   -7.5000 2719.2734   11.0186
    0.0000  -15.0000   -7.5000 2767.0383   10.7698
    7.5000  -15.0000   -7.5000 2755.7668   10.7986
   -7.5000   -7.5000   -7.5000 2714.8801   11.2111
    0.0000   -7.5000   -7.5000 2765.4800   11.0260
    7.5000   -7.5000   -7.5000 2756.2520   11.0386
   -7.5000    0.0000   -7.5000 2686.4250   11.5883
    0.0000    0.0000   -7.5000 2735.0222   11.4259
    7.5000    0.0000   -7.5000 2728.1421   11.4145
   -7.5000    7.5000   -7.5000 2635.8948   12.1920
    0.0000    7.5000   -7.5000 2678.9712   11.9532
    7.5000    7.5000   -7.5000 2672.7893   11.9462
   -7.5000   15.0000   -7.5000 2546.3538   12.9872
    0.0000   15.0000   -7.5000 2591.7251   12.7151
    7.5000   15.0000   -7.5000 2581.1609   12.6920
   -7.5000   22.5000   -7.5000 2432.5916   14.0987
    0.0000   22.5000   -7.5000 2475.2661   13.7573
    7.5000   22.5000   -7.5000 2466.7373   13.7473
   -7.5000   30.0000   -7.5000 2294.4607   15.4957
    0.0000   30.0000   -7.5000 2330.0161   15.1556
    7.5000   30.0000   -7.5000 2326.1296   15.1895
   -7.5000   37.5000   -7.5000 2147.4753   17.2649
    0.0000   37.5000   -7.5000 2172.8604   16.9646
    7.5000   37.5000   -7.5000 2174.2556   17.0310
   -7.5000   45.0000   -7.5000 1979.6180   19.6812
    0.0000   45.0000   -7.5000 2005.6506   19.2799
    7.5000   45.0000   -7.5000 2005.3418   19.3781
   -7.5000  -45.0000    0.0000 2519.0889   13.0657
    0.0000  -45.0000    0.0000 2549.0437   12.7374
    7.5000  -45.0000    0.0000 2541.2578   12.7792
   -7.5000  -37.5000    0.0000 2615.9834   12.0448
    0.0000  -37.5000    0.0000 2648.7117   11.7193
    7.5000  -37.5000    0.0000 2641.9326   11.7489
   -7.5000  -30.0000    0.0000 2697.8806   11.2577
    0.0000  -30.0000    0.0000 2734.8000   10.9453
    7.5000  -30.0000    0.0000 2724.1499   10.9936
   -7.5000  -22.5000    0.0000 2748.0974   10.7681
    0.0000  -22.5000    0.0000 2790.5276   10.4351
    7.5000  -22.5000    0.0000 2777.4629   10.4718
   -7.5000  -15.0000    0.0000 2773.9258   10.5544
    0.0000  -15.0000    0.0000 2822.8240   10.2302
    7.5000  -15.0000    0.0000 2810.7959   10.2620
   -7.5000   -7.5000    0.0000 2769.2683   10.7301
    0.0000   -7.5000    0.0000 2825.0466   10.4564
    7.5000   -7.5000    0.0000 2819.5371   10.4697
   -7.5000    0.0000    0.0000 2742.9243   11.1266
    0.0000    0.0000    0.0000 2789.8440   10.8554
    7.5000    0.0000    0.0000 2792.1577   10.8663
   -7.5000    7.5000    0.0000 2689.4709   11.6820
    0.0000    7.5000    0.0000 2731.6680   11.3799
    7.5000    7.5000    0.0000 2729.8213   11.3951
   -7.5000   15.0000    0.0000 2596.5698   12.4718
    0.0000   15.0000    0.0000 2644.2954   12.1110
    7.5000   15.0000    0.0000 2634.8884   12.1223
   -7.5000   22.5000    0.0000 2481.3433   13.5232
    0.0000   22.5000    0.0000 2522.3601   13.1446
    7.5000   22.5000    0.0000 2515.1172   13.1739
   -7.5000   30.0000    0.0000 2339.2979   14.9095
    0.0000   30.0000    0.0000 2383.0264   14.5389
    7.5000   30.0000    0.0000 2376.9946   14.5785
   -7.5000   37.5000    0.0000 2185.6384   16.6583
    0.0000   37.5000    0.0000 2222.8323   16.2906
    7.5000   37.5000    0.0000 2224.3440   16.3687
   -7.5000   45.0000    0.0000 2014.5201   19.0047
    0.0000   45.0000    0.0000 2051.4302   18.5594
    7.5000   45.0000    0.0000 2052.9502   18.6822
   -7.5000  -45.0000    7.5000 2508.2708   13.0601
    0.0000  -45.0000    7.5000 2542.0750   12.6547
    7.5000  -45.0000    7.5000 2537.2461   12.7065
   -7.5000  -37.5000    7.5000 2614.9187   12.0345
    0.0000  -37.5000    7.5000 2643.9263   11.6523
    7.5000  -37.5000    7.5000 2647.1091   11.6849
   -7.5000  -30.0000    7.5000 2709.9622   11.2438
    0.0000  -30.0000    7.5000 2745.1902   10.8584
    7.5000  -30.0000    7.5000 2745.4807   10.9222
   -7.5000  -22.5000    7.5000 2778.4851   10.6676
    0.0000  -22.5000    7.5000 2815.8923   10.2249
    7.5000  -22.5000    7.5000 2809.6335   10.2948
   -7.5000  -15.0000    7.5000 2819.7434   10.3473
    0.0000  -15.0000    7.5000 2861.4631    9.9226
    7.5000  -15.0000    7.5000 2854.9504    9.9932
   -7.5000   -7.5000    7.5000 2825.8281   10.4810
    0.0000   -7.5000    7.5000 2877.1582   10.0662
    7.5000   -7.5000    7.5000 2880.0959   10.1588
   -7.5000    0.0000    7.5000 2790.9031   10.8741
    0.0000    0.0000    7.5000 2836.7131   10.4678
    7.5000    0.0000    7.5000 2846.4351   10.5406
   -7.5000    7.5000    7.5000 2731.1133   11.3940
    0.0000    7.5000    7.5000 2776.7737   11.0065
    7.5000    7.5000    7.5000 2782.6343   11.0425
   -7.5000   15.0000    7.5000 2637.7742   12.1640
    0.0000   15.0000    7.5000 2683.6411   11.7685
    7.5000   15.0000    7.5000 2684.4050   11.7763
   -7.5000   22.5000    7.5000 2522.2163   13.2670
    0.0000   22.5000    7.5000 2561.5583   12.8756
    7.5000   22.5000    7.5000 2560.3650   12.8747
   -7.5000   30.0000    7.5000 2381.3389   14.6518
    0.0000   30.0000    7.5000 2420.3433   14.2716
    7.5000   30.0000    7.5000 2417.6570   14.2843
   -7.5000   37.5000    7.5000 2219.3806   16.3798
    0.0000   37.5000    7.5000 2260.3264   15.9741
    7.5000   37.5000    7.5000 2262.9683   16.0216
   -7.5000   45.0000    7.5000 2044.2391   18.5895
    0.0000   45.0000    7.5000 2083.7402   18.1676
    7.5000   45.0000    7.5000 2084.7053   18.2273
   -7.5000  -45.0000   15.0000 2487.1619   13.2393
    0.0000  -45.0000   15.0000 2514.6160   12.7355
    7.5000  -45.0000   15.0000 2518.1289   12.8335
   -7.5000  -37.5000   15.0000 2608.8398   12.2758
    0.0000  -37.5000   15.0000 2633.5315   11.8294
    7.5000  -37.5000   15.0000 2643.7358   11.8955
   -7.5000  -30.0000   15.0000 2716.2056   11.4929
    0.0000  -30.0000   15.0000 2750.3252   11.1499
    7.5000  -30.0000   15.0000 2759.0830   11.1697
   -7.5000  -22.5000   15.0000 2799.8145   10.8836
    0.0000  -22.5000   15.0000 2844.5400   10.4558
    7.5000  -22.5000   15.0000 2838.5530   10.5229
   -7.5000  -15.0000   15.0000 2851.7334   10.4487
    0.0000  -15.0000   15.0000 2885.4504    9.9509
    7.5000  -15.0000   15.0000 2885.2034   10.0392
   -7.5000   -7.5000   15.0000 2863.8452   10.4464
    0.0000   -7.5000   15.0000 2915.6252    9.9664
    7.5000   -7.5000   15.0000 2916.0623   10.0359
   -7.5000    0.0000   15.0000 2820.4568   10.7323
    0.0000    0.0000   15.0000 2872.1941   10.3232
    7.5000    0.0000   15.0000 2877.6038   10.3563
   -7.5000    7.5000   15.0000 2752.8184   11.2450
    0.0000    7.5000   15.0000 2801.9741   10.8893
    7.5000    7.5000   15.0000 2806.8228   10.8888
   -7.5000   15.0000   15.0000 2658.9243   12.0418
    0.0000   15.0000   15.0000 2706.1667   11.6799
    7.5000   15.0000   15.0000 2708.7571   11.6528
   -7.5000   22.5000   15.0000 2539.0081   13.1550
    0.0000   22.5000   15.0000 2580.3318   12.8090
    7.5000   22.5000   15.0000 2580.8870   12.7723
   -7.5000   30.0000   15.0000 2395.9131   14.5152
    0.0000   30.0000   15.0000 2436.7466   14.1779
    7.5000   30.0000   15.0000 2434.3210   14.1812
   -7.5000   37.5000   15.0000 2237.0271   16.2166
    0.0000   37.5000   15.0000 2273.7051   15.9092
    7.5000   37.5000   15.0000 2275.5730   15.9266
   -7.5000   45.0000   15.0000 2068.7424   18.4436
    0.0000   45.0000   15.0000 2096.2754   18.0690
    7.5000   45.0000   15.0000 2097.4028   18.0947
   -7.5000  -45.0000   22.5000 2464.7595   13.6330
    0.0000  -45.0000   22.5000 2491.8281   13.2012
    7.5000  -45.0000   22.5000 2497.3020   13.2684
   -7.5000  -37.5000   22.5000 2587.3157   12.6097
    0.0000  -37.5000   22.5000 2624.9673   12.2900
    7.5000  -37.5000   22.5000 2625.0825   12.2862
   -7.5000  -30.0000   22.5000 2692.4519   11.7709
    0.0000  -30.0000   22.5000 2744.9473   11.5785
    7.5000  -30.0000   22.5000 2739.4807   11.5052
   -7.5000  -22.5000   22.5000 2791.4863   11.1756
    0.0000  -22.5000   22.5000 2842.9519   10.8475
    7.5000  -22.5000   22.5000 2827.4509   10.8511
   -7.5000  -15.0000   22.5000 2858.2424   10.7706
    0.0000  -15.0000   22.5000 2899.6433   10.3503
    7.5000  -15.0000   22.5000 2887.1780   10.3502
   -7.5000   -7.5000   22.5000 2864.3096   10.5710
    0.0000   -7.5000   22.5000 2924.1104   10.2005
    7.5000   -7.5000   22.5000 2919.6812   10.2135
   -7.5000    0.0000   22.5000 2820.8042   10.7925
    0.0000    0.0000   22.5000 2878.5203   10.4909
    7.5000    0.0000   22.5000 2882.0295   10.4922
   -7.5000    7.5000   22.5000 2758.5264   11.3322
    0.0000    7.5000   22.5000 2803.3228   11.0158
    7.5000    7.5000   22.5000 2808.3218   11.0192
   -7.5000   15.0000   22.5000 2659.3940   12.1375
    0.0000   15.0000   22.5000 2704.0349   11.7780
    7.5000   15.0000   22.5000 2706.1821   11.7478
   -7.5000   22.5000   22.5000 2537.2361   13.2294
    0.0000   22.5000   22.5000 2579.7366   12.8670
    7.5000   22.5000   22.5000 2581.1956   12.8353
   -7.5000   30.0000   22.5000 2393.6504   14.5488
    0.0000   30.0000   22.5000 2430.5730   14.2126
    7.5000   30.0000   22.5000 2430.4265   14.2141
   -7.5000   37.5000   22.5000 2237.7607   16.2025
    0.0000   37.5000   22.5000 2275.5188   15.9170
    7.5000   37.5000   22.5000 2274.6489   15.9461
   -7.5000   45.0000   22.5000 2069.2163   18.3716
    0.0000   45.0000   22.5000 2091.9290   18.0368
    7.5000   45.0000   22.5000 2090.6309   18.1001
   -7.5000  -45.0000   30.0000 2429.2317   14.1677
    0.0000  -45.0000   30.0000 2467.5784   13.8399
    7.5000  -45.0000   30.0000 2466.0107   13.8557
   -7.5000  -37.5000   30.0000 2550.7930   13.0534
    0.0000  -37.5000   30.0000 2592.5522   12.7555
    7.5000  -37.5000   30.0000 2591.1360   12.7468
   -7.5000  -30.0000   30.0000 2656.9329   12.1434
    0.0000  -30.0000   30.0000 2702.9214   11.8725
    7.5000  -30.0000   30.0000 2703.1858   11.8205
   -7.5000  -22.5000   30.0000 2758.0791   11.5251
    0.0000  -22.5000   30.0000 2794.1831   11.0748
    7.5000  -22.5000   30.0000 2788.2314   11.0954
   -7.5000  -15.0000   30.0000 2815.3157   11.0957
    0.0000  -15.0000   30.0000 2856.5393   10.6912
    7.5000  -15.0000   30.0000 2852.5186   10.6688
   -7.5000   -7.5000   30.0000 2832.6523   10.9517
    0.0000   -7.5000   30.0000 2891.9971   10.6625
    7.5000   -7.5000   30.0000 2890.6270   10.6520
   -7.5000    0.0000   30.0000 2794.0955   11.1869
    0.0000    0.0000   30.0000 2858.4146   10.9592
    7.5000    0.0000   30.0000 2860.1687   10.9604
   -7.5000    7.5000   30.0000 2730.5154   11.6978
    0.0000    7.5000   30.0000 2781.5295   11.4403
    7.5000    7.5000   30.0000 2782.0938   11.4285
   -7.5000   15.0000   30.0000 2629.2554   12.4456
    0.0000   15.0000   30.0000 2675.6328   12.1389
    7.5000   15.0000   30.0000 2671.2412   12.0970
   -7.5000   22.5000   30.0000 2511.0630   13.4657
    0.0000   22.5000   30.0000 2550.4607   13.1063
    7.5000   22.5000   30.0000 2546.5457   13.0656
   -7.5000   30.0000   30.0000 2370.8489   14.7140
    0.0000   30.0000   30.0000 2398.1086   14.3393
    7.5000   30.0000   30.0000 2397.9417   14.3577
   -7.5000   37.5000   30.0000 2218.4307   16.3348
    0.0000   37.5000   30.0000 2249.2080   15.9575
    7.5000   37.5000   30.0000 2249.0977   16.0143
   -7.5000   45.0000   30.0000 2054.6890   18.5295
    0.0000   45.0000   30.0000 2078.8274   18.1653
    7.5000   45.0000   30.0000 2078.1387   18.1843
   -7.5000  -45.0000   37.5000 2395.3960   14.8410
    0.0000  -45.0000   37.5000 2429.9666   14.4333
    7.5000  -45.0000   37.5000 2428.9856   14.4660
   -7.5000  -37.5000   37.5000 2511.3430   13.6548
    0.0000  -37.5000   37.5000 2549.9902   13.2285
    7.5000  -37.5000   37.5000 2552.5664   13.2572
   -7.5000  -30.0000   37.5000 2614.8994   12.6435
    0.0000  -30.0000   37.5000 2661.5669   12.2507
    7.5000  -30.0000   37.5000 2661.4011   12.2492
   -7.5000  -22.5000   37.5000 2701.4539   11.9491
    0.0000  -22.5000   37.5000 2741.5935   11.4611
    7.5000  -22.5000   37.5000 2738.6189   11.4995
   -7.5000  -15.0000   37.5000 2752.7974   11.5463
    0.0000  -15.0000   37.5000 2804.4570   11.1500
    7.5000  -15.0000   37.5000 2803.0115   11.1628
   -7.5000   -7.5000   37.5000 2778.2192   11.4469
    0.0000   -7.5000   37.5000 2828.8508   11.1563
    7.5000   -7.5000   37.5000 2830.0830   11.1562
   -7.5000    0.0000   37.5000 2743.5249   11.7341
    0.0000    0.0000   37.5000 2801.2371   11.4630
    7.5000    0.0000   37.5000 2802.9839   11.4665
   -7.5000    7.5000   37.5000 2682.2834   12.2359
    0.0000    7.5000   37.5000 2732.8538   11.9864
    7.5000    7.5000   37.5000 2737.7673   11.9661
   -7.5000   15.0000   37.5000 2580.7700   12.9721
    0.0000   15.0000   37.5000 2627.9907   12.6863
    7.5000   15.0000   37.5000 2623.5461   12.6235
   -7.5000   22.5000   37.5000 2466.8240   13.9539
    0.0000   22.5000   37.5000 2503.5093   13.6115
    7.5000   22.5000   37.5000 2502.5955   13.5664
   -7.5000   30.0000   37.5000 2332.5967   15.1687
    0.0000   30.0000   37.5000 2354.4202   14.8112
    7.5000   30.0000   37.5000 2356.8223   14.7794
   -7.5000   37.5000   37.5000 2181.6184   16.6851
    0.0000   37.5000   37.5000 2210.3203   16.3365
    7.5000   37.5000   37.5000 2210.4397   16.3565
   -7.5000   45.0000   37.5000 2027.3286   18.8092
    0.0000   45.0000   37.5000 2055.6240   18.4067
    7.5000   45.0000   37.5000 2055.0054   18.4422
   -7.5000  -45.0000   45.0000 2347.4094   15.6582
    0.0000  -45.0000   45.0000 2386.5264   15.1763
    7.5000  -45.0000   45.0000 2386.2866   15.1964
   -7.5000  -37.5000   45.0000 2455.0322   14.3484
    0.0000  -37.5000   45.0000 2501.9402   13.8926
    7.5000  -37.5000   45.0000 2505.1541   13.9046
   -7.5000  -30.0000   45.0000 2554.6375   13.3192
    0.0000  -30.0000   45.0000 2602.7458   12.8366
    7.5000  -30.0000   45.0000 2604.5801   12.8591
   -7.5000  -22.5000   45.0000 2628.1638   12.5405
    0.0000  -22.5000   45.0000 2682.0146   12.1214
    7.5000  -22.5000   45.0000 2679.4590   12.1433
   -7.5000  -15.0000   45.0000 2684.5811   12.2002
    0.0000  -15.0000   45.0000 2739.1531   11.8213
    7.5000  -15.0000   45.0000 2735.5989   11.8231
   -7.5000   -7.5000   45.0000 2701.9036   12.1140
    0.0000   -7.5000   45.0000 2747.8098   11.8347
    7.5000   -7.5000   45.0000 2751.7258   11.8326
   -7.5000    0.0000   45.0000 2668.5605   12.4223
    0.0000    0.0000   45.0000 2716.2871   12.1215
    7.5000    0.0000   45.0000 2721.3066   12.1147
   -7.5000    7.5000   45.0000 2608.7002   12.9153
    0.0000    7.5000   45.0000 2655.2644   12.6140
    7.5000    7.5000   45.0000 2659.8718   12.5817
   -7.5000   15.0000   45.0000 2518.5698   13.6306
    0.0000   15.0000   45.0000 2558.6880   13.3035
    7.5000   15.0000   45.0000 2557.8872   13.2691
   -7.5000   22.5000   45.0000 2408.3174   14.5660
    0.0000   22.5000   45.0000 2443.5513   14.2270
    7.5000   22.5000   45.0000 2442.9658   14.1889
   -7.5000   30.0000   45.0000 2275.3120   15.7757
    0.0000   30.0000   45.0000 2301.9841   15.4369
    7.5000   30.0000   45.0000 2299.9043   15.4191
   -7.5000   37.5000   45.0000 2133.2437   17.2796
    0.0000   37.5000   45.0000 2155.6233   16.9632
    7.5000   37.5000   45.0000 2153.5603   16.9749
   -7.5000   45.0000   45.0000 1989.8068   19.3923
    0.0000   45.0000   45.0000 2014.1296   18.9720
    7.5000   45.0000   45.0000 2015.1542   19.0161

---------------------------------------------------------------------
imgreg_4dfp /opt/freesurfer/average/711-2C_as_mni_average_305 /opt/freesurfer/average/711-2B_as_mni_average_305_mask talsrcimg_g11 none talsrcimg_to_711-2C_as_mni_average_305_t4 1283
---------------------------------------------------------------------

freesurfer imgreg_4dfp.c
/opt/freesurfer/average/711-2C_as_mni_average_305.4dfp.img
       256       256       256         1
  1.000000  1.000000  1.000000
orientation T byte_order littleendian
Reading image: /opt/freesurfer/average/711-2C_as_mni_average_305.4dfp.img
dimensions:      256       256       256
mmppix:       1.0000   -1.0000   -1.0000
center:     128.0000 -129.0000 -129.0000
/opt/freesurfer/average/711-2B_as_mni_average_305_mask.4dfp.img
       256       256       256         1
  1.000000  1.000000  1.000000
orientation T byte_order littleendian
Reading mask: /opt/freesurfer/average/711-2B_as_mni_average_305_mask.4dfp.img (2306576 pixels)
talsrcimg_g11.4dfp.img
       256       256       256         1
  1.000000  1.000000  1.000000
orientation T byte_order littleendian
Reading image: talsrcimg_g11.4dfp.img
dimensions:      256       256       256
mmppix:       1.0000   -1.0000   -1.0000
center:     128.0000 -129.0000 -129.0000
rotation matrix determinant  1.000000
fimgreg.f
image alignment mode   1283 decimal      503 hex
parameters
    0.0000   -7.5000   22.5000    0.0000    0.0000    0.0000
eta,q 0.91964 10.19429
niter,ni,del,rscale     5    3   12.0000    1.2000
parameter  4  1.113034 ->  0.500000 qaram    1.1500
parameters
    2.7763  -10.4714   20.9139   -3.4500   -1.3954   -0.5192
eta,q 0.92437 10.23214
  0.1013  0.0819  0.0807  0.0758  0.0817  0.0799
  0.0954  0.0799  0.0794  0.0761  0.0778  0.0777
  0.0889  0.0786  0.0785  0.0774  0.0759  0.0759
  0.0845  0.0812  0.0789  0.0787  0.0765  0.0758
  0.0819  0.0846  0.0801  0.0816  0.0797  0.0770
  0.0824  0.0860  0.0820  0.0852  0.0838  0.0788
  0.0859  0.0888  0.0850  0.0878  0.0889  0.0815
niter,ni,del,rscale     5    3   12.0000    1.2000
parameters
    3.2158   -8.9171   20.4732   -4.9128   -2.1447   -0.2956
eta,q 0.92805 10.18384
  0.0907  0.0938  0.0794  0.0786  0.0799  0.0782
  0.0861  0.0855  0.0768  0.0737  0.0750  0.0757
  0.0803  0.0791  0.0734  0.0720  0.0723  0.0731
  0.0756  0.0753  0.0733  0.0730  0.0722  0.0719
  0.0772  0.0732  0.0756  0.0751  0.0747  0.0727
  0.0828  0.0766  0.0779  0.0803  0.0790  0.0746
  0.0882  0.0814  0.0810  0.0856  0.0838  0.0777
niter,ni,del,rscale     4    3   12.0000    1.2000
parameters
    3.5847   -8.1604   20.2274   -5.3326   -2.5228   -0.0200
eta,q 0.92880 10.15408
  0.0894  0.0895  0.0793  0.0806  0.0804  0.0782
  0.0835  0.0814  0.0765  0.0754  0.0751  0.0752
  0.0763  0.0754  0.0723  0.0715  0.0718  0.0724
  0.0720  0.0718  0.0715  0.0713  0.0713  0.0712
  0.0738  0.0732  0.0742  0.0730  0.0732  0.0719
  0.0799  0.0784  0.0769  0.0771  0.0775  0.0742
  0.0868  0.0819  0.0804  0.0830  0.0822  0.0773
niter,ni,del,rscale     3    3   12.0000    1.2000
parameters
    3.8273   -7.8831   20.0677   -5.4576   -2.7414    0.1383
eta,q 0.92888 10.13752
  0.0885  0.0870  0.0793  0.0816  0.0807  0.0781
  0.0819  0.0792  0.0766  0.0761  0.0754  0.0749
  0.0746  0.0735  0.0724  0.0716  0.0719  0.0722
  0.0712  0.0712  0.0713  0.0712  0.0712  0.0711
  0.0735  0.0745  0.0738  0.0727  0.0728  0.0721
  0.0796  0.0798  0.0766  0.0765  0.0769  0.0744
  0.0865  0.0827  0.0801  0.0822  0.0816  0.0774
niter,ni,del,rscale     2    3   12.0000    1.2000
parameters
    3.9593   -7.7998   19.9917   -5.4881   -2.8550    0.2267
eta,q 0.92887 10.13113
  0.0879  0.0860  0.0793  0.0819  0.0809  0.0780
  0.0810  0.0784  0.0768  0.0764  0.0756  0.0747
  0.0739  0.0728  0.0727  0.0716  0.0721  0.0721
  0.0711  0.0712  0.0712  0.0711  0.0711  0.0711
  0.0737  0.0752  0.0736  0.0726  0.0726  0.0721
  0.0798  0.0803  0.0763  0.0763  0.0766  0.0745
  0.0867  0.0829  0.0799  0.0820  0.0813  0.0775
niter,ni,del,rscale     1    3   12.0000    1.2000
parameters
    4.0243   -7.7775   19.9583   -5.4882   -2.9109    0.2689
eta,q 0.92886 10.12803
  0.0877  0.0857  0.0793  0.0820  0.0811  0.0779
  0.0805  0.0782  0.0769  0.0764  0.0757  0.0746
  0.0736  0.0727  0.0728  0.0716  0.0722  0.0720
  0.0711  0.0711  0.0712  0.0711  0.0711  0.0711
  0.0739  0.0754  0.0735  0.0725  0.0725  0.0722
  0.0801  0.0805  0.0762  0.0762  0.0763  0.0746
  0.0868  0.0829  0.0798  0.0819  0.0811  0.0776
registration optimization eta report
parameter search radius
    6.0000    6.0000    6.0000    6.9000    6.0000    6.0000
100000*second partial in parameter space
       43.       34.       21.       23.       28.       18.
  0.0877  0.0857  0.0793  0.0820  0.0811  0.0779
  0.0805  0.0782  0.0769  0.0764  0.0757  0.0746
  0.0736  0.0727  0.0728  0.0716  0.0722  0.0720
  0.0711  0.0711  0.0712  0.0711  0.0711  0.0711
  0.0739  0.0754  0.0735  0.0725  0.0725  0.0722
  0.0801  0.0805  0.0762  0.0762  0.0763  0.0746
  0.0868  0.0829  0.0798  0.0819  0.0811  0.0776
    4.0243   -7.7775   19.9583   -5.4882   -2.9109    0.2689
eta,q 0.92886 10.12803

---------------------------------------------------------------------
imgreg_4dfp /opt/freesurfer/average/711-2C_as_mni_average_305 /opt/freesurfer/average/711-2B_as_mni_average_305_mask talsrcimg_g11 none talsrcimg_to_711-2C_as_mni_average_305_t4 3335
---------------------------------------------------------------------

freesurfer imgreg_4dfp.c
/opt/freesurfer/average/711-2C_as_mni_average_305.4dfp.img
       256       256       256         1
  1.000000  1.000000  1.000000
orientation T byte_order littleendian
Reading image: /opt/freesurfer/average/711-2C_as_mni_average_305.4dfp.img
dimensions:      256       256       256
mmppix:       1.0000   -1.0000   -1.0000
center:     128.0000 -129.0000 -129.0000
/opt/freesurfer/average/711-2B_as_mni_average_305_mask.4dfp.img
       256       256       256         1
  1.000000  1.000000  1.000000
orientation T byte_order littleendian
Reading mask: /opt/freesurfer/average/711-2B_as_mni_average_305_mask.4dfp.img (2306576 pixels)
talsrcimg_g11.4dfp.img
       256       256       256         1
  1.000000  1.000000  1.000000
orientation T byte_order littleendian
Reading image: talsrcimg_g11.4dfp.img
dimensions:      256       256       256
mmppix:       1.0000   -1.0000   -1.0000
center:     128.0000 -129.0000 -129.0000
fimgreg.f
image alignment mode   3335 decimal      D07 hex
parameters
    4.0243   -7.7775   19.9583   -0.1301   -0.4618   -0.5868
   -0.9528    5.0101    0.4686    9.5877   -5.0783   -9.5517
eta,q 0.92727 10.05773
niter,ni,del,rscale     5    3    5.0000    1.2000
parameter  4  3.926311 ->  0.500000 qaram    1.1500
parameter  5  1.320551 ->  0.500000 qaram    1.1500
parameter  6  1.818517 ->  0.500000 qaram    1.1500
parameter  9 -0.815202 -> -0.500000 qaram    1.1500
parameter 10 -0.657840 -> -0.500000 qaram    1.1500
parameter 11 -0.632058 -> -0.500000 qaram    1.1500
parameter 12 -2.509427 -> -0.500000 qaram    1.1500
parameters
    3.3424   -6.8666   19.8999   -4.2701   -4.6018   -4.7268
    1.8443    4.3736    4.6086   13.7277   -0.9383   -5.4117
eta,q 0.94108  9.89667
  0.0738  0.0758  0.0731  0.0644  0.0645  0.0615  0.0644  0.0651  0.0640  0.0670  0.0625  0.0660
  0.0728  0.0742  0.0727  0.0673  0.0658  0.0625  0.0637  0.0636  0.0634  0.0652  0.0620  0.0642
  0.0725  0.0731  0.0724  0.0698  0.0666  0.0637  0.0631  0.0627  0.0630  0.0634  0.0616  0.0626
  0.0727  0.0725  0.0723  0.0723  0.0680  0.0660  0.0628  0.0626  0.0626  0.0622  0.0613  0.0611
  0.0735  0.0723  0.0724  0.0754  0.0698  0.0689  0.0626  0.0632  0.0623  0.0615  0.0611  0.0598
  0.0747  0.0725  0.0727  0.0789  0.0722  0.0718  0.0627  0.0643  0.0622  0.0613  0.0611  0.0586
  0.0762  0.0729  0.0732  0.0827  0.0754  0.0742  0.0630  0.0661  0.0622  0.0616  0.0612  0.0578
niter,ni,del,rscale     7    3    5.0000    1.2000
parameter  3  1.285089 ->  0.500000 qaram    1.1500
parameter  4  8.517743 ->  0.500000 qaram    1.3225
parameter  5  3.701769 ->  0.500000 qaram    1.3225
parameters
    3.9261   -7.0717   18.5199   -9.0311   -9.3628   -6.5627
    2.5695    5.1719    5.7100   11.3079   -0.2287   -3.1439
eta,q 0.95323  9.67341
  0.0615  0.0600  0.0573  0.0474  0.0447  0.0494  0.0500  0.0532  0.0495  0.0488  0.0486  0.0495
  0.0603  0.0593  0.0575  0.0501  0.0468  0.0481  0.0487  0.0505  0.0484  0.0473  0.0477  0.0482
  0.0594  0.0589  0.0580  0.0535  0.0488  0.0475  0.0479  0.0485  0.0477  0.0469  0.0471  0.0473
  0.0589  0.0588  0.0588  0.0576  0.0509  0.0474  0.0475  0.0474  0.0473  0.0472  0.0469  0.0469
  0.0588  0.0590  0.0597  0.0615  0.0534  0.0476  0.0475  0.0475  0.0472  0.0483  0.0469  0.0468
  0.0590  0.0596  0.0608  0.0650  0.0560  0.0500  0.0481  0.0488  0.0477  0.0503  0.0474  0.0470
  0.0599  0.0606  0.0621  0.0690  0.0592  0.0555  0.0492  0.0513  0.0487  0.0527  0.0481  0.0476
niter,ni,del,rscale     7    3    5.0000    1.2000
parameter  2  0.566702 ->  0.500000 qaram    1.1500
parameter  3  0.669613 ->  0.500000 qaram    1.3225
parameter  4  1.497015 ->  0.500000 qaram    1.5209
parameter  5  2.390730 ->  0.500000 qaram    1.5209
parameter  7  1.251509 ->  0.500000 qaram    1.1500
parameter  9  1.087107 ->  0.500000 qaram    1.3225
parameter 11  0.706511 ->  0.500000 qaram    1.3225
parameter 12  0.523760 ->  0.500000 qaram    1.3225
parameters
    3.8617   -8.4517   16.9329  -14.5062  -14.8379   -7.0473
   -1.5705    3.5502    0.9490    8.5908   -4.9897   -7.9049
eta,q 0.97045  9.63995
  0.0501  0.0466  0.0456  0.0393  0.0358  0.0402  0.0340  0.0372  0.0316  0.0336  0.0305  0.0302
  0.0482  0.0462  0.0454  0.0405  0.0366  0.0386  0.0342  0.0350  0.0315  0.0318  0.0302  0.0296
  0.0471  0.0463  0.0456  0.0426  0.0385  0.0376  0.0354  0.0341  0.0324  0.0311  0.0304  0.0296
  0.0468  0.0468  0.0462  0.0454  0.0410  0.0370  0.0371  0.0345  0.0341  0.0317  0.0311  0.0302
  0.0473  0.0477  0.0472  0.0492  0.0435  0.0370  0.0393  0.0358  0.0363  0.0336  0.0320  0.0315
  0.0485  0.0489  0.0486  0.0537  0.0462  0.0383  0.0419  0.0381  0.0387  0.0366  0.0333  0.0332
  0.0503  0.0505  0.0504  0.0581  0.0488  0.0422  0.0446  0.0413  0.0413  0.0402  0.0347  0.0354
niter,ni,del,rscale     7    3    5.0000    1.2000
parameters
    3.2516   -8.3642   17.3276  -18.1382  -16.5674   -5.7478
   -0.8422    3.7471    1.1013   10.2193   -4.8741   -7.6309
eta,q 0.97199  9.53191
  0.0322  0.0347  0.0331  0.0328  0.0352  0.0347  0.0345  0.0338  0.0326  0.0351  0.0303  0.0313
  0.0301  0.0319  0.0310  0.0301  0.0324  0.0322  0.0314  0.0309  0.0303  0.0318  0.0291  0.0296
  0.0292  0.0300  0.0298  0.0286  0.0298  0.0302  0.0292  0.0290  0.0288  0.0295  0.0283  0.0285
  0.0295  0.0292  0.0292  0.0291  0.0286  0.0288  0.0283  0.0282  0.0282  0.0282  0.0280  0.0280
  0.0311  0.0296  0.0292  0.0329  0.0310  0.0279  0.0285  0.0288  0.0285  0.0281  0.0282  0.0283
  0.0337  0.0313  0.0300  0.0390  0.0363  0.0290  0.0300  0.0306  0.0300  0.0291  0.0290  0.0293
  0.0373  0.0341  0.0315  0.0466  0.0412  0.0327  0.0327  0.0332  0.0325  0.0313  0.0302  0.0311
niter,ni,del,rscale     6    3    5.0000    1.2000
parameters
    3.2868   -7.5500   17.6645  -19.0364  -17.8869   -5.6287
   -0.7814    3.5765    1.3228   10.9159   -5.0598   -8.3878
eta,q 0.97220  9.43293
  0.0326  0.0347  0.0318  0.0347  0.0346  0.0333  0.0329  0.0328  0.0319  0.0332  0.0300  0.0305
  0.0301  0.0318  0.0296  0.0313  0.0318  0.0309  0.0302  0.0302  0.0297  0.0305  0.0288  0.0290
  0.0286  0.0295  0.0282  0.0288  0.0291  0.0290  0.0285  0.0284  0.0284  0.0287  0.0281  0.0281
  0.0280  0.0280  0.0275  0.0274  0.0276  0.0279  0.0279  0.0279  0.0279  0.0278  0.0278  0.0278
  0.0285  0.0275  0.0276  0.0283  0.0296  0.0276  0.0284  0.0286  0.0281  0.0280  0.0281  0.0283
  0.0299  0.0281  0.0286  0.0324  0.0343  0.0296  0.0300  0.0305  0.0294  0.0294  0.0289  0.0296
  0.0323  0.0299  0.0303  0.0389  0.0396  0.0341  0.0328  0.0332  0.0317  0.0318  0.0302  0.0316
niter,ni,del,rscale     5    3    5.0000    1.2000
parameters
    3.2668   -7.0974   17.7331  -19.1581  -18.7660   -5.6659
   -0.7247    3.4635    1.5467   11.7576   -5.2666   -8.9395
eta,q 0.97219  9.38622
  0.0320  0.0332  0.0312  0.0353  0.0349  0.0331  0.0327  0.0328  0.0317  0.0331  0.0299  0.0305
  0.0297  0.0307  0.0292  0.0318  0.0320  0.0307  0.0302  0.0302  0.0297  0.0305  0.0288  0.0290
  0.0283  0.0289  0.0281  0.0292  0.0294  0.0289  0.0285  0.0285  0.0284  0.0288  0.0281  0.0281
  0.0278  0.0278  0.0276  0.0276  0.0276  0.0279  0.0279  0.0279  0.0279  0.0279  0.0278  0.0278
  0.0283  0.0277  0.0279  0.0278  0.0289  0.0277  0.0284  0.0286  0.0281  0.0280  0.0281  0.0282
  0.0298  0.0286  0.0290  0.0310  0.0333  0.0298  0.0300  0.0304  0.0293  0.0292  0.0289  0.0294
  0.0322  0.0307  0.0309  0.0369  0.0386  0.0343  0.0327  0.0331  0.0315  0.0315  0.0302  0.0313
niter,ni,del,rscale     4    3    5.0000    1.2000
parameters
    3.2373   -6.7432   17.5958  -19.2601  -19.4718   -5.8545
   -0.6731    3.3712    1.8252   12.7300   -5.5020   -9.3370
eta,q 0.97216  9.34388
  0.0319  0.0327  0.0307  0.0351  0.0348  0.0329  0.0326  0.0328  0.0315  0.0329  0.0298  0.0305
  0.0297  0.0304  0.0290  0.0317  0.0321  0.0306  0.0302  0.0303  0.0297  0.0306  0.0288  0.0291
  0.0283  0.0287  0.0280  0.0292  0.0295  0.0289  0.0286  0.0286  0.0285  0.0289  0.0281  0.0282
  0.0278  0.0278  0.0277  0.0277  0.0277  0.0279  0.0280  0.0280  0.0280  0.0280  0.0278  0.0278
  0.0283  0.0278  0.0281  0.0278  0.0286  0.0278  0.0284  0.0286  0.0281  0.0279  0.0281  0.0282
  0.0298  0.0288  0.0293  0.0309  0.0327  0.0300  0.0300  0.0305  0.0292  0.0290  0.0289  0.0293
  0.0322  0.0309  0.0313  0.0366  0.0380  0.0345  0.0326  0.0331  0.0313  0.0313  0.0301  0.0311
niter,ni,del,rscale     3    3    5.0000    1.2000
parameters
    3.2135   -6.3731   17.3359  -19.4188  -20.1948   -6.2141
   -0.6581    3.3163    2.0823   13.9094   -5.6437   -9.6463
eta,q 0.97219  9.29114
  0.0319  0.0326  0.0303  0.0348  0.0345  0.0325  0.0324  0.0329  0.0313  0.0330  0.0297  0.0304
  0.0297  0.0304  0.0288  0.0316  0.0318  0.0304  0.0301  0.0304  0.0297  0.0308  0.0287  0.0290
  0.0283  0.0288  0.0279  0.0292  0.0294  0.0288  0.0286  0.0286  0.0286  0.0291  0.0280  0.0281
  0.0278  0.0278  0.0277  0.0277  0.0277  0.0279  0.0280  0.0280  0.0280  0.0280  0.0278  0.0278
  0.0283  0.0278  0.0282  0.0279  0.0286  0.0279  0.0285  0.0287  0.0282  0.0278  0.0280  0.0281
  0.0298  0.0288  0.0294  0.0309  0.0326  0.0301  0.0300  0.0304  0.0292  0.0288  0.0287  0.0292
  0.0321  0.0308  0.0314  0.0364  0.0377  0.0346  0.0325  0.0331  0.0312  0.0311  0.0299  0.0309
niter,ni,del,rscale     2    3    5.0000    1.2000
parameters
    3.2058   -5.9413   16.9687  -19.5916  -21.0098   -6.7585
   -0.7269    3.3448    2.0902   15.2867   -5.3920   -9.9023
eta,q 0.97235  9.22595
  0.0319  0.0327  0.0300  0.0345  0.0342  0.0320  0.0321  0.0329  0.0310  0.0332  0.0296  0.0301
  0.0297  0.0305  0.0286  0.0313  0.0315  0.0301  0.0299  0.0304  0.0295  0.0311  0.0286  0.0289
  0.0283  0.0288  0.0278  0.0290  0.0292  0.0286  0.0285  0.0286  0.0284  0.0293  0.0279  0.0280
  0.0278  0.0278  0.0276  0.0276  0.0277  0.0279  0.0280  0.0280  0.0280  0.0280  0.0276  0.0276
  0.0283  0.0277  0.0282  0.0277  0.0286  0.0278  0.0284  0.0286  0.0282  0.0276  0.0278  0.0279
  0.0297  0.0286  0.0294  0.0307  0.0325  0.0300  0.0299  0.0303  0.0292  0.0287  0.0284  0.0289
  0.0320  0.0306  0.0315  0.0361  0.0375  0.0346  0.0324  0.0329  0.0313  0.0310  0.0295  0.0305
niter,ni,del,rscale     1    3    5.0000    1.2000
parameters
    3.2229   -5.4726   16.5432  -19.6894  -21.8265   -7.3943
   -0.8788    3.4238    1.7833   16.5367   -4.8903  -10.1694
eta,q 0.97260  9.16188
  0.0317  0.0328  0.0296  0.0341  0.0340  0.0315  0.0317  0.0328  0.0308  0.0334  0.0294  0.0298
  0.0296  0.0305  0.0283  0.0310  0.0312  0.0297  0.0296  0.0302  0.0291  0.0311  0.0284  0.0286
  0.0282  0.0287  0.0275  0.0288  0.0288  0.0283  0.0282  0.0284  0.0281  0.0291  0.0277  0.0277
  0.0276  0.0276  0.0274  0.0274  0.0274  0.0276  0.0277  0.0277  0.0277  0.0277  0.0274  0.0274
  0.0281  0.0275  0.0280  0.0275  0.0285  0.0277  0.0282  0.0283  0.0281  0.0274  0.0275  0.0277
  0.0294  0.0284  0.0293  0.0303  0.0323  0.0297  0.0297  0.0300  0.0293  0.0287  0.0281  0.0286
  0.0317  0.0304  0.0313  0.0355  0.0371  0.0343  0.0321  0.0327  0.0314  0.0313  0.0291  0.0302
registration optimization eta report
parameter search radius
    2.4000    2.7600    3.1740   10.9503   10.9503    8.2800
    8.2800    7.2000    9.5220    8.2800    9.5220    9.5220
100000*second partial in parameter space
       71.       52.       30.        6.        7.        8.
        6.       10.        4.        7.        2.        3.
  0.0317  0.0328  0.0296  0.0341  0.0340  0.0315  0.0317  0.0328  0.0308  0.0334  0.0294  0.0298
  0.0296  0.0305  0.0283  0.0310  0.0312  0.0297  0.0296  0.0302  0.0291  0.0311  0.0284  0.0286
  0.0282  0.0287  0.0275  0.0288  0.0288  0.0283  0.0282  0.0284  0.0281  0.0291  0.0277  0.0277
  0.0276  0.0276  0.0274  0.0274  0.0274  0.0276  0.0277  0.0277  0.0277  0.0277  0.0274  0.0274
  0.0281  0.0275  0.0280  0.0275  0.0285  0.0277  0.0282  0.0283  0.0281  0.0274  0.0275  0.0277
  0.0294  0.0284  0.0293  0.0303  0.0323  0.0297  0.0297  0.0300  0.0293  0.0287  0.0281  0.0286
  0.0317  0.0304  0.0313  0.0355  0.0371  0.0343  0.0321  0.0327  0.0314  0.0313  0.0291  0.0302
    3.2229   -5.4726   16.5432  -19.6894  -21.8265   -7.3943
   -0.8788    3.4238    1.7833   16.5367   -4.8903  -10.1694
eta,q 0.97260  9.16188

---------------------------------------------------------------------
imgreg_4dfp /opt/freesurfer/average/711-2C_as_mni_average_305 /opt/freesurfer/average/711-2B_as_mni_average_305_mask talsrcimg_g11 none talsrcimg_to_711-2C_as_mni_average_305_t4 2311
---------------------------------------------------------------------

freesurfer imgreg_4dfp.c
/opt/freesurfer/average/711-2C_as_mni_average_305.4dfp.img
       256       256       256         1
  1.000000  1.000000  1.000000
orientation T byte_order littleendian
Reading image: /opt/freesurfer/average/711-2C_as_mni_average_305.4dfp.img
dimensions:      256       256       256
mmppix:       1.0000   -1.0000   -1.0000
center:     128.0000 -129.0000 -129.0000
/opt/freesurfer/average/711-2B_as_mni_average_305_mask.4dfp.img
       256       256       256         1
  1.000000  1.000000  1.000000
orientation T byte_order littleendian
Reading mask: /opt/freesurfer/average/711-2B_as_mni_average_305_mask.4dfp.img (2306576 pixels)
talsrcimg_g11.4dfp.img
       256       256       256         1
  1.000000  1.000000  1.000000
orientation T byte_order littleendian
Reading image: talsrcimg_g11.4dfp.img
dimensions:      256       256       256
mmppix:       1.0000   -1.0000   -1.0000
center:     128.0000 -129.0000 -129.0000
fimgreg.f
image alignment mode   2311 decimal      907 hex
parameters
    3.2229   -5.4726   16.5432  -19.6894  -21.8265   -7.3943
   -0.8788    3.4238    1.7833   16.5367   -4.8903  -10.1694
eta,q 0.97260  9.16189
niter,ni,del,rscale     5    3    5.0000    0.8000
parameters
    3.2708   -4.9781   16.2346  -18.1971  -21.8549   -7.3628
   -1.0466    3.4083    1.4909   17.1187   -4.9260  -11.0353
eta,q 0.97309  9.22970
  0.0293  0.0297  0.0277  0.0291  0.0291  0.0285  0.0286  0.0297  0.0280  0.0295  0.0275  0.0274
  0.0283  0.0287  0.0274  0.0283  0.0281  0.0277  0.0277  0.0282  0.0274  0.0284  0.0272  0.0271
  0.0276  0.0279  0.0272  0.0277  0.0274  0.0272  0.0272  0.0273  0.0271  0.0275  0.0270  0.0269
  0.0274  0.0274  0.0272  0.0272  0.0270  0.0270  0.0270  0.0270  0.0270  0.0270  0.0269  0.0269
  0.0276  0.0272  0.0274  0.0270  0.0271  0.0271  0.0272  0.0273  0.0271  0.0270  0.0270  0.0271
  0.0281  0.0274  0.0278  0.0271  0.0279  0.0275  0.0278  0.0282  0.0276  0.0275  0.0272  0.0275
  0.0291  0.0280  0.0283  0.0278  0.0293  0.0286  0.0288  0.0297  0.0283  0.0287  0.0275  0.0280
niter,ni,del,rscale     4    3    5.0000    0.7000
parameters
    3.2260   -4.9398   15.9530  -18.1227  -21.7162   -7.3131
   -0.9396    3.3917    1.5072   17.5577   -4.9340  -11.4611
eta,q 0.97319  9.24864
  0.0283  0.0282  0.0273  0.0280  0.0286  0.0280  0.0282  0.0290  0.0277  0.0288  0.0273  0.0273
  0.0275  0.0275  0.0270  0.0275  0.0278  0.0274  0.0275  0.0278  0.0273  0.0279  0.0270  0.0270
  0.0270  0.0271  0.0269  0.0271  0.0272  0.0270  0.0270  0.0271  0.0270  0.0272  0.0269  0.0268
  0.0269  0.0269  0.0269  0.0269  0.0269  0.0269  0.0269  0.0269  0.0269  0.0269  0.0268  0.0268
  0.0271  0.0270  0.0271  0.0269  0.0269  0.0269  0.0270  0.0271  0.0269  0.0269  0.0269  0.0269
  0.0276  0.0274  0.0273  0.0273  0.0275  0.0273  0.0274  0.0278  0.0272  0.0273  0.0270  0.0272
  0.0285  0.0281  0.0278  0.0281  0.0285  0.0280  0.0281  0.0290  0.0277  0.0282  0.0273  0.0275
niter,ni,del,rscale     3    3    5.0000    0.6000
parameters
    3.2050   -4.9096   15.8109  -18.0118  -21.7226   -7.3091
   -0.9228    3.3534    1.5337   17.8160   -4.9371  -11.6737
eta,q 0.97322  9.25751
  0.0279  0.0278  0.0272  0.0277  0.0280  0.0276  0.0278  0.0283  0.0275  0.0282  0.0271  0.0272
  0.0273  0.0273  0.0269  0.0273  0.0275  0.0272  0.0272  0.0275  0.0271  0.0275  0.0269  0.0270
  0.0269  0.0270  0.0268  0.0270  0.0270  0.0269  0.0269  0.0270  0.0269  0.0270  0.0268  0.0268
  0.0268  0.0268  0.0268  0.0268  0.0268  0.0268  0.0268  0.0268  0.0268  0.0268  0.0268  0.0268
  0.0269  0.0269  0.0269  0.0268  0.0269  0.0269  0.0269  0.0270  0.0269  0.0269  0.0268  0.0268
  0.0273  0.0272  0.0271  0.0271  0.0273  0.0271  0.0272  0.0275  0.0271  0.0272  0.0269  0.0270
  0.0280  0.0277  0.0274  0.0277  0.0282  0.0277  0.0278  0.0284  0.0275  0.0279  0.0271  0.0273
niter,ni,del,rscale     2    3    5.0000    0.5000
parameters
    3.1941   -4.8773   15.7296  -17.9034  -21.7218   -7.3381
   -0.9122    3.3312    1.5484   17.9698   -4.9513  -11.8011
eta,q 0.97324  9.26322
  0.0276  0.0275  0.0270  0.0274  0.0277  0.0273  0.0274  0.0279  0.0272  0.0278  0.0270  0.0270
  0.0271  0.0271  0.0269  0.0271  0.0272  0.0270  0.0271  0.0273  0.0270  0.0273  0.0269  0.0269
  0.0269  0.0269  0.0268  0.0269  0.0269  0.0268  0.0269  0.0269  0.0268  0.0269  0.0268  0.0268
  0.0268  0.0268  0.0268  0.0268  0.0268  0.0268  0.0268  0.0268  0.0268  0.0268  0.0268  0.0268
  0.0269  0.0268  0.0268  0.0268  0.0268  0.0268  0.0268  0.0269  0.0268  0.0268  0.0268  0.0268
  0.0271  0.0271  0.0270  0.0270  0.0272  0.0270  0.0271  0.0273  0.0270  0.0271  0.0269  0.0269
  0.0276  0.0274  0.0272  0.0274  0.0277  0.0274  0.0275  0.0279  0.0272  0.0276  0.0270  0.0271
niter,ni,del,rscale     1    3    5.0000    0.4000
parameters
    3.1841   -4.8561   15.6744  -17.8015  -21.6984   -7.3731
   -0.9004    3.3239    1.5544   18.0714   -4.9452  -11.8775
eta,q 0.97325  9.26836
  0.0273  0.0272  0.0269  0.0272  0.0274  0.0271  0.0272  0.0275  0.0271  0.0274  0.0269  0.0269
  0.0270  0.0270  0.0268  0.0270  0.0271  0.0269  0.0270  0.0271  0.0269  0.0271  0.0268  0.0268
  0.0268  0.0268  0.0268  0.0268  0.0269  0.0268  0.0268  0.0268  0.0268  0.0269  0.0268  0.0268
  0.0268  0.0268  0.0268  0.0268  0.0268  0.0268  0.0268  0.0268  0.0268  0.0268  0.0268  0.0268
  0.0268  0.0268  0.0268  0.0268  0.0268  0.0268  0.0268  0.0268  0.0268  0.0268  0.0268  0.0268
  0.0270  0.0269  0.0269  0.0269  0.0270  0.0269  0.0269  0.0271  0.0269  0.0270  0.0268  0.0269
  0.0273  0.0272  0.0270  0.0272  0.0274  0.0271  0.0272  0.0275  0.0271  0.0273  0.0269  0.0270
registration optimization eta report
parameter search radius
    0.8000    0.8000    0.8000    2.4000    2.4000    2.4000
    2.4000    2.4000    2.4000    2.4000    2.4000    2.4000
100000*second partial in parameter space
       80.       68.       32.        7.       11.        6.
        8.       12.        5.       10.        3.        3.
  0.0273  0.0272  0.0269  0.0272  0.0274  0.0271  0.0272  0.0275  0.0271  0.0274  0.0269  0.0269
  0.0270  0.0270  0.0268  0.0270  0.0271  0.0269  0.0270  0.0271  0.0269  0.0271  0.0268  0.0268
  0.0268  0.0268  0.0268  0.0268  0.0269  0.0268  0.0268  0.0268  0.0268  0.0269  0.0268  0.0268
  0.0268  0.0268  0.0268  0.0268  0.0268  0.0268  0.0268  0.0268  0.0268  0.0268  0.0268  0.0268
  0.0268  0.0268  0.0268  0.0268  0.0268  0.0268  0.0268  0.0268  0.0268  0.0268  0.0268  0.0268
  0.0270  0.0269  0.0269  0.0269  0.0270  0.0269  0.0269  0.0271  0.0269  0.0270  0.0268  0.0269
  0.0273  0.0272  0.0270  0.0272  0.0274  0.0271  0.0272  0.0275  0.0271  0.0273  0.0269  0.0270
    3.1841   -4.8561   15.6744  -17.8015  -21.6984   -7.3731
   -0.9004    3.3239    1.5544   18.0714   -4.9452  -11.8775
eta,q 0.97325  9.26836

---------------------------------------------------------------------
imgreg_4dfp /opt/freesurfer/average/711-2C_as_mni_average_305 /opt/freesurfer/average/711-2B_as_mni_average_305_mask talsrcimg_g11 none talsrcimg_to_711-2C_as_mni_average_305_t4 2311
---------------------------------------------------------------------

freesurfer imgreg_4dfp.c
/opt/freesurfer/average/711-2C_as_mni_average_305.4dfp.img
       256       256       256         1
  1.000000  1.000000  1.000000
orientation T byte_order littleendian
Reading image: /opt/freesurfer/average/711-2C_as_mni_average_305.4dfp.img
dimensions:      256       256       256
mmppix:       1.0000   -1.0000   -1.0000
center:     128.0000 -129.0000 -129.0000
/opt/freesurfer/average/711-2B_as_mni_average_305_mask.4dfp.img
       256       256       256         1
  1.000000  1.000000  1.000000
orientation T byte_order littleendian
Reading mask: /opt/freesurfer/average/711-2B_as_mni_average_305_mask.4dfp.img (2306576 pixels)
talsrcimg_g11.4dfp.img
       256       256       256         1
  1.000000  1.000000  1.000000
orientation T byte_order littleendian
Reading image: talsrcimg_g11.4dfp.img
dimensions:      256       256       256
mmppix:       1.0000   -1.0000   -1.0000
center:     128.0000 -129.0000 -129.0000
fimgreg.f
image alignment mode   2311 decimal      907 hex
parameters
    3.1841   -4.8561   15.6744  -17.8015  -21.6984   -7.3731
   -0.9004    3.3239    1.5544   18.0714   -4.9452  -11.8775
eta,q 0.97325  9.26836
niter,ni,del,rscale     5    3    5.0000    0.8000
parameters
    3.1715   -4.8705   15.6212  -18.2115  -21.9460   -7.5097
   -0.9017    3.3369    1.5505   18.1715   -4.8753  -11.7204
eta,q 0.97321  9.23746
  0.0287  0.0284  0.0275  0.0280  0.0287  0.0283  0.0284  0.0295  0.0279  0.0291  0.0273  0.0276
  0.0276  0.0275  0.0271  0.0274  0.0278  0.0275  0.0276  0.0280  0.0273  0.0279  0.0271  0.0272
  0.0270  0.0270  0.0268  0.0270  0.0271  0.0270  0.0270  0.0271  0.0270  0.0272  0.0269  0.0269
  0.0267  0.0268  0.0268  0.0268  0.0268  0.0268  0.0268  0.0268  0.0268  0.0268  0.0268  0.0268
  0.0270  0.0270  0.0269  0.0269  0.0270  0.0269  0.0270  0.0271  0.0269  0.0270  0.0269  0.0268
  0.0277  0.0275  0.0272  0.0276  0.0279  0.0274  0.0275  0.0280  0.0273  0.0277  0.0270  0.0271
  0.0288  0.0285  0.0276  0.0289  0.0293  0.0287  0.0285  0.0295  0.0280  0.0290  0.0273  0.0275
niter,ni,del,rscale     4    3    5.0000    0.7000
parameters
    3.1970   -4.7825   15.6641  -18.1362  -22.0408   -7.5335
   -0.9315    3.3392    1.5211   18.1684   -4.8682  -11.7563
eta,q 0.97321  9.23346
  0.0283  0.0282  0.0274  0.0279  0.0284  0.0279  0.0281  0.0289  0.0277  0.0285  0.0272  0.0273
  0.0275  0.0275  0.0271  0.0274  0.0276  0.0273  0.0274  0.0277  0.0272  0.0276  0.0270  0.0271
  0.0270  0.0270  0.0269  0.0270  0.0270  0.0269  0.0269  0.0270  0.0269  0.0270  0.0268  0.0269
  0.0268  0.0268  0.0268  0.0268  0.0268  0.0268  0.0268  0.0268  0.0268  0.0268  0.0268  0.0268
  0.0269  0.0269  0.0268  0.0268  0.0269  0.0269  0.0269  0.0270  0.0269  0.0270  0.0268  0.0269
  0.0274  0.0273  0.0270  0.0272  0.0276  0.0272  0.0274  0.0278  0.0272  0.0276  0.0270  0.0271
  0.0282  0.0279  0.0274  0.0280  0.0287  0.0280  0.0281  0.0289  0.0277  0.0286  0.0272  0.0274
niter,ni,del,rscale     3    3    5.0000    0.6000
parameters
    3.1960   -4.7619   15.6698  -17.9957  -21.9848   -7.5137
   -0.9288    3.3313    1.5117   18.1573   -4.9003  -11.8199
eta,q 0.97322  9.24219
  0.0279  0.0278  0.0272  0.0277  0.0281  0.0276  0.0277  0.0284  0.0274  0.0281  0.0271  0.0272
  0.0273  0.0272  0.0270  0.0273  0.0274  0.0272  0.0272  0.0275  0.0271  0.0274  0.0269  0.0270
  0.0269  0.0269  0.0268  0.0270  0.0270  0.0269  0.0269  0.0270  0.0269  0.0270  0.0268  0.0268
  0.0268  0.0268  0.0268  0.0268  0.0268  0.0268  0.0268  0.0268  0.0268  0.0268  0.0268  0.0268
  0.0269  0.0269  0.0268  0.0268  0.0269  0.0268  0.0269  0.0270  0.0268  0.0269  0.0268  0.0268
  0.0273  0.0272  0.0270  0.0271  0.0273  0.0271  0.0272  0.0275  0.0271  0.0274  0.0269  0.0270
  0.0279  0.0277  0.0272  0.0276  0.0281  0.0276  0.0278  0.0284  0.0275  0.0281  0.0271  0.0272
niter,ni,del,rscale     2    3    5.0000    0.5000
parameters
    3.1919   -4.7726   15.6553  -17.8818  -21.8882   -7.4848
   -0.9191    3.3237    1.5279   18.1595   -4.9279  -11.8836
eta,q 0.97324  9.25263
  0.0276  0.0274  0.0271  0.0274  0.0277  0.0273  0.0274  0.0279  0.0272  0.0277  0.0270  0.0271
  0.0271  0.0271  0.0269  0.0271  0.0273  0.0270  0.0271  0.0273  0.0270  0.0272  0.0269  0.0269
  0.0269  0.0269  0.0268  0.0269  0.0269  0.0268  0.0268  0.0269  0.0268  0.0269  0.0268  0.0268
  0.0268  0.0268  0.0268  0.0268  0.0268  0.0268  0.0268  0.0268  0.0268  0.0268  0.0268  0.0268
  0.0269  0.0269  0.0268  0.0268  0.0268  0.0268  0.0268  0.0269  0.0268  0.0269  0.0268  0.0268
  0.0271  0.0271  0.0269  0.0270  0.0271  0.0270  0.0271  0.0273  0.0270  0.0272  0.0269  0.0269
  0.0276  0.0275  0.0271  0.0274  0.0277  0.0273  0.0275  0.0279  0.0272  0.0277  0.0270  0.0271
niter,ni,del,rscale     1    3    5.0000    0.4000
parameters
    3.1841   -4.7913   15.6373  -17.7751  -21.8005   -7.4688
   -0.9036    3.3210    1.5356   18.1803   -4.9358  -11.9219
eta,q 0.97324  9.26191
  0.0273  0.0272  0.0270  0.0272  0.0274  0.0271  0.0272  0.0275  0.0271  0.0274  0.0269  0.0269
  0.0270  0.0269  0.0269  0.0270  0.0271  0.0269  0.0270  0.0271  0.0269  0.0270  0.0268  0.0268
  0.0268  0.0268  0.0268  0.0268  0.0269  0.0268  0.0268  0.0268  0.0268  0.0268  0.0268  0.0268
  0.0268  0.0268  0.0268  0.0268  0.0268  0.0268  0.0268  0.0268  0.0268  0.0268  0.0268  0.0267
  0.0268  0.0268  0.0268  0.0268  0.0268  0.0268  0.0268  0.0268  0.0268  0.0268  0.0268  0.0268
  0.0270  0.0270  0.0269  0.0269  0.0270  0.0269  0.0269  0.0271  0.0269  0.0270  0.0268  0.0268
  0.0273  0.0272  0.0270  0.0272  0.0273  0.0271  0.0272  0.0275  0.0271  0.0274  0.0269  0.0270
registration optimization eta report
parameter search radius
    0.8000    0.8000    0.8000    2.4000    2.4000    2.4000
    2.4000    2.4000    2.4000    2.4000    2.4000    2.4000
100000*second partial in parameter space
       79.       69.       32.        7.       10.        6.
        8.       13.        5.       11.        3.        3.
  0.0273  0.0272  0.0270  0.0272  0.0274  0.0271  0.0272  0.0275  0.0271  0.0274  0.0269  0.0269
  0.0270  0.0269  0.0269  0.0270  0.0271  0.0269  0.0270  0.0271  0.0269  0.0270  0.0268  0.0268
  0.0268  0.0268  0.0268  0.0268  0.0269  0.0268  0.0268  0.0268  0.0268  0.0268  0.0268  0.0268
  0.0268  0.0268  0.0268  0.0268  0.0268  0.0268  0.0268  0.0268  0.0268  0.0268  0.0268  0.0267
  0.0268  0.0268  0.0268  0.0268  0.0268  0.0268  0.0268  0.0268  0.0268  0.0268  0.0268  0.0268
  0.0270  0.0270  0.0269  0.0269  0.0270  0.0269  0.0269  0.0271  0.0269  0.0270  0.0268  0.0268
  0.0273  0.0272  0.0270  0.0272  0.0273  0.0271  0.0272  0.0275  0.0271  0.0274  0.0269  0.0270
    3.1841   -4.7913   15.6373  -17.7751  -21.8005   -7.4688
   -0.9036    3.3210    1.5356   18.1803   -4.9358  -11.9219
eta,q 0.97324  9.26191

---------------------------------------------------------------------
compute_vox2vox talsrcimg talsrcimg_to_711-2C_as_mni_average_305_t4 /opt/freesurfer/average/711-2C_as_mni_average_305
---------------------------------------------------------------------

freesurfer compute_vox2vox.c
Reading: talsrcimg.4dfp.ifh
Reading: talsrcimg_to_711-2C_as_mni_average_305_t4
Reading: /opt/freesurfer/average/711-2C_as_mni_average_305.4dfp.ifh
Writing: talsrcimg_to_711-2C_as_mni_average_305_t4_vox2vox.txt

start time Fri Mar 13 22:52:28 CET 2026
end		time Fri Mar 13 22:53:56 CET 2026

mpr2mni305 success

avi2talxfm orig_nu.mgz /opt/freesurfer/average/mni305.cor.mgz talsrcimg_to_711-2C_as_mni_average_305_t4_vox2vox.txt transforms/talairach.auto.xfm
avi2talxfm done
mv -f /out/sourcedata/freesurfer/sub-v2s7x29674_ses-1/mri/talsrcimg_to_711-2C_as_mni_average_305_t4_vox2vox.txt /out/sourcedata/freesurfer/sub-v2s7x29674_ses-1/mri/transforms/talsrcimg_to_711-2C_as_mni_average_305_t4_vox2vox.txt
lta_convert --src orig_nu.mgz --trg /opt/freesurfer/average/mni305.cor.mgz --inxfm transforms/talairach.auto.xfm --outlta transforms/talairach.auto.xfm.lta --subject fsaverage
7.3.2

--src: orig_nu.mgz src image (geometry).
--trg: /opt/freesurfer/average/mni305.cor.mgz trg image (geometry).
--inmni: transforms/talairach.auto.xfm input MNI/XFM transform.
--outlta: transforms/talairach.auto.xfm.lta output LTA.
--s: fsaverage subject name
 LTA read, type : 1
 1.21334  -0.04496   0.00717   1.11539;
 0.05986   1.04707   0.16032  -24.52596;
-0.03774  -0.24255   1.24137  -16.85307;
 0.00000   0.00000   0.00000   1.00000;
setting subject to fsaverage
Writing  LTA to file transforms/talairach.auto.xfm.lta...
lta_convert successful.
 
 
Started at Fri Mar 13 22:52:27 CET 2026
Ended   at Fri Mar 13 22:53:56 CET 2026
talairach_avi done
