/out/sourcedata/freesurfer/sub-v2s7x29796_ses-1/mri
/opt/freesurfer/bin/talairach_avi
--i orig_nu.mgz --xfm transforms/talairach.auto.xfm
talairach_avi 7.3.2
Linux dna063 5.14.0-427.37.1.el9_4.x86_64 #1 SMP PREEMPT_DYNAMIC Fri Sep 13 12:41:50 EDT 2024 x86_64 x86_64 x86_64 GNU/Linux
Fri Mar 13 23:27:59 CET 2026
mri_convert orig_nu.mgz talsrcimg.img 
reading from orig_nu.mgz...
TR=0.00, TE=0.00, TI=0.00, flip angle=0.00
i_ras = (-1, 0, 0)
j_ras = (0, 0, -1)
k_ras = (0, 1, 0)
writing to talsrcimg.img...
Analyze Output Matrix
-1.00000   0.00000   0.00000   128.19504;
 0.00000   0.00000   1.00000  -120.72609;
 0.00000  -1.00000   0.00000   160.16104;
 0.00000   0.00000   0.00000   1.00000;
--------------------
INFO: set hdr.hist.orient to -1
mpr2mni305 talsrcimg
Fri Mar 13 23:27:59 CET 2026
/opt/freesurfer/bin/mpr2mni305 talsrcimg
mpr2mni305 7.3.2
target=711-2C_as_mni_average_305

---------------------------------------------------------------------
analyzeto4dfp talsrcimg -O0 -y
---------------------------------------------------------------------

freesurfer ifh2hdr.c
Fri Mar 13 23:27:59 2026
Writing: talsrcimg.4dfp.hdr
freesurfer analyzeto4dfp.c
Reading: talsrcimg.hdr
header size 348 bytes
hdr.dime.datatype	offset=70	value=2
hdr.dime.bitpix		offset=72	value=8
hdr.hist.orient		offset=252	value=-1
dimensionality     4
dimensions       256       256       256         1
Reading: talsrcimg.img
Writing: talsrcimg.4dfp.img
Writing: talsrcimg.4dfp.ifh
ifh2hdr talsrcimg -r0to255
ori=2

---------------------------------------------------------------------
gauss_4dfp talsrcimg 1.1
---------------------------------------------------------------------

freesurfer gauss_4dfp.c
Reading: talsrcimg.4dfp.img
Writing: talsrcimg_g11.4dfp.img
image dimensions 256 256 256 padded to 288 288 288
processing volume 1freesurfer ifh2hdr.c
Fri Mar 13 23:28:01 2026
Writing: talsrcimg_g11.4dfp.hdr

Writing: talsrcimg_g11.4dfp.ifh
including: talsrcimg.4dfp.img.rec in talsrcimg_g11.4dfp.img.rec

---------------------------------------------------------------------
imgreg_4dfp /opt/freesurfer/average/711-2C_as_mni_average_305 none talsrcimg_g11 none talsrcimg_to_711-2C_as_mni_average_305_t4 4355
---------------------------------------------------------------------

freesurfer imgreg_4dfp.c
/opt/freesurfer/average/711-2C_as_mni_average_305.4dfp.img
       256       256       256         1
  1.000000  1.000000  1.000000
orientation T byte_order littleendian
Reading image: /opt/freesurfer/average/711-2C_as_mni_average_305.4dfp.img
dimensions:      256       256       256
mmppix:       1.0000   -1.0000   -1.0000
center:     128.0000 -129.0000 -129.0000
talsrcimg_g11.4dfp.img
       256       256       256         1
  1.000000  1.000000  1.000000
orientation T byte_order littleendian
Reading image: talsrcimg_g11.4dfp.img
dimensions:      256       256       256
mmppix:       1.0000   -1.0000   -1.0000
center:     128.0000 -129.0000 -129.0000
t4_read: open error in t4_sub.f l:  41 t4_file(1:l)talsrcimg_to_711-2C_as_mni_average_305_t4 
t4_read: transform initialized to I4
rotation matrix determinant  1.000000
image alignment mode   4355 decimal     1103 hex
   -7.5000  -45.0000  -45.0000 8510.5498    9.7841
    0.0000  -45.0000  -45.0000 8913.7207    9.7549
    7.5000  -45.0000  -45.0000 8553.7041    9.7340
   -7.5000  -37.5000  -45.0000 8889.4229    9.8051
    0.0000  -37.5000  -45.0000 9328.6738    9.7771
    7.5000  -37.5000  -45.0000 8958.1934    9.7552
   -7.5000  -30.0000  -45.0000 9581.2246    9.8226
    0.0000  -30.0000  -45.000010079.7646    9.7936
    7.5000  -30.0000  -45.0000 9669.2412    9.7683
   -7.5000  -22.5000  -45.000010226.1621    9.8184
    0.0000  -22.5000  -45.000010760.3848    9.7876
    7.5000  -22.5000  -45.000010317.2910    9.7605
   -7.5000  -15.0000  -45.000010825.9883    9.7984
    0.0000  -15.0000  -45.000011382.0186    9.7671
    7.5000  -15.0000  -45.000010898.0088    9.7417
   -7.5000   -7.5000  -45.000011327.2158    9.7816
    0.0000   -7.5000  -45.000011876.4082    9.7509
    7.5000   -7.5000  -45.000011365.1426    9.7285
   -7.5000    0.0000  -45.000011746.9971    9.7841
    0.0000    0.0000  -45.000012313.6162    9.7549
    7.5000    0.0000  -45.000011764.9482    9.7340
   -7.5000    7.5000  -45.000011007.7100    9.8051
    0.0000    7.5000  -45.000011551.4951    9.7771
    7.5000    7.5000  -45.000011040.3574    9.7552
   -7.5000   15.0000  -45.000010243.7568    9.8226
    0.0000   15.0000  -45.000010738.4385    9.7936
    7.5000   15.0000  -45.000010252.6289    9.7683
   -7.5000   22.5000  -45.0000 9462.8857    9.8170
    0.0000   22.5000  -45.0000 9946.6064    9.7862
    7.5000   22.5000  -45.0000 9472.7686    9.7591
   -7.5000   30.0000  -45.0000 8682.2549    9.6678
    0.0000   30.0000  -45.0000 9148.5986    9.6370
    7.5000   30.0000  -45.0000 8674.8545    9.6119
   -7.5000   37.5000  -45.0000 8207.3809    9.6513
    0.0000   37.5000  -45.0000 8628.5771    9.6209
    7.5000   37.5000  -45.0000 8193.7686    9.5988
   -7.5000   45.0000  -45.0000 7437.6035    9.4546
    0.0000   45.0000  -45.0000 7795.3281    9.4264
    7.5000   45.0000  -45.0000 7397.9556    9.4065
   -7.5000  -45.0000  -37.5000 9090.9307    9.6834
    0.0000  -45.0000  -37.5000 9544.7490    9.6582
    7.5000  -45.0000  -37.5000 9166.5059    9.6381
   -7.5000  -37.5000  -37.5000 9487.4736    9.6976
    0.0000  -37.5000  -37.5000 9972.1084    9.6742
    7.5000  -37.5000  -37.5000 9574.6777    9.6546
   -7.5000  -30.0000  -37.500010203.0137    9.7125
    0.0000  -30.0000  -37.500010733.6943    9.6867
    7.5000  -30.0000  -37.500010290.8447    9.6635
   -7.5000  -22.5000  -37.500010877.5439    9.7131
    0.0000  -22.5000  -37.500011450.1650    9.6841
    7.5000  -22.5000  -37.500010991.4688    9.6568
   -7.5000  -15.0000  -37.500011511.5322    9.6996
    0.0000  -15.0000  -37.500012111.6953    9.6693
    7.5000  -15.0000  -37.500011609.8242    9.6422
   -7.5000   -7.5000  -37.500012012.3594    9.6848
    0.0000   -7.5000  -37.500012626.4541    9.6561
    7.5000   -7.5000  -37.500012098.2441    9.6324
   -7.5000    0.0000  -37.500012468.1484    9.6834
    0.0000    0.0000  -37.500013113.8252    9.6582
    7.5000    0.0000  -37.500012552.7178    9.6381
   -7.5000    7.5000  -37.500011678.1514    9.6976
    0.0000    7.5000  -37.500012303.1689    9.6742
    7.5000    7.5000  -37.500011768.7949    9.6546
   -7.5000   15.0000  -37.500010840.9814    9.7125
    0.0000   15.0000  -37.500011385.6768    9.6867
    7.5000   15.0000  -37.500010894.9033    9.6635
   -7.5000   22.5000  -37.5000 9981.8672    9.7118
    0.0000   22.5000  -37.500010504.9629    9.6827
    7.5000   22.5000  -37.500010040.6533    9.6555
   -7.5000   30.0000  -37.5000 9136.7432    9.5704
    0.0000   30.0000  -37.5000 9621.3604    9.5404
    7.5000   30.0000  -37.5000 9174.6797    9.5137
   -7.5000   37.5000  -37.5000 8640.0674    9.5558
    0.0000   37.5000  -37.5000 9074.8145    9.5274
    7.5000   37.5000  -37.5000 8635.0605    9.5040
   -7.5000   45.0000  -37.5000 7806.9473    9.3566
    0.0000   45.0000  -37.5000 8190.3364    9.3317
    7.5000   45.0000  -37.5000 7783.3667    9.3122
   -7.5000  -45.0000  -30.0000 9863.4785   10.0394
    0.0000  -45.0000  -30.000010378.7695   10.0155
    7.5000  -45.0000  -30.0000 9950.8623    9.9942
   -7.5000  -37.5000  -30.000010281.2402   10.0495
    0.0000  -37.5000  -30.000010805.5566   10.0288
    7.5000  -37.5000  -30.000010372.0127   10.0094
   -7.5000  -30.0000  -30.000011046.0312   10.0628
    0.0000  -30.0000  -30.000011640.6719   10.0402
    7.5000  -30.0000  -30.000011157.5312   10.0169
   -7.5000  -22.5000  -30.000011780.5029   10.0662
    0.0000  -22.5000  -30.000012396.8926   10.0391
    7.5000  -22.5000  -30.000011902.2266   10.0101
   -7.5000  -15.0000  -30.000012446.0664   10.0567
    0.0000  -15.0000  -30.000013097.1523   10.0267
    7.5000  -15.0000  -30.000012568.3594    9.9964
   -7.5000   -7.5000  -30.000012947.5977   10.0432
    0.0000   -7.5000  -30.000013620.9434   10.0145
    7.5000   -7.5000  -30.000013073.4629    9.9881
   -7.5000    0.0000  -30.000013441.1709   10.0394
    0.0000    0.0000  -30.000014145.2842   10.0155
    7.5000    0.0000  -30.000013553.3145    9.9942
   -7.5000    7.5000  -30.000012592.4619   10.0495
    0.0000    7.5000  -30.000013235.7910   10.0288
    7.5000    7.5000  -30.000012679.6211   10.0094
   -7.5000   15.0000  -30.000011666.3633   10.0628
    0.0000   15.0000  -30.000012236.2422   10.0402
    7.5000   15.0000  -30.000011717.3604   10.0169
   -7.5000   22.5000  -30.000010722.7656   10.0638
    0.0000   22.5000  -30.000011262.9307   10.0367
    7.5000   22.5000  -30.000010781.4121   10.0077
   -7.5000   30.0000  -30.0000 9781.8193    9.9237
    0.0000   30.0000  -30.000010287.7910    9.8940
    7.5000   30.0000  -30.0000 9832.4248    9.8641
   -7.5000   37.5000  -30.0000 9213.2354    9.9103
    0.0000   37.5000  -30.0000 9693.2227    9.8820
    7.5000   37.5000  -30.0000 9242.4268    9.8559
   -7.5000   45.0000  -30.0000 8313.8887    9.7078
    0.0000   45.0000  -30.0000 8739.3994    9.6840
    7.5000   45.0000  -30.0000 8312.2910    9.6632
   -7.5000  -45.0000  -22.500010645.6260   10.3562
    0.0000  -45.0000  -22.500011218.2812   10.3299
    7.5000  -45.0000  -22.500010767.2861   10.3065
   -7.5000  -37.5000  -22.500011083.3320   10.3688
    0.0000  -37.5000  -22.500011670.8770   10.3466
    7.5000  -37.5000  -22.500011213.5791   10.3253
   -7.5000  -30.0000  -22.500011902.0664   10.3822
    0.0000  -30.0000  -22.500012555.4141   10.3604
    7.5000  -30.0000  -22.500012060.7266   10.3362
   -7.5000  -22.5000  -22.500012690.4014   10.3831
    0.0000  -22.5000  -22.500013355.4980   10.3573
    7.5000  -22.5000  -22.500012841.7021   10.3281
   -7.5000  -15.0000  -22.500013396.1357   10.3713
    0.0000  -15.0000  -22.500014084.8975   10.3418
    7.5000  -15.0000  -22.500013546.0879   10.3111
   -7.5000   -7.5000  -22.500013903.7129   10.3579
    0.0000   -7.5000  -22.500014621.6240   10.3282
    7.5000   -7.5000  -22.500014063.1494   10.3004
   -7.5000    0.0000  -22.500014432.9062   10.3562
    0.0000    0.0000  -22.500015154.8311   10.3299
    7.5000    0.0000  -22.500014574.0693   10.3065
   -7.5000    7.5000  -22.500013526.7090   10.3688
    0.0000    7.5000  -22.500014188.7686   10.3466
    7.5000    7.5000  -22.500013625.0137   10.3253
   -7.5000   15.0000  -22.500012473.1416   10.3822
    0.0000   15.0000  -22.500013069.4746   10.3604
    7.5000   15.0000  -22.500012543.8008   10.3362
   -7.5000   22.5000  -22.500011473.3750   10.3799
    0.0000   22.5000  -22.500012009.3330   10.3541
    7.5000   22.5000  -22.500011535.6621   10.3249
   -7.5000   30.0000  -22.500010442.2725   10.2357
    0.0000   30.0000  -22.500010978.6621   10.2065
    7.5000   30.0000  -22.500010511.8965   10.1762
   -7.5000   37.5000  -22.5000 9822.4482   10.2225
    0.0000   37.5000  -22.500010331.5977   10.1931
    7.5000   37.5000  -22.5000 9874.9756   10.1657
   -7.5000   45.0000  -22.5000 8813.2529   10.0223
    0.0000   45.0000  -22.5000 9254.9570    9.9967
    7.5000   45.0000  -22.5000 8831.9785    9.9741
   -7.5000  -45.0000  -15.000011454.2695   10.5960
    0.0000  -45.0000  -15.000012061.2822   10.5656
    7.5000  -45.0000  -15.000011599.8184   10.5409
   -7.5000  -37.5000  -15.000011927.9697   10.6143
    0.0000  -37.5000  -15.000012565.2236   10.5878
    7.5000  -37.5000  -15.000012089.7480   10.5642
   -7.5000  -30.0000  -15.000012814.5283   10.6294
    0.0000  -30.0000  -15.000013512.6074   10.6048
    7.5000  -30.0000  -15.000012994.5498   10.5794
   -7.5000  -22.5000  -15.000013633.5781   10.6256
    0.0000  -22.5000  -15.000014382.4424   10.5988
    7.5000  -22.5000  -15.000013824.9561   10.5704
   -7.5000  -15.0000  -15.000014388.6240   10.6084
    0.0000  -15.0000  -15.000015165.2383   10.5785
    7.5000  -15.0000  -15.000014593.8906   10.5496
   -7.5000   -7.5000  -15.000014913.5430   10.5940
    0.0000   -7.5000  -15.000015692.1963   10.5624
    7.5000   -7.5000  -15.000015116.7012   10.5354
   -7.5000    0.0000  -15.000015418.5498   10.5960
    0.0000    0.0000  -15.000016193.4385   10.5656
    7.5000    0.0000  -15.000015600.5596   10.5409
   -7.5000    7.5000  -15.000014444.0088   10.6143
    0.0000    7.5000  -15.000015137.8193   10.5878
    7.5000    7.5000  -15.000014571.1436   10.5642
   -7.5000   15.0000  -15.000013318.6855   10.6294
    0.0000   15.0000  -15.000013920.2188   10.6048
    7.5000   15.0000  -15.000013411.0508   10.5794
   -7.5000   22.5000  -15.000012226.5889   10.6218
    0.0000   22.5000  -15.000012755.4463   10.5951
    7.5000   22.5000  -15.000012290.7275   10.5666
   -7.5000   30.0000  -15.000011128.8223   10.4712
    0.0000   30.0000  -15.000011640.8389   10.4416
    7.5000   30.0000  -15.000011200.9873   10.4131
   -7.5000   37.5000  -15.000010467.9873   10.4569
    0.0000   37.5000  -15.000010972.3740   10.4257
    7.5000   37.5000  -15.000010520.2422   10.3990
   -7.5000   45.0000  -15.0000 9360.6113   10.2610
    0.0000   45.0000  -15.0000 9804.1396   10.2319
    7.5000   45.0000  -15.0000 9381.0811   10.2084
   -7.5000  -45.0000   -7.500012307.4434   10.7158
    0.0000  -45.0000   -7.500012988.6553   10.6834
    7.5000  -45.0000   -7.500012466.5674   10.6593
   -7.5000  -37.5000   -7.500012833.1465   10.7377
    0.0000  -37.5000   -7.500013567.5889   10.7077
    7.5000  -37.5000   -7.500013033.0908   10.6833
   -7.5000  -30.0000   -7.500013793.7168   10.7544
    0.0000  -30.0000   -7.500014574.2080   10.7256
    7.5000  -30.0000   -7.500014020.2510   10.6992
   -7.5000  -22.5000   -7.500014666.1826   10.7483
    0.0000  -22.5000   -7.500015517.2695   10.7184
    7.5000  -22.5000   -7.500014904.9326   10.6904
   -7.5000  -15.0000   -7.500015451.8154   10.7276
    0.0000  -15.0000   -7.500016356.3906   10.6961
    7.5000  -15.0000   -7.500015731.0078   10.6692
   -7.5000   -7.5000   -7.500016010.6445   10.7119
    0.0000   -7.5000   -7.500016893.9004   10.6790
    7.5000   -7.5000   -7.500016262.5801   10.6540
   -7.5000    0.0000   -7.500016491.7363   10.7158
    0.0000    0.0000   -7.500017340.6270   10.6834
    7.5000    0.0000   -7.500016707.9531   10.6593
   -7.5000    7.5000   -7.500015419.1494   10.7377
    0.0000    7.5000   -7.500016175.1729   10.7077
    7.5000    7.5000   -7.500015628.5029   10.6833
   -7.5000   15.0000   -7.500014231.4912   10.7544
    0.0000   15.0000   -7.500014864.0781   10.7256
    7.5000   15.0000   -7.500014384.2988   10.6992
   -7.5000   22.5000   -7.500013069.6758   10.7433
    0.0000   22.5000   -7.500013627.2227   10.7134
    7.5000   22.5000   -7.500013176.1357   10.6855
   -7.5000   30.0000   -7.500011913.6504   10.5885
    0.0000   30.0000   -7.500012431.2773   10.5574
    7.5000   30.0000   -7.500011982.8955   10.5308
   -7.5000   37.5000   -7.500011190.5400   10.5729
    0.0000   37.5000   -7.500011708.9971   10.5405
    7.5000   37.5000   -7.500011239.7441   10.5158
   -7.5000   45.0000   -7.500010004.4424   10.3784
    0.0000   45.0000   -7.500010457.2588   10.3474
    7.5000   45.0000   -7.500010021.5225   10.3246
   -7.5000  -45.0000    0.000013045.7061   10.7415
    0.0000  -45.0000    0.000013802.5459   10.7104
    7.5000  -45.0000    0.000013260.2275   10.6878
   -7.5000  -37.5000    0.000013685.2959   10.7617
    0.0000  -37.5000    0.000014505.6992   10.7320
    7.5000  -37.5000    0.000013903.8896   10.7089
   -7.5000  -30.0000    0.000014733.9238   10.7787
    0.0000  -30.0000    0.000015601.2080   10.7480
    7.5000  -30.0000    0.000014971.6475   10.7217
   -7.5000  -22.5000    0.000015699.0771   10.7747
    0.0000  -22.5000    0.000016658.6602   10.7422
    7.5000  -22.5000    0.000015974.4404   10.7138
   -7.5000  -15.0000    0.000016487.4805   10.7555
    0.0000  -15.0000    0.000017499.0879   10.7223
    7.5000  -15.0000    0.000016828.3223   10.6952
   -7.5000   -7.5000    0.000017042.5332   10.7392
    0.0000   -7.5000    0.000018004.1934   10.7064
    7.5000   -7.5000    0.000017395.1660   10.6821
   -7.5000    0.0000    0.000017526.8906   10.7415
    0.0000    0.0000    0.000018437.1523   10.7104
    7.5000    0.0000    0.000017828.5684   10.6878
   -7.5000    7.5000    0.000016438.0254   10.7617
    0.0000    7.5000    0.000017266.9316   10.7320
    7.5000    7.5000    0.000016709.7227   10.7089
   -7.5000   15.0000    0.000015204.8311   10.7787
    0.0000   15.0000    0.000015915.0020   10.7480
    7.5000   15.0000    0.000015398.2734   10.7217
   -7.5000   22.5000    0.000013941.5635   10.7697
    0.0000   22.5000    0.000014606.5439   10.7372
    7.5000   22.5000    0.000014095.0498   10.7088
   -7.5000   30.0000    0.000012678.1416   10.6163
    0.0000   30.0000    0.000013264.2168   10.5835
    7.5000   30.0000    0.000012768.7373   10.5568
   -7.5000   37.5000    0.000011901.8877   10.6002
    0.0000   37.5000    0.000012474.2500   10.5679
    7.5000   37.5000    0.000011962.9854   10.5439
   -7.5000   45.0000    0.000010625.9463   10.4033
    0.0000   45.0000    0.000011130.3164   10.3731
    7.5000   45.0000    0.000010673.4512   10.3515
   -7.5000  -45.0000    7.500012755.8379   10.7501
    0.0000  -45.0000    7.500013546.1113   10.7225
    7.5000  -45.0000    7.500012976.5439   10.7006
   -7.5000  -37.5000    7.500013395.0967   10.7648
    0.0000  -37.5000    7.500014254.3096   10.7391
    7.5000  -37.5000    7.500013628.1709   10.7178
   -7.5000  -30.0000    7.500014494.6748   10.7804
    0.0000  -30.0000    7.500015437.3428   10.7522
    7.5000  -30.0000    7.500014764.4707   10.7267
   -7.5000  -22.5000    7.500015551.3359   10.7812
    0.0000  -22.5000    7.500016640.2930   10.7493
    7.5000  -22.5000    7.500015880.2354   10.7193
   -7.5000  -15.0000    7.500016436.1055   10.7673
    0.0000  -15.0000    7.500017525.7754   10.7338
    7.5000  -15.0000    7.500016817.5879   10.7040
   -7.5000   -7.5000    7.500016929.1855   10.7518
    0.0000   -7.5000    7.500017965.2617   10.7201
    7.5000   -7.5000    7.500017332.2070   10.6941
   -7.5000    0.0000    7.500017281.6816   10.7501
    0.0000    0.0000    7.500018298.0527   10.7225
    7.5000    0.0000    7.500017611.3477   10.7005
   -7.5000    7.5000    7.500016203.0283   10.7648
    0.0000    7.5000    7.500017145.0430   10.7391
    7.5000    7.5000    7.500016461.2070   10.7178
   -7.5000   15.0000    7.500014978.5439   10.7804
    0.0000   15.0000    7.500015820.3896   10.7522
    7.5000   15.0000    7.500015143.9385   10.7267
   -7.5000   22.5000    7.500013723.2598   10.7762
    0.0000   22.5000    7.500014502.1895   10.7443
    7.5000   22.5000    7.500013892.2490   10.7144
   -7.5000   30.0000    7.500012470.7021   10.6279
    0.0000   30.0000    7.500013149.8848   10.5949
    7.5000   30.0000    7.500012596.6152   10.5654
   -7.5000   37.5000    7.500011716.4238   10.6126
    0.0000   37.5000    7.500012347.5059   10.5814
    7.5000   37.5000    7.500011796.1963   10.5557
   -7.5000   45.0000    7.500010414.7188   10.4113
    0.0000   45.0000    7.500010970.7715   10.3840
    7.5000   45.0000    7.500010492.6230   10.3627
   -7.5000  -45.0000   15.000012328.5820   10.7551
    0.0000  -45.0000   15.000013046.4746   10.7296
    7.5000  -45.0000   15.000012511.4756   10.7069
   -7.5000  -37.5000   15.000012956.2197   10.7659
    0.0000  -37.5000   15.000013761.9775   10.7438
    7.5000  -37.5000   15.000013184.3936   10.7231
   -7.5000  -30.0000   15.000014078.5986   10.7800
    0.0000  -30.0000   15.000015044.8213   10.7558
    7.5000  -30.0000   15.000014362.8398   10.7309
   -7.5000  -22.5000   15.000015142.5205   10.7834
    0.0000  -22.5000   15.000016454.4648   10.7544
    7.5000  -22.5000   15.000015536.7988   10.7234
   -7.5000  -15.0000   15.000016101.8770   10.7732
    0.0000  -15.0000   15.000017556.8730   10.7410
    7.5000  -15.0000   15.000016448.2539   10.7087
   -7.5000   -7.5000   15.000016578.8320   10.7590
    0.0000   -7.5000   15.000017924.9668   10.7283
    7.5000   -7.5000   15.000016868.0020   10.7000
   -7.5000    0.0000   15.000016786.8945   10.7551
    0.0000    0.0000   15.000017988.2891   10.7296
    7.5000    0.0000   15.000017033.6133   10.7069
   -7.5000    7.5000   15.000015676.0781   10.7659
    0.0000    7.5000   15.000016700.2246   10.7438
    7.5000    7.5000   15.000015879.6914   10.7231
   -7.5000   15.0000   15.000014496.0625   10.7800
    0.0000   15.0000   15.000015386.7324   10.7558
    7.5000   15.0000   15.000014664.6074   10.7309
   -7.5000   22.5000   15.000013315.2695   10.7784
    0.0000   22.5000   15.000014095.3887   10.7494
    7.5000   22.5000   15.000013485.1826   10.7184
   -7.5000   30.0000   15.000012123.1475   10.6338
    0.0000   30.0000   15.000012776.3945   10.6020
    7.5000   30.0000   15.000012246.6758   10.5701
   -7.5000   37.5000   15.000011395.4980   10.6197
    0.0000   37.5000   15.000012002.9570   10.5894
    7.5000   37.5000   15.000011491.8447   10.5615
   -7.5000   45.0000   15.000010115.2939   10.4166
    0.0000   45.0000   15.000010660.2070   10.3912
    7.5000   45.0000   15.000010200.1572   10.3689
   -7.5000  -45.0000   22.500011830.3281   10.7504
    0.0000  -45.0000   22.500012523.4492   10.7232
    7.5000  -45.0000   22.500011997.9541   10.6988
   -7.5000  -37.5000   22.500012432.6182   10.7635
    0.0000  -37.5000   22.500013238.5371   10.7405
    7.5000  -37.5000   22.500012636.5889   10.7184
   -7.5000  -30.0000   22.500013533.1426   10.7774
    0.0000  -30.0000   22.500014543.1826   10.7548
    7.5000  -30.0000   22.500013806.6758   10.7297
   -7.5000  -22.5000   22.500014547.4941   10.7784
    0.0000  -22.5000   22.500015897.2090   10.7516
    7.5000  -22.5000   22.500014950.2051   10.7212
   -7.5000  -15.0000   22.500015416.9551   10.7662
    0.0000  -15.0000   22.500016850.9551   10.7355
    7.5000  -15.0000   22.500015795.0029   10.7036
   -7.5000   -7.5000   22.500015883.8672   10.7522
    0.0000   -7.5000   22.500017137.1504   10.7213
    7.5000   -7.5000   22.500016162.1748   10.6925
   -7.5000    0.0000   22.500016058.3135   10.7504
    0.0000    0.0000   22.500017195.2031   10.7232
    7.5000    0.0000   22.500016312.1953   10.6988
   -7.5000    7.5000   22.500015001.1797   10.7635
    0.0000    7.5000   22.500015949.2725   10.7405
    7.5000    7.5000   22.500015193.4756   10.7184
   -7.5000   15.0000   22.500013899.2734   10.7774
    0.0000   15.0000   22.500014741.4326   10.7548
    7.5000   15.0000   22.500014040.7031   10.7297
   -7.5000   22.5000   22.500012769.3623   10.7734
    0.0000   22.5000   22.500013515.2207   10.7466
    7.5000   22.5000   22.500012907.3975   10.7163
   -7.5000   30.0000   22.500011621.5049   10.6268
    0.0000   30.0000   22.500012261.0654   10.5965
    7.5000   30.0000   22.500011720.4570   10.5651
   -7.5000   37.5000   22.500010882.3682   10.6131
    0.0000   37.5000   22.500011472.7373   10.5826
    7.5000   37.5000   22.500010979.0508   10.5541
   -7.5000   45.0000   22.5000 9666.5596   10.4129
    0.0000   45.0000   22.500010172.0654   10.3863
    7.5000   45.0000   22.5000 9738.0293   10.3628
   -7.5000  -45.0000   30.000011172.8984   10.7558
    0.0000  -45.0000   30.000011786.9219   10.7250
    7.5000  -45.0000   30.000011303.3184   10.6999
   -7.5000  -37.5000   30.000011716.1904   10.7743
    0.0000  -37.5000   30.000012403.0645   10.7475
    7.5000  -37.5000   30.000011879.0625   10.7235
   -7.5000  -30.0000   30.000012704.7725   10.7897
    0.0000  -30.0000   30.000013559.1045   10.7648
    7.5000  -30.0000   30.000012952.6523   10.7390
   -7.5000  -22.5000   30.000013646.3262   10.7860
    0.0000  -22.5000   30.000014651.8994   10.7588
    7.5000  -22.5000   30.000013931.5068   10.7299
   -7.5000  -15.0000   30.000014458.0322   10.7686
    0.0000  -15.0000   30.000015434.6338   10.7381
    7.5000  -15.0000   30.000014675.8125   10.7089
   -7.5000   -7.5000   30.000014981.9814   10.7538
    0.0000   -7.5000   30.000015873.4395   10.7217
    7.5000   -7.5000   30.000015148.2236   10.6943
   -7.5000    0.0000   30.000015121.2227   10.7558
    0.0000    0.0000   30.000016000.0762   10.7250
    7.5000    0.0000   30.000015317.0977   10.6998
   -7.5000    7.5000   30.000014141.0908   10.7743
    0.0000    7.5000   30.000014892.4727   10.7475
    7.5000    7.5000   30.000014279.8184   10.7235
   -7.5000   15.0000   30.000013115.4736   10.7897
    0.0000   15.0000   30.000013815.4688   10.7648
    7.5000   15.0000   30.000013220.8857   10.7390
   -7.5000   22.5000   30.000012066.5186   10.7810
    0.0000   22.5000   30.000012690.2480   10.7538
    7.5000   22.5000   30.000012161.1777   10.7250
   -7.5000   30.0000   30.000010974.3584   10.6292
    0.0000   30.0000   30.000011529.2793   10.5992
    7.5000   30.0000   30.000011031.5342   10.5703
   -7.5000   37.5000   30.000010247.0547   10.6146
    0.0000   37.5000   30.000010761.0010   10.5830
    7.5000   37.5000   30.000010292.4521   10.5559
   -7.5000   45.0000   30.0000 9107.3398   10.4186
    0.0000   45.0000   30.0000 9554.3545   10.3890
    7.5000   45.0000   30.0000 9124.2031   10.3652
   -7.5000  -45.0000   37.500010858.0273   10.8404
    0.0000  -45.0000   37.500011401.7383   10.8072
    7.5000  -45.0000   37.500010975.8135   10.7824
   -7.5000  -37.5000   37.500011369.8926   10.8625
    0.0000  -37.5000   37.500011961.7031   10.8319
    7.5000  -37.5000   37.500011486.9883   10.8069
   -7.5000  -30.0000   37.500012276.8291   10.8793
    0.0000  -30.0000   37.500012979.6016   10.8500
    7.5000  -30.0000   37.500012443.9355   10.8230
   -7.5000  -22.5000   37.500013173.5703   10.8730
    0.0000  -22.5000   37.500013885.6074   10.8425
    7.5000  -22.5000   37.500013288.1328   10.8139
   -7.5000  -15.0000   37.500013964.4668   10.8522
    0.0000  -15.0000   37.500014653.9971   10.8199
    7.5000  -15.0000   37.500014034.7402   10.7923
   -7.5000   -7.5000   37.500014549.1152   10.8363
    0.0000   -7.5000   37.500015271.5889   10.8027
    7.5000   -7.5000   37.500014610.2080   10.7770
   -7.5000    0.0000   37.500014700.5693   10.8404
    0.0000    0.0000   37.500015421.7715   10.8072
    7.5000    0.0000   37.500014752.5938   10.7824
   -7.5000    7.5000   37.500013725.0742   10.8625
    0.0000    7.5000   37.500014418.9785   10.8319
    7.5000    7.5000   37.500013792.8184   10.8069
   -7.5000   15.0000   37.500012697.7549   10.8793
    0.0000   15.0000   37.500013369.0801   10.8500
    7.5000   15.0000   37.500012780.7344   10.8230
   -7.5000   22.5000   37.500011676.9551   10.8680
    0.0000   22.5000   37.500012272.8008   10.8375
    7.5000   22.5000   37.500011749.8857   10.8089
   -7.5000   30.0000   37.500010621.6768   10.7117
    0.0000   30.0000   37.500011152.1631   10.6799
    7.5000   30.0000   37.500010671.5977   10.6526
   -7.5000   37.5000   37.5000 9905.9131   10.6961
    0.0000   37.5000   37.500010396.3486   10.6629
    7.5000   37.5000   37.5000 9939.9883   10.6375
   -7.5000   45.0000   37.5000 8801.8584   10.5004
    0.0000   45.0000   37.5000 9228.3086   10.4686
    7.5000   45.0000   37.5000 8821.2852   10.4452
   -7.5000  -45.0000   45.000010035.4648   10.9476
    0.0000  -45.0000   45.000010544.1533   10.9161
    7.5000  -45.0000   45.000010150.9053   10.8934
   -7.5000  -37.5000   45.000010502.9307   10.9685
    0.0000  -37.5000   45.000011043.3594   10.9381
    7.5000  -37.5000   45.000010603.0225   10.9145
   -7.5000  -30.0000   45.000011331.0918   10.9862
    0.0000  -30.0000   45.000011916.1416   10.9546
    7.5000  -30.0000   45.000011426.7793   10.9276
   -7.5000  -22.5000   45.000012123.8916   10.9824
    0.0000  -22.5000   45.000012688.3271   10.9491
    7.5000  -22.5000   45.000012175.4580   10.9199
   -7.5000  -15.0000   45.000012841.5488   10.9627
    0.0000  -15.0000   45.000013420.7021   10.9290
    7.5000  -15.0000   45.000012880.3936   10.9014
   -7.5000   -7.5000   45.000013417.8936   10.9456
    0.0000   -7.5000   45.000014039.8818   10.9125
    7.5000   -7.5000   45.000013470.3760   10.8879
   -7.5000    0.0000   45.000013585.2705   10.9476
    0.0000    0.0000   45.000014202.7881   10.9161
    7.5000    0.0000   45.000013593.9893   10.8934
   -7.5000    7.5000   45.000012682.9131   10.9685
    0.0000    7.5000   45.000013278.9805   10.9381
    7.5000    7.5000   45.000012701.9531   10.9145
   -7.5000   15.0000   45.000011747.4844   10.9862
    0.0000   15.0000   45.000012326.2188   10.9546
    7.5000   15.0000   45.000011779.3408   10.9276
   -7.5000   22.5000   45.000010786.1406   10.9774
    0.0000   22.5000   45.000011333.3672   10.9440
    7.5000   22.5000   45.000010801.0615   10.9148
   -7.5000   30.0000   45.0000 9773.3379   10.8199
    0.0000   30.0000   45.000010263.3770   10.7866
    7.5000   30.0000   45.0000 9786.1973   10.7593
   -7.5000   37.5000   45.0000 9111.3564   10.8030
    0.0000   37.5000   45.0000 9539.5117   10.7704
    7.5000   37.5000   45.0000 9119.9629   10.7461
   -7.5000   45.0000   45.0000 8115.2212   10.6090
    0.0000   45.0000   45.0000 8479.2646   10.5784
    7.5000   45.0000   45.0000 8112.5708   10.5567

---------------------------------------------------------------------
imgreg_4dfp /opt/freesurfer/average/711-2C_as_mni_average_305 /opt/freesurfer/average/711-2B_as_mni_average_305_mask talsrcimg_g11 none talsrcimg_to_711-2C_as_mni_average_305_t4 4355
---------------------------------------------------------------------

freesurfer imgreg_4dfp.c
/opt/freesurfer/average/711-2C_as_mni_average_305.4dfp.img
       256       256       256         1
  1.000000  1.000000  1.000000
orientation T byte_order littleendian
Reading image: /opt/freesurfer/average/711-2C_as_mni_average_305.4dfp.img
dimensions:      256       256       256
mmppix:       1.0000   -1.0000   -1.0000
center:     128.0000 -129.0000 -129.0000
/opt/freesurfer/average/711-2B_as_mni_average_305_mask.4dfp.img
       256       256       256         1
  1.000000  1.000000  1.000000
orientation T byte_order littleendian
Reading mask: /opt/freesurfer/average/711-2B_as_mni_average_305_mask.4dfp.img (2306576 pixels)
talsrcimg_g11.4dfp.img
       256       256       256         1
  1.000000  1.000000  1.000000
orientation T byte_order littleendian
Reading image: talsrcimg_g11.4dfp.img
dimensions:      256       256       256
mmppix:       1.0000   -1.0000   -1.0000
center:     128.0000 -129.0000 -129.0000
rotation matrix determinant  1.000000
image alignment mode   4355 decimal     1103 hex
   -7.5000  -45.0000  -45.0000 2230.4436   11.0983
    0.0000  -45.0000  -45.0000 2241.9370   11.0352
    7.5000  -45.0000  -45.0000 2230.3755   11.1031
   -7.5000  -37.5000  -45.0000 2269.6587   10.5672
    0.0000  -37.5000  -45.0000 2286.1572   10.5010
    7.5000  -37.5000  -45.0000 2274.6414   10.5624
   -7.5000  -30.0000  -45.0000 2297.4333   10.2173
    0.0000  -30.0000  -45.0000 2310.8105   10.1344
    7.5000  -30.0000  -45.0000 2297.4956   10.1731
   -7.5000  -22.5000  -45.0000 2301.6646   10.0959
    0.0000  -22.5000  -45.0000 2319.0942   10.0094
    7.5000  -22.5000  -45.0000 2305.7354   10.0249
   -7.5000  -15.0000  -45.0000 2303.9597   10.0956
    0.0000  -15.0000  -45.0000 2327.0837    9.9785
    7.5000  -15.0000  -45.0000 2311.0071   10.0043
   -7.5000   -7.5000  -45.0000 2298.5200   10.3121
    0.0000   -7.5000  -45.0000 2318.3274   10.2055
    7.5000   -7.5000  -45.0000 2297.1082   10.2229
   -7.5000    0.0000  -45.0000 2268.0710   10.6696
    0.0000    0.0000  -45.0000 2284.2190   10.5616
    7.5000    0.0000  -45.0000 2266.8054   10.5850
   -7.5000    7.5000  -45.0000 2223.9482   11.2219
    0.0000    7.5000  -45.0000 2244.6699   11.1149
    7.5000    7.5000  -45.0000 2225.8918   11.1156
   -7.5000   15.0000  -45.0000 2156.6243   11.9843
    0.0000   15.0000  -45.0000 2175.4429   11.8641
    7.5000   15.0000  -45.0000 2158.2170   11.8624
   -7.5000   22.5000  -45.0000 2073.5381   12.9769
    0.0000   22.5000  -45.0000 2094.8831   12.8001
    7.5000   22.5000  -45.0000 2079.2478   12.8048
   -7.5000   30.0000  -45.0000 1973.8345   14.2818
    0.0000   30.0000  -45.0000 1996.2891   14.0913
    7.5000   30.0000  -45.0000 1976.3331   14.1291
   -7.5000   37.5000  -45.0000 1868.0792   16.0215
    0.0000   37.5000  -45.0000 1878.8527   15.8110
    7.5000   37.5000  -45.0000 1870.0886   15.8309
   -7.5000   45.0000  -45.0000 1753.5018   18.3729
    0.0000   45.0000  -45.0000 1765.7175   18.0840
    7.5000   45.0000  -45.0000 1752.1316   18.1961
   -7.5000  -45.0000  -37.5000 2329.5640   10.2992
    0.0000  -45.0000  -37.5000 2343.8767   10.2402
    7.5000  -45.0000  -37.5000 2334.7764   10.2999
   -7.5000  -37.5000  -37.5000 2375.3291    9.7502
    0.0000  -37.5000  -37.5000 2392.5845    9.6948
    7.5000  -37.5000  -37.5000 2378.8074    9.7598
   -7.5000  -30.0000  -37.5000 2398.8115    9.4221
    0.0000  -30.0000  -37.5000 2412.8767    9.3606
    7.5000  -30.0000  -37.5000 2394.9727    9.4005
   -7.5000  -22.5000  -37.5000 2410.4727    9.2935
    0.0000  -22.5000  -37.5000 2427.2678    9.1951
    7.5000  -22.5000  -37.5000 2409.8557    9.2251
   -7.5000  -15.0000  -37.5000 2416.8037    9.2642
    0.0000  -15.0000  -37.5000 2439.5762    9.1624
    7.5000  -15.0000  -37.5000 2419.1484    9.1838
   -7.5000   -7.5000  -37.5000 2406.8796    9.4578
    0.0000   -7.5000  -37.5000 2432.6201    9.3454
    7.5000   -7.5000  -37.5000 2406.3667    9.3808
   -7.5000    0.0000  -37.5000 2377.1885    9.7769
    0.0000    0.0000  -37.5000 2402.3350    9.6751
    7.5000    0.0000  -37.5000 2378.0613    9.7098
   -7.5000    7.5000  -37.5000 2330.5422   10.3045
    0.0000    7.5000  -37.5000 2355.0842   10.1895
    7.5000    7.5000  -37.5000 2335.6965   10.2011
   -7.5000   15.0000  -37.5000 2262.9172   10.9939
    0.0000   15.0000  -37.5000 2280.6724   10.8807
    7.5000   15.0000  -37.5000 2265.4280   10.8862
   -7.5000   22.5000  -37.5000 2171.2441   11.8862
    0.0000   22.5000  -37.5000 2192.7869   11.7260
    7.5000   22.5000  -37.5000 2179.1252   11.7319
   -7.5000   30.0000  -37.5000 2062.7378   13.0876
    0.0000   30.0000  -37.5000 2086.0664   12.9216
    7.5000   30.0000  -37.5000 2070.5752   12.9391
   -7.5000   37.5000  -37.5000 1951.6799   14.6640
    0.0000   37.5000  -37.5000 1964.8510   14.5072
    7.5000   37.5000  -37.5000 1952.3214   14.5225
   -7.5000   45.0000  -37.5000 1824.0167   16.7881
    0.0000   45.0000  -37.5000 1841.2604   16.5465
    7.5000   45.0000  -37.5000 1827.3344   16.6471
   -7.5000  -45.0000  -30.0000 2466.7520    9.9184
    0.0000  -45.0000  -30.0000 2488.8630    9.8594
    7.5000  -45.0000  -30.0000 2472.9136    9.9170
   -7.5000  -37.5000  -30.0000 2516.8945    9.3581
    0.0000  -37.5000  -30.0000 2536.0896    9.2985
    7.5000  -37.5000  -30.0000 2518.7927    9.3562
   -7.5000  -30.0000  -30.0000 2548.0999    9.0024
    0.0000  -30.0000  -30.0000 2567.4712    8.9254
    7.5000  -30.0000  -30.0000 2546.4272    8.9838
   -7.5000  -22.5000  -30.0000 2564.2466    8.8587
    0.0000  -22.5000  -30.0000 2580.6370    8.7637
    7.5000  -22.5000  -30.0000 2561.9233    8.8170
   -7.5000  -15.0000  -30.0000 2572.3408    8.8390
    0.0000  -15.0000  -30.0000 2593.8567    8.7347
    7.5000  -15.0000  -30.0000 2570.4890    8.7859
   -7.5000   -7.5000  -30.0000 2558.5574    9.0191
    0.0000   -7.5000  -30.0000 2585.1892    8.8878
    7.5000   -7.5000  -30.0000 2559.8237    8.9432
   -7.5000    0.0000  -30.0000 2526.9636    9.3086
    0.0000    0.0000  -30.0000 2557.4609    9.1890
    7.5000    0.0000  -30.0000 2534.8994    9.2390
   -7.5000    7.5000  -30.0000 2478.0195    9.7969
    0.0000    7.5000  -30.0000 2505.9329    9.6787
    7.5000    7.5000  -30.0000 2482.5583    9.7050
   -7.5000   15.0000  -30.0000 2408.5969   10.4385
    0.0000   15.0000  -30.0000 2431.5330   10.3226
    7.5000   15.0000  -30.0000 2410.9639   10.3414
   -7.5000   22.5000  -30.0000 2311.2393   11.3198
    0.0000   22.5000  -30.0000 2335.5679   11.1706
    7.5000   22.5000  -30.0000 2315.6599   11.1838
   -7.5000   30.0000  -30.0000 2190.9199   12.4604
    0.0000   30.0000  -30.0000 2218.3025   12.3212
    7.5000   30.0000  -30.0000 2199.7759   12.3325
   -7.5000   37.5000  -30.0000 2061.1624   13.9732
    0.0000   37.5000  -30.0000 2084.4929   13.8245
    7.5000   37.5000  -30.0000 2073.8547   13.8487
   -7.5000   45.0000  -30.0000 1929.7277   15.9729
    0.0000   45.0000  -30.0000 1948.4246   15.7801
    7.5000   45.0000  -30.0000 1937.8441   15.8104
   -7.5000  -45.0000  -22.5000 2568.1895    9.4462
    0.0000  -45.0000  -22.5000 2594.1521    9.3709
    7.5000  -45.0000  -22.5000 2575.5732    9.4374
   -7.5000  -37.5000  -22.5000 2622.6287    8.9379
    0.0000  -37.5000  -22.5000 2645.6938    8.8278
    7.5000  -37.5000  -22.5000 2628.2473    8.8965
   -7.5000  -30.0000  -22.5000 2664.8660    8.5560
    0.0000  -30.0000  -22.5000 2688.0986    8.4583
    7.5000  -30.0000  -22.5000 2668.1047    8.5237
   -7.5000  -22.5000  -22.5000 2691.6814    8.3742
    0.0000  -22.5000  -22.5000 2710.6448    8.2691
    7.5000  -22.5000  -22.5000 2690.0037    8.3436
   -7.5000  -15.0000  -22.5000 2699.3298    8.3622
    0.0000  -15.0000  -22.5000 2723.1421    8.2381
    7.5000  -15.0000  -22.5000 2698.4604    8.3037
   -7.5000   -7.5000  -22.5000 2686.6721    8.5090
    0.0000   -7.5000  -22.5000 2713.7756    8.3769
    7.5000   -7.5000  -22.5000 2691.8411    8.4369
   -7.5000    0.0000  -22.5000 2656.8040    8.7904
    0.0000    0.0000  -22.5000 2687.6978    8.6617
    7.5000    0.0000  -22.5000 2664.1733    8.7104
   -7.5000    7.5000  -22.5000 2604.2742    9.2453
    0.0000    7.5000  -22.5000 2633.6208    9.1219
    7.5000    7.5000  -22.5000 2611.6355    9.1665
   -7.5000   15.0000  -22.5000 2521.1062    9.8748
    0.0000   15.0000  -22.5000 2551.8125    9.7490
    7.5000   15.0000  -22.5000 2530.2756    9.7757
   -7.5000   22.5000  -22.5000 2421.3210   10.7259
    0.0000   22.5000  -22.5000 2449.4543   10.5782
    7.5000   22.5000  -22.5000 2429.2322   10.6100
   -7.5000   30.0000  -22.5000 2290.8340   11.8068
    0.0000   30.0000  -22.5000 2323.4075   11.6646
    7.5000   30.0000  -22.5000 2305.2300   11.6720
   -7.5000   37.5000  -22.5000 2153.0737   13.2304
    0.0000   37.5000  -22.5000 2184.1450   13.1017
    7.5000   37.5000  -22.5000 2172.1714   13.0790
   -7.5000   45.0000  -22.5000 2005.0037   15.1026
    0.0000   45.0000  -22.5000 2025.7401   14.9618
    7.5000   45.0000  -22.5000 2014.2480   14.9597
   -7.5000  -45.0000  -15.0000 2632.4626    9.0129
    0.0000  -45.0000  -15.0000 2657.9136    8.9093
    7.5000  -45.0000  -15.0000 2641.7727    8.9851
   -7.5000  -37.5000  -15.0000 2695.5129    8.4872
    0.0000  -37.5000  -15.0000 2717.2810    8.3759
    7.5000  -37.5000  -15.0000 2700.2642    8.4499
   -7.5000  -30.0000  -15.0000 2747.8374    8.1170
    0.0000  -30.0000  -15.0000 2775.3640    8.0140
    7.5000  -30.0000  -15.0000 2752.5864    8.0673
   -7.5000  -22.5000  -15.0000 2784.5161    7.9013
    0.0000  -22.5000  -15.0000 2810.6353    7.7923
    7.5000  -22.5000  -15.0000 2782.5110    7.8510
   -7.5000  -15.0000  -15.0000 2800.2432    7.8739
    0.0000  -15.0000  -15.0000 2826.4126    7.7565
    7.5000  -15.0000  -15.0000 2799.9124    7.8211
   -7.5000   -7.5000  -15.0000 2790.2478    8.0102
    0.0000   -7.5000  -15.0000 2822.5938    7.8790
    7.5000   -7.5000  -15.0000 2799.6411    7.9356
   -7.5000    0.0000  -15.0000 2758.8699    8.2842
    0.0000    0.0000  -15.0000 2796.2256    8.1464
    7.5000    0.0000  -15.0000 2772.4175    8.1990
   -7.5000    7.5000  -15.0000 2697.7649    8.7252
    0.0000    7.5000  -15.0000 2731.5481    8.5841
    7.5000    7.5000  -15.0000 2711.1157    8.6247
   -7.5000   15.0000  -15.0000 2611.7219    9.3568
    0.0000   15.0000  -15.0000 2641.5488    9.2083
    7.5000   15.0000  -15.0000 2623.1870    9.2352
   -7.5000   22.5000  -15.0000 2499.4434   10.1697
    0.0000   22.5000  -15.0000 2529.1274   10.0164
    7.5000   22.5000  -15.0000 2510.9922   10.0465
   -7.5000   30.0000  -15.0000 2363.9373   11.1898
    0.0000   30.0000  -15.0000 2393.2866   11.0345
    7.5000   30.0000  -15.0000 2380.3042   11.0594
   -7.5000   37.5000  -15.0000 2220.7383   12.5490
    0.0000   37.5000  -15.0000 2252.3845   12.3887
    7.5000   37.5000  -15.0000 2238.9045   12.3838
   -7.5000   45.0000  -15.0000 2062.9844   14.3277
    0.0000   45.0000  -15.0000 2084.3213   14.1535
    7.5000   45.0000  -15.0000 2071.0337   14.1735
   -7.5000  -45.0000   -7.5000 2674.9128    8.6197
    0.0000  -45.0000   -7.5000 2703.3679    8.5215
    7.5000  -45.0000   -7.5000 2686.6494    8.5665
   -7.5000  -37.5000   -7.5000 2747.0823    8.0903
    0.0000  -37.5000   -7.5000 2771.1885    7.9965
    7.5000  -37.5000   -7.5000 2755.2966    8.0485
   -7.5000  -30.0000   -7.5000 2806.5886    7.7032
    0.0000  -30.0000   -7.5000 2834.6074    7.5961
    7.5000  -30.0000   -7.5000 2812.9409    7.6522
   -7.5000  -22.5000   -7.5000 2854.8645    7.4711
    0.0000  -22.5000   -7.5000 2889.2378    7.3479
    7.5000  -22.5000   -7.5000 2857.9465    7.4149
   -7.5000  -15.0000   -7.5000 2882.7976    7.4181
    0.0000  -15.0000   -7.5000 2913.4448    7.2895
    7.5000  -15.0000   -7.5000 2881.6750    7.3724
   -7.5000   -7.5000   -7.5000 2877.4268    7.5190
    0.0000   -7.5000   -7.5000 2912.0146    7.3792
    7.5000   -7.5000   -7.5000 2884.7866    7.4523
   -7.5000    0.0000   -7.5000 2843.0310    7.7959
    0.0000    0.0000   -7.5000 2879.4187    7.6449
    7.5000    0.0000   -7.5000 2854.7349    7.7155
   -7.5000    7.5000   -7.5000 2771.1875    8.2427
    0.0000    7.5000   -7.5000 2805.7271    8.0885
    7.5000    7.5000   -7.5000 2786.6953    8.1440
   -7.5000   15.0000   -7.5000 2674.0259    8.8720
    0.0000   15.0000   -7.5000 2702.9341    8.7051
    7.5000   15.0000   -7.5000 2687.9863    8.7627
   -7.5000   22.5000   -7.5000 2558.6714    9.6487
    0.0000   22.5000   -7.5000 2587.5146    9.4911
    7.5000   22.5000   -7.5000 2571.7241    9.5524
   -7.5000   30.0000   -7.5000 2418.0034   10.6214
    0.0000   30.0000   -7.5000 2446.6633   10.4625
    7.5000   30.0000   -7.5000 2430.5222   10.5275
   -7.5000   37.5000   -7.5000 2270.6499   11.9248
    0.0000   37.5000   -7.5000 2299.5830   11.7551
    7.5000   37.5000   -7.5000 2279.8877   11.7804
   -7.5000   45.0000   -7.5000 2108.8020   13.6330
    0.0000   45.0000   -7.5000 2126.4561   13.4372
    7.5000   45.0000   -7.5000 2112.6265   13.4751
   -7.5000  -45.0000    0.0000 2704.5361    8.3236
    0.0000  -45.0000    0.0000 2732.8232    8.2219
    7.5000  -45.0000    0.0000 2721.6384    8.2737
   -7.5000  -37.5000    0.0000 2784.6904    7.8039
    0.0000  -37.5000    0.0000 2811.6091    7.7085
    7.5000  -37.5000    0.0000 2796.1873    7.7537
   -7.5000  -30.0000    0.0000 2850.3228    7.4165
    0.0000  -30.0000    0.0000 2878.5459    7.2994
    7.5000  -30.0000    0.0000 2856.0657    7.3593
   -7.5000  -22.5000    0.0000 2908.6665    7.1710
    0.0000  -22.5000    0.0000 2946.6160    7.0275
    7.5000  -22.5000    0.0000 2914.5234    7.0937
   -7.5000  -15.0000    0.0000 2937.0793    7.0931
    0.0000  -15.0000    0.0000 2976.4272    6.9460
    7.5000  -15.0000    0.0000 2940.1367    7.0363
   -7.5000   -7.5000    0.0000 2936.2600    7.1572
    0.0000   -7.5000    0.0000 2975.8237    6.9840
    7.5000   -7.5000    0.0000 2943.2263    7.1065
   -7.5000    0.0000    0.0000 2898.7822    7.4352
    0.0000    0.0000    0.0000 2933.7505    7.2587
    7.5000    0.0000    0.0000 2908.5259    7.3775
   -7.5000    7.5000    0.0000 2828.7954    7.8896
    0.0000    7.5000    0.0000 2863.4700    7.7122
    7.5000    7.5000    0.0000 2840.4939    7.8139
   -7.5000   15.0000    0.0000 2726.2112    8.5070
    0.0000   15.0000    0.0000 2756.3865    8.3253
    7.5000   15.0000    0.0000 2740.3538    8.4126
   -7.5000   22.5000    0.0000 2600.8347    9.2995
    0.0000   22.5000    0.0000 2637.9731    9.1051
    7.5000   22.5000    0.0000 2617.8086    9.1867
   -7.5000   30.0000    0.0000 2456.2419   10.2762
    0.0000   30.0000    0.0000 2489.4922   10.0819
    7.5000   30.0000    0.0000 2470.6680   10.1667
   -7.5000   37.5000    0.0000 2303.5706   11.5371
    0.0000   37.5000    0.0000 2337.6489   11.3469
    7.5000   37.5000    0.0000 2312.7964   11.4243
   -7.5000   45.0000    0.0000 2132.0017   13.1729
    0.0000   45.0000    0.0000 2156.3743   12.9822
    7.5000   45.0000    0.0000 2143.3306   13.0362
   -7.5000  -45.0000    7.5000 2715.8840    8.1506
    0.0000  -45.0000    7.5000 2746.9497    8.0439
    7.5000  -45.0000    7.5000 2733.8394    8.0697
   -7.5000  -37.5000    7.5000 2806.9185    7.6084
    0.0000  -37.5000    7.5000 2834.6816    7.5100
    7.5000  -37.5000    7.5000 2818.9136    7.5362
   -7.5000  -30.0000    7.5000 2879.1523    7.2317
    0.0000  -30.0000    7.5000 2910.7864    7.1223
    7.5000  -30.0000    7.5000 2890.3967    7.1554
   -7.5000  -22.5000    7.5000 2943.0435    7.0095
    0.0000  -22.5000    7.5000 2988.5867    6.8775
    7.5000  -22.5000    7.5000 2960.4053    6.9299
   -7.5000  -15.0000    7.5000 2974.3381    6.9699
    0.0000  -15.0000    7.5000 3028.2439    6.8229
    7.5000  -15.0000    7.5000 2991.2637    6.8804
   -7.5000   -7.5000    7.5000 2967.6284    6.9859
    0.0000   -7.5000    7.5000 3021.2214    6.8079
    7.5000   -7.5000    7.5000 2986.5115    6.9248
   -7.5000    0.0000    7.5000 2932.3835    7.1961
    0.0000    0.0000    7.5000 2976.0852    7.0275
    7.5000    0.0000    7.5000 2944.5664    7.1283
   -7.5000    7.5000    7.5000 2857.8779    7.6345
    0.0000    7.5000    7.5000 2898.9526    7.4776
    7.5000    7.5000    7.5000 2875.3459    7.5469
   -7.5000   15.0000    7.5000 2753.0220    8.2648
    0.0000   15.0000    7.5000 2791.8276    8.1143
    7.5000   15.0000    7.5000 2769.6389    8.1649
   -7.5000   22.5000    7.5000 2625.6848    9.0833
    0.0000   22.5000    7.5000 2665.3750    8.9201
    7.5000   22.5000    7.5000 2646.5842    8.9614
   -7.5000   30.0000    7.5000 2479.8052   10.0690
    0.0000   30.0000    7.5000 2515.6890    9.8987
    7.5000   30.0000    7.5000 2499.3254    9.9526
   -7.5000   37.5000    7.5000 2326.9592   11.3043
    0.0000   37.5000    7.5000 2361.0029   11.1582
    7.5000   37.5000    7.5000 2339.6177   11.1929
   -7.5000   45.0000    7.5000 2149.4465   12.8894
    0.0000   45.0000    7.5000 2176.3608   12.7275
    7.5000   45.0000    7.5000 2166.2527   12.7358
   -7.5000  -45.0000   15.0000 2705.9651    8.1098
    0.0000  -45.0000   15.0000 2737.4570    7.9579
    7.5000  -45.0000   15.0000 2726.8955    7.9784
   -7.5000  -37.5000   15.0000 2802.0486    7.5667
    0.0000  -37.5000   15.0000 2830.7629    7.4426
    7.5000  -37.5000   15.0000 2821.6399    7.4630
   -7.5000  -30.0000   15.0000 2887.3281    7.2027
    0.0000  -30.0000   15.0000 2925.0750    7.1044
    7.5000  -30.0000   15.0000 2909.2339    7.1108
   -7.5000  -22.5000   15.0000 2958.5142    6.9982
    0.0000  -22.5000   15.0000 3026.4966    6.9119
    7.5000  -22.5000   15.0000 2993.1130    6.9142
   -7.5000  -15.0000   15.0000 2986.4971    6.9369
    0.0000  -15.0000   15.0000 3067.2102    6.8717
    7.5000  -15.0000   15.0000 3022.0679    6.8517
   -7.5000   -7.5000   15.0000 2972.7175    6.9725
    0.0000   -7.5000   15.0000 3039.5918    6.8545
    7.5000   -7.5000   15.0000 2999.7483    6.8576
   -7.5000    0.0000   15.0000 2935.6592    7.1318
    0.0000    0.0000   15.0000 2988.3030    7.0009
    7.5000    0.0000   15.0000 2959.8276    7.0216
   -7.5000    7.5000   15.0000 2862.0735    7.5407
    0.0000    7.5000   15.0000 2903.0288    7.4006
    7.5000    7.5000   15.0000 2882.8586    7.4410
   -7.5000   15.0000   15.0000 2756.4368    8.1770
    0.0000   15.0000   15.0000 2796.0496    8.0311
    7.5000   15.0000   15.0000 2778.2261    8.0778
   -7.5000   22.5000   15.0000 2634.7688    8.9937
    0.0000   22.5000   15.0000 2670.7451    8.8225
    7.5000   22.5000   15.0000 2654.9407    8.8827
   -7.5000   30.0000   15.0000 2488.6523    9.9935
    0.0000   30.0000   15.0000 2517.9944    9.8016
    7.5000   30.0000   15.0000 2505.0476    9.8666
   -7.5000   37.5000   15.0000 2333.6558   11.2154
    0.0000   37.5000   15.0000 2363.8752   11.0440
    7.5000   37.5000   15.0000 2347.3484   11.1054
   -7.5000   45.0000   15.0000 2152.5356   12.7910
    0.0000   45.0000   15.0000 2185.2500   12.6208
    7.5000   45.0000   15.0000 2168.0132   12.6562
   -7.5000  -45.0000   22.5000 2691.2566    8.2224
    0.0000  -45.0000   22.5000 2720.2571    8.0626
    7.5000  -45.0000   22.5000 2711.3562    8.0712
   -7.5000  -37.5000   22.5000 2792.0576    7.6544
    0.0000  -37.5000   22.5000 2819.9919    7.5411
    7.5000  -37.5000   22.5000 2812.8140    7.5361
   -7.5000  -30.0000   22.5000 2879.9407    7.2867
    0.0000  -30.0000   22.5000 2921.5801    7.2038
    7.5000  -30.0000   22.5000 2907.9419    7.1816
   -7.5000  -22.5000   22.5000 2956.4578    7.0973
    0.0000  -22.5000   22.5000 3034.2083    7.0186
    7.5000  -22.5000   22.5000 3001.9241    6.9940
   -7.5000  -15.0000   22.5000 2979.3191    7.0221
    0.0000  -15.0000   22.5000 3077.3970    6.9273
    7.5000  -15.0000   22.5000 3030.8188    6.9228
   -7.5000   -7.5000   22.5000 2963.3438    7.0338
    0.0000   -7.5000   22.5000 3029.3083    6.9049
    7.5000   -7.5000   22.5000 2998.9846    6.9208
   -7.5000    0.0000   22.5000 2915.7739    7.2441
    0.0000    0.0000   22.5000 2974.4102    7.0706
    7.5000    0.0000   22.5000 2953.6743    7.1030
   -7.5000    7.5000   22.5000 2843.3892    7.6582
    0.0000    7.5000   22.5000 2883.7437    7.5009
    7.5000    7.5000   22.5000 2869.3159    7.5326
   -7.5000   15.0000   22.5000 2744.7563    8.2679
    0.0000   15.0000   22.5000 2781.3179    8.1104
    7.5000   15.0000   22.5000 2765.1465    8.1506
   -7.5000   22.5000   22.5000 2624.0708    9.0406
    0.0000   22.5000   22.5000 2655.4763    8.8732
    7.5000   22.5000   22.5000 2640.4185    8.9287
   -7.5000   30.0000   22.5000 2478.9460   10.0108
    0.0000   30.0000   22.5000 2503.6191    9.8357
    7.5000   30.0000   22.5000 2491.0774    9.8883
   -7.5000   37.5000   22.5000 2318.0452   11.2289
    0.0000   37.5000   22.5000 2345.8948   11.0306
    7.5000   37.5000   22.5000 2334.8440   11.1120
   -7.5000   45.0000   22.5000 2141.8884   12.8124
    0.0000   45.0000   22.5000 2172.7175   12.6175
    7.5000   45.0000   22.5000 2161.2537   12.6774
   -7.5000  -45.0000   30.0000 2668.2351    8.4398
    0.0000  -45.0000   30.0000 2694.6853    8.2593
    7.5000  -45.0000   30.0000 2687.9951    8.2635
   -7.5000  -37.5000   30.0000 2769.2498    7.8529
    0.0000  -37.5000   30.0000 2800.6299    7.7008
    7.5000  -37.5000   30.0000 2794.5830    7.7083
   -7.5000  -30.0000   30.0000 2860.9734    7.4794
    0.0000  -30.0000   30.0000 2904.7302    7.3395
    7.5000  -30.0000   30.0000 2892.1875    7.3524
   -7.5000  -22.5000   30.0000 2931.4780    7.2749
    0.0000  -22.5000   30.0000 3000.9731    7.1472
    7.5000  -22.5000   30.0000 2976.0190    7.1495
   -7.5000  -15.0000   30.0000 2951.4036    7.2000
    0.0000  -15.0000   30.0000 3032.0562    7.0383
    7.5000  -15.0000   30.0000 2998.0911    7.0667
   -7.5000   -7.5000   30.0000 2932.3794    7.2580
    0.0000   -7.5000   30.0000 2994.0054    7.0670
    7.5000   -7.5000   30.0000 2971.9707    7.1212
   -7.5000    0.0000   30.0000 2882.9753    7.4740
    0.0000    0.0000   30.0000 2935.3379    7.2882
    7.5000    0.0000   30.0000 2921.9724    7.3397
   -7.5000    7.5000   30.0000 2805.7375    7.8878
    0.0000    7.5000   30.0000 2845.1340    7.7081
    7.5000    7.5000   30.0000 2835.2781    7.7608
   -7.5000   15.0000   30.0000 2706.8760    8.4818
    0.0000   15.0000   30.0000 2741.9202    8.3028
    7.5000   15.0000   30.0000 2732.7537    8.3423
   -7.5000   22.5000   30.0000 2589.4272    9.2480
    0.0000   22.5000   30.0000 2616.2859    9.0616
    7.5000   22.5000   30.0000 2607.9812    9.0943
   -7.5000   30.0000   30.0000 2444.8164   10.1781
    0.0000   30.0000   30.0000 2468.6409    9.9883
    7.5000   30.0000   30.0000 2461.5005   10.0451
   -7.5000   37.5000   30.0000 2286.9763   11.3833
    0.0000   37.5000   30.0000 2311.3914   11.1921
    7.5000   37.5000   30.0000 2302.9485   11.2556
   -7.5000   45.0000   30.0000 2117.6790   12.9794
    0.0000   45.0000   30.0000 2145.5996   12.7772
    7.5000   45.0000   30.0000 2134.4885   12.8159
   -7.5000  -45.0000   37.5000 2639.3477    8.7729
    0.0000  -45.0000   37.5000 2670.5386    8.5127
    7.5000  -45.0000   37.5000 2666.0010    8.5319
   -7.5000  -37.5000   37.5000 2739.7056    8.1685
    0.0000  -37.5000   37.5000 2774.8789    7.9427
    7.5000  -37.5000   37.5000 2768.4417    7.9608
   -7.5000  -30.0000   37.5000 2825.6965    7.7659
    0.0000  -30.0000   37.5000 2870.9180    7.5715
    7.5000  -30.0000   37.5000 2858.9077    7.5854
   -7.5000  -22.5000   37.5000 2889.2795    7.5494
    0.0000  -22.5000   37.5000 2945.5925    7.3693
    7.5000  -22.5000   37.5000 2926.8931    7.3792
   -7.5000  -15.0000   37.5000 2903.7834    7.4943
    0.0000  -15.0000   37.5000 2963.3503    7.2875
    7.5000  -15.0000   37.5000 2943.6118    7.3251
   -7.5000   -7.5000   37.5000 2888.1780    7.5933
    0.0000   -7.5000   37.5000 2940.9563    7.3972
    7.5000   -7.5000   37.5000 2926.6714    7.4335
   -7.5000    0.0000   37.5000 2833.1851    7.8254
    0.0000    0.0000   37.5000 2878.3669    7.6436
    7.5000    0.0000   37.5000 2866.7649    7.6866
   -7.5000    7.5000   37.5000 2754.2312    8.2213
    0.0000    7.5000   37.5000 2793.6697    8.0573
    7.5000    7.5000   37.5000 2785.2300    8.1018
   -7.5000   15.0000   37.5000 2650.7151    8.7995
    0.0000   15.0000   37.5000 2690.1333    8.6212
    7.5000   15.0000   37.5000 2680.6765    8.6658
   -7.5000   22.5000   37.5000 2533.0952    9.5331
    0.0000   22.5000   37.5000 2566.1487    9.3399
    7.5000   22.5000   37.5000 2558.7637    9.3735
   -7.5000   30.0000   37.5000 2389.2397   10.4794
    0.0000   30.0000   37.5000 2420.7056   10.2782
    7.5000   30.0000   37.5000 2415.2915   10.3259
   -7.5000   37.5000   37.5000 2236.6428   11.7039
    0.0000   37.5000   37.5000 2263.4185   11.5036
    7.5000   37.5000   37.5000 2259.2554   11.5403
   -7.5000   45.0000   37.5000 2077.3291   13.2691
    0.0000   45.0000   37.5000 2102.6355   13.0657
    7.5000   45.0000   37.5000 2095.7012   13.1017
   -7.5000  -45.0000   45.0000 2596.9377    9.1743
    0.0000  -45.0000   45.0000 2636.4497    8.8900
    7.5000  -45.0000   45.0000 2629.3044    8.9049
   -7.5000  -37.5000   45.0000 2694.8381    8.5639
    0.0000  -37.5000   45.0000 2740.3289    8.3104
    7.5000  -37.5000   45.0000 2730.0869    8.3266
   -7.5000  -30.0000   45.0000 2775.1660    8.1670
    0.0000  -30.0000   45.0000 2823.3096    7.9394
    7.5000  -30.0000   45.0000 2810.0840    7.9526
   -7.5000  -22.5000   45.0000 2829.5598    7.9432
    0.0000  -22.5000   45.0000 2883.0217    7.7083
    7.5000  -22.5000   45.0000 2866.0806    7.7366
   -7.5000  -15.0000   45.0000 2835.8560    7.9133
    0.0000  -15.0000   45.0000 2888.7805    7.6807
    7.5000  -15.0000   45.0000 2873.3076    7.7095
   -7.5000   -7.5000   45.0000 2814.8230    8.0120
    0.0000   -7.5000   45.0000 2865.4812    7.8127
    7.5000   -7.5000   45.0000 2854.4958    7.8362
   -7.5000    0.0000   45.0000 2762.3921    8.2589
    0.0000    0.0000   45.0000 2801.6677    8.0746
    7.5000    0.0000   45.0000 2794.1919    8.0999
   -7.5000    7.5000   45.0000 2685.7073    8.6555
    0.0000    7.5000   45.0000 2724.5505    8.4925
    7.5000    7.5000   45.0000 2716.8779    8.5253
   -7.5000   15.0000   45.0000 2586.1355    9.2535
    0.0000   15.0000   45.0000 2622.9255    9.0726
    7.5000   15.0000   45.0000 2614.4941    9.0934
   -7.5000   22.5000   45.0000 2469.8235    9.9620
    0.0000   22.5000   45.0000 2506.0796    9.7730
    7.5000   22.5000   45.0000 2497.7627    9.7890
   -7.5000   30.0000   45.0000 2325.9341   10.8901
    0.0000   30.0000   45.0000 2359.0518   10.7093
    7.5000   30.0000   45.0000 2353.8037   10.7255
   -7.5000   37.5000   45.0000 2177.8508   12.1450
    0.0000   37.5000   45.0000 2203.9365   11.9256
    7.5000   37.5000   45.0000 2202.7620   11.9500
   -7.5000   45.0000   45.0000 2025.5754   13.7183
    0.0000   45.0000   45.0000 2051.6030   13.5045
    7.5000   45.0000   45.0000 2047.1573   13.5263

---------------------------------------------------------------------
imgreg_4dfp /opt/freesurfer/average/711-2C_as_mni_average_305 /opt/freesurfer/average/711-2B_as_mni_average_305_mask talsrcimg_g11 none talsrcimg_to_711-2C_as_mni_average_305_t4 1283
---------------------------------------------------------------------

freesurfer imgreg_4dfp.c
/opt/freesurfer/average/711-2C_as_mni_average_305.4dfp.img
       256       256       256         1
  1.000000  1.000000  1.000000
orientation T byte_order littleendian
Reading image: /opt/freesurfer/average/711-2C_as_mni_average_305.4dfp.img
dimensions:      256       256       256
mmppix:       1.0000   -1.0000   -1.0000
center:     128.0000 -129.0000 -129.0000
/opt/freesurfer/average/711-2B_as_mni_average_305_mask.4dfp.img
       256       256       256         1
  1.000000  1.000000  1.000000
orientation T byte_order littleendian
Reading mask: /opt/freesurfer/average/711-2B_as_mni_average_305_mask.4dfp.img (2306576 pixels)
talsrcimg_g11.4dfp.img
       256       256       256         1
  1.000000  1.000000  1.000000
orientation T byte_order littleendian
Reading image: talsrcimg_g11.4dfp.img
dimensions:      256       256       256
mmppix:       1.0000   -1.0000   -1.0000
center:     128.0000 -129.0000 -129.0000
rotation matrix determinant  1.000000
fimgreg.f
image alignment mode   1283 decimal      503 hex
parameters
    0.0000  -15.0000   22.5000    0.0000    0.0000    0.0000
eta,q 0.96466  6.94828
niter,ni,del,rscale     5    3   12.0000    1.2000
parameter  3  0.535533 ->  0.500000 qaram    1.1500
parameters
    1.6494  -15.4201   19.0500   -2.0610    1.1435    0.2980
eta,q 0.96678  6.92502
  0.0625  0.0442  0.0365  0.0356  0.0461  0.0394
  0.0524  0.0387  0.0342  0.0339  0.0406  0.0368
  0.0438  0.0368  0.0342  0.0337  0.0364  0.0344
  0.0381  0.0366  0.0363  0.0340  0.0337  0.0333
  0.0369  0.0381  0.0390  0.0357  0.0336  0.0337
  0.0394  0.0414  0.0416  0.0385  0.0358  0.0357
  0.0462  0.0455  0.0446  0.0423  0.0396  0.0386
niter,ni,del,rscale     5    3   12.0000    1.2000
parameters
    1.5226  -14.9046   19.6670   -2.3518    1.2626    0.3206
eta,q 0.96676  6.93492
  0.0514  0.0445  0.0439  0.0380  0.0429  0.0388
  0.0422  0.0380  0.0387  0.0356  0.0382  0.0363
  0.0350  0.0347  0.0343  0.0340  0.0348  0.0341
  0.0332  0.0332  0.0330  0.0332  0.0332  0.0332
  0.0365  0.0337  0.0344  0.0340  0.0344  0.0339
  0.0433  0.0369  0.0371  0.0363  0.0378  0.0361
  0.0526  0.0405  0.0400  0.0390  0.0422  0.0389
niter,ni,del,rscale     4    3   12.0000    1.2000
parameters
    1.4515  -14.7941   19.7039   -2.4680    1.3057    0.3244
eta,q 0.96676  6.93514
  0.0516  0.0430  0.0424  0.0381  0.0427  0.0387
  0.0423  0.0372  0.0371  0.0359  0.0381  0.0362
  0.0351  0.0343  0.0335  0.0342  0.0347  0.0341
  0.0332  0.0332  0.0332  0.0332  0.0332  0.0332
  0.0363  0.0346  0.0352  0.0338  0.0345  0.0339
  0.0429  0.0380  0.0380  0.0360  0.0380  0.0361
  0.0522  0.0414  0.0409  0.0388  0.0424  0.0389
niter,ni,del,rscale     3    3   12.0000    1.2000
parameters
    1.4285  -14.7545   19.6776   -2.5269    1.3222    0.3298
eta,q 0.96677  6.93456
  0.0519  0.0428  0.0422  0.0381  0.0426  0.0387
  0.0426  0.0370  0.0369  0.0359  0.0380  0.0362
  0.0353  0.0342  0.0334  0.0343  0.0346  0.0341
  0.0332  0.0332  0.0332  0.0332  0.0332  0.0332
  0.0362  0.0347  0.0353  0.0337  0.0346  0.0339
  0.0427  0.0381  0.0381  0.0359  0.0381  0.0361
  0.0519  0.0415  0.0410  0.0387  0.0425  0.0388
registration optimization eta report
parameter search radius
    6.0000    6.0000    6.9000    6.0000    6.0000    6.0000
100000*second partial in parameter space
       51.       24.       17.       14.       25.       15.
  0.0519  0.0428  0.0422  0.0381  0.0426  0.0387
  0.0426  0.0370  0.0369  0.0359  0.0380  0.0362
  0.0353  0.0342  0.0334  0.0343  0.0346  0.0341
  0.0332  0.0332  0.0332  0.0332  0.0332  0.0332
  0.0362  0.0347  0.0353  0.0337  0.0346  0.0339
  0.0427  0.0381  0.0381  0.0359  0.0381  0.0361
  0.0519  0.0415  0.0410  0.0387  0.0425  0.0388
    1.4285  -14.7545   19.6776   -2.5269    1.3222    0.3298
eta,q 0.96677  6.93456

---------------------------------------------------------------------
imgreg_4dfp /opt/freesurfer/average/711-2C_as_mni_average_305 /opt/freesurfer/average/711-2B_as_mni_average_305_mask talsrcimg_g11 none talsrcimg_to_711-2C_as_mni_average_305_t4 3335
---------------------------------------------------------------------

freesurfer imgreg_4dfp.c
/opt/freesurfer/average/711-2C_as_mni_average_305.4dfp.img
       256       256       256         1
  1.000000  1.000000  1.000000
orientation T byte_order littleendian
Reading image: /opt/freesurfer/average/711-2C_as_mni_average_305.4dfp.img
dimensions:      256       256       256
mmppix:       1.0000   -1.0000   -1.0000
center:     128.0000 -129.0000 -129.0000
/opt/freesurfer/average/711-2B_as_mni_average_305_mask.4dfp.img
       256       256       256         1
  1.000000  1.000000  1.000000
orientation T byte_order littleendian
Reading mask: /opt/freesurfer/average/711-2B_as_mni_average_305_mask.4dfp.img (2306576 pixels)
talsrcimg_g11.4dfp.img
       256       256       256         1
  1.000000  1.000000  1.000000
orientation T byte_order littleendian
Reading image: talsrcimg_g11.4dfp.img
dimensions:      256       256       256
mmppix:       1.0000   -1.0000   -1.0000
center:     128.0000 -129.0000 -129.0000
fimgreg.f
image alignment mode   3335 decimal      D07 hex
parameters
    1.4285  -14.7545   19.6776   -0.0283   -0.0983   -0.1238
   -0.4733   -2.3306    0.5755    4.3956    2.3075   -4.4077
eta,q 0.96855  6.93522
niter,ni,del,rscale     5    3    5.0000    1.2000
parameter  6 -0.553126 -> -0.500000 qaram    1.1500
parameter 11 -0.700199 -> -0.500000 qaram    1.1500
parameter 12  0.550541 ->  0.500000 qaram    1.1500
parameters
    1.3421  -15.3236   20.1097   -1.9078   -2.4788    4.0162
    0.4147   -0.9556    0.8627    4.0948    6.4475   -8.5477
eta,q 0.97007  6.92192
  0.0343  0.0325  0.0330  0.0321  0.0318  0.0338  0.0334  0.0358  0.0320  0.0327  0.0323  0.0301
  0.0327  0.0317  0.0322  0.0317  0.0313  0.0326  0.0321  0.0335  0.0312  0.0315  0.0316  0.0300
  0.0317  0.0313  0.0316  0.0313  0.0312  0.0318  0.0312  0.0317  0.0308  0.0308  0.0310  0.0300
  0.0315  0.0314  0.0313  0.0313  0.0313  0.0312  0.0308  0.0308  0.0306  0.0306  0.0306  0.0302
  0.0319  0.0320  0.0313  0.0317  0.0318  0.0309  0.0308  0.0306  0.0307  0.0310  0.0303  0.0307
  0.0330  0.0330  0.0316  0.0328  0.0326  0.0308  0.0314  0.0314  0.0311  0.0318  0.0302  0.0313
  0.0347  0.0344  0.0321  0.0348  0.0342  0.0310  0.0324  0.0331  0.0318  0.0330  0.0303  0.0321
niter,ni,del,rscale     7    3    5.0000    1.2000
parameters
    1.4799  -15.3537   20.1383   -1.2323   -2.1406    4.0888
    0.0390   -1.2018   -0.3753    4.3718    6.7361   -8.6140
eta,q 0.97029  6.95335
  0.0334  0.0320  0.0313  0.0319  0.0310  0.0325  0.0318  0.0337  0.0307  0.0322  0.0310  0.0310
  0.0316  0.0308  0.0305  0.0312  0.0305  0.0313  0.0306  0.0315  0.0301  0.0309  0.0303  0.0303
  0.0304  0.0301  0.0301  0.0305  0.0301  0.0304  0.0299  0.0302  0.0297  0.0301  0.0299  0.0299
  0.0299  0.0299  0.0299  0.0299  0.0298  0.0298  0.0298  0.0298  0.0298  0.0297  0.0297  0.0297
  0.0302  0.0302  0.0301  0.0297  0.0298  0.0296  0.0301  0.0303  0.0301  0.0299  0.0298  0.0298
  0.0311  0.0310  0.0305  0.0303  0.0302  0.0306  0.0309  0.0319  0.0308  0.0307  0.0302  0.0303
  0.0328  0.0320  0.0312  0.0317  0.0309  0.0331  0.0322  0.0343  0.0317  0.0319  0.0309  0.0310
niter,ni,del,rscale     6    3    5.0000    1.2000
parameters
    1.4244  -15.2520   20.1303   -1.3038   -2.3011    4.0233
    0.0978   -1.1771   -0.5547    4.6026    6.9067   -8.5879
eta,q 0.97028  6.94639
  0.0329  0.0321  0.0311  0.0315  0.0308  0.0324  0.0320  0.0339  0.0311  0.0322  0.0310  0.0310
  0.0311  0.0308  0.0303  0.0309  0.0303  0.0312  0.0308  0.0317  0.0303  0.0309  0.0303  0.0303
  0.0300  0.0300  0.0299  0.0303  0.0299  0.0303  0.0300  0.0303  0.0298  0.0301  0.0299  0.0299
  0.0297  0.0297  0.0297  0.0297  0.0297  0.0297  0.0297  0.0297  0.0297  0.0297  0.0297  0.0297
  0.0301  0.0299  0.0299  0.0297  0.0298  0.0296  0.0300  0.0302  0.0299  0.0300  0.0298  0.0299
  0.0313  0.0306  0.0303  0.0305  0.0302  0.0306  0.0307  0.0316  0.0304  0.0307  0.0302  0.0303
  0.0331  0.0317  0.0311  0.0321  0.0311  0.0332  0.0319  0.0339  0.0313  0.0319  0.0309  0.0310
niter,ni,del,rscale     5    3    5.0000    1.2000
parameters
    1.4242  -15.2393   20.1496   -1.3617   -2.5187    3.9646
    0.0819   -1.1637   -0.6676    4.7692    7.0399   -8.4324
eta,q 0.97027  6.93866
  0.0330  0.0319  0.0311  0.0315  0.0308  0.0324  0.0319  0.0339  0.0312  0.0321  0.0310  0.0311
  0.0312  0.0307  0.0304  0.0309  0.0303  0.0312  0.0307  0.0317  0.0303  0.0309  0.0303  0.0304
  0.0301  0.0299  0.0299  0.0303  0.0299  0.0303  0.0300  0.0303  0.0299  0.0301  0.0299  0.0299
  0.0297  0.0297  0.0297  0.0297  0.0297  0.0297  0.0297  0.0297  0.0297  0.0297  0.0297  0.0297
  0.0301  0.0300  0.0299  0.0297  0.0298  0.0296  0.0300  0.0302  0.0299  0.0300  0.0299  0.0298
  0.0312  0.0307  0.0303  0.0304  0.0302  0.0306  0.0307  0.0316  0.0304  0.0308  0.0303  0.0303
  0.0330  0.0318  0.0311  0.0321  0.0311  0.0332  0.0319  0.0339  0.0312  0.0319  0.0309  0.0310
niter,ni,del,rscale     4    3    5.0000    1.2000
parameters
    1.4239  -15.2506   20.1970   -1.4261   -2.7386    3.9023
    0.0523   -1.1546   -0.7507    4.9023    7.1500   -8.2037
eta,q 0.97025  6.93097
  0.0330  0.0319  0.0312  0.0315  0.0308  0.0325  0.0319  0.0338  0.0312  0.0321  0.0310  0.0311
  0.0312  0.0307  0.0304  0.0308  0.0303  0.0312  0.0307  0.0317  0.0304  0.0309  0.0303  0.0304
  0.0301  0.0299  0.0299  0.0303  0.0299  0.0303  0.0300  0.0303  0.0299  0.0301  0.0299  0.0300
  0.0297  0.0297  0.0297  0.0297  0.0297  0.0297  0.0298  0.0298  0.0298  0.0298  0.0298  0.0298
  0.0301  0.0300  0.0299  0.0297  0.0299  0.0297  0.0300  0.0302  0.0299  0.0300  0.0299  0.0299
  0.0312  0.0308  0.0303  0.0304  0.0303  0.0307  0.0308  0.0316  0.0304  0.0308  0.0303  0.0303
  0.0330  0.0319  0.0311  0.0321  0.0311  0.0332  0.0320  0.0339  0.0312  0.0320  0.0310  0.0310
niter,ni,del,rscale     3    3    5.0000    1.2000
parameters
    1.4229  -15.2714   20.2477   -1.4884   -2.9385    3.8358
    0.0226   -1.1419   -0.8227    5.0064    7.2498   -7.9812
eta,q 0.97024  6.92385
  0.0330  0.0319  0.0312  0.0315  0.0309  0.0325  0.0320  0.0338  0.0312  0.0321  0.0310  0.0312
  0.0312  0.0307  0.0304  0.0308  0.0303  0.0312  0.0308  0.0317  0.0304  0.0310  0.0304  0.0305
  0.0301  0.0300  0.0299  0.0303  0.0299  0.0303  0.0300  0.0303  0.0299  0.0301  0.0299  0.0300
  0.0297  0.0297  0.0297  0.0297  0.0298  0.0298  0.0298  0.0298  0.0298  0.0298  0.0298  0.0298
  0.0301  0.0301  0.0299  0.0297  0.0299  0.0297  0.0300  0.0302  0.0299  0.0300  0.0299  0.0299
  0.0312  0.0308  0.0303  0.0304  0.0303  0.0307  0.0308  0.0317  0.0304  0.0309  0.0303  0.0303
  0.0330  0.0319  0.0311  0.0320  0.0311  0.0332  0.0320  0.0339  0.0312  0.0320  0.0310  0.0311
niter,ni,del,rscale     2    3    5.0000    1.2000
parameters
    1.4231  -15.2926   20.2941   -1.5362   -3.0824    3.7781
    0.0056   -1.1365   -0.8676    5.0663    7.3247   -7.8060
eta,q 0.97024  6.91855
  0.0330  0.0319  0.0312  0.0315  0.0309  0.0325  0.0320  0.0338  0.0312  0.0321  0.0310  0.0312
  0.0312  0.0307  0.0304  0.0308  0.0303  0.0312  0.0308  0.0317  0.0304  0.0310  0.0304  0.0305
  0.0301  0.0300  0.0299  0.0303  0.0300  0.0303  0.0300  0.0303  0.0299  0.0301  0.0299  0.0300
  0.0298  0.0298  0.0298  0.0298  0.0298  0.0298  0.0298  0.0298  0.0298  0.0298  0.0298  0.0298
  0.0301  0.0301  0.0299  0.0297  0.0299  0.0297  0.0301  0.0302  0.0300  0.0301  0.0299  0.0299
  0.0312  0.0308  0.0303  0.0304  0.0303  0.0307  0.0308  0.0317  0.0304  0.0309  0.0303  0.0304
  0.0330  0.0319  0.0311  0.0320  0.0311  0.0332  0.0320  0.0339  0.0312  0.0321  0.0310  0.0311
niter,ni,del,rscale     1    3    5.0000    1.2000
parameters
    1.4239  -15.3066   20.3212   -1.5708   -3.1637    3.7295
   -0.0078   -1.1330   -0.8971    5.1002    7.3836   -7.6922
eta,q 0.97023  6.91505
  0.0330  0.0320  0.0312  0.0315  0.0310  0.0325  0.0320  0.0338  0.0312  0.0321  0.0310  0.0312
  0.0312  0.0307  0.0304  0.0308  0.0304  0.0312  0.0308  0.0317  0.0304  0.0310  0.0304  0.0305
  0.0301  0.0300  0.0299  0.0303  0.0300  0.0303  0.0300  0.0303  0.0299  0.0301  0.0299  0.0300
  0.0298  0.0298  0.0298  0.0298  0.0298  0.0298  0.0298  0.0298  0.0298  0.0298  0.0298  0.0298
  0.0301  0.0301  0.0299  0.0297  0.0299  0.0297  0.0301  0.0302  0.0300  0.0301  0.0299  0.0299
  0.0312  0.0308  0.0304  0.0304  0.0303  0.0307  0.0308  0.0317  0.0304  0.0309  0.0303  0.0304
  0.0330  0.0319  0.0311  0.0320  0.0311  0.0332  0.0320  0.0339  0.0312  0.0321  0.0310  0.0311
registration optimization eta report
parameter search radius
    2.4000    2.4000    2.4000    7.2000    7.2000    8.2800
    7.2000    7.2000    7.2000    7.2000    8.2800    8.2800
100000*second partial in parameter space
       56.       38.       24.        4.        2.        5.
        4.        8.        3.        4.        2.        2.
  0.0330  0.0320  0.0312  0.0315  0.0310  0.0325  0.0320  0.0338  0.0312  0.0321  0.0310  0.0312
  0.0312  0.0307  0.0304  0.0308  0.0304  0.0312  0.0308  0.0317  0.0304  0.0310  0.0304  0.0305
  0.0301  0.0300  0.0299  0.0303  0.0300  0.0303  0.0300  0.0303  0.0299  0.0301  0.0299  0.0300
  0.0298  0.0298  0.0298  0.0298  0.0298  0.0298  0.0298  0.0298  0.0298  0.0298  0.0298  0.0298
  0.0301  0.0301  0.0299  0.0297  0.0299  0.0297  0.0301  0.0302  0.0300  0.0301  0.0299  0.0299
  0.0312  0.0308  0.0304  0.0304  0.0303  0.0307  0.0308  0.0317  0.0304  0.0309  0.0303  0.0304
  0.0330  0.0319  0.0311  0.0320  0.0311  0.0332  0.0320  0.0339  0.0312  0.0321  0.0310  0.0311
    1.4239  -15.3066   20.3212   -1.5708   -3.1637    3.7295
   -0.0078   -1.1330   -0.8971    5.1002    7.3836   -7.6922
eta,q 0.97023  6.91505

---------------------------------------------------------------------
imgreg_4dfp /opt/freesurfer/average/711-2C_as_mni_average_305 /opt/freesurfer/average/711-2B_as_mni_average_305_mask talsrcimg_g11 none talsrcimg_to_711-2C_as_mni_average_305_t4 2311
---------------------------------------------------------------------

freesurfer imgreg_4dfp.c
/opt/freesurfer/average/711-2C_as_mni_average_305.4dfp.img
       256       256       256         1
  1.000000  1.000000  1.000000
orientation T byte_order littleendian
Reading image: /opt/freesurfer/average/711-2C_as_mni_average_305.4dfp.img
dimensions:      256       256       256
mmppix:       1.0000   -1.0000   -1.0000
center:     128.0000 -129.0000 -129.0000
/opt/freesurfer/average/711-2B_as_mni_average_305_mask.4dfp.img
       256       256       256         1
  1.000000  1.000000  1.000000
orientation T byte_order littleendian
Reading mask: /opt/freesurfer/average/711-2B_as_mni_average_305_mask.4dfp.img (2306576 pixels)
talsrcimg_g11.4dfp.img
       256       256       256         1
  1.000000  1.000000  1.000000
orientation T byte_order littleendian
Reading image: talsrcimg_g11.4dfp.img
dimensions:      256       256       256
mmppix:       1.0000   -1.0000   -1.0000
center:     128.0000 -129.0000 -129.0000
fimgreg.f
image alignment mode   2311 decimal      907 hex
parameters
    1.4239  -15.3066   20.3212   -1.5708   -3.1637    3.7295
   -0.0078   -1.1330   -0.8971    5.1002    7.3836   -7.6922
eta,q 0.97023  6.91505
niter,ni,del,rscale     5    3    5.0000    0.8000
parameters
    1.4206  -15.3550   20.3550   -0.7499   -2.9844    4.5959
   -0.0352   -1.1372   -0.9877    4.7061    6.9412   -8.1505
eta,q 0.97042  6.95842
  0.0312  0.0307  0.0304  0.0308  0.0303  0.0309  0.0306  0.0317  0.0302  0.0306  0.0300  0.0300
  0.0304  0.0302  0.0301  0.0304  0.0300  0.0303  0.0300  0.0306  0.0299  0.0300  0.0297  0.0297
  0.0299  0.0299  0.0299  0.0301  0.0298  0.0299  0.0297  0.0299  0.0296  0.0297  0.0296  0.0296
  0.0298  0.0298  0.0298  0.0298  0.0297  0.0297  0.0296  0.0296  0.0296  0.0296  0.0296  0.0296
  0.0299  0.0299  0.0298  0.0297  0.0297  0.0296  0.0297  0.0298  0.0297  0.0298  0.0297  0.0297
  0.0304  0.0303  0.0300  0.0299  0.0299  0.0298  0.0301  0.0305  0.0299  0.0303  0.0299  0.0299
  0.0313  0.0308  0.0304  0.0304  0.0303  0.0303  0.0306  0.0317  0.0303  0.0310  0.0302  0.0302
niter,ni,del,rscale     4    3    5.0000    0.7000
parameters
    1.3818  -15.3423   20.3809   -0.5719   -2.5666    4.9976
    0.0094   -1.1658   -0.7577    4.3884    6.4729   -8.6804
eta,q 0.97049  6.98134
  0.0307  0.0304  0.0301  0.0304  0.0301  0.0304  0.0304  0.0312  0.0301  0.0303  0.0298  0.0298
  0.0301  0.0299  0.0298  0.0301  0.0299  0.0301  0.0299  0.0303  0.0298  0.0299  0.0296  0.0296
  0.0297  0.0297  0.0296  0.0298  0.0297  0.0298  0.0296  0.0298  0.0296  0.0296  0.0295  0.0295
  0.0296  0.0296  0.0296  0.0296  0.0296  0.0296  0.0295  0.0295  0.0295  0.0295  0.0295  0.0295
  0.0298  0.0297  0.0296  0.0296  0.0296  0.0295  0.0296  0.0297  0.0296  0.0297  0.0296  0.0296
  0.0302  0.0299  0.0298  0.0299  0.0297  0.0297  0.0299  0.0303  0.0297  0.0301  0.0298  0.0297
  0.0308  0.0304  0.0301  0.0304  0.0299  0.0303  0.0303  0.0312  0.0300  0.0306  0.0300  0.0300
niter,ni,del,rscale     3    3    5.0000    0.6000
parameters
    1.3825  -15.2940   20.2799   -0.2883   -1.7348    5.4224
    0.1125   -1.2105   -0.4530    3.7421    5.9141   -9.8328
eta,q 0.97063  7.01707
  0.0304  0.0301  0.0298  0.0303  0.0300  0.0302  0.0301  0.0307  0.0299  0.0299  0.0296  0.0295
  0.0299  0.0298  0.0296  0.0300  0.0298  0.0299  0.0297  0.0300  0.0297  0.0296  0.0295  0.0294
  0.0296  0.0296  0.0295  0.0297  0.0296  0.0296  0.0295  0.0296  0.0295  0.0294  0.0294  0.0294
  0.0295  0.0295  0.0295  0.0295  0.0295  0.0295  0.0294  0.0294  0.0294  0.0294  0.0294  0.0294
  0.0296  0.0296  0.0296  0.0295  0.0295  0.0294  0.0295  0.0295  0.0295  0.0296  0.0295  0.0295
  0.0299  0.0298  0.0297  0.0297  0.0295  0.0296  0.0297  0.0300  0.0296  0.0299  0.0296  0.0296
  0.0304  0.0300  0.0300  0.0301  0.0297  0.0300  0.0300  0.0308  0.0298  0.0304  0.0298  0.0298
niter,ni,del,rscale     2    3    5.0000    0.5000
parameters
    1.3821  -15.1675   20.0232   -0.0240   -0.3387    5.9298
    0.0558   -1.1713   -0.2551    3.0839    5.7656  -11.0095
eta,q 0.97085  7.06971
  0.0300  0.0299  0.0295  0.0300  0.0299  0.0299  0.0297  0.0302  0.0296  0.0296  0.0294  0.0292
  0.0297  0.0296  0.0294  0.0297  0.0296  0.0297  0.0294  0.0297  0.0294  0.0293  0.0293  0.0292
  0.0294  0.0294  0.0293  0.0295  0.0295  0.0294  0.0293  0.0294  0.0293  0.0292  0.0292  0.0291
  0.0294  0.0294  0.0294  0.0293  0.0293  0.0293  0.0292  0.0292  0.0292  0.0292  0.0292  0.0292
  0.0294  0.0294  0.0295  0.0293  0.0293  0.0292  0.0293  0.0293  0.0292  0.0294  0.0292  0.0293
  0.0297  0.0295  0.0296  0.0295  0.0293  0.0294  0.0294  0.0296  0.0293  0.0297  0.0293  0.0294
  0.0300  0.0297  0.0298  0.0298  0.0294  0.0296  0.0297  0.0302  0.0295  0.0300  0.0295  0.0296
niter,ni,del,rscale     1    3    5.0000    0.4000
parameters
    1.3300  -15.0039   19.8163   -0.0410    0.2731    6.2921
   -0.2023   -1.0492   -0.3280    3.0016    5.9831  -12.0665
eta,q 0.97094  7.09340
  0.0295  0.0296  0.0292  0.0295  0.0295  0.0296  0.0293  0.0298  0.0293  0.0295  0.0293  0.0291
  0.0293  0.0294  0.0292  0.0293  0.0293  0.0294  0.0292  0.0294  0.0292  0.0292  0.0292  0.0291
  0.0292  0.0292  0.0291  0.0292  0.0292  0.0292  0.0291  0.0292  0.0291  0.0291  0.0291  0.0291
  0.0292  0.0291  0.0291  0.0291  0.0291  0.0291  0.0291  0.0291  0.0291  0.0291  0.0291  0.0291
  0.0292  0.0291  0.0292  0.0292  0.0291  0.0291  0.0291  0.0291  0.0291  0.0291  0.0291  0.0291
  0.0294  0.0292  0.0293  0.0293  0.0291  0.0292  0.0293  0.0293  0.0292  0.0293  0.0291  0.0292
  0.0296  0.0293  0.0294  0.0296  0.0293  0.0294  0.0295  0.0297  0.0293  0.0295  0.0292  0.0293
registration optimization eta report
parameter search radius
    0.8000    0.8000    0.8000    2.4000    2.4000    2.4000
    2.4000    2.4000    2.4000    2.4000    2.4000    2.4000
100000*second partial in parameter space
       68.       46.       31.        8.        5.        7.
        5.       12.        4.        7.        3.        2.
  0.0295  0.0296  0.0292  0.0295  0.0295  0.0296  0.0293  0.0298  0.0293  0.0295  0.0293  0.0291
  0.0293  0.0294  0.0292  0.0293  0.0293  0.0294  0.0292  0.0294  0.0292  0.0292  0.0292  0.0291
  0.0292  0.0292  0.0291  0.0292  0.0292  0.0292  0.0291  0.0292  0.0291  0.0291  0.0291  0.0291
  0.0292  0.0291  0.0291  0.0291  0.0291  0.0291  0.0291  0.0291  0.0291  0.0291  0.0291  0.0291
  0.0292  0.0291  0.0292  0.0292  0.0291  0.0291  0.0291  0.0291  0.0291  0.0291  0.0291  0.0291
  0.0294  0.0292  0.0293  0.0293  0.0291  0.0292  0.0293  0.0293  0.0292  0.0293  0.0291  0.0292
  0.0296  0.0293  0.0294  0.0296  0.0293  0.0294  0.0295  0.0297  0.0293  0.0295  0.0292  0.0293
    1.3300  -15.0039   19.8163   -0.0410    0.2731    6.2921
   -0.2023   -1.0492   -0.3280    3.0016    5.9831  -12.0665
eta,q 0.97094  7.09340

---------------------------------------------------------------------
imgreg_4dfp /opt/freesurfer/average/711-2C_as_mni_average_305 /opt/freesurfer/average/711-2B_as_mni_average_305_mask talsrcimg_g11 none talsrcimg_to_711-2C_as_mni_average_305_t4 2311
---------------------------------------------------------------------

freesurfer imgreg_4dfp.c
/opt/freesurfer/average/711-2C_as_mni_average_305.4dfp.img
       256       256       256         1
  1.000000  1.000000  1.000000
orientation T byte_order littleendian
Reading image: /opt/freesurfer/average/711-2C_as_mni_average_305.4dfp.img
dimensions:      256       256       256
mmppix:       1.0000   -1.0000   -1.0000
center:     128.0000 -129.0000 -129.0000
/opt/freesurfer/average/711-2B_as_mni_average_305_mask.4dfp.img
       256       256       256         1
  1.000000  1.000000  1.000000
orientation T byte_order littleendian
Reading mask: /opt/freesurfer/average/711-2B_as_mni_average_305_mask.4dfp.img (2306576 pixels)
talsrcimg_g11.4dfp.img
       256       256       256         1
  1.000000  1.000000  1.000000
orientation T byte_order littleendian
Reading image: talsrcimg_g11.4dfp.img
dimensions:      256       256       256
mmppix:       1.0000   -1.0000   -1.0000
center:     128.0000 -129.0000 -129.0000
fimgreg.f
image alignment mode   2311 decimal      907 hex
parameters
    1.3300  -15.0039   19.8163   -0.0410    0.2731    6.2921
   -0.2023   -1.0492   -0.3280    3.0016    5.9831  -12.0665
eta,q 0.97094  7.09340
niter,ni,del,rscale     5    3    5.0000    0.8000
parameters
    1.3455  -14.8571   19.6483   -0.3493    0.4375    5.9639
   -0.1564   -1.1089   -0.3758    3.3560    6.1779  -12.3652
eta,q 0.97094  7.08501
  0.0308  0.0304  0.0297  0.0304  0.0301  0.0303  0.0303  0.0315  0.0300  0.0307  0.0297  0.0295
  0.0299  0.0297  0.0293  0.0298  0.0296  0.0297  0.0296  0.0302  0.0295  0.0299  0.0294  0.0293
  0.0292  0.0293  0.0291  0.0292  0.0293  0.0293  0.0292  0.0294  0.0292  0.0293  0.0292  0.0291
  0.0291  0.0291  0.0291  0.0290  0.0290  0.0290  0.0291  0.0291  0.0291  0.0291  0.0291  0.0291
  0.0292  0.0291  0.0292  0.0293  0.0291  0.0291  0.0292  0.0293  0.0292  0.0292  0.0291  0.0291
  0.0298  0.0294  0.0295  0.0299  0.0295  0.0298  0.0296  0.0303  0.0295  0.0296  0.0293  0.0293
  0.0307  0.0300  0.0300  0.0310  0.0301  0.0311  0.0303  0.0317  0.0300  0.0303  0.0296  0.0297
niter,ni,del,rscale     4    3    5.0000    0.7000
parameters
    1.3473  -14.7867   19.5408   -0.2336    0.5154    6.0005
   -0.2150   -1.1108   -0.4884    3.3793    6.2833  -12.6900
eta,q 0.97096  7.08981
  0.0304  0.0300  0.0295  0.0303  0.0299  0.0302  0.0300  0.0310  0.0297  0.0302  0.0295  0.0294
  0.0297  0.0295  0.0293  0.0297  0.0295  0.0297  0.0294  0.0300  0.0293  0.0296  0.0293  0.0292
  0.0292  0.0292  0.0291  0.0293  0.0292  0.0293  0.0291  0.0293  0.0291  0.0292  0.0291  0.0291
  0.0291  0.0291  0.0291  0.0291  0.0291  0.0291  0.0290  0.0290  0.0290  0.0290  0.0290  0.0290
  0.0292  0.0291  0.0292  0.0291  0.0291  0.0291  0.0292  0.0292  0.0291  0.0292  0.0291  0.0291
  0.0297  0.0294  0.0294  0.0295  0.0294  0.0295  0.0295  0.0299  0.0294  0.0296  0.0292  0.0293
  0.0304  0.0298  0.0297  0.0303  0.0299  0.0303  0.0300  0.0311  0.0298  0.0302  0.0295  0.0295
niter,ni,del,rscale     3    3    5.0000    0.6000
parameters
    1.3352  -14.7522   19.4990   -0.1681    0.6117    6.1478
   -0.2608   -1.0896   -0.5616    3.3653    6.2875  -12.9214
eta,q 0.97097  7.09610
  0.0300  0.0297  0.0294  0.0300  0.0297  0.0300  0.0297  0.0306  0.0295  0.0299  0.0294  0.0293
  0.0295  0.0294  0.0292  0.0295  0.0294  0.0295  0.0293  0.0298  0.0293  0.0294  0.0292  0.0291
  0.0291  0.0291  0.0291  0.0292  0.0291  0.0292  0.0291  0.0292  0.0291  0.0291  0.0291  0.0290
  0.0290  0.0290  0.0290  0.0290  0.0290  0.0290  0.0290  0.0290  0.0290  0.0290  0.0290  0.0290
  0.0292  0.0291  0.0291  0.0291  0.0291  0.0290  0.0291  0.0292  0.0291  0.0291  0.0291  0.0291
  0.0295  0.0293  0.0293  0.0294  0.0293  0.0293  0.0294  0.0297  0.0293  0.0294  0.0292  0.0292
  0.0300  0.0296  0.0295  0.0300  0.0297  0.0299  0.0298  0.0306  0.0296  0.0299  0.0294  0.0294
niter,ni,del,rscale     2    3    5.0000    0.5000
parameters
    1.3284  -14.7333   19.4897   -0.1333    0.6521    6.3078
   -0.2929   -1.0712   -0.5793    3.3396    6.2518  -13.0871
eta,q 0.97098  7.10056
  0.0297  0.0295  0.0293  0.0297  0.0295  0.0297  0.0295  0.0301  0.0294  0.0296  0.0293  0.0292
  0.0293  0.0292  0.0292  0.0294  0.0293  0.0294  0.0292  0.0295  0.0292  0.0293  0.0291  0.0291
  0.0291  0.0291  0.0291  0.0291  0.0291  0.0292  0.0291  0.0292  0.0291  0.0291  0.0290  0.0290
  0.0290  0.0290  0.0290  0.0290  0.0290  0.0290  0.0290  0.0290  0.0290  0.0290  0.0290  0.0290
  0.0291  0.0291  0.0291  0.0291  0.0291  0.0290  0.0291  0.0291  0.0291  0.0291  0.0290  0.0291
  0.0293  0.0292  0.0292  0.0293  0.0292  0.0292  0.0293  0.0295  0.0292  0.0293  0.0291  0.0291
  0.0297  0.0295  0.0293  0.0297  0.0295  0.0297  0.0295  0.0301  0.0294  0.0296  0.0293  0.0293
niter,ni,del,rscale     1    3    5.0000    0.4000
parameters
    1.3248  -14.7253   19.4985   -0.1355    0.6725    6.4708
   -0.3214   -1.0491   -0.5876    3.3262    6.1888  -13.1933
eta,q 0.97099  7.10387
  0.0295  0.0293  0.0292  0.0295  0.0293  0.0295  0.0293  0.0297  0.0292  0.0294  0.0292  0.0291
  0.0292  0.0291  0.0291  0.0292  0.0292  0.0293  0.0292  0.0294  0.0291  0.0292  0.0291  0.0291
  0.0290  0.0290  0.0290  0.0291  0.0291  0.0291  0.0290  0.0291  0.0290  0.0290  0.0290  0.0290
  0.0290  0.0290  0.0290  0.0290  0.0290  0.0290  0.0290  0.0290  0.0290  0.0290  0.0290  0.0290
  0.0291  0.0290  0.0290  0.0291  0.0290  0.0290  0.0291  0.0290  0.0290  0.0291  0.0290  0.0290
  0.0292  0.0291  0.0291  0.0292  0.0292  0.0291  0.0292  0.0293  0.0291  0.0292  0.0291  0.0291
  0.0295  0.0293  0.0292  0.0295  0.0293  0.0294  0.0293  0.0297  0.0292  0.0294  0.0292  0.0292
registration optimization eta report
parameter search radius
    0.8000    0.8000    0.8000    2.4000    2.4000    2.4000
    2.4000    2.4000    2.4000    2.4000    2.4000    2.4000
100000*second partial in parameter space
       71.       46.       31.        8.        5.        8.
        6.       13.        4.        7.        3.        2.
  0.0295  0.0293  0.0292  0.0295  0.0293  0.0295  0.0293  0.0297  0.0292  0.0294  0.0292  0.0291
  0.0292  0.0291  0.0291  0.0292  0.0292  0.0293  0.0292  0.0294  0.0291  0.0292  0.0291  0.0291
  0.0290  0.0290  0.0290  0.0291  0.0291  0.0291  0.0290  0.0291  0.0290  0.0290  0.0290  0.0290
  0.0290  0.0290  0.0290  0.0290  0.0290  0.0290  0.0290  0.0290  0.0290  0.0290  0.0290  0.0290
  0.0291  0.0290  0.0290  0.0291  0.0290  0.0290  0.0291  0.0290  0.0290  0.0291  0.0290  0.0290
  0.0292  0.0291  0.0291  0.0292  0.0292  0.0291  0.0292  0.0293  0.0291  0.0292  0.0291  0.0291
  0.0295  0.0293  0.0292  0.0295  0.0293  0.0294  0.0293  0.0297  0.0292  0.0294  0.0292  0.0292
    1.3248  -14.7253   19.4985   -0.1355    0.6725    6.4708
   -0.3214   -1.0491   -0.5876    3.3262    6.1888  -13.1933
eta,q 0.97099  7.10387

---------------------------------------------------------------------
compute_vox2vox talsrcimg talsrcimg_to_711-2C_as_mni_average_305_t4 /opt/freesurfer/average/711-2C_as_mni_average_305
---------------------------------------------------------------------

freesurfer compute_vox2vox.c
Reading: talsrcimg.4dfp.ifh
Reading: talsrcimg_to_711-2C_as_mni_average_305_t4
Reading: /opt/freesurfer/average/711-2C_as_mni_average_305.4dfp.ifh
Writing: talsrcimg_to_711-2C_as_mni_average_305_t4_vox2vox.txt

start time Fri Mar 13 23:27:59 CET 2026
end		time Fri Mar 13 23:29:27 CET 2026

mpr2mni305 success

avi2talxfm orig_nu.mgz /opt/freesurfer/average/mni305.cor.mgz talsrcimg_to_711-2C_as_mni_average_305_t4_vox2vox.txt transforms/talairach.auto.xfm
avi2talxfm done
mv -f /out/sourcedata/freesurfer/sub-v2s7x29796_ses-1/mri/talsrcimg_to_711-2C_as_mni_average_305_t4_vox2vox.txt /out/sourcedata/freesurfer/sub-v2s7x29796_ses-1/mri/transforms/talsrcimg_to_711-2C_as_mni_average_305_t4_vox2vox.txt
lta_convert --src orig_nu.mgz --trg /opt/freesurfer/average/mni305.cor.mgz --inxfm transforms/talairach.auto.xfm --outlta transforms/talairach.auto.xfm.lta --subject fsaverage
7.3.2

--src: orig_nu.mgz src image (geometry).
--trg: /opt/freesurfer/average/mni305.cor.mgz trg image (geometry).
--inmni: transforms/talairach.auto.xfm input MNI/XFM transform.
--outlta: transforms/talairach.auto.xfm.lta output LTA.
--s: fsaverage subject name
 LTA read, type : 1
 1.00078   0.00972   0.00447  -0.85395;
-0.05721   0.93484   0.12233  -28.00871;
 0.00773  -0.03083   0.98930  -15.43857;
 0.00000   0.00000   0.00000   1.00000;
setting subject to fsaverage
Writing  LTA to file transforms/talairach.auto.xfm.lta...
lta_convert successful.
 
 
Started at Fri Mar 13 23:27:59 CET 2026
Ended   at Fri Mar 13 23:29:27 CET 2026
talairach_avi done
