/out/sourcedata/freesurfer/sub-v2s7x29798_ses-1/mri
/opt/freesurfer/bin/talairach_avi
--i orig_nu.mgz --xfm transforms/talairach.auto.xfm
talairach_avi 7.3.2
Linux dna080 5.14.0-427.37.1.el9_4.x86_64 #1 SMP PREEMPT_DYNAMIC Fri Sep 13 12:41:50 EDT 2024 x86_64 x86_64 x86_64 GNU/Linux
Fri Mar 13 23:29:21 CET 2026
mri_convert orig_nu.mgz talsrcimg.img 
reading from orig_nu.mgz...
TR=0.00, TE=0.00, TI=0.00, flip angle=0.00
i_ras = (-1, 0, 0)
j_ras = (0, 0, -1)
k_ras = (0, 1, 0)
writing to talsrcimg.img...
Analyze Output Matrix
-1.00000   0.00000   0.00000   137.80222;
 0.00000   0.00000   1.00000  -114.00638;
 0.00000  -1.00000   0.00000   157.76257;
 0.00000   0.00000   0.00000   1.00000;
--------------------
INFO: set hdr.hist.orient to -1
mpr2mni305 talsrcimg
Fri Mar 13 23:29:22 CET 2026
/opt/freesurfer/bin/mpr2mni305 talsrcimg
mpr2mni305 7.3.2
target=711-2C_as_mni_average_305

---------------------------------------------------------------------
analyzeto4dfp talsrcimg -O0 -y
---------------------------------------------------------------------

freesurfer ifh2hdr.c
Fri Mar 13 23:29:22 2026
Writing: talsrcimg.4dfp.hdr
freesurfer analyzeto4dfp.c
Reading: talsrcimg.hdr
header size 348 bytes
hdr.dime.datatype	offset=70	value=2
hdr.dime.bitpix		offset=72	value=8
hdr.hist.orient		offset=252	value=-1
dimensionality     4
dimensions       256       256       256         1
Reading: talsrcimg.img
Writing: talsrcimg.4dfp.img
Writing: talsrcimg.4dfp.ifh
ifh2hdr talsrcimg -r0to255
ori=2

---------------------------------------------------------------------
gauss_4dfp talsrcimg 1.1
---------------------------------------------------------------------

freesurfer gauss_4dfp.c
Reading: talsrcimg.4dfp.img
Writing: talsrcimg_g11.4dfp.img
image dimensions 256 256 256 padded to 288 288 288
processing volume 1freesurfer ifh2hdr.c
Fri Mar 13 23:29:23 2026
Writing: talsrcimg_g11.4dfp.hdr

Writing: talsrcimg_g11.4dfp.ifh
including: talsrcimg.4dfp.img.rec in talsrcimg_g11.4dfp.img.rec

---------------------------------------------------------------------
imgreg_4dfp /opt/freesurfer/average/711-2C_as_mni_average_305 none talsrcimg_g11 none talsrcimg_to_711-2C_as_mni_average_305_t4 4355
---------------------------------------------------------------------

freesurfer imgreg_4dfp.c
/opt/freesurfer/average/711-2C_as_mni_average_305.4dfp.img
       256       256       256         1
  1.000000  1.000000  1.000000
orientation T byte_order littleendian
Reading image: /opt/freesurfer/average/711-2C_as_mni_average_305.4dfp.img
dimensions:      256       256       256
mmppix:       1.0000   -1.0000   -1.0000
center:     128.0000 -129.0000 -129.0000
talsrcimg_g11.4dfp.img
       256       256       256         1
  1.000000  1.000000  1.000000
orientation T byte_order littleendian
Reading image: talsrcimg_g11.4dfp.img
dimensions:      256       256       256
mmppix:       1.0000   -1.0000   -1.0000
center:     128.0000 -129.0000 -129.0000
t4_read: open error in t4_sub.f l:  41 t4_file(1:l)talsrcimg_to_711-2C_as_mni_average_305_t4 
t4_read: transform initialized to I4
rotation matrix determinant  1.000000
image alignment mode   4355 decimal     1103 hex
   -7.5000  -45.0000  -45.0000 9194.2793   12.6492
    0.0000  -45.0000  -45.0000 9565.5576   12.6995
    7.5000  -45.0000  -45.0000 9118.0615   12.6915
   -7.5000  -37.5000  -45.0000 9525.3145   12.6556
    0.0000  -37.5000  -45.0000 9932.7529   12.7003
    7.5000  -37.5000  -45.0000 9441.3174   12.6990
   -7.5000  -30.0000  -45.000010136.3887   12.6419
    0.0000  -30.0000  -45.000010593.7422   12.6839
    7.5000  -30.0000  -45.000010045.8379   12.6877
   -7.5000  -22.5000  -45.000010638.6045   12.6222
    0.0000  -22.5000  -45.000011119.4561   12.6679
    7.5000  -22.5000  -45.000010520.7051   12.6696
   -7.5000  -15.0000  -45.000011093.8164   12.6138
    0.0000  -15.0000  -45.000011597.5352   12.6652
    7.5000  -15.0000  -45.000010982.6055   12.6607
   -7.5000   -7.5000  -45.000011420.3193   12.6271
    0.0000   -7.5000  -45.000011930.4355   12.6804
    7.5000   -7.5000  -45.000011292.0576   12.6714
   -7.5000    0.0000  -45.000011481.5576   12.6491
    0.0000    0.0000  -45.000012008.1934   12.6995
    7.5000    0.0000  -45.000011359.4512   12.6914
   -7.5000    7.5000  -45.000010603.5039   12.6556
    0.0000    7.5000  -45.000011085.6191   12.7003
    7.5000    7.5000  -45.000010502.1133   12.6990
   -7.5000   15.0000  -45.0000 9791.1211   12.6468
    0.0000   15.0000  -45.000010228.5967   12.6888
    7.5000   15.0000  -45.0000 9696.0684   12.6926
   -7.5000   22.5000  -45.0000 9005.0176   12.7203
    0.0000   22.5000  -45.0000 9402.6973   12.7668
    7.5000   22.5000  -45.0000 8906.7432   12.7681
   -7.5000   30.0000  -45.0000 8307.8027   12.7290
    0.0000   30.0000  -45.0000 8676.9766   12.7798
    7.5000   30.0000  -45.0000 8187.5381   12.7736
   -7.5000   37.5000  -45.0000 7991.5015   13.0185
    0.0000   37.5000  -45.0000 8354.5615   13.0717
    7.5000   37.5000  -45.0000 7875.6064   13.0598
   -7.5000   45.0000  -45.0000 7365.0835   13.0911
    0.0000   45.0000  -45.0000 7690.4512   13.1416
    7.5000   45.0000  -45.0000 7275.8433   13.1304
   -7.5000  -45.0000  -37.5000 9704.7910   12.5587
    0.0000  -45.0000  -37.500010107.2891   12.6059
    7.5000  -45.0000  -37.5000 9611.8350   12.6013
   -7.5000  -37.5000  -37.500010082.6816   12.5649
    0.0000  -37.5000  -37.500010521.8506   12.6083
    7.5000  -37.5000  -37.5000 9999.7812   12.6107
   -7.5000  -30.0000  -37.500010711.9863   12.5575
    0.0000  -30.0000  -37.500011202.1494   12.5996
    7.5000  -30.0000  -37.500010629.1709   12.6054
   -7.5000  -22.5000  -37.500011218.9648   12.5444
    0.0000  -22.5000  -37.500011728.5234   12.5898
    7.5000  -22.5000  -37.500011111.9844   12.5912
   -7.5000  -15.0000  -37.500011671.0781   12.5372
    0.0000  -15.0000  -37.500012188.6064   12.5865
    7.5000  -15.0000  -37.500011539.2793   12.5810
   -7.5000   -7.5000  -37.500011997.7285   12.5441
    0.0000   -7.5000  -37.500012546.3564   12.5940
    7.5000   -7.5000  -37.500011868.9658   12.5858
   -7.5000    0.0000  -37.500012091.1543   12.5587
    0.0000    0.0000  -37.500012672.2324   12.6059
    7.5000    0.0000  -37.500012002.6787   12.6013
   -7.5000    7.5000  -37.500011239.5527   12.5649
    0.0000    7.5000  -37.500011767.0742   12.6083
    7.5000    7.5000  -37.500011170.5400   12.6107
   -7.5000   15.0000  -37.500010353.1807   12.5624
    0.0000   15.0000  -37.500010833.8438   12.6046
    7.5000   15.0000  -37.500010288.0264   12.6103
   -7.5000   22.5000  -37.5000 9509.8027   12.6413
    0.0000   22.5000  -37.5000 9949.2451   12.6879
    7.5000   22.5000  -37.5000 9423.5166   12.6888
   -7.5000   30.0000  -37.5000 8737.0166   12.6446
    0.0000   30.0000  -37.5000 9129.1318   12.6937
    7.5000   30.0000  -37.5000 8642.4629   12.6864
   -7.5000   37.5000  -37.5000 8393.2256   12.9306
    0.0000   37.5000  -37.5000 8769.3232   12.9806
    7.5000   37.5000  -37.5000 8291.7686   12.9692
   -7.5000   45.0000  -37.5000 7723.5249   12.9944
    0.0000   45.0000  -37.5000 8059.6934   13.0409
    7.5000   45.0000  -37.5000 7642.4492   13.0331
   -7.5000  -45.0000  -30.000010392.0078   13.0305
    0.0000  -45.0000  -30.000010853.6064   13.0796
    7.5000  -45.0000  -30.000010300.4600   13.0771
   -7.5000  -37.5000  -30.000010820.2988   13.0449
    0.0000  -37.5000  -30.000011315.3242   13.0900
    7.5000  -37.5000  -30.000010737.2295   13.0931
   -7.5000  -30.0000  -30.000011475.2285   13.0477
    0.0000  -30.0000  -30.000012024.4219   13.0923
    7.5000  -30.0000  -30.000011414.3594   13.0983
   -7.5000  -22.5000  -30.000012058.0283   13.0352
    0.0000  -22.5000  -30.000012597.8145   13.0842
    7.5000  -22.5000  -30.000011957.4111   13.0867
   -7.5000  -15.0000  -30.000012490.4932   13.0208
    0.0000  -15.0000  -30.000013018.0938   13.0739
    7.5000  -15.0000  -30.000012336.7852   13.0706
   -7.5000   -7.5000  -30.000012772.1758   13.0190
    0.0000   -7.5000  -30.000013358.4053   13.0716
    7.5000   -7.5000  -30.000012668.9170   13.0662
   -7.5000    0.0000  -30.000012910.5869   13.0305
    0.0000    0.0000  -30.000013520.1904   13.0795
    7.5000    0.0000  -30.000012839.7461   13.0771
   -7.5000    7.5000  -30.000012090.8926   13.0449
    0.0000    7.5000  -30.000012635.6963   13.0899
    7.5000    7.5000  -30.000012012.2305   13.0931
   -7.5000   15.0000  -30.000011158.0186   13.0546
    0.0000   15.0000  -30.000011671.2100   13.0993
    7.5000   15.0000  -30.000011088.7979   13.1052
   -7.5000   22.5000  -30.000010172.0762   13.1312
    0.0000   22.5000  -30.000010654.1104   13.1814
    7.5000   22.5000  -30.000010119.2021   13.1834
   -7.5000   30.0000  -30.0000 9303.5879   13.1307
    0.0000   30.0000  -30.0000 9721.0186   13.1833
    7.5000   30.0000  -30.0000 9241.9863   13.1783
   -7.5000   37.5000  -30.0000 8920.4238   13.4243
    0.0000   37.5000  -30.0000 9325.0098   13.4768
    7.5000   37.5000  -30.0000 8840.8740   13.4677
   -7.5000   45.0000  -30.0000 8193.4131   13.4892
    0.0000   45.0000  -30.0000 8559.4258   13.5358
    7.5000   45.0000  -30.0000 8116.6743   13.5292
   -7.5000  -45.0000  -22.500011093.6055   13.4623
    0.0000  -45.0000  -22.500011589.1582   13.5167
    7.5000  -45.0000  -22.500011031.7617   13.5136
   -7.5000  -37.5000  -22.500011582.5771   13.4836
    0.0000  -37.5000  -22.500012097.5361   13.5312
    7.5000  -37.5000  -22.500011524.8105   13.5313
   -7.5000  -30.0000  -22.500012289.5430   13.4901
    0.0000  -30.0000  -22.500012853.3867   13.5359
    7.5000  -30.0000  -22.500012251.4785   13.5399
   -7.5000  -22.5000  -22.500012902.9580   13.4732
    0.0000  -22.5000  -22.500013494.5938   13.5249
    7.5000  -22.5000  -22.500012832.7900   13.5291
   -7.5000  -15.0000  -22.500013319.6982   13.4522
    0.0000  -15.0000  -22.500013930.7051   13.5103
    7.5000  -15.0000  -22.500013204.9082   13.5113
   -7.5000   -7.5000  -22.500013620.6426   13.4478
    0.0000   -7.5000  -22.500014304.5469   13.5068
    7.5000   -7.5000  -22.500013520.3447   13.5044
   -7.5000    0.0000  -22.500013828.6689   13.4623
    0.0000    0.0000  -22.500014495.9707   13.5167
    7.5000    0.0000  -22.500013736.7588   13.5136
   -7.5000    7.5000  -22.500012971.2822   13.4836
    0.0000    7.5000  -22.500013573.0283   13.5312
    7.5000    7.5000  -22.500012912.0449   13.5313
   -7.5000   15.0000  -22.500011985.9131   13.4995
    0.0000   15.0000  -22.500012532.7676   13.5453
    7.5000   15.0000  -22.500011928.0693   13.5492
   -7.5000   22.5000  -22.500010893.9531   13.5683
    0.0000   22.5000  -22.500011413.7686   13.6206
    7.5000   22.5000  -22.500010842.6396   13.6242
   -7.5000   30.0000  -22.5000 9920.2109   13.5717
    0.0000   30.0000  -22.500010380.8662   13.6288
    7.5000   30.0000  -22.5000 9861.6641   13.6280
   -7.5000   37.5000  -22.5000 9468.7295   13.8717
    0.0000   37.5000  -22.5000 9928.1309   13.9304
    7.5000   37.5000  -22.5000 9401.1562   13.9240
   -7.5000   45.0000  -22.5000 8683.6377   13.9418
    0.0000   45.0000  -22.5000 9098.0928   13.9931
    7.5000   45.0000  -22.5000 8615.3984   13.9849
   -7.5000  -45.0000  -15.000011833.3984   13.7946
    0.0000  -45.0000  -15.000012362.5430   13.8535
    7.5000  -45.0000  -15.000011795.5635   13.8471
   -7.5000  -37.5000  -15.000012347.1514   13.8145
    0.0000  -37.5000  -15.000012920.0039   13.8638
    7.5000  -37.5000  -15.000012323.4062   13.8601
   -7.5000  -30.0000  -15.000013145.4453   13.8149
    0.0000  -30.0000  -15.000013749.3730   13.8604
    7.5000  -30.0000  -15.000013136.4033   13.8624
   -7.5000  -22.5000  -15.000013791.8604   13.7934
    0.0000  -22.5000  -15.000014437.0898   13.8456
    7.5000  -22.5000  -15.000013730.2920   13.8505
   -7.5000  -15.0000  -15.000014241.2129   13.7731
    0.0000  -15.0000  -15.000014944.6162   13.8341
    7.5000  -15.0000  -15.000014167.4209   13.8370
   -7.5000   -7.5000  -15.000014557.8906   13.7748
    0.0000   -7.5000  -15.000015310.8398   13.8387
    7.5000   -7.5000  -15.000014472.3623   13.8359
   -7.5000    0.0000  -15.000014778.3672   13.7946
    0.0000    0.0000  -15.000015505.0977   13.8535
    7.5000    0.0000  -15.000014695.8975   13.8471
   -7.5000    7.5000  -15.000013835.9395   13.8145
    0.0000    7.5000  -15.000014519.5186   13.8638
    7.5000    7.5000  -15.000013805.8857   13.8601
   -7.5000   15.0000  -15.000012774.7578   13.8248
    0.0000   15.0000  -15.000013383.8301   13.8704
    7.5000   15.0000  -15.000012724.0430   13.8724
   -7.5000   22.5000  -15.000011644.3037   13.8898
    0.0000   22.5000  -15.000012199.1885   13.9421
    7.5000   22.5000  -15.000011594.1816   13.9466
   -7.5000   30.0000  -15.000010600.6904   13.9034
    0.0000   30.0000  -15.000011103.1172   13.9629
    7.5000   30.0000  -15.000010544.7334   13.9639
   -7.5000   37.5000  -15.000010094.0967   14.2100
    0.0000   37.5000  -15.000010580.9639   14.2734
    7.5000   37.5000  -15.000010032.6865   14.2668
   -7.5000   45.0000  -15.0000 9221.0186   14.2909
    0.0000   45.0000  -15.0000 9691.2402   14.3475
    7.5000   45.0000  -15.0000 9143.6582   14.3359
   -7.5000  -45.0000   -7.500012588.5977   13.9636
    0.0000  -45.0000   -7.500013178.7686   14.0220
    7.5000  -45.0000   -7.500012556.7637   14.0130
   -7.5000  -37.5000   -7.500013210.5400   13.9738
    0.0000  -37.5000   -7.500013832.3711   14.0231
    7.5000  -37.5000   -7.500013189.2354   14.0190
   -7.5000  -30.0000   -7.500014104.4668   13.9633
    0.0000  -30.0000   -7.500014781.7334   14.0084
    7.5000  -30.0000   -7.500014087.7305   14.0109
   -7.5000  -22.5000   -7.500014781.7900   13.9420
    0.0000  -22.5000   -7.500015493.3018   13.9929
    7.5000  -22.5000   -7.500014724.8555   13.9970
   -7.5000  -15.0000   -7.500015268.0371   13.9303
    0.0000  -15.0000   -7.500016012.4893   13.9897
    7.5000  -15.0000   -7.500015181.4531   13.9898
   -7.5000   -7.5000   -7.500015596.6045   13.9412
    0.0000   -7.5000   -7.500016367.6152   14.0040
    7.5000   -7.5000   -7.500015497.5410   13.9977
   -7.5000    0.0000   -7.500015800.7051   13.9635
    0.0000    0.0000   -7.500016595.6914   14.0219
    7.5000    0.0000   -7.500015716.8145   14.0129
   -7.5000    7.5000   -7.500014777.9863   13.9738
    0.0000    7.5000   -7.500015543.7227   14.0231
    7.5000    7.5000   -7.500014751.6484   14.0190
   -7.5000   15.0000   -7.500013642.2363   13.9710
    0.0000   15.0000   -7.500014330.9971   14.0161
    7.5000   15.0000   -7.500013620.5049   14.0186
   -7.5000   22.5000   -7.500012491.5996   14.0411
    0.0000   22.5000   -7.500013122.0518   14.0922
    7.5000   22.5000   -7.500012439.9775   14.0959
   -7.5000   30.0000   -7.500011414.7109   14.0630
    0.0000   30.0000   -7.500011966.6602   14.1211
    7.5000   30.0000   -7.500011309.7188   14.1194
   -7.5000   37.5000   -7.500010853.8174   14.3757
    0.0000   37.5000   -7.500011373.9473   14.4381
    7.5000   37.5000   -7.500010734.8662   14.4285
   -7.5000   45.0000   -7.5000 9878.4268   14.4684
    0.0000   45.0000   -7.500010369.5791   14.5262
    7.5000   45.0000   -7.5000 9773.4424   14.5129
   -7.5000  -45.0000    0.000013203.9717   13.9908
    0.0000  -45.0000    0.000013825.9766   14.0455
    7.5000  -45.0000    0.000013168.7734   14.0367
   -7.5000  -37.5000    0.000013975.5898   13.9938
    0.0000  -37.5000    0.000014623.5498   14.0421
    7.5000  -37.5000    0.000013910.8418   14.0409
   -7.5000  -30.0000    0.000015066.3604   13.9786
    0.0000  -30.0000    0.000015811.7842   14.0239
    7.5000  -30.0000    0.000014980.7646   14.0286
   -7.5000  -22.5000    0.000015827.0225   13.9614
    0.0000  -22.5000    0.000016595.6777   14.0108
    7.5000  -22.5000    0.000015716.0713   14.0134
   -7.5000  -15.0000    0.000016280.1914   13.9564
    0.0000  -15.0000    0.000017076.9160   14.0123
    7.5000  -15.0000    0.000016145.5107   14.0080
   -7.5000   -7.5000    0.000016626.6113   13.9707
    0.0000   -7.5000    0.000017423.7754   14.0287
    7.5000   -7.5000    0.000016487.3242   14.0191
   -7.5000    0.0000    0.000016808.2051   13.9908
    0.0000    0.0000    0.000017637.0332   14.0454
    7.5000    0.0000    0.000016666.1719   14.0367
   -7.5000    7.5000    0.000015767.4375   13.9938
    0.0000    7.5000    0.000016587.7461   14.0421
    7.5000    7.5000    0.000015638.4531   14.0409
   -7.5000   15.0000    0.000014562.0869   13.9839
    0.0000   15.0000    0.000015335.3867   14.0293
    7.5000   15.0000    0.000014467.4502   14.0339
   -7.5000   22.5000    0.000013366.5605   14.0640
    0.0000   22.5000    0.000014063.3926   14.1143
    7.5000   22.5000    0.000013266.5537   14.1165
   -7.5000   30.0000    0.000012237.4121   14.0858
    0.0000   30.0000    0.000012833.0498   14.1409
    7.5000   30.0000    0.000012092.3535   14.1348
   -7.5000   37.5000    0.000011612.2275   14.4020
    0.0000   37.5000    0.000012176.0410   14.4598
    7.5000   37.5000    0.000011471.4541   14.4471
   -7.5000   45.0000    0.000010543.2920   14.5009
    0.0000   45.0000    0.000011075.5117   14.5557
    7.5000   45.0000    0.000010400.5820   14.5436
   -7.5000  -45.0000    7.500012748.5615   13.9816
    0.0000  -45.0000    7.500013350.0811   14.0334
    7.5000  -45.0000    7.500012717.6367   14.0280
   -7.5000  -37.5000    7.500013578.9717   13.9875
    0.0000  -37.5000    7.500014256.8506   14.0353
    7.5000  -37.5000    7.500013508.7773   14.0377
   -7.5000  -30.0000    7.500014845.1963   13.9795
    0.0000  -30.0000    7.500015648.4121   14.0260
    7.5000  -30.0000    7.500014692.2969   14.0326
   -7.5000  -22.5000    7.500015832.8545   13.9661
    0.0000  -22.5000    7.500016755.8906   14.0164
    7.5000  -22.5000    7.500015604.5820   14.0184
   -7.5000  -15.0000    7.500016309.5137   13.9592
    0.0000  -15.0000    7.500017187.2598   14.0137
    7.5000  -15.0000    7.500016065.2842   14.0079
   -7.5000   -7.5000    7.500016519.5977   13.9665
    0.0000   -7.5000    7.500017395.2012   14.0215
    7.5000   -7.5000    7.500016274.0146   14.0123
   -7.5000    0.0000    7.500016615.6562   13.9816
    0.0000    0.0000    7.500017493.3945   14.0334
    7.5000    0.0000    7.500016329.1367   14.0280
   -7.5000    7.5000    7.500015551.3418   13.9875
    0.0000    7.5000    7.500016392.6426   14.0353
    7.5000    7.5000    7.500015295.0322   14.0377
   -7.5000   15.0000    7.500014352.5938   13.9849
    0.0000   15.0000    7.500015147.5625   14.0315
    7.5000   15.0000    7.500014155.4033   14.0380
   -7.5000   22.5000    7.500013157.8174   14.0689
    0.0000   22.5000    7.500013876.2969   14.1205
    7.5000   22.5000    7.500012976.6602   14.1220
   -7.5000   30.0000    7.500012039.4785   14.0827
    0.0000   30.0000    7.500012660.0322   14.1370
    7.5000   30.0000    7.500011847.2734   14.1293
   -7.5000   37.5000    7.500011415.2979   14.3993
    0.0000   37.5000    7.500011978.8594   14.4542
    7.5000   37.5000    7.500011236.3975   14.4415
   -7.5000   45.0000    7.500010345.0615   14.4952
    0.0000   45.0000    7.500010877.7979   14.5462
    7.5000   45.0000    7.500010171.7275   14.5371
   -7.5000  -45.0000   15.000012270.9570   13.9733
    0.0000  -45.0000   15.000012908.8613   14.0259
    7.5000  -45.0000   15.000012195.8096   14.0234
   -7.5000  -37.5000   15.000013042.7031   13.9885
    0.0000  -37.5000   15.000013741.0654   14.0368
    7.5000  -37.5000   15.000012942.8789   14.0403
   -7.5000  -30.0000   15.000014316.0557   13.9916
    0.0000  -30.0000   15.000015328.4355   14.0394
    7.5000  -30.0000   15.000014088.0869   14.0459
   -7.5000  -22.5000   15.000015478.3193   13.9784
    0.0000  -22.5000   15.000016705.8438   14.0310
    7.5000  -22.5000   15.000015123.7461   14.0338
   -7.5000  -15.0000   15.000016048.2783   13.9633
    0.0000  -15.0000   15.000017262.8457   14.0202
    7.5000  -15.0000   15.000015673.9463   14.0168
   -7.5000   -7.5000   15.000016169.3115   13.9613
    0.0000   -7.5000   15.000017292.9414   14.0177
    7.5000   -7.5000   15.000015820.3477   14.0120
   -7.5000    0.0000   15.000016134.5400   13.9733
    0.0000    0.0000   15.000017134.8184   14.0259
    7.5000    0.0000   15.000015801.9443   14.0233
   -7.5000    7.5000   15.000014999.6611   13.9885
    0.0000    7.5000   15.000015904.2998   14.0368
    7.5000    7.5000   15.000014740.2900   14.0403
   -7.5000   15.0000   15.000013848.5088   13.9990
    0.0000   15.0000   15.000014621.2559   14.0468
    7.5000   15.0000   15.000013668.6836   14.0533
   -7.5000   22.5000   15.000012732.9473   14.0782
    0.0000   22.5000   15.000013392.0967   14.1319
    7.5000   22.5000   15.000012562.8574   14.1342
   -7.5000   30.0000   15.000011634.1934   14.0849
    0.0000   30.0000   15.000012216.8428   14.1412
    7.5000   30.0000   15.000011478.7754   14.1360
   -7.5000   37.5000   15.000011030.9951   14.3992
    0.0000   37.5000   15.000011583.1680   14.4556
    7.5000   37.5000   15.000010877.1904   14.4459
   -7.5000   45.0000   15.000010004.1172   14.4871
    0.0000   45.0000   15.000010507.3135   14.5372
    7.5000   45.0000   15.0000 9838.8232   14.5302
   -7.5000  -45.0000   22.500011782.9639   13.9748
    0.0000  -45.0000   22.500012438.1436   14.0313
    7.5000  -45.0000   22.500011679.9473   14.0281
   -7.5000  -37.5000   22.500012516.9697   13.9969
    0.0000  -37.5000   22.500013223.6816   14.0463
    7.5000  -37.5000   22.500012368.1758   14.0465
   -7.5000  -30.0000   22.500013703.0752   14.0037
    0.0000  -30.0000   22.500014625.5254   14.0513
    7.5000  -30.0000   22.500013465.5752   14.0554
   -7.5000  -22.5000   22.500014681.8477   13.9862
    0.0000  -22.5000   22.500015683.0684   14.0398
    7.5000  -22.5000   22.500014380.1006   14.0442
   -7.5000  -15.0000   22.500015177.7500   13.9643
    0.0000  -15.0000   22.500016118.2949   14.0247
    7.5000  -15.0000   22.500014909.0566   14.0257
   -7.5000   -7.5000   22.500015362.3105   13.9598
    0.0000   -7.5000   22.500016311.8467   14.0211
    7.5000   -7.5000   22.500015145.5566   14.0186
   -7.5000    0.0000   22.500015380.2139   13.9748
    0.0000    0.0000   22.500016318.7998   14.0313
    7.5000    0.0000   22.500015172.7070   14.0281
   -7.5000    7.5000   22.500014294.5156   13.9969
    0.0000    7.5000   22.500015138.2305   14.0463
    7.5000    7.5000   22.500014134.4961   14.0465
   -7.5000   15.0000   22.500013186.5801   14.0134
    0.0000   15.0000   22.500013884.5723   14.0609
    7.5000   15.0000   22.500013030.7842   14.0650
   -7.5000   22.5000   22.500012113.2695   14.0827
    0.0000   22.5000   22.500012719.0059   14.1370
    7.5000   22.5000   22.500011982.3945   14.1408
   -7.5000   30.0000   22.500011049.0566   14.0904
    0.0000   30.0000   22.500011594.7686   14.1497
    7.5000   30.0000   22.500010940.1602   14.1488
   -7.5000   37.5000   22.500010449.8965   14.4018
    0.0000   37.5000   22.500010971.9912   14.4628
    7.5000   37.5000   22.500010343.2793   14.4561
   -7.5000   45.0000   22.5000 9471.4570   14.4851
    0.0000   45.0000   22.5000 9933.6797   14.5384
    7.5000   45.0000   22.5000 9354.0869   14.5299
   -7.5000  -45.0000   30.000011116.7959   14.0003
    0.0000  -45.0000   30.000011677.1846   14.0602
    7.5000  -45.0000   30.000011044.8203   14.0537
   -7.5000  -37.5000   30.000011740.9922   14.0205
    0.0000  -37.5000   30.000012371.8945   14.0707
    7.5000  -37.5000   30.000011663.9307   14.0670
   -7.5000  -30.0000   30.000012735.3486   14.0209
    0.0000  -30.0000   30.000013498.6953   14.0673
    7.5000  -30.0000   30.000012608.4639   14.0693
   -7.5000  -22.5000   30.000013467.1309   13.9991
    0.0000  -22.5000   30.000014206.8789   14.0522
    7.5000  -22.5000   30.000013348.2529   14.0572
   -7.5000  -15.0000   30.000013894.9561   13.9785
    0.0000  -15.0000   30.000014596.3965   14.0405
    7.5000  -15.0000   30.000013802.9189   14.0434
   -7.5000   -7.5000   30.000014169.3066   13.9802
    0.0000   -7.5000   30.000014899.2051   14.0452
    7.5000   -7.5000   30.000014070.0273   14.0423
   -7.5000    0.0000   30.000014288.5801   14.0003
    0.0000    0.0000   30.000015059.2607   14.0602
    7.5000    0.0000   30.000014172.3770   14.0537
   -7.5000    7.5000   30.000013367.5400   14.0205
    0.0000    7.5000   30.000014075.5078   14.0707
    7.5000    7.5000   30.000013256.2812   14.0670
   -7.5000   15.0000   30.000012306.6562   14.0310
    0.0000   15.0000   30.000012923.7285   14.0774
    7.5000   15.0000   30.000012199.2100   14.0794
   -7.5000   22.5000   30.000011326.3545   14.0955
    0.0000   22.5000   30.000011856.5391   14.1487
    7.5000   22.5000   30.000011231.5498   14.1532
   -7.5000   30.0000   30.000010351.0938   14.1110
    0.0000   30.0000   30.000010826.4570   14.1716
    7.5000   30.0000   30.000010267.5605   14.1726
   -7.5000   37.5000   30.0000 9751.0361   14.4226
    0.0000   37.5000   30.000010214.7939   14.4871
    7.5000   37.5000   30.0000 9683.3877   14.4804
   -7.5000   45.0000   30.0000 8822.5977   14.5091
    0.0000   45.0000   30.0000 9222.2539   14.5667
    7.5000   45.0000   30.0000 8736.4482   14.5549
   -7.5000  -45.0000   37.500010818.9189   14.1816
    0.0000  -45.0000   37.500011307.0693   14.2414
    7.5000  -45.0000   37.500010776.3047   14.2320
   -7.5000  -37.5000   37.500011353.0850   14.1932
    0.0000  -37.5000   37.500011901.2412   14.2439
    7.5000  -37.5000   37.500011321.9619   14.2397
   -7.5000  -30.0000   37.500012173.9824   14.1833
    0.0000  -30.0000   37.500012790.6914   14.2297
    7.5000  -30.0000   37.500012097.9824   14.2325
   -7.5000  -22.5000   37.500012839.0381   14.1611
    0.0000  -22.5000   37.500013438.9463   14.2133
    7.5000  -22.5000   37.500012763.4990   14.2178
   -7.5000  -15.0000   37.500013316.5059   14.1480
    0.0000  -15.0000   37.500013909.9111   14.2088
    7.5000  -15.0000   37.500013253.8330   14.2090
   -7.5000   -7.5000   37.500013631.2598   14.1584
    0.0000   -7.5000   37.500014262.7363   14.2228
    7.5000   -7.5000   37.500013565.3936   14.2160
   -7.5000    0.0000   37.500013749.4482   14.1816
    0.0000    0.0000   37.500014403.8154   14.2414
    7.5000    0.0000   37.500013655.4189   14.2320
   -7.5000    7.5000   37.500012910.0742   14.1932
    0.0000    7.5000   37.500013491.4639   14.2439
    7.5000    7.5000   37.500012798.9502   14.2397
   -7.5000   15.0000   37.500011910.1055   14.1912
    0.0000   15.0000   37.500012438.1650   14.2376
    7.5000   15.0000   37.500011796.0977   14.2405
   -7.5000   22.5000   37.500010950.9238   14.2632
    0.0000   22.5000   37.500011435.9658   14.3157
    7.5000   22.5000   37.500010840.6602   14.3198
   -7.5000   30.0000   37.500010005.5684   14.2875
    0.0000   30.0000   37.500010438.5693   14.3471
    7.5000   30.0000   37.5000 9925.5781   14.3454
   -7.5000   37.5000   37.5000 9419.1396   14.6089
    0.0000   37.5000   37.5000 9830.0098   14.6729
    7.5000   37.5000   37.5000 9342.9814   14.6628
   -7.5000   45.0000   37.5000 8531.1475   14.7104
    0.0000   45.0000   37.5000 8889.5859   14.7697
    7.5000   45.0000   37.5000 8448.1553   14.7558
   -7.5000  -45.0000   45.0000 9976.7061   14.3177
    0.0000  -45.0000   45.000010386.1416   14.3740
    7.5000  -45.0000   45.0000 9944.7656   14.3654
   -7.5000  -37.5000   45.000010404.6699   14.3220
    0.0000  -37.5000   45.000010883.3232   14.3725
    7.5000  -37.5000   45.000010386.9902   14.3725
   -7.5000  -30.0000   45.000011118.0742   14.3067
    0.0000  -30.0000   45.000011641.0430   14.3548
    7.5000  -30.0000   45.000011061.0586   14.3614
   -7.5000  -22.5000   45.000011701.8770   14.2879
    0.0000  -22.5000   45.000012225.8691   14.3402
    7.5000  -22.5000   45.000011642.2344   14.3443
   -7.5000  -15.0000   45.000012170.6758   14.2815
    0.0000  -15.0000   45.000012680.5723   14.3397
    7.5000  -15.0000   45.000012098.0576   14.3358
   -7.5000   -7.5000   45.000012458.2451   14.2959
    0.0000   -7.5000   45.000013010.1465   14.3556
    7.5000   -7.5000   45.000012384.6670   14.3459
   -7.5000    0.0000   45.000012620.9795   14.3176
    0.0000    0.0000   45.000013174.7861   14.3740
    7.5000    0.0000   45.000012528.1318   14.3653
   -7.5000    7.5000   45.000011841.2910   14.3220
    0.0000    7.5000   45.000012361.5332   14.3725
    7.5000    7.5000   45.000011738.4365   14.3725
   -7.5000   15.0000   45.000010938.8740   14.3123
    0.0000   15.0000   45.000011399.7773   14.3605
    7.5000   15.0000   45.000010848.1455   14.3670
   -7.5000   22.5000   45.000010082.3438   14.3963
    0.0000   22.5000   45.000010506.6641   14.4496
    7.5000   22.5000   45.0000 9984.5938   14.4532
   -7.5000   30.0000   45.0000 9198.6709   14.4224
    0.0000   30.0000   45.0000 9575.5869   14.4799
    7.5000   30.0000   45.0000 9116.8438   14.4741
   -7.5000   37.5000   45.0000 8663.7480   14.7558
    0.0000   37.5000   45.0000 9016.5400   14.8153
    7.5000   37.5000   45.0000 8572.5684   14.8022
   -7.5000   45.0000   45.0000 7865.6104   14.8802
    0.0000   45.0000   45.0000 8179.5938   14.9368
    7.5000   45.0000   45.0000 7771.5181   14.9246

---------------------------------------------------------------------
imgreg_4dfp /opt/freesurfer/average/711-2C_as_mni_average_305 /opt/freesurfer/average/711-2B_as_mni_average_305_mask talsrcimg_g11 none talsrcimg_to_711-2C_as_mni_average_305_t4 4355
---------------------------------------------------------------------

freesurfer imgreg_4dfp.c
/opt/freesurfer/average/711-2C_as_mni_average_305.4dfp.img
       256       256       256         1
  1.000000  1.000000  1.000000
orientation T byte_order littleendian
Reading image: /opt/freesurfer/average/711-2C_as_mni_average_305.4dfp.img
dimensions:      256       256       256
mmppix:       1.0000   -1.0000   -1.0000
center:     128.0000 -129.0000 -129.0000
/opt/freesurfer/average/711-2B_as_mni_average_305_mask.4dfp.img
       256       256       256         1
  1.000000  1.000000  1.000000
orientation T byte_order littleendian
Reading mask: /opt/freesurfer/average/711-2B_as_mni_average_305_mask.4dfp.img (2306576 pixels)
talsrcimg_g11.4dfp.img
       256       256       256         1
  1.000000  1.000000  1.000000
orientation T byte_order littleendian
Reading image: talsrcimg_g11.4dfp.img
dimensions:      256       256       256
mmppix:       1.0000   -1.0000   -1.0000
center:     128.0000 -129.0000 -129.0000
rotation matrix determinant  1.000000
image alignment mode   4355 decimal     1103 hex
   -7.5000  -45.0000  -45.0000 2266.0173   14.5214
    0.0000  -45.0000  -45.0000 2266.0103   14.5279
    7.5000  -45.0000  -45.0000 2258.2363   14.6493
   -7.5000  -37.5000  -45.0000 2278.7747   14.3032
    0.0000  -37.5000  -45.0000 2289.4832   14.3243
    7.5000  -37.5000  -45.0000 2270.0420   14.4411
   -7.5000  -30.0000  -45.0000 2286.6155   14.0603
    0.0000  -30.0000  -45.0000 2300.9648   14.1161
    7.5000  -30.0000  -45.0000 2273.1646   14.2287
   -7.5000  -22.5000  -45.0000 2297.2910   13.9642
    0.0000  -22.5000  -45.0000 2307.9246   13.9576
    7.5000  -22.5000  -45.0000 2285.2981   14.0692
   -7.5000  -15.0000  -45.0000 2298.0076   13.9647
    0.0000  -15.0000  -45.0000 2313.8098   13.9566
    7.5000  -15.0000  -45.0000 2288.9609   14.0825
   -7.5000   -7.5000  -45.0000 2292.2607   14.1917
    0.0000   -7.5000  -45.0000 2302.6375   14.2117
    7.5000   -7.5000  -45.0000 2277.3938   14.3293
   -7.5000    0.0000  -45.0000 2260.6060   14.6614
    0.0000    0.0000  -45.0000 2274.6262   14.6800
    7.5000    0.0000  -45.0000 2247.2002   14.7786
   -7.5000    7.5000  -45.0000 2213.7451   15.3847
    0.0000    7.5000  -45.0000 2223.7766   15.3432
    7.5000    7.5000  -45.0000 2197.3196   15.4762
   -7.5000   15.0000  -45.0000 2148.6868   16.3893
    0.0000   15.0000  -45.0000 2156.3501   16.3108
    7.5000   15.0000  -45.0000 2129.1985   16.4428
   -7.5000   22.5000  -45.0000 2066.0574   17.6376
    0.0000   22.5000  -45.0000 2070.8611   17.5953
    7.5000   22.5000  -45.0000 2047.8438   17.7780
   -7.5000   30.0000  -45.0000 1967.7544   19.3874
    0.0000   30.0000  -45.0000 1972.9426   19.3435
    7.5000   30.0000  -45.0000 1949.5303   19.5455
   -7.5000   37.5000  -45.0000 1863.6154   21.8342
    0.0000   37.5000  -45.0000 1871.0850   21.7752
    7.5000   37.5000  -45.0000 1849.6311   22.0047
   -7.5000   45.0000  -45.0000 1738.5122   25.0179
    0.0000   45.0000  -45.0000 1742.7977   24.8590
    7.5000   45.0000  -45.0000 1724.1473   25.2364
   -7.5000  -45.0000  -37.5000 2363.0420   13.4563
    0.0000  -45.0000  -37.5000 2368.2251   13.4977
    7.5000  -45.0000  -37.5000 2353.4907   13.5578
   -7.5000  -37.5000  -37.5000 2382.3037   13.2597
    0.0000  -37.5000  -37.5000 2392.7827   13.2855
    7.5000  -37.5000  -37.5000 2369.5908   13.3675
   -7.5000  -30.0000  -37.5000 2391.5308   13.0328
    0.0000  -30.0000  -37.5000 2403.8530   13.0786
    7.5000  -30.0000  -37.5000 2374.5291   13.1958
   -7.5000  -22.5000  -37.5000 2403.7959   12.9069
    0.0000  -22.5000  -37.5000 2414.2573   12.9321
    7.5000  -22.5000  -37.5000 2386.4487   13.0456
   -7.5000  -15.0000  -37.5000 2407.0747   12.9005
    0.0000  -15.0000  -37.5000 2418.3345   12.8689
    7.5000  -15.0000  -37.5000 2390.9670   13.0010
   -7.5000   -7.5000  -37.5000 2397.2898   13.0635
    0.0000   -7.5000  -37.5000 2408.3230   13.0623
    7.5000   -7.5000  -37.5000 2380.8198   13.1759
   -7.5000    0.0000  -37.5000 2367.9575   13.4850
    0.0000    0.0000  -37.5000 2378.0576   13.4825
    7.5000    0.0000  -37.5000 2347.2876   13.5889
   -7.5000    7.5000  -37.5000 2324.1013   14.1592
    0.0000    7.5000  -37.5000 2332.2502   14.1367
    7.5000    7.5000  -37.5000 2303.7637   14.2685
   -7.5000   15.0000  -37.5000 2249.0127   15.0418
    0.0000   15.0000  -37.5000 2259.1204   15.0122
    7.5000   15.0000  -37.5000 2230.6042   15.1323
   -7.5000   22.5000  -37.5000 2163.6318   16.1741
    0.0000   22.5000  -37.5000 2175.1982   16.1524
    7.5000   22.5000  -37.5000 2145.5798   16.2919
   -7.5000   30.0000  -37.5000 2059.2122   17.7501
    0.0000   30.0000  -37.5000 2068.9824   17.7341
    7.5000   30.0000  -37.5000 2044.6901   17.8638
   -7.5000   37.5000  -37.5000 1944.1802   19.9280
    0.0000   37.5000  -37.5000 1957.0262   19.9110
    7.5000   37.5000  -37.5000 1931.5260   20.0257
   -7.5000   45.0000  -37.5000 1814.6049   22.7771
    0.0000   45.0000  -37.5000 1820.1959   22.7257
    7.5000   45.0000  -37.5000 1803.6860   22.9514
   -7.5000  -45.0000  -30.0000 2505.0874   12.9290
    0.0000  -45.0000  -30.0000 2512.4932   12.9439
    7.5000  -45.0000  -30.0000 2491.1621   13.0081
   -7.5000  -37.5000  -30.0000 2525.9224   12.6963
    0.0000  -37.5000  -30.0000 2532.7151   12.7090
    7.5000  -37.5000  -30.0000 2513.8970   12.7809
   -7.5000  -30.0000  -30.0000 2541.7729   12.5126
    0.0000  -30.0000  -30.0000 2554.1057   12.5252
    7.5000  -30.0000  -30.0000 2527.9319   12.6338
   -7.5000  -22.5000  -30.0000 2557.6843   12.3826
    0.0000  -22.5000  -30.0000 2566.1958   12.3886
    7.5000  -22.5000  -30.0000 2540.6030   12.4827
   -7.5000  -15.0000  -30.0000 2558.4009   12.3812
    0.0000  -15.0000  -30.0000 2562.5762   12.3381
    7.5000  -15.0000  -30.0000 2535.5945   12.4644
   -7.5000   -7.5000  -30.0000 2540.1750   12.4978
    0.0000   -7.5000  -30.0000 2553.4585   12.4930
    7.5000   -7.5000  -30.0000 2524.0803   12.5913
   -7.5000    0.0000  -30.0000 2508.9062   12.8725
    0.0000    0.0000  -30.0000 2524.0896   12.8722
    7.5000    0.0000  -30.0000 2491.6736   12.9937
   -7.5000    7.5000  -30.0000 2469.0161   13.4848
    0.0000    7.5000  -30.0000 2481.3750   13.4574
    7.5000    7.5000  -30.0000 2448.8750   13.5901
   -7.5000   15.0000  -30.0000 2395.7422   14.2956
    0.0000   15.0000  -30.0000 2407.4448   14.2784
    7.5000   15.0000  -30.0000 2377.8513   14.4042
   -7.5000   22.5000  -30.0000 2299.0720   15.3862
    0.0000   22.5000  -30.0000 2314.2117   15.3774
    7.5000   22.5000  -30.0000 2286.5081   15.5146
   -7.5000   30.0000  -30.0000 2184.6265   16.8959
    0.0000   30.0000  -30.0000 2195.5759   16.8677
    7.5000   30.0000  -30.0000 2170.9841   16.9686
   -7.5000   37.5000  -30.0000 2062.3455   18.9028
    0.0000   37.5000  -30.0000 2074.9116   18.8557
    7.5000   37.5000  -30.0000 2046.1793   18.9652
   -7.5000   45.0000  -30.0000 1920.3656   21.6059
    0.0000   45.0000  -30.0000 1926.9415   21.5776
    7.5000   45.0000  -30.0000 1908.3507   21.7617
   -7.5000  -45.0000  -22.5000 2609.3523   12.3164
    0.0000  -45.0000  -22.5000 2625.6023   12.3084
    7.5000  -45.0000  -22.5000 2604.4985   12.3949
   -7.5000  -37.5000  -22.5000 2638.4768   12.0506
    0.0000  -37.5000  -22.5000 2652.3262   12.0209
    7.5000  -37.5000  -22.5000 2632.2366   12.0872
   -7.5000  -30.0000  -22.5000 2660.0371   11.8403
    0.0000  -30.0000  -22.5000 2669.9998   11.8264
    7.5000  -30.0000  -22.5000 2650.5408   11.9083
   -7.5000  -22.5000  -22.5000 2679.7004   11.7280
    0.0000  -22.5000  -22.5000 2691.4968   11.7024
    7.5000  -22.5000  -22.5000 2665.6929   11.8058
   -7.5000  -15.0000  -22.5000 2678.7656   11.7276
    0.0000  -15.0000  -22.5000 2689.8369   11.7111
    7.5000  -15.0000  -22.5000 2658.7073   11.8180
   -7.5000   -7.5000  -22.5000 2665.7534   11.8425
    0.0000   -7.5000  -22.5000 2684.7546   11.8586
    7.5000   -7.5000  -22.5000 2650.5935   11.9426
   -7.5000    0.0000  -22.5000 2637.7998   12.2143
    0.0000    0.0000  -22.5000 2653.1812   12.2045
    7.5000    0.0000  -22.5000 2621.1108   12.3075
   -7.5000    7.5000  -22.5000 2591.1003   12.7656
    0.0000    7.5000  -22.5000 2605.3574   12.7237
    7.5000    7.5000  -22.5000 2578.6746   12.8499
   -7.5000   15.0000  -22.5000 2518.5088   13.5318
    0.0000   15.0000  -22.5000 2529.8472   13.4882
    7.5000   15.0000  -22.5000 2502.3555   13.6241
   -7.5000   22.5000  -22.5000 2411.8032   14.5799
    0.0000   22.5000  -22.5000 2427.7776   14.5278
    7.5000   22.5000  -22.5000 2401.4897   14.6450
   -7.5000   30.0000  -22.5000 2285.1123   15.9873
    0.0000   30.0000  -22.5000 2300.0325   15.9455
    7.5000   30.0000  -22.5000 2278.2410   16.0418
   -7.5000   37.5000  -22.5000 2149.8816   17.8589
    0.0000   37.5000  -22.5000 2168.0032   17.8523
    7.5000   37.5000  -22.5000 2138.5835   17.9179
   -7.5000   45.0000  -22.5000 2000.4578   20.4098
    0.0000   45.0000  -22.5000 2017.5258   20.3694
    7.5000   45.0000  -22.5000 1991.0312   20.5106
   -7.5000  -45.0000  -15.0000 2680.0186   11.7613
    0.0000  -45.0000  -15.0000 2694.9951   11.7050
    7.5000  -45.0000  -15.0000 2678.9688   11.8427
   -7.5000  -37.5000  -15.0000 2713.6101   11.4213
    0.0000  -37.5000  -15.0000 2733.9092   11.3870
    7.5000  -37.5000  -15.0000 2713.2100   11.4706
   -7.5000  -30.0000  -15.0000 2735.1670   11.1802
    0.0000  -30.0000  -15.0000 2752.0959   11.1244
    7.5000  -30.0000  -15.0000 2735.8193   11.2382
   -7.5000  -22.5000  -15.0000 2759.9182   11.0731
    0.0000  -22.5000  -15.0000 2781.1602   11.0119
    7.5000  -22.5000  -15.0000 2748.5005   11.1366
   -7.5000  -15.0000  -15.0000 2766.7434   11.0719
    0.0000  -15.0000  -15.0000 2785.6218   11.0391
    7.5000  -15.0000  -15.0000 2756.1123   11.1531
   -7.5000   -7.5000  -15.0000 2764.7725   11.2085
    0.0000   -7.5000  -15.0000 2786.4373   11.2146
    7.5000   -7.5000  -15.0000 2753.4988   11.2964
   -7.5000    0.0000  -15.0000 2737.0330   11.5836
    0.0000    0.0000  -15.0000 2756.0894   11.5439
    7.5000    0.0000  -15.0000 2728.0205   11.6445
   -7.5000    7.5000  -15.0000 2683.5593   12.0965
    0.0000    7.5000  -15.0000 2701.6499   12.0460
    7.5000    7.5000  -15.0000 2679.0271   12.1560
   -7.5000   15.0000  -15.0000 2605.1860   12.8042
    0.0000   15.0000  -15.0000 2620.4983   12.7528
    7.5000   15.0000  -15.0000 2593.4265   12.8863
   -7.5000   22.5000  -15.0000 2495.0710   13.8206
    0.0000   22.5000  -15.0000 2510.6157   13.7416
    7.5000   22.5000  -15.0000 2488.1694   13.8733
   -7.5000   30.0000  -15.0000 2362.4478   15.1757
    0.0000   30.0000  -15.0000 2379.0833   15.0990
    7.5000   30.0000  -15.0000 2355.8914   15.2240
   -7.5000   37.5000  -15.0000 2220.2754   16.9332
    0.0000   37.5000  -15.0000 2232.0735   16.9175
    7.5000   37.5000  -15.0000 2212.4756   17.0641
   -7.5000   45.0000  -15.0000 2054.2612   19.3486
    0.0000   45.0000  -15.0000 2067.5645   19.3014
    7.5000   45.0000  -15.0000 2045.3354   19.4544
   -7.5000  -45.0000   -7.5000 2720.2268   11.2830
    0.0000  -45.0000   -7.5000 2735.4763   11.2327
    7.5000  -45.0000   -7.5000 2716.5776   11.3471
   -7.5000  -37.5000   -7.5000 2767.6655   10.8873
    0.0000  -37.5000   -7.5000 2787.9170   10.8207
    7.5000  -37.5000   -7.5000 2763.8030   10.9347
   -7.5000  -30.0000   -7.5000 2794.2957   10.6207
    0.0000  -30.0000   -7.5000 2815.1741   10.5526
    7.5000  -30.0000   -7.5000 2791.8911   10.6857
   -7.5000  -22.5000   -7.5000 2815.6292   10.4876
    0.0000  -22.5000   -7.5000 2838.0325   10.3938
    7.5000  -22.5000   -7.5000 2808.7046   10.5452
   -7.5000  -15.0000   -7.5000 2836.5977   10.4626
    0.0000  -15.0000   -7.5000 2857.8892   10.3994
    7.5000  -15.0000   -7.5000 2822.8345   10.5411
   -7.5000   -7.5000   -7.5000 2839.8337   10.6455
    0.0000   -7.5000   -7.5000 2860.6887   10.5922
    7.5000   -7.5000   -7.5000 2828.0273   10.7172
   -7.5000    0.0000   -7.5000 2812.6987   11.0077
    0.0000    0.0000   -7.5000 2833.8269   10.9544
    7.5000    0.0000   -7.5000 2805.9827   11.0668
   -7.5000    7.5000   -7.5000 2753.6667   11.4774
    0.0000    7.5000   -7.5000 2778.4807   11.4220
    7.5000    7.5000   -7.5000 2749.6147   11.5624
   -7.5000   15.0000   -7.5000 2669.5017   12.1308
    0.0000   15.0000   -7.5000 2690.3447   12.0823
    7.5000   15.0000   -7.5000 2660.2344   12.2420
   -7.5000   22.5000   -7.5000 2561.6316   13.1005
    0.0000   22.5000   -7.5000 2577.7593   13.0567
    7.5000   22.5000   -7.5000 2550.9744   13.1907
   -7.5000   30.0000   -7.5000 2426.0444   14.4325
    0.0000   30.0000   -7.5000 2438.5940   14.3803
    7.5000   30.0000   -7.5000 2411.9700   14.5199
   -7.5000   37.5000   -7.5000 2275.9714   16.1861
    0.0000   37.5000   -7.5000 2283.7163   16.1284
    7.5000   37.5000   -7.5000 2259.3562   16.3014
   -7.5000   45.0000   -7.5000 2101.2395   18.4445
    0.0000   45.0000   -7.5000 2110.1628   18.4184
    7.5000   45.0000   -7.5000 2091.1521   18.5998
   -7.5000  -45.0000    0.0000 2726.0940   10.9753
    0.0000  -45.0000    0.0000 2737.3711   10.8564
    7.5000  -45.0000    0.0000 2721.8508   10.9889
   -7.5000  -37.5000    0.0000 2788.8376   10.5579
    0.0000  -37.5000    0.0000 2805.0610   10.4665
    7.5000  -37.5000    0.0000 2787.4612   10.5730
   -7.5000  -30.0000    0.0000 2833.5979   10.2875
    0.0000  -30.0000    0.0000 2853.3088   10.1798
    7.5000  -30.0000    0.0000 2830.0837   10.3064
   -7.5000  -22.5000    0.0000 2862.6709   10.1151
    0.0000  -22.5000    0.0000 2880.5107    9.9920
    7.5000  -22.5000    0.0000 2851.2385   10.1563
   -7.5000  -15.0000    0.0000 2882.0100   10.0916
    0.0000  -15.0000    0.0000 2898.4490    9.9756
    7.5000  -15.0000    0.0000 2864.3118   10.1690
   -7.5000   -7.5000    0.0000 2895.0994   10.2645
    0.0000   -7.5000    0.0000 2910.1621   10.1574
    7.5000   -7.5000    0.0000 2876.0503   10.3437
   -7.5000    0.0000    0.0000 2864.3711   10.5966
    0.0000    0.0000    0.0000 2883.8018   10.5106
    7.5000    0.0000    0.0000 2853.2659   10.6625
   -7.5000    7.5000    0.0000 2810.7908   11.0471
    0.0000    7.5000    0.0000 2829.8567   10.9790
    7.5000    7.5000    0.0000 2798.9028   11.1169
   -7.5000   15.0000    0.0000 2720.3059   11.6915
    0.0000   15.0000    0.0000 2741.8555   11.6145
    7.5000   15.0000    0.0000 2711.9497   11.7759
   -7.5000   22.5000    0.0000 2607.9775   12.6703
    0.0000   22.5000    0.0000 2623.1985   12.5745
    7.5000   22.5000    0.0000 2598.2725   12.7376
   -7.5000   30.0000    0.0000 2469.3452   14.0053
    0.0000   30.0000    0.0000 2478.4456   13.9090
    7.5000   30.0000    0.0000 2456.2354   14.0876
   -7.5000   37.5000    0.0000 2312.1841   15.7122
    0.0000   37.5000    0.0000 2318.5483   15.6359
    7.5000   37.5000    0.0000 2299.1672   15.8257
   -7.5000   45.0000    0.0000 2135.9934   17.8976
    0.0000   45.0000    0.0000 2148.9380   17.8503
    7.5000   45.0000    0.0000 2124.3594   18.0493
   -7.5000  -45.0000    7.5000 2714.5874   10.7819
    0.0000  -45.0000    7.5000 2727.8345   10.6869
    7.5000  -45.0000    7.5000 2715.8625   10.7946
   -7.5000  -37.5000    7.5000 2790.0789   10.3843
    0.0000  -37.5000    7.5000 2804.5200   10.2692
    7.5000  -37.5000    7.5000 2790.9756   10.3764
   -7.5000  -30.0000    7.5000 2853.1011   10.1762
    0.0000  -30.0000    7.5000 2868.2097   10.0715
    7.5000  -30.0000    7.5000 2851.6865   10.1427
   -7.5000  -22.5000    7.5000 2901.0142   10.1147
    0.0000  -22.5000    7.5000 2923.8650   10.0572
    7.5000  -22.5000    7.5000 2890.5200   10.0792
   -7.5000  -15.0000    7.5000 2921.9714   10.0181
    0.0000  -15.0000    7.5000 2942.4761    9.9487
    7.5000  -15.0000    7.5000 2907.5879   10.0520
   -7.5000   -7.5000    7.5000 2929.9016   10.0935
    0.0000   -7.5000    7.5000 2952.0383   10.0114
    7.5000   -7.5000    7.5000 2909.7383   10.1455
   -7.5000    0.0000    7.5000 2895.8994   10.3440
    0.0000    0.0000    7.5000 2916.8508   10.2634
    7.5000    0.0000    7.5000 2880.2512   10.3772
   -7.5000    7.5000    7.5000 2843.3115   10.7715
    0.0000    7.5000    7.5000 2862.9917   10.7021
    7.5000    7.5000    7.5000 2831.7966   10.8012
   -7.5000   15.0000    7.5000 2751.7217   11.4355
    0.0000   15.0000    7.5000 2776.6472   11.3601
    7.5000   15.0000    7.5000 2745.7109   11.4817
   -7.5000   22.5000    7.5000 2632.4087   12.4241
    0.0000   22.5000    7.5000 2647.3503   12.3776
    7.5000   22.5000    7.5000 2621.4753   12.4826
   -7.5000   30.0000    7.5000 2491.1013   13.7458
    0.0000   30.0000    7.5000 2503.9019   13.7233
    7.5000   30.0000    7.5000 2481.3696   13.8006
   -7.5000   37.5000    7.5000 2335.6978   15.4167
    0.0000   37.5000    7.5000 2339.6899   15.3939
    7.5000   37.5000    7.5000 2324.6909   15.4891
   -7.5000   45.0000    7.5000 2153.5149   17.5041
    0.0000   45.0000    7.5000 2167.0420   17.4813
    7.5000   45.0000    7.5000 2143.0220   17.6110
   -7.5000  -45.0000   15.0000 2693.5935   10.8227
    0.0000  -45.0000   15.0000 2705.8203   10.7603
    7.5000  -45.0000   15.0000 2693.7124   10.8329
   -7.5000  -37.5000   15.0000 2768.5771   10.4281
    0.0000  -37.5000   15.0000 2785.6040   10.3946
    7.5000  -37.5000   15.0000 2767.8879   10.4261
   -7.5000  -30.0000   15.0000 2845.8306   10.2532
    0.0000  -30.0000   15.0000 2867.5588   10.2381
    7.5000  -30.0000   15.0000 2837.2354   10.2138
   -7.5000  -22.5000   15.0000 2914.7117   10.2205
    0.0000  -22.5000   15.0000 2946.1926   10.2582
    7.5000  -22.5000   15.0000 2898.6570   10.1355
   -7.5000  -15.0000   15.0000 2951.6826   10.1838
    0.0000  -15.0000   15.0000 2990.4668   10.2271
    7.5000  -15.0000   15.0000 2931.8538   10.1390
   -7.5000   -7.5000   15.0000 2949.5837   10.1117
    0.0000   -7.5000   15.0000 2985.5466   10.1124
    7.5000   -7.5000   15.0000 2929.3044   10.1474
   -7.5000    0.0000   15.0000 2906.5176   10.2876
    0.0000    0.0000   15.0000 2930.2400   10.2113
    7.5000    0.0000   15.0000 2890.1753   10.3233
   -7.5000    7.5000   15.0000 2842.5945   10.6949
    0.0000    7.5000   15.0000 2866.6995   10.6270
    7.5000    7.5000   15.0000 2834.6716   10.7477
   -7.5000   15.0000   15.0000 2752.2957   11.3815
    0.0000   15.0000   15.0000 2773.1108   11.3056
    7.5000   15.0000   15.0000 2748.5762   11.4201
   -7.5000   22.5000   15.0000 2634.3538   12.3548
    0.0000   22.5000   15.0000 2646.8643   12.3015
    7.5000   22.5000   15.0000 2629.6958   12.4062
   -7.5000   30.0000   15.0000 2493.3264   13.6576
    0.0000   30.0000   15.0000 2505.5559   13.5967
    7.5000   30.0000   15.0000 2486.6118   13.6952
   -7.5000   37.5000   15.0000 2339.5957   15.2994
    0.0000   37.5000   15.0000 2349.7556   15.2733
    7.5000   37.5000   15.0000 2331.1274   15.3814
   -7.5000   45.0000   15.0000 2157.3191   17.3562
    0.0000   45.0000   15.0000 2172.3145   17.3446
    7.5000   45.0000   15.0000 2150.3462   17.4348
   -7.5000  -45.0000   22.5000 2664.2314   11.1618
    0.0000  -45.0000   22.5000 2677.8162   11.1554
    7.5000  -45.0000   22.5000 2659.6926   11.1835
   -7.5000  -37.5000   22.5000 2743.4500   10.7508
    0.0000  -37.5000   22.5000 2759.7139   10.7317
    7.5000  -37.5000   22.5000 2735.2405   10.7370
   -7.5000  -30.0000   22.5000 2822.2314   10.5126
    0.0000  -30.0000   22.5000 2842.9177   10.4996
    7.5000  -30.0000   22.5000 2812.9707   10.4767
   -7.5000  -22.5000   22.5000 2897.6184   10.3987
    0.0000  -22.5000   22.5000 2933.8867   10.3834
    7.5000  -22.5000   22.5000 2882.6907   10.3452
   -7.5000  -15.0000   22.5000 2940.0159   10.2842
    0.0000  -15.0000   22.5000 2979.0715   10.2296
    7.5000  -15.0000   22.5000 2922.4351   10.2703
   -7.5000   -7.5000   22.5000 2945.1479   10.2695
    0.0000   -7.5000   22.5000 2981.8521   10.1710
    7.5000   -7.5000   22.5000 2928.9834   10.3117
   -7.5000    0.0000   22.5000 2899.1780   10.4983
    0.0000    0.0000   22.5000 2931.9321   10.4371
    7.5000    0.0000   22.5000 2885.2566   10.5788
   -7.5000    7.5000   22.5000 2824.3320   10.9381
    0.0000    7.5000   22.5000 2849.5444   10.8680
    7.5000    7.5000   22.5000 2816.8679   11.0073
   -7.5000   15.0000   22.5000 2731.4441   11.6042
    0.0000   15.0000   22.5000 2744.1426   11.5224
    7.5000   15.0000   22.5000 2723.8928   11.6446
   -7.5000   22.5000   22.5000 2616.5903   12.4956
    0.0000   22.5000   22.5000 2627.5203   12.4211
    7.5000   22.5000   22.5000 2615.1394   12.5431
   -7.5000   30.0000   22.5000 2479.5542   13.7224
    0.0000   30.0000   22.5000 2491.5183   13.6529
    7.5000   30.0000   22.5000 2475.7739   13.7539
   -7.5000   37.5000   22.5000 2327.9365   15.2973
    0.0000   37.5000   22.5000 2340.7563   15.2611
    7.5000   37.5000   22.5000 2323.7932   15.3801
   -7.5000   45.0000   22.5000 2145.8496   17.4017
    0.0000   45.0000   22.5000 2162.7053   17.3447
    7.5000   45.0000   22.5000 2142.8176   17.4801
   -7.5000  -45.0000   30.0000 2628.4722   11.6857
    0.0000  -45.0000   30.0000 2640.7656   11.6422
    7.5000  -45.0000   30.0000 2624.2119   11.7001
   -7.5000  -37.5000   30.0000 2708.0659   11.1704
    0.0000  -37.5000   30.0000 2721.5017   11.1173
    7.5000  -37.5000   30.0000 2705.8225   11.1645
   -7.5000  -30.0000   30.0000 2782.1001   10.8596
    0.0000  -30.0000   30.0000 2805.5513   10.8065
    7.5000  -30.0000   30.0000 2778.1643   10.8313
   -7.5000  -22.5000   30.0000 2853.9541   10.6090
    0.0000  -22.5000   30.0000 2886.8657   10.5063
    7.5000  -22.5000   30.0000 2845.6809   10.6113
   -7.5000  -15.0000   30.0000 2892.1223   10.4744
    0.0000  -15.0000   30.0000 2917.2957   10.3165
    7.5000  -15.0000   30.0000 2881.0242   10.5342
   -7.5000   -7.5000   30.0000 2900.7009   10.5340
    0.0000   -7.5000   30.0000 2925.6033   10.4209
    7.5000   -7.5000   30.0000 2887.7600   10.6158
   -7.5000    0.0000   30.0000 2862.8059   10.8803
    0.0000    0.0000   30.0000 2892.1792   10.7856
    7.5000    0.0000   30.0000 2853.3550   10.9532
   -7.5000    7.5000   30.0000 2792.5359   11.3830
    0.0000    7.5000   30.0000 2816.6975   11.3070
    7.5000    7.5000   30.0000 2787.1060   11.4325
   -7.5000   15.0000   30.0000 2688.0969   12.0391
    0.0000   15.0000   30.0000 2707.4734   11.9455
    7.5000   15.0000   30.0000 2685.8132   12.0676
   -7.5000   22.5000   30.0000 2579.7820   12.8773
    0.0000   22.5000   30.0000 2594.6365   12.7718
    7.5000   22.5000   30.0000 2579.2791   12.9251
   -7.5000   30.0000   30.0000 2451.1726   14.0477
    0.0000   30.0000   30.0000 2460.9673   13.9653
    7.5000   30.0000   30.0000 2448.6753   14.0949
   -7.5000   37.5000   30.0000 2296.2114   15.5758
    0.0000   37.5000   30.0000 2311.3777   15.5420
    7.5000   37.5000   30.0000 2295.2659   15.6321
   -7.5000   45.0000   30.0000 2117.7485   17.5641
    0.0000   45.0000   30.0000 2132.3982   17.5225
    7.5000   45.0000   30.0000 2117.5933   17.6524
   -7.5000  -45.0000   37.5000 2581.1230   12.3100
    0.0000  -45.0000   37.5000 2599.1628   12.1848
    7.5000  -45.0000   37.5000 2581.3831   12.3235
   -7.5000  -37.5000   37.5000 2662.8923   11.6871
    0.0000  -37.5000   37.5000 2683.3752   11.5406
    7.5000  -37.5000   37.5000 2664.9861   11.6824
   -7.5000  -30.0000   37.5000 2737.0500   11.2373
    0.0000  -30.0000   37.5000 2759.7979   11.1422
    7.5000  -30.0000   37.5000 2733.5144   11.2212
   -7.5000  -22.5000   37.5000 2797.8657   10.9672
    0.0000  -22.5000   37.5000 2822.3591   10.7778
    7.5000  -22.5000   37.5000 2795.5076   10.9890
   -7.5000  -15.0000   37.5000 2832.6824   10.8929
    0.0000  -15.0000   37.5000 2855.2812   10.7095
    7.5000  -15.0000   37.5000 2827.7759   10.9301
   -7.5000   -7.5000   37.5000 2835.2192   11.0478
    0.0000   -7.5000   37.5000 2856.3853   10.9256
    7.5000   -7.5000   37.5000 2829.1575   11.1053
   -7.5000    0.0000   37.5000 2800.6094   11.4089
    0.0000    0.0000   37.5000 2823.8364   11.3135
    7.5000    0.0000   37.5000 2794.9565   11.4559
   -7.5000    7.5000   37.5000 2739.5996   11.9243
    0.0000    7.5000   37.5000 2757.3325   11.8173
    7.5000    7.5000   37.5000 2730.9919   11.9703
   -7.5000   15.0000   37.5000 2641.3435   12.5738
    0.0000   15.0000   37.5000 2658.0496   12.4727
    7.5000   15.0000   37.5000 2636.4670   12.6280
   -7.5000   22.5000   37.5000 2534.2825   13.4056
    0.0000   22.5000   37.5000 2551.9561   13.3152
    7.5000   22.5000   37.5000 2530.4917   13.4623
   -7.5000   30.0000   37.5000 2401.7908   14.5603
    0.0000   30.0000   37.5000 2411.9590   14.4664
    7.5000   30.0000   37.5000 2398.5579   14.5936
   -7.5000   37.5000   37.5000 2246.2153   16.0505
    0.0000   37.5000   37.5000 2261.0674   15.9706
    7.5000   37.5000   37.5000 2248.3953   16.0812
   -7.5000   45.0000   37.5000 2083.1128   18.0155
    0.0000   45.0000   37.5000 2097.3125   17.9127
    7.5000   45.0000   37.5000 2085.9744   18.0228
   -7.5000  -45.0000   45.0000 2528.9419   13.0241
    0.0000  -45.0000   45.0000 2542.1592   12.7907
    7.5000  -45.0000   45.0000 2527.6594   13.0218
   -7.5000  -37.5000   45.0000 2603.0757   12.2832
    0.0000  -37.5000   45.0000 2629.9529   12.1160
    7.5000  -37.5000   45.0000 2606.8403   12.2804
   -7.5000  -30.0000   45.0000 2672.1785   11.7781
    0.0000  -30.0000   45.0000 2700.2878   11.5701
    7.5000  -30.0000   45.0000 2672.2947   11.7586
   -7.5000  -22.5000   45.0000 2732.8252   11.4745
    0.0000  -22.5000   45.0000 2762.7581   11.2789
    7.5000  -22.5000   45.0000 2732.2195   11.4950
   -7.5000  -15.0000   45.0000 2766.5625   11.4674
    0.0000  -15.0000   45.0000 2783.3931   11.2998
    7.5000  -15.0000   45.0000 2760.7932   11.4984
   -7.5000   -7.5000   45.0000 2755.0020   11.6885
    0.0000   -7.5000   45.0000 2776.2249   11.5613
    7.5000   -7.5000   45.0000 2749.5598   11.7235
   -7.5000    0.0000   45.0000 2718.5208   12.0718
    0.0000    0.0000   45.0000 2739.7090   11.9569
    7.5000    0.0000   45.0000 2711.9341   12.0704
   -7.5000    7.5000   45.0000 2661.3679   12.5772
    0.0000    7.5000   45.0000 2681.3687   12.4467
    7.5000    7.5000   45.0000 2653.1318   12.5966
   -7.5000   15.0000   45.0000 2572.5017   13.1825
    0.0000   15.0000   45.0000 2591.8926   13.0466
    7.5000   15.0000   45.0000 2569.0215   13.2353
   -7.5000   22.5000   45.0000 2472.4795   14.0602
    0.0000   22.5000   45.0000 2490.6179   13.9363
    7.5000   22.5000   45.0000 2469.2034   14.0945
   -7.5000   30.0000   45.0000 2336.8699   15.2369
    0.0000   30.0000   45.0000 2351.2461   15.1467
    7.5000   30.0000   45.0000 2340.2124   15.2240
   -7.5000   37.5000   45.0000 2186.2161   16.6541
    0.0000   37.5000   45.0000 2203.1667   16.6063
    7.5000   37.5000   45.0000 2190.7847   16.6388
   -7.5000   45.0000   45.0000 2040.0576   18.5856
    0.0000   45.0000   45.0000 2055.1230   18.4948
    7.5000   45.0000   45.0000 2037.9753   18.6392

---------------------------------------------------------------------
imgreg_4dfp /opt/freesurfer/average/711-2C_as_mni_average_305 /opt/freesurfer/average/711-2B_as_mni_average_305_mask talsrcimg_g11 none talsrcimg_to_711-2C_as_mni_average_305_t4 1283
---------------------------------------------------------------------

freesurfer imgreg_4dfp.c
/opt/freesurfer/average/711-2C_as_mni_average_305.4dfp.img
       256       256       256         1
  1.000000  1.000000  1.000000
orientation T byte_order littleendian
Reading image: /opt/freesurfer/average/711-2C_as_mni_average_305.4dfp.img
dimensions:      256       256       256
mmppix:       1.0000   -1.0000   -1.0000
center:     128.0000 -129.0000 -129.0000
/opt/freesurfer/average/711-2B_as_mni_average_305_mask.4dfp.img
       256       256       256         1
  1.000000  1.000000  1.000000
orientation T byte_order littleendian
Reading mask: /opt/freesurfer/average/711-2B_as_mni_average_305_mask.4dfp.img (2306576 pixels)
talsrcimg_g11.4dfp.img
       256       256       256         1
  1.000000  1.000000  1.000000
orientation T byte_order littleendian
Reading image: talsrcimg_g11.4dfp.img
dimensions:      256       256       256
mmppix:       1.0000   -1.0000   -1.0000
center:     128.0000 -129.0000 -129.0000
rotation matrix determinant  1.000000
fimgreg.f
image alignment mode   1283 decimal      503 hex
parameters
    0.0000  -15.0000   15.0000    0.0000    0.0000    0.0000
eta,q 0.93757 10.27229
niter,ni,del,rscale     5    3   12.0000    1.2000
parameter  4  0.805791 ->  0.500000 qaram    1.1500
parameters
   -0.4773  -12.5851   17.5356   -3.4500   -0.7529   -0.3908
eta,q 0.94441 10.25981
  0.0710  0.0729  0.0723  0.0553  0.0600  0.0598
  0.0652  0.0674  0.0671  0.0554  0.0571  0.0570
  0.0622  0.0635  0.0638  0.0559  0.0559  0.0556
  0.0618  0.0614  0.0599  0.0572  0.0555  0.0557
  0.0632  0.0603  0.0574  0.0604  0.0563  0.0565
  0.0676  0.0611  0.0584  0.0643  0.0591  0.0581
  0.0746  0.0623  0.0616  0.0675  0.0634  0.0606
niter,ni,del,rscale     5    3   12.0000    1.2000
parameter  4  0.664463 ->  0.500000 qaram    1.3225
parameters
   -0.6645  -10.9857   16.2858   -7.4175   -0.1974    0.0944
eta,q 0.94798 10.22451
  0.0672  0.0658  0.0594  0.0533  0.0591  0.0577
  0.0605  0.0612  0.0569  0.0524  0.0550  0.0546
  0.0565  0.0584  0.0549  0.0526  0.0530  0.0526
  0.0556  0.0556  0.0549  0.0546  0.0522  0.0520
  0.0573  0.0551  0.0569  0.0571  0.0518  0.0523
  0.0623  0.0576  0.0608  0.0609  0.0530  0.0535
  0.0681  0.0587  0.0662  0.0646  0.0572  0.0560
niter,ni,del,rscale     5    3   12.0000    1.2000
parameters
   -0.7881   -9.7736   15.5083   -8.8150   -0.3276    0.6091
eta,q 0.95001 10.19241
  0.0651  0.0635  0.0586  0.0577  0.0563  0.0562
  0.0580  0.0593  0.0539  0.0525  0.0525  0.0529
  0.0535  0.0558  0.0510  0.0503  0.0507  0.0506
  0.0520  0.0521  0.0509  0.0506  0.0500  0.0500
  0.0535  0.0510  0.0535  0.0547  0.0499  0.0503
  0.0591  0.0544  0.0578  0.0584  0.0523  0.0516
  0.0660  0.0579  0.0631  0.0616  0.0576  0.0543
niter,ni,del,rscale     4    3   12.0000    1.2000
parameters
   -0.6673   -9.3289   15.1303   -9.3264   -0.5787    0.8488
eta,q 0.95065 10.17767
  0.0652  0.0618  0.0594  0.0597  0.0555  0.0554
  0.0576  0.0579  0.0535  0.0542  0.0516  0.0522
  0.0522  0.0534  0.0501  0.0500  0.0497  0.0500
  0.0500  0.0500  0.0496  0.0495  0.0493  0.0493
  0.0514  0.0508  0.0521  0.0529  0.0494  0.0496
  0.0571  0.0555  0.0561  0.0578  0.0519  0.0513
  0.0640  0.0596  0.0610  0.0604  0.0573  0.0547
niter,ni,del,rscale     3    3   12.0000    1.2000
parameters
   -0.5539   -9.1523   14.9070   -9.6403   -0.7601    0.9666
eta,q 0.95097 10.16781
  0.0648  0.0613  0.0598  0.0602  0.0556  0.0551
  0.0571  0.0569  0.0537  0.0550  0.0515  0.0520
  0.0516  0.0522  0.0500  0.0501  0.0494  0.0498
  0.0493  0.0493  0.0492  0.0492  0.0491  0.0491
  0.0510  0.0512  0.0517  0.0523  0.0493  0.0493
  0.0566  0.0561  0.0557  0.0575  0.0517  0.0513
  0.0636  0.0602  0.0603  0.0604  0.0568  0.0550
niter,ni,del,rscale     2    3   12.0000    1.2000
parameters
   -0.4758   -9.0777   14.7463   -9.8290   -0.8733    1.0443
eta,q 0.95112 10.16088
  0.0645  0.0612  0.0601  0.0603  0.0557  0.0550
  0.0568  0.0565  0.0537  0.0555  0.0515  0.0520
  0.0512  0.0516  0.0499  0.0502  0.0492  0.0498
  0.0490  0.0490  0.0490  0.0489  0.0489  0.0489
  0.0508  0.0514  0.0515  0.0519  0.0493  0.0491
  0.0565  0.0564  0.0556  0.0572  0.0516  0.0514
  0.0636  0.0605  0.0601  0.0603  0.0565  0.0552
niter,ni,del,rscale     1    3   12.0000    1.2000
parameters
   -0.4306   -9.0454   14.6448   -9.9432   -0.9428    1.0838
eta,q 0.95120 10.15747
  0.0643  0.0611  0.0603  0.0604  0.0558  0.0550
  0.0566  0.0563  0.0538  0.0558  0.0515  0.0520
  0.0510  0.0513  0.0500  0.0504  0.0491  0.0498
  0.0489  0.0489  0.0489  0.0488  0.0488  0.0488
  0.0508  0.0514  0.0514  0.0516  0.0493  0.0491
  0.0566  0.0564  0.0555  0.0570  0.0515  0.0515
  0.0637  0.0606  0.0599  0.0602  0.0563  0.0553
registration optimization eta report
parameter search radius
    6.0000    6.0000    6.0000    7.9350    6.0000    6.0000
100000*second partial in parameter space
       41.       31.       30.       17.       21.       18.
  0.0643  0.0611  0.0603  0.0604  0.0558  0.0550
  0.0566  0.0563  0.0538  0.0558  0.0515  0.0520
  0.0510  0.0513  0.0500  0.0504  0.0491  0.0498
  0.0489  0.0489  0.0489  0.0488  0.0488  0.0488
  0.0508  0.0514  0.0514  0.0516  0.0493  0.0491
  0.0566  0.0564  0.0555  0.0570  0.0515  0.0515
  0.0637  0.0606  0.0599  0.0602  0.0563  0.0553
   -0.4306   -9.0454   14.6448   -9.9432   -0.9428    1.0838
eta,q 0.95120 10.15747

---------------------------------------------------------------------
imgreg_4dfp /opt/freesurfer/average/711-2C_as_mni_average_305 /opt/freesurfer/average/711-2B_as_mni_average_305_mask talsrcimg_g11 none talsrcimg_to_711-2C_as_mni_average_305_t4 3335
---------------------------------------------------------------------

freesurfer imgreg_4dfp.c
/opt/freesurfer/average/711-2C_as_mni_average_305.4dfp.img
       256       256       256         1
  1.000000  1.000000  1.000000
orientation T byte_order littleendian
Reading image: /opt/freesurfer/average/711-2C_as_mni_average_305.4dfp.img
dimensions:      256       256       256
mmppix:       1.0000   -1.0000   -1.0000
center:     128.0000 -129.0000 -129.0000
/opt/freesurfer/average/711-2B_as_mni_average_305_mask.4dfp.img
       256       256       256         1
  1.000000  1.000000  1.000000
orientation T byte_order littleendian
Reading mask: /opt/freesurfer/average/711-2B_as_mni_average_305_mask.4dfp.img (2306576 pixels)
talsrcimg_g11.4dfp.img
       256       256       256         1
  1.000000  1.000000  1.000000
orientation T byte_order littleendian
Reading image: talsrcimg_g11.4dfp.img
dimensions:      256       256       256
mmppix:       1.0000   -1.0000   -1.0000
center:     128.0000 -129.0000 -129.0000
fimgreg.f
image alignment mode   3335 decimal      D07 hex
parameters
   -0.4306   -9.0454   14.6448   -0.0314   -1.5251   -1.5154
   -2.1472    1.2938    1.8913   17.2947   -1.6454  -17.2648
eta,q 0.95149 10.18501
niter,ni,del,rscale     5    3    5.0000    1.2000
parameter  4  2.224053 ->  0.500000 qaram    1.1500
parameter  5 31.489899 ->  0.500000 qaram    1.1500
parameters
   -0.7805   -9.2281   14.9118   -4.1714   -5.6651   -3.7332
   -0.6082    1.2543    1.9227   15.9296   -1.8018  -16.6940
eta,q 0.96098 10.04421
  0.0506  0.0496  0.0503  0.0416  0.0374  0.0406  0.0433  0.0435  0.0412  0.0416  0.0399  0.0416
  0.0492  0.0489  0.0493  0.0431  0.0390  0.0398  0.0415  0.0412  0.0402  0.0400  0.0394  0.0402
  0.0485  0.0485  0.0487  0.0454  0.0412  0.0394  0.0402  0.0398  0.0395  0.0391  0.0391  0.0393
  0.0485  0.0484  0.0484  0.0484  0.0437  0.0396  0.0394  0.0392  0.0392  0.0392  0.0390  0.0390
  0.0492  0.0487  0.0485  0.0520  0.0459  0.0403  0.0393  0.0397  0.0395  0.0403  0.0391  0.0392
  0.0504  0.0492  0.0489  0.0557  0.0478  0.0422  0.0398  0.0412  0.0402  0.0419  0.0394  0.0398
  0.0521  0.0500  0.0496  0.0594  0.0500  0.0455  0.0411  0.0437  0.0412  0.0440  0.0400  0.0408
niter,ni,del,rscale     6    3    5.0000    1.2000
parameter  4  1.073860 ->  0.500000 qaram    1.3225
parameter  5  0.800910 ->  0.500000 qaram    1.3225
parameters
   -0.7243   -9.1613   14.2552   -8.9324  -10.4261   -3.2760
   -0.9781    1.4184    1.2699   15.9815   -1.4836  -18.0705
eta,q 0.96577  9.80873
  0.0427  0.0419  0.0398  0.0351  0.0350  0.0364  0.0372  0.0386  0.0360  0.0372  0.0352  0.0353
  0.0408  0.0403  0.0392  0.0358  0.0344  0.0353  0.0356  0.0365  0.0350  0.0356  0.0347  0.0346
  0.0395  0.0394  0.0389  0.0371  0.0346  0.0346  0.0346  0.0350  0.0344  0.0348  0.0344  0.0343
  0.0390  0.0390  0.0390  0.0389  0.0361  0.0344  0.0344  0.0344  0.0343  0.0343  0.0343  0.0343
  0.0393  0.0393  0.0396  0.0415  0.0385  0.0344  0.0349  0.0347  0.0347  0.0345  0.0344  0.0347
  0.0405  0.0401  0.0405  0.0451  0.0408  0.0348  0.0361  0.0361  0.0355  0.0355  0.0346  0.0355
  0.0425  0.0416  0.0417  0.0492  0.0427  0.0361  0.0378  0.0385  0.0366  0.0372  0.0350  0.0365
niter,ni,del,rscale     7    3    5.0000    1.2000
parameters
   -0.6222   -8.5895   14.5043  -13.3582  -12.6238   -3.5033
   -1.4427    1.3924    0.5479   17.0982   -2.3089  -18.7615
eta,q 0.96679  9.48951
  0.0384  0.0386  0.0360  0.0343  0.0353  0.0350  0.0360  0.0379  0.0348  0.0363  0.0339  0.0344
  0.0362  0.0366  0.0350  0.0333  0.0342  0.0339  0.0345  0.0355  0.0339  0.0346  0.0334  0.0337
  0.0348  0.0351  0.0343  0.0332  0.0335  0.0334  0.0336  0.0339  0.0334  0.0337  0.0332  0.0333
  0.0342  0.0342  0.0341  0.0340  0.0332  0.0333  0.0333  0.0333  0.0333  0.0333  0.0332  0.0332
  0.0346  0.0341  0.0341  0.0356  0.0340  0.0335  0.0338  0.0339  0.0337  0.0333  0.0334  0.0335
  0.0358  0.0346  0.0346  0.0378  0.0365  0.0340  0.0350  0.0356  0.0344  0.0337  0.0337  0.0340
  0.0377  0.0358  0.0353  0.0411  0.0393  0.0353  0.0368  0.0380  0.0355  0.0348  0.0342  0.0349
niter,ni,del,rscale     6    3    5.0000    1.2000
parameters
   -0.5475   -7.9463   14.6041  -13.7417  -14.0130   -3.4807
   -1.6107    1.6033    0.3362   18.4778   -2.1081  -19.0488
eta,q 0.96692  9.42142
  0.0373  0.0370  0.0347  0.0364  0.0352  0.0350  0.0360  0.0380  0.0347  0.0360  0.0339  0.0343
  0.0351  0.0352  0.0338  0.0345  0.0340  0.0338  0.0345  0.0356  0.0338  0.0345  0.0334  0.0336
  0.0337  0.0339  0.0333  0.0334  0.0334  0.0332  0.0335  0.0339  0.0333  0.0336  0.0331  0.0332
  0.0332  0.0332  0.0331  0.0331  0.0330  0.0331  0.0331  0.0332  0.0331  0.0331  0.0331  0.0331
  0.0336  0.0331  0.0332  0.0336  0.0333  0.0334  0.0335  0.0336  0.0334  0.0331  0.0332  0.0332
  0.0348  0.0335  0.0337  0.0350  0.0351  0.0338  0.0346  0.0352  0.0340  0.0335  0.0334  0.0338
  0.0369  0.0343  0.0344  0.0369  0.0377  0.0349  0.0363  0.0375  0.0349  0.0344  0.0338  0.0345
niter,ni,del,rscale     5    3    5.0000    1.2000
parameters
   -0.4946   -7.5221   14.4429  -14.0712  -15.2964   -3.9058
   -1.7515    1.7344   -0.1735   19.8589   -1.5173  -19.0053
eta,q 0.96709  9.33594
  0.0371  0.0361  0.0342  0.0362  0.0349  0.0345  0.0357  0.0377  0.0344  0.0358  0.0337  0.0342
  0.0349  0.0346  0.0335  0.0344  0.0338  0.0335  0.0343  0.0353  0.0336  0.0344  0.0332  0.0335
  0.0336  0.0336  0.0331  0.0333  0.0332  0.0330  0.0333  0.0336  0.0331  0.0334  0.0330  0.0331
  0.0331  0.0331  0.0330  0.0330  0.0330  0.0330  0.0330  0.0330  0.0330  0.0330  0.0329  0.0329
  0.0335  0.0331  0.0332  0.0335  0.0333  0.0333  0.0333  0.0335  0.0333  0.0329  0.0330  0.0330
  0.0347  0.0336  0.0338  0.0348  0.0346  0.0338  0.0344  0.0351  0.0339  0.0333  0.0332  0.0335
  0.0367  0.0345  0.0346  0.0367  0.0369  0.0349  0.0360  0.0374  0.0348  0.0342  0.0334  0.0342
niter,ni,del,rscale     4    3    5.0000    1.2000
parameters
   -0.4451   -6.9735   14.0689  -14.4805  -17.2344   -5.0656
   -1.7640    1.7715   -0.6162   21.6698   -0.7350  -18.7827
eta,q 0.96753  9.18566
  0.0368  0.0361  0.0337  0.0358  0.0342  0.0338  0.0353  0.0372  0.0341  0.0358  0.0332  0.0337
  0.0347  0.0346  0.0331  0.0340  0.0332  0.0330  0.0339  0.0348  0.0332  0.0343  0.0328  0.0330
  0.0334  0.0335  0.0328  0.0330  0.0327  0.0326  0.0329  0.0332  0.0327  0.0332  0.0325  0.0326
  0.0329  0.0329  0.0328  0.0327  0.0327  0.0326  0.0326  0.0326  0.0326  0.0326  0.0325  0.0325
  0.0333  0.0328  0.0331  0.0332  0.0333  0.0330  0.0329  0.0331  0.0329  0.0325  0.0325  0.0326
  0.0345  0.0332  0.0337  0.0345  0.0346  0.0337  0.0338  0.0347  0.0335  0.0328  0.0326  0.0329
  0.0365  0.0341  0.0345  0.0363  0.0365  0.0349  0.0353  0.0371  0.0344  0.0337  0.0329  0.0335
niter,ni,del,rscale     3    3    5.0000    1.2000
parameters
   -0.4080   -6.0707   13.3442  -15.1444  -20.3081   -7.0999
   -1.6127    1.6718   -0.2991   23.9249   -2.0671  -18.5885
eta,q 0.96865  8.94417
  0.0362  0.0363  0.0326  0.0349  0.0330  0.0325  0.0342  0.0360  0.0336  0.0355  0.0318  0.0324
  0.0342  0.0346  0.0322  0.0332  0.0322  0.0319  0.0329  0.0337  0.0326  0.0337  0.0315  0.0318
  0.0329  0.0333  0.0320  0.0322  0.0318  0.0316  0.0320  0.0321  0.0319  0.0324  0.0313  0.0315
  0.0325  0.0325  0.0321  0.0320  0.0320  0.0318  0.0316  0.0316  0.0316  0.0316  0.0314  0.0313
  0.0329  0.0321  0.0325  0.0326  0.0329  0.0323  0.0319  0.0322  0.0318  0.0314  0.0316  0.0315
  0.0340  0.0323  0.0332  0.0338  0.0344  0.0332  0.0327  0.0338  0.0324  0.0317  0.0318  0.0318
  0.0359  0.0330  0.0342  0.0357  0.0361  0.0344  0.0341  0.0362  0.0333  0.0325  0.0322  0.0322
niter,ni,del,rscale     2    3    5.0000    1.2000
parameter  2 -0.507969 -> -0.500000 qaram    1.1500
parameters
   -0.4692   -4.6907   12.3104  -15.8976  -23.1610   -8.8133
   -1.2944    1.5982    0.6028   25.5666   -3.5020  -18.7656
eta,q 0.97005  8.71530
  0.0346  0.0358  0.0309  0.0335  0.0318  0.0312  0.0328  0.0345  0.0327  0.0341  0.0305  0.0308
  0.0328  0.0339  0.0306  0.0317  0.0308  0.0305  0.0315  0.0323  0.0315  0.0323  0.0301  0.0304
  0.0317  0.0324  0.0306  0.0306  0.0303  0.0302  0.0306  0.0308  0.0306  0.0309  0.0300  0.0300
  0.0313  0.0313  0.0308  0.0305  0.0305  0.0303  0.0302  0.0302  0.0302  0.0302  0.0300  0.0299
  0.0318  0.0308  0.0312  0.0313  0.0315  0.0308  0.0304  0.0308  0.0303  0.0300  0.0302  0.0301
  0.0330  0.0308  0.0320  0.0325  0.0333  0.0316  0.0312  0.0324  0.0308  0.0305  0.0306  0.0304
  0.0349  0.0313  0.0330  0.0344  0.0352  0.0328  0.0324  0.0347  0.0317  0.0317  0.0311  0.0309
niter,ni,del,rscale     2    3    5.0000    1.2000
parameters
   -0.5276   -4.2091   11.7833  -15.8824  -23.8242   -9.5033
   -1.3737    1.6574    0.8162   26.0686   -3.6814  -18.9764
eta,q 0.97018  8.66584
  0.0331  0.0340  0.0305  0.0335  0.0324  0.0312  0.0322  0.0343  0.0320  0.0329  0.0307  0.0307
  0.0313  0.0320  0.0301  0.0315  0.0311  0.0304  0.0309  0.0320  0.0308  0.0313  0.0302  0.0302
  0.0303  0.0306  0.0299  0.0302  0.0302  0.0299  0.0301  0.0305  0.0301  0.0303  0.0299  0.0299
  0.0299  0.0300  0.0299  0.0298  0.0298  0.0299  0.0298  0.0299  0.0299  0.0298  0.0298  0.0298
  0.0304  0.0300  0.0301  0.0305  0.0302  0.0302  0.0301  0.0304  0.0301  0.0300  0.0299  0.0300
  0.0316  0.0306  0.0307  0.0316  0.0316  0.0309  0.0310  0.0319  0.0307  0.0308  0.0303  0.0303
  0.0334  0.0319  0.0315  0.0333  0.0335  0.0318  0.0323  0.0342  0.0317  0.0322  0.0307  0.0308
niter,ni,del,rscale     1    3    5.0000    1.2000
parameters
   -0.5023   -4.0464   11.5582  -15.8400  -24.0083   -9.8236
   -1.4524    1.6994    0.8281   26.2889   -3.7559  -19.0341
eta,q 0.97018  8.65152
  0.0331  0.0331  0.0306  0.0336  0.0326  0.0313  0.0321  0.0343  0.0319  0.0327  0.0307  0.0307
  0.0313  0.0313  0.0302  0.0316  0.0313  0.0305  0.0309  0.0320  0.0307  0.0312  0.0302  0.0302
  0.0302  0.0302  0.0299  0.0302  0.0303  0.0300  0.0301  0.0304  0.0300  0.0302  0.0299  0.0299
  0.0298  0.0298  0.0298  0.0298  0.0298  0.0298  0.0298  0.0298  0.0298  0.0298  0.0298  0.0298
  0.0302  0.0301  0.0300  0.0305  0.0300  0.0301  0.0301  0.0303  0.0301  0.0301  0.0299  0.0299
  0.0313  0.0309  0.0304  0.0316  0.0312  0.0307  0.0310  0.0319  0.0307  0.0309  0.0302  0.0302
  0.0330  0.0323  0.0310  0.0333  0.0332  0.0316  0.0323  0.0342  0.0318  0.0324  0.0307  0.0307
registration optimization eta report
parameter search radius
    2.4000    2.7600    2.4000    9.5220    9.5220    7.2000
    7.2000    7.2000    7.2000    7.2000    7.2000    7.2000
100000*second partial in parameter space
       56.       38.       18.        4.        3.        3.
        5.        8.        4.        5.        2.        2.
  0.0331  0.0331  0.0306  0.0336  0.0326  0.0313  0.0321  0.0343  0.0319  0.0327  0.0307  0.0307
  0.0313  0.0313  0.0302  0.0316  0.0313  0.0305  0.0309  0.0320  0.0307  0.0312  0.0302  0.0302
  0.0302  0.0302  0.0299  0.0302  0.0303  0.0300  0.0301  0.0304  0.0300  0.0302  0.0299  0.0299
  0.0298  0.0298  0.0298  0.0298  0.0298  0.0298  0.0298  0.0298  0.0298  0.0298  0.0298  0.0298
  0.0302  0.0301  0.0300  0.0305  0.0300  0.0301  0.0301  0.0303  0.0301  0.0301  0.0299  0.0299
  0.0313  0.0309  0.0304  0.0316  0.0312  0.0307  0.0310  0.0319  0.0307  0.0309  0.0302  0.0302
  0.0330  0.0323  0.0310  0.0333  0.0332  0.0316  0.0323  0.0342  0.0318  0.0324  0.0307  0.0307
   -0.5023   -4.0464   11.5582  -15.8400  -24.0083   -9.8236
   -1.4524    1.6994    0.8281   26.2889   -3.7559  -19.0341
eta,q 0.97018  8.65152

---------------------------------------------------------------------
imgreg_4dfp /opt/freesurfer/average/711-2C_as_mni_average_305 /opt/freesurfer/average/711-2B_as_mni_average_305_mask talsrcimg_g11 none talsrcimg_to_711-2C_as_mni_average_305_t4 2311
---------------------------------------------------------------------

freesurfer imgreg_4dfp.c
/opt/freesurfer/average/711-2C_as_mni_average_305.4dfp.img
       256       256       256         1
  1.000000  1.000000  1.000000
orientation T byte_order littleendian
Reading image: /opt/freesurfer/average/711-2C_as_mni_average_305.4dfp.img
dimensions:      256       256       256
mmppix:       1.0000   -1.0000   -1.0000
center:     128.0000 -129.0000 -129.0000
/opt/freesurfer/average/711-2B_as_mni_average_305_mask.4dfp.img
       256       256       256         1
  1.000000  1.000000  1.000000
orientation T byte_order littleendian
Reading mask: /opt/freesurfer/average/711-2B_as_mni_average_305_mask.4dfp.img (2306576 pixels)
talsrcimg_g11.4dfp.img
       256       256       256         1
  1.000000  1.000000  1.000000
orientation T byte_order littleendian
Reading image: talsrcimg_g11.4dfp.img
dimensions:      256       256       256
mmppix:       1.0000   -1.0000   -1.0000
center:     128.0000 -129.0000 -129.0000
fimgreg.f
image alignment mode   2311 decimal      907 hex
parameters
   -0.5023   -4.0464   11.5582  -15.8400  -24.0083   -9.8236
   -1.4524    1.6994    0.8281   26.2889   -3.7559  -19.0341
eta,q 0.97018  8.65152
niter,ni,del,rscale     5    3    5.0000    0.8000
parameters
   -0.4869   -4.0348   11.5116  -16.1705  -23.3031   -9.9656
   -1.3950    1.7300    0.7846   26.3071   -3.8100  -18.9946
eta,q 0.97022  8.65769
  0.0313  0.0308  0.0302  0.0308  0.0308  0.0305  0.0309  0.0319  0.0307  0.0310  0.0302  0.0302
  0.0305  0.0302  0.0300  0.0302  0.0303  0.0301  0.0303  0.0308  0.0302  0.0303  0.0300  0.0300
  0.0300  0.0299  0.0299  0.0299  0.0300  0.0299  0.0299  0.0301  0.0299  0.0299  0.0298  0.0298
  0.0298  0.0298  0.0298  0.0298  0.0298  0.0298  0.0298  0.0298  0.0298  0.0298  0.0298  0.0298
  0.0300  0.0299  0.0299  0.0300  0.0298  0.0299  0.0299  0.0300  0.0299  0.0299  0.0298  0.0298
  0.0305  0.0302  0.0300  0.0305  0.0300  0.0301  0.0303  0.0307  0.0302  0.0303  0.0300  0.0300
  0.0313  0.0308  0.0303  0.0310  0.0304  0.0306  0.0309  0.0319  0.0307  0.0310  0.0302  0.0302
niter,ni,del,rscale     4    3    5.0000    0.7000
parameters
   -0.4801   -4.0594   11.5004  -16.2180  -23.2355   -9.9682
   -1.3861    1.7458    0.7873   26.2962   -3.8225  -18.9880
eta,q 0.97022  8.65800
  0.0309  0.0305  0.0301  0.0307  0.0304  0.0303  0.0306  0.0314  0.0305  0.0307  0.0301  0.0301
  0.0303  0.0301  0.0299  0.0302  0.0301  0.0300  0.0302  0.0305  0.0301  0.0302  0.0299  0.0299
  0.0299  0.0298  0.0298  0.0299  0.0299  0.0298  0.0299  0.0300  0.0298  0.0299  0.0298  0.0298
  0.0298  0.0298  0.0298  0.0298  0.0298  0.0298  0.0298  0.0298  0.0298  0.0298  0.0298  0.0298
  0.0299  0.0299  0.0298  0.0299  0.0298  0.0298  0.0299  0.0300  0.0299  0.0299  0.0298  0.0298
  0.0303  0.0301  0.0299  0.0302  0.0300  0.0300  0.0302  0.0305  0.0301  0.0302  0.0299  0.0299
  0.0309  0.0305  0.0301  0.0307  0.0304  0.0304  0.0306  0.0314  0.0305  0.0307  0.0301  0.0301
niter,ni,del,rscale     3    3    5.0000    0.6000
parameters
   -0.4791   -4.0653   11.5105  -16.2609  -23.1480   -9.9370
   -1.3825    1.7539    0.7687   26.2825   -3.8045  -18.9727
eta,q 0.97022  8.65994
  0.0306  0.0303  0.0300  0.0304  0.0302  0.0302  0.0304  0.0310  0.0303  0.0305  0.0300  0.0300
  0.0302  0.0300  0.0299  0.0301  0.0300  0.0300  0.0301  0.0303  0.0300  0.0301  0.0299  0.0299
  0.0299  0.0298  0.0298  0.0298  0.0298  0.0298  0.0299  0.0299  0.0298  0.0299  0.0298  0.0298
  0.0298  0.0298  0.0298  0.0298  0.0298  0.0298  0.0298  0.0298  0.0298  0.0298  0.0298  0.0298
  0.0299  0.0298  0.0298  0.0299  0.0298  0.0298  0.0298  0.0299  0.0298  0.0298  0.0298  0.0298
  0.0302  0.0300  0.0299  0.0301  0.0299  0.0300  0.0301  0.0303  0.0300  0.0301  0.0299  0.0299
  0.0306  0.0303  0.0300  0.0305  0.0302  0.0302  0.0304  0.0310  0.0303  0.0305  0.0300  0.0300
niter,ni,del,rscale     2    3    5.0000    0.5000
parameters
   -0.4738   -4.0730   11.5336  -16.2884  -23.0718   -9.8813
   -1.3782    1.7705    0.7478   26.2808   -3.7930  -18.9652
eta,q 0.97023  8.66326
  0.0304  0.0301  0.0300  0.0303  0.0301  0.0301  0.0302  0.0306  0.0301  0.0303  0.0299  0.0300
  0.0300  0.0299  0.0299  0.0300  0.0299  0.0299  0.0300  0.0302  0.0299  0.0300  0.0298  0.0299
  0.0298  0.0298  0.0298  0.0298  0.0298  0.0298  0.0298  0.0299  0.0298  0.0298  0.0298  0.0298
  0.0298  0.0298  0.0298  0.0298  0.0298  0.0298  0.0298  0.0298  0.0298  0.0298  0.0298  0.0298
  0.0298  0.0298  0.0298  0.0298  0.0298  0.0298  0.0298  0.0299  0.0298  0.0298  0.0298  0.0298
  0.0300  0.0299  0.0298  0.0300  0.0299  0.0299  0.0300  0.0302  0.0299  0.0300  0.0298  0.0299
  0.0303  0.0302  0.0299  0.0303  0.0301  0.0301  0.0302  0.0306  0.0301  0.0303  0.0299  0.0300
niter,ni,del,rscale     1    3    5.0000    0.4000
parameters
   -0.4757   -4.0824   11.5593  -16.3177  -23.0188   -9.8345
   -1.3765    1.7688    0.7194   26.2726   -3.7987  -18.9601
eta,q 0.97023  8.66546
  0.0301  0.0300  0.0299  0.0301  0.0300  0.0300  0.0301  0.0303  0.0300  0.0301  0.0299  0.0299
  0.0299  0.0299  0.0298  0.0299  0.0299  0.0299  0.0299  0.0300  0.0299  0.0299  0.0298  0.0298
  0.0298  0.0298  0.0298  0.0298  0.0298  0.0298  0.0298  0.0298  0.0298  0.0298  0.0298  0.0298
  0.0298  0.0298  0.0298  0.0298  0.0298  0.0298  0.0298  0.0298  0.0298  0.0298  0.0298  0.0298
  0.0298  0.0298  0.0298  0.0298  0.0298  0.0298  0.0298  0.0298  0.0298  0.0298  0.0298  0.0298
  0.0299  0.0299  0.0298  0.0299  0.0299  0.0298  0.0299  0.0300  0.0299  0.0299  0.0298  0.0298
  0.0301  0.0300  0.0299  0.0301  0.0300  0.0299  0.0301  0.0303  0.0300  0.0301  0.0299  0.0299
registration optimization eta report
parameter search radius
    0.8000    0.8000    0.8000    2.4000    2.4000    2.4000
    2.4000    2.4000    2.4000    2.4000    2.4000    2.4000
100000*second partial in parameter space
       58.       38.       18.        6.        3.        3.
        5.       10.        4.        6.        2.        2.
  0.0301  0.0300  0.0299  0.0301  0.0300  0.0300  0.0301  0.0303  0.0300  0.0301  0.0299  0.0299
  0.0299  0.0299  0.0298  0.0299  0.0299  0.0299  0.0299  0.0300  0.0299  0.0299  0.0298  0.0298
  0.0298  0.0298  0.0298  0.0298  0.0298  0.0298  0.0298  0.0298  0.0298  0.0298  0.0298  0.0298
  0.0298  0.0298  0.0298  0.0298  0.0298  0.0298  0.0298  0.0298  0.0298  0.0298  0.0298  0.0298
  0.0298  0.0298  0.0298  0.0298  0.0298  0.0298  0.0298  0.0298  0.0298  0.0298  0.0298  0.0298
  0.0299  0.0299  0.0298  0.0299  0.0299  0.0298  0.0299  0.0300  0.0299  0.0299  0.0298  0.0298
  0.0301  0.0300  0.0299  0.0301  0.0300  0.0299  0.0301  0.0303  0.0300  0.0301  0.0299  0.0299
   -0.4757   -4.0824   11.5593  -16.3177  -23.0188   -9.8345
   -1.3765    1.7688    0.7194   26.2726   -3.7987  -18.9601
eta,q 0.97023  8.66546

---------------------------------------------------------------------
imgreg_4dfp /opt/freesurfer/average/711-2C_as_mni_average_305 /opt/freesurfer/average/711-2B_as_mni_average_305_mask talsrcimg_g11 none talsrcimg_to_711-2C_as_mni_average_305_t4 2311
---------------------------------------------------------------------

freesurfer imgreg_4dfp.c
/opt/freesurfer/average/711-2C_as_mni_average_305.4dfp.img
       256       256       256         1
  1.000000  1.000000  1.000000
orientation T byte_order littleendian
Reading image: /opt/freesurfer/average/711-2C_as_mni_average_305.4dfp.img
dimensions:      256       256       256
mmppix:       1.0000   -1.0000   -1.0000
center:     128.0000 -129.0000 -129.0000
/opt/freesurfer/average/711-2B_as_mni_average_305_mask.4dfp.img
       256       256       256         1
  1.000000  1.000000  1.000000
orientation T byte_order littleendian
Reading mask: /opt/freesurfer/average/711-2B_as_mni_average_305_mask.4dfp.img (2306576 pixels)
talsrcimg_g11.4dfp.img
       256       256       256         1
  1.000000  1.000000  1.000000
orientation T byte_order littleendian
Reading image: talsrcimg_g11.4dfp.img
dimensions:      256       256       256
mmppix:       1.0000   -1.0000   -1.0000
center:     128.0000 -129.0000 -129.0000
fimgreg.f
image alignment mode   2311 decimal      907 hex
parameters
   -0.4757   -4.0824   11.5593  -16.3177  -23.0188   -9.8345
   -1.3765    1.7688    0.7194   26.2726   -3.7987  -18.9601
eta,q 0.97023  8.66546
niter,ni,del,rscale     5    3    5.0000    0.8000
parameters
   -0.4743   -4.0764   11.5296  -16.1877  -23.3065   -9.9338
   -1.3999    1.7544    0.7989   26.2679   -3.8289  -18.9944
eta,q 0.97022  8.65796
  0.0313  0.0308  0.0302  0.0310  0.0305  0.0305  0.0309  0.0319  0.0307  0.0310  0.0302  0.0302
  0.0304  0.0302  0.0300  0.0303  0.0301  0.0301  0.0303  0.0307  0.0302  0.0303  0.0300  0.0300
  0.0299  0.0299  0.0298  0.0299  0.0299  0.0299  0.0299  0.0300  0.0299  0.0299  0.0298  0.0298
  0.0298  0.0298  0.0298  0.0298  0.0298  0.0298  0.0298  0.0298  0.0298  0.0298  0.0298  0.0298
  0.0299  0.0299  0.0298  0.0299  0.0299  0.0299  0.0299  0.0300  0.0299  0.0299  0.0298  0.0298
  0.0304  0.0302  0.0300  0.0303  0.0302  0.0301  0.0303  0.0307  0.0302  0.0303  0.0300  0.0300
  0.0312  0.0307  0.0302  0.0308  0.0308  0.0306  0.0309  0.0319  0.0307  0.0310  0.0302  0.0302
niter,ni,del,rscale     4    3    5.0000    0.7000
parameters
   -0.4763   -4.0645   11.5142  -16.2239  -23.2263   -9.9477
   -1.3973    1.7559    0.7893   26.2826   -3.8105  -18.9910
eta,q 0.97022  8.65862
  0.0309  0.0305  0.0301  0.0307  0.0304  0.0303  0.0306  0.0314  0.0305  0.0307  0.0301  0.0301
  0.0303  0.0301  0.0299  0.0302  0.0301  0.0300  0.0302  0.0305  0.0301  0.0302  0.0299  0.0299
  0.0299  0.0299  0.0298  0.0299  0.0299  0.0298  0.0299  0.0300  0.0299  0.0299  0.0298  0.0298
  0.0298  0.0298  0.0298  0.0298  0.0298  0.0298  0.0298  0.0298  0.0298  0.0298  0.0298  0.0298
  0.0299  0.0299  0.0298  0.0299  0.0298  0.0298  0.0299  0.0300  0.0299  0.0299  0.0298  0.0298
  0.0303  0.0301  0.0299  0.0302  0.0300  0.0300  0.0302  0.0305  0.0301  0.0302  0.0299  0.0299
  0.0309  0.0305  0.0301  0.0307  0.0304  0.0304  0.0306  0.0314  0.0305  0.0307  0.0301  0.0301
niter,ni,del,rscale     3    3    5.0000    0.6000
parameters
   -0.4749   -4.0709   11.5185  -16.2552  -23.1466   -9.9294
   -1.3847    1.7600    0.7659   26.2817   -3.8088  -18.9615
eta,q 0.97022  8.66054
  0.0306  0.0303  0.0300  0.0304  0.0302  0.0302  0.0304  0.0310  0.0303  0.0305  0.0300  0.0300
  0.0302  0.0300  0.0299  0.0301  0.0300  0.0300  0.0301  0.0303  0.0300  0.0301  0.0299  0.0299
  0.0299  0.0298  0.0298  0.0298  0.0298  0.0298  0.0298  0.0299  0.0298  0.0299  0.0298  0.0298
  0.0298  0.0298  0.0298  0.0298  0.0298  0.0298  0.0298  0.0298  0.0298  0.0298  0.0298  0.0298
  0.0299  0.0298  0.0298  0.0299  0.0298  0.0298  0.0298  0.0299  0.0298  0.0298  0.0298  0.0298
  0.0302  0.0300  0.0299  0.0301  0.0299  0.0299  0.0301  0.0303  0.0300  0.0301  0.0299  0.0299
  0.0306  0.0303  0.0300  0.0304  0.0302  0.0302  0.0304  0.0310  0.0303  0.0305  0.0300  0.0300
niter,ni,del,rscale     2    3    5.0000    0.5000
parameters
   -0.4759   -4.0757   11.5348  -16.2888  -23.0824   -9.8777
   -1.3748    1.7657    0.7546   26.2781   -3.7897  -18.9608
eta,q 0.97023  8.66289
  0.0304  0.0301  0.0300  0.0302  0.0301  0.0301  0.0302  0.0306  0.0301  0.0303  0.0299  0.0300
  0.0300  0.0299  0.0299  0.0300  0.0299  0.0299  0.0300  0.0302  0.0299  0.0300  0.0298  0.0299
  0.0298  0.0298  0.0298  0.0298  0.0298  0.0298  0.0298  0.0299  0.0298  0.0298  0.0298  0.0298
  0.0298  0.0298  0.0298  0.0298  0.0298  0.0298  0.0298  0.0298  0.0298  0.0298  0.0298  0.0298
  0.0298  0.0298  0.0298  0.0298  0.0298  0.0298  0.0298  0.0299  0.0298  0.0298  0.0298  0.0298
  0.0300  0.0299  0.0298  0.0300  0.0299  0.0299  0.0300  0.0302  0.0299  0.0300  0.0298  0.0299
  0.0304  0.0302  0.0299  0.0303  0.0301  0.0301  0.0302  0.0306  0.0301  0.0303  0.0299  0.0300
niter,ni,del,rscale     1    3    5.0000    0.4000
parameters
   -0.4765   -4.0810   11.5635  -16.3148  -23.0221   -9.8188
   -1.3743    1.7665    0.7280   26.2720   -3.7870  -18.9670
eta,q 0.97023  8.66595
  0.0302  0.0300  0.0299  0.0301  0.0300  0.0300  0.0301  0.0303  0.0300  0.0301  0.0299  0.0299
  0.0299  0.0299  0.0298  0.0299  0.0299  0.0299  0.0299  0.0300  0.0299  0.0299  0.0298  0.0298
  0.0298  0.0298  0.0298  0.0298  0.0298  0.0298  0.0298  0.0298  0.0298  0.0298  0.0298  0.0298
  0.0298  0.0298  0.0298  0.0298  0.0298  0.0298  0.0298  0.0298  0.0298  0.0298  0.0298  0.0298
  0.0298  0.0298  0.0298  0.0298  0.0298  0.0298  0.0298  0.0298  0.0298  0.0298  0.0298  0.0298
  0.0299  0.0299  0.0298  0.0299  0.0298  0.0298  0.0299  0.0300  0.0299  0.0299  0.0298  0.0298
  0.0301  0.0300  0.0299  0.0301  0.0300  0.0299  0.0301  0.0303  0.0300  0.0301  0.0299  0.0299
registration optimization eta report
parameter search radius
    0.8000    0.8000    0.8000    2.4000    2.4000    2.4000
    2.4000    2.4000    2.4000    2.4000    2.4000    2.4000
100000*second partial in parameter space
       58.       37.       18.        5.        4.        3.
        5.       10.        4.        6.        2.        2.
  0.0302  0.0300  0.0299  0.0301  0.0300  0.0300  0.0301  0.0303  0.0300  0.0301  0.0299  0.0299
  0.0299  0.0299  0.0298  0.0299  0.0299  0.0299  0.0299  0.0300  0.0299  0.0299  0.0298  0.0298
  0.0298  0.0298  0.0298  0.0298  0.0298  0.0298  0.0298  0.0298  0.0298  0.0298  0.0298  0.0298
  0.0298  0.0298  0.0298  0.0298  0.0298  0.0298  0.0298  0.0298  0.0298  0.0298  0.0298  0.0298
  0.0298  0.0298  0.0298  0.0298  0.0298  0.0298  0.0298  0.0298  0.0298  0.0298  0.0298  0.0298
  0.0299  0.0299  0.0298  0.0299  0.0298  0.0298  0.0299  0.0300  0.0299  0.0299  0.0298  0.0298
  0.0301  0.0300  0.0299  0.0301  0.0300  0.0299  0.0301  0.0303  0.0300  0.0301  0.0299  0.0299
   -0.4765   -4.0810   11.5635  -16.3148  -23.0221   -9.8188
   -1.3743    1.7665    0.7280   26.2720   -3.7870  -18.9670
eta,q 0.97023  8.66595

---------------------------------------------------------------------
compute_vox2vox talsrcimg talsrcimg_to_711-2C_as_mni_average_305_t4 /opt/freesurfer/average/711-2C_as_mni_average_305
---------------------------------------------------------------------

freesurfer compute_vox2vox.c
Reading: talsrcimg.4dfp.ifh
Reading: talsrcimg_to_711-2C_as_mni_average_305_t4
Reading: /opt/freesurfer/average/711-2C_as_mni_average_305.4dfp.ifh
Writing: talsrcimg_to_711-2C_as_mni_average_305_t4_vox2vox.txt

start time Fri Mar 13 23:29:22 CET 2026
end		time Fri Mar 13 23:29:36 CET 2026

mpr2mni305 success

avi2talxfm orig_nu.mgz /opt/freesurfer/average/mni305.cor.mgz talsrcimg_to_711-2C_as_mni_average_305_t4_vox2vox.txt transforms/talairach.auto.xfm
avi2talxfm done
mv -f /out/sourcedata/freesurfer/sub-v2s7x29798_ses-1/mri/talsrcimg_to_711-2C_as_mni_average_305_t4_vox2vox.txt /out/sourcedata/freesurfer/sub-v2s7x29798_ses-1/mri/transforms/talsrcimg_to_711-2C_as_mni_average_305_t4_vox2vox.txt
lta_convert --src orig_nu.mgz --trg /opt/freesurfer/average/mni305.cor.mgz --inxfm transforms/talairach.auto.xfm --outlta transforms/talairach.auto.xfm.lta --subject fsaverage
7.3.2

--src: orig_nu.mgz src image (geometry).
--trg: /opt/freesurfer/average/mni305.cor.mgz trg image (geometry).
--inmni: transforms/talairach.auto.xfm input MNI/XFM transform.
--outlta: transforms/talairach.auto.xfm.lta output LTA.
--s: fsaverage subject name
 LTA read, type : 1
 1.19358  -0.02761   0.01451  -9.58990;
 0.04455   1.03358   0.25547  -34.09164;
-0.02649  -0.35249   1.21175  -20.67854;
 0.00000   0.00000   0.00000   1.00000;
setting subject to fsaverage
Writing  LTA to file transforms/talairach.auto.xfm.lta...
lta_convert successful.
 
 
Started at Fri Mar 13 23:29:21 CET 2026
Ended   at Fri Mar 13 23:29:36 CET 2026
talairach_avi done
