status file for recon-all
Fri Mar 13 23:38:51 CET 2026
#@# Tessellate lh Fri Mar 13 23:38:51 CET 2026
#@# Smooth1 lh Fri Mar 13 23:38:54 CET 2026
#@# Inflation1 lh Fri Mar 13 23:38:56 CET 2026
#@# QSphere lh Fri Mar 13 23:39:10 CET 2026
#@# Fix Topology lh Fri Mar 13 23:40:29 CET 2026
#@# Smooth2 lh Fri Mar 13 23:48:16 CET 2026
#@# Inflation2 lh Fri Mar 13 23:48:18 CET 2026
#@# Curv .H and .K lh Fri Mar 13 23:48:31 CET 2026
#@# Sphere lh Fri Mar 13 23:49:10 CET 2026
#@# Surf Reg lh Fri Mar 13 23:52:28 CET 2026
#@# Jacobian white lh Fri Mar 13 23:56:02 CET 2026
#@# AvgCurv lh Fri Mar 13 23:56:03 CET 2026
#@# Cortical Parc lh Fri Mar 13 23:56:03 CET 2026
#@# white curv lh Sat Mar 14 00:02:59 CET 2026
#@# white area lh Sat Mar 14 00:03:01 CET 2026
#@# pial curv lh Sat Mar 14 00:03:01 CET 2026
#@# pial area lh Sat Mar 14 00:03:02 CET 2026
#@# thickness lh Sat Mar 14 00:03:03 CET 2026
#@# area and vertex vol lh Sat Mar 14 00:03:24 CET 2026
#@# Curvature Stats lh Sat Mar 14 00:03:25 CET 2026
#@# Cortical Parc 2 lh Sat Mar 14 00:03:27 CET 2026
#@# Cortical Parc 3 lh Sat Mar 14 00:03:37 CET 2026
#@# WM/GM Contrast lh Sat Mar 14 00:03:45 CET 2026
recon-all -s sub-v2s7x29664_ses-1 finished without error at Sat Mar 14 00:03:47 CET 2026



#New# invocation of recon-all 



status file for recon-all
Sat Mar 14 00:28:27 CET 2026
#@# white curv lh Sat Mar 14 00:28:27 CET 2026
#@# white area lh Sat Mar 14 00:28:27 CET 2026
#@# pial curv lh Sat Mar 14 00:28:27 CET 2026
#@# pial area lh Sat Mar 14 00:28:27 CET 2026
#@# thickness lh Sat Mar 14 00:28:27 CET 2026
#@# area and vertex vol lh Sat Mar 14 00:28:27 CET 2026
#@# Parcellation Stats lh Sat Mar 14 00:28:27 CET 2026
#@# Parcellation Stats 2 lh Sat Mar 14 00:28:46 CET 2026
#@# Parcellation Stats 3 lh Sat Mar 14 00:28:54 CET 2026
#@# BA_exvivo Labels lh Sat Mar 14 00:29:03 CET 2026
recon-all -s sub-v2s7x29664_ses-1 finished without error at Sat Mar 14 00:31:31 CET 2026
