status file for recon-all
Fri Mar 13 22:18:15 CET 2026
#@# MotionCor Fri Mar 13 22:18:16 CET 2026
#@# Talairach Fri Mar 13 22:18:22 CET 2026
#@# Talairach Failure Detection Fri Mar 13 22:21:13 CET 2026
#@# Nu Intensity Correction Fri Mar 13 22:21:13 CET 2026
#@# Intensity Normalization Fri Mar 13 22:23:59 CET 2026
recon-all -s sub-v2s7x29664_ses-1 finished without error at Fri Mar 13 22:24:59 CET 2026



#New# invocation of recon-all 



status file for recon-all
Fri Mar 13 22:35:55 CET 2026
#@# EM Registration Fri Mar 13 22:35:55 CET 2026
recon-all -s sub-v2s7x29664_ses-1 finished without error at Fri Mar 13 22:37:56 CET 2026



#New# invocation of recon-all 



status file for recon-all
Fri Mar 13 22:37:59 CET 2026
#@# CA Normalize Fri Mar 13 22:37:59 CET 2026
#@# CA Reg Fri Mar 13 22:38:53 CET 2026
#@# SubCort Seg Fri Mar 13 23:14:48 CET 2026
#@# CC Seg Fri Mar 13 23:34:32 CET 2026
#@# Merge ASeg Fri Mar 13 23:34:51 CET 2026
#@# Intensity Normalization2 Fri Mar 13 23:34:51 CET 2026
#@# Mask BFS Fri Mar 13 23:36:22 CET 2026
#@# WM Segmentation Fri Mar 13 23:36:23 CET 2026
#@# Fill Fri Mar 13 23:37:58 CET 2026
recon-all -s sub-v2s7x29664_ses-1 finished without error at Fri Mar 13 23:38:45 CET 2026



#New# invocation of recon-all 



status file for recon-all
Sat Mar 14 00:24:52 CET 2026
#@# white curv lh Sat Mar 14 00:24:52 CET 2026
#@# white area lh Sat Mar 14 00:24:52 CET 2026
#@# pial curv lh Sat Mar 14 00:24:52 CET 2026
#@# pial area lh Sat Mar 14 00:24:52 CET 2026
#@# thickness lh Sat Mar 14 00:24:52 CET 2026
#@# area and vertex vol lh Sat Mar 14 00:24:52 CET 2026
#@# white curv rh Sat Mar 14 00:24:52 CET 2026
#@# white area rh Sat Mar 14 00:24:52 CET 2026
#@# pial curv rh Sat Mar 14 00:24:52 CET 2026
#@# pial area rh Sat Mar 14 00:24:52 CET 2026
#@# thickness rh Sat Mar 14 00:24:52 CET 2026
#@# area and vertex vol rh Sat Mar 14 00:24:52 CET 2026
#@# Cortical ribbon mask Sat Mar 14 00:24:52 CET 2026
recon-all -s sub-v2s7x29664_ses-1 finished without error at Sat Mar 14 00:28:21 CET 2026



#New# invocation of recon-all 



status file for recon-all
Sat Mar 14 00:34:36 CET 2026
#@# white curv lh Sat Mar 14 00:34:36 CET 2026
#@# white area lh Sat Mar 14 00:34:36 CET 2026
#@# pial curv lh Sat Mar 14 00:34:36 CET 2026
#@# pial area lh Sat Mar 14 00:34:36 CET 2026
#@# thickness lh Sat Mar 14 00:34:36 CET 2026
#@# area and vertex vol lh Sat Mar 14 00:34:36 CET 2026
#@# white curv rh Sat Mar 14 00:34:36 CET 2026
#@# white area rh Sat Mar 14 00:34:36 CET 2026
#@# pial curv rh Sat Mar 14 00:34:36 CET 2026
#@# pial area rh Sat Mar 14 00:34:36 CET 2026
#@# thickness rh Sat Mar 14 00:34:36 CET 2026
#@# area and vertex vol rh Sat Mar 14 00:34:36 CET 2026
#@# Curvature Stats lh Sat Mar 14 00:34:36 CET 2026
#@# Curvature Stats rh Sat Mar 14 00:34:39 CET 2026
#@# Relabel Hypointensities Sat Mar 14 00:34:41 CET 2026
#@# APas-to-ASeg Sat Mar 14 00:34:52 CET 2026
#@# AParc-to-ASeg aparc Sat Mar 14 00:35:00 CET 2026
#@# AParc-to-ASeg aparc.a2009s Sat Mar 14 00:35:26 CET 2026
#@# AParc-to-ASeg aparc.DKTatlas Sat Mar 14 00:35:49 CET 2026
#@# WMParc Sat Mar 14 00:36:14 CET 2026
#@# ASeg Stats Sat Mar 14 00:38:40 CET 2026
recon-all -s sub-v2s7x29664_ses-1 finished without error at Sat Mar 14 00:39:02 CET 2026
