status file for recon-all
Sat Mar 14 00:03:51 CET 2026
#@# Tessellate rh Sat Mar 14 00:03:51 CET 2026
#@# Smooth1 rh Sat Mar 14 00:03:54 CET 2026
#@# Inflation1 rh Sat Mar 14 00:03:56 CET 2026
#@# QSphere rh Sat Mar 14 00:04:08 CET 2026
#@# Fix Topology rh Sat Mar 14 00:04:52 CET 2026
#@# Smooth2 rh Sat Mar 14 00:13:12 CET 2026
#@# Inflation2 rh Sat Mar 14 00:13:14 CET 2026
#@# Curv .H and .K rh Sat Mar 14 00:13:25 CET 2026
#@# Sphere rh Sat Mar 14 00:14:03 CET 2026
#@# Surf Reg rh Sat Mar 14 00:16:05 CET 2026
#@# Jacobian white rh Sat Mar 14 00:18:51 CET 2026
#@# AvgCurv rh Sat Mar 14 00:18:52 CET 2026
#@# Cortical Parc rh Sat Mar 14 00:18:53 CET 2026
#@# white curv rh Sat Mar 14 00:23:52 CET 2026
#@# white area rh Sat Mar 14 00:23:53 CET 2026
#@# pial curv rh Sat Mar 14 00:23:54 CET 2026
#@# pial area rh Sat Mar 14 00:23:56 CET 2026
#@# thickness rh Sat Mar 14 00:23:56 CET 2026
#@# area and vertex vol rh Sat Mar 14 00:24:22 CET 2026
#@# Curvature Stats rh Sat Mar 14 00:24:23 CET 2026
#@# Cortical Parc 2 rh Sat Mar 14 00:24:26 CET 2026
#@# Cortical Parc 3 rh Sat Mar 14 00:24:36 CET 2026
#@# WM/GM Contrast rh Sat Mar 14 00:24:45 CET 2026
recon-all -s sub-v2s7x29664_ses-1 finished without error at Sat Mar 14 00:24:47 CET 2026



#New# invocation of recon-all 



status file for recon-all
Sat Mar 14 00:31:34 CET 2026
#@# white curv rh Sat Mar 14 00:31:34 CET 2026
#@# white area rh Sat Mar 14 00:31:34 CET 2026
#@# pial curv rh Sat Mar 14 00:31:34 CET 2026
#@# pial area rh Sat Mar 14 00:31:34 CET 2026
#@# thickness rh Sat Mar 14 00:31:34 CET 2026
#@# area and vertex vol rh Sat Mar 14 00:31:34 CET 2026
#@# Parcellation Stats rh Sat Mar 14 00:31:34 CET 2026
#@# Parcellation Stats 2 rh Sat Mar 14 00:31:50 CET 2026
#@# Parcellation Stats 3 rh Sat Mar 14 00:31:59 CET 2026
#@# BA_exvivo Labels rh Sat Mar 14 00:32:08 CET 2026
recon-all -s sub-v2s7x29664_ses-1 finished without error at Sat Mar 14 00:34:32 CET 2026
