/out/sourcedata/freesurfer/sub-v2s7x29660_ses-1/mri
/opt/freesurfer/bin/talairach_avi
--i orig_nu.mgz --xfm transforms/talairach.auto.xfm
talairach_avi 7.3.2
Linux dna020 5.14.0-427.37.1.el9_4.x86_64 #1 SMP PREEMPT_DYNAMIC Fri Sep 13 12:41:50 EDT 2024 x86_64 x86_64 x86_64 GNU/Linux
Fri Mar 13 22:12:55 CET 2026
mri_convert orig_nu.mgz talsrcimg.img 
reading from orig_nu.mgz...
TR=0.00, TE=0.00, TI=0.00, flip angle=0.00
i_ras = (-1, 0, 0)
j_ras = (0, 0, -1)
k_ras = (0, 1, 0)
writing to talsrcimg.img...
Analyze Output Matrix
-1.00000   0.00000   0.00000   132.59132;
 0.00000   0.00000   1.00000  -121.15702;
 0.00000  -1.00000   0.00000   161.91008;
 0.00000   0.00000   0.00000   1.00000;
--------------------
INFO: set hdr.hist.orient to -1
mpr2mni305 talsrcimg
Fri Mar 13 22:12:56 CET 2026
/opt/freesurfer/bin/mpr2mni305 talsrcimg
mpr2mni305 7.3.2
target=711-2C_as_mni_average_305

---------------------------------------------------------------------
analyzeto4dfp talsrcimg -O0 -y
---------------------------------------------------------------------

freesurfer ifh2hdr.c
Fri Mar 13 22:12:56 2026
Writing: talsrcimg.4dfp.hdr
freesurfer analyzeto4dfp.c
Reading: talsrcimg.hdr
header size 348 bytes
hdr.dime.datatype	offset=70	value=2
hdr.dime.bitpix		offset=72	value=8
hdr.hist.orient		offset=252	value=-1
dimensionality     4
dimensions       256       256       256         1
Reading: talsrcimg.img
Writing: talsrcimg.4dfp.img
Writing: talsrcimg.4dfp.ifh
ifh2hdr talsrcimg -r0to255
ori=2

---------------------------------------------------------------------
gauss_4dfp talsrcimg 1.1
---------------------------------------------------------------------

freesurfer gauss_4dfp.c
Reading: talsrcimg.4dfp.img
Writing: talsrcimg_g11.4dfp.img
image dimensions 256 256 256 padded to 288 288 288
processing volume 1freesurfer ifh2hdr.c
Fri Mar 13 22:12:58 2026
Writing: talsrcimg_g11.4dfp.hdr

Writing: talsrcimg_g11.4dfp.ifh
including: talsrcimg.4dfp.img.rec in talsrcimg_g11.4dfp.img.rec

---------------------------------------------------------------------
imgreg_4dfp /opt/freesurfer/average/711-2C_as_mni_average_305 none talsrcimg_g11 none talsrcimg_to_711-2C_as_mni_average_305_t4 4355
---------------------------------------------------------------------

freesurfer imgreg_4dfp.c
/opt/freesurfer/average/711-2C_as_mni_average_305.4dfp.img
       256       256       256         1
  1.000000  1.000000  1.000000
orientation T byte_order littleendian
Reading image: /opt/freesurfer/average/711-2C_as_mni_average_305.4dfp.img
dimensions:      256       256       256
mmppix:       1.0000   -1.0000   -1.0000
center:     128.0000 -129.0000 -129.0000
talsrcimg_g11.4dfp.img
       256       256       256         1
  1.000000  1.000000  1.000000
orientation T byte_order littleendian
Reading image: talsrcimg_g11.4dfp.img
dimensions:      256       256       256
mmppix:       1.0000   -1.0000   -1.0000
center:     128.0000 -129.0000 -129.0000
t4_read: open error in t4_sub.f l:  41 t4_file(1:l)talsrcimg_to_711-2C_as_mni_average_305_t4 
t4_read: transform initialized to I4
rotation matrix determinant  1.000000
image alignment mode   4355 decimal     1103 hex
   -7.5000  -45.0000  -45.0000 8570.4102   11.5188
    0.0000  -45.0000  -45.0000 8977.9336   11.5241
    7.5000  -45.0000  -45.0000 8624.8018   11.5261
   -7.5000  -37.5000  -45.0000 8938.5488   11.5257
    0.0000  -37.5000  -45.0000 9370.0654   11.5276
    7.5000  -37.5000  -45.0000 8993.5586   11.5253
   -7.5000  -30.0000  -45.0000 9640.6006   11.5383
    0.0000  -30.0000  -45.000010121.7139   11.5370
    7.5000  -30.0000  -45.0000 9678.6982   11.5272
   -7.5000  -22.5000  -45.000010311.2090   11.5427
    0.0000  -22.5000  -45.000010818.8975   11.5422
    7.5000  -22.5000  -45.000010321.9717   11.5296
   -7.5000  -15.0000  -45.000010901.5117   11.5359
    0.0000  -15.0000  -45.000011446.3594   11.5382
    7.5000  -15.0000  -45.000010937.7666   11.5296
   -7.5000   -7.5000  -45.000011389.1162   11.5244
    0.0000   -7.5000  -45.000011927.1328   11.5295
    7.5000   -7.5000  -45.000011415.3877   11.5280
   -7.5000    0.0000  -45.000011763.7969   11.5188
    0.0000    0.0000  -45.000012304.3232   11.5240
    7.5000    0.0000  -45.000011755.9287   11.5261
   -7.5000    7.5000  -45.000011157.5439   11.5257
    0.0000    7.5000  -45.000011653.7783   11.5276
    7.5000    7.5000  -45.000011139.7979   11.5253
   -7.5000   15.0000  -45.000010385.7754   11.5383
    0.0000   15.0000  -45.000010845.2080   11.5370
    7.5000   15.0000  -45.000010350.3584   11.5272
   -7.5000   22.5000  -45.0000 9541.2979   11.5412
    0.0000   22.5000  -45.0000 9996.6338   11.5406
    7.5000   22.5000  -45.0000 9505.0664   11.5280
   -7.5000   30.0000  -45.0000 8730.4629   11.3822
    0.0000   30.0000  -45.0000 9156.4277   11.3844
    7.5000   30.0000  -45.0000 8706.0947   11.3759
   -7.5000   37.5000  -45.0000 8254.7852   11.3748
    0.0000   37.5000  -45.0000 8653.5801   11.3798
    7.5000   37.5000  -45.0000 8214.4082   11.3784
   -7.5000   45.0000  -45.0000 7550.6743   11.1608
    0.0000   45.0000  -45.0000 7894.5410   11.1664
    7.5000   45.0000  -45.0000 7492.2524   11.1681
   -7.5000  -45.0000  -37.5000 9085.0898   11.4242
    0.0000  -45.0000  -37.5000 9521.7920   11.4328
    7.5000  -45.0000  -37.5000 9128.8662   11.4349
   -7.5000  -37.5000  -37.5000 9498.0791   11.4201
    0.0000  -37.5000  -37.5000 9960.0889   11.4247
    7.5000  -37.5000  -37.5000 9542.2412   11.4247
   -7.5000  -30.0000  -37.500010240.0205   11.4280
    0.0000  -30.0000  -37.500010756.9131   11.4283
    7.5000  -30.0000  -37.500010268.1914   11.4204
   -7.5000  -22.5000  -37.500010917.7598   11.4399
    0.0000  -22.5000  -37.500011443.9199   11.4404
    7.5000  -22.5000  -37.500010939.7461   11.4268
   -7.5000  -15.0000  -37.500011547.2188   11.4441
    0.0000  -15.0000  -37.500012133.2656   11.4478
    7.5000  -15.0000  -37.500011583.4961   11.4356
   -7.5000   -7.5000  -37.500012034.0215   11.4362
    0.0000   -7.5000  -37.500012639.4209   11.4438
    7.5000   -7.5000  -37.500012052.7393   11.4395
   -7.5000    0.0000  -37.500012370.5762   11.4242
    0.0000    0.0000  -37.500012975.5254   11.4328
    7.5000    0.0000  -37.500012376.4785   11.4349
   -7.5000    7.5000  -37.500011805.3506   11.4201
    0.0000    7.5000  -37.500012393.0908   11.4247
    7.5000    7.5000  -37.500011794.9639   11.4247
   -7.5000   15.0000  -37.500011010.8701   11.4280
    0.0000   15.0000  -37.500011562.8555   11.4283
    7.5000   15.0000  -37.500010994.2070   11.4204
   -7.5000   22.5000  -37.500010094.2012   11.4384
    0.0000   22.5000  -37.500010602.2861   11.4389
    7.5000   22.5000  -37.500010085.9121   11.4252
   -7.5000   30.0000  -37.5000 9197.3018   11.2916
    0.0000   30.0000  -37.5000 9647.6182   11.2953
    7.5000   30.0000  -37.5000 9186.9365   11.2832
   -7.5000   37.5000  -37.5000 8693.7119   11.2875
    0.0000   37.5000  -37.5000 9112.2666   11.2950
    7.5000   37.5000  -37.5000 8659.5684   11.2908
   -7.5000   45.0000  -37.5000 7907.9839   11.0662
    0.0000   45.0000  -37.5000 8262.5234   11.0753
    7.5000   45.0000  -37.5000 7852.9243   11.0778
   -7.5000  -45.0000  -30.0000 9793.8262   11.8545
    0.0000  -45.0000  -30.000010276.6631   11.8662
    7.5000  -45.0000  -30.0000 9824.7900   11.8679
   -7.5000  -37.5000  -30.000010264.8623   11.8475
    0.0000  -37.5000  -30.000010777.0156   11.8558
    7.5000  -37.5000  -30.000010305.3301   11.8565
   -7.5000  -30.0000  -30.000011033.2041   11.8509
    0.0000  -30.0000  -30.000011584.0283   11.8544
    7.5000  -30.0000  -30.000011060.6172   11.8471
   -7.5000  -22.5000  -30.000011751.2695   11.8614
    0.0000  -22.5000  -30.000012321.4756   11.8636
    7.5000  -22.5000  -30.000011774.3926   11.8492
   -7.5000  -15.0000  -30.000012441.5859   11.8679
    0.0000  -15.0000  -30.000013043.0430   11.8727
    7.5000  -15.0000  -30.000012453.0449   11.8585
   -7.5000   -7.5000  -30.000012931.9873   11.8645
    0.0000   -7.5000  -30.000013569.8584   11.8739
    7.5000   -7.5000  -30.000012942.1201   11.8678
   -7.5000    0.0000  -30.000013246.1074   11.8545
    0.0000    0.0000  -30.000013901.5254   11.8662
    7.5000    0.0000  -30.000013269.3086   11.8679
   -7.5000    7.5000  -30.000012679.2236   11.8475
    0.0000    7.5000  -30.000013318.9287   11.8558
    7.5000    7.5000  -30.000012676.2773   11.8565
   -7.5000   15.0000  -30.000011849.8271   11.8509
    0.0000   15.0000  -30.000012448.9824   11.8544
    7.5000   15.0000  -30.000011823.4209   11.8471
   -7.5000   22.5000  -30.000010852.0518   11.8585
    0.0000   22.5000  -30.000011402.4219   11.8608
    7.5000   22.5000  -30.000010845.9668   11.8463
   -7.5000   30.0000  -30.0000 9855.1592   11.7109
    0.0000   30.0000  -30.000010325.2041   11.7156
    7.5000   30.0000  -30.0000 9842.5605   11.7016
   -7.5000   37.5000  -30.0000 9290.6943   11.7117
    0.0000   37.5000  -30.0000 9733.1650   11.7210
    7.5000   37.5000  -30.0000 9264.9893   11.7150
   -7.5000   45.0000  -30.0000 8427.5400   11.4896
    0.0000   45.0000  -30.0000 8813.4775   11.5017
    7.5000   45.0000  -30.0000 8380.6836   11.5044
   -7.5000  -45.0000  -22.500010535.4717   12.2515
    0.0000  -45.0000  -22.500011047.7910   12.2632
    7.5000  -45.0000  -22.500010569.4756   12.2646
   -7.5000  -37.5000  -22.500011037.4180   12.2549
    0.0000  -37.5000  -22.500011589.9111   12.2649
    7.5000  -37.5000  -22.500011084.6807   12.2638
   -7.5000  -30.0000  -22.500011848.5400   12.2595
    0.0000  -30.0000  -22.500012430.0898   12.2651
    7.5000  -30.0000  -22.500011877.6016   12.2564
   -7.5000  -22.5000  -22.500012610.6895   12.2598
    0.0000  -22.5000  -22.500013219.6338   12.2627
    7.5000  -22.5000  -22.500012635.4502   12.2485
   -7.5000  -15.0000  -22.500013341.8623   12.2557
    0.0000  -15.0000  -22.500014002.9102   12.2598
    7.5000  -15.0000  -22.500013353.2402   12.2472
   -7.5000   -7.5000  -22.500013867.0303   12.2520
    0.0000   -7.5000  -22.500014551.6934   12.2604
    7.5000   -7.5000  -22.500013886.1738   12.2557
   -7.5000    0.0000  -22.500014188.2910   12.2515
    0.0000    0.0000  -22.500014901.2441   12.2631
    7.5000    0.0000  -22.500014219.6553   12.2646
   -7.5000    7.5000  -22.500013573.2402   12.2549
    0.0000    7.5000  -22.500014256.1035   12.2649
    7.5000    7.5000  -22.500013576.8340   12.2638
   -7.5000   15.0000  -22.500012692.5674   12.2595
    0.0000   15.0000  -22.500013307.1289   12.2651
    7.5000   15.0000  -22.500012697.3691   12.2564
   -7.5000   22.5000  -22.500011609.2314   12.2561
    0.0000   22.5000  -22.500012173.3223   12.2590
    7.5000   22.5000  -22.500011612.3008   12.2448
   -7.5000   30.0000  -22.500010528.0996   12.0954
    0.0000   30.0000  -22.500011004.6191   12.0994
    7.5000   30.0000  -22.500010508.8379   12.0870
   -7.5000   37.5000  -22.5000 9909.9434   12.0966
    0.0000   37.5000  -22.500010382.5127   12.1049
    7.5000   37.5000  -22.5000 9887.4355   12.1003
   -7.5000   45.0000  -22.5000 8944.5244   11.8843
    0.0000   45.0000  -22.5000 9359.1445   11.8960
    7.5000   45.0000  -22.5000 8908.0605   11.8981
   -7.5000  -45.0000  -15.000011268.6523   12.5595
    0.0000  -45.0000  -15.000011802.8789   12.5684
    7.5000  -45.0000  -15.000011307.9824   12.5700
   -7.5000  -37.5000  -15.000011817.1787   12.5760
    0.0000  -37.5000  -15.000012400.5166   12.5842
    7.5000  -37.5000  -15.000011877.2510   12.5808
   -7.5000  -30.0000  -15.000012698.9141   12.5868
    0.0000  -30.0000  -15.000013325.8896   12.5917
    7.5000  -30.0000  -15.000012753.4668   12.5808
   -7.5000  -22.5000  -15.000013515.7432   12.5793
    0.0000  -22.5000  -15.000014175.7051   12.5814
    7.5000  -22.5000  -15.000013554.7520   12.5680
   -7.5000  -15.0000  -15.000014272.2021   12.5623
    0.0000  -15.0000  -15.000014992.8145   12.5649
    7.5000  -15.0000  -15.000014281.2109   12.5557
   -7.5000   -7.5000  -15.000014845.1572   12.5534
    0.0000   -7.5000  -15.000015616.8916   12.5593
    7.5000   -7.5000  -15.000014853.1016   12.5577
   -7.5000    0.0000  -15.000015208.8281   12.5595
    0.0000    0.0000  -15.000015983.1904   12.5684
    7.5000    0.0000  -15.000015213.3340   12.5700
   -7.5000    7.5000  -15.000014483.1445   12.5760
    0.0000    7.5000  -15.000015210.7305   12.5842
    7.5000    7.5000  -15.000014475.8223   12.5808
   -7.5000   15.0000  -15.000013562.1514   12.5868
    0.0000   15.0000  -15.000014198.4639   12.5917
    7.5000   15.0000  -15.000013565.4473   12.5808
   -7.5000   22.5000  -15.000012410.5381   12.5748
    0.0000   22.5000  -15.000012973.1416   12.5770
    7.5000   22.5000  -15.000012407.9902   12.5635
   -7.5000   30.0000  -15.000011221.8408   12.3997
    0.0000   30.0000  -15.000011724.2881   12.4023
    7.5000   30.0000  -15.000011213.2949   12.3932
   -7.5000   37.5000  -15.000010565.6006   12.3961
    0.0000   37.5000  -15.000011048.8047   12.4020
    7.5000   37.5000  -15.000010541.4072   12.4004
   -7.5000   45.0000  -15.0000 9517.5518   12.1931
    0.0000   45.0000  -15.0000 9959.7002   12.2018
    7.5000   45.0000  -15.0000 9483.1436   12.2033
   -7.5000  -45.0000   -7.500012035.0967   12.7032
    0.0000  -45.0000   -7.500012603.8936   12.7094
    7.5000  -45.0000   -7.500012035.0967   12.7118
   -7.5000  -37.5000   -7.500012649.6777   12.7215
    0.0000  -37.5000   -7.500013277.9531   12.7261
    7.5000  -37.5000   -7.500012662.7266   12.7224
   -7.5000  -30.0000   -7.500013649.8311   12.7380
    0.0000  -30.0000   -7.500014326.4814   12.7397
    7.5000  -30.0000   -7.500013687.3838   12.7281
   -7.5000  -22.5000   -7.500014506.9131   12.7341
    0.0000  -22.5000   -7.500015258.0283   12.7348
    7.5000  -22.5000   -7.500014526.3818   12.7215
   -7.5000  -15.0000   -7.500015291.4023   12.7159
    0.0000  -15.0000   -7.500016064.4922   12.7177
    7.5000  -15.0000   -7.500015257.2002   12.7101
   -7.5000   -7.5000   -7.500015932.8662   12.7013
    0.0000   -7.5000   -7.500016704.1855   12.7059
    7.5000   -7.5000   -7.500015866.1270   12.7060
   -7.5000    0.0000   -7.500016309.1768   12.7031
    0.0000    0.0000   -7.500017119.2324   12.7093
    7.5000    0.0000   -7.500016276.8438   12.7118
   -7.5000    7.5000   -7.500015458.2383   12.7215
    0.0000    7.5000   -7.500016185.3994   12.7261
    7.5000    7.5000   -7.500015444.6436   12.7224
   -7.5000   15.0000   -7.500014449.2002   12.7380
    0.0000   15.0000   -7.500015106.6191   12.7397
    7.5000   15.0000   -7.500014437.3691   12.7281
   -7.5000   22.5000   -7.500013250.3701   12.7282
    0.0000   22.5000   -7.500013849.8428   12.7289
    7.5000   22.5000   -7.500013250.8848   12.7157
   -7.5000   30.0000   -7.500011988.3379   12.5510
    0.0000   30.0000   -7.500012528.7705   12.5528
    7.5000   30.0000   -7.500011963.4102   12.5453
   -7.5000   37.5000   -7.500011286.6777   12.5415
    0.0000   37.5000   -7.500011805.7422   12.5461
    7.5000   37.5000   -7.500011248.9795   12.5462
   -7.5000   45.0000   -7.500010145.3115   12.3362
    0.0000   45.0000   -7.500010635.1289   12.3424
    7.5000   45.0000   -7.500010110.8848   12.3442
   -7.5000  -45.0000    0.000012663.7373   12.7131
    0.0000  -45.0000    0.000013295.5762   12.7194
    7.5000  -45.0000    0.000012677.6035   12.7223
   -7.5000  -37.5000    0.000013349.7695   12.7215
    0.0000  -37.5000    0.000014043.3594   12.7242
    7.5000  -37.5000    0.000013362.8447   12.7223
   -7.5000  -30.0000    0.000014478.0479   12.7375
    0.0000  -30.0000    0.000015244.1201   12.7368
    7.5000  -30.0000    0.000014505.7412   12.7263
   -7.5000  -22.5000    0.000015472.2539   12.7441
    0.0000  -22.5000    0.000016277.7441   12.7439
    7.5000  -22.5000    0.000015465.4414   12.7301
   -7.5000  -15.0000    0.000016318.1191   12.7362
    0.0000  -15.0000    0.000017059.3301   12.7388
    7.5000  -15.0000    0.000016250.4014   12.7294
   -7.5000   -7.5000    0.000016986.2051   12.7211
    0.0000   -7.5000    0.000017680.4668   12.7268
    7.5000   -7.5000    0.000016874.1875   12.7256
   -7.5000    0.0000    0.000017401.6211   12.7131
    0.0000    0.0000    0.000018153.3301   12.7193
    7.5000    0.0000    0.000017331.4668   12.7223
   -7.5000    7.5000    0.000016486.4648   12.7215
    0.0000    7.5000    0.000017248.1699   12.7242
    7.5000    7.5000    0.000016424.6133   12.7223
   -7.5000   15.0000    0.000015367.9287   12.7375
    0.0000   15.0000    0.000016104.0742   12.7368
    7.5000   15.0000    0.000015320.6260   12.7263
   -7.5000   22.5000    0.000014088.1289   12.7383
    0.0000   22.5000    0.000014793.7139   12.7380
    7.5000   22.5000    0.000014076.6387   12.7242
   -7.5000   30.0000    0.000012748.9170   12.5714
    0.0000   30.0000    0.000013397.1289   12.5739
    7.5000   30.0000    0.000012719.0518   12.5647
   -7.5000   37.5000    0.000012019.4248   12.5608
    0.0000   37.5000    0.000012609.3486   12.5665
    7.5000   37.5000    0.000011951.8711   12.5653
   -7.5000   45.0000    0.000010800.1387   12.3458
    0.0000   45.0000    0.000011339.1211   12.3523
    7.5000   45.0000    0.000010746.3027   12.3549
   -7.5000  -45.0000    7.500012330.6475   12.7002
    0.0000  -45.0000    7.500012935.0469   12.7097
    7.5000  -45.0000    7.500012377.0723   12.7122
   -7.5000  -37.5000    7.500012967.6572   12.6959
    0.0000  -37.5000    7.500013623.5645   12.7011
    7.5000  -37.5000    7.500013024.9180   12.7012
   -7.5000  -30.0000    7.500014100.7119   12.7055
    0.0000  -30.0000    7.500014870.1719   12.7060
    7.5000  -30.0000    7.500014175.6152   12.6974
   -7.5000  -22.5000    7.500015199.8555   12.7193
    0.0000  -22.5000    7.500016121.4648   12.7200
    7.5000  -22.5000    7.500015317.2480   12.7051
   -7.5000  -15.0000    7.500016212.8174   12.7237
    0.0000  -15.0000    7.500017134.0723   12.7280
    7.5000  -15.0000    7.500016265.0684   12.7147
   -7.5000   -7.5000    7.500016869.6797   12.7141
    0.0000   -7.5000    7.500017684.8242   12.7226
    7.5000   -7.5000    7.500016821.4316   12.7180
   -7.5000    0.0000    7.500017200.0117   12.7002
    0.0000    0.0000    7.500018040.2676   12.7097
    7.5000    0.0000    7.500017120.4668   12.7122
   -7.5000    7.5000    7.500016178.1885   12.6959
    0.0000    7.5000    7.500017043.6719   12.7011
    7.5000    7.5000    7.500016080.8594   12.7012
   -7.5000   15.0000    7.500015040.2334   12.7055
    0.0000   15.0000    7.500015854.5039   12.7060
    7.5000   15.0000    7.500014940.9775   12.6974
   -7.5000   22.5000    7.500013799.2266   12.7134
    0.0000   22.5000    7.500014536.1260   12.7141
    7.5000   22.5000    7.500013728.9277   12.6992
   -7.5000   30.0000    7.500012504.9395   12.5590
    0.0000   30.0000    7.500013182.3164   12.5632
    7.5000   30.0000    7.500012441.3516   12.5502
   -7.5000   37.5000    7.500011793.0156   12.5537
    0.0000   37.5000    7.500012416.1680   12.5621
    7.5000   37.5000    7.500011703.4814   12.5576
   -7.5000   45.0000    7.500010605.6006   12.3307
    0.0000   45.0000    7.500011156.7344   12.3407
    7.5000   45.0000    7.500010518.9824   12.3437
   -7.5000  -45.0000   15.000011894.9229   12.7019
    0.0000  -45.0000   15.000012462.7129   12.7144
    7.5000  -45.0000   15.000011922.9785   12.7163
   -7.5000  -37.5000   15.000012508.5234   12.6945
    0.0000  -37.5000   15.000013125.6699   12.7034
    7.5000  -37.5000   15.000012547.3076   12.7042
   -7.5000  -30.0000   15.000013574.3584   12.6983
    0.0000  -30.0000   15.000014314.3779   12.7021
    7.5000  -30.0000   15.000013648.9824   12.6943
   -7.5000  -22.5000   15.000014649.9375   12.7095
    0.0000  -22.5000   15.000015648.6670   12.7120
    7.5000  -22.5000   15.000014746.6602   12.6965
   -7.5000  -15.0000   15.000015731.3174   12.7165
    0.0000  -15.0000   15.000016888.7559   12.7216
    7.5000  -15.0000   15.000015784.9268   12.7064
   -7.5000   -7.5000   15.000016427.1113   12.7126
    0.0000   -7.5000   15.000017509.3555   12.7226
    7.5000   -7.5000   15.000016373.1621   12.7162
   -7.5000    0.0000   15.000016661.5254   12.7018
    0.0000    0.0000   15.000017709.7129   12.7144
    7.5000    0.0000   15.000016564.4570   12.7162
   -7.5000    7.5000   15.000015599.1543   12.6945
    0.0000    7.5000   15.000016548.7363   12.7034
    7.5000    7.5000   15.000015480.6855   12.7042
   -7.5000   15.0000   15.000014486.4131   12.6983
    0.0000   15.0000   15.000015301.4463   12.7021
    7.5000   15.0000   15.000014363.4668   12.6943
   -7.5000   22.5000   15.000013336.2910   12.7037
    0.0000   22.5000   15.000014030.4238   12.7061
    7.5000   22.5000   15.000013207.1455   12.6907
   -7.5000   30.0000   15.000012144.5830   12.5519
    0.0000   30.0000   15.000012768.8125   12.5570
    7.5000   30.0000   15.000012037.0244   12.5420
   -7.5000   37.5000   15.000011434.1113   12.5526
    0.0000   37.5000   15.000012023.7422   12.5625
    7.5000   37.5000   15.000011347.1924   12.5561
   -7.5000   45.0000   15.000010309.2764   12.3306
    0.0000   45.0000   15.000010818.2930   12.3436
    7.5000   45.0000   15.000010209.4346   12.3465
   -7.5000  -45.0000   22.500011406.8135   12.7178
    0.0000  -45.0000   22.500011986.2725   12.7299
    7.5000  -45.0000   22.500011474.1768   12.7314
   -7.5000  -37.5000   22.500011972.4609   12.7214
    0.0000  -37.5000   22.500012580.8057   12.7317
    7.5000  -37.5000   22.500012038.3906   12.7306
   -7.5000  -30.0000   22.500012986.4229   12.7262
    0.0000  -30.0000   22.500013675.8213   12.7320
    7.5000  -30.0000   22.500013034.4766   12.7229
   -7.5000  -22.5000   22.500014041.8398   12.7265
    0.0000  -22.5000   22.500014896.4199   12.7295
    7.5000  -22.5000   22.500013997.9004   12.7148
   -7.5000  -15.0000   22.500015063.8730   12.7222
    0.0000  -15.0000   22.500015975.1475   12.7264
    7.5000  -15.0000   22.500014959.5977   12.7134
   -7.5000   -7.5000   22.500015666.1885   12.7183
    0.0000   -7.5000   22.500016535.4902   12.7271
    7.5000   -7.5000   22.500015559.7197   12.7222
   -7.5000    0.0000   22.500015938.8037   12.7178
    0.0000    0.0000   22.500016816.4727   12.7299
    7.5000    0.0000   22.500015836.9443   12.7314
   -7.5000    7.5000   22.500014923.1201   12.7214
    0.0000    7.5000   22.500015744.3291   12.7317
    7.5000    7.5000   22.500014816.8438   12.7306
   -7.5000   15.0000   22.500013855.2852   12.7262
    0.0000   15.0000   22.500014564.8750   12.7320
    7.5000   15.0000   22.500013763.6777   12.7229
   -7.5000   22.5000   22.500012737.5791   12.7206
    0.0000   22.5000   22.500013363.3574   12.7236
    7.5000   22.5000   22.500012642.1797   12.7089
   -7.5000   30.0000   22.500011578.2686   12.5576
    0.0000   30.0000   22.500012152.3623   12.5617
    7.5000   30.0000   22.500011499.0674   12.5488
   -7.5000   37.5000   22.500010879.3896   12.5588
    0.0000   37.5000   22.500011445.6982   12.5674
    7.5000   37.5000   22.500010804.6445   12.5627
   -7.5000   45.0000   22.5000 9786.4277   12.3473
    0.0000   45.0000   22.500010275.3291   12.3595
    7.5000   45.0000   22.5000 9713.1260   12.3617
   -7.5000  -45.0000   30.000010742.2666   12.7645
    0.0000  -45.0000   30.000011279.5518   12.7736
    7.5000  -45.0000   30.000010769.1924   12.7753
   -7.5000  -37.5000   30.000011270.4531   12.7812
    0.0000  -37.5000   30.000011833.9482   12.7897
    7.5000  -37.5000   30.000011282.4336   12.7862
   -7.5000  -30.0000   30.000012202.8877   12.7922
    0.0000  -30.0000   30.000012846.2627   12.7973
    7.5000  -30.0000   30.000012217.1504   12.7862
   -7.5000  -22.5000   30.000013145.5820   12.7845
    0.0000  -22.5000   30.000013899.4785   12.7868
    7.5000  -22.5000   30.000013125.5498   12.7731
   -7.5000  -15.0000   30.000013985.4248   12.7674
    0.0000  -15.0000   30.000014705.4033   12.7700
    7.5000  -15.0000   30.000013967.6270   12.7607
   -7.5000   -7.5000   30.000014567.3779   12.7583
    0.0000   -7.5000   30.000015272.4463   12.7644
    7.5000   -7.5000   30.000014565.4736   12.7628
   -7.5000    0.0000   30.000014921.6133   12.7645
    0.0000    0.0000   30.000015664.3809   12.7736
    7.5000    0.0000   30.000014897.4248   12.7753
   -7.5000    7.5000   30.000014018.3936   12.7812
    0.0000    7.5000   30.000014700.5732   12.7897
    7.5000    7.5000   30.000013963.6377   12.7862
   -7.5000   15.0000   30.000012973.6807   12.7922
    0.0000   15.0000   30.000013599.3672   12.7973
    7.5000   15.0000   30.000012931.8672   12.7862
   -7.5000   22.5000   30.000011927.5654   12.7787
    0.0000   22.5000   30.000012480.5576   12.7809
    7.5000   22.5000   30.000011894.0498   12.7672
   -7.5000   30.0000   30.000010854.7354   12.6021
    0.0000   30.0000   30.000011338.4551   12.6047
    7.5000   30.0000   30.000010815.9473   12.5955
   -7.5000   37.5000   30.000010211.7812   12.5985
    0.0000   37.5000   30.000010683.7930   12.6045
    7.5000   37.5000   30.000010166.9229   12.6029
   -7.5000   45.0000   30.0000 9146.5557   12.3956
    0.0000   45.0000   30.0000 9585.4229   12.4045
    7.5000   45.0000   30.0000 9116.7246   12.4061
   -7.5000  -45.0000   37.500010394.8066   12.9179
    0.0000  -45.0000   37.500010919.1064   12.9241
    7.5000  -45.0000   37.500010391.7754   12.9268
   -7.5000  -37.5000   37.500010896.2168   12.9366
    0.0000  -37.5000   37.500011422.4824   12.9413
    7.5000  -37.5000   37.500010882.6904   12.9379
   -7.5000  -30.0000   37.500011776.1318   12.9533
    0.0000  -30.0000   37.500012370.1104   12.9551
    7.5000  -30.0000   37.500011802.4912   12.9435
   -7.5000  -22.5000   37.500012680.8086   12.9493
    0.0000  -22.5000   37.500013310.5791   12.9499
    7.5000  -22.5000   37.500012702.9844   12.9363
   -7.5000  -15.0000   37.500013422.5010   12.9307
    0.0000  -15.0000   37.500014015.6504   12.9324
    7.5000  -15.0000   37.500013466.8682   12.9244
   -7.5000   -7.5000   37.500014006.9209   12.9159
    0.0000   -7.5000   37.500014597.0547   12.9205
    7.5000   -7.5000   37.500014063.9648   12.9204
   -7.5000    0.0000   37.500014407.8633   12.9179
    0.0000    0.0000   37.500015054.4443   12.9241
    7.5000    0.0000   37.500014435.1455   12.9267
   -7.5000    7.5000   37.500013582.9746   12.9366
    0.0000    7.5000   37.500014207.2705   12.9413
    7.5000    7.5000   37.500013568.7490   12.9379
   -7.5000   15.0000   37.500012556.0049   12.9533
    0.0000   15.0000   37.500013133.1670   12.9551
    7.5000   15.0000   37.500012535.8848   12.9435
   -7.5000   22.5000   37.500011534.6748   12.9433
    0.0000   22.5000   37.500012073.3770   12.9439
    7.5000   22.5000   37.500011510.2100   12.9303
   -7.5000   30.0000   37.500010505.6172   12.7633
    0.0000   30.0000   37.500010988.0518   12.7650
    7.5000   30.0000   37.500010476.1406   12.7571
   -7.5000   37.5000   37.5000 9872.4004   12.7538
    0.0000   37.5000   37.500010332.2676   12.7583
    7.5000   37.5000   37.5000 9839.9971   12.7583
   -7.5000   45.0000   37.5000 8818.6729   12.5471
    0.0000   45.0000   37.5000 9223.5518   12.5533
    7.5000   45.0000   37.5000 8812.4258   12.5553
   -7.5000  -45.0000   45.0000 9580.3652   13.0761
    0.0000  -45.0000   45.000010056.0781   13.0811
    7.5000  -45.0000   45.0000 9580.9385   13.0844
   -7.5000  -37.5000   45.000010034.1191   13.0861
    0.0000  -37.5000   45.000010530.7354   13.0876
    7.5000  -37.5000   45.000010044.4170   13.0853
   -7.5000  -30.0000   45.000010862.8037   13.1034
    0.0000  -30.0000   45.000011392.8369   13.1018
    7.5000  -30.0000   45.000010899.1836   13.0900
   -7.5000  -22.5000   45.000011662.6807   13.1092
    0.0000  -22.5000   45.000012195.2051   13.1087
    7.5000  -22.5000   45.000011711.3584   13.0932
   -7.5000  -15.0000   45.000012327.6191   13.0995
    0.0000  -15.0000   45.000012827.5430   13.1018
    7.5000  -15.0000   45.000012371.8428   13.0914
   -7.5000   -7.5000   45.000012862.2881   13.0834
    0.0000   -7.5000   45.000013371.2607   13.0885
    7.5000   -7.5000   45.000012903.6162   13.0873
   -7.5000    0.0000   45.000013244.9814   13.0760
    0.0000    0.0000   45.000013807.3408   13.0810
    7.5000    0.0000   45.000013265.8975   13.0844
   -7.5000    7.5000   45.000012543.3281   13.0861
    0.0000    7.5000   45.000013083.1123   13.0876
    7.5000    7.5000   45.000012541.3057   13.0853
   -7.5000   15.0000   45.000011594.3906   13.1034
    0.0000   15.0000   45.000012109.4375   13.1018
    7.5000   15.0000   45.000011585.5039   13.0900
   -7.5000   22.5000   45.000010653.7998   13.1031
    0.0000   22.5000   45.000011132.0303   13.1026
    7.5000   22.5000   45.000010637.4619   13.0871
   -7.5000   30.0000   45.0000 9711.2256   12.9288
    0.0000   30.0000   45.000010163.7236   12.9312
    7.5000   30.0000   45.0000 9677.6436   12.9209
   -7.5000   37.5000   45.0000 9099.8584   12.9176
    0.0000   37.5000   45.0000 9536.0420   12.9226
    7.5000   37.5000   45.0000 9081.9307   12.9215
   -7.5000   45.0000   45.0000 8131.1133   12.7073
    0.0000   45.0000   45.0000 8514.6387   12.7126
    7.5000   45.0000   45.0000 8120.0640   12.7156

---------------------------------------------------------------------
imgreg_4dfp /opt/freesurfer/average/711-2C_as_mni_average_305 /opt/freesurfer/average/711-2B_as_mni_average_305_mask talsrcimg_g11 none talsrcimg_to_711-2C_as_mni_average_305_t4 4355
---------------------------------------------------------------------

freesurfer imgreg_4dfp.c
/opt/freesurfer/average/711-2C_as_mni_average_305.4dfp.img
       256       256       256         1
  1.000000  1.000000  1.000000
orientation T byte_order littleendian
Reading image: /opt/freesurfer/average/711-2C_as_mni_average_305.4dfp.img
dimensions:      256       256       256
mmppix:       1.0000   -1.0000   -1.0000
center:     128.0000 -129.0000 -129.0000
/opt/freesurfer/average/711-2B_as_mni_average_305_mask.4dfp.img
       256       256       256         1
  1.000000  1.000000  1.000000
orientation T byte_order littleendian
Reading mask: /opt/freesurfer/average/711-2B_as_mni_average_305_mask.4dfp.img (2306576 pixels)
talsrcimg_g11.4dfp.img
       256       256       256         1
  1.000000  1.000000  1.000000
orientation T byte_order littleendian
Reading image: talsrcimg_g11.4dfp.img
dimensions:      256       256       256
mmppix:       1.0000   -1.0000   -1.0000
center:     128.0000 -129.0000 -129.0000
rotation matrix determinant  1.000000
image alignment mode   4355 decimal     1103 hex
   -7.5000  -45.0000  -45.0000 2243.6460   12.2870
    0.0000  -45.0000  -45.0000 2256.7688   12.2087
    7.5000  -45.0000  -45.0000 2250.2646   12.2611
   -7.5000  -37.5000  -45.0000 2286.5935   11.6965
    0.0000  -37.5000  -45.0000 2301.2588   11.6308
    7.5000  -37.5000  -45.0000 2292.5364   11.6951
   -7.5000  -30.0000  -45.0000 2315.3872   11.3572
    0.0000  -30.0000  -45.0000 2334.9746   11.2858
    7.5000  -30.0000  -45.0000 2319.0583   11.3471
   -7.5000  -22.5000  -45.0000 2327.7776   11.2422
    0.0000  -22.5000  -45.0000 2347.8716   11.1585
    7.5000  -22.5000  -45.0000 2324.8821   11.1972
   -7.5000  -15.0000  -45.0000 2320.1731   11.2984
    0.0000  -15.0000  -45.0000 2341.6272   11.2080
    7.5000  -15.0000  -45.0000 2322.5093   11.2405
   -7.5000   -7.5000  -45.0000 2303.2505   11.5272
    0.0000   -7.5000  -45.0000 2330.0693   11.4233
    7.5000   -7.5000  -45.0000 2309.8677   11.4873
   -7.5000    0.0000  -45.0000 2272.3931   11.9023
    0.0000    0.0000  -45.0000 2295.9673   11.8087
    7.5000    0.0000  -45.0000 2278.6465   11.8761
   -7.5000    7.5000  -45.0000 2220.6267   12.5358
    0.0000    7.5000  -45.0000 2245.9675   12.4163
    7.5000    7.5000  -45.0000 2230.2646   12.4579
   -7.5000   15.0000  -45.0000 2154.8967   13.4223
    0.0000   15.0000  -45.0000 2175.7090   13.2589
    7.5000   15.0000  -45.0000 2161.2803   13.3126
   -7.5000   22.5000  -45.0000 2068.9531   14.6092
    0.0000   22.5000  -45.0000 2090.7761   14.4389
    7.5000   22.5000  -45.0000 2075.6860   14.4332
   -7.5000   30.0000  -45.0000 1968.6748   16.1259
    0.0000   30.0000  -45.0000 1989.0983   15.9331
    7.5000   30.0000  -45.0000 1975.5831   16.0056
   -7.5000   37.5000  -45.0000 1860.7955   18.2298
    0.0000   37.5000  -45.0000 1879.9205   17.9951
    7.5000   37.5000  -45.0000 1865.1761   18.1098
   -7.5000   45.0000  -45.0000 1751.7162   21.0915
    0.0000   45.0000  -45.0000 1768.5604   20.7606
    7.5000   45.0000  -45.0000 1754.0316   20.8472
   -7.5000  -45.0000  -37.5000 2333.7205   11.4298
    0.0000  -45.0000  -37.5000 2346.8767   11.3689
    7.5000  -45.0000  -37.5000 2342.1201   11.4156
   -7.5000  -37.5000  -37.5000 2382.5823   10.8435
    0.0000  -37.5000  -37.5000 2400.3767   10.7852
    7.5000  -37.5000  -37.5000 2391.0098   10.8513
   -7.5000  -30.0000  -37.5000 2415.5371   10.4764
    0.0000  -30.0000  -37.5000 2440.1611   10.4226
    7.5000  -30.0000  -37.5000 2419.4229   10.4694
   -7.5000  -22.5000  -37.5000 2425.5554   10.3503
    0.0000  -22.5000  -37.5000 2449.6328   10.2701
    7.5000  -22.5000  -37.5000 2430.4189   10.3072
   -7.5000  -15.0000  -37.5000 2421.1365   10.3675
    0.0000  -15.0000  -37.5000 2447.4402   10.2700
    7.5000  -15.0000  -37.5000 2430.4771   10.3183
   -7.5000   -7.5000  -37.5000 2409.1243   10.5752
    0.0000   -7.5000  -37.5000 2436.7556   10.4687
    7.5000   -7.5000  -37.5000 2416.1082   10.5241
   -7.5000    0.0000  -37.5000 2374.8689   10.9353
    0.0000    0.0000  -37.5000 2403.6467   10.8504
    7.5000    0.0000  -37.5000 2383.7324   10.9142
   -7.5000    7.5000  -37.5000 2326.6033   11.4950
    0.0000    7.5000  -37.5000 2355.8638   11.4130
    7.5000    7.5000  -37.5000 2336.3271   11.4670
   -7.5000   15.0000  -37.5000 2258.5640   12.2513
    0.0000   15.0000  -37.5000 2284.9937   12.1436
    7.5000   15.0000  -37.5000 2270.3542   12.1758
   -7.5000   22.5000  -37.5000 2169.4607   13.2708
    0.0000   22.5000  -37.5000 2191.6362   13.1488
    7.5000   22.5000  -37.5000 2178.3369   13.1762
   -7.5000   30.0000  -37.5000 2058.7410   14.6496
    0.0000   30.0000  -37.5000 2077.9470   14.4972
    7.5000   30.0000  -37.5000 2066.3567   14.5837
   -7.5000   37.5000  -37.5000 1941.7509   16.5828
    0.0000   37.5000  -37.5000 1963.2101   16.3780
    7.5000   37.5000  -37.5000 1949.6392   16.4794
   -7.5000   45.0000  -37.5000 1816.6669   19.0833
    0.0000   45.0000  -37.5000 1832.8068   18.8222
    7.5000   45.0000  -37.5000 1823.5494   18.9260
   -7.5000  -45.0000  -30.0000 2467.0361   11.0793
    0.0000  -45.0000  -30.0000 2486.3965   11.0394
    7.5000  -45.0000  -30.0000 2475.7327   11.0650
   -7.5000  -37.5000  -30.0000 2524.8977   10.4770
    0.0000  -37.5000  -30.0000 2550.3752   10.4300
    7.5000  -37.5000  -30.0000 2538.6504   10.4570
   -7.5000  -30.0000  -30.0000 2560.6335   10.0827
    0.0000  -30.0000  -30.0000 2588.3647   10.0081
    7.5000  -30.0000  -30.0000 2569.6143   10.0674
   -7.5000  -22.5000  -30.0000 2573.1882    9.9115
    0.0000  -22.5000  -30.0000 2601.4731    9.8184
    7.5000  -22.5000  -30.0000 2581.5522    9.8769
   -7.5000  -15.0000  -30.0000 2571.9902    9.9147
    0.0000  -15.0000  -30.0000 2598.5320    9.8227
    7.5000  -15.0000  -30.0000 2580.0161    9.8751
   -7.5000   -7.5000  -30.0000 2558.6270   10.0956
    0.0000   -7.5000  -30.0000 2584.7397   10.0056
    7.5000   -7.5000  -30.0000 2568.2791   10.0738
   -7.5000    0.0000  -30.0000 2518.3225   10.4341
    0.0000    0.0000  -30.0000 2548.4375   10.3669
    7.5000    0.0000  -30.0000 2535.9363   10.4471
   -7.5000    7.5000  -30.0000 2470.0576   10.9608
    0.0000    7.5000  -30.0000 2503.7913   10.8772
    7.5000    7.5000  -30.0000 2485.4163   10.9518
   -7.5000   15.0000  -30.0000 2399.0815   11.6483
    0.0000   15.0000  -30.0000 2430.9722   11.5574
    7.5000   15.0000  -30.0000 2411.0481   11.6012
   -7.5000   22.5000  -30.0000 2308.0659   12.5939
    0.0000   22.5000  -30.0000 2339.9614   12.4732
    7.5000   22.5000  -30.0000 2320.5012   12.5131
   -7.5000   30.0000  -30.0000 2190.2202   13.9035
    0.0000   30.0000  -30.0000 2215.7500   13.7599
    7.5000   30.0000  -30.0000 2201.3496   13.8359
   -7.5000   37.5000  -30.0000 2062.9053   15.7281
    0.0000   37.5000  -30.0000 2088.5828   15.5655
    7.5000   37.5000  -30.0000 2070.9531   15.6003
   -7.5000   45.0000  -30.0000 1925.9456   18.0461
    0.0000   45.0000  -30.0000 1948.5409   17.8644
    7.5000   45.0000  -30.0000 1934.9952   17.9520
   -7.5000  -45.0000  -22.5000 2568.7195   10.6782
    0.0000  -45.0000  -22.5000 2593.4639   10.5985
    7.5000  -45.0000  -22.5000 2578.0664   10.6498
   -7.5000  -37.5000  -22.5000 2635.2183   10.0664
    0.0000  -37.5000  -22.5000 2665.0554   10.0019
    7.5000  -37.5000  -22.5000 2650.7051   10.0409
   -7.5000  -30.0000  -22.5000 2671.3298    9.6708
    0.0000  -30.0000  -22.5000 2698.5383    9.5837
    7.5000  -30.0000  -22.5000 2683.2607    9.6371
   -7.5000  -22.5000  -22.5000 2693.1257    9.4415
    0.0000  -22.5000  -22.5000 2723.1125    9.3332
    7.5000  -22.5000  -22.5000 2704.5583    9.3912
   -7.5000  -15.0000  -22.5000 2693.8787    9.4099
    0.0000  -15.0000  -22.5000 2725.4119    9.3240
    7.5000  -15.0000  -22.5000 2703.8113    9.3780
   -7.5000   -7.5000  -22.5000 2682.0466    9.5646
    0.0000   -7.5000  -22.5000 2709.6462    9.4824
    7.5000   -7.5000  -22.5000 2693.6523    9.5561
   -7.5000    0.0000  -22.5000 2644.3923    9.9050
    0.0000    0.0000  -22.5000 2679.4734    9.8238
    7.5000    0.0000  -22.5000 2659.9136    9.9092
   -7.5000    7.5000  -22.5000 2593.9895   10.3941
    0.0000    7.5000  -22.5000 2630.0322   10.2955
    7.5000    7.5000  -22.5000 2609.9431   10.3843
   -7.5000   15.0000  -22.5000 2511.4021   11.0472
    0.0000   15.0000  -22.5000 2546.5408   10.9266
    7.5000   15.0000  -22.5000 2530.6211   10.9907
   -7.5000   22.5000  -22.5000 2415.5427   11.9134
    0.0000   22.5000  -22.5000 2444.6851   11.7921
    7.5000   22.5000  -22.5000 2429.1179   11.8394
   -7.5000   30.0000  -22.5000 2297.0359   13.1504
    0.0000   30.0000  -22.5000 2319.3140   13.0306
    7.5000   30.0000  -22.5000 2304.3982   13.0564
   -7.5000   37.5000  -22.5000 2158.1345   14.8502
    0.0000   37.5000  -22.5000 2189.0403   14.7247
    7.5000   37.5000  -22.5000 2166.7808   14.7199
   -7.5000   45.0000  -22.5000 2007.0883   17.0536
    0.0000   45.0000  -22.5000 2031.1771   16.9410
    7.5000   45.0000  -22.5000 2014.5247   16.9412
   -7.5000  -45.0000  -15.0000 2624.1121   10.2877
    0.0000  -45.0000  -15.0000 2651.2749   10.1822
    7.5000  -45.0000  -15.0000 2634.7805   10.2560
   -7.5000  -37.5000  -15.0000 2703.8411    9.6499
    0.0000  -37.5000  -15.0000 2733.6694    9.5454
    7.5000  -37.5000  -15.0000 2718.3225    9.6215
   -7.5000  -30.0000  -15.0000 2747.3989    9.2520
    0.0000  -30.0000  -15.0000 2777.5110    9.1614
    7.5000  -30.0000  -15.0000 2759.5701    9.2055
   -7.5000  -22.5000  -15.0000 2775.1162    8.9889
    0.0000  -22.5000  -15.0000 2811.1648    8.8730
    7.5000  -22.5000  -15.0000 2788.6899    8.9308
   -7.5000  -15.0000  -15.0000 2786.1660    8.9244
    0.0000  -15.0000  -15.0000 2823.4548    8.8309
    7.5000  -15.0000  -15.0000 2795.7351    8.8908
   -7.5000   -7.5000  -15.0000 2778.6243    9.0584
    0.0000   -7.5000  -15.0000 2815.8574    8.9757
    7.5000   -7.5000  -15.0000 2790.3416    9.0456
   -7.5000    0.0000  -15.0000 2743.8513    9.3947
    0.0000    0.0000  -15.0000 2783.2634    9.2944
    7.5000    0.0000  -15.0000 2759.2217    9.3843
   -7.5000    7.5000  -15.0000 2685.5979    9.8650
    0.0000    7.5000  -15.0000 2724.6912    9.7610
    7.5000    7.5000  -15.0000 2702.6355    9.8379
   -7.5000   15.0000  -15.0000 2599.0374   10.4782
    0.0000   15.0000  -15.0000 2632.5640   10.3615
    7.5000   15.0000  -15.0000 2616.4180   10.4168
   -7.5000   22.5000  -15.0000 2495.5898   11.3001
    0.0000   22.5000  -15.0000 2519.7261   11.1662
    7.5000   22.5000  -15.0000 2506.8655   11.2368
   -7.5000   30.0000  -15.0000 2367.1936   12.4660
    0.0000   30.0000  -15.0000 2391.6055   12.3313
    7.5000   30.0000  -15.0000 2376.6670   12.3924
   -7.5000   37.5000  -15.0000 2227.7490   14.0348
    0.0000   37.5000  -15.0000 2256.0598   13.9049
    7.5000   37.5000  -15.0000 2236.3723   13.9610
   -7.5000   45.0000  -15.0000 2068.0654   16.1254
    0.0000   45.0000  -15.0000 2091.3711   16.0018
    7.5000   45.0000  -15.0000 2074.8650   16.0381
   -7.5000  -45.0000   -7.5000 2655.3721    9.9434
    0.0000  -45.0000   -7.5000 2684.4109    9.7998
    7.5000  -45.0000   -7.5000 2665.5632    9.8753
   -7.5000  -37.5000   -7.5000 2742.3918    9.2816
    0.0000  -37.5000   -7.5000 2776.9119    9.1586
    7.5000  -37.5000   -7.5000 2754.5020    9.2205
   -7.5000  -30.0000   -7.5000 2797.2585    8.8407
    0.0000  -30.0000   -7.5000 2833.8120    8.7328
    7.5000  -30.0000   -7.5000 2815.8474    8.7806
   -7.5000  -22.5000   -7.5000 2835.5347    8.5606
    0.0000  -22.5000   -7.5000 2880.1868    8.4440
    7.5000  -22.5000   -7.5000 2850.5225    8.5016
   -7.5000  -15.0000   -7.5000 2853.0149    8.4873
    0.0000  -15.0000   -7.5000 2893.6152    8.3588
    7.5000  -15.0000   -7.5000 2861.8894    8.4320
   -7.5000   -7.5000   -7.5000 2851.9875    8.6134
    0.0000   -7.5000   -7.5000 2890.3381    8.4947
    7.5000   -7.5000   -7.5000 2858.6885    8.5683
   -7.5000    0.0000   -7.5000 2819.9619    8.9327
    0.0000    0.0000   -7.5000 2861.3950    8.8006
    7.5000    0.0000   -7.5000 2833.0959    8.8934
   -7.5000    7.5000   -7.5000 2757.1033    9.3920
    0.0000    7.5000   -7.5000 2794.1643    9.2417
    7.5000    7.5000   -7.5000 2775.6592    9.3375
   -7.5000   15.0000   -7.5000 2667.3796    9.9665
    0.0000   15.0000   -7.5000 2700.0322    9.8213
    7.5000   15.0000   -7.5000 2680.8113    9.9109
   -7.5000   22.5000   -7.5000 2553.7244   10.7652
    0.0000   22.5000   -7.5000 2579.3774   10.6105
    7.5000   22.5000   -7.5000 2565.2085   10.6921
   -7.5000   30.0000   -7.5000 2420.0962   11.8840
    0.0000   30.0000   -7.5000 2445.5356   11.7099
    7.5000   30.0000   -7.5000 2429.2834   11.8053
   -7.5000   37.5000   -7.5000 2277.5742   13.3438
    0.0000   37.5000   -7.5000 2303.8906   13.1787
    7.5000   37.5000   -7.5000 2285.5776   13.2822
   -7.5000   45.0000   -7.5000 2114.6726   15.3209
    0.0000   45.0000   -7.5000 2138.4653   15.1559
    7.5000   45.0000   -7.5000 2120.8958   15.2504
   -7.5000  -45.0000    0.0000 2661.8706    9.6738
    0.0000  -45.0000    0.0000 2693.4841    9.5569
    7.5000  -45.0000    0.0000 2673.0654    9.6190
   -7.5000  -37.5000    0.0000 2758.2837    9.0071
    0.0000  -37.5000    0.0000 2794.8481    8.8948
    7.5000  -37.5000    0.0000 2773.1602    8.9457
   -7.5000  -30.0000    0.0000 2825.9705    8.5400
    0.0000  -30.0000    0.0000 2864.4707    8.4294
    7.5000  -30.0000    0.0000 2843.6313    8.4761
   -7.5000  -22.5000    0.0000 2869.9978    8.2806
    0.0000  -22.5000    0.0000 2911.8467    8.1590
    7.5000  -22.5000    0.0000 2888.4194    8.2136
   -7.5000  -15.0000    0.0000 2892.4924    8.2100
    0.0000  -15.0000    0.0000 2934.3687    8.0570
    7.5000  -15.0000    0.0000 2908.2737    8.1419
   -7.5000   -7.5000    0.0000 2897.2139    8.3110
    0.0000   -7.5000    0.0000 2940.1333    8.1229
    7.5000   -7.5000    0.0000 2905.7114    8.2617
   -7.5000    0.0000    0.0000 2869.7507    8.5926
    0.0000    0.0000    0.0000 2908.2585    8.4308
    7.5000    0.0000    0.0000 2882.9087    8.5613
   -7.5000    7.5000    0.0000 2809.1052    9.0201
    0.0000    7.5000    0.0000 2848.6343    8.8727
    7.5000    7.5000    0.0000 2824.8806    8.9776
   -7.5000   15.0000    0.0000 2715.8682    9.5585
    0.0000   15.0000    0.0000 2753.3386    9.4241
    7.5000   15.0000    0.0000 2730.8142    9.5218
   -7.5000   22.5000    0.0000 2597.9089   10.3665
    0.0000   22.5000    0.0000 2629.6750   10.2249
    7.5000   22.5000    0.0000 2611.6831   10.3072
   -7.5000   30.0000    0.0000 2461.6858   11.4757
    0.0000   30.0000    0.0000 2491.4536   11.3191
    7.5000   30.0000    0.0000 2468.8198   11.4003
   -7.5000   37.5000    0.0000 2318.3130   12.9271
    0.0000   37.5000    0.0000 2340.1152   12.7599
    7.5000   37.5000    0.0000 2323.9387   12.8546
   -7.5000   45.0000    0.0000 2150.9194   14.8435
    0.0000   45.0000    0.0000 2174.9810   14.6602
    7.5000   45.0000    0.0000 2158.4968   14.7468
   -7.5000  -45.0000    7.5000 2655.0559    9.5339
    0.0000  -45.0000    7.5000 2683.2651    9.4037
    7.5000  -45.0000    7.5000 2666.9653    9.4933
   -7.5000  -37.5000    7.5000 2757.8062    8.8375
    0.0000  -37.5000    7.5000 2790.1667    8.7222
    7.5000  -37.5000    7.5000 2777.0310    8.8056
   -7.5000  -30.0000    7.5000 2839.1238    8.3982
    0.0000  -30.0000    7.5000 2873.6414    8.2821
    7.5000  -30.0000    7.5000 2860.6064    8.3403
   -7.5000  -22.5000    7.5000 2894.6042    8.1681
    0.0000  -22.5000    7.5000 2936.9963    8.0712
    7.5000  -22.5000    7.5000 2921.4131    8.1208
   -7.5000  -15.0000    7.5000 2925.8699    8.1231
    0.0000  -15.0000    7.5000 2971.9565    8.0404
    7.5000  -15.0000    7.5000 2948.4573    8.0797
   -7.5000   -7.5000    7.5000 2935.2649    8.1589
    0.0000   -7.5000    7.5000 2982.3704    8.0396
    7.5000   -7.5000    7.5000 2946.4854    8.1390
   -7.5000    0.0000    7.5000 2905.1475    8.3712
    0.0000    0.0000    7.5000 2946.0010    8.2502
    7.5000    0.0000    7.5000 2914.8354    8.3582
   -7.5000    7.5000    7.5000 2844.6245    8.7281
    0.0000    7.5000    7.5000 2885.6499    8.6154
    7.5000    7.5000    7.5000 2859.0088    8.7035
   -7.5000   15.0000    7.5000 2747.1431    9.2688
    0.0000   15.0000    7.5000 2785.3083    9.1463
    7.5000   15.0000    7.5000 2763.4512    9.2399
   -7.5000   22.5000    7.5000 2624.8438   10.0997
    0.0000   22.5000    7.5000 2658.1743    9.9608
    7.5000   22.5000    7.5000 2639.1860   10.0524
   -7.5000   30.0000    7.5000 2487.1143   11.2052
    0.0000   30.0000    7.5000 2518.5825   11.0860
    7.5000   30.0000    7.5000 2492.7019   11.1576
   -7.5000   37.5000    7.5000 2344.7866   12.6554
    0.0000   37.5000    7.5000 2368.9414   12.5476
    7.5000   37.5000    7.5000 2349.2488   12.5922
   -7.5000   45.0000    7.5000 2178.8545   14.4704
    0.0000   45.0000    7.5000 2201.7144   14.3840
    7.5000   45.0000    7.5000 2185.4973   14.3968
   -7.5000  -45.0000   15.0000 2627.7441    9.5707
    0.0000  -45.0000   15.0000 2654.6616    9.4273
    7.5000  -45.0000   15.0000 2641.9893    9.5499
   -7.5000  -37.5000   15.0000 2737.5237    8.8899
    0.0000  -37.5000   15.0000 2767.0786    8.7679
    7.5000  -37.5000   15.0000 2752.1882    8.8702
   -7.5000  -30.0000   15.0000 2829.1250    8.4269
    0.0000  -30.0000   15.0000 2867.8457    8.3445
    7.5000  -30.0000   15.0000 2844.1892    8.4125
   -7.5000  -22.5000   15.0000 2899.9810    8.1724
    0.0000  -22.5000   15.0000 2950.6736    8.1296
    7.5000  -22.5000   15.0000 2919.4578    8.1591
   -7.5000  -15.0000   15.0000 2944.3062    8.1148
    0.0000  -15.0000   15.0000 3003.0066    8.1023
    7.5000  -15.0000   15.0000 2962.7605    8.1004
   -7.5000   -7.5000   15.0000 2954.9917    8.1773
    0.0000   -7.5000   15.0000 3010.8530    8.1473
    7.5000   -7.5000   15.0000 2962.3616    8.1832
   -7.5000    0.0000   15.0000 2919.6448    8.3394
    0.0000    0.0000   15.0000 2966.5437    8.2827
    7.5000    0.0000   15.0000 2922.7415    8.3374
   -7.5000    7.5000   15.0000 2855.7622    8.6518
    0.0000    7.5000   15.0000 2892.7024    8.5743
    7.5000    7.5000   15.0000 2861.0784    8.6497
   -7.5000   15.0000   15.0000 2755.8474    9.1744
    0.0000   15.0000   15.0000 2786.9875    9.0605
    7.5000   15.0000   15.0000 2766.9868    9.1441
   -7.5000   22.5000   15.0000 2633.7021    9.9959
    0.0000   22.5000   15.0000 2662.0234    9.8557
    7.5000   22.5000   15.0000 2643.5574    9.9414
   -7.5000   30.0000   15.0000 2499.6797   11.1076
    0.0000   30.0000   15.0000 2526.0247   10.9608
    7.5000   30.0000   15.0000 2506.3977   11.0469
   -7.5000   37.5000   15.0000 2351.1501   12.5501
    0.0000   37.5000   15.0000 2377.3542   12.4159
    7.5000   37.5000   15.0000 2360.2773   12.4831
   -7.5000   45.0000   15.0000 2183.4197   14.3430
    0.0000   45.0000   15.0000 2210.2026   14.2119
    7.5000   45.0000   15.0000 2193.8232   14.2775
   -7.5000  -45.0000   22.5000 2597.3306    9.8032
    0.0000  -45.0000   22.5000 2622.9814    9.6823
    7.5000  -45.0000   22.5000 2606.8062    9.8390
   -7.5000  -37.5000   22.5000 2704.2529    9.0932
    0.0000  -37.5000   22.5000 2734.4246    8.9795
    7.5000  -37.5000   22.5000 2715.1763    9.0997
   -7.5000  -30.0000   22.5000 2804.5916    8.5865
    0.0000  -30.0000   22.5000 2844.2632    8.4921
    7.5000  -30.0000   22.5000 2818.8799    8.5784
   -7.5000  -22.5000   22.5000 2891.3022    8.3112
    0.0000  -22.5000   22.5000 2938.8438    8.2230
    7.5000  -22.5000   22.5000 2905.1086    8.2644
   -7.5000  -15.0000   22.5000 2951.7402    8.2361
    0.0000  -15.0000   22.5000 3011.3596    8.1523
    7.5000  -15.0000   22.5000 2963.2876    8.1728
   -7.5000   -7.5000   22.5000 2967.3779    8.2572
    0.0000   -7.5000   22.5000 3025.6389    8.1538
    7.5000   -7.5000   22.5000 2968.8896    8.2196
   -7.5000    0.0000   22.5000 2921.8162    8.4397
    0.0000    0.0000   22.5000 2970.0520    8.3151
    7.5000    0.0000   22.5000 2920.3289    8.4386
   -7.5000    7.5000   22.5000 2842.9094    8.7957
    0.0000    7.5000   22.5000 2876.0171    8.7104
    7.5000    7.5000   22.5000 2845.0950    8.8094
   -7.5000   15.0000   22.5000 2742.3953    9.3465
    0.0000   15.0000   22.5000 2765.2429    9.2497
    7.5000   15.0000   22.5000 2750.7788    9.3266
   -7.5000   22.5000   22.5000 2623.0991   10.1118
    0.0000   22.5000   22.5000 2642.9409    9.9998
    7.5000   22.5000   22.5000 2629.1455   10.0763
   -7.5000   30.0000   22.5000 2485.7434   11.1635
    0.0000   30.0000   22.5000 2507.2166   11.0418
    7.5000   30.0000   22.5000 2493.2039   11.1002
   -7.5000   37.5000   22.5000 2339.0479   12.5864
    0.0000   37.5000   22.5000 2364.8794   12.4435
    7.5000   37.5000   22.5000 2349.7859   12.5081
   -7.5000   45.0000   22.5000 2172.3743   14.3496
    0.0000   45.0000   22.5000 2197.2280   14.2045
    7.5000   45.0000   22.5000 2184.3713   14.2640
   -7.5000  -45.0000   30.0000 2555.0752   10.1851
    0.0000  -45.0000   30.0000 2582.8247   10.0394
    7.5000  -45.0000   30.0000 2560.1560   10.2049
   -7.5000  -37.5000   30.0000 2660.4771    9.4311
    0.0000  -37.5000   30.0000 2693.9158    9.2799
    7.5000  -37.5000   30.0000 2670.3916    9.4304
   -7.5000  -30.0000   30.0000 2766.8591    8.9000
    0.0000  -30.0000   30.0000 2803.2227    8.7573
    7.5000  -30.0000   30.0000 2779.1716    8.8799
   -7.5000  -22.5000   30.0000 2860.9585    8.5764
    0.0000  -22.5000   30.0000 2905.6321    8.4512
    7.5000  -22.5000   30.0000 2870.8770    8.5226
   -7.5000  -15.0000   30.0000 2925.9856    8.4412
    0.0000  -15.0000   30.0000 2979.5701    8.3189
    7.5000  -15.0000   30.0000 2928.2908    8.3845
   -7.5000   -7.5000   30.0000 2942.6477    8.4295
    0.0000   -7.5000   30.0000 2989.7119    8.2741
    7.5000   -7.5000   30.0000 2935.7717    8.4402
   -7.5000    0.0000   30.0000 2897.4207    8.6467
    0.0000    0.0000   30.0000 2943.7837    8.5006
    7.5000    0.0000   30.0000 2893.2451    8.6760
   -7.5000    7.5000   30.0000 2814.1448    9.0763
    0.0000    7.5000   30.0000 2848.4153    8.9485
    7.5000    7.5000   30.0000 2816.1611    9.0763
   -7.5000   15.0000   30.0000 2707.1653    9.6562
    0.0000   15.0000   30.0000 2730.8574    9.5210
    7.5000   15.0000   30.0000 2716.9717    9.6210
   -7.5000   22.5000   30.0000 2584.6987   10.4214
    0.0000   22.5000   30.0000 2603.0142   10.2917
    7.5000   22.5000   30.0000 2596.9102   10.3617
   -7.5000   30.0000   30.0000 2452.6677   11.4158
    0.0000   30.0000   30.0000 2471.4602   11.2853
    7.5000   30.0000   30.0000 2461.2839   11.3552
   -7.5000   37.5000   30.0000 2312.7295   12.7430
    0.0000   37.5000   30.0000 2331.3267   12.6233
    7.5000   37.5000   30.0000 2319.6414   12.7020
   -7.5000   45.0000   30.0000 2144.5232   14.5081
    0.0000   45.0000   30.0000 2168.3035   14.3946
    7.5000   45.0000   30.0000 2154.2993   14.4301
   -7.5000  -45.0000   37.5000 2507.8242   10.6680
    0.0000  -45.0000   37.5000 2537.5667   10.4982
    7.5000  -45.0000   37.5000 2512.3115   10.6838
   -7.5000  -37.5000   37.5000 2616.5115    9.8583
    0.0000  -37.5000   37.5000 2647.7893    9.6796
    7.5000  -37.5000   37.5000 2623.3608    9.8538
   -7.5000  -30.0000   37.5000 2720.0505    9.2863
    0.0000  -30.0000   37.5000 2754.3909    9.1142
    7.5000  -30.0000   37.5000 2731.6072    9.2790
   -7.5000  -22.5000   37.5000 2814.0676    8.9566
    0.0000  -22.5000   37.5000 2852.8044    8.7921
    7.5000  -22.5000   37.5000 2823.3975    8.9168
   -7.5000  -15.0000   37.5000 2870.3337    8.7844
    0.0000  -15.0000   37.5000 2913.7312    8.6095
    7.5000  -15.0000   37.5000 2874.9141    8.7568
   -7.5000   -7.5000   37.5000 2883.6936    8.7793
    0.0000   -7.5000   37.5000 2918.0120    8.6193
    7.5000   -7.5000   37.5000 2882.9783    8.8217
   -7.5000    0.0000   37.5000 2843.5999    9.0276
    0.0000    0.0000   37.5000 2878.9368    8.9028
    7.5000    0.0000   37.5000 2844.3469    9.0560
   -7.5000    7.5000   37.5000 2767.0867    9.4579
    0.0000    7.5000   37.5000 2798.3606    9.3427
    7.5000    7.5000   37.5000 2768.2588    9.4640
   -7.5000   15.0000   37.5000 2656.3206   10.0381
    0.0000   15.0000   37.5000 2680.4709    9.9051
    7.5000   15.0000   37.5000 2662.3062   10.0066
   -7.5000   22.5000   37.5000 2539.3247   10.7950
    0.0000   22.5000   37.5000 2560.3320   10.6683
    7.5000   22.5000   37.5000 2547.2698   10.7503
   -7.5000   30.0000   37.5000 2409.0205   11.7902
    0.0000   30.0000   37.5000 2428.3059   11.6737
    7.5000   30.0000   37.5000 2415.3801   11.7256
   -7.5000   37.5000   37.5000 2267.4832   13.0624
    0.0000   37.5000   37.5000 2286.8162   12.9657
    7.5000   37.5000   37.5000 2271.3689   13.0443
   -7.5000   45.0000   37.5000 2102.4133   14.7750
    0.0000   45.0000   37.5000 2123.2078   14.6473
    7.5000   45.0000   37.5000 2111.5098   14.6993
   -7.5000  -45.0000   45.0000 2457.0334   11.2539
    0.0000  -45.0000   45.0000 2490.1077   11.0615
    7.5000  -45.0000   45.0000 2460.5068   11.2699
   -7.5000  -37.5000   45.0000 2564.4500   10.3676
    0.0000  -37.5000   45.0000 2601.3496   10.1760
    7.5000  -37.5000   45.0000 2571.8770   10.3964
   -7.5000  -30.0000   45.0000 2664.8484    9.7770
    0.0000  -30.0000   45.0000 2700.0017    9.5801
    7.5000  -30.0000   45.0000 2676.1226    9.7743
   -7.5000  -22.5000   45.0000 2749.8999    9.4311
    0.0000  -22.5000   45.0000 2787.0479    9.2290
    7.5000  -22.5000   45.0000 2758.5886    9.4026
   -7.5000  -15.0000   45.0000 2800.2388    9.2339
    0.0000  -15.0000   45.0000 2837.9902    9.0305
    7.5000  -15.0000   45.0000 2802.2424    9.2283
   -7.5000   -7.5000   45.0000 2803.1348    9.2563
    0.0000   -7.5000   45.0000 2830.8562    9.0851
    7.5000   -7.5000   45.0000 2805.1416    9.2767
   -7.5000    0.0000   45.0000 2761.9014    9.5221
    0.0000    0.0000   45.0000 2792.6663    9.3917
    7.5000    0.0000   45.0000 2767.3499    9.5238
   -7.5000    7.5000   45.0000 2697.9949    9.9499
    0.0000    7.5000   45.0000 2726.8379    9.8297
    7.5000    7.5000   45.0000 2701.5444    9.9400
   -7.5000   15.0000   45.0000 2592.7725   10.5136
    0.0000   15.0000   45.0000 2616.6890   10.3845
    7.5000   15.0000   45.0000 2597.5640   10.4920
   -7.5000   22.5000   45.0000 2481.7048   11.2467
    0.0000   22.5000   45.0000 2503.8833   11.1305
    7.5000   22.5000   45.0000 2490.4229   11.2104
   -7.5000   30.0000   45.0000 2354.6360   12.2508
    0.0000   30.0000   45.0000 2377.0212   12.1351
    7.5000   30.0000   45.0000 2359.5916   12.1843
   -7.5000   37.5000   45.0000 2208.3804   13.5544
    0.0000   37.5000   45.0000 2232.4329   13.4197
    7.5000   37.5000   45.0000 2219.2881   13.4784
   -7.5000   45.0000   45.0000 2050.9944   15.2187
    0.0000   45.0000   45.0000 2072.6167   15.0693
    7.5000   45.0000   45.0000 2058.2598   15.1402

---------------------------------------------------------------------
imgreg_4dfp /opt/freesurfer/average/711-2C_as_mni_average_305 /opt/freesurfer/average/711-2B_as_mni_average_305_mask talsrcimg_g11 none talsrcimg_to_711-2C_as_mni_average_305_t4 1283
---------------------------------------------------------------------

freesurfer imgreg_4dfp.c
/opt/freesurfer/average/711-2C_as_mni_average_305.4dfp.img
       256       256       256         1
  1.000000  1.000000  1.000000
orientation T byte_order littleendian
Reading image: /opt/freesurfer/average/711-2C_as_mni_average_305.4dfp.img
dimensions:      256       256       256
mmppix:       1.0000   -1.0000   -1.0000
center:     128.0000 -129.0000 -129.0000
/opt/freesurfer/average/711-2B_as_mni_average_305_mask.4dfp.img
       256       256       256         1
  1.000000  1.000000  1.000000
orientation T byte_order littleendian
Reading mask: /opt/freesurfer/average/711-2B_as_mni_average_305_mask.4dfp.img (2306576 pixels)
talsrcimg_g11.4dfp.img
       256       256       256         1
  1.000000  1.000000  1.000000
orientation T byte_order littleendian
Reading image: talsrcimg_g11.4dfp.img
dimensions:      256       256       256
mmppix:       1.0000   -1.0000   -1.0000
center:     128.0000 -129.0000 -129.0000
rotation matrix determinant  1.000000
fimgreg.f
image alignment mode   1283 decimal      503 hex
parameters
    0.0000   -7.5000   22.5000    0.0000    0.0000    0.0000
eta,q 0.94870  8.17117
niter,ni,del,rscale     5    3   12.0000    1.2000
parameter  4  1.487679 ->  0.500000 qaram    1.1500
parameters
    0.3586  -10.2019   21.2931   -3.4500    1.1801   -1.7826
eta,q 0.95603  8.10042
  0.0641  0.0506  0.0518  0.0418  0.0531  0.0459
  0.0573  0.0481  0.0500  0.0441  0.0488  0.0447
  0.0524  0.0475  0.0481  0.0459  0.0460  0.0440
  0.0497  0.0493  0.0475  0.0477  0.0446  0.0442
  0.0500  0.0534  0.0493  0.0496  0.0442  0.0456
  0.0544  0.0589  0.0533  0.0532  0.0454  0.0478
  0.0619  0.0653  0.0585  0.0585  0.0484  0.0505
niter,ni,del,rscale     5    3   12.0000    1.2000
parameter  4  1.945136 ->  0.500000 qaram    1.3225
parameters
   -0.0670   -9.2324   20.3165   -7.4175    0.9718   -1.4744
eta,q 0.96190  8.13663
  0.0570  0.0535  0.0470  0.0375  0.0461  0.0448
  0.0487  0.0486  0.0449  0.0377  0.0423  0.0421
  0.0444  0.0451  0.0436  0.0397  0.0400  0.0396
  0.0440  0.0438  0.0435  0.0434  0.0380  0.0382
  0.0467  0.0433  0.0448  0.0472  0.0383  0.0387
  0.0527  0.0445  0.0469  0.0497  0.0425  0.0411
  0.0601  0.0491  0.0504  0.0535  0.0486  0.0438
niter,ni,del,rscale     5    3   12.0000    1.2000
parameters
   -0.0383   -8.3682   19.5807  -10.7765    0.9152   -1.5696
eta,q 0.96294  8.14688
  0.0571  0.0508  0.0436  0.0397  0.0445  0.0421
  0.0471  0.0451  0.0402  0.0371  0.0402  0.0387
  0.0400  0.0405  0.0383  0.0370  0.0384  0.0370
  0.0381  0.0381  0.0381  0.0380  0.0371  0.0371
  0.0406  0.0390  0.0393  0.0409  0.0367  0.0381
  0.0474  0.0417  0.0425  0.0462  0.0396  0.0396
  0.0561  0.0450  0.0477  0.0502  0.0459  0.0416
niter,ni,del,rscale     4    3   12.0000    1.2000
parameters
   -0.0521   -7.3826   18.6520  -11.4748    1.0032   -1.5844
eta,q 0.96356  8.15126
  0.0551  0.0510  0.0416  0.0436  0.0440  0.0413
  0.0457  0.0432  0.0386  0.0383  0.0399  0.0382
  0.0392  0.0386  0.0370  0.0359  0.0379  0.0367
  0.0371  0.0371  0.0370  0.0368  0.0365  0.0364
  0.0388  0.0374  0.0384  0.0385  0.0360  0.0370
  0.0458  0.0396  0.0414  0.0408  0.0388  0.0386
  0.0554  0.0434  0.0457  0.0454  0.0447  0.0410
niter,ni,del,rscale     3    3   12.0000    1.2000
parameters
   -0.0569   -7.2808   18.3568  -11.7020    0.9934   -1.5495
eta,q 0.96371  8.14927
  0.0551  0.0469  0.0426  0.0443  0.0438  0.0412
  0.0458  0.0403  0.0391  0.0390  0.0397  0.0382
  0.0389  0.0372  0.0368  0.0359  0.0376  0.0367
  0.0364  0.0364  0.0365  0.0364  0.0363  0.0363
  0.0382  0.0376  0.0375  0.0382  0.0361  0.0367
  0.0456  0.0409  0.0399  0.0403  0.0391  0.0384
  0.0555  0.0454  0.0439  0.0441  0.0449  0.0409
niter,ni,del,rscale     2    3   12.0000    1.2000
parameters
   -0.0365   -7.2321   18.2577  -11.8016    0.9670   -1.5069
eta,q 0.96377  8.14813
  0.0553  0.0467  0.0430  0.0445  0.0438  0.0412
  0.0460  0.0401  0.0393  0.0391  0.0396  0.0382
  0.0389  0.0371  0.0368  0.0359  0.0375  0.0367
  0.0363  0.0363  0.0363  0.0363  0.0362  0.0362
  0.0380  0.0375  0.0373  0.0381  0.0361  0.0366
  0.0455  0.0409  0.0395  0.0401  0.0391  0.0383
  0.0555  0.0455  0.0434  0.0438  0.0449  0.0409
niter,ni,del,rscale     1    3   12.0000    1.2000
parameters
   -0.0192   -7.2039   18.2056  -11.8590    0.9429   -1.4761
eta,q 0.96380  8.14738
  0.0553  0.0466  0.0431  0.0446  0.0438  0.0411
  0.0460  0.0401  0.0393  0.0392  0.0396  0.0382
  0.0389  0.0371  0.0368  0.0359  0.0375  0.0367
  0.0362  0.0362  0.0362  0.0362  0.0362  0.0362
  0.0379  0.0375  0.0372  0.0381  0.0361  0.0365
  0.0455  0.0410  0.0394  0.0401  0.0391  0.0383
  0.0556  0.0456  0.0432  0.0436  0.0448  0.0410
registration optimization eta report
parameter search radius
    6.0000    6.0000    6.0000    7.9350    6.0000    6.0000
100000*second partial in parameter space
       53.       28.       19.       13.       23.       14.
  0.0553  0.0466  0.0431  0.0446  0.0438  0.0411
  0.0460  0.0401  0.0393  0.0392  0.0396  0.0382
  0.0389  0.0371  0.0368  0.0359  0.0375  0.0367
  0.0362  0.0362  0.0362  0.0362  0.0362  0.0362
  0.0379  0.0375  0.0372  0.0381  0.0361  0.0365
  0.0455  0.0410  0.0394  0.0401  0.0391  0.0383
  0.0556  0.0456  0.0432  0.0436  0.0448  0.0410
   -0.0192   -7.2039   18.2056  -11.8590    0.9429   -1.4761
eta,q 0.96380  8.14738

---------------------------------------------------------------------
imgreg_4dfp /opt/freesurfer/average/711-2C_as_mni_average_305 /opt/freesurfer/average/711-2B_as_mni_average_305_mask talsrcimg_g11 none talsrcimg_to_711-2C_as_mni_average_305_t4 3335
---------------------------------------------------------------------

freesurfer imgreg_4dfp.c
/opt/freesurfer/average/711-2C_as_mni_average_305.4dfp.img
       256       256       256         1
  1.000000  1.000000  1.000000
orientation T byte_order littleendian
Reading image: /opt/freesurfer/average/711-2C_as_mni_average_305.4dfp.img
dimensions:      256       256       256
mmppix:       1.0000   -1.0000   -1.0000
center:     128.0000 -129.0000 -129.0000
/opt/freesurfer/average/711-2B_as_mni_average_305_mask.4dfp.img
       256       256       256         1
  1.000000  1.000000  1.000000
orientation T byte_order littleendian
Reading mask: /opt/freesurfer/average/711-2B_as_mni_average_305_mask.4dfp.img (2306576 pixels)
talsrcimg_g11.4dfp.img
       256       256       256         1
  1.000000  1.000000  1.000000
orientation T byte_order littleendian
Reading image: talsrcimg_g11.4dfp.img
dimensions:      256       256       256
mmppix:       1.0000   -1.0000   -1.0000
center:     128.0000 -129.0000 -129.0000
fimgreg.f
image alignment mode   3335 decimal      D07 hex
parameters
   -0.0192   -7.2039   18.2056   -0.0467   -2.1755   -2.1476
    2.8591   -1.0806   -2.5756   20.5850    1.6456  -20.5476
eta,q 0.96524  8.16109
niter,ni,del,rscale     5    3    5.0000    1.2000
parameter  4  0.823290 ->  0.500000 qaram    1.1500
parameter  5  1.272515 ->  0.500000 qaram    1.1500
parameters
   -0.1875   -6.7623   18.7057   -4.1867   -6.3155   -1.6401
    3.5031   -0.9146   -0.9627   19.3806   -1.5537  -23.0528
eta,q 0.96972  7.95492
  0.0375  0.0380  0.0365  0.0329  0.0298  0.0330  0.0335  0.0348  0.0328  0.0326  0.0307  0.0309
  0.0359  0.0365  0.0357  0.0330  0.0306  0.0320  0.0321  0.0328  0.0318  0.0314  0.0305  0.0304
  0.0350  0.0354  0.0351  0.0334  0.0316  0.0313  0.0312  0.0314  0.0312  0.0307  0.0304  0.0303
  0.0348  0.0348  0.0347  0.0346  0.0330  0.0308  0.0308  0.0308  0.0308  0.0307  0.0306  0.0304
  0.0353  0.0347  0.0346  0.0365  0.0351  0.0309  0.0309  0.0311  0.0307  0.0314  0.0309  0.0309
  0.0365  0.0353  0.0349  0.0388  0.0378  0.0315  0.0316  0.0324  0.0310  0.0327  0.0314  0.0316
  0.0384  0.0363  0.0355  0.0417  0.0406  0.0326  0.0327  0.0347  0.0316  0.0345  0.0321  0.0324
niter,ni,del,rscale     6    3    5.0000    1.2000
parameter  5  0.667702 ->  0.500000 qaram    1.3225
parameters
   -0.1643   -6.8767   18.8849   -7.3427  -11.0765   -1.4827
    3.0168   -0.8375   -1.7295   20.2108   -2.4475  -24.0297
eta,q 0.97131  7.67568
  0.0335  0.0323  0.0320  0.0307  0.0291  0.0306  0.0311  0.0326  0.0302  0.0316  0.0293  0.0297
  0.0318  0.0311  0.0311  0.0301  0.0288  0.0297  0.0298  0.0307  0.0293  0.0302  0.0290  0.0291
  0.0307  0.0305  0.0305  0.0301  0.0292  0.0291  0.0290  0.0293  0.0289  0.0293  0.0288  0.0287
  0.0303  0.0303  0.0303  0.0303  0.0301  0.0288  0.0288  0.0288  0.0288  0.0288  0.0287  0.0287
  0.0306  0.0306  0.0304  0.0309  0.0314  0.0290  0.0293  0.0292  0.0292  0.0288  0.0289  0.0290
  0.0316  0.0315  0.0308  0.0325  0.0333  0.0296  0.0303  0.0305  0.0298  0.0294  0.0292  0.0296
  0.0334  0.0327  0.0316  0.0349  0.0361  0.0305  0.0317  0.0325  0.0308  0.0306  0.0297  0.0304
niter,ni,del,rscale     6    3    5.0000    1.2000
parameters
   -0.2592   -6.8130   18.9177   -7.8146  -12.6809   -1.5349
    2.9972   -0.8789   -1.6643   20.6037   -3.0907  -24.5327
eta,q 0.97149  7.60082
  0.0316  0.0313  0.0302  0.0304  0.0308  0.0302  0.0313  0.0322  0.0304  0.0309  0.0292  0.0297
  0.0299  0.0298  0.0294  0.0293  0.0296  0.0294  0.0298  0.0303  0.0294  0.0296  0.0288  0.0290
  0.0290  0.0290  0.0289  0.0287  0.0287  0.0288  0.0289  0.0290  0.0288  0.0289  0.0286  0.0286
  0.0287  0.0287  0.0287  0.0287  0.0287  0.0286  0.0286  0.0286  0.0286  0.0286  0.0285  0.0285
  0.0291  0.0290  0.0288  0.0289  0.0295  0.0288  0.0289  0.0290  0.0288  0.0286  0.0287  0.0288
  0.0303  0.0297  0.0293  0.0295  0.0310  0.0294  0.0299  0.0303  0.0294  0.0293  0.0290  0.0293
  0.0321  0.0309  0.0301  0.0309  0.0330  0.0303  0.0313  0.0323  0.0303  0.0305  0.0294  0.0299
niter,ni,del,rscale     5    3    5.0000    1.2000
parameters
   -0.2892   -6.5640   18.8440   -7.8561  -13.2720   -1.8926
    2.9573   -0.9164   -1.5159   21.1989   -3.4781  -24.7895
eta,q 0.97155  7.57352
  0.0316  0.0314  0.0298  0.0305  0.0311  0.0300  0.0312  0.0321  0.0304  0.0308  0.0291  0.0296
  0.0299  0.0299  0.0291  0.0292  0.0299  0.0292  0.0297  0.0302  0.0294  0.0296  0.0288  0.0290
  0.0288  0.0289  0.0286  0.0286  0.0289  0.0287  0.0288  0.0289  0.0287  0.0289  0.0285  0.0285
  0.0285  0.0285  0.0285  0.0285  0.0285  0.0285  0.0285  0.0285  0.0285  0.0285  0.0285  0.0285
  0.0289  0.0287  0.0287  0.0288  0.0290  0.0288  0.0289  0.0290  0.0287  0.0285  0.0286  0.0287
  0.0300  0.0293  0.0292  0.0292  0.0303  0.0295  0.0298  0.0302  0.0293  0.0291  0.0289  0.0291
  0.0318  0.0304  0.0300  0.0305  0.0320  0.0303  0.0312  0.0322  0.0302  0.0302  0.0293  0.0297
niter,ni,del,rscale     4    3    5.0000    1.2000
parameters
   -0.2912   -6.3371   18.6583   -8.0341  -13.8429   -2.4308
    2.9292   -0.9283   -1.4097   21.8081   -3.8205  -25.0143
eta,q 0.97163  7.53482
  0.0316  0.0313  0.0296  0.0303  0.0309  0.0299  0.0311  0.0320  0.0303  0.0306  0.0291  0.0295
  0.0299  0.0298  0.0289  0.0291  0.0298  0.0291  0.0297  0.0301  0.0293  0.0295  0.0287  0.0289
  0.0288  0.0288  0.0285  0.0285  0.0289  0.0286  0.0287  0.0289  0.0286  0.0288  0.0284  0.0285
  0.0284  0.0284  0.0284  0.0284  0.0284  0.0284  0.0284  0.0284  0.0284  0.0284  0.0284  0.0284
  0.0288  0.0286  0.0287  0.0287  0.0289  0.0288  0.0288  0.0289  0.0286  0.0284  0.0285  0.0286
  0.0299  0.0293  0.0292  0.0292  0.0301  0.0295  0.0297  0.0301  0.0292  0.0290  0.0288  0.0290
  0.0316  0.0303  0.0300  0.0304  0.0318  0.0303  0.0311  0.0320  0.0302  0.0300  0.0292  0.0296
niter,ni,del,rscale     3    3    5.0000    1.2000
parameters
   -0.2961   -6.0849   18.4114   -8.2572  -14.5262   -3.1078
    2.9282   -0.9393   -1.4011   22.5472   -3.9789  -25.2242
eta,q 0.97172  7.48634
  0.0315  0.0312  0.0295  0.0302  0.0306  0.0297  0.0310  0.0318  0.0302  0.0305  0.0290  0.0293
  0.0298  0.0297  0.0288  0.0290  0.0296  0.0290  0.0296  0.0300  0.0292  0.0294  0.0286  0.0287
  0.0287  0.0288  0.0284  0.0284  0.0288  0.0285  0.0286  0.0288  0.0285  0.0287  0.0284  0.0284
  0.0284  0.0284  0.0284  0.0283  0.0283  0.0284  0.0283  0.0283  0.0283  0.0283  0.0283  0.0283
  0.0287  0.0285  0.0286  0.0287  0.0287  0.0287  0.0287  0.0288  0.0286  0.0284  0.0284  0.0285
  0.0298  0.0291  0.0292  0.0291  0.0300  0.0294  0.0296  0.0300  0.0292  0.0289  0.0287  0.0289
  0.0315  0.0302  0.0300  0.0303  0.0316  0.0303  0.0309  0.0319  0.0302  0.0298  0.0291  0.0294
niter,ni,del,rscale     2    3    5.0000    1.2000
parameters
   -0.2987   -5.7670   18.1034   -8.5671  -15.4494   -3.9558
    2.9639   -0.9507   -1.5860   23.4974   -3.7965  -25.3013
eta,q 0.97182  7.42170
  0.0313  0.0311  0.0293  0.0300  0.0302  0.0296  0.0308  0.0317  0.0300  0.0305  0.0290  0.0291
  0.0297  0.0297  0.0287  0.0289  0.0293  0.0288  0.0295  0.0299  0.0290  0.0294  0.0286  0.0286
  0.0286  0.0287  0.0283  0.0282  0.0286  0.0284  0.0286  0.0287  0.0284  0.0286  0.0283  0.0283
  0.0283  0.0283  0.0283  0.0282  0.0282  0.0283  0.0282  0.0282  0.0282  0.0282  0.0282  0.0282
  0.0287  0.0284  0.0286  0.0287  0.0286  0.0286  0.0286  0.0287  0.0285  0.0282  0.0283  0.0283
  0.0297  0.0290  0.0291  0.0291  0.0298  0.0294  0.0294  0.0299  0.0292  0.0287  0.0285  0.0287
  0.0313  0.0299  0.0300  0.0302  0.0314  0.0303  0.0307  0.0317  0.0302  0.0296  0.0289  0.0291
niter,ni,del,rscale     1    3    5.0000    1.2000
parameters
   -0.2984   -5.3259   17.6964   -9.0173  -16.7619   -5.0654
    3.0703   -0.9612   -1.9986   24.6527   -3.3165  -25.0322
eta,q 0.97204  7.32803
  0.0312  0.0311  0.0290  0.0298  0.0297  0.0293  0.0305  0.0314  0.0297  0.0305  0.0288  0.0288
  0.0295  0.0296  0.0284  0.0287  0.0288  0.0286  0.0292  0.0297  0.0287  0.0293  0.0284  0.0284
  0.0285  0.0286  0.0281  0.0281  0.0283  0.0281  0.0284  0.0285  0.0282  0.0285  0.0281  0.0281
  0.0282  0.0282  0.0281  0.0281  0.0281  0.0281  0.0281  0.0281  0.0281  0.0280  0.0280  0.0280
  0.0285  0.0282  0.0284  0.0286  0.0284  0.0285  0.0283  0.0285  0.0284  0.0280  0.0280  0.0281
  0.0296  0.0286  0.0290  0.0290  0.0296  0.0293  0.0291  0.0297  0.0291  0.0284  0.0283  0.0283
  0.0312  0.0295  0.0298  0.0301  0.0312  0.0303  0.0304  0.0315  0.0301  0.0293  0.0286  0.0287
registration optimization eta report
parameter search radius
    2.4000    2.4000    2.4000    8.2800    9.5220    7.2000
    7.2000    7.2000    7.2000    7.2000    7.2000    7.2000
100000*second partial in parameter space
       52.       36.       22.        3.        3.        3.
        5.        6.        4.        4.        1.        2.
  0.0312  0.0311  0.0290  0.0298  0.0297  0.0293  0.0305  0.0314  0.0297  0.0305  0.0288  0.0288
  0.0295  0.0296  0.0284  0.0287  0.0288  0.0286  0.0292  0.0297  0.0287  0.0293  0.0284  0.0284
  0.0285  0.0286  0.0281  0.0281  0.0283  0.0281  0.0284  0.0285  0.0282  0.0285  0.0281  0.0281
  0.0282  0.0282  0.0281  0.0281  0.0281  0.0281  0.0281  0.0281  0.0281  0.0280  0.0280  0.0280
  0.0285  0.0282  0.0284  0.0286  0.0284  0.0285  0.0283  0.0285  0.0284  0.0280  0.0280  0.0281
  0.0296  0.0286  0.0290  0.0290  0.0296  0.0293  0.0291  0.0297  0.0291  0.0284  0.0283  0.0283
  0.0312  0.0295  0.0298  0.0301  0.0312  0.0303  0.0304  0.0315  0.0301  0.0293  0.0286  0.0287
   -0.2984   -5.3259   17.6964   -9.0173  -16.7619   -5.0654
    3.0703   -0.9612   -1.9986   24.6527   -3.3165  -25.0322
eta,q 0.97204  7.32803

---------------------------------------------------------------------
imgreg_4dfp /opt/freesurfer/average/711-2C_as_mni_average_305 /opt/freesurfer/average/711-2B_as_mni_average_305_mask talsrcimg_g11 none talsrcimg_to_711-2C_as_mni_average_305_t4 2311
---------------------------------------------------------------------

freesurfer imgreg_4dfp.c
/opt/freesurfer/average/711-2C_as_mni_average_305.4dfp.img
       256       256       256         1
  1.000000  1.000000  1.000000
orientation T byte_order littleendian
Reading image: /opt/freesurfer/average/711-2C_as_mni_average_305.4dfp.img
dimensions:      256       256       256
mmppix:       1.0000   -1.0000   -1.0000
center:     128.0000 -129.0000 -129.0000
/opt/freesurfer/average/711-2B_as_mni_average_305_mask.4dfp.img
       256       256       256         1
  1.000000  1.000000  1.000000
orientation T byte_order littleendian
Reading mask: /opt/freesurfer/average/711-2B_as_mni_average_305_mask.4dfp.img (2306576 pixels)
talsrcimg_g11.4dfp.img
       256       256       256         1
  1.000000  1.000000  1.000000
orientation T byte_order littleendian
Reading image: talsrcimg_g11.4dfp.img
dimensions:      256       256       256
mmppix:       1.0000   -1.0000   -1.0000
center:     128.0000 -129.0000 -129.0000
fimgreg.f
image alignment mode   2311 decimal      907 hex
parameters
   -0.2984   -5.3259   17.6964   -9.0173  -16.7619   -5.0654
    3.0703   -0.9612   -1.9986   24.6527   -3.3165  -25.0322
eta,q 0.97204  7.32802
niter,ni,del,rscale     5    3    5.0000    0.8000
parameters
   -0.3023   -4.7792   17.2145  -10.3011  -17.9818   -6.1119
    3.1593   -0.9364   -2.4040   25.6782   -3.2276  -24.7684
eta,q 0.97241  7.20526
  0.0293  0.0295  0.0281  0.0282  0.0280  0.0282  0.0287  0.0293  0.0284  0.0289  0.0279  0.0280
  0.0286  0.0288  0.0279  0.0278  0.0278  0.0278  0.0282  0.0284  0.0279  0.0283  0.0277  0.0278
  0.0281  0.0283  0.0278  0.0277  0.0277  0.0277  0.0278  0.0279  0.0277  0.0279  0.0276  0.0276
  0.0280  0.0280  0.0279  0.0278  0.0277  0.0277  0.0277  0.0277  0.0277  0.0277  0.0276  0.0276
  0.0281  0.0279  0.0280  0.0281  0.0279  0.0279  0.0278  0.0278  0.0278  0.0276  0.0276  0.0276
  0.0286  0.0280  0.0283  0.0284  0.0281  0.0283  0.0281  0.0284  0.0282  0.0278  0.0277  0.0277
  0.0293  0.0283  0.0287  0.0287  0.0286  0.0289  0.0287  0.0293  0.0287  0.0282  0.0279  0.0279
niter,ni,del,rscale     4    3    5.0000    0.7000
parameters
   -0.2949   -4.3373   16.7735  -10.7308  -19.0931   -6.9450
    3.1575   -0.8040   -2.3829   26.1066   -3.1895  -24.6565
eta,q 0.97259  7.12346
  0.0286  0.0288  0.0277  0.0280  0.0277  0.0278  0.0282  0.0287  0.0281  0.0283  0.0277  0.0277
  0.0280  0.0282  0.0275  0.0277  0.0275  0.0276  0.0278  0.0281  0.0277  0.0278  0.0275  0.0275
  0.0277  0.0278  0.0275  0.0275  0.0275  0.0274  0.0275  0.0276  0.0275  0.0275  0.0274  0.0274
  0.0276  0.0276  0.0275  0.0275  0.0275  0.0275  0.0274  0.0274  0.0274  0.0274  0.0274  0.0274
  0.0277  0.0275  0.0276  0.0276  0.0276  0.0276  0.0275  0.0275  0.0275  0.0274  0.0274  0.0274
  0.0280  0.0276  0.0279  0.0279  0.0278  0.0279  0.0278  0.0279  0.0277  0.0276  0.0275  0.0275
  0.0286  0.0279  0.0281  0.0282  0.0282  0.0283  0.0282  0.0286  0.0281  0.0280  0.0277  0.0277
niter,ni,del,rscale     3    3    5.0000    0.6000
parameters
   -0.2532   -4.0522   16.4846  -10.9442  -19.7062   -7.5311
    3.0798   -0.6919   -2.3183   26.3955   -3.1575  -24.7192
eta,q 0.97266  7.07837
  0.0282  0.0282  0.0275  0.0278  0.0276  0.0277  0.0279  0.0283  0.0279  0.0280  0.0275  0.0275
  0.0278  0.0278  0.0274  0.0276  0.0274  0.0275  0.0276  0.0278  0.0276  0.0276  0.0274  0.0274
  0.0275  0.0276  0.0274  0.0274  0.0274  0.0274  0.0274  0.0275  0.0274  0.0274  0.0274  0.0274
  0.0274  0.0274  0.0274  0.0274  0.0274  0.0274  0.0273  0.0273  0.0273  0.0273  0.0273  0.0273
  0.0275  0.0274  0.0275  0.0275  0.0274  0.0275  0.0274  0.0274  0.0274  0.0274  0.0274  0.0274
  0.0277  0.0275  0.0276  0.0277  0.0276  0.0277  0.0276  0.0277  0.0276  0.0275  0.0274  0.0274
  0.0281  0.0277  0.0278  0.0279  0.0278  0.0279  0.0279  0.0282  0.0278  0.0278  0.0275  0.0275
niter,ni,del,rscale     2    3    5.0000    0.5000
parameters
   -0.2108   -3.8907   16.2899  -11.0389  -20.0132   -7.8996
    2.9902   -0.6129   -2.2792   26.5628   -3.1324  -24.7736
eta,q 0.97269  7.05486
  0.0279  0.0278  0.0274  0.0277  0.0275  0.0276  0.0277  0.0280  0.0277  0.0277  0.0275  0.0274
  0.0276  0.0276  0.0274  0.0275  0.0274  0.0274  0.0275  0.0276  0.0275  0.0275  0.0274  0.0274
  0.0274  0.0274  0.0273  0.0274  0.0273  0.0273  0.0273  0.0274  0.0274  0.0274  0.0273  0.0273
  0.0273  0.0273  0.0273  0.0273  0.0273  0.0273  0.0273  0.0273  0.0273  0.0273  0.0273  0.0273
  0.0274  0.0273  0.0274  0.0274  0.0274  0.0274  0.0274  0.0274  0.0273  0.0273  0.0273  0.0273
  0.0275  0.0274  0.0275  0.0275  0.0275  0.0275  0.0275  0.0276  0.0275  0.0274  0.0274  0.0274
  0.0278  0.0276  0.0276  0.0277  0.0276  0.0277  0.0277  0.0279  0.0277  0.0276  0.0274  0.0275
niter,ni,del,rscale     1    3    5.0000    0.4000
parameters
   -0.1804   -3.7990   16.1610  -11.0638  -20.1594   -8.1323
    2.9254   -0.5565   -2.2459   26.6645   -3.1069  -24.7989
eta,q 0.97270  7.04314
  0.0276  0.0276  0.0274  0.0275  0.0274  0.0275  0.0275  0.0277  0.0275  0.0275  0.0274  0.0274
  0.0275  0.0275  0.0273  0.0274  0.0274  0.0274  0.0274  0.0275  0.0274  0.0274  0.0273  0.0273
  0.0273  0.0274  0.0273  0.0273  0.0273  0.0273  0.0273  0.0274  0.0273  0.0273  0.0273  0.0273
  0.0273  0.0273  0.0273  0.0273  0.0273  0.0273  0.0273  0.0273  0.0273  0.0273  0.0273  0.0273
  0.0273  0.0273  0.0273  0.0273  0.0273  0.0273  0.0273  0.0273  0.0273  0.0273  0.0273  0.0273
  0.0274  0.0274  0.0274  0.0274  0.0274  0.0274  0.0274  0.0275  0.0274  0.0274  0.0273  0.0273
  0.0276  0.0275  0.0275  0.0276  0.0275  0.0276  0.0276  0.0277  0.0275  0.0275  0.0274  0.0274
registration optimization eta report
parameter search radius
    0.8000    0.8000    0.8000    2.4000    2.4000    2.4000
    2.4000    2.4000    2.4000    2.4000    2.4000    2.4000
100000*second partial in parameter space
       48.       36.       18.        4.        3.        4.
        4.        7.        4.        4.        2.        2.
  0.0276  0.0276  0.0274  0.0275  0.0274  0.0275  0.0275  0.0277  0.0275  0.0275  0.0274  0.0274
  0.0275  0.0275  0.0273  0.0274  0.0274  0.0274  0.0274  0.0275  0.0274  0.0274  0.0273  0.0273
  0.0273  0.0274  0.0273  0.0273  0.0273  0.0273  0.0273  0.0274  0.0273  0.0273  0.0273  0.0273
  0.0273  0.0273  0.0273  0.0273  0.0273  0.0273  0.0273  0.0273  0.0273  0.0273  0.0273  0.0273
  0.0273  0.0273  0.0273  0.0273  0.0273  0.0273  0.0273  0.0273  0.0273  0.0273  0.0273  0.0273
  0.0274  0.0274  0.0274  0.0274  0.0274  0.0274  0.0274  0.0275  0.0274  0.0274  0.0273  0.0273
  0.0276  0.0275  0.0275  0.0276  0.0275  0.0276  0.0276  0.0277  0.0275  0.0275  0.0274  0.0274
   -0.1804   -3.7990   16.1610  -11.0638  -20.1594   -8.1323
    2.9254   -0.5565   -2.2459   26.6645   -3.1069  -24.7989
eta,q 0.97270  7.04314

---------------------------------------------------------------------
imgreg_4dfp /opt/freesurfer/average/711-2C_as_mni_average_305 /opt/freesurfer/average/711-2B_as_mni_average_305_mask talsrcimg_g11 none talsrcimg_to_711-2C_as_mni_average_305_t4 2311
---------------------------------------------------------------------

freesurfer imgreg_4dfp.c
/opt/freesurfer/average/711-2C_as_mni_average_305.4dfp.img
       256       256       256         1
  1.000000  1.000000  1.000000
orientation T byte_order littleendian
Reading image: /opt/freesurfer/average/711-2C_as_mni_average_305.4dfp.img
dimensions:      256       256       256
mmppix:       1.0000   -1.0000   -1.0000
center:     128.0000 -129.0000 -129.0000
/opt/freesurfer/average/711-2B_as_mni_average_305_mask.4dfp.img
       256       256       256         1
  1.000000  1.000000  1.000000
orientation T byte_order littleendian
Reading mask: /opt/freesurfer/average/711-2B_as_mni_average_305_mask.4dfp.img (2306576 pixels)
talsrcimg_g11.4dfp.img
       256       256       256         1
  1.000000  1.000000  1.000000
orientation T byte_order littleendian
Reading image: talsrcimg_g11.4dfp.img
dimensions:      256       256       256
mmppix:       1.0000   -1.0000   -1.0000
center:     128.0000 -129.0000 -129.0000
fimgreg.f
image alignment mode   2311 decimal      907 hex
parameters
   -0.1804   -3.7990   16.1610  -11.0638  -20.1594   -8.1323
    2.9254   -0.5565   -2.2459   26.6645   -3.1069  -24.7989
eta,q 0.97270  7.04313
niter,ni,del,rscale     5    3    5.0000    0.8000
parameters
   -0.1549   -3.7443   16.0820  -10.9779  -20.2634   -8.2257
    2.8557   -0.5936   -2.2511   26.8422   -2.9929  -24.9390
eta,q 0.97270  7.04288
  0.0286  0.0283  0.0277  0.0283  0.0279  0.0280  0.0282  0.0288  0.0282  0.0284  0.0277  0.0276
  0.0279  0.0278  0.0275  0.0277  0.0276  0.0276  0.0277  0.0280  0.0277  0.0277  0.0275  0.0274
  0.0274  0.0274  0.0273  0.0274  0.0274  0.0274  0.0274  0.0275  0.0274  0.0274  0.0273  0.0273
  0.0273  0.0273  0.0273  0.0273  0.0273  0.0273  0.0273  0.0273  0.0273  0.0273  0.0273  0.0273
  0.0274  0.0274  0.0274  0.0274  0.0274  0.0274  0.0274  0.0275  0.0274  0.0274  0.0273  0.0273
  0.0278  0.0277  0.0275  0.0277  0.0276  0.0277  0.0278  0.0280  0.0277  0.0277  0.0275  0.0275
  0.0285  0.0282  0.0278  0.0282  0.0280  0.0281  0.0283  0.0289  0.0282  0.0282  0.0276  0.0277
niter,ni,del,rscale     4    3    5.0000    0.7000
parameters
   -0.1479   -3.7109   16.0344  -11.0326  -20.2955   -8.3082
    2.8605   -0.5740   -2.2726   26.8565   -2.9759  -24.9501
eta,q 0.97270  7.03756
  0.0283  0.0280  0.0276  0.0280  0.0278  0.0279  0.0280  0.0285  0.0280  0.0280  0.0276  0.0276
  0.0277  0.0276  0.0274  0.0276  0.0275  0.0276  0.0276  0.0279  0.0276  0.0276  0.0274  0.0274
  0.0274  0.0274  0.0273  0.0274  0.0274  0.0274  0.0274  0.0275  0.0274  0.0274  0.0273  0.0273
  0.0273  0.0273  0.0273  0.0273  0.0273  0.0273  0.0273  0.0273  0.0273  0.0273  0.0273  0.0273
  0.0274  0.0274  0.0273  0.0274  0.0274  0.0274  0.0274  0.0274  0.0274  0.0274  0.0273  0.0273
  0.0277  0.0276  0.0275  0.0277  0.0275  0.0276  0.0276  0.0278  0.0276  0.0276  0.0274  0.0274
  0.0282  0.0280  0.0277  0.0280  0.0278  0.0279  0.0280  0.0285  0.0280  0.0280  0.0276  0.0276
niter,ni,del,rscale     3    3    5.0000    0.6000
parameters
   -0.1429   -3.6943   16.0114  -11.0652  -20.3141   -8.3698
    2.8602   -0.5503   -2.2772   26.8578   -2.9730  -24.9586
eta,q 0.97270  7.03416
  0.0280  0.0278  0.0275  0.0278  0.0276  0.0277  0.0278  0.0282  0.0278  0.0278  0.0275  0.0275
  0.0276  0.0275  0.0274  0.0275  0.0275  0.0275  0.0275  0.0277  0.0275  0.0275  0.0274  0.0274
  0.0274  0.0274  0.0273  0.0274  0.0273  0.0273  0.0274  0.0274  0.0274  0.0273  0.0273  0.0273
  0.0273  0.0273  0.0273  0.0273  0.0273  0.0273  0.0273  0.0273  0.0273  0.0273  0.0273  0.0273
  0.0274  0.0274  0.0273  0.0274  0.0273  0.0274  0.0274  0.0274  0.0273  0.0274  0.0273  0.0273
  0.0276  0.0275  0.0274  0.0276  0.0275  0.0275  0.0275  0.0277  0.0275  0.0275  0.0274  0.0274
  0.0280  0.0278  0.0276  0.0278  0.0277  0.0278  0.0278  0.0282  0.0278  0.0278  0.0275  0.0275
niter,ni,del,rscale     2    3    5.0000    0.5000
parameters
   -0.1421   -3.6903   15.9931  -11.0892  -20.3167   -8.4177
    2.8733   -0.5261   -2.2599   26.8502   -3.0004  -24.9116
eta,q 0.97270  7.03146
  0.0278  0.0277  0.0275  0.0277  0.0275  0.0276  0.0277  0.0279  0.0277  0.0277  0.0274  0.0274
  0.0275  0.0275  0.0274  0.0275  0.0274  0.0274  0.0275  0.0276  0.0275  0.0274  0.0274  0.0274
  0.0273  0.0273  0.0273  0.0273  0.0273  0.0273  0.0273  0.0274  0.0273  0.0273  0.0273  0.0273
  0.0273  0.0273  0.0273  0.0273  0.0273  0.0273  0.0273  0.0273  0.0273  0.0273  0.0273  0.0273
  0.0273  0.0273  0.0273  0.0273  0.0273  0.0273  0.0273  0.0274  0.0273  0.0273  0.0273  0.0273
  0.0275  0.0275  0.0274  0.0275  0.0274  0.0275  0.0275  0.0276  0.0275  0.0275  0.0274  0.0274
  0.0278  0.0277  0.0275  0.0277  0.0275  0.0276  0.0277  0.0279  0.0277  0.0277  0.0274  0.0274
niter,ni,del,rscale     1    3    5.0000    0.4000
parameters
   -0.1411   -3.6885   15.9847  -11.0964  -20.3294   -8.4443
    2.8600   -0.5165   -2.2566   26.8299   -3.0352  -24.9007
eta,q 0.97270  7.02968
  0.0276  0.0275  0.0274  0.0275  0.0274  0.0275  0.0275  0.0277  0.0275  0.0275  0.0274  0.0274
  0.0274  0.0274  0.0273  0.0274  0.0274  0.0274  0.0274  0.0275  0.0274  0.0274  0.0273  0.0273
  0.0273  0.0273  0.0273  0.0273  0.0273  0.0273  0.0273  0.0273  0.0273  0.0273  0.0273  0.0273
  0.0273  0.0273  0.0273  0.0273  0.0273  0.0273  0.0273  0.0273  0.0273  0.0273  0.0273  0.0273
  0.0273  0.0273  0.0273  0.0273  0.0273  0.0273  0.0273  0.0273  0.0273  0.0273  0.0273  0.0273
  0.0274  0.0274  0.0273  0.0274  0.0274  0.0274  0.0274  0.0275  0.0274  0.0274  0.0273  0.0273
  0.0276  0.0275  0.0274  0.0275  0.0275  0.0275  0.0275  0.0277  0.0275  0.0275  0.0274  0.0274
registration optimization eta report
parameter search radius
    0.8000    0.8000    0.8000    2.4000    2.4000    2.4000
    2.4000    2.4000    2.4000    2.4000    2.4000    2.4000
100000*second partial in parameter space
       48.       36.       18.        4.        3.        4.
        4.        7.        4.        4.        2.        2.
  0.0276  0.0275  0.0274  0.0275  0.0274  0.0275  0.0275  0.0277  0.0275  0.0275  0.0274  0.0274
  0.0274  0.0274  0.0273  0.0274  0.0274  0.0274  0.0274  0.0275  0.0274  0.0274  0.0273  0.0273
  0.0273  0.0273  0.0273  0.0273  0.0273  0.0273  0.0273  0.0273  0.0273  0.0273  0.0273  0.0273
  0.0273  0.0273  0.0273  0.0273  0.0273  0.0273  0.0273  0.0273  0.0273  0.0273  0.0273  0.0273
  0.0273  0.0273  0.0273  0.0273  0.0273  0.0273  0.0273  0.0273  0.0273  0.0273  0.0273  0.0273
  0.0274  0.0274  0.0273  0.0274  0.0274  0.0274  0.0274  0.0275  0.0274  0.0274  0.0273  0.0273
  0.0276  0.0275  0.0274  0.0275  0.0275  0.0275  0.0275  0.0277  0.0275  0.0275  0.0274  0.0274
   -0.1411   -3.6885   15.9847  -11.0964  -20.3294   -8.4443
    2.8600   -0.5165   -2.2566   26.8299   -3.0352  -24.9007
eta,q 0.97270  7.02968

---------------------------------------------------------------------
compute_vox2vox talsrcimg talsrcimg_to_711-2C_as_mni_average_305_t4 /opt/freesurfer/average/711-2C_as_mni_average_305
---------------------------------------------------------------------

freesurfer compute_vox2vox.c
Reading: talsrcimg.4dfp.ifh
Reading: talsrcimg_to_711-2C_as_mni_average_305_t4
Reading: /opt/freesurfer/average/711-2C_as_mni_average_305.4dfp.ifh
Writing: talsrcimg_to_711-2C_as_mni_average_305_t4_vox2vox.txt

start time Fri Mar 13 22:12:56 CET 2026
end		time Fri Mar 13 22:14:22 CET 2026

mpr2mni305 success

avi2talxfm orig_nu.mgz /opt/freesurfer/average/mni305.cor.mgz talsrcimg_to_711-2C_as_mni_average_305_t4_vox2vox.txt transforms/talairach.auto.xfm
avi2talxfm done
mv -f /out/sourcedata/freesurfer/sub-v2s7x29660_ses-1/mri/talsrcimg_to_711-2C_as_mni_average_305_t4_vox2vox.txt /out/sourcedata/freesurfer/sub-v2s7x29660_ses-1/mri/transforms/talsrcimg_to_711-2C_as_mni_average_305_t4_vox2vox.txt
lta_convert --src orig_nu.mgz --trg /opt/freesurfer/average/mni305.cor.mgz --inxfm transforms/talairach.auto.xfm --outlta transforms/talairach.auto.xfm.lta --subject fsaverage
7.3.2

--src: orig_nu.mgz src image (geometry).
--trg: /opt/freesurfer/average/mni305.cor.mgz trg image (geometry).
--inmni: transforms/talairach.auto.xfm input MNI/XFM transform.
--outlta: transforms/talairach.auto.xfm.lta output LTA.
--s: fsaverage subject name
 LTA read, type : 1
 1.12449   0.01665  -0.03516  -3.23229;
 0.04209   1.00121   0.31141  -33.10050;
 0.01768  -0.33670   1.14930  -25.95932;
 0.00000   0.00000   0.00000   1.00000;
setting subject to fsaverage
Writing  LTA to file transforms/talairach.auto.xfm.lta...
lta_convert successful.
 
 
Started at Fri Mar 13 22:12:55 CET 2026
Ended   at Fri Mar 13 22:14:22 CET 2026
talairach_avi done
