status file for recon-all
Sat Mar 14 00:51:05 CET 2026
#@# Tessellate rh Sat Mar 14 00:51:05 CET 2026
#@# Smooth1 rh Sat Mar 14 00:51:08 CET 2026
#@# Inflation1 rh Sat Mar 14 00:51:11 CET 2026
#@# QSphere rh Sat Mar 14 00:51:24 CET 2026
#@# Fix Topology rh Sat Mar 14 00:52:44 CET 2026
#@# Smooth2 rh Sat Mar 14 00:58:20 CET 2026
#@# Inflation2 rh Sat Mar 14 00:58:23 CET 2026
#@# Curv .H and .K rh Sat Mar 14 00:58:39 CET 2026
#@# Sphere rh Sat Mar 14 00:59:16 CET 2026
#@# Surf Reg rh Sat Mar 14 01:04:13 CET 2026
#@# Jacobian white rh Sat Mar 14 01:11:00 CET 2026
#@# AvgCurv rh Sat Mar 14 01:11:00 CET 2026
#@# Cortical Parc rh Sat Mar 14 01:11:01 CET 2026
#@# white curv rh Sat Mar 14 01:16:59 CET 2026
#@# white area rh Sat Mar 14 01:17:00 CET 2026
#@# pial curv rh Sat Mar 14 01:17:01 CET 2026
#@# pial area rh Sat Mar 14 01:17:02 CET 2026
#@# thickness rh Sat Mar 14 01:17:03 CET 2026
#@# area and vertex vol rh Sat Mar 14 01:17:26 CET 2026
#@# Curvature Stats rh Sat Mar 14 01:17:28 CET 2026
#@# Cortical Parc 2 rh Sat Mar 14 01:17:30 CET 2026
#@# Cortical Parc 3 rh Sat Mar 14 01:17:41 CET 2026
#@# WM/GM Contrast rh Sat Mar 14 01:17:49 CET 2026
recon-all -s sub-v2s7x29669_ses-1 finished without error at Sat Mar 14 01:17:52 CET 2026



#New# invocation of recon-all 



status file for recon-all
Sat Mar 14 01:24:49 CET 2026
#@# white curv rh Sat Mar 14 01:24:49 CET 2026
#@# white area rh Sat Mar 14 01:24:49 CET 2026
#@# pial curv rh Sat Mar 14 01:24:49 CET 2026
#@# pial area rh Sat Mar 14 01:24:49 CET 2026
#@# thickness rh Sat Mar 14 01:24:49 CET 2026
#@# area and vertex vol rh Sat Mar 14 01:24:49 CET 2026
#@# Parcellation Stats rh Sat Mar 14 01:24:49 CET 2026
#@# Parcellation Stats 2 rh Sat Mar 14 01:25:02 CET 2026
#@# Parcellation Stats 3 rh Sat Mar 14 01:25:09 CET 2026
#@# BA_exvivo Labels rh Sat Mar 14 01:25:16 CET 2026
recon-all -s sub-v2s7x29669_ses-1 finished without error at Sat Mar 14 01:27:33 CET 2026
