status file for recon-all
Fri Mar 13 22:32:33 CET 2026
#@# MotionCor Fri Mar 13 22:32:35 CET 2026
#@# Talairach Fri Mar 13 22:32:45 CET 2026
#@# Talairach Failure Detection Fri Mar 13 22:37:07 CET 2026
#@# Nu Intensity Correction Fri Mar 13 22:37:07 CET 2026
#@# Intensity Normalization Fri Mar 13 22:40:24 CET 2026
recon-all -s sub-v2s7x29669_ses-1 finished without error at Fri Mar 13 22:41:49 CET 2026



#New# invocation of recon-all 



status file for recon-all
Fri Mar 13 22:55:14 CET 2026
#@# EM Registration Fri Mar 13 22:55:14 CET 2026
recon-all -s sub-v2s7x29669_ses-1 finished without error at Fri Mar 13 22:57:50 CET 2026



#New# invocation of recon-all 



status file for recon-all
Fri Mar 13 22:57:53 CET 2026
#@# CA Normalize Fri Mar 13 22:57:53 CET 2026
#@# CA Reg Fri Mar 13 22:59:12 CET 2026
#@# SubCort Seg Fri Mar 13 23:47:56 CET 2026
#@# CC Seg Sat Mar 14 00:14:35 CET 2026
#@# Merge ASeg Sat Mar 14 00:15:06 CET 2026
#@# Intensity Normalization2 Sat Mar 14 00:15:06 CET 2026
#@# Mask BFS Sat Mar 14 00:17:13 CET 2026
#@# WM Segmentation Sat Mar 14 00:17:14 CET 2026
#@# Fill Sat Mar 14 00:19:04 CET 2026
recon-all -s sub-v2s7x29669_ses-1 finished without error at Sat Mar 14 00:20:04 CET 2026



#New# invocation of recon-all 



status file for recon-all
Sat Mar 14 01:17:57 CET 2026
#@# white curv lh Sat Mar 14 01:17:57 CET 2026
#@# white area lh Sat Mar 14 01:17:57 CET 2026
#@# pial curv lh Sat Mar 14 01:17:57 CET 2026
#@# pial area lh Sat Mar 14 01:17:57 CET 2026
#@# thickness lh Sat Mar 14 01:17:57 CET 2026
#@# area and vertex vol lh Sat Mar 14 01:17:57 CET 2026
#@# white curv rh Sat Mar 14 01:17:57 CET 2026
#@# white area rh Sat Mar 14 01:17:57 CET 2026
#@# pial curv rh Sat Mar 14 01:17:57 CET 2026
#@# pial area rh Sat Mar 14 01:17:57 CET 2026
#@# thickness rh Sat Mar 14 01:17:57 CET 2026
#@# area and vertex vol rh Sat Mar 14 01:17:57 CET 2026
#@# Cortical ribbon mask Sat Mar 14 01:17:57 CET 2026
recon-all -s sub-v2s7x29669_ses-1 finished without error at Sat Mar 14 01:21:56 CET 2026



#New# invocation of recon-all 



status file for recon-all
Sat Mar 14 01:27:37 CET 2026
#@# white curv lh Sat Mar 14 01:27:37 CET 2026
#@# white area lh Sat Mar 14 01:27:37 CET 2026
#@# pial curv lh Sat Mar 14 01:27:37 CET 2026
#@# pial area lh Sat Mar 14 01:27:37 CET 2026
#@# thickness lh Sat Mar 14 01:27:37 CET 2026
#@# area and vertex vol lh Sat Mar 14 01:27:37 CET 2026
#@# white curv rh Sat Mar 14 01:27:37 CET 2026
#@# white area rh Sat Mar 14 01:27:37 CET 2026
#@# pial curv rh Sat Mar 14 01:27:37 CET 2026
#@# pial area rh Sat Mar 14 01:27:37 CET 2026
#@# thickness rh Sat Mar 14 01:27:37 CET 2026
#@# area and vertex vol rh Sat Mar 14 01:27:38 CET 2026
#@# Curvature Stats lh Sat Mar 14 01:27:38 CET 2026
#@# Curvature Stats rh Sat Mar 14 01:27:40 CET 2026
#@# Relabel Hypointensities Sat Mar 14 01:27:42 CET 2026
#@# APas-to-ASeg Sat Mar 14 01:27:56 CET 2026
#@# AParc-to-ASeg aparc Sat Mar 14 01:28:04 CET 2026
#@# AParc-to-ASeg aparc.a2009s Sat Mar 14 01:28:23 CET 2026
#@# AParc-to-ASeg aparc.DKTatlas Sat Mar 14 01:28:44 CET 2026
#@# WMParc Sat Mar 14 01:29:05 CET 2026
#@# ASeg Stats Sat Mar 14 01:32:39 CET 2026
recon-all -s sub-v2s7x29669_ses-1 finished without error at Sat Mar 14 01:33:23 CET 2026
