status file for recon-all
Sat Mar 14 00:20:09 CET 2026
#@# Tessellate lh Sat Mar 14 00:20:09 CET 2026
#@# Smooth1 lh Sat Mar 14 00:20:12 CET 2026
#@# Inflation1 lh Sat Mar 14 00:20:14 CET 2026
#@# QSphere lh Sat Mar 14 00:20:26 CET 2026
#@# Fix Topology lh Sat Mar 14 00:21:31 CET 2026
#@# Smooth2 lh Sat Mar 14 00:28:48 CET 2026
#@# Inflation2 lh Sat Mar 14 00:28:50 CET 2026
#@# Curv .H and .K lh Sat Mar 14 00:29:06 CET 2026
#@# Sphere lh Sat Mar 14 00:29:43 CET 2026
#@# Surf Reg lh Sat Mar 14 00:37:05 CET 2026
#@# Jacobian white lh Sat Mar 14 00:43:48 CET 2026
#@# AvgCurv lh Sat Mar 14 00:43:49 CET 2026
#@# Cortical Parc lh Sat Mar 14 00:43:49 CET 2026
#@# white curv lh Sat Mar 14 00:50:08 CET 2026
#@# white area lh Sat Mar 14 00:50:09 CET 2026
#@# pial curv lh Sat Mar 14 00:50:10 CET 2026
#@# pial area lh Sat Mar 14 00:50:11 CET 2026
#@# thickness lh Sat Mar 14 00:50:12 CET 2026
#@# area and vertex vol lh Sat Mar 14 00:50:35 CET 2026
#@# Curvature Stats lh Sat Mar 14 00:50:36 CET 2026
#@# Cortical Parc 2 lh Sat Mar 14 00:50:39 CET 2026
#@# Cortical Parc 3 lh Sat Mar 14 00:50:51 CET 2026
#@# WM/GM Contrast lh Sat Mar 14 00:51:00 CET 2026
recon-all -s sub-v2s7x29669_ses-1 finished without error at Sat Mar 14 00:51:03 CET 2026



#New# invocation of recon-all 



status file for recon-all
Sat Mar 14 01:22:01 CET 2026
#@# white curv lh Sat Mar 14 01:22:01 CET 2026
#@# white area lh Sat Mar 14 01:22:01 CET 2026
#@# pial curv lh Sat Mar 14 01:22:01 CET 2026
#@# pial area lh Sat Mar 14 01:22:01 CET 2026
#@# thickness lh Sat Mar 14 01:22:01 CET 2026
#@# area and vertex vol lh Sat Mar 14 01:22:01 CET 2026
#@# Parcellation Stats lh Sat Mar 14 01:22:01 CET 2026
#@# Parcellation Stats 2 lh Sat Mar 14 01:22:15 CET 2026
#@# Parcellation Stats 3 lh Sat Mar 14 01:22:22 CET 2026
#@# BA_exvivo Labels lh Sat Mar 14 01:22:28 CET 2026
recon-all -s sub-v2s7x29669_ses-1 finished without error at Sat Mar 14 01:24:47 CET 2026
