status file for recon-all
Fri Mar 13 22:15:54 CET 2026
#@# MotionCor Fri Mar 13 22:15:56 CET 2026
#@# Talairach Fri Mar 13 22:16:06 CET 2026
#@# Talairach Failure Detection Fri Mar 13 22:20:33 CET 2026
#@# Nu Intensity Correction Fri Mar 13 22:20:33 CET 2026
#@# Intensity Normalization Fri Mar 13 22:23:49 CET 2026
recon-all -s sub-v2s7x29661_ses-1 finished without error at Fri Mar 13 22:25:17 CET 2026



#New# invocation of recon-all 



status file for recon-all
Fri Mar 13 22:38:23 CET 2026
#@# EM Registration Fri Mar 13 22:38:23 CET 2026
recon-all -s sub-v2s7x29661_ses-1 finished without error at Fri Mar 13 22:40:26 CET 2026



#New# invocation of recon-all 



status file for recon-all
Fri Mar 13 22:40:29 CET 2026
#@# CA Normalize Fri Mar 13 22:40:29 CET 2026
#@# CA Reg Fri Mar 13 22:41:48 CET 2026
#@# SubCort Seg Fri Mar 13 23:29:41 CET 2026
#@# CC Seg Fri Mar 13 23:54:04 CET 2026
#@# Merge ASeg Fri Mar 13 23:54:39 CET 2026
#@# Intensity Normalization2 Fri Mar 13 23:54:39 CET 2026
#@# Mask BFS Fri Mar 13 23:56:53 CET 2026
#@# WM Segmentation Fri Mar 13 23:56:54 CET 2026
#@# Fill Fri Mar 13 23:58:46 CET 2026
recon-all -s sub-v2s7x29661_ses-1 finished without error at Fri Mar 13 23:59:47 CET 2026



#New# invocation of recon-all 



status file for recon-all
Sat Mar 14 00:46:51 CET 2026
#@# white curv lh Sat Mar 14 00:46:51 CET 2026
#@# white area lh Sat Mar 14 00:46:51 CET 2026
#@# pial curv lh Sat Mar 14 00:46:51 CET 2026
#@# pial area lh Sat Mar 14 00:46:51 CET 2026
#@# thickness lh Sat Mar 14 00:46:51 CET 2026
#@# area and vertex vol lh Sat Mar 14 00:46:51 CET 2026
#@# white curv rh Sat Mar 14 00:46:51 CET 2026
#@# white area rh Sat Mar 14 00:46:51 CET 2026
#@# pial curv rh Sat Mar 14 00:46:51 CET 2026
#@# pial area rh Sat Mar 14 00:46:51 CET 2026
#@# thickness rh Sat Mar 14 00:46:51 CET 2026
#@# area and vertex vol rh Sat Mar 14 00:46:51 CET 2026
#@# Cortical ribbon mask Sat Mar 14 00:46:51 CET 2026
recon-all -s sub-v2s7x29661_ses-1 finished without error at Sat Mar 14 00:50:07 CET 2026



#New# invocation of recon-all 



status file for recon-all
Sat Mar 14 00:56:08 CET 2026
#@# white curv lh Sat Mar 14 00:56:08 CET 2026
#@# white area lh Sat Mar 14 00:56:08 CET 2026
#@# pial curv lh Sat Mar 14 00:56:08 CET 2026
#@# pial area lh Sat Mar 14 00:56:08 CET 2026
#@# thickness lh Sat Mar 14 00:56:08 CET 2026
#@# area and vertex vol lh Sat Mar 14 00:56:08 CET 2026
#@# white curv rh Sat Mar 14 00:56:08 CET 2026
#@# white area rh Sat Mar 14 00:56:08 CET 2026
#@# pial curv rh Sat Mar 14 00:56:08 CET 2026
#@# pial area rh Sat Mar 14 00:56:08 CET 2026
#@# thickness rh Sat Mar 14 00:56:08 CET 2026
#@# area and vertex vol rh Sat Mar 14 00:56:08 CET 2026
#@# Curvature Stats lh Sat Mar 14 00:56:08 CET 2026
#@# Curvature Stats rh Sat Mar 14 00:56:10 CET 2026
#@# Relabel Hypointensities Sat Mar 14 00:56:13 CET 2026
#@# APas-to-ASeg Sat Mar 14 00:56:27 CET 2026
#@# AParc-to-ASeg aparc Sat Mar 14 00:56:34 CET 2026
#@# AParc-to-ASeg aparc.a2009s Sat Mar 14 00:57:00 CET 2026
#@# AParc-to-ASeg aparc.DKTatlas Sat Mar 14 00:57:27 CET 2026
#@# WMParc Sat Mar 14 00:57:52 CET 2026
#@# ASeg Stats Sat Mar 14 01:01:21 CET 2026
recon-all -s sub-v2s7x29661_ses-1 finished without error at Sat Mar 14 01:02:05 CET 2026
