status file for recon-all
Sat Mar 14 00:23:59 CET 2026
#@# Tessellate rh Sat Mar 14 00:23:59 CET 2026
#@# Smooth1 rh Sat Mar 14 00:24:02 CET 2026
#@# Inflation1 rh Sat Mar 14 00:24:05 CET 2026
#@# QSphere rh Sat Mar 14 00:24:17 CET 2026
#@# Fix Topology rh Sat Mar 14 00:25:28 CET 2026
#@# Smooth2 rh Sat Mar 14 00:32:20 CET 2026
#@# Inflation2 rh Sat Mar 14 00:32:22 CET 2026
#@# Curv .H and .K rh Sat Mar 14 00:32:35 CET 2026
#@# Sphere rh Sat Mar 14 00:33:17 CET 2026
#@# Surf Reg rh Sat Mar 14 00:36:28 CET 2026
#@# Jacobian white rh Sat Mar 14 00:39:52 CET 2026
#@# AvgCurv rh Sat Mar 14 00:39:53 CET 2026
#@# Cortical Parc rh Sat Mar 14 00:39:54 CET 2026
#@# white curv rh Sat Mar 14 00:45:48 CET 2026
#@# white area rh Sat Mar 14 00:45:49 CET 2026
#@# pial curv rh Sat Mar 14 00:45:50 CET 2026
#@# pial area rh Sat Mar 14 00:45:52 CET 2026
#@# thickness rh Sat Mar 14 00:45:52 CET 2026
#@# area and vertex vol rh Sat Mar 14 00:46:18 CET 2026
#@# Curvature Stats rh Sat Mar 14 00:46:19 CET 2026
#@# Cortical Parc 2 rh Sat Mar 14 00:46:21 CET 2026
#@# Cortical Parc 3 rh Sat Mar 14 00:46:33 CET 2026
#@# WM/GM Contrast rh Sat Mar 14 00:46:42 CET 2026
recon-all -s sub-v2s7x29661_ses-1 finished without error at Sat Mar 14 00:46:45 CET 2026



#New# invocation of recon-all 



status file for recon-all
Sat Mar 14 00:53:05 CET 2026
#@# white curv rh Sat Mar 14 00:53:05 CET 2026
#@# white area rh Sat Mar 14 00:53:05 CET 2026
#@# pial curv rh Sat Mar 14 00:53:05 CET 2026
#@# pial area rh Sat Mar 14 00:53:05 CET 2026
#@# thickness rh Sat Mar 14 00:53:05 CET 2026
#@# area and vertex vol rh Sat Mar 14 00:53:05 CET 2026
#@# Parcellation Stats rh Sat Mar 14 00:53:05 CET 2026
#@# Parcellation Stats 2 rh Sat Mar 14 00:53:20 CET 2026
#@# Parcellation Stats 3 rh Sat Mar 14 00:53:29 CET 2026
#@# BA_exvivo Labels rh Sat Mar 14 00:53:36 CET 2026
recon-all -s sub-v2s7x29661_ses-1 finished without error at Sat Mar 14 00:56:04 CET 2026
