status file for recon-all
Fri Mar 13 23:59:51 CET 2026
#@# Tessellate lh Fri Mar 13 23:59:51 CET 2026
#@# Smooth1 lh Fri Mar 13 23:59:55 CET 2026
#@# Inflation1 lh Fri Mar 13 23:59:57 CET 2026
#@# QSphere lh Sat Mar 14 00:00:09 CET 2026
#@# Fix Topology lh Sat Mar 14 00:01:09 CET 2026
#@# Smooth2 lh Sat Mar 14 00:08:46 CET 2026
#@# Inflation2 lh Sat Mar 14 00:08:48 CET 2026
#@# Curv .H and .K lh Sat Mar 14 00:09:02 CET 2026
#@# Sphere lh Sat Mar 14 00:09:43 CET 2026
#@# Surf Reg lh Sat Mar 14 00:13:32 CET 2026
#@# Jacobian white lh Sat Mar 14 00:16:45 CET 2026
#@# AvgCurv lh Sat Mar 14 00:16:46 CET 2026
#@# Cortical Parc lh Sat Mar 14 00:16:46 CET 2026
#@# white curv lh Sat Mar 14 00:23:00 CET 2026
#@# white area lh Sat Mar 14 00:23:01 CET 2026
#@# pial curv lh Sat Mar 14 00:23:02 CET 2026
#@# pial area lh Sat Mar 14 00:23:04 CET 2026
#@# thickness lh Sat Mar 14 00:23:04 CET 2026
#@# area and vertex vol lh Sat Mar 14 00:23:30 CET 2026
#@# Curvature Stats lh Sat Mar 14 00:23:31 CET 2026
#@# Cortical Parc 2 lh Sat Mar 14 00:23:34 CET 2026
#@# Cortical Parc 3 lh Sat Mar 14 00:23:45 CET 2026
#@# WM/GM Contrast lh Sat Mar 14 00:23:55 CET 2026
recon-all -s sub-v2s7x29661_ses-1 finished without error at Sat Mar 14 00:23:58 CET 2026



#New# invocation of recon-all 



status file for recon-all
Sat Mar 14 00:50:11 CET 2026
#@# white curv lh Sat Mar 14 00:50:11 CET 2026
#@# white area lh Sat Mar 14 00:50:11 CET 2026
#@# pial curv lh Sat Mar 14 00:50:11 CET 2026
#@# pial area lh Sat Mar 14 00:50:11 CET 2026
#@# thickness lh Sat Mar 14 00:50:11 CET 2026
#@# area and vertex vol lh Sat Mar 14 00:50:11 CET 2026
#@# Parcellation Stats lh Sat Mar 14 00:50:11 CET 2026
#@# Parcellation Stats 2 lh Sat Mar 14 00:50:26 CET 2026
#@# Parcellation Stats 3 lh Sat Mar 14 00:50:34 CET 2026
#@# BA_exvivo Labels lh Sat Mar 14 00:50:42 CET 2026
recon-all -s sub-v2s7x29661_ses-1 finished without error at Sat Mar 14 00:53:02 CET 2026
