status file for recon-all
Sat Mar 14 00:08:40 CET 2026
#@# Tessellate lh Sat Mar 14 00:08:40 CET 2026
#@# Smooth1 lh Sat Mar 14 00:08:44 CET 2026
#@# Inflation1 lh Sat Mar 14 00:08:47 CET 2026
#@# QSphere lh Sat Mar 14 00:09:04 CET 2026
#@# Fix Topology lh Sat Mar 14 00:10:31 CET 2026
#@# Smooth2 lh Sat Mar 14 00:17:08 CET 2026
#@# Inflation2 lh Sat Mar 14 00:17:12 CET 2026
#@# Curv .H and .K lh Sat Mar 14 00:17:29 CET 2026
#@# Sphere lh Sat Mar 14 00:18:22 CET 2026
#@# Surf Reg lh Sat Mar 14 00:23:40 CET 2026
#@# Jacobian white lh Sat Mar 14 00:30:16 CET 2026
#@# AvgCurv lh Sat Mar 14 00:30:17 CET 2026
#@# Cortical Parc lh Sat Mar 14 00:30:18 CET 2026
#@# white curv lh Sat Mar 14 00:37:26 CET 2026
#@# white area lh Sat Mar 14 00:37:28 CET 2026
#@# pial curv lh Sat Mar 14 00:37:29 CET 2026
#@# pial area lh Sat Mar 14 00:37:31 CET 2026
#@# thickness lh Sat Mar 14 00:37:32 CET 2026
#@# area and vertex vol lh Sat Mar 14 00:38:08 CET 2026
#@# Curvature Stats lh Sat Mar 14 00:38:10 CET 2026
#@# Cortical Parc 2 lh Sat Mar 14 00:38:13 CET 2026
#@# Cortical Parc 3 lh Sat Mar 14 00:38:28 CET 2026
#@# WM/GM Contrast lh Sat Mar 14 00:38:39 CET 2026
recon-all -s sub-v2s7x29660_ses-1 finished without error at Sat Mar 14 00:38:43 CET 2026



#New# invocation of recon-all 



status file for recon-all
Sat Mar 14 01:11:30 CET 2026
#@# white curv lh Sat Mar 14 01:11:31 CET 2026
#@# white area lh Sat Mar 14 01:11:31 CET 2026
#@# pial curv lh Sat Mar 14 01:11:31 CET 2026
#@# pial area lh Sat Mar 14 01:11:31 CET 2026
#@# thickness lh Sat Mar 14 01:11:31 CET 2026
#@# area and vertex vol lh Sat Mar 14 01:11:31 CET 2026
#@# Parcellation Stats lh Sat Mar 14 01:11:31 CET 2026
#@# Parcellation Stats 2 lh Sat Mar 14 01:11:54 CET 2026
#@# Parcellation Stats 3 lh Sat Mar 14 01:12:05 CET 2026
#@# BA_exvivo Labels lh Sat Mar 14 01:12:17 CET 2026
recon-all -s sub-v2s7x29660_ses-1 finished without error at Sat Mar 14 01:15:15 CET 2026
