status file for recon-all
Fri Mar 13 22:09:49 CET 2026
#@# MotionCor Fri Mar 13 22:09:51 CET 2026
#@# Talairach Fri Mar 13 22:10:01 CET 2026
#@# Talairach Failure Detection Fri Mar 13 22:14:24 CET 2026
#@# Nu Intensity Correction Fri Mar 13 22:14:24 CET 2026
#@# Intensity Normalization Fri Mar 13 22:17:40 CET 2026
recon-all -s sub-v2s7x29660_ses-1 finished without error at Fri Mar 13 22:19:16 CET 2026



#New# invocation of recon-all 



status file for recon-all
Fri Mar 13 22:33:21 CET 2026
#@# EM Registration Fri Mar 13 22:33:21 CET 2026
recon-all -s sub-v2s7x29660_ses-1 finished without error at Fri Mar 13 22:35:23 CET 2026



#New# invocation of recon-all 



status file for recon-all
Fri Mar 13 22:35:25 CET 2026
#@# CA Normalize Fri Mar 13 22:35:25 CET 2026
#@# CA Reg Fri Mar 13 22:36:43 CET 2026
#@# SubCort Seg Fri Mar 13 23:31:21 CET 2026
#@# CC Seg Sat Mar 14 00:02:54 CET 2026
#@# Merge ASeg Sat Mar 14 00:03:25 CET 2026
#@# Intensity Normalization2 Sat Mar 14 00:03:25 CET 2026
#@# Mask BFS Sat Mar 14 00:05:36 CET 2026
#@# WM Segmentation Sat Mar 14 00:05:37 CET 2026
#@# Fill Sat Mar 14 00:07:35 CET 2026
recon-all -s sub-v2s7x29660_ses-1 finished without error at Sat Mar 14 00:08:37 CET 2026



#New# invocation of recon-all 



status file for recon-all
Sat Mar 14 01:05:56 CET 2026
#@# white curv lh Sat Mar 14 01:05:56 CET 2026
#@# white area lh Sat Mar 14 01:05:56 CET 2026
#@# pial curv lh Sat Mar 14 01:05:56 CET 2026
#@# pial area lh Sat Mar 14 01:05:56 CET 2026
#@# thickness lh Sat Mar 14 01:05:56 CET 2026
#@# area and vertex vol lh Sat Mar 14 01:05:56 CET 2026
#@# white curv rh Sat Mar 14 01:05:56 CET 2026
#@# white area rh Sat Mar 14 01:05:56 CET 2026
#@# pial curv rh Sat Mar 14 01:05:56 CET 2026
#@# pial area rh Sat Mar 14 01:05:56 CET 2026
#@# thickness rh Sat Mar 14 01:05:56 CET 2026
#@# area and vertex vol rh Sat Mar 14 01:05:56 CET 2026
#@# Cortical ribbon mask Sat Mar 14 01:05:56 CET 2026
recon-all -s sub-v2s7x29660_ses-1 finished without error at Sat Mar 14 01:11:25 CET 2026



#New# invocation of recon-all 



status file for recon-all
Sat Mar 14 01:19:06 CET 2026
#@# white curv lh Sat Mar 14 01:19:06 CET 2026
#@# white area lh Sat Mar 14 01:19:06 CET 2026
#@# pial curv lh Sat Mar 14 01:19:06 CET 2026
#@# pial area lh Sat Mar 14 01:19:06 CET 2026
#@# thickness lh Sat Mar 14 01:19:06 CET 2026
#@# area and vertex vol lh Sat Mar 14 01:19:06 CET 2026
#@# white curv rh Sat Mar 14 01:19:06 CET 2026
#@# white area rh Sat Mar 14 01:19:06 CET 2026
#@# pial curv rh Sat Mar 14 01:19:06 CET 2026
#@# pial area rh Sat Mar 14 01:19:06 CET 2026
#@# thickness rh Sat Mar 14 01:19:07 CET 2026
#@# area and vertex vol rh Sat Mar 14 01:19:07 CET 2026
#@# Curvature Stats lh Sat Mar 14 01:19:07 CET 2026
#@# Curvature Stats rh Sat Mar 14 01:19:10 CET 2026
#@# Relabel Hypointensities Sat Mar 14 01:19:13 CET 2026
#@# APas-to-ASeg Sat Mar 14 01:19:30 CET 2026
#@# AParc-to-ASeg aparc Sat Mar 14 01:19:39 CET 2026
#@# AParc-to-ASeg aparc.a2009s Sat Mar 14 01:20:15 CET 2026
#@# AParc-to-ASeg aparc.DKTatlas Sat Mar 14 01:20:59 CET 2026
#@# WMParc Sat Mar 14 01:21:38 CET 2026
#@# ASeg Stats Sat Mar 14 01:25:46 CET 2026
recon-all -s sub-v2s7x29660_ses-1 finished without error at Sat Mar 14 01:26:29 CET 2026
