status file for recon-all
Sat Mar 14 00:35:09 CET 2026
#@# Tessellate rh Sat Mar 14 00:35:09 CET 2026
#@# Smooth1 rh Sat Mar 14 00:35:13 CET 2026
#@# Inflation1 rh Sat Mar 14 00:35:15 CET 2026
#@# QSphere rh Sat Mar 14 00:35:28 CET 2026
#@# Fix Topology rh Sat Mar 14 00:37:04 CET 2026
#@# Smooth2 rh Sat Mar 14 00:42:08 CET 2026
#@# Inflation2 rh Sat Mar 14 00:42:11 CET 2026
#@# Curv .H and .K rh Sat Mar 14 00:42:25 CET 2026
#@# Sphere rh Sat Mar 14 00:43:08 CET 2026
#@# Surf Reg rh Sat Mar 14 00:45:38 CET 2026
#@# Jacobian white rh Sat Mar 14 00:48:50 CET 2026
#@# AvgCurv rh Sat Mar 14 00:48:51 CET 2026
#@# Cortical Parc rh Sat Mar 14 00:48:51 CET 2026
#@# white curv rh Sat Mar 14 00:55:15 CET 2026
#@# white area rh Sat Mar 14 00:55:17 CET 2026
#@# pial curv rh Sat Mar 14 00:55:18 CET 2026
#@# pial area rh Sat Mar 14 00:55:19 CET 2026
#@# thickness rh Sat Mar 14 00:55:20 CET 2026
#@# area and vertex vol rh Sat Mar 14 00:55:46 CET 2026
#@# Curvature Stats rh Sat Mar 14 00:55:48 CET 2026
#@# Cortical Parc 2 rh Sat Mar 14 00:55:50 CET 2026
#@# Cortical Parc 3 rh Sat Mar 14 00:56:03 CET 2026
#@# WM/GM Contrast rh Sat Mar 14 00:56:12 CET 2026
recon-all -s sub-v2s7x29665_ses-1 finished without error at Sat Mar 14 00:56:15 CET 2026



#New# invocation of recon-all 



status file for recon-all
Sat Mar 14 01:03:32 CET 2026
#@# white curv rh Sat Mar 14 01:03:32 CET 2026
#@# white area rh Sat Mar 14 01:03:32 CET 2026
#@# pial curv rh Sat Mar 14 01:03:32 CET 2026
#@# pial area rh Sat Mar 14 01:03:32 CET 2026
#@# thickness rh Sat Mar 14 01:03:32 CET 2026
#@# area and vertex vol rh Sat Mar 14 01:03:32 CET 2026
#@# Parcellation Stats rh Sat Mar 14 01:03:32 CET 2026
#@# Parcellation Stats 2 rh Sat Mar 14 01:03:48 CET 2026
#@# Parcellation Stats 3 rh Sat Mar 14 01:03:57 CET 2026
#@# BA_exvivo Labels rh Sat Mar 14 01:04:05 CET 2026
recon-all -s sub-v2s7x29665_ses-1 finished without error at Sat Mar 14 01:06:40 CET 2026
