status file for recon-all
Sat Mar 14 00:14:37 CET 2026
#@# Tessellate lh Sat Mar 14 00:14:37 CET 2026
#@# Smooth1 lh Sat Mar 14 00:14:41 CET 2026
#@# Inflation1 lh Sat Mar 14 00:14:43 CET 2026
#@# QSphere lh Sat Mar 14 00:14:56 CET 2026
#@# Fix Topology lh Sat Mar 14 00:16:01 CET 2026
#@# Smooth2 lh Sat Mar 14 00:20:50 CET 2026
#@# Inflation2 lh Sat Mar 14 00:20:53 CET 2026
#@# Curv .H and .K lh Sat Mar 14 00:21:07 CET 2026
#@# Sphere lh Sat Mar 14 00:21:50 CET 2026
#@# Surf Reg lh Sat Mar 14 00:24:11 CET 2026
#@# Jacobian white lh Sat Mar 14 00:28:03 CET 2026
#@# AvgCurv lh Sat Mar 14 00:28:04 CET 2026
#@# Cortical Parc lh Sat Mar 14 00:28:05 CET 2026
#@# white curv lh Sat Mar 14 00:34:07 CET 2026
#@# white area lh Sat Mar 14 00:34:08 CET 2026
#@# pial curv lh Sat Mar 14 00:34:09 CET 2026
#@# pial area lh Sat Mar 14 00:34:11 CET 2026
#@# thickness lh Sat Mar 14 00:34:11 CET 2026
#@# area and vertex vol lh Sat Mar 14 00:34:38 CET 2026
#@# Curvature Stats lh Sat Mar 14 00:34:39 CET 2026
#@# Cortical Parc 2 lh Sat Mar 14 00:34:42 CET 2026
#@# Cortical Parc 3 lh Sat Mar 14 00:34:54 CET 2026
#@# WM/GM Contrast lh Sat Mar 14 00:35:04 CET 2026
recon-all -s sub-v2s7x29665_ses-1 finished without error at Sat Mar 14 00:35:06 CET 2026



#New# invocation of recon-all 



status file for recon-all
Sat Mar 14 01:00:28 CET 2026
#@# white curv lh Sat Mar 14 01:00:28 CET 2026
#@# white area lh Sat Mar 14 01:00:28 CET 2026
#@# pial curv lh Sat Mar 14 01:00:28 CET 2026
#@# pial area lh Sat Mar 14 01:00:28 CET 2026
#@# thickness lh Sat Mar 14 01:00:28 CET 2026
#@# area and vertex vol lh Sat Mar 14 01:00:28 CET 2026
#@# Parcellation Stats lh Sat Mar 14 01:00:28 CET 2026
#@# Parcellation Stats 2 lh Sat Mar 14 01:00:45 CET 2026
#@# Parcellation Stats 3 lh Sat Mar 14 01:00:53 CET 2026
#@# BA_exvivo Labels lh Sat Mar 14 01:01:01 CET 2026
recon-all -s sub-v2s7x29665_ses-1 finished without error at Sat Mar 14 01:03:30 CET 2026
