status file for recon-all
Fri Mar 13 22:22:32 CET 2026
#@# MotionCor Fri Mar 13 22:22:34 CET 2026
#@# Talairach Fri Mar 13 22:22:44 CET 2026
#@# Talairach Failure Detection Fri Mar 13 22:27:08 CET 2026
#@# Nu Intensity Correction Fri Mar 13 22:27:08 CET 2026
#@# Intensity Normalization Fri Mar 13 22:30:24 CET 2026
recon-all -s sub-v2s7x29665_ses-1 finished without error at Fri Mar 13 22:31:53 CET 2026



#New# invocation of recon-all 



status file for recon-all
Fri Mar 13 22:45:03 CET 2026
#@# EM Registration Fri Mar 13 22:45:03 CET 2026
recon-all -s sub-v2s7x29665_ses-1 finished without error at Fri Mar 13 22:47:20 CET 2026



#New# invocation of recon-all 



status file for recon-all
Fri Mar 13 22:47:21 CET 2026
#@# CA Normalize Fri Mar 13 22:47:21 CET 2026
#@# CA Reg Fri Mar 13 22:48:41 CET 2026
#@# SubCort Seg Fri Mar 13 23:39:10 CET 2026
#@# CC Seg Sat Mar 14 00:09:06 CET 2026
#@# Merge ASeg Sat Mar 14 00:09:37 CET 2026
#@# Intensity Normalization2 Sat Mar 14 00:09:37 CET 2026
#@# Mask BFS Sat Mar 14 00:11:46 CET 2026
#@# WM Segmentation Sat Mar 14 00:11:47 CET 2026
#@# Fill Sat Mar 14 00:13:31 CET 2026
recon-all -s sub-v2s7x29665_ses-1 finished without error at Sat Mar 14 00:14:31 CET 2026



#New# invocation of recon-all 



status file for recon-all
Sat Mar 14 00:56:20 CET 2026
#@# white curv lh Sat Mar 14 00:56:20 CET 2026
#@# white area lh Sat Mar 14 00:56:20 CET 2026
#@# pial curv lh Sat Mar 14 00:56:20 CET 2026
#@# pial area lh Sat Mar 14 00:56:20 CET 2026
#@# thickness lh Sat Mar 14 00:56:20 CET 2026
#@# area and vertex vol lh Sat Mar 14 00:56:20 CET 2026
#@# white curv rh Sat Mar 14 00:56:20 CET 2026
#@# white area rh Sat Mar 14 00:56:20 CET 2026
#@# pial curv rh Sat Mar 14 00:56:20 CET 2026
#@# pial area rh Sat Mar 14 00:56:20 CET 2026
#@# thickness rh Sat Mar 14 00:56:20 CET 2026
#@# area and vertex vol rh Sat Mar 14 00:56:20 CET 2026
#@# Cortical ribbon mask Sat Mar 14 00:56:20 CET 2026
recon-all -s sub-v2s7x29665_ses-1 finished without error at Sat Mar 14 01:00:24 CET 2026



#New# invocation of recon-all 



status file for recon-all
Sat Mar 14 01:06:46 CET 2026
#@# white curv lh Sat Mar 14 01:06:46 CET 2026
#@# white area lh Sat Mar 14 01:06:46 CET 2026
#@# pial curv lh Sat Mar 14 01:06:46 CET 2026
#@# pial area lh Sat Mar 14 01:06:46 CET 2026
#@# thickness lh Sat Mar 14 01:06:46 CET 2026
#@# area and vertex vol lh Sat Mar 14 01:06:46 CET 2026
#@# white curv rh Sat Mar 14 01:06:46 CET 2026
#@# white area rh Sat Mar 14 01:06:46 CET 2026
#@# pial curv rh Sat Mar 14 01:06:46 CET 2026
#@# pial area rh Sat Mar 14 01:06:46 CET 2026
#@# thickness rh Sat Mar 14 01:06:46 CET 2026
#@# area and vertex vol rh Sat Mar 14 01:06:46 CET 2026
#@# Curvature Stats lh Sat Mar 14 01:06:46 CET 2026
#@# Curvature Stats rh Sat Mar 14 01:06:49 CET 2026
#@# Relabel Hypointensities Sat Mar 14 01:06:51 CET 2026
#@# APas-to-ASeg Sat Mar 14 01:07:05 CET 2026
#@# AParc-to-ASeg aparc Sat Mar 14 01:07:13 CET 2026
#@# AParc-to-ASeg aparc.a2009s Sat Mar 14 01:07:40 CET 2026
#@# AParc-to-ASeg aparc.DKTatlas Sat Mar 14 01:08:04 CET 2026
#@# WMParc Sat Mar 14 01:08:28 CET 2026
#@# ASeg Stats Sat Mar 14 01:12:26 CET 2026
recon-all -s sub-v2s7x29665_ses-1 finished without error at Sat Mar 14 01:13:08 CET 2026
