/out/sourcedata/freesurfer/sub-v2s7x29797_ses-1/mri
/opt/freesurfer/bin/talairach_avi
--i orig_nu.mgz --xfm transforms/talairach.auto.xfm
talairach_avi 7.3.2
Linux dna059 5.14.0-427.37.1.el9_4.x86_64 #1 SMP PREEMPT_DYNAMIC Fri Sep 13 12:41:50 EDT 2024 x86_64 x86_64 x86_64 GNU/Linux
Fri Mar 13 23:29:12 CET 2026
mri_convert orig_nu.mgz talsrcimg.img 
reading from orig_nu.mgz...
TR=0.00, TE=0.00, TI=0.00, flip angle=0.00
i_ras = (-1, 0, 0)
j_ras = (0, 0, -1)
k_ras = (0, 1, 0)
writing to talsrcimg.img...
Analyze Output Matrix
-1.00000   0.00000   0.00000   139.93860;
 0.00000   0.00000   1.00000  -120.79713;
 0.00000  -1.00000   0.00000   144.84195;
 0.00000   0.00000   0.00000   1.00000;
--------------------
INFO: set hdr.hist.orient to -1
mpr2mni305 talsrcimg
Fri Mar 13 23:29:13 CET 2026
/opt/freesurfer/bin/mpr2mni305 talsrcimg
mpr2mni305 7.3.2
target=711-2C_as_mni_average_305

---------------------------------------------------------------------
analyzeto4dfp talsrcimg -O0 -y
---------------------------------------------------------------------

freesurfer ifh2hdr.c
Fri Mar 13 23:29:13 2026
Writing: talsrcimg.4dfp.hdr
freesurfer analyzeto4dfp.c
Reading: talsrcimg.hdr
header size 348 bytes
hdr.dime.datatype	offset=70	value=2
hdr.dime.bitpix		offset=72	value=8
hdr.hist.orient		offset=252	value=-1
dimensionality     4
dimensions       256       256       256         1
Reading: talsrcimg.img
Writing: talsrcimg.4dfp.img
Writing: talsrcimg.4dfp.ifh
ifh2hdr talsrcimg -r0to255
ori=2

---------------------------------------------------------------------
gauss_4dfp talsrcimg 1.1
---------------------------------------------------------------------

freesurfer gauss_4dfp.c
Reading: talsrcimg.4dfp.img
Writing: talsrcimg_g11.4dfp.img
image dimensions 256 256 256 padded to 288 288 288
processing volume 1freesurfer ifh2hdr.c
Fri Mar 13 23:29:15 2026
Writing: talsrcimg_g11.4dfp.hdr

Writing: talsrcimg_g11.4dfp.ifh
including: talsrcimg.4dfp.img.rec in talsrcimg_g11.4dfp.img.rec

---------------------------------------------------------------------
imgreg_4dfp /opt/freesurfer/average/711-2C_as_mni_average_305 none talsrcimg_g11 none talsrcimg_to_711-2C_as_mni_average_305_t4 4355
---------------------------------------------------------------------

freesurfer imgreg_4dfp.c
/opt/freesurfer/average/711-2C_as_mni_average_305.4dfp.img
       256       256       256         1
  1.000000  1.000000  1.000000
orientation T byte_order littleendian
Reading image: /opt/freesurfer/average/711-2C_as_mni_average_305.4dfp.img
dimensions:      256       256       256
mmppix:       1.0000   -1.0000   -1.0000
center:     128.0000 -129.0000 -129.0000
talsrcimg_g11.4dfp.img
       256       256       256         1
  1.000000  1.000000  1.000000
orientation T byte_order littleendian
Reading image: talsrcimg_g11.4dfp.img
dimensions:      256       256       256
mmppix:       1.0000   -1.0000   -1.0000
center:     128.0000 -129.0000 -129.0000
t4_read: open error in t4_sub.f l:  41 t4_file(1:l)talsrcimg_to_711-2C_as_mni_average_305_t4 
t4_read: transform initialized to I4
rotation matrix determinant  1.000000
image alignment mode   4355 decimal     1103 hex
   -7.5000  -45.0000  -45.0000 8799.7109   11.4924
    0.0000  -45.0000  -45.0000 9140.3369   11.4966
    7.5000  -45.0000  -45.0000 8707.3730   11.5128
   -7.5000  -37.5000  -45.0000 9174.6279   11.5027
    0.0000  -37.5000  -45.0000 9505.2568   11.4926
    7.5000  -37.5000  -45.0000 9061.7266   11.5049
   -7.5000  -30.0000  -45.0000 9826.5215   11.5026
    0.0000  -30.0000  -45.000010186.7266   11.4864
    7.5000  -30.0000  -45.0000 9697.0127   11.4989
   -7.5000  -22.5000  -45.000010385.9785   11.4917
    0.0000  -22.5000  -45.000010799.8633   11.4848
    7.5000  -22.5000  -45.000010267.6855   11.5021
   -7.5000  -15.0000  -45.000010871.3711   11.4810
    0.0000  -15.0000  -45.000011309.6562   11.4869
    7.5000  -15.0000  -45.000010745.6641   11.5083
   -7.5000   -7.5000  -45.000011282.9580   11.4816
    0.0000   -7.5000  -45.000011731.0557   11.4924
    7.5000   -7.5000  -45.000011143.3643   11.5130
   -7.5000    0.0000  -45.000011433.4141   11.4924
    0.0000    0.0000  -45.000011871.1406   11.4965
    7.5000    0.0000  -45.000011298.1387   11.5128
   -7.5000    7.5000  -45.000010580.3945   11.5027
    0.0000    7.5000  -45.000010994.6533   11.4926
    7.5000    7.5000  -45.000010480.2500   11.5049
   -7.5000   15.0000  -45.0000 9825.8916   11.5133
    0.0000   15.0000  -45.000010216.4014   11.4969
    7.5000   15.0000  -45.0000 9743.4639   11.5094
   -7.5000   22.5000  -45.0000 9105.8760   11.5520
    0.0000   22.5000  -45.0000 9466.9424   11.5457
    7.5000   22.5000  -45.0000 9021.2266   11.5632
   -7.5000   30.0000  -45.0000 8397.8496   11.4942
    0.0000   30.0000  -45.0000 8741.3145   11.5007
    7.5000   30.0000  -45.0000 8313.0020   11.5233
   -7.5000   37.5000  -45.0000 8022.8877   11.6815
    0.0000   37.5000  -45.0000 8326.3828   11.6917
    7.5000   37.5000  -45.0000 7902.0815   11.7111
   -7.5000   45.0000  -45.0000 7370.7334   11.6557
    0.0000   45.0000  -45.0000 7642.3589   11.6595
    7.5000   45.0000  -45.0000 7251.7827   11.6729
   -7.5000  -45.0000  -37.5000 9337.6455   11.4110
    0.0000  -45.0000  -37.5000 9691.0820   11.4167
    7.5000  -45.0000  -37.5000 9227.9482   11.4346
   -7.5000  -37.5000  -37.5000 9720.0498   11.4273
    0.0000  -37.5000  -37.500010093.6621   11.4201
    7.5000  -37.5000  -37.5000 9599.7256   11.4340
   -7.5000  -30.0000  -37.500010397.7256   11.4280
    0.0000  -30.0000  -37.500010800.2881   11.4153
    7.5000  -30.0000  -37.500010252.2725   11.4296
   -7.5000  -22.5000  -37.500010980.3799   11.4115
    0.0000  -22.5000  -37.500011426.0986   11.4067
    7.5000  -22.5000  -37.500010835.4141   11.4259
   -7.5000  -15.0000  -37.500011476.9355   11.3943
    0.0000  -15.0000  -37.500011966.0176   11.4007
    7.5000  -15.0000  -37.500011322.2451   11.4241
   -7.5000   -7.5000  -37.500011875.4902   11.3945
    0.0000   -7.5000  -37.500012368.2402   11.4058
    7.5000   -7.5000  -37.500011742.9531   11.4283
   -7.5000    0.0000  -37.500012040.3975   11.4110
    0.0000    0.0000  -37.500012554.3506   11.4166
    7.5000    0.0000  -37.500011950.8623   11.4345
   -7.5000    7.5000  -37.500011190.1416   11.4273
    0.0000    7.5000  -37.500011686.8125   11.4201
    7.5000    7.5000  -37.500011115.6025   11.4340
   -7.5000   15.0000  -37.500010381.9424   11.4384
    0.0000   15.0000  -37.500010873.7646   11.4256
    7.5000   15.0000  -37.500010341.0938   11.4398
   -7.5000   22.5000  -37.5000 9617.7891   11.4706
    0.0000   22.5000  -37.500010058.8926   11.4662
    7.5000   22.5000  -37.5000 9544.4092   11.4858
   -7.5000   30.0000  -37.5000 8870.1572   11.4070
    0.0000   30.0000  -37.5000 9258.1191   11.4146
    7.5000   30.0000  -37.5000 8780.7676   11.4388
   -7.5000   37.5000  -37.5000 8454.9395   11.5904
    0.0000   37.5000  -37.5000 8798.9727   11.6010
    7.5000   37.5000  -37.5000 8341.3027   11.6222
   -7.5000   45.0000  -37.5000 7757.7949   11.5675
    0.0000   45.0000  -37.5000 8068.7432   11.5740
    7.5000   45.0000  -37.5000 7651.1401   11.5892
   -7.5000  -45.0000  -30.000010053.5713   11.8444
    0.0000  -45.0000  -30.000010452.9990   11.8500
    7.5000  -45.0000  -30.0000 9942.0986   11.8683
   -7.5000  -37.5000  -30.000010484.6143   11.8639
    0.0000  -37.5000  -30.000010908.4062   11.8571
    7.5000  -37.5000  -30.000010349.7646   11.8719
   -7.5000  -30.0000  -30.000011215.9766   11.8691
    0.0000  -30.0000  -30.000011663.9121   11.8568
    7.5000  -30.0000  -30.000011048.7080   11.8717
   -7.5000  -22.5000  -30.000011804.3311   11.8535
    0.0000  -22.5000  -30.000012314.7998   11.8487
    7.5000  -22.5000  -30.000011643.7139   11.8677
   -7.5000  -15.0000  -30.000012324.7646   11.8332
    0.0000  -15.0000  -30.000012863.9404   11.8394
    7.5000  -15.0000  -30.000012136.2090   11.8620
   -7.5000   -7.5000  -30.000012702.0596   11.8292
    0.0000   -7.5000  -30.000013268.7568   11.8405
    7.5000   -7.5000  -30.000012552.2959   11.8625
   -7.5000    0.0000  -30.000012893.0410   11.8444
    0.0000    0.0000  -30.000013475.1484   11.8500
    7.5000    0.0000  -30.000012765.1045   11.8683
   -7.5000    7.5000  -30.000012043.6914   11.8639
    0.0000    7.5000  -30.000012611.9102   11.8571
    7.5000    7.5000  -30.000011950.1592   11.8718
   -7.5000   15.0000  -30.000011162.6904   11.8793
    0.0000   15.0000  -30.000011704.3545   11.8670
    7.5000   15.0000  -30.000011108.4756   11.8818
   -7.5000   22.5000  -30.000010317.8525   11.9128
    0.0000   22.5000  -30.000010813.4238   11.9080
    7.5000   22.5000  -30.000010260.6631   11.9273
   -7.5000   30.0000  -30.0000 9496.8984   11.8470
    0.0000   30.0000  -30.0000 9928.6436   11.8541
    7.5000   30.0000  -30.0000 9406.0840   11.8771
   -7.5000   37.5000  -30.0000 9039.8760   12.0321
    0.0000   37.5000  -30.0000 9441.2559   12.0428
    7.5000   37.5000  -30.0000 8929.3838   12.0633
   -7.5000   45.0000  -30.0000 8290.7725   12.0119
    0.0000   45.0000  -30.0000 8636.6074   12.0183
    7.5000   45.0000  -30.0000 8175.8975   12.0334
   -7.5000  -45.0000  -22.500010791.2021   12.2414
    0.0000  -45.0000  -22.500011209.8389   12.2440
    7.5000  -45.0000  -22.500010658.1201   12.2609
   -7.5000  -37.5000  -22.500011276.8555   12.2598
    0.0000  -37.5000  -22.500011725.2988   12.2486
    7.5000  -37.5000  -22.500011133.2598   12.2624
   -7.5000  -30.0000  -22.500012058.7842   12.2687
    0.0000  -30.0000  -22.500012553.1914   12.2519
    7.5000  -30.0000  -22.500011890.6133   12.2650
   -7.5000  -22.5000  -22.500012682.1465   12.2578
    0.0000  -22.5000  -22.500013227.2783   12.2500
    7.5000  -22.5000  -22.500012515.8379   12.2659
   -7.5000  -15.0000  -22.500013189.2471   12.2391
    0.0000  -15.0000  -22.500013742.1553   12.2442
    7.5000  -15.0000  -22.500012998.0654   12.2630
   -7.5000   -7.5000  -22.500013560.6533   12.2316
    0.0000   -7.5000  -22.500014162.5117   12.2415
    7.5000   -7.5000  -22.500013397.4600   12.2606
   -7.5000    0.0000  -22.500013771.3057   12.2414
    0.0000    0.0000  -22.500014409.3154   12.2440
    7.5000    0.0000  -22.500013652.4932   12.2608
   -7.5000    7.5000  -22.500012966.1299   12.2598
    0.0000    7.5000  -22.500013590.2490   12.2486
    7.5000    7.5000  -22.500012856.0576   12.2624
   -7.5000   15.0000  -22.500012007.8135   12.2789
    0.0000   15.0000  -22.500012591.4775   12.2620
    7.5000   15.0000  -22.500011934.3818   12.2750
   -7.5000   22.5000  -22.500011044.1943   12.3182
    0.0000   22.5000  -22.500011588.0361   12.3099
    7.5000   22.5000  -22.500010989.7188   12.3259
   -7.5000   30.0000  -22.500010105.9502   12.2543
    0.0000   30.0000  -22.500010604.1631   12.2594
    7.5000   30.0000  -22.500010059.9131   12.2785
   -7.5000   37.5000  -22.5000 9620.1895   12.4428
    0.0000   37.5000  -22.500010085.7480   12.4525
    7.5000   37.5000  -22.5000 9547.2988   12.4698
   -7.5000   45.0000  -22.5000 8818.9902   12.4236
    0.0000   45.0000  -22.5000 9222.1826   12.4255
    7.5000   45.0000  -22.5000 8717.5596   12.4384
   -7.5000  -45.0000  -15.000011543.8906   12.5518
    0.0000  -45.0000  -15.000012004.7793   12.5520
    7.5000  -45.0000  -15.000011424.0391   12.5671
   -7.5000  -37.5000  -15.000012087.6201   12.5666
    0.0000  -37.5000  -15.000012585.4277   12.5509
    7.5000  -37.5000  -15.000011962.9062   12.5629
   -7.5000  -30.0000  -15.000012905.8818   12.5749
    0.0000  -30.0000  -15.000013457.1777   12.5528
    7.5000  -30.0000  -15.000012779.8721   12.5638
   -7.5000  -22.5000  -15.000013583.0264   12.5671
    0.0000  -22.5000  -15.000014167.5273   12.5560
    7.5000  -22.5000  -15.000013421.7178   12.5694
   -7.5000  -15.0000  -15.000014101.3789   12.5524
    0.0000  -15.0000  -15.000014690.1846   12.5565
    7.5000  -15.0000  -15.000013913.2539   12.5727
   -7.5000   -7.5000  -15.000014465.7480   12.5454
    0.0000   -7.5000  -15.000015118.0645   12.5544
    7.5000   -7.5000  -15.000014303.7490   12.5712
   -7.5000    0.0000  -15.000014716.5254   12.5518
    0.0000    0.0000  -15.000015404.9199   12.5520
    7.5000    0.0000  -15.000014591.9248   12.5670
   -7.5000    7.5000  -15.000013872.8330   12.5666
    0.0000    7.5000  -15.000014532.9971   12.5509
    7.5000    7.5000  -15.000013790.3633   12.5629
   -7.5000   15.0000  -15.000012878.2549   12.5854
    0.0000   15.0000  -15.000013502.1309   12.5632
    7.5000   15.0000  -15.000012815.4795   12.5741
   -7.5000   22.5000  -15.000011813.0908   12.6289
    0.0000   22.5000  -15.000012390.5547   12.6174
    7.5000   22.5000  -15.000011762.2578   12.6307
   -7.5000   30.0000  -15.000010768.4023   12.5691
    0.0000   30.0000  -15.000011300.9688   12.5727
    7.5000   30.0000  -15.000010726.6572   12.5893
   -7.5000   37.5000  -15.000010218.9795   12.7642
    0.0000   37.5000  -15.000010730.0469   12.7732
    7.5000   37.5000  -15.000010165.1172   12.7882
   -7.5000   45.0000  -15.0000 9343.4824   12.7485
    0.0000   45.0000  -15.0000 9787.6309   12.7464
    7.5000   45.0000  -15.0000 9259.3057   12.7574
   -7.5000  -45.0000   -7.500012306.6064   12.7052
    0.0000  -45.0000   -7.500012810.0439   12.7063
    7.5000  -45.0000   -7.500012203.4189   12.7219
   -7.5000  -37.5000   -7.500012928.9512   12.7174
    0.0000  -37.5000   -7.500013466.2324   12.7017
    7.5000  -37.5000   -7.500012808.1934   12.7136
   -7.5000  -30.0000   -7.500013846.6729   12.7207
    0.0000  -30.0000   -7.500014428.3799   12.6982
    7.5000  -30.0000   -7.500013722.9609   12.7094
   -7.5000  -22.5000   -7.500014567.1895   12.7107
    0.0000  -22.5000   -7.500015188.1416   12.6999
    7.5000  -22.5000   -7.500014397.5283   12.7147
   -7.5000  -15.0000   -7.500015102.4697   12.6984
    0.0000  -15.0000   -7.500015750.4502   12.7032
    7.5000  -15.0000   -7.500014906.9229   12.7216
   -7.5000   -7.5000   -7.500015512.7529   12.6962
    0.0000   -7.5000   -7.500016194.9424   12.7060
    7.5000   -7.5000   -7.500015325.4531   12.7245
   -7.5000    0.0000   -7.500015759.7939   12.7052
    0.0000    0.0000   -7.500016485.2363   12.7062
    7.5000    0.0000   -7.500015596.9893   12.7218
   -7.5000    7.5000   -7.500014828.9824   12.7174
    0.0000    7.5000   -7.500015548.6670   12.7017
    7.5000    7.5000   -7.500014743.2354   12.7136
   -7.5000   15.0000   -7.500013786.9082   12.7318
    0.0000   15.0000   -7.500014445.7842   12.7092
    7.5000   15.0000   -7.500013711.3457   12.7204
   -7.5000   22.5000   -7.500012637.3096   12.7725
    0.0000   22.5000   -7.500013246.0293   12.7617
    7.5000   22.5000   -7.500012578.9248   12.7765
   -7.5000   30.0000   -7.500011495.1758   12.7150
    0.0000   30.0000   -7.500012062.3809   12.7196
    7.5000   30.0000   -7.500011449.8301   12.7389
   -7.5000   37.5000   -7.500010888.5859   12.9175
    0.0000   37.5000   -7.500011435.9814   12.9271
    7.5000   37.5000   -7.500010858.7969   12.9442
   -7.5000   45.0000   -7.5000 9929.1943   12.9081
    0.0000   45.0000   -7.500010427.9785   12.9070
    7.5000   45.0000   -7.5000 9860.4004   12.9191
   -7.5000  -45.0000    0.000013030.0186   12.7219
    0.0000  -45.0000    0.000013557.5547   12.7260
    7.5000  -45.0000    0.000012904.7285   12.7440
   -7.5000  -37.5000    0.000013682.3281   12.7354
    0.0000  -37.5000    0.000014234.3125   12.7237
    7.5000  -37.5000    0.000013535.6602   12.7372
   -7.5000  -30.0000    0.000014750.0283   12.7349
    0.0000  -30.0000    0.000015376.8418   12.7165
    7.5000  -30.0000    0.000014589.8770   12.7301
   -7.5000  -22.5000    0.000015548.8828   12.7201
    0.0000  -22.5000    0.000016192.0381   12.7122
    7.5000  -22.5000    0.000015325.7812   12.7308
   -7.5000  -15.0000    0.000016093.5459   12.7060
    0.0000  -15.0000    0.000016731.4512   12.7123
    7.5000  -15.0000    0.000015822.9248   12.7354
   -7.5000   -7.5000    0.000016520.1855   12.7074
    0.0000   -7.5000    0.000017187.4414   12.7189
    7.5000   -7.5000    0.000016274.5342   12.7414
   -7.5000    0.0000    0.000016753.3711   12.7219
    0.0000    0.0000    0.000017472.2422   12.7260
    7.5000    0.0000    0.000016539.9004   12.7439
   -7.5000    7.5000    0.000015729.3125   12.7354
    0.0000    7.5000    0.000016459.8574   12.7237
    7.5000    7.5000    0.000015608.7363   12.7372
   -7.5000   15.0000    0.000014611.2725   12.7466
    0.0000   15.0000    0.000015304.5479   12.7281
    7.5000   15.0000    0.000014535.0898   12.7416
   -7.5000   22.5000    0.000013436.9814   12.7820
    0.0000   22.5000    0.000014058.7373   12.7747
    7.5000   22.5000    0.000013362.5791   12.7935
   -7.5000   30.0000    0.000012251.2412   12.7235
    0.0000   30.0000    0.000012844.4600   12.7305
    7.5000   30.0000    0.000012169.5527   12.7549
   -7.5000   37.5000    0.000011591.6455   12.9292
    0.0000   37.5000    0.000012169.9336   12.9401
    7.5000   37.5000    0.000011524.3516   12.9614
   -7.5000   45.0000    0.000010532.2686   12.9255
    0.0000   45.0000    0.000011065.9590   12.9291
    7.5000   45.0000    0.000010445.6895   12.9441
   -7.5000  -45.0000    7.500012757.6924   12.7051
    0.0000  -45.0000    7.500013242.5410   12.7114
    7.5000  -45.0000    7.500012603.0674   12.7312
   -7.5000  -37.5000    7.500013390.8584   12.7230
    0.0000  -37.5000    7.500013922.2998   12.7152
    7.5000  -37.5000    7.500013216.8789   12.7306
   -7.5000  -30.0000    7.500014489.8291   12.7242
    0.0000  -30.0000    7.500015102.7383   12.7103
    7.5000  -30.0000    7.500014265.8232   12.7262
   -7.5000  -22.5000    7.500015393.9170   12.7065
    0.0000  -22.5000    7.500016024.5225   12.7012
    7.5000  -22.5000    7.500015097.9639   12.7225
   -7.5000  -15.0000    7.500015966.6680   12.6876
    0.0000  -15.0000    7.500016534.1543   12.6947
    7.5000  -15.0000    7.500015632.8643   12.7204
   -7.5000   -7.5000    7.500016337.2090   12.6875
    0.0000   -7.5000    7.500016902.0195   12.6998
    7.5000   -7.5000    7.500016058.4229   12.7246
   -7.5000    0.0000    7.500016538.8730   12.7051
    0.0000    0.0000    7.500017157.6719   12.7114
    7.5000    0.0000    7.500016293.9238   12.7312
   -7.5000    7.5000    7.500015531.6416   12.7230
    0.0000    7.5000    7.500016187.3994   12.7152
    7.5000    7.5000    7.500015337.2061   12.7306
   -7.5000   15.0000    7.500014410.4932   12.7357
    0.0000   15.0000    7.500015089.4336   12.7216
    7.5000   15.0000    7.500014247.3555   12.7375
   -7.5000   22.5000    7.500013268.5166   12.7678
    0.0000   22.5000    7.500013909.7002   12.7630
    7.5000   22.5000    7.500013126.9961   12.7847
   -7.5000   30.0000    7.500012133.8730   12.7059
    0.0000   30.0000    7.500012717.3428   12.7142
    7.5000   30.0000    7.500011992.5361   12.7408
   -7.5000   37.5000    7.500011483.8828   12.9086
    0.0000   37.5000    7.500012030.9297   12.9202
    7.5000   37.5000    7.500011341.8682   12.9436
   -7.5000   45.0000    7.500010408.9854   12.9062
    0.0000   45.0000    7.500010920.0059   12.9134
    7.5000   45.0000    7.500010264.4365   12.9303
   -7.5000  -45.0000   15.000012334.3154   12.6972
    0.0000  -45.0000   15.000012828.6113   12.7031
    7.5000  -45.0000   15.000012194.2393   12.7227
   -7.5000  -37.5000   15.000012953.5205   12.7180
    0.0000  -37.5000   15.000013451.8779   12.7106
    7.5000  -37.5000   15.000012798.5869   12.7265
   -7.5000  -30.0000   15.000014056.2695   12.7239
    0.0000  -30.0000   15.000014639.6064   12.7107
    7.5000  -30.0000   15.000013827.7568   12.7268
   -7.5000  -22.5000   15.000015102.6816   12.7076
    0.0000  -22.5000   15.000015779.4053   12.7024
    7.5000  -22.5000   15.000014768.9287   12.7228
   -7.5000  -15.0000   15.000015831.0381   12.6860
    0.0000  -15.0000   15.000016470.0410   12.6926
    7.5000  -15.0000   15.000015463.5342   12.7168
   -7.5000   -7.5000   15.000016178.0049   12.6815
    0.0000   -7.5000   15.000016780.6621   12.6933
    7.5000   -7.5000   15.000015836.5547   12.7169
   -7.5000    0.0000   15.000016268.1797   12.6972
    0.0000    0.0000   15.000016913.0605   12.7031
    7.5000    0.0000   15.000015931.2637   12.7226
   -7.5000    7.5000   15.000015222.9033   12.7180
    0.0000    7.5000   15.000015885.4307   12.7106
    7.5000    7.5000   15.000014908.5000   12.7265
   -7.5000   15.0000   15.000014082.3701   12.7348
    0.0000   15.0000   15.000014767.2725   12.7215
    7.5000   15.0000   15.000013819.4980   12.7375
   -7.5000   22.5000   15.000012965.0566   12.7682
    0.0000   22.5000   15.000013590.9287   12.7631
    7.5000   22.5000   15.000012735.9717   12.7838
   -7.5000   30.0000   15.000011842.6660   12.7043
    0.0000   30.0000   15.000012402.1006   12.7118
    7.5000   30.0000   15.000011652.5117   12.7364
   -7.5000   37.5000   15.000011181.6377   12.9021
    0.0000   37.5000   15.000011711.0000   12.9134
    7.5000   37.5000   15.000011004.5508   12.9353
   -7.5000   45.0000   15.000010077.7773   12.8965
    0.0000   45.0000   15.000010569.0273   12.9032
    7.5000   45.0000   15.0000 9912.9639   12.9194
   -7.5000  -45.0000   22.500011841.5439   12.7073
    0.0000  -45.0000   22.500012283.0400   12.7100
    7.5000  -45.0000   22.500011711.7529   12.7275
   -7.5000  -37.5000   22.500012482.1035   12.7264
    0.0000  -37.5000   22.500013005.5645   12.7148
    7.5000  -37.5000   22.500012311.6416   12.7291
   -7.5000  -30.0000   22.500013566.6387   12.7357
    0.0000  -30.0000   22.500014269.2969   12.7182
    7.5000  -30.0000   22.500013307.2266   12.7318
   -7.5000  -22.5000   22.500014566.1465   12.7244
    0.0000  -22.5000   22.500015379.5439   12.7162
    7.5000  -22.5000   22.500014190.4912   12.7327
   -7.5000  -15.0000   22.500015217.8291   12.7049
    0.0000  -15.0000   22.500016026.9727   12.7102
    7.5000  -15.0000   22.500014822.0527   12.7297
   -7.5000   -7.5000   22.500015537.1123   12.6971
    0.0000   -7.5000   22.500016380.4395   12.7074
    7.5000   -7.5000   22.500015165.2861   12.7272
   -7.5000    0.0000   22.500015645.2500   12.7072
    0.0000    0.0000   22.500016457.2051   12.7100
    7.5000    0.0000   22.500015261.5078   12.7275
   -7.5000    7.5000   22.500014664.8486   12.7264
    0.0000    7.5000   22.500015405.0391   12.7148
    7.5000    7.5000   22.500014306.7061   12.7291
   -7.5000   15.0000   22.500013559.4941   12.7462
    0.0000   15.0000   22.500014219.5166   12.7286
    7.5000   15.0000   22.500013273.2607   12.7421
   -7.5000   22.5000   22.500012446.3730   12.7850
    0.0000   22.5000   22.500013011.0312   12.7764
    7.5000   22.5000   22.500012216.1016   12.7930
   -7.5000   30.0000   22.500011364.2539   12.7225
    0.0000   30.0000   22.500011853.9102   12.7278
    7.5000   30.0000   22.500011172.2783   12.7476
   -7.5000   37.5000   22.500010734.4678   12.9181
    0.0000   37.5000   22.500011173.2266   12.9282
    7.5000   37.5000   22.500010554.9980   12.9461
   -7.5000   45.0000   22.5000 9659.0146   12.9076
    0.0000   45.0000   22.500010093.6172   12.9096
    7.5000   45.0000   22.5000 9528.2451   12.9230
   -7.5000  -45.0000   30.000011275.1562   12.7250
    0.0000  -45.0000   30.000011805.4502   12.7252
    7.5000  -45.0000   30.000011133.5234   12.7404
   -7.5000  -37.5000   30.000011874.1055   12.7399
    0.0000  -37.5000   30.000012477.8643   12.7240
    7.5000  -37.5000   30.000011695.9248   12.7362
   -7.5000  -30.0000   30.000012871.2031   12.7484
    0.0000  -30.0000   30.000013566.2891   12.7259
    7.5000  -30.0000   30.000012640.7627   12.7371
   -7.5000  -22.5000   30.000013699.5957   12.7404
    0.0000  -22.5000   30.000014405.2627   12.7292
    7.5000  -22.5000   30.000013439.9971   12.7428
   -7.5000  -15.0000   30.000014225.8799   12.7255
    0.0000  -15.0000   30.000014885.3555   12.7297
    7.5000  -15.0000   30.000013969.1094   12.7461
   -7.5000   -7.5000   30.000014545.6260   12.7185
    0.0000   -7.5000   30.000015189.5381   12.7276
    7.5000   -7.5000   30.000014271.0674   12.7446
   -7.5000    0.0000   30.000014715.9229   12.7250
    0.0000    0.0000   30.000015366.4990   12.7251
    7.5000    0.0000   30.000014417.5381   12.7404
   -7.5000    7.5000   30.000013848.3506   12.7399
    0.0000    7.5000   30.000014487.1396   12.7240
    7.5000    7.5000   30.000013567.6211   12.7362
   -7.5000   15.0000   30.000012831.4912   12.7590
    0.0000   15.0000   30.000013420.3545   12.7365
    7.5000   15.0000   30.000012589.0889   12.7475
   -7.5000   22.5000   30.000011743.2275   12.8017
    0.0000   22.5000   30.000012287.9619   12.7901
    7.5000   22.5000   30.000011555.1416   12.8035
   -7.5000   30.0000   30.000010717.1719   12.7424
    0.0000   30.0000   30.000011183.2324   12.7461
    7.5000   30.0000   30.000010536.0977   12.7630
   -7.5000   37.5000   30.000010125.0723   12.9403
    0.0000   37.5000   30.000010560.1582   12.9494
    7.5000   37.5000   30.0000 9965.7559   12.9647
   -7.5000   45.0000   30.0000 9087.8799   12.9278
    0.0000   45.0000   30.0000 9500.3379   12.9257
    7.5000   45.0000   30.0000 8967.9551   12.9369
   -7.5000  -45.0000   37.500010996.1016   12.7575
    0.0000  -45.0000   37.500011530.6709   12.7585
    7.5000  -45.0000   37.500010891.0283   12.7743
   -7.5000  -37.5000   37.500011524.1729   12.7698
    0.0000  -37.5000   37.500012087.0928   12.7539
    7.5000  -37.5000   37.500011394.6289   12.7660
   -7.5000  -30.0000   37.500012430.9219   12.7730
    0.0000  -30.0000   37.500013031.4473   12.7504
    7.5000  -30.0000   37.500012270.6934   12.7618
   -7.5000  -22.5000   37.500013170.1367   12.7630
    0.0000  -22.5000   37.500013777.5576   12.7521
    7.5000  -22.5000   37.500013008.5479   12.7671
   -7.5000  -15.0000   37.500013742.5410   12.7505
    0.0000  -15.0000   37.500014352.9561   12.7555
    7.5000  -15.0000   37.500013578.3662   12.7741
   -7.5000   -7.5000   37.500014108.1748   12.7483
    0.0000   -7.5000   37.500014739.1592   12.7583
    7.5000   -7.5000   37.500013916.4521   12.7770
   -7.5000    0.0000   37.500014261.9307   12.7575
    0.0000    0.0000   37.500014878.4600   12.7585
    7.5000    0.0000   37.500014025.9883   12.7742
   -7.5000    7.5000   37.500013401.2822   12.7698
    0.0000    7.5000   37.500013986.1074   12.7539
    7.5000    7.5000   37.500013187.6768   12.7660
   -7.5000   15.0000   37.500012436.6523   12.7842
    0.0000   15.0000   37.500012995.0752   12.7615
    7.5000   15.0000   37.500012247.7080   12.7729
   -7.5000   22.5000   37.500011389.2910   12.8251
    0.0000   22.5000   37.500011878.3994   12.8144
    7.5000   22.5000   37.500011222.4014   12.8294
   -7.5000   30.0000   37.500010399.3877   12.7678
    0.0000   30.0000   37.500010818.5361   12.7726
    7.5000   30.0000   37.500010226.0186   12.7922
   -7.5000   37.5000   37.5000 9808.1670   12.9717
    0.0000   37.5000   37.500010219.3916   12.9815
    7.5000   37.5000   37.5000 9666.4111   12.9987
   -7.5000   45.0000   37.5000 8802.2305   12.9636
    0.0000   45.0000   37.5000 9191.4248   12.9625
    7.5000   45.0000   37.5000 8700.0137   12.9748
   -7.5000  -45.0000   45.000010183.2510   12.8209
    0.0000  -45.0000   45.000010656.5811   12.8250
    7.5000  -45.0000   45.000010122.7256   12.8429
   -7.5000  -37.5000   45.000010645.6475   12.8347
    0.0000  -37.5000   45.000011113.7236   12.8229
    7.5000  -37.5000   45.000010545.5039   12.8367
   -7.5000  -30.0000   45.000011411.2646   12.8349
    0.0000  -30.0000   45.000011909.3008   12.8164
    7.5000  -30.0000   45.000011316.1787   12.8306
   -7.5000  -22.5000   45.000012097.2256   12.8202
    0.0000  -22.5000   45.000012606.8584   12.8125
    7.5000  -22.5000   45.000011989.2402   12.8317
   -7.5000  -15.0000   45.000012634.4014   12.8058
    0.0000  -15.0000   45.000013162.9863   12.8122
    7.5000  -15.0000   45.000012519.1670   12.8359
   -7.5000   -7.5000   45.000013020.2588   12.8066
    0.0000   -7.5000   45.000013562.2832   12.8183
    7.5000   -7.5000   45.000012869.0635   12.8409
   -7.5000    0.0000   45.000013177.7959   12.8209
    0.0000    0.0000   45.000013719.2363   12.8249
    7.5000    0.0000   45.000012998.0850   12.8429
   -7.5000    7.5000   45.000012378.1709   12.8347
    0.0000    7.5000   45.000012898.8057   12.8229
    7.5000    7.5000   45.000012211.6279   12.8367
   -7.5000   15.0000   45.000011494.0654   12.8468
    0.0000   15.0000   45.000012002.0439   12.8282
    7.5000   15.0000   45.000011322.6152   12.8424
   -7.5000   22.5000   45.000010542.0088   12.8836
    0.0000   22.5000   45.000010999.2646   12.8764
    7.5000   22.5000   45.000010396.0459   12.8959
   -7.5000   30.0000   45.0000 9611.0547   12.8250
    0.0000   30.0000   45.000010017.9619   12.8322
    7.5000   30.0000   45.0000 9484.0977   12.8571
   -7.5000   37.5000   45.0000 9052.4512   13.0348
    0.0000   37.5000   45.0000 9445.3965   13.0459
    7.5000   37.5000   45.0000 8953.7676   13.0672
   -7.5000   45.0000   45.0000 8121.4092   13.0422
    0.0000   45.0000   45.0000 8462.5615   13.0457
    7.5000   45.0000   45.0000 8033.2808   13.0606

---------------------------------------------------------------------
imgreg_4dfp /opt/freesurfer/average/711-2C_as_mni_average_305 /opt/freesurfer/average/711-2B_as_mni_average_305_mask talsrcimg_g11 none talsrcimg_to_711-2C_as_mni_average_305_t4 4355
---------------------------------------------------------------------

freesurfer imgreg_4dfp.c
/opt/freesurfer/average/711-2C_as_mni_average_305.4dfp.img
       256       256       256         1
  1.000000  1.000000  1.000000
orientation T byte_order littleendian
Reading image: /opt/freesurfer/average/711-2C_as_mni_average_305.4dfp.img
dimensions:      256       256       256
mmppix:       1.0000   -1.0000   -1.0000
center:     128.0000 -129.0000 -129.0000
/opt/freesurfer/average/711-2B_as_mni_average_305_mask.4dfp.img
       256       256       256         1
  1.000000  1.000000  1.000000
orientation T byte_order littleendian
Reading mask: /opt/freesurfer/average/711-2B_as_mni_average_305_mask.4dfp.img (2306576 pixels)
talsrcimg_g11.4dfp.img
       256       256       256         1
  1.000000  1.000000  1.000000
orientation T byte_order littleendian
Reading image: talsrcimg_g11.4dfp.img
dimensions:      256       256       256
mmppix:       1.0000   -1.0000   -1.0000
center:     128.0000 -129.0000 -129.0000
rotation matrix determinant  1.000000
image alignment mode   4355 decimal     1103 hex
   -7.5000  -45.0000  -45.0000 2187.0093   13.1217
    0.0000  -45.0000  -45.0000 2200.0635   13.1193
    7.5000  -45.0000  -45.0000 2178.0999   13.3171
   -7.5000  -37.5000  -45.0000 2218.6755   12.7519
    0.0000  -37.5000  -45.0000 2221.7061   12.7441
    7.5000  -37.5000  -45.0000 2202.5176   12.9423
   -7.5000  -30.0000  -45.0000 2236.2244   12.4790
    0.0000  -30.0000  -45.0000 2238.2141   12.4903
    7.5000  -30.0000  -45.0000 2214.2156   12.6948
   -7.5000  -22.5000  -45.0000 2248.9902   12.3516
    0.0000  -22.5000  -45.0000 2248.7415   12.3640
    7.5000  -22.5000  -45.0000 2226.8086   12.5644
   -7.5000  -15.0000  -45.0000 2242.6355   12.3747
    0.0000  -15.0000  -45.0000 2251.0613   12.3905
    7.5000  -15.0000  -45.0000 2225.2539   12.6181
   -7.5000   -7.5000  -45.0000 2233.3555   12.5463
    0.0000   -7.5000  -45.0000 2243.4028   12.5451
    7.5000   -7.5000  -45.0000 2214.6367   12.7845
   -7.5000    0.0000  -45.0000 2206.5862   12.9051
    0.0000    0.0000  -45.0000 2213.8323   12.9070
    7.5000    0.0000  -45.0000 2188.0186   13.1308
   -7.5000    7.5000  -45.0000 2161.5220   13.5415
    0.0000    7.5000  -45.0000 2170.4836   13.4933
    7.5000    7.5000  -45.0000 2145.7214   13.7229
   -7.5000   15.0000  -45.0000 2105.5027   14.3910
    0.0000   15.0000  -45.0000 2115.3975   14.3065
    7.5000   15.0000  -45.0000 2088.6653   14.5870
   -7.5000   22.5000  -45.0000 2026.1093   15.5400
    0.0000   22.5000  -45.0000 2036.3862   15.4721
    7.5000   22.5000  -45.0000 2012.3995   15.8061
   -7.5000   30.0000  -45.0000 1931.7448   17.1157
    0.0000   30.0000  -45.0000 1942.7205   17.0445
    7.5000   30.0000  -45.0000 1919.3331   17.4714
   -7.5000   37.5000  -45.0000 1834.8105   19.3022
    0.0000   37.5000  -45.0000 1839.5790   19.2288
    7.5000   37.5000  -45.0000 1818.2510   19.6897
   -7.5000   45.0000  -45.0000 1714.0973   22.1672
    0.0000   45.0000  -45.0000 1721.3430   22.0114
    7.5000   45.0000  -45.0000 1701.5437   22.5377
   -7.5000  -45.0000  -37.5000 2291.9756   12.0394
    0.0000  -45.0000  -37.5000 2296.8962   12.0427
    7.5000  -45.0000  -37.5000 2278.7449   12.1994
   -7.5000  -37.5000  -37.5000 2318.3547   11.7060
    0.0000  -37.5000  -37.5000 2320.4600   11.7447
    7.5000  -37.5000  -37.5000 2301.2957   11.8980
   -7.5000  -30.0000  -37.5000 2339.0559   11.4543
    0.0000  -30.0000  -37.5000 2340.0234   11.4905
    7.5000  -30.0000  -37.5000 2310.3184   11.6742
   -7.5000  -22.5000  -37.5000 2351.3311   11.3048
    0.0000  -22.5000  -37.5000 2356.8560   11.3316
    7.5000  -22.5000  -37.5000 2325.8718   11.4878
   -7.5000  -15.0000  -37.5000 2357.1948   11.2545
    0.0000  -15.0000  -37.5000 2365.9221   11.2722
    7.5000  -15.0000  -37.5000 2332.7449   11.4514
   -7.5000   -7.5000  -37.5000 2347.6104   11.3921
    0.0000   -7.5000  -37.5000 2356.3137   11.4147
    7.5000   -7.5000  -37.5000 2330.2893   11.6034
   -7.5000    0.0000  -37.5000 2319.9683   11.7536
    0.0000    0.0000  -37.5000 2328.9407   11.7834
    7.5000    0.0000  -37.5000 2305.8350   11.9596
   -7.5000    7.5000  -37.5000 2272.0039   12.3801
    0.0000    7.5000  -37.5000 2283.9148   12.3624
    7.5000    7.5000  -37.5000 2256.1768   12.5427
   -7.5000   15.0000  -37.5000 2207.1855   13.1520
    0.0000   15.0000  -37.5000 2217.9019   13.1107
    7.5000   15.0000  -37.5000 2192.5708   13.3241
   -7.5000   22.5000  -37.5000 2125.8044   14.1573
    0.0000   22.5000  -37.5000 2134.2898   14.1209
    7.5000   22.5000  -37.5000 2111.4531   14.3828
   -7.5000   30.0000  -37.5000 2030.9729   15.5606
    0.0000   30.0000  -37.5000 2033.9369   15.5253
    7.5000   30.0000  -37.5000 2011.1300   15.8237
   -7.5000   37.5000  -37.5000 1923.6486   17.5514
    0.0000   37.5000  -37.5000 1925.4193   17.4865
    7.5000   37.5000  -37.5000 1904.2913   17.8537
   -7.5000   45.0000  -37.5000 1797.5977   20.1596
    0.0000   45.0000  -37.5000 1804.1987   20.0265
    7.5000   45.0000  -37.5000 1781.8502   20.4263
   -7.5000  -45.0000  -30.0000 2434.6545   11.5046
    0.0000  -45.0000  -30.0000 2440.0686   11.5268
    7.5000  -45.0000  -30.0000 2418.4038   11.6584
   -7.5000  -37.5000  -30.0000 2466.5806   11.1973
    0.0000  -37.5000  -30.0000 2471.3579   11.2293
    7.5000  -37.5000  -30.0000 2442.5828   11.3554
   -7.5000  -30.0000  -30.0000 2485.7361   10.9497
    0.0000  -30.0000  -30.0000 2492.6455   10.9870
    7.5000  -30.0000  -30.0000 2459.3052   11.1117
   -7.5000  -22.5000  -30.0000 2498.5706   10.7837
    0.0000  -22.5000  -30.0000 2510.6045   10.8025
    7.5000  -22.5000  -30.0000 2471.8696   10.9566
   -7.5000  -15.0000  -30.0000 2512.0957   10.6868
    0.0000  -15.0000  -30.0000 2519.3281   10.6878
    7.5000  -15.0000  -30.0000 2481.3645   10.8455
   -7.5000   -7.5000  -30.0000 2507.1589   10.7919
    0.0000   -7.5000  -30.0000 2514.7632   10.8259
    7.5000   -7.5000  -30.0000 2481.2739   10.9853
   -7.5000    0.0000  -30.0000 2476.2800   11.1736
    0.0000    0.0000  -30.0000 2484.1047   11.1948
    7.5000    0.0000  -30.0000 2451.5730   11.3599
   -7.5000    7.5000  -30.0000 2425.0740   11.7415
    0.0000    7.5000  -30.0000 2438.9019   11.7432
    7.5000    7.5000  -30.0000 2403.4478   11.9271
   -7.5000   15.0000  -30.0000 2350.1733   12.4668
    0.0000   15.0000  -30.0000 2362.2385   12.4560
    7.5000   15.0000  -30.0000 2334.9617   12.6385
   -7.5000   22.5000  -30.0000 2264.2278   13.3898
    0.0000   22.5000  -30.0000 2274.5574   13.3751
    7.5000   22.5000  -30.0000 2248.5085   13.6140
   -7.5000   30.0000  -30.0000 2160.7446   14.7035
    0.0000   30.0000  -30.0000 2164.8892   14.7031
    7.5000   30.0000  -30.0000 2138.6228   14.9273
   -7.5000   37.5000  -30.0000 2040.6976   16.5397
    0.0000   37.5000  -30.0000 2047.5172   16.4957
    7.5000   37.5000  -30.0000 2016.3832   16.7659
   -7.5000   45.0000  -30.0000 1910.2131   18.9693
    0.0000   45.0000  -30.0000 1915.7264   18.8992
    7.5000   45.0000  -30.0000 1886.2977   19.2120
   -7.5000  -45.0000  -22.5000 2549.1890   10.9876
    0.0000  -45.0000  -22.5000 2559.0591   10.9748
    7.5000  -45.0000  -22.5000 2531.6626   11.0703
   -7.5000  -37.5000  -22.5000 2588.1433   10.6407
    0.0000  -37.5000  -22.5000 2598.3848   10.6324
    7.5000  -37.5000  -22.5000 2568.7141   10.7379
   -7.5000  -30.0000  -22.5000 2610.6829   10.3910
    0.0000  -30.0000  -22.5000 2616.7668   10.4029
    7.5000  -30.0000  -22.5000 2583.7087   10.5196
   -7.5000  -22.5000  -22.5000 2625.4382   10.2295
    0.0000  -22.5000  -22.5000 2633.9375   10.2438
    7.5000  -22.5000  -22.5000 2596.3896   10.3817
   -7.5000  -15.0000  -22.5000 2632.2937   10.1271
    0.0000  -15.0000  -22.5000 2641.3281   10.1421
    7.5000  -15.0000  -22.5000 2604.7295   10.2955
   -7.5000   -7.5000  -22.5000 2630.5142   10.2300
    0.0000   -7.5000  -22.5000 2639.1211   10.2467
    7.5000   -7.5000  -22.5000 2602.9885   10.4078
   -7.5000    0.0000  -22.5000 2604.6169   10.5523
    0.0000    0.0000  -22.5000 2613.2009   10.5785
    7.5000    0.0000  -22.5000 2578.1829   10.7467
   -7.5000    7.5000  -22.5000 2554.8091   11.0502
    0.0000    7.5000  -22.5000 2569.3831   11.0589
    7.5000    7.5000  -22.5000 2530.7864   11.2349
   -7.5000   15.0000  -22.5000 2475.9438   11.7227
    0.0000   15.0000  -22.5000 2492.3625   11.7191
    7.5000   15.0000  -22.5000 2458.5657   11.8982
   -7.5000   22.5000  -22.5000 2378.0298   12.6063
    0.0000   22.5000  -22.5000 2392.7000   12.6192
    7.5000   22.5000  -22.5000 2363.1377   12.8063
   -7.5000   30.0000  -22.5000 2261.5339   13.8461
    0.0000   30.0000  -22.5000 2273.0825   13.8423
    7.5000   30.0000  -22.5000 2245.8323   14.0500
   -7.5000   37.5000  -22.5000 2136.8132   15.5253
    0.0000   37.5000  -22.5000 2147.1829   15.5035
    7.5000   37.5000  -22.5000 2116.4519   15.7450
   -7.5000   45.0000  -22.5000 1999.3137   17.7973
    0.0000   45.0000  -22.5000 2005.3114   17.7366
    7.5000   45.0000  -22.5000 1975.3859   18.0015
   -7.5000  -45.0000  -15.0000 2636.0715   10.4804
    0.0000  -45.0000  -15.0000 2649.7644   10.4118
    7.5000  -45.0000  -15.0000 2616.8245   10.5070
   -7.5000  -37.5000  -15.0000 2674.4666   10.1046
    0.0000  -37.5000  -15.0000 2691.1333   10.0753
    7.5000  -37.5000  -15.0000 2660.8787   10.1699
   -7.5000  -30.0000  -15.0000 2697.4368    9.8383
    0.0000  -30.0000  -15.0000 2708.2676    9.8142
    7.5000  -30.0000  -15.0000 2676.9587    9.9279
   -7.5000  -22.5000  -15.0000 2720.8511    9.6666
    0.0000  -22.5000  -15.0000 2730.9348    9.6593
    7.5000  -22.5000  -15.0000 2693.9934    9.7921
   -7.5000  -15.0000  -15.0000 2728.1555    9.6043
    0.0000  -15.0000  -15.0000 2736.6243    9.5909
    7.5000  -15.0000  -15.0000 2702.1658    9.7518
   -7.5000   -7.5000  -15.0000 2727.4783    9.7022
    0.0000   -7.5000  -15.0000 2741.1138    9.7248
    7.5000   -7.5000  -15.0000 2698.6699    9.8595
   -7.5000    0.0000  -15.0000 2705.2070    9.9930
    0.0000    0.0000  -15.0000 2721.7629   10.0057
    7.5000    0.0000  -15.0000 2680.4351   10.1534
   -7.5000    7.5000  -15.0000 2656.3799   10.4540
    0.0000    7.5000  -15.0000 2675.6973   10.4354
    7.5000    7.5000  -15.0000 2635.8279   10.6059
   -7.5000   15.0000  -15.0000 2575.5354   11.0536
    0.0000   15.0000  -15.0000 2594.6675   11.0314
    7.5000   15.0000  -15.0000 2559.3550   11.1996
   -7.5000   22.5000  -15.0000 2468.9951   11.9004
    0.0000   22.5000  -15.0000 2487.4116   11.8880
    7.5000   22.5000  -15.0000 2455.9917   12.0548
   -7.5000   30.0000  -15.0000 2341.9617   13.0684
    0.0000   30.0000  -15.0000 2356.3828   13.0583
    7.5000   30.0000  -15.0000 2331.0583   13.2395
   -7.5000   37.5000  -15.0000 2205.2129   14.6169
    0.0000   37.5000  -15.0000 2218.9363   14.6450
    7.5000   37.5000  -15.0000 2191.8984   14.8436
   -7.5000   45.0000  -15.0000 2058.7812   16.7104
    0.0000   45.0000  -15.0000 2068.6223   16.6883
    7.5000   45.0000  -15.0000 2041.6417   16.9120
   -7.5000  -45.0000   -7.5000 2684.9028    9.9927
    0.0000  -45.0000   -7.5000 2702.2131    9.9309
    7.5000  -45.0000   -7.5000 2678.6545   10.0384
   -7.5000  -37.5000   -7.5000 2737.3562    9.5775
    0.0000  -37.5000   -7.5000 2755.9482    9.5234
    7.5000  -37.5000   -7.5000 2727.1208    9.6361
   -7.5000  -30.0000   -7.5000 2767.4551    9.3077
    0.0000  -30.0000   -7.5000 2783.3352    9.2478
    7.5000  -30.0000   -7.5000 2753.4839    9.3627
   -7.5000  -22.5000   -7.5000 2793.2100    9.1423
    0.0000  -22.5000   -7.5000 2809.9526    9.0758
    7.5000  -22.5000   -7.5000 2768.9792    9.2124
   -7.5000  -15.0000   -7.5000 2809.6045    9.0806
    0.0000  -15.0000   -7.5000 2825.5723    9.0460
    7.5000  -15.0000   -7.5000 2782.7791    9.1886
   -7.5000   -7.5000   -7.5000 2815.9631    9.1799
    0.0000   -7.5000   -7.5000 2832.8247    9.1780
    7.5000   -7.5000   -7.5000 2788.9304    9.3195
   -7.5000    0.0000   -7.5000 2792.4910    9.4804
    0.0000    0.0000   -7.5000 2811.2083    9.4675
    7.5000    0.0000   -7.5000 2769.2163    9.5941
   -7.5000    7.5000   -7.5000 2737.8401    9.9077
    0.0000    7.5000   -7.5000 2759.2476    9.8676
    7.5000    7.5000   -7.5000 2721.6309   10.0048
   -7.5000   15.0000   -7.5000 2655.7004   10.4589
    0.0000   15.0000   -7.5000 2677.8552   10.4151
    7.5000   15.0000   -7.5000 2642.5354   10.5558
   -7.5000   22.5000   -7.5000 2541.9246   11.2604
    0.0000   22.5000   -7.5000 2563.3811   11.2242
    7.5000   22.5000   -7.5000 2530.7524   11.3812
   -7.5000   30.0000   -7.5000 2410.0369   12.3938
    0.0000   30.0000   -7.5000 2428.2302   12.3720
    7.5000   30.0000   -7.5000 2396.2952   12.5438
   -7.5000   37.5000   -7.5000 2264.1028   13.8626
    0.0000   37.5000   -7.5000 2274.7246   13.8673
    7.5000   37.5000   -7.5000 2252.1899   14.0565
   -7.5000   45.0000   -7.5000 2107.8003   15.8197
    0.0000   45.0000   -7.5000 2119.3821   15.7824
    7.5000   45.0000   -7.5000 2093.8047   16.0131
   -7.5000  -45.0000    0.0000 2715.3257    9.6271
    0.0000  -45.0000    0.0000 2735.2063    9.5419
    7.5000  -45.0000    0.0000 2710.7090    9.6556
   -7.5000  -37.5000    0.0000 2777.1536    9.1758
    0.0000  -37.5000    0.0000 2795.6350    9.1059
    7.5000  -37.5000    0.0000 2765.9329    9.2177
   -7.5000  -30.0000    0.0000 2818.8923    8.8805
    0.0000  -30.0000    0.0000 2837.8325    8.8275
    7.5000  -30.0000    0.0000 2808.8767    8.9513
   -7.5000  -22.5000    0.0000 2847.3994    8.7070
    0.0000  -22.5000    0.0000 2867.4236    8.6375
    7.5000  -22.5000    0.0000 2827.6404    8.7839
   -7.5000  -15.0000    0.0000 2873.1104    8.6340
    0.0000  -15.0000    0.0000 2892.1614    8.5773
    7.5000  -15.0000    0.0000 2845.8865    8.7292
   -7.5000   -7.5000    0.0000 2886.7976    8.7546
    0.0000   -7.5000    0.0000 2905.0161    8.7116
    7.5000   -7.5000    0.0000 2857.0100    8.8670
   -7.5000    0.0000    0.0000 2861.4114    9.0578
    0.0000    0.0000    0.0000 2882.5984    9.0171
    7.5000    0.0000    0.0000 2837.7686    9.1590
   -7.5000    7.5000    0.0000 2803.0667    9.4655
    0.0000    7.5000    0.0000 2827.1721    9.4026
    7.5000    7.5000    0.0000 2785.5833    9.5611
   -7.5000   15.0000    0.0000 2714.2412    9.9906
    0.0000   15.0000    0.0000 2739.8938    9.9222
    7.5000   15.0000    0.0000 2704.0571   10.0945
   -7.5000   22.5000    0.0000 2601.7893   10.7491
    0.0000   22.5000    0.0000 2623.1216   10.6950
    7.5000   22.5000    0.0000 2589.7437   10.8891
   -7.5000   30.0000    0.0000 2463.9487   11.8475
    0.0000   30.0000    0.0000 2482.7964   11.8210
    7.5000   30.0000    0.0000 2446.3723   12.0111
   -7.5000   37.5000    0.0000 2313.6240   13.2858
    0.0000   37.5000    0.0000 2326.5103   13.2822
    7.5000   37.5000    0.0000 2297.4121   13.4979
   -7.5000   45.0000    0.0000 2153.3997   15.1580
    0.0000   45.0000    0.0000 2161.7283   15.1344
    7.5000   45.0000    0.0000 2135.3542   15.3730
   -7.5000  -45.0000    7.5000 2727.3613    9.3978
    0.0000  -45.0000    7.5000 2746.0071    9.2812
    7.5000  -45.0000    7.5000 2723.7090    9.3853
   -7.5000  -37.5000    7.5000 2796.6321    8.9245
    0.0000  -37.5000    7.5000 2817.8535    8.8234
    7.5000  -37.5000    7.5000 2787.6504    8.9377
   -7.5000  -30.0000    7.5000 2852.9028    8.6160
    0.0000  -30.0000    7.5000 2871.9338    8.5334
    7.5000  -30.0000    7.5000 2838.1289    8.6596
   -7.5000  -22.5000    7.5000 2891.2151    8.4512
    0.0000  -22.5000    7.5000 2909.1821    8.3705
    7.5000  -22.5000    7.5000 2868.8174    8.5146
   -7.5000  -15.0000    7.5000 2920.8711    8.3871
    0.0000  -15.0000    7.5000 2936.2214    8.2979
    7.5000  -15.0000    7.5000 2884.7527    8.4942
   -7.5000   -7.5000    7.5000 2938.7712    8.4846
    0.0000   -7.5000    7.5000 2955.4172    8.3788
    7.5000   -7.5000    7.5000 2903.4683    8.6191
   -7.5000    0.0000    7.5000 2912.6194    8.7564
    0.0000    0.0000    7.5000 2933.9514    8.6710
    7.5000    0.0000    7.5000 2885.7236    8.8845
   -7.5000    7.5000    7.5000 2855.0339    9.1520
    0.0000    7.5000    7.5000 2877.3823    9.0678
    7.5000    7.5000    7.5000 2829.9976    9.2612
   -7.5000   15.0000    7.5000 2761.0493    9.6773
    0.0000   15.0000    7.5000 2785.1489    9.5987
    7.5000   15.0000    7.5000 2742.8298    9.7911
   -7.5000   22.5000    7.5000 2642.4617   10.4390
    0.0000   22.5000    7.5000 2662.5293   10.3728
    7.5000   22.5000    7.5000 2626.1030   10.5804
   -7.5000   30.0000    7.5000 2503.8198   11.5210
    0.0000   30.0000    7.5000 2519.7432   11.4896
    7.5000   30.0000    7.5000 2484.9104   11.6880
   -7.5000   37.5000    7.5000 2351.8137   12.9478
    0.0000   37.5000    7.5000 2363.3918   12.9405
    7.5000   37.5000    7.5000 2333.1885   13.1430
   -7.5000   45.0000    7.5000 2185.7153   14.7439
    0.0000   45.0000    7.5000 2193.8506   14.7214
    7.5000   45.0000    7.5000 2164.8623   14.9537
   -7.5000  -45.0000   15.0000 2717.9402    9.3159
    0.0000  -45.0000   15.0000 2739.5674    9.1930
    7.5000  -45.0000   15.0000 2719.0979    9.2976
   -7.5000  -37.5000   15.0000 2791.4570    8.8205
    0.0000  -37.5000   15.0000 2810.9272    8.7069
    7.5000  -37.5000   15.0000 2790.7202    8.8339
   -7.5000  -30.0000   15.0000 2858.8042    8.5387
    0.0000  -30.0000   15.0000 2876.2910    8.4209
    7.5000  -30.0000   15.0000 2848.7917    8.5564
   -7.5000  -22.5000   15.0000 2913.1294    8.3986
    0.0000  -22.5000   15.0000 2934.0286    8.2992
    7.5000  -22.5000   15.0000 2894.5605    8.4283
   -7.5000  -15.0000   15.0000 2948.4023    8.3934
    0.0000  -15.0000   15.0000 2971.2188    8.3135
    7.5000  -15.0000   15.0000 2918.2354    8.4599
   -7.5000   -7.5000   15.0000 2963.7935    8.4387
    0.0000   -7.5000   15.0000 2986.5334    8.3558
    7.5000   -7.5000   15.0000 2928.6138    8.5606
   -7.5000    0.0000   15.0000 2938.7939    8.6081
    0.0000    0.0000   15.0000 2959.6221    8.5487
    7.5000    0.0000   15.0000 2905.9729    8.7431
   -7.5000    7.5000   15.0000 2875.4573    8.9805
    0.0000    7.5000   15.0000 2898.3438    8.8983
    7.5000    7.5000   15.0000 2849.6179    9.0928
   -7.5000   15.0000   15.0000 2775.9417    9.5569
    0.0000   15.0000   15.0000 2797.0017    9.4920
    7.5000   15.0000   15.0000 2756.7053    9.6587
   -7.5000   22.5000   15.0000 2655.7612   10.3193
    0.0000   22.5000   15.0000 2673.4888   10.2773
    7.5000   22.5000   15.0000 2640.5669   10.4514
   -7.5000   30.0000   15.0000 2515.8914   11.3531
    0.0000   30.0000   15.0000 2531.0137   11.3575
    7.5000   30.0000   15.0000 2502.0579   11.5258
   -7.5000   37.5000   15.0000 2360.8486   12.7321
    0.0000   37.5000   15.0000 2372.1384   12.7774
    7.5000   37.5000   15.0000 2344.9609   12.9260
   -7.5000   45.0000   15.0000 2190.6389   14.4783
    0.0000   45.0000   15.0000 2203.8176   14.5093
    7.5000   45.0000   15.0000 2174.7539   14.6713
   -7.5000  -45.0000   22.5000 2691.7302    9.4477
    0.0000  -45.0000   22.5000 2708.4216    9.3068
    7.5000  -45.0000   22.5000 2695.1772    9.4279
   -7.5000  -37.5000   22.5000 2770.9512    8.9547
    0.0000  -37.5000   22.5000 2789.7832    8.8539
    7.5000  -37.5000   22.5000 2766.5469    8.9572
   -7.5000  -30.0000   22.5000 2844.3530    8.6310
    0.0000  -30.0000   22.5000 2865.5645    8.5806
    7.5000  -30.0000   22.5000 2830.5940    8.6590
   -7.5000  -22.5000   22.5000 2909.9624    8.4678
    0.0000  -22.5000   22.5000 2937.0090    8.4475
    7.5000  -22.5000   22.5000 2890.7712    8.5084
   -7.5000  -15.0000   22.5000 2952.3303    8.4498
    0.0000  -15.0000   22.5000 2984.5364    8.4289
    7.5000  -15.0000   22.5000 2923.1501    8.5212
   -7.5000   -7.5000   22.5000 2962.7278    8.4972
    0.0000   -7.5000   22.5000 2995.0754    8.4701
    7.5000   -7.5000   22.5000 2929.5410    8.5998
   -7.5000    0.0000   22.5000 2933.4270    8.6526
    0.0000    0.0000   22.5000 2955.5366    8.6290
    7.5000    0.0000   22.5000 2901.0308    8.7848
   -7.5000    7.5000   22.5000 2867.1409    9.0316
    0.0000    7.5000   22.5000 2886.8242    8.9939
    7.5000    7.5000   22.5000 2839.4744    9.1584
   -7.5000   15.0000   22.5000 2764.9070    9.6268
    0.0000   15.0000   22.5000 2780.9897    9.5827
    7.5000   15.0000   22.5000 2748.7468    9.7271
   -7.5000   22.5000   22.5000 2642.9451   10.3853
    0.0000   22.5000   22.5000 2659.4023   10.3238
    7.5000   22.5000   22.5000 2633.2515   10.4944
   -7.5000   30.0000   22.5000 2508.4548   11.3847
    0.0000   30.0000   22.5000 2520.8584   11.3530
    7.5000   30.0000   22.5000 2494.8694   11.5315
   -7.5000   37.5000   22.5000 2355.5520   12.7049
    0.0000   37.5000   22.5000 2360.6797   12.7048
    7.5000   37.5000   22.5000 2339.1604   12.9069
   -7.5000   45.0000   22.5000 2181.4265   14.4275
    0.0000   45.0000   22.5000 2196.4399   14.4457
    7.5000   45.0000   22.5000 2172.4731   14.6508
   -7.5000  -45.0000   30.0000 2646.0203    9.7647
    0.0000  -45.0000   30.0000 2668.2043    9.6689
    7.5000  -45.0000   30.0000 2644.9297    9.7731
   -7.5000  -37.5000   30.0000 2728.4883    9.2132
    0.0000  -37.5000   30.0000 2751.5837    9.1566
    7.5000  -37.5000   30.0000 2724.2517    9.2342
   -7.5000  -30.0000   30.0000 2809.7720    8.8474
    0.0000  -30.0000   30.0000 2832.8386    8.8109
    7.5000  -30.0000   30.0000 2799.3586    8.8925
   -7.5000  -22.5000   30.0000 2883.2939    8.6571
    0.0000  -22.5000   30.0000 2914.0862    8.5986
    7.5000  -22.5000   30.0000 2862.7695    8.7127
   -7.5000  -15.0000   30.0000 2932.9780    8.5761
    0.0000  -15.0000   30.0000 2964.0002    8.4937
    7.5000  -15.0000   30.0000 2900.5459    8.6751
   -7.5000   -7.5000   30.0000 2946.8967    8.6068
    0.0000   -7.5000   30.0000 2972.1538    8.5216
    7.5000   -7.5000   30.0000 2910.2097    8.7387
   -7.5000    0.0000   30.0000 2906.8113    8.8340
    0.0000    0.0000   30.0000 2926.1238    8.7582
    7.5000    0.0000   30.0000 2878.4963    8.9580
   -7.5000    7.5000   30.0000 2834.2571    9.2516
    0.0000    7.5000   30.0000 2855.3467    9.1839
    7.5000    7.5000   30.0000 2811.2617    9.3660
   -7.5000   15.0000   30.0000 2723.4119    9.8806
    0.0000   15.0000   30.0000 2742.9094    9.8186
    7.5000   15.0000   30.0000 2712.9106    9.9830
   -7.5000   22.5000   30.0000 2604.0447   10.6487
    0.0000   22.5000   30.0000 2616.1638   10.6000
    7.5000   22.5000   30.0000 2594.8772   10.7748
   -7.5000   30.0000   30.0000 2473.4321   11.6296
    0.0000   30.0000   30.0000 2482.0164   11.6285
    7.5000   30.0000   30.0000 2459.5688   11.7762
   -7.5000   37.5000   30.0000 2322.6218   12.9013
    0.0000   37.5000   30.0000 2331.3352   12.9095
    7.5000   37.5000   30.0000 2309.1287   13.0721
   -7.5000   45.0000   30.0000 2153.3567   14.5433
    0.0000   45.0000   30.0000 2168.2341   14.5397
    7.5000   45.0000   30.0000 2147.1401   14.7399
   -7.5000  -45.0000   37.5000 2596.4570   10.2033
    0.0000  -45.0000   37.5000 2617.8379   10.1112
    7.5000  -45.0000   37.5000 2599.4138   10.2328
   -7.5000  -37.5000   37.5000 2682.4988    9.5848
    0.0000  -37.5000   37.5000 2703.7788    9.5130
    7.5000  -37.5000   37.5000 2680.2678    9.6262
   -7.5000  -30.0000   37.5000 2765.5007    9.1739
    0.0000  -30.0000   37.5000 2787.1782    9.1006
    7.5000  -30.0000   37.5000 2755.6863    9.2304
   -7.5000  -22.5000   37.5000 2835.8794    8.9586
    0.0000  -22.5000   37.5000 2863.5046    8.8696
    7.5000  -22.5000   37.5000 2821.1868    9.0341
   -7.5000  -15.0000   37.5000 2889.0774    8.8663
    0.0000  -15.0000   37.5000 2914.5344    8.7641
    7.5000  -15.0000   37.5000 2861.9119    8.9968
   -7.5000   -7.5000   37.5000 2894.8120    8.9348
    0.0000   -7.5000   37.5000 2920.8000    8.8479
    7.5000   -7.5000   37.5000 2866.0220    9.0725
   -7.5000    0.0000   37.5000 2852.5063    9.1886
    0.0000    0.0000   37.5000 2872.2751    9.1057
    7.5000    0.0000   37.5000 2827.7429    9.3080
   -7.5000    7.5000   37.5000 2778.0491    9.6050
    0.0000    7.5000   37.5000 2797.3679    9.5102
    7.5000    7.5000   37.5000 2758.5959    9.7038
   -7.5000   15.0000   37.5000 2675.7046   10.1969
    0.0000   15.0000   37.5000 2695.1443   10.1131
    7.5000   15.0000   37.5000 2665.3391   10.3087
   -7.5000   22.5000   37.5000 2551.5774   11.0155
    0.0000   22.5000   37.5000 2565.6777   10.9584
    7.5000   22.5000   37.5000 2543.2380   11.1265
   -7.5000   30.0000   37.5000 2424.0525   12.0260
    0.0000   30.0000   37.5000 2434.9795   12.0009
    7.5000   30.0000   37.5000 2409.7356   12.1448
   -7.5000   37.5000   37.5000 2271.4773   13.2716
    0.0000   37.5000   37.5000 2283.7468   13.2753
    7.5000   37.5000   37.5000 2261.1416   13.4337
   -7.5000   45.0000   37.5000 2111.2190   14.8692
    0.0000   45.0000   37.5000 2123.5291   14.8735
    7.5000   45.0000   37.5000 2105.4167   15.0419
   -7.5000  -45.0000   45.0000 2542.6426   10.7432
    0.0000  -45.0000   45.0000 2564.3123   10.6104
    7.5000  -45.0000   45.0000 2543.9558   10.7994
   -7.5000  -37.5000   45.0000 2630.7666   10.0789
    0.0000  -37.5000   45.0000 2649.3340    9.9625
    7.5000  -37.5000   45.0000 2624.1284   10.1235
   -7.5000  -30.0000   45.0000 2704.8325    9.6242
    0.0000  -30.0000   45.0000 2724.6309    9.5304
    7.5000  -30.0000   45.0000 2699.3650    9.7014
   -7.5000  -22.5000   45.0000 2775.3523    9.3735
    0.0000  -22.5000   45.0000 2796.0696    9.2770
    7.5000  -22.5000   45.0000 2764.1025    9.4800
   -7.5000  -15.0000   45.0000 2814.0283    9.2993
    0.0000  -15.0000   45.0000 2837.7324    9.2107
    7.5000  -15.0000   45.0000 2801.9761    9.4256
   -7.5000   -7.5000   45.0000 2817.1870    9.4043
    0.0000   -7.5000   45.0000 2839.5991    9.3328
    7.5000   -7.5000   45.0000 2800.4543    9.5417
   -7.5000    0.0000   45.0000 2773.1270    9.6895
    0.0000    0.0000   45.0000 2788.5820    9.6229
    7.5000    0.0000   45.0000 2754.5493    9.8269
   -7.5000    7.5000   45.0000 2702.1277   10.1211
    0.0000    7.5000   45.0000 2716.9675   10.0490
    7.5000    7.5000   45.0000 2685.1118   10.2452
   -7.5000   15.0000   45.0000 2609.2363   10.7033
    0.0000   15.0000   45.0000 2630.0481   10.6219
    7.5000   15.0000   45.0000 2594.6667   10.8160
   -7.5000   22.5000   45.0000 2491.8247   11.4806
    0.0000   22.5000   45.0000 2506.8745   11.4301
    7.5000   22.5000   45.0000 2482.8352   11.6026
   -7.5000   30.0000   45.0000 2362.9570   12.4734
    0.0000   30.0000   45.0000 2375.1755   12.4408
    7.5000   30.0000   45.0000 2355.5476   12.6069
   -7.5000   37.5000   45.0000 2211.4080   13.7524
    0.0000   37.5000   45.0000 2225.7891   13.7514
    7.5000   37.5000   45.0000 2207.2312   13.8983
   -7.5000   45.0000   45.0000 2058.3940   15.3772
    0.0000   45.0000   45.0000 2074.7017   15.3610
    7.5000   45.0000   45.0000 2049.3218   15.5340

---------------------------------------------------------------------
imgreg_4dfp /opt/freesurfer/average/711-2C_as_mni_average_305 /opt/freesurfer/average/711-2B_as_mni_average_305_mask talsrcimg_g11 none talsrcimg_to_711-2C_as_mni_average_305_t4 1283
---------------------------------------------------------------------

freesurfer imgreg_4dfp.c
/opt/freesurfer/average/711-2C_as_mni_average_305.4dfp.img
       256       256       256         1
  1.000000  1.000000  1.000000
orientation T byte_order littleendian
Reading image: /opt/freesurfer/average/711-2C_as_mni_average_305.4dfp.img
dimensions:      256       256       256
mmppix:       1.0000   -1.0000   -1.0000
center:     128.0000 -129.0000 -129.0000
/opt/freesurfer/average/711-2B_as_mni_average_305_mask.4dfp.img
       256       256       256         1
  1.000000  1.000000  1.000000
orientation T byte_order littleendian
Reading mask: /opt/freesurfer/average/711-2B_as_mni_average_305_mask.4dfp.img (2306576 pixels)
talsrcimg_g11.4dfp.img
       256       256       256         1
  1.000000  1.000000  1.000000
orientation T byte_order littleendian
Reading image: talsrcimg_g11.4dfp.img
dimensions:      256       256       256
mmppix:       1.0000   -1.0000   -1.0000
center:     128.0000 -129.0000 -129.0000
rotation matrix determinant  1.000000
fimgreg.f
image alignment mode   1283 decimal      503 hex
parameters
    0.0000   -7.5000   22.5000    0.0000    0.0000    0.0000
eta,q 0.93857  8.48560
niter,ni,del,rscale     5    3   12.0000    1.2000
parameter  2  0.545660 ->  0.500000 qaram    1.1500
parameter  4  1.666067 ->  0.500000 qaram    1.1500
parameters
   -1.1456  -10.9500   22.2404   -3.4500   -1.9529    0.9733
eta,q 0.94682  8.38893
  0.0692  0.0588  0.0604  0.0515  0.0562  0.0599
  0.0628  0.0569  0.0588  0.0537  0.0540  0.0567
  0.0594  0.0570  0.0573  0.0552  0.0533  0.0542
  0.0600  0.0590  0.0569  0.0568  0.0542  0.0533
  0.0642  0.0621  0.0580  0.0590  0.0563  0.0533
  0.0708  0.0659  0.0592  0.0627  0.0586  0.0542
  0.0783  0.0704  0.0609  0.0665  0.0616  0.0567
niter,ni,del,rscale     6    3   12.0000    1.2000
parameter  4  2.439771 ->  0.500000 qaram    1.3225
parameters
   -0.5822  -10.4168   21.1293   -7.4175   -2.3249    0.6963
eta,q 0.95168  8.33886
  0.0707  0.0649  0.0555  0.0469  0.0537  0.0541
  0.0626  0.0585  0.0536  0.0478  0.0514  0.0507
  0.0562  0.0541  0.0527  0.0501  0.0496  0.0487
  0.0532  0.0530  0.0531  0.0528  0.0483  0.0484
  0.0539  0.0539  0.0539  0.0550  0.0492  0.0493
  0.0587  0.0566  0.0555  0.0574  0.0521  0.0519
  0.0655  0.0613  0.0583  0.0612  0.0558  0.0548
niter,ni,del,rscale     6    3   12.0000    1.2000
parameter  4  1.658494 ->  0.500000 qaram    1.5209
parameters
   -0.5485   -9.0223   21.0037  -11.9801   -2.0452    0.4556
eta,q 0.95571  8.31773
  0.0654  0.0640  0.0523  0.0434  0.0505  0.0500
  0.0577  0.0569  0.0497  0.0440  0.0478  0.0474
  0.0509  0.0512  0.0485  0.0457  0.0458  0.0452
  0.0483  0.0483  0.0480  0.0480  0.0444  0.0443
  0.0507  0.0484  0.0484  0.0513  0.0442  0.0453
  0.0570  0.0510  0.0498  0.0549  0.0464  0.0480
  0.0653  0.0550  0.0529  0.0574  0.0502  0.0511
niter,ni,del,rscale     6    3   12.0000    1.2000
parameter  4  0.500732 ->  0.500000 qaram    1.7490
parameters
   -0.8349   -6.9511   19.6998  -17.2272   -1.8386   -0.2936
eta,q 0.96163  8.27511
  0.0601  0.0611  0.0463  0.0444  0.0483  0.0442
  0.0523  0.0529  0.0438  0.0393  0.0437  0.0411
  0.0461  0.0474  0.0430  0.0392  0.0403  0.0389
  0.0443  0.0442  0.0433  0.0430  0.0386  0.0386
  0.0474  0.0433  0.0445  0.0474  0.0394  0.0406
  0.0546  0.0446  0.0469  0.0518  0.0428  0.0437
  0.0632  0.0484  0.0512  0.0550  0.0473  0.0474
niter,ni,del,rscale     6    3   12.0000    1.2000
parameters
   -1.1008   -5.3572   18.4541  -17.9646   -1.5733   -0.1565
eta,q 0.96194  8.29545
  0.0568  0.0565  0.0445  0.0488  0.0474  0.0447
  0.0480  0.0487  0.0402  0.0456  0.0425  0.0419
  0.0410  0.0419  0.0380  0.0408  0.0392  0.0395
  0.0384  0.0384  0.0386  0.0379  0.0381  0.0381
  0.0417  0.0389  0.0416  0.0407  0.0391  0.0389
  0.0503  0.0408  0.0461  0.0469  0.0419  0.0411
  0.0605  0.0453  0.0515  0.0533  0.0456  0.0445
niter,ni,del,rscale     5    3   12.0000    1.2000
parameters
   -1.1891   -5.2544   18.1800  -18.4085   -1.4890   -0.0949
eta,q 0.96174  8.28954
  0.0562  0.0497  0.0472  0.0486  0.0470  0.0446
  0.0481  0.0431  0.0421  0.0457  0.0422  0.0420
  0.0413  0.0386  0.0389  0.0413  0.0392  0.0396
  0.0381  0.0381  0.0381  0.0381  0.0383  0.0383
  0.0403  0.0389  0.0400  0.0397  0.0394  0.0391
  0.0482  0.0426  0.0436  0.0457  0.0423  0.0415
  0.0582  0.0489  0.0485  0.0521  0.0461  0.0447
niter,ni,del,rscale     4    3   12.0000    1.2000
parameters
   -1.2306   -5.1276   18.0015  -18.7277   -1.4387   -0.0175
eta,q 0.96165  8.28721
  0.0568  0.0494  0.0475  0.0484  0.0470  0.0447
  0.0486  0.0430  0.0423  0.0455  0.0423  0.0422
  0.0416  0.0390  0.0391  0.0416  0.0394  0.0398
  0.0383  0.0383  0.0383  0.0382  0.0384  0.0384
  0.0404  0.0389  0.0401  0.0394  0.0396  0.0393
  0.0483  0.0424  0.0435  0.0452  0.0426  0.0416
  0.0582  0.0486  0.0482  0.0515  0.0463  0.0448
niter,ni,del,rscale     3    3   12.0000    1.2000
parameters
   -1.2591   -5.0195   17.8779  -18.9605   -1.4040    0.0476
eta,q 0.96157  8.28599
  0.0572  0.0491  0.0477  0.0483  0.0471  0.0448
  0.0489  0.0429  0.0425  0.0454  0.0425  0.0424
  0.0418  0.0393  0.0393  0.0417  0.0395  0.0399
  0.0383  0.0384  0.0384  0.0383  0.0384  0.0384
  0.0405  0.0389  0.0401  0.0393  0.0397  0.0394
  0.0485  0.0425  0.0434  0.0448  0.0427  0.0418
  0.0584  0.0484  0.0480  0.0511  0.0465  0.0450
niter,ni,del,rscale     2    3   12.0000    1.2000
parameters
   -1.2803   -4.9362   17.7876  -19.1450   -1.3783    0.0976
eta,q 0.96151  8.28477
  0.0575  0.0488  0.0479  0.0483  0.0471  0.0449
  0.0491  0.0429  0.0425  0.0453  0.0426  0.0425
  0.0419  0.0395  0.0393  0.0418  0.0396  0.0399
  0.0384  0.0384  0.0384  0.0384  0.0385  0.0385
  0.0407  0.0390  0.0402  0.0392  0.0398  0.0395
  0.0487  0.0426  0.0434  0.0445  0.0428  0.0419
  0.0586  0.0484  0.0479  0.0508  0.0467  0.0451
niter,ni,del,rscale     1    3   12.0000    1.2000
parameters
   -1.2976   -4.8639   17.7209  -19.2913   -1.3548    0.1344
eta,q 0.96145  8.28400
  0.0577  0.0486  0.0480  0.0482  0.0472  0.0450
  0.0493  0.0430  0.0426  0.0451  0.0427  0.0425
  0.0420  0.0397  0.0394  0.0419  0.0398  0.0400
  0.0385  0.0385  0.0385  0.0385  0.0386  0.0386
  0.0408  0.0391  0.0402  0.0392  0.0398  0.0396
  0.0488  0.0426  0.0434  0.0443  0.0429  0.0420
  0.0588  0.0483  0.0478  0.0506  0.0468  0.0452
registration optimization eta report
parameter search radius
    6.0000    6.9000    6.0000   10.4940    6.0000    6.0000
100000*second partial in parameter space
       54.       21.       26.        9.       23.       17.
  0.0577  0.0486  0.0480  0.0482  0.0472  0.0450
  0.0493  0.0430  0.0426  0.0451  0.0427  0.0425
  0.0420  0.0397  0.0394  0.0419  0.0398  0.0400
  0.0385  0.0385  0.0385  0.0385  0.0386  0.0386
  0.0408  0.0391  0.0402  0.0392  0.0398  0.0396
  0.0488  0.0426  0.0434  0.0443  0.0429  0.0420
  0.0588  0.0483  0.0478  0.0506  0.0468  0.0452
   -1.2976   -4.8639   17.7209  -19.2913   -1.3548    0.1344
eta,q 0.96145  8.28400

---------------------------------------------------------------------
imgreg_4dfp /opt/freesurfer/average/711-2C_as_mni_average_305 /opt/freesurfer/average/711-2B_as_mni_average_305_mask talsrcimg_g11 none talsrcimg_to_711-2C_as_mni_average_305_t4 3335
---------------------------------------------------------------------

freesurfer imgreg_4dfp.c
/opt/freesurfer/average/711-2C_as_mni_average_305.4dfp.img
       256       256       256         1
  1.000000  1.000000  1.000000
orientation T byte_order littleendian
Reading image: /opt/freesurfer/average/711-2C_as_mni_average_305.4dfp.img
dimensions:      256       256       256
mmppix:       1.0000   -1.0000   -1.0000
center:     128.0000 -129.0000 -129.0000
/opt/freesurfer/average/711-2B_as_mni_average_305_mask.4dfp.img
       256       256       256         1
  1.000000  1.000000  1.000000
orientation T byte_order littleendian
Reading mask: /opt/freesurfer/average/711-2B_as_mni_average_305_mask.4dfp.img (2306576 pixels)
talsrcimg_g11.4dfp.img
       256       256       256         1
  1.000000  1.000000  1.000000
orientation T byte_order littleendian
Reading image: talsrcimg_g11.4dfp.img
dimensions:      256       256       256
mmppix:       1.0000   -1.0000   -1.0000
center:     128.0000 -129.0000 -129.0000
fimgreg.f
image alignment mode   3335 decimal      D07 hex
parameters
   -1.2976   -4.8639   17.7209   -0.0282   -5.6170   -5.6413
   -1.0025    2.1541    0.2345   33.0423   -2.3644  -33.0279
eta,q 0.96314  8.34247
niter,ni,del,rscale     5    3    5.0000    1.2000
parameter  4  1.421103 ->  0.500000 qaram    1.1500
parameter  5  1.047744 ->  0.500000 qaram    1.1500
parameter 10  1.048582 ->  0.500000 qaram    1.1500
parameter 11  0.535277 ->  0.500000 qaram    1.1500
parameters
   -1.5538   -4.5187   17.8759   -4.1682   -9.7570   -8.5881
    0.1246    2.3501    1.2232   28.9023   -6.5044  -36.1361
eta,q 0.97079  8.10121
  0.0394  0.0390  0.0385  0.0317  0.0314  0.0319  0.0348  0.0361  0.0335  0.0293  0.0296  0.0296
  0.0379  0.0379  0.0376  0.0325  0.0316  0.0316  0.0332  0.0337  0.0324  0.0295  0.0294  0.0293
  0.0370  0.0372  0.0370  0.0342  0.0321  0.0314  0.0320  0.0320  0.0317  0.0302  0.0294  0.0292
  0.0369  0.0368  0.0368  0.0368  0.0329  0.0317  0.0314  0.0313  0.0313  0.0313  0.0296  0.0294
  0.0374  0.0368  0.0369  0.0401  0.0341  0.0325  0.0314  0.0317  0.0314  0.0328  0.0299  0.0299
  0.0388  0.0373  0.0373  0.0438  0.0356  0.0343  0.0321  0.0333  0.0318  0.0348  0.0303  0.0306
  0.0408  0.0380  0.0381  0.0476  0.0372  0.0372  0.0332  0.0357  0.0325  0.0370  0.0309  0.0316
niter,ni,del,rscale     7    3    5.0000    1.2000
parameter  4  0.686176 ->  0.500000 qaram    1.3225
parameters
   -1.7610   -4.4816   17.7239   -8.9292  -11.6337   -8.4880
    0.9338    2.4704    3.1933   27.2880   -7.4074  -36.0107
eta,q 0.97209  7.86023
  0.0323  0.0316  0.0303  0.0277  0.0295  0.0292  0.0309  0.0317  0.0306  0.0297  0.0283  0.0292
  0.0304  0.0303  0.0297  0.0282  0.0288  0.0285  0.0296  0.0298  0.0296  0.0286  0.0280  0.0284
  0.0294  0.0294  0.0293  0.0285  0.0283  0.0282  0.0287  0.0286  0.0288  0.0280  0.0279  0.0280
  0.0292  0.0292  0.0292  0.0292  0.0283  0.0283  0.0283  0.0282  0.0282  0.0280  0.0279  0.0279
  0.0299  0.0294  0.0294  0.0310  0.0289  0.0283  0.0283  0.0285  0.0280  0.0287  0.0280  0.0281
  0.0314  0.0302  0.0299  0.0341  0.0301  0.0284  0.0289  0.0296  0.0283  0.0300  0.0282  0.0284
  0.0335  0.0315  0.0307  0.0380  0.0315  0.0291  0.0300  0.0315  0.0290  0.0318  0.0284  0.0291
niter,ni,del,rscale     7    3    5.0000    1.2000
parameters
   -1.6636   -4.5520   18.0826  -12.7365  -11.9664   -9.7481
    0.0762    2.4428    2.2592   26.4784   -6.0727  -35.0581
eta,q 0.97305  7.60190
  0.0311  0.0302  0.0294  0.0281  0.0292  0.0280  0.0291  0.0312  0.0284  0.0293  0.0281  0.0286
  0.0294  0.0289  0.0287  0.0273  0.0283  0.0274  0.0279  0.0291  0.0276  0.0280  0.0276  0.0277
  0.0284  0.0281  0.0282  0.0273  0.0276  0.0271  0.0272  0.0276  0.0271  0.0272  0.0273  0.0272
  0.0279  0.0279  0.0279  0.0279  0.0272  0.0272  0.0271  0.0271  0.0271  0.0270  0.0270  0.0270
  0.0281  0.0283  0.0279  0.0285  0.0275  0.0276  0.0277  0.0276  0.0275  0.0276  0.0270  0.0270
  0.0290  0.0291  0.0282  0.0298  0.0284  0.0280  0.0288  0.0291  0.0282  0.0288  0.0272  0.0273
  0.0307  0.0304  0.0288  0.0328  0.0297  0.0287  0.0303  0.0313  0.0293  0.0303  0.0276  0.0279
niter,ni,del,rscale     6    3    5.0000    1.2000
parameters
   -1.6837   -4.7022   17.8450  -12.8492  -11.8476  -10.3349
    0.0290    2.4695    1.8185   26.1617   -5.9317  -35.0698
eta,q 0.97318  7.57632
  0.0303  0.0289  0.0281  0.0297  0.0289  0.0283  0.0295  0.0313  0.0284  0.0294  0.0279  0.0280
  0.0285  0.0277  0.0274  0.0279  0.0280  0.0274  0.0281  0.0290  0.0275  0.0280  0.0273  0.0273
  0.0273  0.0271  0.0270  0.0269  0.0273  0.0269  0.0271  0.0274  0.0270  0.0271  0.0270  0.0270
  0.0270  0.0270  0.0269  0.0269  0.0269  0.0269  0.0268  0.0268  0.0268  0.0268  0.0268  0.0268
  0.0274  0.0274  0.0272  0.0277  0.0271  0.0274  0.0272  0.0274  0.0272  0.0273  0.0269  0.0270
  0.0286  0.0282  0.0278  0.0283  0.0278  0.0279  0.0281  0.0290  0.0278  0.0284  0.0273  0.0274
  0.0304  0.0294  0.0286  0.0294  0.0290  0.0285  0.0295  0.0312  0.0289  0.0298  0.0278  0.0280
niter,ni,del,rscale     5    3    5.0000    1.2000
parameters
   -1.6798   -4.7752   17.6813  -12.9500  -11.7682  -10.6266
    0.0242    2.4702    1.6885   26.0419   -5.9656  -35.1181
eta,q 0.97324  7.56326
  0.0303  0.0290  0.0281  0.0297  0.0288  0.0284  0.0294  0.0312  0.0285  0.0296  0.0278  0.0280
  0.0284  0.0277  0.0273  0.0279  0.0279  0.0275  0.0280  0.0290  0.0276  0.0280  0.0273  0.0273
  0.0272  0.0270  0.0269  0.0268  0.0272  0.0269  0.0271  0.0273  0.0270  0.0271  0.0269  0.0269
  0.0268  0.0268  0.0268  0.0268  0.0268  0.0268  0.0268  0.0268  0.0268  0.0268  0.0268  0.0268
  0.0272  0.0272  0.0270  0.0276  0.0269  0.0273  0.0271  0.0274  0.0270  0.0272  0.0269  0.0269
  0.0284  0.0280  0.0276  0.0283  0.0277  0.0278  0.0280  0.0290  0.0277  0.0282  0.0273  0.0273
  0.0303  0.0291  0.0285  0.0293  0.0289  0.0284  0.0294  0.0312  0.0287  0.0297  0.0279  0.0280
niter,ni,del,rscale     4    3    5.0000    1.2000
parameters
   -1.6858   -4.7967   17.5910  -12.9933  -11.7474  -10.7796
    0.0281    2.4614    1.6677   26.0102   -6.0207  -35.1590
eta,q 0.97327  7.55677
  0.0302  0.0290  0.0281  0.0298  0.0287  0.0285  0.0294  0.0312  0.0286  0.0296  0.0278  0.0280
  0.0284  0.0277  0.0273  0.0279  0.0278  0.0275  0.0280  0.0290  0.0276  0.0281  0.0273  0.0272
  0.0272  0.0270  0.0269  0.0268  0.0271  0.0269  0.0271  0.0273  0.0270  0.0271  0.0269  0.0269
  0.0268  0.0268  0.0268  0.0268  0.0267  0.0267  0.0267  0.0267  0.0267  0.0267  0.0267  0.0267
  0.0272  0.0271  0.0270  0.0276  0.0269  0.0272  0.0271  0.0274  0.0270  0.0271  0.0269  0.0269
  0.0284  0.0279  0.0275  0.0283  0.0277  0.0278  0.0280  0.0290  0.0276  0.0282  0.0273  0.0273
  0.0303  0.0290  0.0283  0.0293  0.0289  0.0284  0.0294  0.0312  0.0286  0.0296  0.0279  0.0280
niter,ni,del,rscale     3    3    5.0000    1.2000
parameters
   -1.6909   -4.7983   17.5413  -13.0139  -11.7484  -10.8733
    0.0187    2.4543    1.6769   26.0112   -6.0615  -35.1779
eta,q 0.97328  7.55285
  0.0302  0.0290  0.0282  0.0298  0.0287  0.0285  0.0294  0.0312  0.0286  0.0296  0.0278  0.0279
  0.0283  0.0277  0.0274  0.0279  0.0278  0.0275  0.0280  0.0290  0.0276  0.0281  0.0273  0.0272
  0.0271  0.0270  0.0269  0.0268  0.0271  0.0269  0.0270  0.0273  0.0270  0.0271  0.0269  0.0268
  0.0267  0.0267  0.0267  0.0267  0.0267  0.0267  0.0267  0.0267  0.0267  0.0267  0.0267  0.0267
  0.0271  0.0270  0.0269  0.0276  0.0269  0.0272  0.0271  0.0274  0.0270  0.0271  0.0269  0.0269
  0.0284  0.0278  0.0274  0.0283  0.0276  0.0278  0.0280  0.0290  0.0276  0.0281  0.0272  0.0273
  0.0303  0.0289  0.0283  0.0293  0.0289  0.0284  0.0294  0.0312  0.0286  0.0296  0.0278  0.0279
niter,ni,del,rscale     2    3    5.0000    1.2000
parameters
   -1.6932   -4.7957   17.5106  -13.0266  -11.7624  -10.9331
    0.0090    2.4507    1.6878   26.0223   -6.0921  -35.1937
eta,q 0.97329  7.55012
  0.0302  0.0290  0.0282  0.0298  0.0287  0.0285  0.0294  0.0312  0.0286  0.0296  0.0278  0.0279
  0.0283  0.0277  0.0274  0.0279  0.0278  0.0275  0.0280  0.0290  0.0276  0.0281  0.0273  0.0272
  0.0271  0.0270  0.0269  0.0268  0.0271  0.0269  0.0270  0.0273  0.0270  0.0271  0.0269  0.0268
  0.0267  0.0267  0.0267  0.0267  0.0267  0.0267  0.0267  0.0267  0.0267  0.0267  0.0267  0.0267
  0.0271  0.0270  0.0269  0.0276  0.0269  0.0272  0.0271  0.0274  0.0270  0.0271  0.0268  0.0269
  0.0283  0.0278  0.0274  0.0283  0.0276  0.0278  0.0280  0.0290  0.0276  0.0281  0.0272  0.0273
  0.0302  0.0289  0.0282  0.0293  0.0289  0.0284  0.0294  0.0312  0.0286  0.0296  0.0278  0.0279
niter,ni,del,rscale     1    3    5.0000    1.2000
parameters
   -1.6949   -4.7912   17.4916  -13.0376  -11.7689  -10.9716
    0.0079    2.4479    1.6992   26.0271   -6.1114  -35.2030
eta,q 0.97329  7.54828
  0.0302  0.0290  0.0282  0.0298  0.0287  0.0286  0.0294  0.0312  0.0286  0.0296  0.0278  0.0279
  0.0283  0.0277  0.0274  0.0279  0.0278  0.0276  0.0280  0.0290  0.0276  0.0281  0.0273  0.0272
  0.0271  0.0269  0.0269  0.0268  0.0271  0.0269  0.0270  0.0273  0.0269  0.0271  0.0269  0.0268
  0.0267  0.0267  0.0267  0.0267  0.0267  0.0267  0.0267  0.0267  0.0267  0.0267  0.0267  0.0267
  0.0271  0.0270  0.0269  0.0276  0.0269  0.0272  0.0271  0.0273  0.0270  0.0271  0.0268  0.0269
  0.0283  0.0278  0.0274  0.0283  0.0276  0.0278  0.0280  0.0290  0.0276  0.0281  0.0272  0.0273
  0.0302  0.0289  0.0282  0.0293  0.0289  0.0284  0.0294  0.0312  0.0286  0.0296  0.0278  0.0279
registration optimization eta report
parameter search radius
    2.4000    2.4000    2.4000    9.5220    8.2800    7.2000
    7.2000    7.2000    7.2000    8.2800    8.2800    7.2000
100000*second partial in parameter space
       61.       39.       26.        3.        3.        3.
        5.        9.        4.        4.        2.        2.
  0.0302  0.0290  0.0282  0.0298  0.0287  0.0286  0.0294  0.0312  0.0286  0.0296  0.0278  0.0279
  0.0283  0.0277  0.0274  0.0279  0.0278  0.0276  0.0280  0.0290  0.0276  0.0281  0.0273  0.0272
  0.0271  0.0269  0.0269  0.0268  0.0271  0.0269  0.0270  0.0273  0.0269  0.0271  0.0269  0.0268
  0.0267  0.0267  0.0267  0.0267  0.0267  0.0267  0.0267  0.0267  0.0267  0.0267  0.0267  0.0267
  0.0271  0.0270  0.0269  0.0276  0.0269  0.0272  0.0271  0.0273  0.0270  0.0271  0.0268  0.0269
  0.0283  0.0278  0.0274  0.0283  0.0276  0.0278  0.0280  0.0290  0.0276  0.0281  0.0272  0.0273
  0.0302  0.0289  0.0282  0.0293  0.0289  0.0284  0.0294  0.0312  0.0286  0.0296  0.0278  0.0279
   -1.6949   -4.7912   17.4916  -13.0376  -11.7689  -10.9716
    0.0079    2.4479    1.6992   26.0271   -6.1114  -35.2030
eta,q 0.97329  7.54828

---------------------------------------------------------------------
imgreg_4dfp /opt/freesurfer/average/711-2C_as_mni_average_305 /opt/freesurfer/average/711-2B_as_mni_average_305_mask talsrcimg_g11 none talsrcimg_to_711-2C_as_mni_average_305_t4 2311
---------------------------------------------------------------------

freesurfer imgreg_4dfp.c
/opt/freesurfer/average/711-2C_as_mni_average_305.4dfp.img
       256       256       256         1
  1.000000  1.000000  1.000000
orientation T byte_order littleendian
Reading image: /opt/freesurfer/average/711-2C_as_mni_average_305.4dfp.img
dimensions:      256       256       256
mmppix:       1.0000   -1.0000   -1.0000
center:     128.0000 -129.0000 -129.0000
/opt/freesurfer/average/711-2B_as_mni_average_305_mask.4dfp.img
       256       256       256         1
  1.000000  1.000000  1.000000
orientation T byte_order littleendian
Reading mask: /opt/freesurfer/average/711-2B_as_mni_average_305_mask.4dfp.img (2306576 pixels)
talsrcimg_g11.4dfp.img
       256       256       256         1
  1.000000  1.000000  1.000000
orientation T byte_order littleendian
Reading image: talsrcimg_g11.4dfp.img
dimensions:      256       256       256
mmppix:       1.0000   -1.0000   -1.0000
center:     128.0000 -129.0000 -129.0000
fimgreg.f
image alignment mode   2311 decimal      907 hex
parameters
   -1.6949   -4.7912   17.4916  -13.0376  -11.7689  -10.9716
    0.0079    2.4479    1.6992   26.0271   -6.1114  -35.2030
eta,q 0.97329  7.54828
niter,ni,del,rscale     5    3    5.0000    0.8000
parameters
   -1.6957   -4.8256   17.4778  -14.3056  -11.3874  -11.3116
   -0.1474    2.3856    1.5402   25.9402   -5.9596  -35.2087
eta,q 0.97343  7.49154
  0.0283  0.0277  0.0274  0.0272  0.0275  0.0275  0.0278  0.0289  0.0274  0.0276  0.0270  0.0271
  0.0274  0.0271  0.0270  0.0268  0.0270  0.0270  0.0271  0.0276  0.0269  0.0271  0.0268  0.0268
  0.0269  0.0268  0.0268  0.0266  0.0268  0.0267  0.0267  0.0268  0.0267  0.0267  0.0266  0.0266
  0.0267  0.0267  0.0267  0.0267  0.0266  0.0266  0.0266  0.0266  0.0266  0.0266  0.0266  0.0266
  0.0269  0.0269  0.0268  0.0271  0.0266  0.0268  0.0268  0.0269  0.0267  0.0267  0.0266  0.0266
  0.0274  0.0272  0.0270  0.0276  0.0268  0.0272  0.0272  0.0277  0.0270  0.0271  0.0268  0.0268
  0.0283  0.0278  0.0274  0.0280  0.0273  0.0277  0.0280  0.0289  0.0275  0.0277  0.0270  0.0271
niter,ni,del,rscale     4    3    5.0000    0.7000
parameters
   -1.7034   -4.8372   17.3303  -14.3712  -11.3035  -11.5483
   -0.1570    2.3450    1.4953   25.9545   -5.9826  -35.3116
eta,q 0.97344  7.48456
  0.0278  0.0274  0.0270  0.0275  0.0272  0.0273  0.0276  0.0284  0.0273  0.0274  0.0269  0.0270
  0.0271  0.0269  0.0267  0.0270  0.0269  0.0269  0.0270  0.0274  0.0269  0.0270  0.0267  0.0267
  0.0267  0.0267  0.0266  0.0267  0.0267  0.0266  0.0267  0.0267  0.0266  0.0267  0.0266  0.0266
  0.0266  0.0266  0.0266  0.0266  0.0266  0.0266  0.0266  0.0266  0.0266  0.0266  0.0266  0.0266
  0.0267  0.0267  0.0267  0.0267  0.0266  0.0267  0.0267  0.0268  0.0267  0.0266  0.0266  0.0266
  0.0271  0.0269  0.0269  0.0270  0.0268  0.0271  0.0270  0.0274  0.0269  0.0269  0.0267  0.0268
  0.0279  0.0274  0.0272  0.0275  0.0271  0.0275  0.0276  0.0284  0.0273  0.0274  0.0269  0.0270
niter,ni,del,rscale     3    3    5.0000    0.6000
parameters
   -1.7094   -4.8284   17.2518  -14.4312  -11.2697  -11.6733
   -0.1736    2.3259    1.5057   26.0105   -6.0177  -35.3927
eta,q 0.97345  7.48034
  0.0275  0.0272  0.0269  0.0272  0.0270  0.0272  0.0273  0.0279  0.0271  0.0272  0.0268  0.0268
  0.0270  0.0268  0.0267  0.0269  0.0268  0.0268  0.0269  0.0272  0.0268  0.0269  0.0267  0.0267
  0.0267  0.0266  0.0266  0.0266  0.0266  0.0266  0.0266  0.0267  0.0266  0.0267  0.0266  0.0266
  0.0266  0.0266  0.0266  0.0266  0.0266  0.0266  0.0266  0.0266  0.0266  0.0266  0.0266  0.0266
  0.0267  0.0266  0.0266  0.0267  0.0266  0.0267  0.0266  0.0267  0.0266  0.0266  0.0266  0.0266
  0.0270  0.0268  0.0268  0.0269  0.0268  0.0269  0.0269  0.0272  0.0268  0.0268  0.0267  0.0267
  0.0275  0.0271  0.0270  0.0273  0.0270  0.0273  0.0273  0.0279  0.0271  0.0272  0.0268  0.0269
niter,ni,del,rscale     2    3    5.0000    0.5000
parameters
   -1.7109   -4.8138   17.2103  -14.4689  -11.2631  -11.7258
   -0.1805    2.3054    1.5252   26.0765   -6.0379  -35.4399
eta,q 0.97345  7.47838
  0.0272  0.0270  0.0268  0.0270  0.0269  0.0270  0.0271  0.0275  0.0269  0.0270  0.0267  0.0268
  0.0268  0.0267  0.0267  0.0268  0.0267  0.0268  0.0268  0.0270  0.0267  0.0268  0.0266  0.0266
  0.0266  0.0266  0.0266  0.0266  0.0266  0.0266  0.0266  0.0266  0.0266  0.0266  0.0266  0.0266
  0.0266  0.0266  0.0266  0.0266  0.0266  0.0266  0.0266  0.0266  0.0266  0.0266  0.0266  0.0265
  0.0266  0.0266  0.0266  0.0266  0.0266  0.0266  0.0266  0.0267  0.0266  0.0266  0.0266  0.0266
  0.0268  0.0267  0.0267  0.0268  0.0267  0.0268  0.0268  0.0270  0.0267  0.0267  0.0266  0.0267
  0.0272  0.0269  0.0268  0.0271  0.0269  0.0271  0.0271  0.0275  0.0269  0.0270  0.0267  0.0268
niter,ni,del,rscale     1    3    5.0000    0.4000
parameters
   -1.7151   -4.7999   17.1883  -14.4944  -11.2565  -11.7536
   -0.1758    2.2910    1.5168   26.1317   -6.0251  -35.4815
eta,q 0.97345  7.47753
  0.0270  0.0268  0.0267  0.0269  0.0268  0.0269  0.0269  0.0272  0.0268  0.0268  0.0267  0.0267
  0.0267  0.0267  0.0266  0.0267  0.0267  0.0267  0.0267  0.0268  0.0267  0.0267  0.0266  0.0266
  0.0266  0.0266  0.0266  0.0266  0.0266  0.0266  0.0266  0.0266  0.0266  0.0266  0.0266  0.0266
  0.0266  0.0266  0.0266  0.0266  0.0266  0.0266  0.0266  0.0266  0.0266  0.0266  0.0266  0.0266
  0.0266  0.0266  0.0266  0.0266  0.0266  0.0266  0.0266  0.0266  0.0266  0.0266  0.0266  0.0266
  0.0267  0.0267  0.0266  0.0267  0.0266  0.0267  0.0267  0.0268  0.0267  0.0267  0.0266  0.0266
  0.0270  0.0268  0.0267  0.0269  0.0268  0.0269  0.0269  0.0272  0.0268  0.0268  0.0267  0.0267
registration optimization eta report
parameter search radius
    0.8000    0.8000    0.8000    2.4000    2.4000    2.4000
    2.4000    2.4000    2.4000    2.4000    2.4000    2.4000
100000*second partial in parameter space
       65.       40.       27.        6.        4.        6.
        6.       11.        4.        5.        2.        2.
  0.0270  0.0268  0.0267  0.0269  0.0268  0.0269  0.0269  0.0272  0.0268  0.0268  0.0267  0.0267
  0.0267  0.0267  0.0266  0.0267  0.0267  0.0267  0.0267  0.0268  0.0267  0.0267  0.0266  0.0266
  0.0266  0.0266  0.0266  0.0266  0.0266  0.0266  0.0266  0.0266  0.0266  0.0266  0.0266  0.0266
  0.0266  0.0266  0.0266  0.0266  0.0266  0.0266  0.0266  0.0266  0.0266  0.0266  0.0266  0.0266
  0.0266  0.0266  0.0266  0.0266  0.0266  0.0266  0.0266  0.0266  0.0266  0.0266  0.0266  0.0266
  0.0267  0.0267  0.0266  0.0267  0.0266  0.0267  0.0267  0.0268  0.0267  0.0267  0.0266  0.0266
  0.0270  0.0268  0.0267  0.0269  0.0268  0.0269  0.0269  0.0272  0.0268  0.0268  0.0267  0.0267
   -1.7151   -4.7999   17.1883  -14.4944  -11.2565  -11.7536
   -0.1758    2.2910    1.5168   26.1317   -6.0251  -35.4815
eta,q 0.97345  7.47753

---------------------------------------------------------------------
imgreg_4dfp /opt/freesurfer/average/711-2C_as_mni_average_305 /opt/freesurfer/average/711-2B_as_mni_average_305_mask talsrcimg_g11 none talsrcimg_to_711-2C_as_mni_average_305_t4 2311
---------------------------------------------------------------------

freesurfer imgreg_4dfp.c
/opt/freesurfer/average/711-2C_as_mni_average_305.4dfp.img
       256       256       256         1
  1.000000  1.000000  1.000000
orientation T byte_order littleendian
Reading image: /opt/freesurfer/average/711-2C_as_mni_average_305.4dfp.img
dimensions:      256       256       256
mmppix:       1.0000   -1.0000   -1.0000
center:     128.0000 -129.0000 -129.0000
/opt/freesurfer/average/711-2B_as_mni_average_305_mask.4dfp.img
       256       256       256         1
  1.000000  1.000000  1.000000
orientation T byte_order littleendian
Reading mask: /opt/freesurfer/average/711-2B_as_mni_average_305_mask.4dfp.img (2306576 pixels)
talsrcimg_g11.4dfp.img
       256       256       256         1
  1.000000  1.000000  1.000000
orientation T byte_order littleendian
Reading image: talsrcimg_g11.4dfp.img
dimensions:      256       256       256
mmppix:       1.0000   -1.0000   -1.0000
center:     128.0000 -129.0000 -129.0000
fimgreg.f
image alignment mode   2311 decimal      907 hex
parameters
   -1.7151   -4.7999   17.1883  -14.4944  -11.2565  -11.7536
   -0.1758    2.2910    1.5168   26.1317   -6.0251  -35.4815
eta,q 0.97345  7.47753
niter,ni,del,rscale     5    3    5.0000    0.8000
parameters
   -1.7204   -4.7701   17.1773  -14.3534  -11.4417  -11.7525
   -0.1567    2.3428    1.5882   26.1374   -6.1175  -35.4269
eta,q 0.97345  7.47785
  0.0282  0.0276  0.0272  0.0278  0.0273  0.0276  0.0279  0.0290  0.0275  0.0276  0.0270  0.0271
  0.0273  0.0270  0.0269  0.0271  0.0269  0.0271  0.0272  0.0277  0.0270  0.0271  0.0268  0.0268
  0.0267  0.0267  0.0266  0.0267  0.0267  0.0267  0.0267  0.0268  0.0267  0.0267  0.0266  0.0266
  0.0266  0.0266  0.0266  0.0266  0.0266  0.0266  0.0266  0.0266  0.0266  0.0266  0.0266  0.0266
  0.0267  0.0267  0.0266  0.0267  0.0266  0.0267  0.0267  0.0268  0.0267  0.0267  0.0266  0.0266
  0.0273  0.0270  0.0269  0.0271  0.0269  0.0271  0.0272  0.0276  0.0270  0.0270  0.0268  0.0268
  0.0282  0.0275  0.0273  0.0276  0.0274  0.0276  0.0278  0.0288  0.0274  0.0276  0.0270  0.0271
niter,ni,del,rscale     4    3    5.0000    0.7000
parameters
   -1.7148   -4.7697   17.1863  -14.4013  -11.3972  -11.7801
   -0.1832    2.3374    1.5943   26.1512   -6.1151  -35.4269
eta,q 0.97345  7.47640
  0.0278  0.0273  0.0271  0.0275  0.0272  0.0274  0.0276  0.0284  0.0273  0.0274  0.0269  0.0270
  0.0271  0.0269  0.0268  0.0270  0.0268  0.0270  0.0270  0.0274  0.0269  0.0270  0.0267  0.0267
  0.0267  0.0266  0.0266  0.0266  0.0266  0.0267  0.0267  0.0267  0.0266  0.0267  0.0266  0.0266
  0.0266  0.0266  0.0266  0.0266  0.0266  0.0266  0.0266  0.0266  0.0266  0.0266  0.0265  0.0266
  0.0267  0.0267  0.0266  0.0267  0.0266  0.0267  0.0267  0.0268  0.0266  0.0266  0.0266  0.0266
  0.0271  0.0269  0.0268  0.0270  0.0268  0.0270  0.0270  0.0274  0.0269  0.0269  0.0267  0.0267
  0.0278  0.0273  0.0271  0.0275  0.0271  0.0274  0.0276  0.0284  0.0272  0.0274  0.0269  0.0270
niter,ni,del,rscale     3    3    5.0000    0.6000
parameters
   -1.7133   -4.7741   17.1789  -14.4397  -11.3582  -11.8055
   -0.1936    2.3229    1.5820   26.1668   -6.1066  -35.4615
eta,q 0.97345  7.47564
  0.0275  0.0271  0.0269  0.0272  0.0270  0.0272  0.0273  0.0279  0.0271  0.0272  0.0268  0.0269
  0.0270  0.0268  0.0267  0.0269  0.0268  0.0269  0.0269  0.0272  0.0268  0.0268  0.0267  0.0267
  0.0267  0.0266  0.0266  0.0266  0.0266  0.0266  0.0266  0.0267  0.0266  0.0266  0.0266  0.0266
  0.0266  0.0266  0.0266  0.0266  0.0265  0.0266  0.0266  0.0266  0.0266  0.0265  0.0265  0.0266
  0.0267  0.0266  0.0266  0.0267  0.0266  0.0266  0.0266  0.0267  0.0266  0.0266  0.0266  0.0266
  0.0270  0.0268  0.0267  0.0269  0.0267  0.0269  0.0269  0.0272  0.0268  0.0268  0.0267  0.0267
  0.0275  0.0271  0.0269  0.0273  0.0270  0.0272  0.0273  0.0279  0.0271  0.0272  0.0268  0.0269
niter,ni,del,rscale     2    3    5.0000    0.5000
parameters
   -1.7142   -4.7742   17.1680  -14.4796  -11.3261  -11.8108
   -0.1998    2.3081    1.5754   26.1892   -6.1112  -35.4726
eta,q 0.97345  7.47502
  0.0272  0.0270  0.0268  0.0270  0.0269  0.0270  0.0271  0.0275  0.0269  0.0270  0.0267  0.0268
  0.0268  0.0267  0.0267  0.0268  0.0267  0.0268  0.0268  0.0270  0.0267  0.0268  0.0266  0.0266
  0.0266  0.0266  0.0266  0.0266  0.0266  0.0266  0.0266  0.0266  0.0266  0.0266  0.0266  0.0266
  0.0265  0.0266  0.0266  0.0266  0.0266  0.0266  0.0266  0.0266  0.0266  0.0266  0.0266  0.0266
  0.0266  0.0266  0.0266  0.0266  0.0266  0.0266  0.0266  0.0267  0.0266  0.0266  0.0266  0.0266
  0.0268  0.0267  0.0267  0.0268  0.0267  0.0268  0.0268  0.0270  0.0267  0.0267  0.0266  0.0266
  0.0272  0.0270  0.0268  0.0271  0.0269  0.0270  0.0271  0.0275  0.0269  0.0270  0.0267  0.0268
niter,ni,del,rscale     1    3    5.0000    0.4000
parameters
   -1.7167   -4.7748   17.1546  -14.5003  -11.3002  -11.8217
   -0.1965    2.2927    1.5685   26.2121   -6.0940  -35.5102
eta,q 0.97345  7.47510
  0.0270  0.0268  0.0267  0.0269  0.0268  0.0269  0.0269  0.0272  0.0268  0.0268  0.0267  0.0267
  0.0267  0.0267  0.0266  0.0267  0.0267  0.0267  0.0267  0.0268  0.0267  0.0267  0.0266  0.0266
  0.0266  0.0266  0.0266  0.0266  0.0266  0.0266  0.0266  0.0266  0.0266  0.0266  0.0266  0.0266
  0.0266  0.0266  0.0266  0.0266  0.0266  0.0266  0.0266  0.0266  0.0266  0.0266  0.0266  0.0266
  0.0266  0.0266  0.0266  0.0266  0.0266  0.0266  0.0266  0.0266  0.0266  0.0266  0.0266  0.0266
  0.0267  0.0267  0.0266  0.0267  0.0266  0.0267  0.0267  0.0268  0.0267  0.0267  0.0266  0.0266
  0.0270  0.0268  0.0267  0.0269  0.0268  0.0269  0.0269  0.0272  0.0268  0.0268  0.0267  0.0267
registration optimization eta report
parameter search radius
    0.8000    0.8000    0.8000    2.4000    2.4000    2.4000
    2.4000    2.4000    2.4000    2.4000    2.4000    2.4000
100000*second partial in parameter space
       65.       41.       27.        6.        4.        6.
        6.       11.        4.        5.        2.        2.
  0.0270  0.0268  0.0267  0.0269  0.0268  0.0269  0.0269  0.0272  0.0268  0.0268  0.0267  0.0267
  0.0267  0.0267  0.0266  0.0267  0.0267  0.0267  0.0267  0.0268  0.0267  0.0267  0.0266  0.0266
  0.0266  0.0266  0.0266  0.0266  0.0266  0.0266  0.0266  0.0266  0.0266  0.0266  0.0266  0.0266
  0.0266  0.0266  0.0266  0.0266  0.0266  0.0266  0.0266  0.0266  0.0266  0.0266  0.0266  0.0266
  0.0266  0.0266  0.0266  0.0266  0.0266  0.0266  0.0266  0.0266  0.0266  0.0266  0.0266  0.0266
  0.0267  0.0267  0.0266  0.0267  0.0266  0.0267  0.0267  0.0268  0.0267  0.0267  0.0266  0.0266
  0.0270  0.0268  0.0267  0.0269  0.0268  0.0269  0.0269  0.0272  0.0268  0.0268  0.0267  0.0267
   -1.7167   -4.7748   17.1546  -14.5003  -11.3002  -11.8217
   -0.1965    2.2927    1.5685   26.2121   -6.0940  -35.5102
eta,q 0.97345  7.47510

---------------------------------------------------------------------
compute_vox2vox talsrcimg talsrcimg_to_711-2C_as_mni_average_305_t4 /opt/freesurfer/average/711-2C_as_mni_average_305
---------------------------------------------------------------------

freesurfer compute_vox2vox.c
Reading: talsrcimg.4dfp.ifh
Reading: talsrcimg_to_711-2C_as_mni_average_305_t4
Reading: /opt/freesurfer/average/711-2C_as_mni_average_305.4dfp.ifh
Writing: talsrcimg_to_711-2C_as_mni_average_305_t4_vox2vox.txt

start time Fri Mar 13 23:29:13 CET 2026
end		time Fri Mar 13 23:30:39 CET 2026

mpr2mni305 success

avi2talxfm orig_nu.mgz /opt/freesurfer/average/mni305.cor.mgz talsrcimg_to_711-2C_as_mni_average_305_t4_vox2vox.txt transforms/talairach.auto.xfm
avi2talxfm done
mv -f /out/sourcedata/freesurfer/sub-v2s7x29797_ses-1/mri/talsrcimg_to_711-2C_as_mni_average_305_t4_vox2vox.txt /out/sourcedata/freesurfer/sub-v2s7x29797_ses-1/mri/transforms/talsrcimg_to_711-2C_as_mni_average_305_t4_vox2vox.txt
lta_convert --src orig_nu.mgz --trg /opt/freesurfer/average/mni305.cor.mgz --inxfm transforms/talairach.auto.xfm --outlta transforms/talairach.auto.xfm.lta --subject fsaverage
7.3.2

--src: orig_nu.mgz src image (geometry).
--trg: /opt/freesurfer/average/mni305.cor.mgz trg image (geometry).
--inmni: transforms/talairach.auto.xfm input MNI/XFM transform.
--outlta: transforms/talairach.auto.xfm.lta output LTA.
--s: fsaverage subject name
 LTA read, type : 1
 1.16777  -0.02782  -0.00855  -9.99678;
 0.06469   1.01192   0.40525  -30.72937;
-0.03977  -0.29854   1.00779  -3.51488;
 0.00000   0.00000   0.00000   1.00000;
setting subject to fsaverage
Writing  LTA to file transforms/talairach.auto.xfm.lta...
lta_convert successful.
 
 
Started at Fri Mar 13 23:29:12 CET 2026
Ended   at Fri Mar 13 23:30:40 CET 2026
talairach_avi done
