/out/sourcedata/freesurfer/sub-v2s7x29661_ses-1/mri
/opt/freesurfer/bin/talairach_avi
--i orig_nu.mgz --xfm transforms/talairach.auto.xfm
talairach_avi 7.3.2
Linux dna010 5.14.0-427.37.1.el9_4.x86_64 #1 SMP PREEMPT_DYNAMIC Fri Sep 13 12:41:50 EDT 2024 x86_64 x86_64 x86_64 GNU/Linux
Fri Mar 13 22:19:02 CET 2026
mri_convert orig_nu.mgz talsrcimg.img 
reading from orig_nu.mgz...
TR=0.00, TE=0.00, TI=0.00, flip angle=0.00
i_ras = (-1, 0, 0)
j_ras = (0, 0, -1)
k_ras = (0, 1, 0)
writing to talsrcimg.img...
Analyze Output Matrix
-1.00000   0.00000   0.00000   121.34624;
 0.00000   0.00000   1.00000  -132.41512;
 0.00000  -1.00000   0.00000   181.53854;
 0.00000   0.00000   0.00000   1.00000;
--------------------
INFO: set hdr.hist.orient to -1
mpr2mni305 talsrcimg
Fri Mar 13 22:19:02 CET 2026
/opt/freesurfer/bin/mpr2mni305 talsrcimg
mpr2mni305 7.3.2
target=711-2C_as_mni_average_305

---------------------------------------------------------------------
analyzeto4dfp talsrcimg -O0 -y
---------------------------------------------------------------------

freesurfer ifh2hdr.c
Fri Mar 13 22:19:03 2026
Writing: talsrcimg.4dfp.hdr
freesurfer analyzeto4dfp.c
Reading: talsrcimg.hdr
header size 348 bytes
hdr.dime.datatype	offset=70	value=2
hdr.dime.bitpix		offset=72	value=8
hdr.hist.orient		offset=252	value=-1
dimensionality     4
dimensions       256       256       256         1
Reading: talsrcimg.img
Writing: talsrcimg.4dfp.img
Writing: talsrcimg.4dfp.ifh
ifh2hdr talsrcimg -r0to255
ori=2

---------------------------------------------------------------------
gauss_4dfp talsrcimg 1.1
---------------------------------------------------------------------

freesurfer gauss_4dfp.c
Reading: talsrcimg.4dfp.img
Writing: talsrcimg_g11.4dfp.img
image dimensions 256 256 256 padded to 288 288 288
processing volume 1freesurfer ifh2hdr.c
Fri Mar 13 22:19:04 2026
Writing: talsrcimg_g11.4dfp.hdr

Writing: talsrcimg_g11.4dfp.ifh
including: talsrcimg.4dfp.img.rec in talsrcimg_g11.4dfp.img.rec

---------------------------------------------------------------------
imgreg_4dfp /opt/freesurfer/average/711-2C_as_mni_average_305 none talsrcimg_g11 none talsrcimg_to_711-2C_as_mni_average_305_t4 4355
---------------------------------------------------------------------

freesurfer imgreg_4dfp.c
/opt/freesurfer/average/711-2C_as_mni_average_305.4dfp.img
       256       256       256         1
  1.000000  1.000000  1.000000
orientation T byte_order littleendian
Reading image: /opt/freesurfer/average/711-2C_as_mni_average_305.4dfp.img
dimensions:      256       256       256
mmppix:       1.0000   -1.0000   -1.0000
center:     128.0000 -129.0000 -129.0000
talsrcimg_g11.4dfp.img
       256       256       256         1
  1.000000  1.000000  1.000000
orientation T byte_order littleendian
Reading image: talsrcimg_g11.4dfp.img
dimensions:      256       256       256
mmppix:       1.0000   -1.0000   -1.0000
center:     128.0000 -129.0000 -129.0000
t4_read: open error in t4_sub.f l:  41 t4_file(1:l)talsrcimg_to_711-2C_as_mni_average_305_t4 
t4_read: transform initialized to I4
rotation matrix determinant  1.000000
image alignment mode   4355 decimal     1103 hex
   -7.5000  -45.0000  -45.0000 7945.4858   14.9062
    0.0000  -45.0000  -45.0000 8234.4219   14.9378
    7.5000  -45.0000  -45.0000 7865.8267   14.9727
   -7.5000  -37.5000  -45.0000 8313.9717   14.9072
    0.0000  -37.5000  -45.0000 8625.2979   14.9478
    7.5000  -37.5000  -45.0000 8221.6250   14.9893
   -7.5000  -30.0000  -45.0000 8922.5459   14.8851
    0.0000  -30.0000  -45.0000 9260.2510   14.9277
    7.5000  -30.0000  -45.0000 8800.7090   14.9728
   -7.5000  -22.5000  -45.0000 9489.9805   14.8585
    0.0000  -22.5000  -45.0000 9851.8291   14.8943
    7.5000  -22.5000  -45.0000 9363.2471   14.9353
   -7.5000  -15.0000  -45.000010028.7812   14.8538
    0.0000  -15.0000  -45.000010419.7168   14.8797
    7.5000  -15.0000  -45.0000 9909.9668   14.9139
   -7.5000   -7.5000  -45.000010525.6816   14.8794
    0.0000   -7.5000  -45.000010918.3164   14.9032
    7.5000   -7.5000  -45.000010403.8477   14.9346
   -7.5000    0.0000  -45.000010822.3945   14.9062
    0.0000    0.0000  -45.000011195.9668   14.9378
    7.5000    0.0000  -45.000010698.5996   14.9727
   -7.5000    7.5000  -45.000010402.7646   14.9072
    0.0000    7.5000  -45.000010749.3691   14.9478
    7.5000    7.5000  -45.000010267.7959   14.9893
   -7.5000   15.0000  -45.0000 9745.6455   14.8851
    0.0000   15.0000  -45.000010053.4189   14.9277
    7.5000   15.0000  -45.0000 9611.5420   14.9728
   -7.5000   22.5000  -45.0000 8960.3730   14.8565
    0.0000   22.5000  -45.0000 9226.3906   14.8922
    7.5000   22.5000  -45.0000 8801.3809   14.9332
   -7.5000   30.0000  -45.0000 8204.3936   14.6558
    0.0000   30.0000  -45.0000 8427.1230   14.6814
    7.5000   30.0000  -45.0000 8008.8833   14.7151
   -7.5000   37.5000  -45.0000 7771.8428   14.6811
    0.0000   37.5000  -45.0000 7958.4624   14.7046
    7.5000   37.5000  -45.0000 7548.2822   14.7356
   -7.5000   45.0000  -45.0000 7068.6440   14.3341
    0.0000   45.0000  -45.0000 7239.2896   14.3646
    7.5000   45.0000  -45.0000 6845.7402   14.3981
   -7.5000  -45.0000  -37.5000 8525.3213   14.8592
    0.0000  -45.0000  -37.5000 8826.4697   14.8850
    7.5000  -45.0000  -37.5000 8416.5283   14.9188
   -7.5000  -37.5000  -37.5000 8923.1934   14.8687
    0.0000  -37.5000  -37.5000 9248.6768   14.9052
    7.5000  -37.5000  -37.5000 8803.6377   14.9445
   -7.5000  -30.0000  -37.5000 9554.9238   14.8518
    0.0000  -30.0000  -37.5000 9904.2783   14.8950
    7.5000  -30.0000  -37.5000 9424.0293   14.9362
   -7.5000  -22.5000  -37.500010115.4658   14.8211
    0.0000  -22.5000  -37.500010492.0674   14.8602
    7.5000  -22.5000  -37.5000 9982.7139   14.8977
   -7.5000  -15.0000  -37.500010687.3418   14.8079
    0.0000  -15.0000  -37.500011108.3828   14.8359
    7.5000  -15.0000  -37.500010561.8203   14.8675
   -7.5000   -7.5000  -37.500011213.1758   14.8291
    0.0000   -7.5000  -37.500011635.7754   14.8503
    7.5000   -7.5000  -37.500011082.6396   14.8803
   -7.5000    0.0000  -37.500011526.6025   14.8592
    0.0000    0.0000  -37.500011939.7344   14.8850
    7.5000    0.0000  -37.500011389.8604   14.9188
   -7.5000    7.5000  -37.500011087.5020   14.8687
    0.0000    7.5000  -37.500011453.9756   14.9052
    7.5000    7.5000  -37.500010913.2686   14.9445
   -7.5000   15.0000  -37.500010383.7217   14.8518
    0.0000   15.0000  -37.500010704.6006   14.8950
    7.5000   15.0000  -37.500010201.9805   14.9362
   -7.5000   22.5000  -37.5000 9521.6338   14.8191
    0.0000   22.5000  -37.5000 9802.0244   14.8582
    7.5000   22.5000  -37.5000 9330.5254   14.8957
   -7.5000   30.0000  -37.5000 8659.2598   14.6106
    0.0000   30.0000  -37.5000 8908.6514   14.6382
    7.5000   30.0000  -37.5000 8450.0020   14.6694
   -7.5000   37.5000  -37.5000 8168.1313   14.6315
    0.0000   37.5000  -37.5000 8380.9668   14.6524
    7.5000   37.5000  -37.5000 7939.6787   14.6820
   -7.5000   45.0000  -37.5000 7408.7583   14.2890
    0.0000   45.0000  -37.5000 7579.7114   14.3138
    7.5000   45.0000  -37.5000 7178.6807   14.3463
   -7.5000  -45.0000  -30.0000 9262.1875   15.4497
    0.0000  -45.0000  -30.0000 9596.4678   15.4746
    7.5000  -45.0000  -30.0000 9148.5684   15.5098
   -7.5000  -37.5000  -30.0000 9673.8867   15.4684
    0.0000  -37.5000  -30.000010039.4150   15.5053
    7.5000  -37.5000  -30.0000 9554.8760   15.5422
   -7.5000  -30.0000  -30.000010334.1729   15.4618
    0.0000  -30.0000  -30.000010746.4316   15.5084
    7.5000  -30.0000  -30.000010213.7500   15.5463
   -7.5000  -22.5000  -30.000010951.0381   15.4318
    0.0000  -22.5000  -30.000011402.2812   15.4762
    7.5000  -22.5000  -30.000010814.1973   15.5134
   -7.5000  -15.0000  -30.000011561.1533   15.4100
    0.0000  -15.0000  -30.000012018.7666   15.4419
    7.5000  -15.0000  -30.000011408.0762   15.4769
   -7.5000   -7.5000  -30.000012094.1709   15.4213
    0.0000   -7.5000  -30.000012556.0498   15.4435
    7.5000   -7.5000  -30.000011946.0752   15.4773
   -7.5000    0.0000  -30.000012396.4434   15.4497
    0.0000    0.0000  -30.000012857.9346   15.4746
    7.5000    0.0000  -30.000012254.1836   15.5098
   -7.5000    7.5000  -30.000011935.8262   15.4684
    0.0000    7.5000  -30.000012346.7842   15.5053
    7.5000    7.5000  -30.000011735.5977   15.5422
   -7.5000   15.0000  -30.000011180.7129   15.4618
    0.0000   15.0000  -30.000011542.6855   15.5084
    7.5000   15.0000  -30.000010953.6309   15.5463
   -7.5000   22.5000  -30.000010201.7871   15.4281
    0.0000   22.5000  -30.000010509.7549   15.4725
    7.5000   22.5000  -30.0000 9976.6123   15.5097
   -7.5000   30.0000  -30.0000 9230.4619   15.2061
    0.0000   30.0000  -30.0000 9507.8760   15.2376
    7.5000   30.0000  -30.0000 9029.3604   15.2721
   -7.5000   37.5000  -30.0000 8693.9785   15.2173
    0.0000   37.5000  -30.0000 8926.7324   15.2392
    7.5000   37.5000  -30.0000 8467.9229   15.2725
   -7.5000   45.0000  -30.0000 7870.3501   14.8677
    0.0000   45.0000  -30.0000 8049.9365   14.8917
    7.5000   45.0000  -30.0000 7632.4375   14.9255
   -7.5000  -45.0000  -22.500010012.4980   15.9506
    0.0000  -45.0000  -22.500010394.0898   15.9810
    7.5000  -45.0000  -22.5000 9884.0049   16.0176
   -7.5000  -37.5000  -22.500010456.8467   15.9678
    0.0000  -37.5000  -22.500010877.0713   16.0097
    7.5000  -37.5000  -22.500010319.5186   16.0457
   -7.5000  -30.0000  -22.500011135.4336   15.9655
    0.0000  -30.0000  -22.500011598.0176   16.0156
    7.5000  -30.0000  -22.500010996.2832   16.0537
   -7.5000  -22.5000  -22.500011819.0010   15.9419
    0.0000  -22.5000  -22.500012310.7012   15.9886
    7.5000  -22.5000  -22.500011650.1924   16.0297
   -7.5000  -15.0000  -22.500012466.9365   15.9224
    0.0000  -15.0000  -22.500012960.7559   15.9565
    7.5000  -15.0000  -22.500012267.7686   15.9978
   -7.5000   -7.5000  -22.500013011.6865   15.9288
    0.0000   -7.5000  -22.500013525.4258   15.9550
    7.5000   -7.5000  -22.500012822.4971   15.9938
   -7.5000    0.0000  -22.500013287.6367   15.9506
    0.0000    0.0000  -22.500013811.0918   15.9810
    7.5000    0.0000  -22.500013115.2627   16.0176
   -7.5000    7.5000  -22.500012770.3184   15.9678
    0.0000    7.5000  -22.500013244.3535   16.0097
    7.5000    7.5000  -22.500012531.6650   16.0457
   -7.5000   15.0000  -22.500011999.0479   15.9655
    0.0000   15.0000  -22.500012412.1934   16.0156
    7.5000   15.0000  -22.500011723.1855   16.0537
   -7.5000   22.5000  -22.500010927.7021   15.9369
    0.0000   22.5000  -22.500011276.0537   15.9837
    7.5000   22.5000  -22.500010672.1318   16.0247
   -7.5000   30.0000  -22.5000 9858.1582   15.7141
    0.0000   30.0000  -22.500010164.5234   15.7478
    7.5000   30.0000  -22.5000 9651.2285   15.7885
   -7.5000   37.5000  -22.5000 9258.6270   15.7204
    0.0000   37.5000  -22.5000 9538.6025   15.7463
    7.5000   37.5000  -22.5000 9019.7461   15.7846
   -7.5000   45.0000  -22.5000 8346.5234   15.3612
    0.0000   45.0000  -22.5000 8548.6992   15.3906
    7.5000   45.0000  -22.5000 8101.1758   15.4258
   -7.5000  -45.0000  -15.000010740.4941   16.3004
    0.0000  -45.0000  -15.000011170.1494   16.3378
    7.5000  -45.0000  -15.000010600.4512   16.3758
   -7.5000  -37.5000  -15.000011215.6934   16.3092
    0.0000  -37.5000  -15.000011673.4863   16.3562
    7.5000  -37.5000  -15.000011078.7793   16.3948
   -7.5000  -30.0000  -15.000011956.6660   16.3019
    0.0000  -30.0000  -15.000012445.6963   16.3528
    7.5000  -30.0000  -15.000011821.2725   16.3954
   -7.5000  -22.5000  -15.000012684.6885   16.2826
    0.0000  -22.5000  -15.000013208.2100   16.3274
    7.5000  -22.5000  -15.000012494.6738   16.3733
   -7.5000  -15.0000  -15.000013383.2539   16.2717
    0.0000  -15.0000  -15.000013918.3965   16.3052
    7.5000  -15.0000  -15.000013126.8125   16.3504
   -7.5000   -7.5000  -15.000013928.5840   16.2822
    0.0000   -7.5000  -15.000014489.5791   16.3122
    7.5000   -7.5000  -15.000013672.1436   16.3534
   -7.5000    0.0000  -15.000014209.6221   16.3004
    0.0000    0.0000  -15.000014805.2617   16.3378
    7.5000    0.0000  -15.000014003.9736   16.3758
   -7.5000    7.5000  -15.000013582.1494   16.3092
    0.0000    7.5000  -15.000014123.1426   16.3562
    7.5000    7.5000  -15.000013323.9600   16.3948
   -7.5000   15.0000  -15.000012792.9375   16.3019
    0.0000   15.0000  -15.000013260.9434   16.3528
    7.5000   15.0000  -15.000012506.9463   16.3954
   -7.5000   22.5000  -15.000011638.5420   16.2768
    0.0000   22.5000  -15.000012035.8008   16.3216
    7.5000   22.5000  -15.000011366.3350   16.3675
   -7.5000   30.0000  -15.000010477.7900   16.0611
    0.0000   30.0000  -15.000010819.5107   16.0941
    7.5000   30.0000  -15.000010239.6328   16.1388
   -7.5000   37.5000  -15.0000 9819.3623   16.0715
    0.0000   37.5000  -15.000010105.5332   16.1011
    7.5000   37.5000  -15.0000 9548.4775   16.1418
   -7.5000   45.0000  -15.0000 8836.0713   15.7076
    0.0000   45.0000  -15.0000 9090.1748   15.7436
    7.5000   45.0000  -15.0000 8578.3037   15.7803
   -7.5000  -45.0000   -7.500011486.2246   16.4880
    0.0000  -45.0000   -7.500011961.5840   16.5268
    7.5000  -45.0000   -7.500011358.4092   16.5653
   -7.5000  -37.5000   -7.500011985.2852   16.4890
    0.0000  -37.5000   -7.500012478.5449   16.5369
    7.5000  -37.5000   -7.500011854.9736   16.5802
   -7.5000  -30.0000   -7.500012806.5146   16.4705
    0.0000  -30.0000   -7.500013329.5156   16.5198
    7.5000  -30.0000   -7.500012662.5527   16.5680
   -7.5000  -22.5000   -7.500013553.8477   16.4480
    0.0000  -22.5000   -7.500014098.4316   16.4891
    7.5000  -22.5000   -7.500013368.0879   16.5369
   -7.5000  -15.0000   -7.500014256.8877   16.4439
    0.0000  -15.0000   -7.500014813.0029   16.4743
    7.5000  -15.0000   -7.500014006.8076   16.5175
   -7.5000   -7.5000   -7.500014883.8477   16.4655
    0.0000   -7.5000   -7.500015484.1816   16.4949
    7.5000   -7.5000   -7.500014627.3213   16.5336
   -7.5000    0.0000   -7.500015240.1201   16.4880
    0.0000    0.0000   -7.500015870.9443   16.5268
    7.5000    0.0000   -7.500014999.4805   16.5653
   -7.5000    7.5000   -7.500014458.0928   16.4890
    0.0000    7.5000   -7.500015009.8154   16.5369
    7.5000    7.5000   -7.500014180.2217   16.5802
   -7.5000   15.0000   -7.500013592.7500   16.4705
    0.0000   15.0000   -7.500014085.4375   16.5198
    7.5000   15.0000   -7.500013318.8740   16.5680
   -7.5000   22.5000   -7.500012348.8203   16.4404
    0.0000   22.5000   -7.500012815.7412   16.4814
    7.5000   22.5000   -7.500012107.4678   16.5293
   -7.5000   30.0000   -7.500011150.0566   16.2306
    0.0000   30.0000   -7.500011540.5146   16.2607
    7.5000   30.0000   -7.500010898.0928   16.3033
   -7.5000   37.5000   -7.500010424.3398   16.2520
    0.0000   37.5000   -7.500010743.2119   16.2810
    7.5000   37.5000   -7.500010153.5527   16.3192
   -7.5000   45.0000   -7.5000 9356.0312   15.8914
    0.0000   45.0000   -7.5000 9631.6973   15.9288
    7.5000   45.0000   -7.5000 9093.9414   15.9659
   -7.5000  -45.0000    0.000012179.7676   16.5493
    0.0000  -45.0000    0.000012676.5400   16.5837
    7.5000  -45.0000    0.000012080.4307   16.6216
   -7.5000  -37.5000    0.000012716.9199   16.5507
    0.0000  -37.5000    0.000013232.7607   16.5954
    7.5000  -37.5000    0.000012599.0908   16.6411
   -7.5000  -30.0000    0.000013574.8965   16.5262
    0.0000  -30.0000    0.000014138.7900   16.5736
    7.5000  -30.0000    0.000013435.6318   16.6237
   -7.5000  -22.5000    0.000014320.6152   16.4966
    0.0000  -22.5000    0.000014887.5186   16.5365
    7.5000  -22.5000    0.000014172.5664   16.5821
   -7.5000  -15.0000    0.000015054.0566   16.4910
    0.0000  -15.0000    0.000015608.0420   16.5197
    7.5000  -15.0000    0.000014838.0430   16.5574
   -7.5000   -7.5000    0.000015760.4092   16.5193
    0.0000   -7.5000    0.000016355.4014   16.5452
    7.5000   -7.5000    0.000015526.3779   16.5794
   -7.5000    0.0000    0.000016144.7764   16.5493
    0.0000    0.0000    0.000016777.1016   16.5837
    7.5000    0.0000    0.000015913.8301   16.6216
   -7.5000    7.5000    0.000015209.2881   16.5507
    0.0000    7.5000    0.000015780.9990   16.5954
    7.5000    7.5000    0.000014966.8730   16.6411
   -7.5000   15.0000    0.000014249.3760   16.5262
    0.0000   15.0000    0.000014761.4346   16.5736
    7.5000   15.0000    0.000013992.6621   16.6237
   -7.5000   22.5000    0.000012987.8691   16.4890
    0.0000   22.5000    0.000013463.7393   16.5288
    7.5000   22.5000    0.000012747.5830   16.5745
   -7.5000   30.0000    0.000011747.7500   16.2776
    0.0000   30.0000    0.000012142.1689   16.3059
    7.5000   30.0000    0.000011511.5117   16.3431
   -7.5000   37.5000    0.000011001.4141   16.3056
    0.0000   37.5000    0.000011337.2178   16.3311
    7.5000   37.5000    0.000010736.1562   16.3648
   -7.5000   45.0000    0.0000 9865.3789   15.9517
    0.0000   45.0000    0.000010141.0576   15.9848
    7.5000   45.0000    0.0000 9604.3330   16.0213
   -7.5000  -45.0000    7.500011939.3330   16.5815
    0.0000  -45.0000    7.500012414.9268   16.6099
    7.5000  -45.0000    7.500011841.6621   16.6475
   -7.5000  -37.5000    7.500012449.8311   16.5928
    0.0000  -37.5000    7.500012946.4883   16.6333
    7.5000  -37.5000    7.500012354.1592   16.6771
   -7.5000  -30.0000    7.500013325.1348   16.5748
    0.0000  -30.0000    7.500013847.5508   16.6227
    7.5000  -30.0000    7.500013194.8711   16.6688
   -7.5000  -22.5000    7.500014062.7061   16.5406
    0.0000  -22.5000    7.500014600.7451   16.5840
    7.5000  -22.5000    7.500013943.7773   16.6257
   -7.5000  -15.0000    7.500014744.6338   16.5252
    0.0000  -15.0000    7.500015268.4639   16.5560
    7.5000  -15.0000    7.500014621.4658   16.5911
   -7.5000   -7.5000    7.500015449.6084   16.5480
    0.0000   -7.5000    7.500015998.9531   16.5712
    7.5000   -7.5000    7.500015309.7480   16.6045
   -7.5000    0.0000    7.500015760.5879   16.5815
    0.0000    0.0000    7.500016322.8125   16.6099
    7.5000    0.0000    7.500015644.0000   16.6475
   -7.5000    7.5000    7.500014811.5566   16.5928
    0.0000    7.5000    7.500015314.3223   16.6333
    7.5000    7.5000    7.500014642.8516   16.6771
   -7.5000   15.0000    7.500013858.4277   16.5748
    0.0000   15.0000    7.500014315.6699   16.6227
    7.5000   15.0000    7.500013659.6367   16.6688
   -7.5000   22.5000    7.500012671.1250   16.5330
    0.0000   22.5000    7.500013107.4131   16.5763
    7.5000   22.5000    7.500012478.5010   16.6181
   -7.5000   30.0000    7.500011492.0391   16.3113
    0.0000   30.0000    7.500011869.1318   16.3417
    7.5000   30.0000    7.500011274.1309   16.3763
   -7.5000   37.5000    7.500010751.7637   16.3338
    0.0000   37.5000    7.500011081.3906   16.3568
    7.5000   37.5000    7.500010518.8906   16.3896
   -7.5000   45.0000    7.5000 9606.2031   15.9827
    0.0000   45.0000    7.5000 9897.5439   16.0101
    7.5000   45.0000    7.5000 9378.2998   16.0463
   -7.5000  -45.0000   15.000011500.0059   16.5873
    0.0000  -45.0000   15.000011955.6758   16.6141
    7.5000  -45.0000   15.000011398.4619   16.6518
   -7.5000  -37.5000   15.000012033.6406   16.6074
    0.0000  -37.5000   15.000012509.6328   16.6470
    7.5000  -37.5000   15.000011943.4512   16.6866
   -7.5000  -30.0000   15.000013001.8496   16.6003
    0.0000  -30.0000   15.000013476.7197   16.6504
    7.5000  -30.0000   15.000012844.8174   16.6911
   -7.5000  -22.5000   15.000013812.8281   16.5682
    0.0000  -22.5000   15.000014276.9990   16.6159
    7.5000  -22.5000   15.000013701.2607   16.6559
   -7.5000  -15.0000   15.000014433.9404   16.5449
    0.0000  -15.0000   15.000014892.7295   16.5792
    7.5000  -15.0000   15.000014413.8691   16.6168
   -7.5000   -7.5000   15.000015070.2803   16.5570
    0.0000   -7.5000   15.000015540.4141   16.5808
    7.5000   -7.5000   15.000015040.4219   16.6170
   -7.5000    0.0000   15.000015341.3975   16.5873
    0.0000    0.0000   15.000015841.7256   16.6141
    7.5000    0.0000   15.000015289.3135   16.6518
   -7.5000    7.5000   15.000014359.3467   16.6074
    0.0000    7.5000   15.000014841.2041   16.6470
    7.5000    7.5000   15.000014237.1074   16.6866
   -7.5000   15.0000   15.000013368.1816   16.6003
    0.0000   15.0000   15.000013823.8232   16.6504
    7.5000   15.0000   15.000013196.4268   16.6911
   -7.5000   22.5000   15.000012199.6299   16.5606
    0.0000   22.5000   15.000012627.0654   16.6083
    7.5000   22.5000   15.000012023.3105   16.6483
   -7.5000   30.0000   15.000011052.5869   16.3308
    0.0000   30.0000   15.000011421.0928   16.3646
    7.5000   30.0000   15.000010868.7363   16.4017
   -7.5000   37.5000   15.000010338.9902   16.3427
    0.0000   37.5000   15.000010660.4043   16.3662
    7.5000   37.5000   15.000010140.2910   16.4020
   -7.5000   45.0000   15.0000 9253.3545   15.9883
    0.0000   45.0000   15.0000 9513.7021   16.0141
    7.5000   45.0000   15.0000 9055.5508   16.0505
   -7.5000  -45.0000   22.500011019.2266   16.5579
    0.0000  -45.0000   22.500011422.4922   16.5896
    7.5000  -45.0000   22.500010942.0273   16.6276
   -7.5000  -37.5000   22.500011506.7773   16.5759
    0.0000  -37.5000   22.500011935.3828   16.6193
    7.5000  -37.5000   22.500011455.6016   16.6568
   -7.5000  -30.0000   22.500012448.4648   16.5735
    0.0000  -30.0000   22.500012940.5068   16.6255
    7.5000  -30.0000   22.500012360.1660   16.6650
   -7.5000  -22.5000   22.500013316.3564   16.5489
    0.0000  -22.5000   22.500013850.1777   16.5975
    7.5000  -22.5000   22.500013256.1553   16.6401
   -7.5000  -15.0000   22.500014024.3037   16.5287
    0.0000  -15.0000   22.500014566.2676   16.5642
    7.5000  -15.0000   22.500013973.9023   16.6070
   -7.5000   -7.5000   22.500014677.0176   16.5353
    0.0000   -7.5000   22.500015192.0547   16.5625
    7.5000   -7.5000   22.500014516.2490   16.6028
   -7.5000    0.0000   22.500014867.4688   16.5579
    0.0000    0.0000   22.500015342.8008   16.5896
    7.5000    0.0000   22.500014673.2939   16.6276
   -7.5000    7.5000   22.500013797.7324   16.5759
    0.0000    7.5000   22.500014250.1514   16.6193
    7.5000    7.5000   22.500013652.6602   16.6568
   -7.5000   15.0000   22.500012784.7432   16.5735
    0.0000   15.0000   22.500013182.9824   16.6255
    7.5000   15.0000   22.500012659.3223   16.6650
   -7.5000   22.5000   22.500011673.6484   16.5413
    0.0000   22.5000   22.500012033.3350   16.5898
    7.5000   22.5000   22.500011551.8906   16.6324
   -7.5000   30.0000   22.500010599.2061   16.3148
    0.0000   30.0000   22.500010923.8027   16.3498
    7.5000   30.0000   22.500010435.9707   16.3921
   -7.5000   37.5000   22.5000 9908.5850   16.3213
    0.0000   37.5000   22.500010217.8896   16.3482
    7.5000   37.5000   22.5000 9740.9707   16.3880
   -7.5000   45.0000   22.5000 8825.9229   15.9600
    0.0000   45.0000   22.5000 9096.5439   15.9905
    7.5000   45.0000   22.5000 8672.7275   16.0271
   -7.5000  -45.0000   30.000010387.6719   16.5245
    0.0000  -45.0000   30.000010811.0361   16.5623
    7.5000  -45.0000   30.000010359.8770   16.6009
   -7.5000  -37.5000   30.000010913.6924   16.5334
    0.0000  -37.5000   30.000011349.9980   16.5810
    7.5000  -37.5000   30.000010850.3096   16.6202
   -7.5000  -30.0000   30.000011826.7988   16.5260
    0.0000  -30.0000   30.000012284.3057   16.5776
    7.5000  -30.0000   30.000011711.0039   16.6208
   -7.5000  -22.5000   30.000012559.6855   16.5064
    0.0000  -22.5000   30.000013036.2998   16.5519
    7.5000  -22.5000   30.000012487.8174   16.5984
   -7.5000  -15.0000   30.000013225.4795   16.4953
    0.0000  -15.0000   30.000013716.2432   16.5293
    7.5000  -15.0000   30.000013121.5381   16.5752
   -7.5000   -7.5000   30.000013849.7900   16.5061
    0.0000   -7.5000   30.000014385.4219   16.5364
    7.5000   -7.5000   30.000013654.1924   16.5782
   -7.5000    0.0000   30.000014076.0352   16.5245
    0.0000    0.0000   30.000014618.8027   16.5623
    7.5000    0.0000   30.000013885.0967   16.6009
   -7.5000    7.5000   30.000013071.3613   16.5334
    0.0000    7.5000   30.000013573.9180   16.5810
    7.5000    7.5000   30.000012960.0703   16.6202
   -7.5000   15.0000   30.000012073.6758   16.5260
    0.0000   15.0000   30.000012523.0938   16.5776
    7.5000   15.0000   30.000011990.9180   16.6208
   -7.5000   22.5000   30.000011023.8701   16.4988
    0.0000   22.5000   30.000011433.3057   16.5442
    7.5000   22.5000   30.000010936.2637   16.5907
   -7.5000   30.0000   30.0000 9996.5547   16.2819
    0.0000   30.0000   30.000010353.6689   16.3154
    7.5000   30.0000   30.0000 9900.7314   16.3606
   -7.5000   37.5000   30.0000 9327.8887   16.2924
    0.0000   37.5000   30.0000 9645.5410   16.3224
    7.5000   37.5000   30.0000 9214.6309   16.3636
   -7.5000   45.0000   30.0000 8312.3662   15.9277
    0.0000   45.0000   30.0000 8578.7812   15.9642
    7.5000   45.0000   30.0000 8204.4160   16.0014
   -7.5000  -45.0000   37.500010189.6787   16.5228
    0.0000  -45.0000   37.500010598.5713   16.5617
    7.5000  -45.0000   37.500010055.0342   16.6003
   -7.5000  -37.5000   37.500010676.7979   16.5238
    0.0000  -37.5000   37.500011097.2061   16.5719
    7.5000  -37.5000   37.500010510.6943   16.6152
   -7.5000  -30.0000   37.500011477.5742   16.5054
    0.0000  -30.0000   37.500011904.8584   16.5547
    7.5000  -30.0000   37.500011307.3496   16.6030
   -7.5000  -22.5000   37.500012154.8936   16.4827
    0.0000  -22.5000   37.500012582.2432   16.5239
    7.5000  -22.5000   37.500012023.1445   16.5718
   -7.5000  -15.0000   37.500012757.1260   16.4786
    0.0000  -15.0000   37.500013217.2373   16.5091
    7.5000  -15.0000   37.500012644.9219   16.5523
   -7.5000   -7.5000   37.500013321.6016   16.5003
    0.0000   -7.5000   37.500013808.7949   16.5298
    7.5000   -7.5000   37.500013205.8672   16.5685
   -7.5000    0.0000   37.500013655.4531   16.5228
    0.0000    0.0000   37.500014165.2930   16.5617
    7.5000    0.0000   37.500013534.3838   16.6003
   -7.5000    7.5000   37.500012740.4541   16.5238
    0.0000    7.5000   37.500013230.0225   16.5719
    7.5000    7.5000   37.500012690.5801   16.6152
   -7.5000   15.0000   37.500011780.7021   16.5054
    0.0000   15.0000   37.500012227.9902   16.5547
    7.5000   15.0000   37.500011712.0146   16.6030
   -7.5000   22.5000   37.500010766.6777   16.4752
    0.0000   22.5000   37.500011167.7842   16.5163
    7.5000   22.5000   37.500010681.8076   16.5641
   -7.5000   30.0000   37.5000 9734.7461   16.2654
    0.0000   30.0000   37.500010082.8877   16.2954
    7.5000   30.0000   37.5000 9653.2100   16.3381
   -7.5000   37.5000   37.5000 9053.6318   16.2867
    0.0000   37.5000   37.5000 9376.3818   16.3158
    7.5000   37.5000   37.5000 8972.8418   16.3541
   -7.5000   45.0000   37.5000 8057.6890   15.9262
    0.0000   45.0000   37.5000 8337.4316   15.9637
    7.5000   45.0000   37.5000 7986.1982   16.0009
   -7.5000  -45.0000   45.0000 9435.8936   16.5793
    0.0000  -45.0000   45.0000 9801.5537   16.6145
    7.5000  -45.0000   45.0000 9277.9307   16.6531
   -7.5000  -37.5000   45.0000 9867.1406   16.5813
    0.0000  -37.5000   45.000010263.4619   16.6270
    7.5000  -37.5000   45.0000 9703.2744   16.6732
   -7.5000  -30.0000   45.000010573.5762   16.5572
    0.0000  -30.0000   45.000010978.3320   16.6056
    7.5000  -30.0000   45.000010420.2715   16.6559
   -7.5000  -22.5000   45.000011196.5107   16.5270
    0.0000  -22.5000   45.000011619.4502   16.5678
    7.5000  -22.5000   45.000011064.8740   16.6137
   -7.5000  -15.0000   45.000011776.8457   16.5208
    0.0000  -15.0000   45.000012221.0742   16.5504
    7.5000  -15.0000   45.000011653.1162   16.5884
   -7.5000   -7.5000   45.000012263.1641   16.5489
    0.0000   -7.5000   45.000012753.5439   16.5757
    7.5000   -7.5000   45.000012175.9180   16.6104
   -7.5000    0.0000   45.000012611.7158   16.5793
    0.0000    0.0000   45.000013095.0957   16.6145
    7.5000    0.0000   45.000012528.4404   16.6531
   -7.5000    7.5000   45.000011859.9971   16.5813
    0.0000    7.5000   45.000012299.6602   16.6270
    7.5000    7.5000   45.000011788.8945   16.6732
   -7.5000   15.0000   45.000010958.7783   16.5572
    0.0000   15.0000   45.000011375.3467   16.6056
    7.5000   15.0000   45.000010888.9541   16.6559
   -7.5000   22.5000   45.000010025.3252   16.5194
    0.0000   22.5000   45.000010404.6836   16.5602
    7.5000   22.5000   45.0000 9956.8770   16.6060
   -7.5000   30.0000   45.0000 9062.9033   16.3056
    0.0000   30.0000   45.0000 9392.7529   16.3348
    7.5000   30.0000   45.0000 8985.8281   16.3723
   -7.5000   37.5000   45.0000 8427.2021   16.3333
    0.0000   37.5000   45.0000 8719.7021   16.3597
    7.5000   37.5000   45.0000 8352.0664   16.3940
   -7.5000   45.0000   45.0000 7478.0698   15.9878
    0.0000   45.0000   45.0000 7737.3857   16.0218
    7.5000   45.0000   45.0000 7410.8545   16.0590

---------------------------------------------------------------------
imgreg_4dfp /opt/freesurfer/average/711-2C_as_mni_average_305 /opt/freesurfer/average/711-2B_as_mni_average_305_mask talsrcimg_g11 none talsrcimg_to_711-2C_as_mni_average_305_t4 4355
---------------------------------------------------------------------

freesurfer imgreg_4dfp.c
/opt/freesurfer/average/711-2C_as_mni_average_305.4dfp.img
       256       256       256         1
  1.000000  1.000000  1.000000
orientation T byte_order littleendian
Reading image: /opt/freesurfer/average/711-2C_as_mni_average_305.4dfp.img
dimensions:      256       256       256
mmppix:       1.0000   -1.0000   -1.0000
center:     128.0000 -129.0000 -129.0000
/opt/freesurfer/average/711-2B_as_mni_average_305_mask.4dfp.img
       256       256       256         1
  1.000000  1.000000  1.000000
orientation T byte_order littleendian
Reading mask: /opt/freesurfer/average/711-2B_as_mni_average_305_mask.4dfp.img (2306576 pixels)
talsrcimg_g11.4dfp.img
       256       256       256         1
  1.000000  1.000000  1.000000
orientation T byte_order littleendian
Reading image: talsrcimg_g11.4dfp.img
dimensions:      256       256       256
mmppix:       1.0000   -1.0000   -1.0000
center:     128.0000 -129.0000 -129.0000
rotation matrix determinant  1.000000
image alignment mode   4355 decimal     1103 hex
   -7.5000  -45.0000  -45.0000 2038.4673   15.3382
    0.0000  -45.0000  -45.0000 2044.9209   15.2535
    7.5000  -45.0000  -45.0000 2021.0115   15.5101
   -7.5000  -37.5000  -45.0000 2086.2991   14.5052
    0.0000  -37.5000  -45.0000 2097.2034   14.4448
    7.5000  -37.5000  -45.0000 2070.3508   14.6706
   -7.5000  -30.0000  -45.0000 2116.9514   13.9248
    0.0000  -30.0000  -45.0000 2127.4487   13.8696
    7.5000  -30.0000  -45.0000 2098.4761   14.1300
   -7.5000  -22.5000  -45.0000 2134.8152   13.6309
    0.0000  -22.5000  -45.0000 2143.2380   13.5537
    7.5000  -22.5000  -45.0000 2117.3662   13.8142
   -7.5000  -15.0000  -45.0000 2128.7424   13.7399
    0.0000  -15.0000  -45.0000 2134.6863   13.6651
    7.5000  -15.0000  -45.0000 2108.1685   13.9462
   -7.5000   -7.5000  -45.0000 2118.4319   14.0517
    0.0000   -7.5000  -45.0000 2127.2561   13.9453
    7.5000   -7.5000  -45.0000 2095.3274   14.2630
   -7.5000    0.0000  -45.0000 2077.5767   14.6502
    0.0000    0.0000  -45.0000 2084.3809   14.5426
    7.5000    0.0000  -45.0000 2055.9280   14.8582
   -7.5000    7.5000  -45.0000 2025.8567   15.4379
    0.0000    7.5000  -45.0000 2037.0217   15.3127
    7.5000    7.5000  -45.0000 2007.2598   15.6346
   -7.5000   15.0000  -45.0000 1963.2859   16.5003
    0.0000   15.0000  -45.0000 1970.8214   16.3608
    7.5000   15.0000  -45.0000 1935.4857   16.7173
   -7.5000   22.5000  -45.0000 1875.4049   18.0835
    0.0000   22.5000  -45.0000 1886.9518   17.8998
    7.5000   22.5000  -45.0000 1853.7621   18.2497
   -7.5000   30.0000  -45.0000 1769.2748   20.2622
    0.0000   30.0000  -45.0000 1778.8966   20.0570
    7.5000   30.0000  -45.0000 1749.1528   20.4575
   -7.5000   37.5000  -45.0000 1659.6289   23.4101
    0.0000   37.5000  -45.0000 1664.5880   23.1767
    7.5000   37.5000  -45.0000 1637.2616   23.5873
   -7.5000   45.0000  -45.0000 1543.5165   27.6127
    0.0000   45.0000  -45.0000 1546.9635   27.3262
    7.5000   45.0000  -45.0000 1517.9662   27.7900
   -7.5000  -45.0000  -37.5000 2138.0723   14.2373
    0.0000  -45.0000  -37.5000 2147.0500   14.1789
    7.5000  -45.0000  -37.5000 2123.1414   14.3864
   -7.5000  -37.5000  -37.5000 2190.5100   13.4698
    0.0000  -37.5000  -37.5000 2201.6526   13.4109
    7.5000  -37.5000  -37.5000 2178.8474   13.6169
   -7.5000  -30.0000  -37.5000 2222.9475   12.8934
    0.0000  -30.0000  -37.5000 2232.5759   12.8833
    7.5000  -30.0000  -37.5000 2205.1326   13.0612
   -7.5000  -22.5000  -37.5000 2235.4155   12.6177
    0.0000  -22.5000  -37.5000 2242.8669   12.5677
    7.5000  -22.5000  -37.5000 2219.8306   12.7902
   -7.5000  -15.0000  -37.5000 2228.9502   12.6186
    0.0000  -15.0000  -37.5000 2241.6062   12.5686
    7.5000  -15.0000  -37.5000 2216.5947   12.7958
   -7.5000   -7.5000  -37.5000 2220.1643   12.8409
    0.0000   -7.5000  -37.5000 2231.6033   12.7819
    7.5000   -7.5000  -37.5000 2199.3960   13.0313
   -7.5000    0.0000  -37.5000 2183.4749   13.3787
    0.0000    0.0000  -37.5000 2191.2107   13.2974
    7.5000    0.0000  -37.5000 2159.8730   13.5702
   -7.5000    7.5000  -37.5000 2134.3440   14.1184
    0.0000    7.5000  -37.5000 2141.4768   14.0281
    7.5000    7.5000  -37.5000 2108.2180   14.3071
   -7.5000   15.0000  -37.5000 2059.8323   15.1176
    0.0000   15.0000  -37.5000 2066.4226   15.0302
    7.5000   15.0000  -37.5000 2034.5730   15.3356
   -7.5000   22.5000  -37.5000 1969.8193   16.5237
    0.0000   22.5000  -37.5000 1976.7599   16.3558
    7.5000   22.5000  -37.5000 1944.4736   16.7049
   -7.5000   30.0000  -37.5000 1858.5226   18.4907
    0.0000   30.0000  -37.5000 1868.5306   18.2749
    7.5000   30.0000  -37.5000 1834.7767   18.6516
   -7.5000   37.5000  -37.5000 1742.5444   21.3224
    0.0000   37.5000  -37.5000 1748.4825   21.0520
    7.5000   37.5000  -37.5000 1717.5946   21.3849
   -7.5000   45.0000  -37.5000 1614.0529   25.1513
    0.0000   45.0000  -37.5000 1615.7625   24.7747
    7.5000   45.0000  -37.5000 1589.4207   25.1402
   -7.5000  -45.0000  -30.0000 2275.4634   13.6105
    0.0000  -45.0000  -30.0000 2284.9880   13.5739
    7.5000  -45.0000  -30.0000 2258.2217   13.7795
   -7.5000  -37.5000  -30.0000 2334.2344   12.8794
    0.0000  -37.5000  -30.0000 2343.1726   12.8612
    7.5000  -37.5000  -30.0000 2312.8691   13.0278
   -7.5000  -30.0000  -30.0000 2367.0806   12.3454
    0.0000  -30.0000  -30.0000 2377.5940   12.3305
    7.5000  -30.0000  -30.0000 2346.0295   12.5133
   -7.5000  -22.5000  -30.0000 2381.1138   12.0424
    0.0000  -22.5000  -30.0000 2393.2766   12.0522
    7.5000  -22.5000  -30.0000 2360.8120   12.2265
   -7.5000  -15.0000  -30.0000 2375.7412   12.0383
    0.0000  -15.0000  -30.0000 2390.5842   12.0091
    7.5000  -15.0000  -30.0000 2361.1050   12.1720
   -7.5000   -7.5000  -30.0000 2363.8933   12.2061
    0.0000   -7.5000  -30.0000 2375.2146   12.1629
    7.5000   -7.5000  -30.0000 2341.7781   12.3617
   -7.5000    0.0000  -30.0000 2325.7551   12.6770
    0.0000    0.0000  -30.0000 2336.6370   12.6231
    7.5000    0.0000  -30.0000 2303.1130   12.8561
   -7.5000    7.5000  -30.0000 2270.7817   13.3712
    0.0000    7.5000  -30.0000 2280.3574   13.3213
    7.5000    7.5000  -30.0000 2247.8401   13.5660
   -7.5000   15.0000  -30.0000 2191.7803   14.3516
    0.0000   15.0000  -30.0000 2198.8606   14.2899
    7.5000   15.0000  -30.0000 2164.5164   14.5542
   -7.5000   22.5000  -30.0000 2096.1980   15.6433
    0.0000   22.5000  -30.0000 2103.2832   15.5721
    7.5000   22.5000  -30.0000 2065.4521   15.8590
   -7.5000   30.0000  -30.0000 1979.2050   17.4754
    0.0000   30.0000  -30.0000 1988.3011   17.3305
    7.5000   30.0000  -30.0000 1947.2126   17.6733
   -7.5000   37.5000  -30.0000 1852.2939   20.0033
    0.0000   37.5000  -30.0000 1862.2903   19.8319
    7.5000   37.5000  -30.0000 1824.3303   20.1150
   -7.5000   45.0000  -30.0000 1715.1661   23.4877
    0.0000   45.0000  -30.0000 1717.7949   23.3101
    7.5000   45.0000  -30.0000 1688.6865   23.6375
   -7.5000  -45.0000  -22.5000 2384.0059   12.8561
    0.0000  -45.0000  -22.5000 2391.8032   12.8452
    7.5000  -45.0000  -22.5000 2359.6084   13.0240
   -7.5000  -37.5000  -22.5000 2455.1980   12.1146
    0.0000  -37.5000  -22.5000 2462.0808   12.1115
    7.5000  -37.5000  -22.5000 2426.3091   12.2737
   -7.5000  -30.0000  -22.5000 2487.6743   11.6288
    0.0000  -30.0000  -22.5000 2497.3662   11.6241
    7.5000  -30.0000  -22.5000 2461.4089   11.7751
   -7.5000  -22.5000  -22.5000 2513.2756   11.3447
    0.0000  -22.5000  -22.5000 2521.9985   11.3577
    7.5000  -22.5000  -22.5000 2482.7542   11.4943
   -7.5000  -15.0000  -22.5000 2512.5266   11.3195
    0.0000  -15.0000  -22.5000 2518.5400   11.3060
    7.5000  -15.0000  -22.5000 2485.7754   11.4461
   -7.5000   -7.5000  -22.5000 2491.7637   11.4819
    0.0000   -7.5000  -22.5000 2505.5632   11.4660
    7.5000   -7.5000  -22.5000 2467.7954   11.6409
   -7.5000    0.0000  -22.5000 2451.4104   11.9266
    0.0000    0.0000  -22.5000 2463.5774   11.8987
    7.5000    0.0000  -22.5000 2425.0112   12.0930
   -7.5000    7.5000  -22.5000 2396.5955   12.5835
    0.0000    7.5000  -22.5000 2408.7290   12.5539
    7.5000    7.5000  -22.5000 2367.2310   12.7592
   -7.5000   15.0000  -22.5000 2314.6389   13.4641
    0.0000   15.0000  -22.5000 2321.8281   13.4419
    7.5000   15.0000  -22.5000 2280.2615   13.6776
   -7.5000   22.5000  -22.5000 2208.3853   14.6708
    0.0000   22.5000  -22.5000 2214.1440   14.6258
    7.5000   22.5000  -22.5000 2173.3867   14.8953
   -7.5000   30.0000  -22.5000 2079.3120   16.3917
    0.0000   30.0000  -22.5000 2086.9097   16.2850
    7.5000   30.0000  -22.5000 2050.2896   16.5582
   -7.5000   37.5000  -22.5000 1947.7980   18.7003
    0.0000   37.5000  -22.5000 1957.8978   18.5467
    7.5000   37.5000  -22.5000 1914.6447   18.7944
   -7.5000   45.0000  -22.5000 1797.0052   21.8658
    0.0000   45.0000  -22.5000 1801.5089   21.6696
    7.5000   45.0000  -22.5000 1770.9082   21.9961
   -7.5000  -45.0000  -15.0000 2455.9417   12.1481
    0.0000  -45.0000  -15.0000 2462.5442   12.1394
    7.5000  -45.0000  -15.0000 2431.7500   12.3202
   -7.5000  -37.5000  -15.0000 2534.5869   11.3934
    0.0000  -37.5000  -15.0000 2543.9707   11.3821
    7.5000  -37.5000  -15.0000 2510.8403   11.5382
   -7.5000  -30.0000  -15.0000 2580.3413   10.8923
    0.0000  -30.0000  -15.0000 2592.5977   10.8907
    7.5000  -30.0000  -15.0000 2555.4983   11.0568
   -7.5000  -22.5000  -15.0000 2619.4834   10.6299
    0.0000  -22.5000  -15.0000 2626.9175   10.6237
    7.5000  -22.5000  -15.0000 2583.5623   10.7852
   -7.5000  -15.0000  -15.0000 2624.4292   10.6054
    0.0000  -15.0000  -15.0000 2634.3599   10.5989
    7.5000  -15.0000  -15.0000 2589.8184   10.7300
   -7.5000   -7.5000  -15.0000 2606.4719   10.7947
    0.0000   -7.5000  -15.0000 2621.0720   10.7987
    7.5000   -7.5000  -15.0000 2570.7456   10.9519
   -7.5000    0.0000  -15.0000 2561.1882   11.2040
    0.0000    0.0000  -15.0000 2580.4783   11.1901
    7.5000    0.0000  -15.0000 2529.9451   11.3595
   -7.5000    7.5000  -15.0000 2502.7598   11.7950
    0.0000    7.5000  -15.0000 2516.7871   11.8054
    7.5000    7.5000  -15.0000 2465.7380   11.9772
   -7.5000   15.0000  -15.0000 2418.2139   12.6121
    0.0000   15.0000  -15.0000 2425.3425   12.6191
    7.5000   15.0000  -15.0000 2377.2102   12.8359
   -7.5000   22.5000  -15.0000 2297.8572   13.7797
    0.0000   22.5000  -15.0000 2305.8882   13.7368
    7.5000   22.5000  -15.0000 2264.9204   13.9890
   -7.5000   30.0000  -15.0000 2155.2717   15.3754
    0.0000   30.0000  -15.0000 2164.2622   15.3108
    7.5000   30.0000  -15.0000 2128.4995   15.5492
   -7.5000   37.5000  -15.0000 2013.1636   17.4671
    0.0000   37.5000  -15.0000 2017.7671   17.3728
    7.5000   37.5000  -15.0000 1981.9087   17.6370
   -7.5000   45.0000  -15.0000 1857.0522   20.3496
    0.0000   45.0000  -15.0000 1861.7039   20.2101
    7.5000   45.0000  -15.0000 1827.7172   20.5210
   -7.5000  -45.0000   -7.5000 2505.7366   11.5262
    0.0000  -45.0000   -7.5000 2516.7043   11.5067
    7.5000  -45.0000   -7.5000 2482.0981   11.7206
   -7.5000  -37.5000   -7.5000 2599.4919   10.7592
    0.0000  -37.5000   -7.5000 2610.1045   10.7622
    7.5000  -37.5000   -7.5000 2573.5813   10.9608
   -7.5000  -30.0000   -7.5000 2664.7532   10.2523
    0.0000  -30.0000   -7.5000 2672.8801   10.2442
    7.5000  -30.0000   -7.5000 2635.4746   10.4334
   -7.5000  -22.5000   -7.5000 2708.6699    9.9564
    0.0000  -22.5000   -7.5000 2717.5857    9.9508
    7.5000  -22.5000   -7.5000 2670.5386   10.1402
   -7.5000  -15.0000   -7.5000 2726.8779    9.9150
    0.0000  -15.0000   -7.5000 2737.2219    9.9079
    7.5000  -15.0000   -7.5000 2681.9490   10.0649
   -7.5000   -7.5000   -7.5000 2709.7729   10.1612
    0.0000   -7.5000   -7.5000 2725.6262   10.1551
    7.5000   -7.5000   -7.5000 2666.3413   10.3019
   -7.5000    0.0000   -7.5000 2667.9802   10.5587
    0.0000    0.0000   -7.5000 2684.0859   10.5655
    7.5000    0.0000   -7.5000 2626.3416   10.7266
   -7.5000    7.5000   -7.5000 2595.2551   11.0981
    0.0000    7.5000   -7.5000 2606.6873   11.1177
    7.5000    7.5000   -7.5000 2553.4934   11.3011
   -7.5000   15.0000   -7.5000 2493.9077   11.8788
    0.0000   15.0000   -7.5000 2501.2207   11.8895
    7.5000   15.0000   -7.5000 2454.6477   12.1020
   -7.5000   22.5000   -7.5000 2364.0776   13.0020
    0.0000   22.5000   -7.5000 2378.6594   12.9803
    7.5000   22.5000   -7.5000 2334.9639   13.2004
   -7.5000   30.0000   -7.5000 2219.8723   14.5252
    0.0000   30.0000   -7.5000 2232.0010   14.4811
    7.5000   30.0000   -7.5000 2192.6797   14.6929
   -7.5000   37.5000   -7.5000 2065.5037   16.5387
    0.0000   37.5000   -7.5000 2069.8455   16.4362
    7.5000   37.5000   -7.5000 2035.3120   16.6863
   -7.5000   45.0000   -7.5000 1901.0924   19.2142
    0.0000   45.0000   -7.5000 1906.3000   19.0417
    7.5000   45.0000   -7.5000 1873.3911   19.3621
   -7.5000  -45.0000    0.0000 2540.9490   11.0854
    0.0000  -45.0000    0.0000 2551.2822   11.0833
    7.5000  -45.0000    0.0000 2515.3958   11.3461
   -7.5000  -37.5000    0.0000 2649.8640   10.3204
    0.0000  -37.5000    0.0000 2661.4187   10.3077
    7.5000  -37.5000    0.0000 2619.8474   10.5577
   -7.5000  -30.0000    0.0000 2732.1050    9.7900
    0.0000  -30.0000    0.0000 2746.7456    9.7784
    7.5000  -30.0000    0.0000 2696.5193    9.9921
   -7.5000  -22.5000    0.0000 2787.9753    9.4562
    0.0000  -22.5000    0.0000 2804.0044    9.4446
    7.5000  -22.5000    0.0000 2747.5730    9.6539
   -7.5000  -15.0000    0.0000 2824.3188    9.3820
    0.0000  -15.0000    0.0000 2833.7136    9.3662
    7.5000  -15.0000    0.0000 2768.7898    9.5768
   -7.5000   -7.5000    0.0000 2807.7759    9.6496
    0.0000   -7.5000    0.0000 2821.8110    9.6361
    7.5000   -7.5000    0.0000 2757.6289    9.8193
   -7.5000    0.0000    0.0000 2752.7471   10.0511
    0.0000    0.0000    0.0000 2768.8765   10.0290
    7.5000    0.0000    0.0000 2708.7476   10.2226
   -7.5000    7.5000    0.0000 2663.7129   10.5742
    0.0000    7.5000    0.0000 2676.9590   10.5842
    7.5000    7.5000    0.0000 2624.1829   10.7985
   -7.5000   15.0000    0.0000 2550.3796   11.3389
    0.0000   15.0000    0.0000 2561.6304   11.3374
    7.5000   15.0000    0.0000 2513.1401   11.5535
   -7.5000   22.5000    0.0000 2417.9009   12.4387
    0.0000   22.5000    0.0000 2430.4429   12.4257
    7.5000   22.5000    0.0000 2383.1719   12.6290
   -7.5000   30.0000    0.0000 2269.8430   13.9185
    0.0000   30.0000    0.0000 2278.0088   13.8609
    7.5000   30.0000    0.0000 2238.2522   14.0856
   -7.5000   37.5000    0.0000 2108.0029   15.8605
    0.0000   37.5000    0.0000 2115.7097   15.7752
    7.5000   37.5000    0.0000 2081.1702   16.0279
   -7.5000   45.0000    0.0000 1937.6133   18.4161
    0.0000   45.0000    0.0000 1942.8099   18.2510
    7.5000   45.0000    0.0000 1911.6405   18.5674
   -7.5000  -45.0000    7.5000 2556.1665   10.8632
    0.0000  -45.0000    7.5000 2564.5010   10.8170
    7.5000  -45.0000    7.5000 2522.8706   11.1289
   -7.5000  -37.5000    7.5000 2675.4146   10.0759
    0.0000  -37.5000    7.5000 2686.9451   10.0398
    7.5000  -37.5000    7.5000 2641.7632   10.3100
   -7.5000  -30.0000    7.5000 2780.8889    9.5198
    0.0000  -30.0000    7.5000 2796.1943    9.4803
    7.5000  -30.0000    7.5000 2736.2046    9.7320
   -7.5000  -22.5000    7.5000 2860.6562    9.1409
    0.0000  -22.5000    7.5000 2879.5662    9.1069
    7.5000  -22.5000    7.5000 2806.6990    9.3687
   -7.5000  -15.0000    7.5000 2904.8330    9.0352
    0.0000  -15.0000    7.5000 2923.9814    8.9884
    7.5000  -15.0000    7.5000 2845.0745    9.2820
   -7.5000   -7.5000    7.5000 2887.8677    9.3292
    0.0000   -7.5000    7.5000 2902.8010    9.2670
    7.5000   -7.5000    7.5000 2831.4946    9.5233
   -7.5000    0.0000    7.5000 2813.1572    9.7339
    0.0000    0.0000    7.5000 2826.7688    9.6741
    7.5000    0.0000    7.5000 2770.9490    9.9217
   -7.5000    7.5000    7.5000 2720.0188   10.2385
    0.0000    7.5000    7.5000 2730.0093   10.2080
    7.5000    7.5000    7.5000 2675.9006   10.4714
   -7.5000   15.0000    7.5000 2593.2458   11.0146
    0.0000   15.0000    7.5000 2604.4829   10.9725
    7.5000   15.0000    7.5000 2557.3008   11.2247
   -7.5000   22.5000    7.5000 2453.3674   12.1060
    0.0000   22.5000    7.5000 2466.1626   12.0675
    7.5000   22.5000    7.5000 2420.4993   12.2900
   -7.5000   30.0000    7.5000 2303.8813   13.5382
    0.0000   30.0000    7.5000 2314.3279   13.4668
    7.5000   30.0000    7.5000 2268.2910   13.7113
   -7.5000   37.5000    7.5000 2138.1462   15.3893
    0.0000   37.5000    7.5000 2145.9961   15.3045
    7.5000   37.5000    7.5000 2105.7776   15.5673
   -7.5000   45.0000    7.5000 1962.3291   17.7851
    0.0000   45.0000    7.5000 1971.5632   17.6418
    7.5000   45.0000    7.5000 1935.8929   17.9467
   -7.5000  -45.0000   15.0000 2549.4785   10.7527
    0.0000  -45.0000   15.0000 2557.4116   10.7050
    7.5000  -45.0000   15.0000 2509.2275   11.0286
   -7.5000  -37.5000   15.0000 2678.6958    9.9571
    0.0000  -37.5000   15.0000 2688.1643    9.9146
    7.5000  -37.5000   15.0000 2637.0789   10.2162
   -7.5000  -30.0000   15.0000 2794.8242    9.4246
    0.0000  -30.0000   15.0000 2807.3423    9.3596
    7.5000  -30.0000   15.0000 2744.6221    9.6418
   -7.5000  -22.5000   15.0000 2896.3765    9.0695
    0.0000  -22.5000   15.0000 2917.0872    8.9999
    7.5000  -22.5000   15.0000 2838.9299    9.3060
   -7.5000  -15.0000   15.0000 2965.1863    8.9309
    0.0000  -15.0000   15.0000 2983.0276    8.8340
    7.5000  -15.0000   15.0000 2892.5212    9.2054
   -7.5000   -7.5000   15.0000 2942.5996    9.1847
    0.0000   -7.5000   15.0000 2952.4946    9.0978
    7.5000   -7.5000   15.0000 2867.8313    9.4291
   -7.5000    0.0000   15.0000 2844.1018    9.5886
    0.0000    0.0000   15.0000 2852.3950    9.5280
    7.5000    0.0000   15.0000 2790.2417    9.8013
   -7.5000    7.5000   15.0000 2737.6401   10.0837
    0.0000    7.5000   15.0000 2750.3994   10.0420
    7.5000    7.5000   15.0000 2695.9343   10.2881
   -7.5000   15.0000   15.0000 2610.3909   10.8389
    0.0000   15.0000   15.0000 2622.0486   10.7994
    7.5000   15.0000   15.0000 2576.3699   11.0140
   -7.5000   22.5000   15.0000 2466.5286   11.9162
    0.0000   22.5000   15.0000 2477.7141   11.8943
    7.5000   22.5000   15.0000 2433.2637   12.0687
   -7.5000   30.0000   15.0000 2313.4011   13.3242
    0.0000   30.0000   15.0000 2319.3120   13.2858
    7.5000   30.0000   15.0000 2278.6865   13.4770
   -7.5000   37.5000   15.0000 2147.8931   15.1317
    0.0000   37.5000   15.0000 2153.3416   15.0320
    7.5000   37.5000   15.0000 2117.3538   15.2779
   -7.5000   45.0000   15.0000 1974.0342   17.4702
    0.0000   45.0000   15.0000 1980.2902   17.2730
    7.5000   45.0000   15.0000 1946.3134   17.6020
   -7.5000  -45.0000   22.5000 2536.0291   10.8177
    0.0000  -45.0000   22.5000 2542.4036   10.7612
    7.5000  -45.0000   22.5000 2494.3699   11.1334
   -7.5000  -37.5000   22.5000 2662.1721   10.0156
    0.0000  -37.5000   22.5000 2671.8870    9.9574
    7.5000  -37.5000   22.5000 2621.5754   10.3189
   -7.5000  -30.0000   22.5000 2778.1113    9.4963
    0.0000  -30.0000   22.5000 2793.3125    9.4377
    7.5000  -30.0000   22.5000 2732.3589    9.7635
   -7.5000  -22.5000   22.5000 2890.0427    9.1672
    0.0000  -22.5000   22.5000 2909.5344    9.1108
    7.5000  -22.5000   22.5000 2832.7437    9.4024
   -7.5000  -15.0000   22.5000 2963.1399    9.0533
    0.0000  -15.0000   22.5000 2981.4138    9.0058
    7.5000  -15.0000   22.5000 2887.8479    9.3130
   -7.5000   -7.5000   22.5000 2937.7219    9.2437
    0.0000   -7.5000   22.5000 2953.5835    9.1898
    7.5000   -7.5000   22.5000 2860.6523    9.4844
   -7.5000    0.0000   22.5000 2837.9768    9.5815
    0.0000    0.0000   22.5000 2848.9270    9.5239
    7.5000    0.0000   22.5000 2782.6238    9.7868
   -7.5000    7.5000   22.5000 2725.3069   10.1005
    0.0000    7.5000   22.5000 2738.9304   10.0308
    7.5000    7.5000   22.5000 2689.7617   10.2843
   -7.5000   15.0000   22.5000 2600.7705   10.8636
    0.0000   15.0000   22.5000 2610.1067   10.7918
    7.5000   15.0000   22.5000 2570.6355   11.0206
   -7.5000   22.5000   22.5000 2464.0605   11.9181
    0.0000   22.5000   22.5000 2469.5671   11.8582
    7.5000   22.5000   22.5000 2429.9211   12.0644
   -7.5000   30.0000   22.5000 2311.7622   13.3056
    0.0000   30.0000   22.5000 2317.2583   13.2525
    7.5000   30.0000   22.5000 2270.7544   13.4781
   -7.5000   37.5000   22.5000 2141.5156   15.0735
    0.0000   37.5000   22.5000 2148.3757   15.0084
    7.5000   37.5000   22.5000 2112.0576   15.2332
   -7.5000   45.0000   22.5000 1968.1748   17.3261
    0.0000   45.0000   22.5000 1975.2842   17.2014
    7.5000   45.0000   22.5000 1945.5226   17.4673
   -7.5000  -45.0000   30.0000 2507.1506   11.1252
    0.0000  -45.0000   30.0000 2513.5188   11.0899
    7.5000  -45.0000   30.0000 2469.5818   11.4834
   -7.5000  -37.5000   30.0000 2631.6250   10.3623
    0.0000  -37.5000   30.0000 2640.5876   10.3160
    7.5000  -37.5000   30.0000 2585.9893   10.6804
   -7.5000  -30.0000   30.0000 2743.1597    9.8336
    0.0000  -30.0000   30.0000 2755.5940    9.7839
    7.5000  -30.0000   30.0000 2695.7900   10.1032
   -7.5000  -22.5000   30.0000 2841.6858    9.4586
    0.0000  -22.5000   30.0000 2858.1438    9.4082
    7.5000  -22.5000   30.0000 2788.0757    9.7132
   -7.5000  -15.0000   30.0000 2894.5928    9.3278
    0.0000  -15.0000   30.0000 2906.7122    9.2771
    7.5000  -15.0000   30.0000 2833.3831    9.5869
   -7.5000   -7.5000   30.0000 2870.0034    9.5192
    0.0000   -7.5000   30.0000 2883.8914    9.4765
    7.5000   -7.5000   30.0000 2806.5364    9.7008
   -7.5000    0.0000   30.0000 2788.9121    9.8621
    0.0000    0.0000   30.0000 2798.7480    9.8402
    7.5000    0.0000   30.0000 2735.8306   10.0337
   -7.5000    7.5000   30.0000 2682.1631   10.3657
    0.0000    7.5000   30.0000 2691.1438   10.3341
    7.5000    7.5000   30.0000 2645.6521   10.5636
   -7.5000   15.0000   30.0000 2563.1079   11.0884
    0.0000   15.0000   30.0000 2571.9512   11.0395
    7.5000   15.0000   30.0000 2532.2815   11.2673
   -7.5000   22.5000   30.0000 2432.3250   12.0800
    0.0000   22.5000   30.0000 2442.9160   12.0391
    7.5000   22.5000   30.0000 2398.4358   12.2595
   -7.5000   30.0000   30.0000 2284.6868   13.4013
    0.0000   30.0000   30.0000 2294.6401   13.3356
    7.5000   30.0000   30.0000 2252.4292   13.5918
   -7.5000   37.5000   30.0000 2118.2927   15.1363
    0.0000   37.5000   30.0000 2127.0691   15.0370
    7.5000   37.5000   30.0000 2094.9792   15.3152
   -7.5000   45.0000   30.0000 1948.0103   17.4103
    0.0000   45.0000   30.0000 1955.1216   17.2520
    7.5000   45.0000   30.0000 1929.4894   17.5836
   -7.5000  -45.0000   37.5000 2470.6931   11.6927
    0.0000  -45.0000   37.5000 2478.7930   11.6734
    7.5000  -45.0000   37.5000 2427.3818   12.0032
   -7.5000  -37.5000   37.5000 2592.1484   10.8881
    0.0000  -37.5000   37.5000 2602.0444   10.8660
    7.5000  -37.5000   37.5000 2541.4910   11.1679
   -7.5000  -30.0000   37.5000 2694.7710   10.2890
    0.0000  -30.0000   37.5000 2705.0574   10.2559
    7.5000  -30.0000   37.5000 2642.0417   10.5532
   -7.5000  -22.5000   37.5000 2778.0562    9.8894
    0.0000  -22.5000   37.5000 2787.9072    9.8460
    7.5000  -22.5000   37.5000 2722.0811   10.1479
   -7.5000  -15.0000   37.5000 2811.1272    9.7755
    0.0000  -15.0000   37.5000 2821.4170    9.7301
    7.5000  -15.0000   37.5000 2762.3743   10.0080
   -7.5000   -7.5000   37.5000 2780.2681    9.9550
    0.0000   -7.5000   37.5000 2792.0684    9.8971
    7.5000   -7.5000   37.5000 2737.9590   10.1209
   -7.5000    0.0000   37.5000 2716.5286   10.3100
    0.0000    0.0000   37.5000 2725.2268   10.2549
    7.5000    0.0000   37.5000 2670.7012   10.4752
   -7.5000    7.5000   37.5000 2613.5652   10.8494
    0.0000    7.5000   37.5000 2621.9636   10.8086
    7.5000    7.5000   37.5000 2584.0618   11.0365
   -7.5000   15.0000   37.5000 2503.3372   11.5382
    0.0000   15.0000   37.5000 2514.9697   11.5165
    7.5000   15.0000   37.5000 2479.7939   11.7411
   -7.5000   22.5000   37.5000 2385.2925   12.4636
    0.0000   22.5000   37.5000 2398.2275   12.4277
    7.5000   22.5000   37.5000 2359.0640   12.6556
   -7.5000   30.0000   37.5000 2241.2617   13.7087
    0.0000   30.0000   37.5000 2253.5845   13.6333
    7.5000   30.0000   37.5000 2222.6387   13.8633
   -7.5000   37.5000   37.5000 2079.1499   15.4379
    0.0000   37.5000   37.5000 2091.9761   15.3365
    7.5000   37.5000   37.5000 2066.9297   15.6021
   -7.5000   45.0000   37.5000 1912.6128   17.6850
    0.0000   45.0000   37.5000 1922.0237   17.5125
    7.5000   45.0000   37.5000 1898.9114   17.8471
   -7.5000  -45.0000   45.0000 2416.1184   12.4193
    0.0000  -45.0000   45.0000 2424.6904   12.4007
    7.5000  -45.0000   45.0000 2374.0232   12.6828
   -7.5000  -37.5000   45.0000 2534.5854   11.5501
    0.0000  -37.5000   45.0000 2547.6719   11.5387
    7.5000  -37.5000   45.0000 2483.7778   11.8259
   -7.5000  -30.0000   45.0000 2630.4937   10.8956
    0.0000  -30.0000   45.0000 2641.7024   10.8608
    7.5000  -30.0000   45.0000 2577.8142   11.1488
   -7.5000  -22.5000   45.0000 2696.0798   10.5008
    0.0000  -22.5000   45.0000 2707.0334   10.4782
    7.5000  -22.5000   45.0000 2646.5569   10.7569
   -7.5000  -15.0000   45.0000 2716.3848   10.4060
    0.0000  -15.0000   45.0000 2726.8362   10.3728
    7.5000  -15.0000   45.0000 2675.4304   10.6038
   -7.5000   -7.5000   45.0000 2683.8218   10.5499
    0.0000   -7.5000   45.0000 2695.6858   10.5030
    7.5000   -7.5000   45.0000 2648.3728   10.7198
   -7.5000    0.0000   45.0000 2622.8135   10.8921
    0.0000    0.0000   45.0000 2628.3047   10.8454
    7.5000    0.0000   45.0000 2585.9104   11.0746
   -7.5000    7.5000   45.0000 2537.3918   11.4468
    0.0000    7.5000   45.0000 2543.3267   11.3963
    7.5000    7.5000   45.0000 2508.7112   11.6387
   -7.5000   15.0000   45.0000 2432.8684   12.1459
    0.0000   15.0000   45.0000 2446.3918   12.1047
    7.5000   15.0000   45.0000 2409.7251   12.3504
   -7.5000   22.5000   45.0000 2321.9526   13.0543
    0.0000   22.5000   45.0000 2334.9971   13.0291
    7.5000   22.5000   45.0000 2297.5430   13.2604
   -7.5000   30.0000   45.0000 2182.9617   14.2727
    0.0000   30.0000   45.0000 2197.6436   14.1984
    7.5000   30.0000   45.0000 2166.6909   14.4299
   -7.5000   37.5000   45.0000 2028.5322   15.9772
    0.0000   37.5000   45.0000 2040.2998   15.8661
    7.5000   37.5000   45.0000 2015.7775   16.1266
   -7.5000   45.0000   45.0000 1870.3121   18.2315
    0.0000   45.0000   45.0000 1878.6902   18.0461
    7.5000   45.0000   45.0000 1855.0380   18.4099

---------------------------------------------------------------------
imgreg_4dfp /opt/freesurfer/average/711-2C_as_mni_average_305 /opt/freesurfer/average/711-2B_as_mni_average_305_mask talsrcimg_g11 none talsrcimg_to_711-2C_as_mni_average_305_t4 1283
---------------------------------------------------------------------

freesurfer imgreg_4dfp.c
/opt/freesurfer/average/711-2C_as_mni_average_305.4dfp.img
       256       256       256         1
  1.000000  1.000000  1.000000
orientation T byte_order littleendian
Reading image: /opt/freesurfer/average/711-2C_as_mni_average_305.4dfp.img
dimensions:      256       256       256
mmppix:       1.0000   -1.0000   -1.0000
center:     128.0000 -129.0000 -129.0000
/opt/freesurfer/average/711-2B_as_mni_average_305_mask.4dfp.img
       256       256       256         1
  1.000000  1.000000  1.000000
orientation T byte_order littleendian
Reading mask: /opt/freesurfer/average/711-2B_as_mni_average_305_mask.4dfp.img (2306576 pixels)
talsrcimg_g11.4dfp.img
       256       256       256         1
  1.000000  1.000000  1.000000
orientation T byte_order littleendian
Reading image: talsrcimg_g11.4dfp.img
dimensions:      256       256       256
mmppix:       1.0000   -1.0000   -1.0000
center:     128.0000 -129.0000 -129.0000
rotation matrix determinant  1.000000
fimgreg.f
image alignment mode   1283 decimal      503 hex
parameters
    0.0000  -15.0000   15.0000    0.0000    0.0000    0.0000
eta,q 0.93621  8.83181
niter,ni,del,rscale     5    3   12.0000    1.2000
parameter  3 -0.563696 -> -0.500000 qaram    1.1500
parameter  4  0.805718 ->  0.500000 qaram    1.1500
parameters
   -2.9104  -13.5452   18.4500   -3.4500    2.5172    1.0340
eta,q 0.94623  8.88110
  0.0659  0.0777  0.0760  0.0570  0.0682  0.0625
  0.0639  0.0725  0.0718  0.0559  0.0632  0.0586
  0.0646  0.0676  0.0675  0.0573  0.0591  0.0559
  0.0673  0.0638  0.0626  0.0594  0.0561  0.0542
  0.0694  0.0630  0.0595  0.0626  0.0543  0.0538
  0.0751  0.0646  0.0602  0.0667  0.0548  0.0554
  0.0868  0.0698  0.0628  0.0711  0.0575  0.0586
niter,ni,del,rscale     6    3   12.0000    1.2000
parameters
   -3.3050  -12.3059   18.0105   -4.0443    2.2939    0.8019
eta,q 0.94740  8.89408
  0.0677  0.0762  0.0682  0.0615  0.0603  0.0589
  0.0595  0.0657  0.0613  0.0552  0.0565  0.0555
  0.0547  0.0571  0.0540  0.0524  0.0539  0.0534
  0.0538  0.0536  0.0534  0.0530  0.0526  0.0526
  0.0572  0.0540  0.0578  0.0551  0.0539  0.0536
  0.0632  0.0575  0.0645  0.0583  0.0574  0.0563
  0.0707  0.0626  0.0711  0.0638  0.0616  0.0599
niter,ni,del,rscale     5    3   12.0000    1.2000
parameters
   -3.3291  -11.9250   17.8937   -4.4629    2.2805    0.7309
eta,q 0.94765  8.90272
  0.0684  0.0708  0.0691  0.0616  0.0605  0.0590
  0.0595  0.0604  0.0628  0.0555  0.0566  0.0554
  0.0541  0.0544  0.0551  0.0523  0.0538  0.0532
  0.0526  0.0526  0.0526  0.0526  0.0523  0.0524
  0.0552  0.0546  0.0563  0.0549  0.0534  0.0532
  0.0607  0.0597  0.0631  0.0579  0.0566  0.0558
  0.0676  0.0651  0.0703  0.0628  0.0607  0.0593
niter,ni,del,rscale     4    3   12.0000    1.2000
parameters
   -3.3551  -11.7237   17.8546   -4.6907    2.3055    0.7052
eta,q 0.94775  8.90691
  0.0681  0.0695  0.0690  0.0619  0.0604  0.0590
  0.0592  0.0595  0.0630  0.0560  0.0565  0.0554
  0.0538  0.0539  0.0555  0.0524  0.0537  0.0531
  0.0523  0.0523  0.0524  0.0524  0.0523  0.0523
  0.0550  0.0548  0.0556  0.0547  0.0532  0.0531
  0.0604  0.0602  0.0624  0.0576  0.0564  0.0556
  0.0673  0.0657  0.0699  0.0620  0.0605  0.0590
niter,ni,del,rscale     3    3   12.0000    1.2000
parameters
   -3.3716  -11.6137   17.8321   -4.8200    2.3288    0.6964
eta,q 0.94780  8.90896
  0.0680  0.0689  0.0688  0.0621  0.0603  0.0590
  0.0591  0.0592  0.0629  0.0563  0.0565  0.0553
  0.0537  0.0537  0.0556  0.0524  0.0536  0.0530
  0.0523  0.0522  0.0523  0.0523  0.0522  0.0522
  0.0549  0.0549  0.0553  0.0545  0.0532  0.0531
  0.0603  0.0604  0.0620  0.0575  0.0563  0.0555
  0.0671  0.0660  0.0698  0.0617  0.0604  0.0589
niter,ni,del,rscale     2    3   12.0000    1.2000
parameters
   -3.3796  -11.5538   17.8185   -4.8938    2.3422    0.6962
eta,q 0.94782  8.91025
  0.0680  0.0687  0.0687  0.0621  0.0603  0.0590
  0.0591  0.0590  0.0628  0.0565  0.0564  0.0553
  0.0537  0.0536  0.0556  0.0525  0.0536  0.0530
  0.0522  0.0522  0.0522  0.0522  0.0522  0.0522
  0.0549  0.0550  0.0551  0.0544  0.0532  0.0530
  0.0602  0.0606  0.0618  0.0574  0.0563  0.0555
  0.0670  0.0662  0.0697  0.0615  0.0604  0.0589
niter,ni,del,rscale     1    3   12.0000    1.2000
parameters
   -3.3841  -11.5192   17.8102   -4.9358    2.3486    0.6964
eta,q 0.94783  8.91103
  0.0680  0.0685  0.0687  0.0622  0.0602  0.0590
  0.0591  0.0590  0.0628  0.0566  0.0564  0.0553
  0.0537  0.0535  0.0556  0.0525  0.0536  0.0530
  0.0522  0.0522  0.0522  0.0522  0.0522  0.0522
  0.0548  0.0551  0.0550  0.0544  0.0532  0.0530
  0.0601  0.0606  0.0617  0.0574  0.0563  0.0554
  0.0670  0.0663  0.0697  0.0614  0.0604  0.0589
registration optimization eta report
parameter search radius
    6.0000    6.0000    6.9000    6.9000    6.0000    6.0000
100000*second partial in parameter space
       42.       42.       34.       20.       22.       19.
  0.0680  0.0685  0.0687  0.0622  0.0602  0.0590
  0.0591  0.0590  0.0628  0.0566  0.0564  0.0553
  0.0537  0.0535  0.0556  0.0525  0.0536  0.0530
  0.0522  0.0522  0.0522  0.0522  0.0522  0.0522
  0.0548  0.0551  0.0550  0.0544  0.0532  0.0530
  0.0601  0.0606  0.0617  0.0574  0.0563  0.0554
  0.0670  0.0663  0.0697  0.0614  0.0604  0.0589
   -3.3841  -11.5192   17.8102   -4.9358    2.3486    0.6964
eta,q 0.94783  8.91103

---------------------------------------------------------------------
imgreg_4dfp /opt/freesurfer/average/711-2C_as_mni_average_305 /opt/freesurfer/average/711-2B_as_mni_average_305_mask talsrcimg_g11 none talsrcimg_to_711-2C_as_mni_average_305_t4 3335
---------------------------------------------------------------------

freesurfer imgreg_4dfp.c
/opt/freesurfer/average/711-2C_as_mni_average_305.4dfp.img
       256       256       256         1
  1.000000  1.000000  1.000000
orientation T byte_order littleendian
Reading image: /opt/freesurfer/average/711-2C_as_mni_average_305.4dfp.img
dimensions:      256       256       256
mmppix:       1.0000   -1.0000   -1.0000
center:     128.0000 -129.0000 -129.0000
/opt/freesurfer/average/711-2B_as_mni_average_305_mask.4dfp.img
       256       256       256         1
  1.000000  1.000000  1.000000
orientation T byte_order littleendian
Reading mask: /opt/freesurfer/average/711-2B_as_mni_average_305_mask.4dfp.img (2306576 pixels)
talsrcimg_g11.4dfp.img
       256       256       256         1
  1.000000  1.000000  1.000000
orientation T byte_order littleendian
Reading image: talsrcimg_g11.4dfp.img
dimensions:      256       256       256
mmppix:       1.0000   -1.0000   -1.0000
center:     128.0000 -129.0000 -129.0000
fimgreg.f
image alignment mode   3335 decimal      D07 hex
parameters
   -3.3841  -11.5192   17.8102   -0.0914   -0.3739   -0.4545
   -0.8584   -4.1870    1.2145    8.5537    4.0979   -8.5967
eta,q 0.95066  8.85349
niter,ni,del,rscale     5    3    5.0000    1.2000
parameter  4  2.611940 ->  0.500000 qaram    1.1500
parameter  5  1.769016 ->  0.500000 qaram    1.1500
parameter  6  0.577291 ->  0.500000 qaram    1.1500
parameters
   -3.3411  -11.2906   17.7345   -4.2314   -4.5139   -4.5945
   -0.2205   -3.7793    2.7998    7.2485    1.6574  -10.6494
eta,q 0.96500  8.49671
  0.0528  0.0522  0.0513  0.0384  0.0357  0.0371  0.0395  0.0423  0.0387  0.0383  0.0359  0.0361
  0.0510  0.0508  0.0503  0.0411  0.0371  0.0359  0.0376  0.0389  0.0373  0.0364  0.0354  0.0353
  0.0498  0.0498  0.0496  0.0450  0.0392  0.0358  0.0363  0.0366  0.0363  0.0355  0.0352  0.0350
  0.0493  0.0493  0.0493  0.0493  0.0421  0.0376  0.0357  0.0357  0.0357  0.0356  0.0354  0.0352
  0.0496  0.0494  0.0495  0.0544  0.0457  0.0414  0.0359  0.0362  0.0356  0.0366  0.0360  0.0358
  0.0508  0.0501  0.0504  0.0601  0.0495  0.0456  0.0368  0.0380  0.0360  0.0386  0.0369  0.0368
  0.0527  0.0514  0.0517  0.0656  0.0538  0.0507  0.0384  0.0409  0.0369  0.0410  0.0382  0.0379
niter,ni,del,rscale     7    3    5.0000    1.2000
parameter  4  0.800901 ->  0.500000 qaram    1.3225
parameter  5  0.609286 ->  0.500000 qaram    1.3225
parameters
   -3.5429  -11.0645   16.6943   -8.9924   -9.2749   -5.5270
   -0.0757   -3.4783    3.3360    8.5332    2.1223  -11.9411
eta,q 0.97021  8.18852
  0.0385  0.0386  0.0353  0.0312  0.0302  0.0333  0.0334  0.0354  0.0324  0.0344  0.0312  0.0310
  0.0364  0.0367  0.0346  0.0311  0.0296  0.0320  0.0316  0.0325  0.0312  0.0323  0.0305  0.0302
  0.0352  0.0355  0.0345  0.0320  0.0300  0.0309  0.0304  0.0307  0.0304  0.0307  0.0301  0.0298
  0.0350  0.0349  0.0349  0.0345  0.0312  0.0296  0.0300  0.0300  0.0300  0.0300  0.0299  0.0299
  0.0358  0.0351  0.0360  0.0383  0.0331  0.0298  0.0303  0.0304  0.0301  0.0300  0.0300  0.0303
  0.0374  0.0360  0.0374  0.0430  0.0364  0.0329  0.0314  0.0319  0.0307  0.0307  0.0303  0.0311
  0.0398  0.0374  0.0393  0.0489  0.0403  0.0369  0.0331  0.0345  0.0318  0.0321  0.0309  0.0321
niter,ni,del,rscale     7    3    5.0000    1.2000
parameters
   -3.4229  -10.7230   16.2711  -12.4070  -10.6457   -6.0801
    0.0934   -3.5345    3.1703    9.8947    2.6445  -12.2801
eta,q 0.97029  7.99746
  0.0344  0.0334  0.0310  0.0309  0.0325  0.0327  0.0327  0.0338  0.0316  0.0335  0.0307  0.0311
  0.0320  0.0316  0.0301  0.0300  0.0310  0.0315  0.0313  0.0315  0.0306  0.0318  0.0302  0.0303
  0.0304  0.0304  0.0297  0.0297  0.0299  0.0307  0.0303  0.0302  0.0300  0.0305  0.0299  0.0298
  0.0298  0.0298  0.0297  0.0297  0.0297  0.0297  0.0298  0.0298  0.0298  0.0298  0.0297  0.0297
  0.0302  0.0298  0.0302  0.0311  0.0305  0.0294  0.0301  0.0303  0.0301  0.0298  0.0298  0.0300
  0.0314  0.0305  0.0311  0.0345  0.0321  0.0317  0.0310  0.0316  0.0307  0.0304  0.0300  0.0305
  0.0335  0.0318  0.0323  0.0391  0.0353  0.0347  0.0326  0.0339  0.0318  0.0316  0.0305  0.0314
niter,ni,del,rscale     6    3    5.0000    1.2000
parameters
   -3.4176  -10.3251   16.0856  -13.1452  -11.5632   -6.5563
    0.1674   -3.5810    2.7921   11.2844    3.0312  -12.3700
eta,q 0.97036  7.91861
  0.0332  0.0331  0.0310  0.0324  0.0325  0.0324  0.0326  0.0336  0.0314  0.0331  0.0305  0.0311
  0.0313  0.0314  0.0302  0.0307  0.0311  0.0313  0.0312  0.0315  0.0305  0.0316  0.0301  0.0302
  0.0302  0.0303  0.0298  0.0299  0.0301  0.0305  0.0302  0.0302  0.0299  0.0305  0.0298  0.0298
  0.0297  0.0297  0.0296  0.0296  0.0297  0.0297  0.0298  0.0298  0.0298  0.0298  0.0296  0.0296
  0.0301  0.0297  0.0299  0.0297  0.0303  0.0294  0.0301  0.0302  0.0301  0.0297  0.0297  0.0298
  0.0312  0.0303  0.0306  0.0309  0.0317  0.0313  0.0310  0.0315  0.0307  0.0302  0.0299  0.0303
  0.0332  0.0314  0.0315  0.0341  0.0342  0.0341  0.0325  0.0338  0.0317  0.0314  0.0304  0.0311
niter,ni,del,rscale     5    3    5.0000    1.2000
parameters
   -3.4706   -9.8670   15.8082  -13.4408  -12.7584   -7.2846
    0.3051   -3.6825    2.6117   13.0131    3.1696  -12.4059
eta,q 0.97056  7.83674
  0.0329  0.0331  0.0308  0.0324  0.0320  0.0320  0.0325  0.0334  0.0314  0.0329  0.0304  0.0308
  0.0311  0.0314  0.0301  0.0306  0.0308  0.0309  0.0311  0.0314  0.0305  0.0316  0.0299  0.0301
  0.0300  0.0302  0.0296  0.0297  0.0299  0.0302  0.0301  0.0301  0.0299  0.0305  0.0296  0.0296
  0.0296  0.0296  0.0296  0.0295  0.0296  0.0296  0.0297  0.0297  0.0297  0.0297  0.0294  0.0294
  0.0301  0.0296  0.0299  0.0296  0.0302  0.0295  0.0300  0.0302  0.0300  0.0294  0.0295  0.0296
  0.0313  0.0302  0.0305  0.0305  0.0316  0.0313  0.0309  0.0315  0.0306  0.0299  0.0298  0.0301
  0.0332  0.0312  0.0315  0.0332  0.0340  0.0339  0.0323  0.0337  0.0316  0.0310  0.0303  0.0308
niter,ni,del,rscale     4    3    5.0000    1.2000
parameters
   -3.5366   -9.2799   15.3585  -13.9826  -14.4861   -8.3692
    0.4444   -3.7866    2.5489   14.9773    3.1218  -12.3534
eta,q 0.97086  7.70392
  0.0326  0.0333  0.0303  0.0319  0.0312  0.0314  0.0322  0.0332  0.0312  0.0328  0.0301  0.0304
  0.0308  0.0315  0.0296  0.0301  0.0301  0.0304  0.0308  0.0312  0.0303  0.0314  0.0296  0.0297
  0.0298  0.0302  0.0293  0.0293  0.0295  0.0298  0.0298  0.0299  0.0297  0.0303  0.0292  0.0293
  0.0294  0.0294  0.0293  0.0293  0.0292  0.0293  0.0294  0.0295  0.0294  0.0294  0.0291  0.0291
  0.0299  0.0293  0.0297  0.0294  0.0298  0.0294  0.0297  0.0300  0.0297  0.0291  0.0293  0.0293
  0.0311  0.0298  0.0304  0.0303  0.0314  0.0312  0.0306  0.0313  0.0303  0.0295  0.0296  0.0297
  0.0330  0.0308  0.0314  0.0329  0.0337  0.0336  0.0320  0.0334  0.0313  0.0306  0.0301  0.0304
niter,ni,del,rscale     3    3    5.0000    1.2000
parameters
   -3.6005   -8.5310   14.6630  -14.6709  -16.4724   -9.6953
    0.5260   -3.8378    2.4286   16.5929    2.8918  -11.3481
eta,q 0.97130  7.53476
  0.0323  0.0332  0.0296  0.0314  0.0303  0.0305  0.0316  0.0328  0.0308  0.0322  0.0296  0.0300
  0.0305  0.0313  0.0290  0.0296  0.0292  0.0297  0.0302  0.0308  0.0297  0.0307  0.0291  0.0294
  0.0294  0.0299  0.0288  0.0287  0.0288  0.0292  0.0293  0.0294  0.0291  0.0296  0.0288  0.0289
  0.0291  0.0291  0.0289  0.0288  0.0287  0.0287  0.0289  0.0289  0.0289  0.0289  0.0287  0.0287
  0.0296  0.0289  0.0294  0.0292  0.0293  0.0289  0.0292  0.0295  0.0292  0.0287  0.0289  0.0287
  0.0308  0.0293  0.0302  0.0300  0.0307  0.0307  0.0301  0.0309  0.0298  0.0291  0.0292  0.0290
  0.0326  0.0300  0.0312  0.0323  0.0331  0.0330  0.0315  0.0329  0.0309  0.0303  0.0297  0.0294
niter,ni,del,rscale     2    3    5.0000    1.2000
parameters
   -3.6042   -7.7402   13.8148  -15.0984  -17.9108  -11.1154
    0.4156   -3.7869    2.4989   17.5797    2.4096  -10.2349
eta,q 0.97173  7.39718
  0.0320  0.0325  0.0289  0.0312  0.0303  0.0297  0.0309  0.0324  0.0305  0.0312  0.0291  0.0295
  0.0302  0.0307  0.0284  0.0292  0.0290  0.0290  0.0295  0.0303  0.0294  0.0298  0.0286  0.0289
  0.0291  0.0295  0.0283  0.0282  0.0282  0.0286  0.0286  0.0289  0.0287  0.0289  0.0284  0.0285
  0.0287  0.0287  0.0285  0.0283  0.0282  0.0281  0.0284  0.0284  0.0284  0.0284  0.0283  0.0283
  0.0291  0.0285  0.0289  0.0288  0.0288  0.0283  0.0288  0.0289  0.0286  0.0283  0.0285  0.0283
  0.0302  0.0287  0.0297  0.0296  0.0301  0.0298  0.0297  0.0302  0.0293  0.0289  0.0288  0.0285
  0.0320  0.0295  0.0306  0.0316  0.0322  0.0322  0.0310  0.0323  0.0305  0.0300  0.0294  0.0289
niter,ni,del,rscale     1    3    5.0000    1.2000
parameters
   -3.5343   -7.2792   13.3771  -15.1972  -18.5834  -12.0622
    0.2119   -3.6888    2.6556   17.9330    2.0007   -9.9668
eta,q 0.97175  7.33247
  0.0317  0.0316  0.0289  0.0314  0.0308  0.0296  0.0307  0.0323  0.0305  0.0306  0.0292  0.0292
  0.0299  0.0300  0.0284  0.0294  0.0294  0.0288  0.0294  0.0302  0.0294  0.0293  0.0286  0.0287
  0.0287  0.0289  0.0281  0.0282  0.0284  0.0285  0.0285  0.0287  0.0286  0.0286  0.0283  0.0284
  0.0283  0.0283  0.0282  0.0281  0.0281  0.0281  0.0283  0.0283  0.0283  0.0283  0.0283  0.0282
  0.0286  0.0282  0.0285  0.0288  0.0286  0.0280  0.0287  0.0288  0.0285  0.0284  0.0284  0.0283
  0.0297  0.0288  0.0290  0.0295  0.0298  0.0290  0.0296  0.0301  0.0292  0.0290  0.0288  0.0286
  0.0313  0.0298  0.0297  0.0313  0.0317  0.0314  0.0310  0.0320  0.0304  0.0302  0.0294  0.0291
registration optimization eta report
parameter search radius
    2.4000    2.4000    2.4000    9.5220    9.5220    8.2800
    7.2000    7.2000    7.2000    7.2000    7.2000    7.2000
100000*second partial in parameter space
       56.       42.       20.        4.        3.        4.
        5.        7.        4.        4.        2.        2.
  0.0317  0.0316  0.0289  0.0314  0.0308  0.0296  0.0307  0.0323  0.0305  0.0306  0.0292  0.0292
  0.0299  0.0300  0.0284  0.0294  0.0294  0.0288  0.0294  0.0302  0.0294  0.0293  0.0286  0.0287
  0.0287  0.0289  0.0281  0.0282  0.0284  0.0285  0.0285  0.0287  0.0286  0.0286  0.0283  0.0284
  0.0283  0.0283  0.0282  0.0281  0.0281  0.0281  0.0283  0.0283  0.0283  0.0283  0.0283  0.0282
  0.0286  0.0282  0.0285  0.0288  0.0286  0.0280  0.0287  0.0288  0.0285  0.0284  0.0284  0.0283
  0.0297  0.0288  0.0290  0.0295  0.0298  0.0290  0.0296  0.0301  0.0292  0.0290  0.0288  0.0286
  0.0313  0.0298  0.0297  0.0313  0.0317  0.0314  0.0310  0.0320  0.0304  0.0302  0.0294  0.0291
   -3.5343   -7.2792   13.3771  -15.1972  -18.5834  -12.0622
    0.2119   -3.6888    2.6556   17.9330    2.0007   -9.9668
eta,q 0.97175  7.33247

---------------------------------------------------------------------
imgreg_4dfp /opt/freesurfer/average/711-2C_as_mni_average_305 /opt/freesurfer/average/711-2B_as_mni_average_305_mask talsrcimg_g11 none talsrcimg_to_711-2C_as_mni_average_305_t4 2311
---------------------------------------------------------------------

freesurfer imgreg_4dfp.c
/opt/freesurfer/average/711-2C_as_mni_average_305.4dfp.img
       256       256       256         1
  1.000000  1.000000  1.000000
orientation T byte_order littleendian
Reading image: /opt/freesurfer/average/711-2C_as_mni_average_305.4dfp.img
dimensions:      256       256       256
mmppix:       1.0000   -1.0000   -1.0000
center:     128.0000 -129.0000 -129.0000
/opt/freesurfer/average/711-2B_as_mni_average_305_mask.4dfp.img
       256       256       256         1
  1.000000  1.000000  1.000000
orientation T byte_order littleendian
Reading mask: /opt/freesurfer/average/711-2B_as_mni_average_305_mask.4dfp.img (2306576 pixels)
talsrcimg_g11.4dfp.img
       256       256       256         1
  1.000000  1.000000  1.000000
orientation T byte_order littleendian
Reading image: talsrcimg_g11.4dfp.img
dimensions:      256       256       256
mmppix:       1.0000   -1.0000   -1.0000
center:     128.0000 -129.0000 -129.0000
fimgreg.f
image alignment mode   2311 decimal      907 hex
parameters
   -3.5343   -7.2792   13.3771  -15.1972  -18.5834  -12.0622
    0.2119   -3.6888    2.6556   17.9330    2.0007   -9.9668
eta,q 0.97175  7.33246
niter,ni,del,rscale     5    3    5.0000    0.8000
parameters
   -3.4762   -7.1061   13.2598  -16.1463  -18.5230   -9.8344
   -0.0493   -3.6363    2.8537   17.8080    2.3382  -10.2874
eta,q 0.97214  7.35644
  0.0298  0.0296  0.0286  0.0288  0.0290  0.0287  0.0290  0.0299  0.0290  0.0290  0.0284  0.0282
  0.0290  0.0289  0.0284  0.0283  0.0285  0.0285  0.0284  0.0288  0.0284  0.0284  0.0281  0.0280
  0.0284  0.0284  0.0283  0.0281  0.0282  0.0283  0.0280  0.0281  0.0280  0.0280  0.0279  0.0279
  0.0282  0.0282  0.0282  0.0282  0.0281  0.0281  0.0279  0.0279  0.0279  0.0279  0.0279  0.0279
  0.0284  0.0283  0.0283  0.0286  0.0282  0.0279  0.0281  0.0281  0.0279  0.0280  0.0279  0.0279
  0.0288  0.0286  0.0285  0.0289  0.0285  0.0279  0.0286  0.0288  0.0283  0.0285  0.0280  0.0281
  0.0296  0.0291  0.0288  0.0293  0.0290  0.0282  0.0293  0.0298  0.0288  0.0292  0.0283  0.0283
niter,ni,del,rscale     4    3    5.0000    0.7000
parameters
   -3.4653   -7.1245   13.5029  -16.1909  -18.4929  -10.0804
   -0.1067   -3.7028    2.7064   17.8856    2.1960  -10.4501
eta,q 0.97214  7.35182
  0.0291  0.0287  0.0285  0.0286  0.0285  0.0284  0.0288  0.0294  0.0286  0.0288  0.0282  0.0281
  0.0284  0.0282  0.0282  0.0282  0.0282  0.0282  0.0283  0.0285  0.0282  0.0283  0.0280  0.0280
  0.0280  0.0279  0.0280  0.0279  0.0279  0.0280  0.0280  0.0280  0.0279  0.0280  0.0279  0.0279
  0.0279  0.0279  0.0279  0.0278  0.0278  0.0278  0.0279  0.0279  0.0279  0.0279  0.0279  0.0279
  0.0280  0.0280  0.0279  0.0280  0.0279  0.0279  0.0280  0.0281  0.0280  0.0279  0.0279  0.0279
  0.0284  0.0283  0.0280  0.0283  0.0281  0.0281  0.0283  0.0286  0.0283  0.0282  0.0280  0.0280
  0.0290  0.0287  0.0282  0.0286  0.0285  0.0287  0.0289  0.0294  0.0287  0.0287  0.0283  0.0282
niter,ni,del,rscale     3    3    5.0000    0.6000
parameters
   -3.4596   -7.1458   13.4806  -16.3413  -18.4387   -9.8304
   -0.1107   -3.7069    2.7513   17.8616    2.2445  -10.5084
eta,q 0.97217  7.35481
  0.0288  0.0285  0.0282  0.0284  0.0284  0.0283  0.0286  0.0290  0.0284  0.0285  0.0281  0.0281
  0.0283  0.0281  0.0280  0.0281  0.0281  0.0282  0.0282  0.0283  0.0281  0.0281  0.0280  0.0279
  0.0280  0.0279  0.0279  0.0279  0.0279  0.0280  0.0279  0.0280  0.0279  0.0279  0.0279  0.0279
  0.0279  0.0279  0.0279  0.0279  0.0279  0.0279  0.0278  0.0278  0.0278  0.0278  0.0278  0.0278
  0.0280  0.0279  0.0279  0.0280  0.0279  0.0278  0.0279  0.0280  0.0279  0.0279  0.0279  0.0279
  0.0282  0.0282  0.0280  0.0282  0.0281  0.0280  0.0282  0.0284  0.0281  0.0281  0.0280  0.0279
  0.0287  0.0285  0.0282  0.0285  0.0283  0.0283  0.0286  0.0290  0.0284  0.0285  0.0281  0.0281
niter,ni,del,rscale     2    3    5.0000    0.5000
parameters
   -3.4634   -7.1513   13.5285  -16.4552  -18.4302   -9.5653
   -0.1282   -3.7309    2.7541   17.8296    2.3024  -10.5725
eta,q 0.97219  7.35882
  0.0285  0.0283  0.0281  0.0283  0.0282  0.0282  0.0283  0.0286  0.0282  0.0283  0.0280  0.0280
  0.0281  0.0280  0.0279  0.0280  0.0280  0.0281  0.0280  0.0282  0.0280  0.0280  0.0279  0.0279
  0.0279  0.0279  0.0279  0.0279  0.0279  0.0279  0.0279  0.0279  0.0279  0.0279  0.0278  0.0278
  0.0278  0.0278  0.0278  0.0278  0.0278  0.0278  0.0278  0.0278  0.0278  0.0278  0.0278  0.0278
  0.0279  0.0279  0.0279  0.0279  0.0279  0.0278  0.0279  0.0279  0.0279  0.0279  0.0278  0.0278
  0.0281  0.0280  0.0279  0.0281  0.0280  0.0280  0.0281  0.0282  0.0280  0.0280  0.0279  0.0279
  0.0285  0.0283  0.0280  0.0283  0.0282  0.0282  0.0283  0.0286  0.0282  0.0283  0.0280  0.0280
niter,ni,del,rscale     1    3    5.0000    0.4000
parameters
   -3.4691   -7.1585   13.5902  -16.5525  -18.4242   -9.3571
   -0.1304   -3.7542    2.7272   17.8020    2.3218  -10.6290
eta,q 0.97220  7.36191
  0.0282  0.0281  0.0280  0.0281  0.0280  0.0281  0.0281  0.0283  0.0281  0.0281  0.0279  0.0279
  0.0280  0.0279  0.0279  0.0279  0.0279  0.0280  0.0280  0.0280  0.0279  0.0279  0.0279  0.0278
  0.0279  0.0278  0.0278  0.0278  0.0278  0.0279  0.0278  0.0279  0.0278  0.0278  0.0278  0.0278
  0.0278  0.0278  0.0278  0.0278  0.0278  0.0278  0.0278  0.0278  0.0278  0.0278  0.0278  0.0278
  0.0279  0.0278  0.0278  0.0279  0.0278  0.0278  0.0278  0.0279  0.0278  0.0278  0.0278  0.0278
  0.0280  0.0279  0.0279  0.0280  0.0279  0.0279  0.0280  0.0281  0.0279  0.0280  0.0279  0.0279
  0.0282  0.0281  0.0279  0.0281  0.0280  0.0281  0.0281  0.0284  0.0281  0.0281  0.0279  0.0279
registration optimization eta report
parameter search radius
    0.8000    0.8000    0.8000    2.4000    2.4000    2.4000
    2.4000    2.4000    2.4000    2.4000    2.4000    2.4000
100000*second partial in parameter space
       62.       45.       24.        5.        4.        5.
        6.        9.        5.        6.        2.        2.
  0.0282  0.0281  0.0280  0.0281  0.0280  0.0281  0.0281  0.0283  0.0281  0.0281  0.0279  0.0279
  0.0280  0.0279  0.0279  0.0279  0.0279  0.0280  0.0280  0.0280  0.0279  0.0279  0.0279  0.0278
  0.0279  0.0278  0.0278  0.0278  0.0278  0.0279  0.0278  0.0279  0.0278  0.0278  0.0278  0.0278
  0.0278  0.0278  0.0278  0.0278  0.0278  0.0278  0.0278  0.0278  0.0278  0.0278  0.0278  0.0278
  0.0279  0.0278  0.0278  0.0279  0.0278  0.0278  0.0278  0.0279  0.0278  0.0278  0.0278  0.0278
  0.0280  0.0279  0.0279  0.0280  0.0279  0.0279  0.0280  0.0281  0.0279  0.0280  0.0279  0.0279
  0.0282  0.0281  0.0279  0.0281  0.0280  0.0281  0.0281  0.0284  0.0281  0.0281  0.0279  0.0279
   -3.4691   -7.1585   13.5902  -16.5525  -18.4242   -9.3571
   -0.1304   -3.7542    2.7272   17.8020    2.3218  -10.6290
eta,q 0.97220  7.36191

---------------------------------------------------------------------
imgreg_4dfp /opt/freesurfer/average/711-2C_as_mni_average_305 /opt/freesurfer/average/711-2B_as_mni_average_305_mask talsrcimg_g11 none talsrcimg_to_711-2C_as_mni_average_305_t4 2311
---------------------------------------------------------------------

freesurfer imgreg_4dfp.c
/opt/freesurfer/average/711-2C_as_mni_average_305.4dfp.img
       256       256       256         1
  1.000000  1.000000  1.000000
orientation T byte_order littleendian
Reading image: /opt/freesurfer/average/711-2C_as_mni_average_305.4dfp.img
dimensions:      256       256       256
mmppix:       1.0000   -1.0000   -1.0000
center:     128.0000 -129.0000 -129.0000
/opt/freesurfer/average/711-2B_as_mni_average_305_mask.4dfp.img
       256       256       256         1
  1.000000  1.000000  1.000000
orientation T byte_order littleendian
Reading mask: /opt/freesurfer/average/711-2B_as_mni_average_305_mask.4dfp.img (2306576 pixels)
talsrcimg_g11.4dfp.img
       256       256       256         1
  1.000000  1.000000  1.000000
orientation T byte_order littleendian
Reading image: talsrcimg_g11.4dfp.img
dimensions:      256       256       256
mmppix:       1.0000   -1.0000   -1.0000
center:     128.0000 -129.0000 -129.0000
fimgreg.f
image alignment mode   2311 decimal      907 hex
parameters
   -3.4691   -7.1585   13.5902  -16.5525  -18.4242   -9.3571
   -0.1304   -3.7542    2.7272   17.8020    2.3218  -10.6290
eta,q 0.97220  7.36190
niter,ni,del,rscale     5    3    5.0000    0.8000
parameters
   -3.4604   -7.1545   13.6573  -16.1523  -18.5357  -10.1504
   -0.0971   -3.6896    2.6576   17.8837    2.1384  -10.5040
eta,q 0.97212  7.35146
  0.0294  0.0289  0.0285  0.0290  0.0287  0.0284  0.0292  0.0299  0.0289  0.0290  0.0283  0.0283
  0.0285  0.0283  0.0281  0.0284  0.0282  0.0282  0.0285  0.0288  0.0283  0.0284  0.0281  0.0281
  0.0280  0.0279  0.0279  0.0279  0.0279  0.0280  0.0280  0.0281  0.0280  0.0280  0.0279  0.0279
  0.0278  0.0278  0.0278  0.0278  0.0278  0.0278  0.0279  0.0279  0.0279  0.0279  0.0279  0.0279
  0.0280  0.0279  0.0279  0.0280  0.0279  0.0279  0.0280  0.0281  0.0280  0.0280  0.0280  0.0279
  0.0285  0.0283  0.0280  0.0283  0.0282  0.0284  0.0285  0.0288  0.0284  0.0283  0.0281  0.0280
  0.0293  0.0289  0.0284  0.0286  0.0288  0.0295  0.0291  0.0298  0.0289  0.0290  0.0284  0.0283
niter,ni,del,rscale     4    3    5.0000    0.7000
parameters
   -3.4547   -7.1624   13.4808  -16.2291  -18.4453  -10.1374
   -0.1054   -3.6871    2.7456   17.8997    2.1899  -10.4623
eta,q 0.97214  7.35028
  0.0291  0.0287  0.0282  0.0287  0.0286  0.0284  0.0289  0.0294  0.0287  0.0288  0.0282  0.0282
  0.0284  0.0282  0.0280  0.0282  0.0282  0.0283  0.0283  0.0286  0.0283  0.0283  0.0280  0.0280
  0.0280  0.0280  0.0279  0.0279  0.0280  0.0281  0.0280  0.0280  0.0280  0.0280  0.0279  0.0279
  0.0279  0.0279  0.0279  0.0279  0.0279  0.0279  0.0279  0.0279  0.0279  0.0279  0.0279  0.0279
  0.0280  0.0280  0.0280  0.0280  0.0279  0.0279  0.0280  0.0281  0.0279  0.0280  0.0279  0.0279
  0.0284  0.0283  0.0282  0.0283  0.0281  0.0281  0.0283  0.0286  0.0282  0.0283  0.0280  0.0280
  0.0291  0.0287  0.0284  0.0286  0.0285  0.0286  0.0289  0.0294  0.0286  0.0288  0.0282  0.0282
niter,ni,del,rscale     3    3    5.0000    0.6000
parameters
   -3.4601   -7.1442   13.4675  -16.3349  -18.4303   -9.8411
   -0.1155   -3.7070    2.7559   17.8705    2.2603  -10.5033
eta,q 0.97217  7.35504
  0.0287  0.0285  0.0282  0.0285  0.0284  0.0283  0.0286  0.0290  0.0284  0.0285  0.0281  0.0281
  0.0283  0.0282  0.0280  0.0281  0.0281  0.0282  0.0282  0.0283  0.0281  0.0281  0.0280  0.0279
  0.0279  0.0279  0.0279  0.0279  0.0279  0.0280  0.0279  0.0280  0.0279  0.0279  0.0279  0.0279
  0.0279  0.0279  0.0279  0.0279  0.0279  0.0279  0.0278  0.0278  0.0278  0.0278  0.0278  0.0278
  0.0280  0.0279  0.0279  0.0280  0.0279  0.0278  0.0279  0.0280  0.0279  0.0279  0.0279  0.0279
  0.0283  0.0281  0.0280  0.0282  0.0281  0.0280  0.0282  0.0284  0.0281  0.0281  0.0280  0.0279
  0.0287  0.0285  0.0282  0.0285  0.0284  0.0283  0.0286  0.0290  0.0284  0.0286  0.0281  0.0281
niter,ni,del,rscale     2    3    5.0000    0.5000
parameters
   -3.4638   -7.1470   13.5261  -16.4545  -18.4326   -9.5606
   -0.1253   -3.7319    2.7494   17.8231    2.3075  -10.5585
eta,q 0.97219  7.35873
  0.0285  0.0283  0.0281  0.0283  0.0282  0.0282  0.0283  0.0286  0.0282  0.0283  0.0280  0.0280
  0.0281  0.0280  0.0280  0.0280  0.0280  0.0281  0.0280  0.0282  0.0280  0.0280  0.0279  0.0279
  0.0279  0.0279  0.0279  0.0279  0.0279  0.0279  0.0279  0.0279  0.0279  0.0279  0.0278  0.0278
  0.0278  0.0278  0.0278  0.0278  0.0278  0.0278  0.0278  0.0278  0.0278  0.0278  0.0278  0.0278
  0.0279  0.0279  0.0278  0.0279  0.0279  0.0278  0.0279  0.0279  0.0279  0.0279  0.0278  0.0278
  0.0281  0.0280  0.0279  0.0281  0.0280  0.0280  0.0281  0.0282  0.0280  0.0280  0.0279  0.0279
  0.0284  0.0283  0.0280  0.0283  0.0282  0.0282  0.0283  0.0286  0.0282  0.0283  0.0280  0.0280
niter,ni,del,rscale     1    3    5.0000    0.4000
parameters
   -3.4700   -7.1590   13.5907  -16.5528  -18.4232   -9.3543
   -0.1255   -3.7562    2.7337   17.8034    2.3235  -10.6704
eta,q 0.97220  7.36228
  0.0282  0.0281  0.0280  0.0281  0.0280  0.0281  0.0281  0.0283  0.0281  0.0281  0.0279  0.0279
  0.0280  0.0279  0.0279  0.0279  0.0279  0.0280  0.0280  0.0280  0.0279  0.0279  0.0279  0.0278
  0.0278  0.0278  0.0278  0.0278  0.0278  0.0279  0.0278  0.0279  0.0278  0.0278  0.0278  0.0278
  0.0278  0.0278  0.0278  0.0278  0.0278  0.0278  0.0278  0.0278  0.0278  0.0278  0.0278  0.0278
  0.0279  0.0278  0.0278  0.0279  0.0278  0.0278  0.0278  0.0279  0.0278  0.0278  0.0278  0.0278
  0.0280  0.0279  0.0279  0.0280  0.0279  0.0279  0.0280  0.0281  0.0279  0.0280  0.0279  0.0279
  0.0282  0.0281  0.0279  0.0281  0.0280  0.0281  0.0281  0.0283  0.0281  0.0281  0.0279  0.0279
registration optimization eta report
parameter search radius
    0.8000    0.8000    0.8000    2.4000    2.4000    2.4000
    2.4000    2.4000    2.4000    2.4000    2.4000    2.4000
100000*second partial in parameter space
       62.       44.       24.        5.        4.        5.
        6.        9.        5.        6.        2.        2.
  0.0282  0.0281  0.0280  0.0281  0.0280  0.0281  0.0281  0.0283  0.0281  0.0281  0.0279  0.0279
  0.0280  0.0279  0.0279  0.0279  0.0279  0.0280  0.0280  0.0280  0.0279  0.0279  0.0279  0.0278
  0.0278  0.0278  0.0278  0.0278  0.0278  0.0279  0.0278  0.0279  0.0278  0.0278  0.0278  0.0278
  0.0278  0.0278  0.0278  0.0278  0.0278  0.0278  0.0278  0.0278  0.0278  0.0278  0.0278  0.0278
  0.0279  0.0278  0.0278  0.0279  0.0278  0.0278  0.0278  0.0279  0.0278  0.0278  0.0278  0.0278
  0.0280  0.0279  0.0279  0.0280  0.0279  0.0279  0.0280  0.0281  0.0279  0.0280  0.0279  0.0279
  0.0282  0.0281  0.0279  0.0281  0.0280  0.0281  0.0281  0.0283  0.0281  0.0281  0.0279  0.0279
   -3.4700   -7.1590   13.5907  -16.5528  -18.4232   -9.3543
   -0.1255   -3.7562    2.7337   17.8034    2.3235  -10.6704
eta,q 0.97220  7.36228

---------------------------------------------------------------------
compute_vox2vox talsrcimg talsrcimg_to_711-2C_as_mni_average_305_t4 /opt/freesurfer/average/711-2C_as_mni_average_305
---------------------------------------------------------------------

freesurfer compute_vox2vox.c
Reading: talsrcimg.4dfp.ifh
Reading: talsrcimg_to_711-2C_as_mni_average_305_t4
Reading: /opt/freesurfer/average/711-2C_as_mni_average_305.4dfp.ifh
Writing: talsrcimg_to_711-2C_as_mni_average_305_t4_vox2vox.txt

start time Fri Mar 13 22:19:02 CET 2026
end		time Fri Mar 13 22:20:31 CET 2026

mpr2mni305 success

avi2talxfm orig_nu.mgz /opt/freesurfer/average/mni305.cor.mgz talsrcimg_to_711-2C_as_mni_average_305_t4_vox2vox.txt transforms/talairach.auto.xfm
avi2talxfm done
mv -f /out/sourcedata/freesurfer/sub-v2s7x29661_ses-1/mri/talsrcimg_to_711-2C_as_mni_average_305_t4_vox2vox.txt /out/sourcedata/freesurfer/sub-v2s7x29661_ses-1/mri/transforms/talsrcimg_to_711-2C_as_mni_average_305_t4_vox2vox.txt
lta_convert --src orig_nu.mgz --trg /opt/freesurfer/average/mni305.cor.mgz --inxfm transforms/talairach.auto.xfm --outlta transforms/talairach.auto.xfm.lta --subject fsaverage
7.3.2

--src: orig_nu.mgz src image (geometry).
--trg: /opt/freesurfer/average/mni305.cor.mgz trg image (geometry).
--inmni: transforms/talairach.auto.xfm input MNI/XFM transform.
--outlta: transforms/talairach.auto.xfm.lta output LTA.
--s: fsaverage subject name
 LTA read, type : 1
 1.19676   0.04800   0.00812   12.50356;
-0.03451   1.07418   0.14045  -17.61369;
-0.03257  -0.23604   1.19491  -52.42119;
 0.00000   0.00000   0.00000   1.00000;
setting subject to fsaverage
Writing  LTA to file transforms/talairach.auto.xfm.lta...
lta_convert successful.
 
 
Started at Fri Mar 13 22:19:02 CET 2026
Ended   at Fri Mar 13 22:20:31 CET 2026
talairach_avi done
