status file for recon-all
Sat Mar 14 01:46:20 CET 2026
#@# Tessellate rh Sat Mar 14 01:46:20 CET 2026
#@# Smooth1 rh Sat Mar 14 01:46:23 CET 2026
#@# Inflation1 rh Sat Mar 14 01:46:26 CET 2026
#@# QSphere rh Sat Mar 14 01:46:40 CET 2026
#@# Fix Topology rh Sat Mar 14 01:47:56 CET 2026
#@# Smooth2 rh Sat Mar 14 01:59:42 CET 2026
#@# Inflation2 rh Sat Mar 14 01:59:45 CET 2026
#@# Curv .H and .K rh Sat Mar 14 02:00:00 CET 2026
#@# Sphere rh Sat Mar 14 02:00:50 CET 2026
#@# Surf Reg rh Sat Mar 14 02:07:40 CET 2026
#@# Jacobian white rh Sat Mar 14 02:15:11 CET 2026
#@# AvgCurv rh Sat Mar 14 02:15:12 CET 2026
#@# Cortical Parc rh Sat Mar 14 02:15:13 CET 2026
#@# white curv rh Sat Mar 14 02:24:37 CET 2026
#@# white area rh Sat Mar 14 02:24:39 CET 2026
#@# pial curv rh Sat Mar 14 02:24:39 CET 2026
#@# pial area rh Sat Mar 14 02:24:42 CET 2026
#@# thickness rh Sat Mar 14 02:24:42 CET 2026
#@# area and vertex vol rh Sat Mar 14 02:25:15 CET 2026
#@# Curvature Stats rh Sat Mar 14 02:25:16 CET 2026
#@# Cortical Parc 2 rh Sat Mar 14 02:25:19 CET 2026
#@# Cortical Parc 3 rh Sat Mar 14 02:25:34 CET 2026
#@# WM/GM Contrast rh Sat Mar 14 02:25:45 CET 2026
recon-all -s sub-v2s7x29797_ses-1 finished without error at Sat Mar 14 02:25:48 CET 2026



#New# invocation of recon-all 



status file for recon-all
Sat Mar 14 02:37:27 CET 2026
#@# white curv rh Sat Mar 14 02:37:27 CET 2026
#@# white area rh Sat Mar 14 02:37:27 CET 2026
#@# pial curv rh Sat Mar 14 02:37:27 CET 2026
#@# pial area rh Sat Mar 14 02:37:27 CET 2026
#@# thickness rh Sat Mar 14 02:37:27 CET 2026
#@# area and vertex vol rh Sat Mar 14 02:37:27 CET 2026
#@# Parcellation Stats rh Sat Mar 14 02:37:27 CET 2026
#@# Parcellation Stats 2 rh Sat Mar 14 02:37:47 CET 2026
#@# Parcellation Stats 3 rh Sat Mar 14 02:37:58 CET 2026
#@# BA_exvivo Labels rh Sat Mar 14 02:38:08 CET 2026
recon-all -s sub-v2s7x29797_ses-1 finished without error at Sat Mar 14 02:40:50 CET 2026
