status file for recon-all
Fri Mar 13 23:26:05 CET 2026
#@# MotionCor Fri Mar 13 23:26:07 CET 2026
#@# Talairach Fri Mar 13 23:26:18 CET 2026
#@# Talairach Failure Detection Fri Mar 13 23:30:42 CET 2026
#@# Nu Intensity Correction Fri Mar 13 23:30:42 CET 2026
#@# Intensity Normalization Fri Mar 13 23:33:58 CET 2026
recon-all -s sub-v2s7x29797_ses-1 finished without error at Fri Mar 13 23:35:23 CET 2026



#New# invocation of recon-all 



status file for recon-all
Fri Mar 13 23:48:56 CET 2026
#@# EM Registration Fri Mar 13 23:48:56 CET 2026
recon-all -s sub-v2s7x29797_ses-1 finished without error at Fri Mar 13 23:51:27 CET 2026



#New# invocation of recon-all 



status file for recon-all
Fri Mar 13 23:51:30 CET 2026
#@# CA Normalize Fri Mar 13 23:51:30 CET 2026
#@# CA Reg Fri Mar 13 23:52:48 CET 2026
#@# SubCort Seg Sat Mar 14 00:41:22 CET 2026
#@# CC Seg Sat Mar 14 01:10:23 CET 2026
#@# Merge ASeg Sat Mar 14 01:10:58 CET 2026
#@# Intensity Normalization2 Sat Mar 14 01:10:58 CET 2026
#@# Mask BFS Sat Mar 14 01:13:05 CET 2026
#@# WM Segmentation Sat Mar 14 01:13:06 CET 2026
#@# Fill Sat Mar 14 01:15:07 CET 2026
recon-all -s sub-v2s7x29797_ses-1 finished without error at Sat Mar 14 01:16:08 CET 2026



#New# invocation of recon-all 



status file for recon-all
Sat Mar 14 02:25:53 CET 2026
#@# white curv lh Sat Mar 14 02:25:53 CET 2026
#@# white area lh Sat Mar 14 02:25:53 CET 2026
#@# pial curv lh Sat Mar 14 02:25:53 CET 2026
#@# pial area lh Sat Mar 14 02:25:53 CET 2026
#@# thickness lh Sat Mar 14 02:25:53 CET 2026
#@# area and vertex vol lh Sat Mar 14 02:25:53 CET 2026
#@# white curv rh Sat Mar 14 02:25:53 CET 2026
#@# white area rh Sat Mar 14 02:25:53 CET 2026
#@# pial curv rh Sat Mar 14 02:25:53 CET 2026
#@# pial area rh Sat Mar 14 02:25:53 CET 2026
#@# thickness rh Sat Mar 14 02:25:53 CET 2026
#@# area and vertex vol rh Sat Mar 14 02:25:53 CET 2026
#@# Cortical ribbon mask Sat Mar 14 02:25:53 CET 2026
recon-all -s sub-v2s7x29797_ses-1 finished without error at Sat Mar 14 02:33:53 CET 2026



#New# invocation of recon-all 



status file for recon-all
Sat Mar 14 02:40:55 CET 2026
#@# white curv lh Sat Mar 14 02:40:55 CET 2026
#@# white area lh Sat Mar 14 02:40:55 CET 2026
#@# pial curv lh Sat Mar 14 02:40:55 CET 2026
#@# pial area lh Sat Mar 14 02:40:55 CET 2026
#@# thickness lh Sat Mar 14 02:40:55 CET 2026
#@# area and vertex vol lh Sat Mar 14 02:40:55 CET 2026
#@# white curv rh Sat Mar 14 02:40:55 CET 2026
#@# white area rh Sat Mar 14 02:40:55 CET 2026
#@# pial curv rh Sat Mar 14 02:40:55 CET 2026
#@# pial area rh Sat Mar 14 02:40:55 CET 2026
#@# thickness rh Sat Mar 14 02:40:55 CET 2026
#@# area and vertex vol rh Sat Mar 14 02:40:55 CET 2026
#@# Curvature Stats lh Sat Mar 14 02:40:55 CET 2026
#@# Curvature Stats rh Sat Mar 14 02:40:58 CET 2026
#@# Relabel Hypointensities Sat Mar 14 02:41:01 CET 2026
#@# APas-to-ASeg Sat Mar 14 02:41:16 CET 2026
#@# AParc-to-ASeg aparc Sat Mar 14 02:41:24 CET 2026
#@# AParc-to-ASeg aparc.a2009s Sat Mar 14 02:42:09 CET 2026
#@# AParc-to-ASeg aparc.DKTatlas Sat Mar 14 02:42:57 CET 2026
#@# WMParc Sat Mar 14 02:43:45 CET 2026
#@# ASeg Stats Sat Mar 14 02:47:16 CET 2026
recon-all -s sub-v2s7x29797_ses-1 finished without error at Sat Mar 14 02:47:56 CET 2026
