/out/sourcedata/freesurfer/sub-v2s7x29676_ses-1/mri
/opt/freesurfer/bin/talairach_avi
--i orig_nu.mgz --xfm transforms/talairach.auto.xfm
talairach_avi 7.3.2
Linux dna086 5.14.0-427.37.1.el9_4.x86_64 #1 SMP PREEMPT_DYNAMIC Fri Sep 13 12:41:50 EDT 2024 x86_64 x86_64 x86_64 GNU/Linux
Fri Mar 13 22:58:46 CET 2026
mri_convert orig_nu.mgz talsrcimg.img 
reading from orig_nu.mgz...
TR=0.00, TE=0.00, TI=0.00, flip angle=0.00
i_ras = (-1, 0, 0)
j_ras = (0, 0, -1)
k_ras = (0, 1, 0)
writing to talsrcimg.img...
Analyze Output Matrix
-1.00000   0.00000   0.00000   128.00513;
 0.00000   0.00000   1.00000  -121.49428;
 0.00000  -1.00000   0.00000   153.50107;
 0.00000   0.00000   0.00000   1.00000;
--------------------
INFO: set hdr.hist.orient to -1
mpr2mni305 talsrcimg
Fri Mar 13 22:58:47 CET 2026
/opt/freesurfer/bin/mpr2mni305 talsrcimg
mpr2mni305 7.3.2
target=711-2C_as_mni_average_305

---------------------------------------------------------------------
analyzeto4dfp talsrcimg -O0 -y
---------------------------------------------------------------------

freesurfer ifh2hdr.c
Fri Mar 13 22:58:47 2026
Writing: talsrcimg.4dfp.hdr
freesurfer analyzeto4dfp.c
Reading: talsrcimg.hdr
header size 348 bytes
hdr.dime.datatype	offset=70	value=2
hdr.dime.bitpix		offset=72	value=8
hdr.hist.orient		offset=252	value=-1
dimensionality     4
dimensions       256       256       256         1
Reading: talsrcimg.img
Writing: talsrcimg.4dfp.img
Writing: talsrcimg.4dfp.ifh
ifh2hdr talsrcimg -r0to255
ori=2

---------------------------------------------------------------------
gauss_4dfp talsrcimg 1.1
---------------------------------------------------------------------

freesurfer gauss_4dfp.c
Reading: talsrcimg.4dfp.img
Writing: talsrcimg_g11.4dfp.img
image dimensions 256 256 256 padded to 288 288 288
processing volume 1freesurfer ifh2hdr.c
Fri Mar 13 22:58:48 2026
Writing: talsrcimg_g11.4dfp.hdr

Writing: talsrcimg_g11.4dfp.ifh
including: talsrcimg.4dfp.img.rec in talsrcimg_g11.4dfp.img.rec

---------------------------------------------------------------------
imgreg_4dfp /opt/freesurfer/average/711-2C_as_mni_average_305 none talsrcimg_g11 none talsrcimg_to_711-2C_as_mni_average_305_t4 4355
---------------------------------------------------------------------

freesurfer imgreg_4dfp.c
/opt/freesurfer/average/711-2C_as_mni_average_305.4dfp.img
       256       256       256         1
  1.000000  1.000000  1.000000
orientation T byte_order littleendian
Reading image: /opt/freesurfer/average/711-2C_as_mni_average_305.4dfp.img
dimensions:      256       256       256
mmppix:       1.0000   -1.0000   -1.0000
center:     128.0000 -129.0000 -129.0000
talsrcimg_g11.4dfp.img
       256       256       256         1
  1.000000  1.000000  1.000000
orientation T byte_order littleendian
Reading image: talsrcimg_g11.4dfp.img
dimensions:      256       256       256
mmppix:       1.0000   -1.0000   -1.0000
center:     128.0000 -129.0000 -129.0000
t4_read: open error in t4_sub.f l:  41 t4_file(1:l)talsrcimg_to_711-2C_as_mni_average_305_t4 
t4_read: transform initialized to I4
rotation matrix determinant  1.000000
image alignment mode   4355 decimal     1103 hex
   -7.5000  -45.0000  -45.0000 8956.1836   11.3178
    0.0000  -45.0000  -45.0000 9349.4209   11.3374
    7.5000  -45.0000  -45.0000 8912.2900   11.3394
   -7.5000  -37.5000  -45.0000 9298.1484   11.3184
    0.0000  -37.5000  -45.0000 9711.2988   11.3375
    7.5000  -37.5000  -45.0000 9235.7852   11.3389
   -7.5000  -30.0000  -45.0000 9938.7217   11.3161
    0.0000  -30.0000  -45.000010366.4238   11.3312
    7.5000  -30.0000  -45.0000 9850.5547   11.3369
   -7.5000  -22.5000  -45.000010472.3662   11.3135
    0.0000  -22.5000  -45.000010926.8271   11.3246
    7.5000  -22.5000  -45.000010366.8867   11.3355
   -7.5000  -15.0000  -45.000010963.6699   11.3136
    0.0000  -15.0000  -45.000011420.1758   11.3237
    7.5000  -15.0000  -45.000010802.4873   11.3353
   -7.5000   -7.5000  -45.000011326.2617   11.3156
    0.0000   -7.5000  -45.000011784.6729   11.3300
    7.5000   -7.5000  -45.000011161.5195   11.3373
   -7.5000    0.0000  -45.000011481.4180   11.3178
    0.0000    0.0000  -45.000011955.2021   11.3374
    7.5000    0.0000  -45.000011350.1934   11.3394
   -7.5000    7.5000  -45.000010668.3350   11.3184
    0.0000    7.5000  -45.000011110.7627   11.3375
    7.5000    7.5000  -45.000010535.3604   11.3389
   -7.5000   15.0000  -45.0000 9888.4238   11.3207
    0.0000   15.0000  -45.000010318.0908   11.3358
    7.5000   15.0000  -45.0000 9768.9395   11.3416
   -7.5000   22.5000  -45.0000 9091.9961   11.3644
    0.0000   22.5000  -45.0000 9491.3574   11.3756
    7.5000   22.5000  -45.0000 8994.0049   11.3865
   -7.5000   30.0000  -45.0000 8341.9844   11.3176
    0.0000   30.0000  -45.0000 8700.2539   11.3277
    7.5000   30.0000  -45.0000 8224.4102   11.3392
   -7.5000   37.5000  -45.0000 7943.1377   11.4982
    0.0000   37.5000  -45.0000 8281.0244   11.5140
    7.5000   37.5000  -45.0000 7837.4121   11.5217
   -7.5000   45.0000  -45.0000 7267.8003   11.4549
    0.0000   45.0000  -45.0000 7552.1113   11.4751
    7.5000   45.0000  -45.0000 7128.2568   11.4765
   -7.5000  -45.0000  -37.5000 9556.2051   11.2681
    0.0000  -45.0000  -37.5000 9974.3320   11.2866
    7.5000  -45.0000  -37.5000 9482.2305   11.2880
   -7.5000  -37.5000  -37.5000 9924.0742   11.2708
    0.0000  -37.5000  -37.500010362.1182   11.2890
    7.5000  -37.5000  -37.5000 9818.1738   11.2896
   -7.5000  -30.0000  -37.500010588.1475   11.2710
    0.0000  -30.0000  -37.500011023.7051   11.2851
    7.5000  -30.0000  -37.500010438.3105   11.2897
   -7.5000  -22.5000  -37.500011118.1543   11.2681
    0.0000  -22.5000  -37.500011581.3135   11.2781
    7.5000  -22.5000  -37.500010952.6611   11.2873
   -7.5000  -15.0000  -37.500011581.8145   11.2656
    0.0000  -15.0000  -37.500012055.6064   11.2746
    7.5000  -15.0000  -37.500011386.1816   11.2844
   -7.5000   -7.5000  -37.500011959.3975   11.2658
    0.0000   -7.5000  -37.500012452.9727   11.2792
    7.5000   -7.5000  -37.500011769.7861   11.2852
   -7.5000    0.0000  -37.500012167.5596   11.2681
    0.0000    0.0000  -37.500012680.7656   11.2866
    7.5000    0.0000  -37.500011986.7031   11.2880
   -7.5000    7.5000  -37.500011345.5352   11.2708
    0.0000    7.5000  -37.500011854.6055   11.2890
    7.5000    7.5000  -37.500011193.2852   11.2896
   -7.5000   15.0000  -37.500010491.7266   11.2766
    0.0000   15.0000  -37.500010964.1650   11.2907
    7.5000   15.0000  -37.500010350.4980   11.2953
   -7.5000   22.5000  -37.5000 9604.5537   11.3182
    0.0000   22.5000  -37.500010058.7744   11.3285
    7.5000   22.5000  -37.5000 9501.1064   11.3378
   -7.5000   30.0000  -37.5000 8787.5869   11.2710
    0.0000   30.0000  -37.5000 9170.4248   11.2804
    7.5000   30.0000  -37.5000 8659.9541   11.2900
   -7.5000   37.5000  -37.5000 8349.2832   11.4453
    0.0000   37.5000  -37.5000 8717.3789   11.4606
    7.5000   37.5000  -37.5000 8252.8701   11.4671
   -7.5000   45.0000  -37.5000 7622.7910   11.4019
    0.0000   45.0000  -37.5000 7921.6069   11.4210
    7.5000   45.0000  -37.5000 7495.5835   11.4214
   -7.5000  -45.0000  -30.000010296.9189   11.7018
    0.0000  -45.0000  -30.000010752.2686   11.7231
    7.5000  -45.0000  -30.000010203.3711   11.7272
   -7.5000  -37.5000  -30.000010705.1729   11.7060
    0.0000  -37.5000  -30.000011180.2344   11.7274
    7.5000  -37.5000  -30.000010593.4424   11.7294
   -7.5000  -30.0000  -30.000011388.3408   11.7063
    0.0000  -30.0000  -30.000011866.0430   11.7232
    7.5000  -30.0000  -30.000011248.4619   11.7289
   -7.5000  -22.5000  -30.000011956.6309   11.7021
    0.0000  -22.5000  -30.000012463.6494   11.7135
    7.5000  -22.5000  -30.000011778.4531   11.7247
   -7.5000  -15.0000  -30.000012417.5205   11.6968
    0.0000  -15.0000  -30.000012927.7998   11.7066
    7.5000  -15.0000  -30.000012217.8867   11.7193
   -7.5000   -7.5000  -30.000012823.5400   11.6969
    0.0000   -7.5000  -30.000013337.3545   11.7119
    7.5000   -7.5000  -30.000012602.2500   11.7211
   -7.5000    0.0000  -30.000013067.3037   11.7018
    0.0000    0.0000  -30.000013600.2139   11.7231
    7.5000    0.0000  -30.000012850.6055   11.7272
   -7.5000    7.5000  -30.000012223.9072   11.7060
    0.0000    7.5000  -30.000012764.7412   11.7274
    7.5000    7.5000  -30.000012057.1514   11.7294
   -7.5000   15.0000  -30.000011301.0879   11.7121
    0.0000   15.0000  -30.000011816.2900   11.7290
    7.5000   15.0000  -30.000011151.7500   11.7348
   -7.5000   22.5000  -30.000010298.7881   11.7530
    0.0000   22.5000  -30.000010789.3975   11.7649
    7.5000   22.5000  -30.000010187.9961   11.7763
   -7.5000   30.0000  -30.0000 9381.9570   11.7039
    0.0000   30.0000  -30.0000 9824.0234   11.7143
    7.5000   30.0000  -30.0000 9267.8750   11.7266
   -7.5000   37.5000  -30.0000 8894.1973   11.8831
    0.0000   37.5000  -30.0000 9323.1602   11.8997
    7.5000   37.5000  -30.0000 8809.7422   11.9095
   -7.5000   45.0000  -30.0000 8091.0991   11.8478
    0.0000   45.0000  -30.0000 8432.6113   11.8691
    7.5000   45.0000  -30.0000 7985.7222   11.8713
   -7.5000  -45.0000  -22.500011055.8242   12.0988
    0.0000  -45.0000  -22.500011508.4961   12.1239
    7.5000  -45.0000  -22.500010933.4375   12.1313
   -7.5000  -37.5000  -22.500011506.3066   12.1015
    0.0000  -37.5000  -22.500011988.6611   12.1272
    7.5000  -37.5000  -22.500011385.8340   12.1318
   -7.5000  -30.0000  -22.500012225.1035   12.0983
    0.0000  -30.0000  -22.500012730.3682   12.1190
    7.5000  -30.0000  -22.500012084.4141   12.1276
   -7.5000  -22.5000  -22.500012845.5957   12.0929
    0.0000  -22.5000  -22.500013356.6182   12.1070
    7.5000  -22.5000  -22.500012643.7402   12.1220
   -7.5000  -15.0000  -22.500013329.7842   12.0881
    0.0000  -15.0000  -22.500013856.8574   12.0999
    7.5000  -15.0000  -22.500013083.8984   12.1172
   -7.5000   -7.5000  -22.500013705.7520   12.0908
    0.0000   -7.5000  -22.500014264.7812   12.1086
    7.5000   -7.5000  -22.500013468.3555   12.1224
   -7.5000    0.0000  -22.500013952.3975   12.0988
    0.0000    0.0000  -22.500014538.1729   12.1239
    7.5000    0.0000  -22.500013731.4863   12.1313
   -7.5000    7.5000  -22.500013113.8496   12.1015
    0.0000    7.5000  -22.500013682.5254   12.1272
    7.5000    7.5000  -22.500012927.4570   12.1318
   -7.5000   15.0000  -22.500012120.8613   12.1031
    0.0000   15.0000  -22.500012653.8574   12.1238
    7.5000   15.0000  -22.500011952.1836   12.1325
   -7.5000   22.5000  -22.500011033.2070   12.1453
    0.0000   22.5000  -22.500011541.8994   12.1598
    7.5000   22.5000  -22.500010909.9297   12.1752
   -7.5000   30.0000  -22.500010002.1777   12.0956
    0.0000   30.0000  -22.500010467.2148   12.1078
    7.5000   30.0000  -22.5000 9898.0791   12.1245
   -7.5000   37.5000  -22.5000 9457.6152   12.2858
    0.0000   37.5000  -22.5000 9911.4033   12.3044
    7.5000   37.5000  -22.5000 9366.1211   12.3185
   -7.5000   45.0000  -22.5000 8589.3320   12.2593
    0.0000   45.0000  -22.5000 8950.2393   12.2837
    7.5000   45.0000  -22.5000 8480.5771   12.2889
   -7.5000  -45.0000  -15.000011822.2754   12.3898
    0.0000  -45.0000  -15.000012296.2637   12.4169
    7.5000  -45.0000  -15.000011661.2041   12.4254
   -7.5000  -37.5000  -15.000012337.7510   12.3905
    0.0000  -37.5000  -15.000012836.3564   12.4181
    7.5000  -37.5000  -15.000012168.6797   12.4242
   -7.5000  -30.0000  -15.000013104.6445   12.3841
    0.0000  -30.0000  -15.000013633.5410   12.4066
    7.5000  -30.0000  -15.000012915.1689   12.4173
   -7.5000  -22.5000  -15.000013741.8838   12.3783
    0.0000  -22.5000  -15.000014272.4102   12.3941
    7.5000  -22.5000  -15.000013485.0039   12.4116
   -7.5000  -15.0000  -15.000014245.4932   12.3757
    0.0000  -15.0000  -15.000014802.2119   12.3893
    7.5000  -15.0000  -15.000013958.2227   12.4091
   -7.5000   -7.5000  -15.000014644.3262   12.3810
    0.0000   -7.5000  -15.000015228.2842   12.4006
    7.5000   -7.5000  -15.000014330.7686   12.4161
   -7.5000    0.0000  -15.000014876.3652   12.3898
    0.0000    0.0000  -15.000015512.1904   12.4169
    7.5000    0.0000  -15.000014593.7666   12.4254
   -7.5000    7.5000  -15.000013979.7676   12.3905
    0.0000    7.5000  -15.000014575.9600   12.4181
    7.5000    7.5000  -15.000013758.7979   12.4242
   -7.5000   15.0000  -15.000012896.2822   12.3879
    0.0000   15.0000  -15.000013448.3330   12.4104
    7.5000   15.0000  -15.000012730.9893   12.4212
   -7.5000   22.5000  -15.000011728.2471   12.4318
    0.0000   22.5000  -15.000012243.4795   12.4478
    7.5000   22.5000  -15.000011603.1006   12.4656
   -7.5000   30.0000  -15.000010631.5596   12.3827
    0.0000   30.0000  -15.000011123.7373   12.3964
    7.5000   30.0000  -15.000010534.3330   12.4156
   -7.5000   37.5000  -15.000010051.2686   12.5834
    0.0000   37.5000  -15.000010527.2109   12.6032
    7.5000   37.5000  -15.0000 9948.3096   12.6190
   -7.5000   45.0000  -15.0000 9091.5498   12.5620
    0.0000   45.0000  -15.0000 9490.5215   12.5883
    7.5000   45.0000  -15.0000 8962.1162   12.5952
   -7.5000  -45.0000   -7.500012580.4238   12.5389
    0.0000  -45.0000   -7.500013117.6768   12.5640
    7.5000  -45.0000   -7.500012410.8574   12.5698
   -7.5000  -37.5000   -7.500013169.2900   12.5391
    0.0000  -37.5000   -7.500013720.1953   12.5640
    7.5000  -37.5000   -7.500012953.0879   12.5684
   -7.5000  -30.0000   -7.500014038.2559   12.5329
    0.0000  -30.0000   -7.500014617.1006   12.5531
    7.5000  -30.0000   -7.500013785.2021   12.5625
   -7.5000  -22.5000   -7.500014710.5293   12.5277
    0.0000  -22.5000   -7.500015280.2607   12.5424
    7.5000  -22.5000   -7.500014396.6143   12.5582
   -7.5000  -15.0000   -7.500015226.4072   12.5271
    0.0000  -15.0000   -7.500015808.1025   12.5402
    7.5000  -15.0000   -7.500014870.4492   12.5576
   -7.5000   -7.5000   -7.500015651.0332   12.5322
    0.0000   -7.5000   -7.500016263.7334   12.5509
    7.5000   -7.5000   -7.500015262.4072   12.5633
   -7.5000    0.0000   -7.500015874.1289   12.5389
    0.0000    0.0000   -7.500016548.4688   12.5640
    7.5000    0.0000   -7.500015514.7578   12.5698
   -7.5000    7.5000   -7.500014877.0449   12.5391
    0.0000    7.5000   -7.500015522.6924   12.5640
    7.5000    7.5000   -7.500014615.2959   12.5684
   -7.5000   15.0000   -7.500013705.4375   12.5370
    0.0000   15.0000   -7.500014292.4922   12.5571
    7.5000   15.0000   -7.500013511.2422   12.5666
   -7.5000   22.5000   -7.500012472.3389   12.5803
    0.0000   22.5000   -7.500013038.1523   12.5950
    7.5000   22.5000   -7.500012332.2959   12.6109
   -7.5000   30.0000   -7.500011330.0938   12.5332
    0.0000   30.0000   -7.500011841.4004   12.5462
    7.5000   30.0000   -7.500011215.2744   12.5632
   -7.5000   37.5000   -7.500010726.2314   12.7369
    0.0000   37.5000   -7.500011221.1416   12.7561
    7.5000   37.5000   -7.500010600.3867   12.7689
   -7.5000   45.0000   -7.5000 9680.1631   12.7151
    0.0000   45.0000   -7.500010109.5312   12.7402
    7.5000   45.0000   -7.5000 9523.4902   12.7451
   -7.5000  -45.0000    0.000013230.2314   12.5676
    0.0000  -45.0000    0.000013791.9248   12.5892
    7.5000  -45.0000    0.000013026.3311   12.5915
   -7.5000  -37.5000    0.000013905.8652   12.5688
    0.0000  -37.5000    0.000014495.4590   12.5897
    7.5000  -37.5000    0.000013647.0020   12.5916
   -7.5000  -30.0000    0.000014905.9307   12.5659
    0.0000  -30.0000    0.000015545.0352   12.5824
    7.5000  -30.0000    0.000014594.0010   12.5891
   -7.5000  -22.5000    0.000015626.0391   12.5620
    0.0000  -22.5000    0.000016251.9521   12.5742
    7.5000  -22.5000    0.000015274.9414   12.5865
   -7.5000  -15.0000    0.000016099.2129   12.5613
    0.0000  -15.0000    0.000016706.5059   12.5727
    7.5000  -15.0000    0.000015708.2305   12.5856
   -7.5000   -7.5000    0.000016541.0918   12.5640
    0.0000   -7.5000    0.000017165.0059   12.5803
    7.5000   -7.5000    0.000016111.2568   12.5882
   -7.5000    0.0000    0.000016748.7500   12.5676
    0.0000    0.0000    0.000017430.4961   12.5892
    7.5000    0.0000    0.000016328.9307   12.5915
   -7.5000    7.5000    0.000015706.2441   12.5688
    0.0000    7.5000    0.000016359.8838   12.5897
    7.5000    7.5000    0.000015374.2490   12.5916
   -7.5000   15.0000    0.000014499.7432   12.5710
    0.0000   15.0000    0.000015129.4395   12.5875
    7.5000   15.0000    0.000014241.1309   12.5943
   -7.5000   22.5000    0.000013258.5469   12.6139
    0.0000   22.5000    0.000013841.6943   12.6263
    7.5000   22.5000    0.000013045.0713   12.6386
   -7.5000   30.0000    0.000012059.8086   12.5693
    0.0000   30.0000    0.000012593.3037   12.5807
    7.5000   30.0000    0.000011870.0146   12.5935
   -7.5000   37.5000    0.000011400.3730   12.7688
    0.0000   37.5000    0.000011916.6445   12.7866
    7.5000   37.5000    0.000011209.4727   12.7950
   -7.5000   45.0000    0.000010244.6484   12.7446
    0.0000   45.0000    0.000010711.7549   12.7670
    7.5000   45.0000    0.000010046.9814   12.7687
   -7.5000  -45.0000    7.500012793.5283   12.5660
    0.0000  -45.0000    7.500013366.6143   12.5867
    7.5000  -45.0000    7.500012608.0029   12.5884
   -7.5000  -37.5000    7.500013468.1699   12.5694
    0.0000  -37.5000    7.500014087.8545   12.5897
    7.5000  -37.5000    7.500013204.1660   12.5905
   -7.5000  -30.0000    7.500014577.5615   12.5698
    0.0000  -30.0000    7.500015295.9678   12.5856
    7.5000  -30.0000    7.500014245.5586   12.5908
   -7.5000  -22.5000    7.500015430.5479   12.5663
    0.0000  -22.5000    7.500016146.3193   12.5775
    7.5000  -22.5000    7.500015068.5674   12.5880
   -7.5000  -15.0000    7.500015936.9326   12.5631
    0.0000  -15.0000    7.500016557.8633   12.5732
    7.5000  -15.0000    7.500015548.2822   12.5844
   -7.5000   -7.5000    7.500016294.5986   12.5632
    0.0000   -7.5000    7.500016886.6074   12.5783
    7.5000   -7.5000    7.500015857.4521   12.5851
   -7.5000    0.0000    7.500016468.7656   12.5660
    0.0000    0.0000    7.500017091.9160   12.5867
    7.5000    0.0000    7.500015984.8350   12.5884
   -7.5000    7.5000    7.500015452.8105   12.5694
    0.0000    7.5000    7.500016089.7891   12.5897
    7.5000    7.5000    7.500014989.8320   12.5905
   -7.5000   15.0000    7.500014299.4268   12.5759
    0.0000   15.0000    7.500014936.1455   12.5918
    7.5000   15.0000    7.500013890.4355   12.5971
   -7.5000   22.5000    7.500013073.2314   12.6178
    0.0000   22.5000    7.500013655.4844   12.6294
    7.5000   22.5000    7.500012728.2412   12.6401
   -7.5000   30.0000    7.500011884.6016   12.5734
    0.0000   30.0000    7.500012419.2617   12.5840
    7.5000   30.0000    7.500011604.5459   12.5950
   -7.5000   37.5000    7.500011178.7656   12.7671
    0.0000   37.5000    7.500011677.6230   12.7842
    7.5000   37.5000    7.500010941.8740   12.7917
   -7.5000   45.0000    7.500010015.6982   12.7428
    0.0000   45.0000    7.500010458.7256   12.7643
    7.5000   45.0000    7.5000 9792.9531   12.7649
   -7.5000  -45.0000   15.000012255.0635   12.5623
    0.0000  -45.0000   15.000012793.7285   12.5851
    7.5000  -45.0000   15.000012132.6514   12.5894
   -7.5000  -37.5000   15.000012842.4434   12.5668
    0.0000  -37.5000   15.000013380.9863   12.5898
    7.5000  -37.5000   15.000012673.0830   12.5919
   -7.5000  -30.0000   15.000013996.3047   12.5671
    0.0000  -30.0000   15.000014693.6680   12.5852
    7.5000  -30.0000   15.000013713.8818   12.5913
   -7.5000  -22.5000   15.000015061.5078   12.5626
    0.0000  -22.5000   15.000015904.7715   12.5748
    7.5000  -22.5000   15.000014675.2559   12.5867
   -7.5000  -15.0000   15.000015766.5938   12.5569
    0.0000  -15.0000   15.000016559.2812   12.5674
    7.5000  -15.0000   15.000015259.6592   12.5809
   -7.5000   -7.5000   15.000016055.6514   12.5570
    0.0000   -7.5000   15.000016774.5879   12.5731
    7.5000   -7.5000   15.000015520.1348   12.5830
   -7.5000    0.0000   15.000016088.6631   12.5623
    0.0000    0.0000   15.000016775.8535   12.5851
    7.5000    0.0000   15.000015512.1748   12.5894
   -7.5000    7.5000   15.000015004.0869   12.5668
    0.0000    7.5000   15.000015629.5078   12.5898
    7.5000    7.5000   15.000014469.7773   12.5919
   -7.5000   15.0000   15.000013842.1143   12.5733
    0.0000   15.0000   15.000014431.3486   12.5914
    7.5000   15.0000   15.000013413.0186   12.5976
   -7.5000   22.5000   15.000012649.7305   12.6144
    0.0000   22.5000   15.000013165.1055   12.6272
    7.5000   22.5000   15.000012326.7061   12.6394
   -7.5000   30.0000   15.000011502.3418   12.5682
    0.0000   30.0000   15.000011963.9209   12.5793
    7.5000   30.0000   15.000011239.5938   12.5924
   -7.5000   37.5000   15.000010786.7334   12.7606
    0.0000   37.5000   15.000011251.0654   12.7784
    7.5000   37.5000   15.000010570.2695   12.7889
   -7.5000   45.0000   15.0000 9624.9014   12.7394
    0.0000   45.0000   15.000010039.1436   12.7623
    7.5000   45.0000   15.0000 9433.6055   12.7646
   -7.5000  -45.0000   22.500011715.4023   12.5595
    0.0000  -45.0000   22.500012202.1885   12.5856
    7.5000  -45.0000   22.500011611.8037   12.5932
   -7.5000  -37.5000   22.500012295.1934   12.5623
    0.0000  -37.5000   22.500012817.8105   12.5890
    7.5000  -37.5000   22.500012134.1797   12.5938
   -7.5000  -30.0000   22.500013410.8350   12.5590
    0.0000  -30.0000   22.500014056.8203   12.5805
    7.5000  -30.0000   22.500013120.5820   12.5895
   -7.5000  -22.5000   22.500014428.9873   12.5534
    0.0000  -22.5000   22.500015128.5732   12.5680
    7.5000  -22.5000   22.500014018.0957   12.5836
   -7.5000  -15.0000   22.500015019.9922   12.5484
    0.0000  -15.0000   22.500015669.6250   12.5607
    7.5000  -15.0000   22.500014539.8320   12.5786
   -7.5000   -7.5000   22.500015288.2432   12.5513
    0.0000   -7.5000   22.500015904.4473   12.5697
    7.5000   -7.5000   22.500014820.5469   12.5840
   -7.5000    0.0000   22.500015318.1777   12.5595
    0.0000    0.0000   22.500015969.7070   12.5856
    7.5000    0.0000   22.500014868.2314   12.5932
   -7.5000    7.5000   22.500014252.7256   12.5623
    0.0000    7.5000   22.500014862.2793   12.5890
    7.5000    7.5000   22.500013880.3311   12.5938
   -7.5000   15.0000   22.500013092.5283   12.5640
    0.0000   15.0000   22.500013636.7627   12.5854
    7.5000   15.0000   22.500012782.4395   12.5945
   -7.5000   22.5000   22.500011987.6992   12.6059
    0.0000   22.5000   22.500012470.9150   12.6209
    7.5000   22.5000   22.500011730.1387   12.6369
   -7.5000   30.0000   22.500010916.0420   12.5579
    0.0000   30.0000   22.500011341.9834   12.5706
    7.5000   30.0000   22.500010692.6729   12.5880
   -7.5000   37.5000   22.500010257.2930   12.7554
    0.0000   37.5000   22.500010674.3906   12.7747
    7.5000   37.5000   22.500010075.4414   12.7894
   -7.5000   45.0000   22.5000 9134.6074   12.7371
    0.0000   45.0000   22.5000 9507.3643   12.7625
    7.5000   45.0000   22.5000 8974.4062   12.7680
   -7.5000  -45.0000   30.000011137.7822   12.5617
    0.0000  -45.0000   30.000011591.7500   12.5891
    7.5000  -45.0000   30.000011016.0732   12.5978
   -7.5000  -37.5000   30.000011634.1494   12.5624
    0.0000  -37.5000   30.000012082.5996   12.5903
    7.5000  -37.5000   30.000011460.0723   12.5965
   -7.5000  -30.0000   30.000012585.5840   12.5559
    0.0000  -30.0000   30.000013095.1758   12.5787
    7.5000  -30.0000   30.000012339.3184   12.5896
   -7.5000  -22.5000   30.000013428.1855   12.5500
    0.0000  -22.5000   30.000013933.2998   12.5661
    7.5000  -22.5000   30.000013157.6992   12.5838
   -7.5000  -15.0000   30.000013908.6738   12.5474
    0.0000  -15.0000   30.000014367.4434   12.5612
    7.5000  -15.0000   30.000013626.7588   12.5812
   -7.5000   -7.5000   30.000014174.7676   12.5527
    0.0000   -7.5000   30.000014650.4873   12.5726
    7.5000   -7.5000   30.000013904.1201   12.5883
   -7.5000    0.0000   30.000014248.5947   12.5617
    0.0000    0.0000   30.000014782.3711   12.5891
    7.5000    0.0000   30.000013972.1084   12.5978
   -7.5000    7.5000   30.000013322.2549   12.5624
    0.0000    7.5000   30.000013819.5254   12.5903
    7.5000    7.5000   30.000013074.5117   12.5965
   -7.5000   15.0000   30.000012267.3594   12.5598
    0.0000   15.0000   30.000012718.6289   12.5825
    7.5000   15.0000   30.000012034.4746   12.5934
   -7.5000   22.5000   30.000011224.9727   12.6029
    0.0000   22.5000   30.000011659.0264   12.6191
    7.5000   22.5000   30.000011012.0322   12.6372
   -7.5000   30.0000   30.000010225.2715   12.5545
    0.0000   30.0000   30.000010605.6934   12.5683
    7.5000   30.0000   30.000010039.2969   12.5878
   -7.5000   37.5000   30.0000 9584.9795   12.7580
    0.0000   37.5000   30.0000 9962.1523   12.7781
    7.5000   37.5000   30.0000 9439.7920   12.7941
   -7.5000   45.0000   30.0000 8521.5908   12.7397
    0.0000   45.0000   30.0000 8854.1475   12.7664
    7.5000   45.0000   30.0000 8379.4355   12.7733
   -7.5000  -45.0000   37.500010886.4980   12.6709
    0.0000  -45.0000   37.500011296.7939   12.6965
    7.5000  -45.0000   37.500010739.8779   12.7021
   -7.5000  -37.5000   37.500011303.7383   12.6708
    0.0000  -37.5000   37.500011700.6230   12.6963
    7.5000  -37.5000   37.500011154.5938   12.7006
   -7.5000  -30.0000   37.500012116.9717   12.6645
    0.0000  -30.0000   37.500012579.8193   12.6851
    7.5000  -30.0000   37.500011979.7969   12.6946
   -7.5000  -22.5000   37.500012840.7578   12.6594
    0.0000  -22.5000   37.500013304.9482   12.6745
    7.5000  -22.5000   37.500012699.1807   12.6904
   -7.5000  -15.0000   37.500013301.5488   12.6591
    0.0000  -15.0000   37.500013759.8594   12.6725
    7.5000  -15.0000   37.500013151.5830   12.6899
   -7.5000   -7.5000   37.500013624.3506   12.6644
    0.0000   -7.5000   37.500014089.0137   12.6834
    7.5000   -7.5000   37.500013444.7471   12.6956
   -7.5000    0.0000   37.500013719.5557   12.6709
    0.0000    0.0000   37.500014210.7686   12.6965
    7.5000    0.0000   37.500013517.0107   12.7021
   -7.5000    7.5000   37.500012866.2539   12.6708
    0.0000    7.5000   37.500013330.8750   12.6963
    7.5000    7.5000   37.500012651.0781   12.7006
   -7.5000   15.0000   37.500011907.2617   12.6686
    0.0000   15.0000   37.500012333.7139   12.6892
    7.5000   15.0000   37.500011677.7451   12.6987
   -7.5000   22.5000   37.500010881.9219   12.7131
    0.0000   22.5000   37.500011281.1582   12.7281
    7.5000   22.5000   37.500010673.9268   12.7441
   -7.5000   30.0000   37.5000 9890.8330   12.6671
    0.0000   30.0000   37.500010270.2383   12.6804
    7.5000   30.0000   37.5000 9730.5342   12.6973
   -7.5000   37.5000   37.5000 9228.9883   12.8748
    0.0000   37.5000   37.5000 9598.0947   12.8944
    7.5000   37.5000   37.5000 9111.9277   12.9071
   -7.5000   45.0000   37.5000 8199.0342   12.8557
    0.0000   45.0000   37.5000 8509.0742   12.8813
    7.5000   45.0000   37.5000 8094.0146   12.8859
   -7.5000  -45.0000   45.000010041.8584   12.7582
    0.0000  -45.0000   45.000010419.9180   12.7807
    7.5000  -45.0000   45.0000 9928.5459   12.7827
   -7.5000  -37.5000   45.000010426.9404   12.7596
    0.0000  -37.5000   45.000010825.6699   12.7817
    7.5000  -37.5000   45.000010323.1533   12.7834
   -7.5000  -30.0000   45.000011163.4170   12.7573
    0.0000  -30.0000   45.000011614.5117   12.7749
    7.5000  -30.0000   45.000011048.1660   12.7822
   -7.5000  -22.5000   45.000011758.7490   12.7538
    0.0000  -22.5000   45.000012198.0762   12.7671
    7.5000  -22.5000   45.000011645.3594   12.7802
   -7.5000  -15.0000   45.000012165.1328   12.7531
    0.0000  -15.0000   45.000012597.2070   12.7654
    7.5000  -15.0000   45.000012057.1777   12.7788
   -7.5000   -7.5000   45.000012482.7178   12.7551
    0.0000   -7.5000   45.000012927.8486   12.7722
    7.5000   -7.5000   45.000012356.9971   12.7801
   -7.5000    0.0000   45.000012602.4102   12.7582
    0.0000    0.0000   45.000013039.4863   12.7807
    7.5000    0.0000   45.000012436.3311   12.7827
   -7.5000    7.5000   45.000011830.4033   12.7596
    0.0000    7.5000   45.000012244.0762   12.7817
    7.5000    7.5000   45.000011638.2607   12.7834
   -7.5000   15.0000   45.000010928.6406   12.7626
    0.0000   15.0000   45.000011339.6445   12.7803
    7.5000   15.0000   45.000010752.1270   12.7875
   -7.5000   22.5000   45.000010010.9102   12.8078
    0.0000   22.5000   45.000010390.0420   12.8213
    7.5000   22.5000   45.0000 9860.0273   12.8344
   -7.5000   30.0000   45.0000 9113.9434   12.7639
    0.0000   30.0000   45.0000 9468.3018   12.7763
    7.5000   30.0000   45.0000 8978.0029   12.7895
   -7.5000   37.5000   45.0000 8477.0303   12.9703
    0.0000   37.5000   45.0000 8825.9648   12.9890
    7.5000   37.5000   45.0000 8365.2695   12.9974
   -7.5000   45.0000   45.0000 7543.3564   12.9585
    0.0000   45.0000   45.0000 7832.6729   12.9819
    7.5000   45.0000   45.0000 7445.1279   12.9832

---------------------------------------------------------------------
imgreg_4dfp /opt/freesurfer/average/711-2C_as_mni_average_305 /opt/freesurfer/average/711-2B_as_mni_average_305_mask talsrcimg_g11 none talsrcimg_to_711-2C_as_mni_average_305_t4 4355
---------------------------------------------------------------------

freesurfer imgreg_4dfp.c
/opt/freesurfer/average/711-2C_as_mni_average_305.4dfp.img
       256       256       256         1
  1.000000  1.000000  1.000000
orientation T byte_order littleendian
Reading image: /opt/freesurfer/average/711-2C_as_mni_average_305.4dfp.img
dimensions:      256       256       256
mmppix:       1.0000   -1.0000   -1.0000
center:     128.0000 -129.0000 -129.0000
/opt/freesurfer/average/711-2B_as_mni_average_305_mask.4dfp.img
       256       256       256         1
  1.000000  1.000000  1.000000
orientation T byte_order littleendian
Reading mask: /opt/freesurfer/average/711-2B_as_mni_average_305_mask.4dfp.img (2306576 pixels)
talsrcimg_g11.4dfp.img
       256       256       256         1
  1.000000  1.000000  1.000000
orientation T byte_order littleendian
Reading image: talsrcimg_g11.4dfp.img
dimensions:      256       256       256
mmppix:       1.0000   -1.0000   -1.0000
center:     128.0000 -129.0000 -129.0000
rotation matrix determinant  1.000000
image alignment mode   4355 decimal     1103 hex
   -7.5000  -45.0000  -45.0000 2212.3296   12.1730
    0.0000  -45.0000  -45.0000 2219.3281   12.2214
    7.5000  -45.0000  -45.0000 2197.1938   12.3511
   -7.5000  -37.5000  -45.0000 2236.8555   11.8340
    0.0000  -37.5000  -45.0000 2243.5759   11.8828
    7.5000  -37.5000  -45.0000 2221.1458   12.0094
   -7.5000  -30.0000  -45.0000 2254.8843   11.6274
    0.0000  -30.0000  -45.0000 2260.1672   11.6595
    7.5000  -30.0000  -45.0000 2235.5698   11.8049
   -7.5000  -22.5000  -45.0000 2261.0286   11.5392
    0.0000  -22.5000  -45.0000 2263.7205   11.5630
    7.5000  -22.5000  -45.0000 2243.0195   11.6997
   -7.5000  -15.0000  -45.0000 2261.3044   11.5908
    0.0000  -15.0000  -45.0000 2264.7246   11.6042
    7.5000  -15.0000  -45.0000 2234.4485   11.7559
   -7.5000   -7.5000  -45.0000 2247.8086   11.8248
    0.0000   -7.5000  -45.0000 2249.8530   11.8514
    7.5000   -7.5000  -45.0000 2217.5603   11.9922
   -7.5000    0.0000  -45.0000 2205.4951   12.3367
    0.0000    0.0000  -45.0000 2212.9524   12.3520
    7.5000    0.0000  -45.0000 2180.7227   12.5004
   -7.5000    7.5000  -45.0000 2151.3396   13.0015
    0.0000    7.5000  -45.0000 2154.7200   13.0257
    7.5000    7.5000  -45.0000 2127.7490   13.1996
   -7.5000   15.0000  -45.0000 2073.9729   13.9050
    0.0000   15.0000  -45.0000 2077.8567   13.9549
    7.5000   15.0000  -45.0000 2052.4771   14.1183
   -7.5000   22.5000  -45.0000 1975.9047   15.1894
    0.0000   22.5000  -45.0000 1983.2076   15.1478
    7.5000   22.5000  -45.0000 1963.2942   15.4077
   -7.5000   30.0000  -45.0000 1869.5219   17.0146
    0.0000   30.0000  -45.0000 1872.7914   16.9253
    7.5000   30.0000  -45.0000 1848.3635   17.2521
   -7.5000   37.5000  -45.0000 1757.4224   19.5211
    0.0000   37.5000  -45.0000 1759.2533   19.4103
    7.5000   37.5000  -45.0000 1744.0822   19.7074
   -7.5000   45.0000  -45.0000 1636.0653   22.8553
    0.0000   45.0000  -45.0000 1638.8450   22.7309
    7.5000   45.0000  -45.0000 1617.9202   23.1355
   -7.5000  -45.0000  -37.5000 2319.9460   11.2435
    0.0000  -45.0000  -37.5000 2328.9346   11.2687
    7.5000  -45.0000  -37.5000 2302.4910   11.3833
   -7.5000  -37.5000  -37.5000 2344.6812   10.9504
    0.0000  -37.5000  -37.5000 2355.7227   10.9681
    7.5000  -37.5000  -37.5000 2325.0593   11.0972
   -7.5000  -30.0000  -37.5000 2357.2590   10.7446
    0.0000  -30.0000  -37.5000 2365.5374   10.7767
    7.5000  -30.0000  -37.5000 2331.0549   10.9020
   -7.5000  -22.5000  -37.5000 2361.2112   10.6572
    0.0000  -22.5000  -37.5000 2373.5049   10.6694
    7.5000  -22.5000  -37.5000 2342.4946   10.7903
   -7.5000  -15.0000  -37.5000 2362.6799   10.6761
    0.0000  -15.0000  -37.5000 2372.0630   10.6552
    7.5000  -15.0000  -37.5000 2339.2991   10.7870
   -7.5000   -7.5000  -37.5000 2346.8508   10.8933
    0.0000   -7.5000  -37.5000 2356.7566   10.9039
    7.5000   -7.5000  -37.5000 2322.9543   11.0254
   -7.5000    0.0000  -37.5000 2307.0752   11.3216
    0.0000    0.0000  -37.5000 2319.3418   11.3458
    7.5000    0.0000  -37.5000 2284.4658   11.4985
   -7.5000    7.5000  -37.5000 2250.9841   11.9402
    0.0000    7.5000  -37.5000 2260.0112   11.9719
    7.5000    7.5000  -37.5000 2227.5576   12.1344
   -7.5000   15.0000  -37.5000 2167.9187   12.7682
    0.0000   15.0000  -37.5000 2175.4631   12.8045
    7.5000   15.0000  -37.5000 2148.3818   12.9444
   -7.5000   22.5000  -37.5000 2068.8735   13.9370
    0.0000   22.5000  -37.5000 2078.9880   13.9046
    7.5000   22.5000  -37.5000 2052.8010   14.0936
   -7.5000   30.0000  -37.5000 1961.4933   15.5436
    0.0000   30.0000  -37.5000 1966.3073   15.5102
    7.5000   30.0000  -37.5000 1936.6038   15.7248
   -7.5000   37.5000  -37.5000 1835.3641   17.7717
    0.0000   37.5000  -37.5000 1843.7408   17.7049
    7.5000   37.5000  -37.5000 1821.5343   17.9156
   -7.5000   45.0000  -37.5000 1705.5060   20.6722
    0.0000   45.0000  -37.5000 1709.9415   20.6057
    7.5000   45.0000  -37.5000 1692.8662   20.9072
   -7.5000  -45.0000  -30.0000 2467.2583   10.7492
    0.0000  -45.0000  -30.0000 2479.4670   10.7496
    7.5000  -45.0000  -30.0000 2446.9966   10.8654
   -7.5000  -37.5000  -30.0000 2490.2529   10.4621
    0.0000  -37.5000  -30.0000 2508.8445   10.4575
    7.5000  -37.5000  -30.0000 2470.8462   10.5757
   -7.5000  -30.0000  -30.0000 2506.7776   10.2672
    0.0000  -30.0000  -30.0000 2518.7874   10.2575
    7.5000  -30.0000  -30.0000 2482.3064   10.4061
   -7.5000  -22.5000  -30.0000 2510.2429   10.1863
    0.0000  -22.5000  -30.0000 2524.5332   10.2004
    7.5000  -22.5000  -30.0000 2489.3516   10.3306
   -7.5000  -15.0000  -30.0000 2508.4609   10.2114
    0.0000  -15.0000  -30.0000 2520.6204   10.1942
    7.5000  -15.0000  -30.0000 2490.4016   10.3179
   -7.5000   -7.5000  -30.0000 2490.7837   10.4121
    0.0000   -7.5000  -30.0000 2503.5999   10.4061
    7.5000   -7.5000  -30.0000 2469.5229   10.5442
   -7.5000    0.0000  -30.0000 2450.2278   10.8205
    0.0000    0.0000  -30.0000 2464.5547   10.8298
    7.5000    0.0000  -30.0000 2427.1770   10.9649
   -7.5000    7.5000  -30.0000 2392.0227   11.3698
    0.0000    7.5000  -30.0000 2404.5266   11.3903
    7.5000    7.5000  -30.0000 2368.2832   11.5652
   -7.5000   15.0000  -30.0000 2306.7302   12.1022
    0.0000   15.0000  -30.0000 2318.3203   12.1457
    7.5000   15.0000  -30.0000 2283.2170   12.2930
   -7.5000   22.5000  -30.0000 2199.0010   13.1883
    0.0000   22.5000  -30.0000 2212.4773   13.1779
    7.5000   22.5000  -30.0000 2179.3650   13.3470
   -7.5000   30.0000  -30.0000 2082.2627   14.7021
    0.0000   30.0000  -30.0000 2095.2698   14.6745
    7.5000   30.0000  -30.0000 2058.4780   14.8281
   -7.5000   37.5000  -30.0000 1949.8779   16.7486
    0.0000   37.5000  -30.0000 1966.0925   16.7047
    7.5000   37.5000  -30.0000 1933.9562   16.8549
   -7.5000   45.0000  -30.0000 1808.0608   19.4419
    0.0000   45.0000  -30.0000 1816.1859   19.4399
    7.5000   45.0000  -30.0000 1797.0208   19.7275
   -7.5000  -45.0000  -22.5000 2576.5613   10.2264
    0.0000  -45.0000  -22.5000 2589.9583   10.1755
    7.5000  -45.0000  -22.5000 2556.0605   10.2979
   -7.5000  -37.5000  -22.5000 2611.1477    9.9106
    0.0000  -37.5000  -22.5000 2624.6968    9.8691
    7.5000  -37.5000  -22.5000 2592.0134    9.9854
   -7.5000  -30.0000  -22.5000 2624.2983    9.7350
    0.0000  -30.0000  -22.5000 2638.0916    9.6917
    7.5000  -30.0000  -22.5000 2606.5649    9.8298
   -7.5000  -22.5000  -22.5000 2641.2302    9.6433
    0.0000  -22.5000  -22.5000 2652.0601    9.6187
    7.5000  -22.5000  -22.5000 2615.1997    9.7417
   -7.5000  -15.0000  -22.5000 2633.6580    9.6903
    0.0000  -15.0000  -22.5000 2644.1963    9.6653
    7.5000  -15.0000  -22.5000 2608.0752    9.7816
   -7.5000   -7.5000  -22.5000 2615.0752    9.8703
    0.0000   -7.5000  -22.5000 2627.5759    9.8694
    7.5000   -7.5000  -22.5000 2593.0479    9.9854
   -7.5000    0.0000  -22.5000 2575.0703   10.2297
    0.0000    0.0000  -22.5000 2588.6731   10.2230
    7.5000    0.0000  -22.5000 2551.2151   10.3628
   -7.5000    7.5000  -22.5000 2511.8354   10.7250
    0.0000    7.5000  -22.5000 2523.7671   10.7328
    7.5000    7.5000  -22.5000 2487.5269   10.8828
   -7.5000   15.0000  -22.5000 2424.3833   11.4047
    0.0000   15.0000  -22.5000 2434.1997   11.4164
    7.5000   15.0000  -22.5000 2400.1775   11.5643
   -7.5000   22.5000  -22.5000 2309.9631   12.4012
    0.0000   22.5000  -22.5000 2326.3542   12.3731
    7.5000   22.5000  -22.5000 2292.8926   12.5520
   -7.5000   30.0000  -22.5000 2179.0996   13.8081
    0.0000   30.0000  -22.5000 2194.1143   13.7556
    7.5000   30.0000  -22.5000 2163.2361   13.9254
   -7.5000   37.5000  -22.5000 2038.2004   15.6468
    0.0000   37.5000  -22.5000 2055.4932   15.6229
    7.5000   37.5000  -22.5000 2022.8597   15.7674
   -7.5000   45.0000  -22.5000 1891.5118   18.1371
    0.0000   45.0000  -22.5000 1897.8420   18.1860
    7.5000   45.0000  -22.5000 1879.5591   18.3878
   -7.5000  -45.0000  -15.0000 2647.5073    9.7194
    0.0000  -45.0000  -15.0000 2661.2456    9.6639
    7.5000  -45.0000  -15.0000 2629.6990    9.7802
   -7.5000  -37.5000  -15.0000 2692.4380    9.3901
    0.0000  -37.5000  -15.0000 2710.5835    9.3205
    7.5000  -37.5000  -15.0000 2679.5635    9.4424
   -7.5000  -30.0000  -15.0000 2713.3757    9.2023
    0.0000  -30.0000  -15.0000 2729.4717    9.1588
    7.5000  -30.0000  -15.0000 2696.6838    9.2629
   -7.5000  -22.5000  -15.0000 2736.5454    9.0968
    0.0000  -22.5000  -15.0000 2748.2747    9.0544
    7.5000  -22.5000  -15.0000 2705.4805    9.1688
   -7.5000  -15.0000  -15.0000 2734.4482    9.1392
    0.0000  -15.0000  -15.0000 2744.5027    9.1063
    7.5000  -15.0000  -15.0000 2707.6951    9.2070
   -7.5000   -7.5000  -15.0000 2718.8762    9.3363
    0.0000   -7.5000  -15.0000 2731.6914    9.3230
    7.5000   -7.5000  -15.0000 2692.3386    9.4202
   -7.5000    0.0000  -15.0000 2677.9087    9.6791
    0.0000    0.0000  -15.0000 2692.5659    9.6564
    7.5000    0.0000  -15.0000 2651.2114    9.7736
   -7.5000    7.5000  -15.0000 2613.2969   10.1166
    0.0000    7.5000  -15.0000 2625.7490   10.1181
    7.5000    7.5000  -15.0000 2585.0530   10.2571
   -7.5000   15.0000  -15.0000 2515.2639   10.7573
    0.0000   15.0000  -15.0000 2524.9993   10.7443
    7.5000   15.0000  -15.0000 2494.7439   10.8926
   -7.5000   22.5000  -15.0000 2394.3970   11.6911
    0.0000   22.5000  -15.0000 2406.3547   11.6605
    7.5000   22.5000  -15.0000 2379.8032   11.8209
   -7.5000   30.0000  -15.0000 2255.8535   13.0100
    0.0000   30.0000  -15.0000 2271.7009   12.9629
    7.5000   30.0000  -15.0000 2239.2429   13.1128
   -7.5000   37.5000  -15.0000 2106.9109   14.7408
    0.0000   37.5000  -15.0000 2119.1465   14.7259
    7.5000   37.5000  -15.0000 2086.9836   14.8797
   -7.5000   45.0000  -15.0000 1953.4940   17.0982
    0.0000   45.0000  -15.0000 1957.0996   17.0966
    7.5000   45.0000  -15.0000 1925.9310   17.3124
   -7.5000  -45.0000   -7.5000 2689.6238    9.2925
    0.0000  -45.0000   -7.5000 2706.9426    9.2404
    7.5000  -45.0000   -7.5000 2677.0786    9.3697
   -7.5000  -37.5000   -7.5000 2746.0737    8.9195
    0.0000  -37.5000   -7.5000 2766.0291    8.8675
    7.5000  -37.5000   -7.5000 2733.4175    8.9891
   -7.5000  -30.0000   -7.5000 2782.7249    8.7155
    0.0000  -30.0000   -7.5000 2799.9194    8.6714
    7.5000  -30.0000   -7.5000 2762.3596    8.7809
   -7.5000  -22.5000   -7.5000 2809.2861    8.5906
    0.0000  -22.5000   -7.5000 2825.0896    8.5448
    7.5000  -22.5000   -7.5000 2776.9182    8.6668
   -7.5000  -15.0000   -7.5000 2819.7698    8.6246
    0.0000  -15.0000   -7.5000 2829.6868    8.5701
    7.5000  -15.0000   -7.5000 2786.0259    8.6946
   -7.5000   -7.5000   -7.5000 2808.5339    8.8469
    0.0000   -7.5000   -7.5000 2822.1104    8.8051
    7.5000   -7.5000   -7.5000 2776.4404    8.9104
   -7.5000    0.0000   -7.5000 2763.7864    9.1805
    0.0000    0.0000   -7.5000 2779.8792    9.1506
    7.5000    0.0000   -7.5000 2735.2546    9.2597
   -7.5000    7.5000   -7.5000 2691.3596    9.5967
    0.0000    7.5000   -7.5000 2705.8684    9.5789
    7.5000    7.5000   -7.5000 2667.0317    9.7061
   -7.5000   15.0000   -7.5000 2589.1521   10.1782
    0.0000   15.0000   -7.5000 2601.3455   10.1664
    7.5000   15.0000   -7.5000 2566.5146   10.3181
   -7.5000   22.5000   -7.5000 2461.8242   11.0754
    0.0000   22.5000   -7.5000 2477.9756   11.0363
    7.5000   22.5000   -7.5000 2443.2324   11.2103
   -7.5000   30.0000   -7.5000 2318.0708   12.3193
    0.0000   30.0000   -7.5000 2332.2676   12.2797
    7.5000   30.0000   -7.5000 2302.5854   12.4532
   -7.5000   37.5000   -7.5000 2164.6338   13.9856
    0.0000   37.5000   -7.5000 2172.7200   13.9523
    7.5000   37.5000   -7.5000 2142.7151   14.1338
   -7.5000   45.0000   -7.5000 2000.9393   16.1831
    0.0000   45.0000   -7.5000 2004.3535   16.1879
    7.5000   45.0000   -7.5000 1974.1859   16.4314
   -7.5000  -45.0000    0.0000 2716.0400    9.0041
    0.0000  -45.0000    0.0000 2732.7917    8.9399
    7.5000  -45.0000    0.0000 2701.0781    9.0526
   -7.5000  -37.5000    0.0000 2785.4285    8.6241
    0.0000  -37.5000    0.0000 2803.2197    8.5738
    7.5000  -37.5000    0.0000 2766.8958    8.6730
   -7.5000  -30.0000    0.0000 2834.1362    8.3860
    0.0000  -30.0000    0.0000 2853.5806    8.3413
    7.5000  -30.0000    0.0000 2812.2900    8.4551
   -7.5000  -22.5000    0.0000 2863.4558    8.2491
    0.0000  -22.5000    0.0000 2883.7214    8.1778
    7.5000  -22.5000    0.0000 2833.8010    8.3322
   -7.5000  -15.0000    0.0000 2882.2815    8.2410
    0.0000  -15.0000    0.0000 2897.4099    8.1635
    7.5000  -15.0000    0.0000 2843.4229    8.3469
   -7.5000   -7.5000    0.0000 2870.0901    8.4552
    0.0000   -7.5000    0.0000 2890.8906    8.3894
    7.5000   -7.5000    0.0000 2836.5476    8.5359
   -7.5000    0.0000    0.0000 2820.6145    8.8041
    0.0000    0.0000    0.0000 2841.9531    8.7437
    7.5000    0.0000    0.0000 2793.5801    8.8976
   -7.5000    7.5000    0.0000 2748.3984    9.2162
    0.0000    7.5000    0.0000 2765.4497    9.1718
    7.5000    7.5000    0.0000 2723.4138    9.3427
   -7.5000   15.0000    0.0000 2643.4688    9.7759
    0.0000   15.0000    0.0000 2657.5356    9.7423
    7.5000   15.0000    0.0000 2617.6951    9.9380
   -7.5000   22.5000    0.0000 2514.4612   10.6605
    0.0000   22.5000    0.0000 2530.4365   10.6075
    7.5000   22.5000    0.0000 2489.1831   10.8150
   -7.5000   30.0000    0.0000 2365.1775   11.8838
    0.0000   30.0000    0.0000 2378.2830   11.8368
    7.5000   30.0000    0.0000 2342.0718   12.0483
   -7.5000   37.5000    0.0000 2206.5088   13.4781
    0.0000   37.5000    0.0000 2216.6228   13.4465
    7.5000   37.5000    0.0000 2183.4214   13.6552
   -7.5000   45.0000    0.0000 2030.0109   15.5250
    0.0000   45.0000    0.0000 2043.0175   15.5340
    7.5000   45.0000    0.0000 2012.8129   15.7754
   -7.5000  -45.0000    7.5000 2720.2791    8.7843
    0.0000  -45.0000    7.5000 2740.2278    8.7491
    7.5000  -45.0000    7.5000 2707.0667    8.8453
   -7.5000  -37.5000    7.5000 2800.8589    8.4101
    0.0000  -37.5000    7.5000 2821.2271    8.3590
    7.5000  -37.5000    7.5000 2780.6006    8.4504
   -7.5000  -30.0000    7.5000 2866.3232    8.1981
    0.0000  -30.0000    7.5000 2889.3323    8.1675
    7.5000  -30.0000    7.5000 2844.0471    8.2290
   -7.5000  -22.5000    7.5000 2907.3933    8.1068
    0.0000  -22.5000    7.5000 2937.3889    8.0480
    7.5000  -22.5000    7.5000 2881.5837    8.1731
   -7.5000  -15.0000    7.5000 2928.1299    8.1062
    0.0000  -15.0000    7.5000 2953.5471    8.0252
    7.5000  -15.0000    7.5000 2891.8555    8.1962
   -7.5000   -7.5000    7.5000 2913.4209    8.2583
    0.0000   -7.5000    7.5000 2936.8052    8.1819
    7.5000   -7.5000    7.5000 2874.0654    8.3772
   -7.5000    0.0000    7.5000 2860.4663    8.5627
    0.0000    0.0000    7.5000 2879.9421    8.5092
    7.5000    0.0000    7.5000 2823.7219    8.6643
   -7.5000    7.5000    7.5000 2785.7095    8.9713
    0.0000    7.5000    7.5000 2804.4080    8.9321
    7.5000    7.5000    7.5000 2753.4404    9.0856
   -7.5000   15.0000    7.5000 2674.5217    9.5559
    0.0000   15.0000    7.5000 2695.0381    9.5189
    7.5000   15.0000    7.5000 2649.9219    9.6652
   -7.5000   22.5000    7.5000 2542.3750   10.4485
    0.0000   22.5000    7.5000 2558.7898   10.4176
    7.5000   22.5000    7.5000 2517.0173   10.5482
   -7.5000   30.0000    7.5000 2391.3074   11.6332
    0.0000   30.0000    7.5000 2409.7881   11.6269
    7.5000   30.0000    7.5000 2373.1116   11.7586
   -7.5000   37.5000    7.5000 2233.1067   13.1785
    0.0000   37.5000    7.5000 2243.6211   13.2075
    7.5000   37.5000    7.5000 2215.5471   13.3526
   -7.5000   45.0000    7.5000 2056.6204   15.1724
    0.0000   45.0000    7.5000 2068.2222   15.1823
    7.5000   45.0000    7.5000 2039.6835   15.3861
   -7.5000  -45.0000   15.0000 2710.0139    8.6886
    0.0000  -45.0000   15.0000 2725.2603    8.6475
    7.5000  -45.0000   15.0000 2692.5078    8.7994
   -7.5000  -37.5000   15.0000 2790.4617    8.3027
    0.0000  -37.5000   15.0000 2809.8093    8.2557
    7.5000  -37.5000   15.0000 2776.8872    8.3911
   -7.5000  -30.0000   15.0000 2867.7595    8.1353
    0.0000  -30.0000   15.0000 2892.2747    8.0918
    7.5000  -30.0000   15.0000 2848.7227    8.1922
   -7.5000  -22.5000   15.0000 2929.1067    8.1222
    0.0000  -22.5000   15.0000 2957.0029    8.1105
    7.5000  -22.5000   15.0000 2897.0649    8.1655
   -7.5000  -15.0000   15.0000 2957.9531    8.1814
    0.0000  -15.0000   15.0000 2995.0291    8.1595
    7.5000  -15.0000   15.0000 2910.7734    8.2323
   -7.5000   -7.5000   15.0000 2934.9980    8.2835
    0.0000   -7.5000   15.0000 2962.0493    8.2491
    7.5000   -7.5000   15.0000 2892.0435    8.3516
   -7.5000    0.0000   15.0000 2874.3535    8.4784
    0.0000    0.0000   15.0000 2895.3213    8.4346
    7.5000    0.0000   15.0000 2837.1611    8.5825
   -7.5000    7.5000   15.0000 2784.7817    8.8706
    0.0000    7.5000   15.0000 2803.2305    8.8288
    7.5000    7.5000   15.0000 2755.2593    8.9932
   -7.5000   15.0000   15.0000 2676.1392    9.4947
    0.0000   15.0000   15.0000 2692.8730    9.4529
    7.5000   15.0000   15.0000 2652.1082    9.6060
   -7.5000   22.5000   15.0000 2546.9385   10.3730
    0.0000   22.5000   15.0000 2560.6755   10.3343
    7.5000   22.5000   15.0000 2527.0833   10.4773
   -7.5000   30.0000   15.0000 2396.6814   11.5515
    0.0000   30.0000   15.0000 2414.8901   11.5229
    7.5000   30.0000   15.0000 2381.7205   11.6763
   -7.5000   37.5000   15.0000 2239.5049   13.0860
    0.0000   37.5000   15.0000 2252.1980   13.1040
    7.5000   37.5000   15.0000 2220.7300   13.2360
   -7.5000   45.0000   15.0000 2060.4155   15.0329
    0.0000   45.0000   15.0000 2073.8809   15.0775
    7.5000   45.0000   15.0000 2040.7646   15.2715
   -7.5000  -45.0000   22.5000 2678.9824    8.8463
    0.0000  -45.0000   22.5000 2693.1311    8.7778
    7.5000  -45.0000   22.5000 2660.9277    8.9771
   -7.5000  -37.5000   22.5000 2766.3301    8.4552
    0.0000  -37.5000   22.5000 2780.7424    8.4044
    7.5000  -37.5000   22.5000 2741.4927    8.5619
   -7.5000  -30.0000   22.5000 2845.4592    8.2744
    0.0000  -30.0000   22.5000 2862.5967    8.2565
    7.5000  -30.0000   22.5000 2818.1406    8.3565
   -7.5000  -22.5000   22.5000 2917.4346    8.2537
    0.0000  -22.5000   22.5000 2945.1074    8.2325
    7.5000  -22.5000   22.5000 2881.5352    8.2982
   -7.5000  -15.0000   22.5000 2955.6372    8.2838
    0.0000  -15.0000   22.5000 2989.5349    8.2228
    7.5000  -15.0000   22.5000 2899.4417    8.3379
   -7.5000   -7.5000   22.5000 2931.2153    8.3769
    0.0000   -7.5000   22.5000 2955.5217    8.2874
    7.5000   -7.5000   22.5000 2882.2129    8.4586
   -7.5000    0.0000   22.5000 2863.3157    8.5938
    0.0000    0.0000   22.5000 2880.9568    8.5502
    7.5000    0.0000   22.5000 2822.9360    8.7149
   -7.5000    7.5000   22.5000 2763.9832    9.0134
    0.0000    7.5000   22.5000 2778.4978    8.9982
    7.5000    7.5000   22.5000 2735.8540    9.1565
   -7.5000   15.0000   22.5000 2648.7495    9.6421
    0.0000   15.0000   22.5000 2658.9524    9.6166
    7.5000   15.0000   22.5000 2626.3477    9.7848
   -7.5000   22.5000   22.5000 2521.8328   10.5008
    0.0000   22.5000   22.5000 2531.3342   10.4553
    7.5000   22.5000   22.5000 2503.6426   10.6096
   -7.5000   30.0000   22.5000 2380.1233   11.6377
    0.0000   30.0000   22.5000 2391.1013   11.5851
    7.5000   30.0000   22.5000 2361.3623   11.7395
   -7.5000   37.5000   22.5000 2221.3604   13.1246
    0.0000   37.5000   22.5000 2235.0193   13.1087
    7.5000   37.5000   22.5000 2206.0803   13.2618
   -7.5000   45.0000   22.5000 2046.8368   15.0384
    0.0000   45.0000   22.5000 2062.0112   15.0465
    7.5000   45.0000   22.5000 2031.5208   15.2570
   -7.5000  -45.0000   30.0000 2634.9153    9.2098
    0.0000  -45.0000   30.0000 2646.4783    9.1351
    7.5000  -45.0000   30.0000 2615.8750    9.3473
   -7.5000  -37.5000   30.0000 2715.5081    8.7582
    0.0000  -37.5000   30.0000 2729.7139    8.6847
    7.5000  -37.5000   30.0000 2698.4426    8.8658
   -7.5000  -30.0000   30.0000 2797.1821    8.5482
    0.0000  -30.0000   30.0000 2811.9968    8.4678
    7.5000  -30.0000   30.0000 2773.0154    8.6215
   -7.5000  -22.5000   30.0000 2874.6472    8.4712
    0.0000  -22.5000   30.0000 2903.2166    8.3860
    7.5000  -22.5000   30.0000 2844.6526    8.5325
   -7.5000  -15.0000   30.0000 2907.5796    8.4564
    0.0000  -15.0000   30.0000 2937.1323    8.3320
    7.5000  -15.0000   30.0000 2866.0439    8.5494
   -7.5000   -7.5000   30.0000 2882.3447    8.5757
    0.0000   -7.5000   30.0000 2901.2402    8.4726
    7.5000   -7.5000   30.0000 2842.8577    8.6928
   -7.5000    0.0000   30.0000 2818.4268    8.8725
    0.0000    0.0000   30.0000 2836.6160    8.8021
    7.5000    0.0000   30.0000 2786.4136    8.9824
   -7.5000    7.5000   30.0000 2726.4587    9.3382
    0.0000    7.5000   30.0000 2742.4475    9.2824
    7.5000    7.5000   30.0000 2704.2830    9.4729
   -7.5000   15.0000   30.0000 2605.8196    9.9757
    0.0000   15.0000   30.0000 2617.1614    9.9366
    7.5000   15.0000   30.0000 2586.3123   10.1352
   -7.5000   22.5000   30.0000 2474.8547   10.8139
    0.0000   22.5000   30.0000 2488.9668   10.7786
    7.5000   22.5000   30.0000 2460.2153   10.9479
   -7.5000   30.0000   30.0000 2341.2917   11.9191
    0.0000   30.0000   30.0000 2350.0391   11.8702
    7.5000   30.0000   30.0000 2321.8369   12.0321
   -7.5000   37.5000   30.0000 2185.7356   13.3343
    0.0000   37.5000   30.0000 2198.4368   13.3254
    7.5000   37.5000   30.0000 2169.6663   13.4789
   -7.5000   45.0000   30.0000 2012.9154   15.1955
    0.0000   45.0000   30.0000 2030.1995   15.2042
    7.5000   45.0000   30.0000 1999.2173   15.4054
   -7.5000  -45.0000   37.5000 2585.9368    9.7035
    0.0000  -45.0000   37.5000 2599.8911    9.5884
    7.5000  -45.0000   37.5000 2567.3528    9.8335
   -7.5000  -37.5000   37.5000 2667.4268    9.1635
    0.0000  -37.5000   37.5000 2680.9602    9.0731
    7.5000  -37.5000   37.5000 2650.6348    9.2940
   -7.5000  -30.0000   37.5000 2743.4280    8.8970
    0.0000  -30.0000   37.5000 2756.1545    8.8014
    7.5000  -30.0000   37.5000 2727.2205    9.0040
   -7.5000  -22.5000   37.5000 2809.2546    8.7914
    0.0000  -22.5000   37.5000 2830.4126    8.6879
    7.5000  -22.5000   37.5000 2788.7605    8.8954
   -7.5000  -15.0000   37.5000 2833.8032    8.7886
    0.0000  -15.0000   37.5000 2856.3347    8.6601
    7.5000  -15.0000   37.5000 2810.6370    8.8950
   -7.5000   -7.5000   37.5000 2809.1951    8.9598
    0.0000   -7.5000   37.5000 2826.3999    8.8766
    7.5000   -7.5000   37.5000 2783.6409    9.0690
   -7.5000    0.0000   37.5000 2745.3767    9.2981
    0.0000    0.0000   37.5000 2760.2417    9.2396
    7.5000    0.0000   37.5000 2720.8181    9.4086
   -7.5000    7.5000   37.5000 2668.5532    9.7843
    0.0000    7.5000   37.5000 2681.3022    9.7343
    7.5000    7.5000   37.5000 2645.3879    9.9069
   -7.5000   15.0000   37.5000 2562.3450   10.4355
    0.0000   15.0000   37.5000 2577.8162   10.3878
    7.5000   15.0000   37.5000 2538.7781   10.5701
   -7.5000   22.5000   37.5000 2426.8049   11.2781
    0.0000   22.5000   37.5000 2442.0527   11.2322
    7.5000   22.5000   37.5000 2410.9014   11.4122
   -7.5000   30.0000   37.5000 2289.6326   12.3441
    0.0000   30.0000   37.5000 2304.9202   12.3011
    7.5000   30.0000   37.5000 2277.0320   12.4516
   -7.5000   37.5000   37.5000 2132.8335   13.7452
    0.0000   37.5000   37.5000 2146.6714   13.7328
    7.5000   37.5000   37.5000 2124.8716   13.8852
   -7.5000   45.0000   37.5000 1971.8186   15.5620
    0.0000   45.0000   37.5000 1986.3427   15.5448
    7.5000   45.0000   37.5000 1964.0081   15.7335
   -7.5000  -45.0000   45.0000 2522.9636   10.2696
    0.0000  -45.0000   45.0000 2539.3162   10.1608
    7.5000  -45.0000   45.0000 2508.5911   10.4263
   -7.5000  -37.5000   45.0000 2608.2410    9.6886
    0.0000  -37.5000   45.0000 2626.9231    9.5901
    7.5000  -37.5000   45.0000 2591.6396    9.8369
   -7.5000  -30.0000   45.0000 2681.1189    9.3660
    0.0000  -30.0000   45.0000 2699.5359    9.2837
    7.5000  -30.0000   45.0000 2662.8938    9.5076
   -7.5000  -22.5000   45.0000 2730.0957    9.2430
    0.0000  -22.5000   45.0000 2752.7100    9.1456
    7.5000  -22.5000   45.0000 2713.5347    9.3794
   -7.5000  -15.0000   45.0000 2744.8296    9.2405
    0.0000  -15.0000   45.0000 2760.4148    9.1548
    7.5000  -15.0000   45.0000 2729.3438    9.3683
   -7.5000   -7.5000   45.0000 2722.3669    9.4630
    0.0000   -7.5000   45.0000 2739.5642    9.3800
    7.5000   -7.5000   45.0000 2705.2920    9.5765
   -7.5000    0.0000   45.0000 2661.1731    9.8339
    0.0000    0.0000   45.0000 2676.6125    9.7677
    7.5000    0.0000   45.0000 2642.9126    9.9377
   -7.5000    7.5000   45.0000 2593.0256   10.3423
    0.0000    7.5000   45.0000 2607.9075   10.2719
    7.5000    7.5000   45.0000 2568.6191   10.4620
   -7.5000   15.0000   45.0000 2493.4802   10.9558
    0.0000   15.0000   45.0000 2510.5974   10.9047
    7.5000   15.0000   45.0000 2474.2214   11.0932
   -7.5000   22.5000   45.0000 2370.6921   11.7956
    0.0000   22.5000   45.0000 2385.2234   11.7627
    7.5000   22.5000   45.0000 2361.4749   11.9092
   -7.5000   30.0000   45.0000 2229.9692   12.9044
    0.0000   30.0000   45.0000 2245.4817   12.8455
    7.5000   30.0000   45.0000 2223.2458   12.9884
   -7.5000   37.5000   45.0000 2074.1567   14.2896
    0.0000   37.5000   45.0000 2093.4785   14.2898
    7.5000   37.5000   45.0000 2068.9146   14.4165
   -7.5000   45.0000   45.0000 1922.5217   16.1027
    0.0000   45.0000   45.0000 1934.7725   16.0936
    7.5000   45.0000   45.0000 1912.9694   16.3258

---------------------------------------------------------------------
imgreg_4dfp /opt/freesurfer/average/711-2C_as_mni_average_305 /opt/freesurfer/average/711-2B_as_mni_average_305_mask talsrcimg_g11 none talsrcimg_to_711-2C_as_mni_average_305_t4 1283
---------------------------------------------------------------------

freesurfer imgreg_4dfp.c
/opt/freesurfer/average/711-2C_as_mni_average_305.4dfp.img
       256       256       256         1
  1.000000  1.000000  1.000000
orientation T byte_order littleendian
Reading image: /opt/freesurfer/average/711-2C_as_mni_average_305.4dfp.img
dimensions:      256       256       256
mmppix:       1.0000   -1.0000   -1.0000
center:     128.0000 -129.0000 -129.0000
/opt/freesurfer/average/711-2B_as_mni_average_305_mask.4dfp.img
       256       256       256         1
  1.000000  1.000000  1.000000
orientation T byte_order littleendian
Reading mask: /opt/freesurfer/average/711-2B_as_mni_average_305_mask.4dfp.img (2306576 pixels)
talsrcimg_g11.4dfp.img
       256       256       256         1
  1.000000  1.000000  1.000000
orientation T byte_order littleendian
Reading image: talsrcimg_g11.4dfp.img
dimensions:      256       256       256
mmppix:       1.0000   -1.0000   -1.0000
center:     128.0000 -129.0000 -129.0000
rotation matrix determinant  1.000000
fimgreg.f
image alignment mode   1283 decimal      503 hex
parameters
    0.0000  -15.0000   15.0000    0.0000    0.0000    0.0000
eta,q 0.93791  8.18741
niter,ni,del,rscale     5    3   12.0000    1.2000
parameter  4  0.527680 ->  0.500000 qaram    1.1500
parameters
   -2.1619  -15.4373   17.9177   -3.4500   -0.2092    0.3970
eta,q 0.94556  8.24232
  0.0660  0.0651  0.0702  0.0551  0.0611  0.0602
  0.0601  0.0609  0.0662  0.0545  0.0575  0.0576
  0.0584  0.0585  0.0618  0.0548  0.0552  0.0555
  0.0612  0.0582  0.0578  0.0556  0.0545  0.0545
  0.0672  0.0596  0.0557  0.0576  0.0556  0.0547
  0.0739  0.0628  0.0563  0.0615  0.0582  0.0563
  0.0808  0.0670  0.0588  0.0665  0.0620  0.0592
niter,ni,del,rscale     5    3   12.0000    1.2000
parameter  4  1.575118 ->  0.500000 qaram    1.3225
parameters
   -2.0284  -12.8298   16.6152   -7.4175    0.1874    0.4722
eta,q 0.95167  8.14983
  0.0710  0.0642  0.0580  0.0471  0.0583  0.0545
  0.0616  0.0608  0.0545  0.0480  0.0538  0.0515
  0.0559  0.0574  0.0530  0.0503  0.0503  0.0493
  0.0544  0.0545  0.0535  0.0529  0.0484  0.0483
  0.0563  0.0535  0.0557  0.0557  0.0488  0.0490
  0.0615  0.0538  0.0593  0.0602  0.0519  0.0513
  0.0688  0.0558  0.0639  0.0639  0.0564  0.0543
niter,ni,del,rscale     5    3   12.0000    1.2000
parameter  4  0.519798 ->  0.500000 qaram    1.5209
parameters
   -2.3865  -11.9331   15.8533  -11.9801    0.1734    0.6103
eta,q 0.95535  8.08957
  0.0653  0.0610  0.0553  0.0473  0.0544  0.0526
  0.0557  0.0569  0.0494  0.0450  0.0489  0.0488
  0.0495  0.0514  0.0469  0.0448  0.0455  0.0457
  0.0483  0.0481  0.0480  0.0472  0.0446  0.0446
  0.0520  0.0486  0.0506  0.0509  0.0457  0.0455
  0.0596  0.0514  0.0537  0.0553  0.0492  0.0480
  0.0687  0.0562  0.0582  0.0610  0.0543  0.0521
niter,ni,del,rscale     5    3   12.0000    1.2000
parameters
   -2.3059  -10.2382   14.6984  -13.4569    0.0183    0.2506
eta,q 0.95705  8.10910
  0.0650  0.0608  0.0522  0.0494  0.0537  0.0490
  0.0545  0.0544  0.0455  0.0463  0.0478  0.0462
  0.0474  0.0486  0.0423  0.0441  0.0439  0.0439
  0.0446  0.0446  0.0435  0.0423  0.0430  0.0429
  0.0463  0.0436  0.0480  0.0445  0.0450  0.0439
  0.0535  0.0463  0.0536  0.0503  0.0492  0.0468
  0.0644  0.0496  0.0595  0.0572  0.0542  0.0512
niter,ni,del,rscale     4    3   12.0000    1.2000
parameters
   -2.0078   -9.9381   14.3716  -13.8695   -0.1287    0.0453
eta,q 0.95710  8.10937
  0.0665  0.0553  0.0543  0.0515  0.0538  0.0488
  0.0555  0.0487  0.0479  0.0473  0.0481  0.0461
  0.0471  0.0446  0.0433  0.0444  0.0441  0.0439
  0.0429  0.0428  0.0429  0.0427  0.0429  0.0428
  0.0442  0.0446  0.0457  0.0430  0.0448  0.0436
  0.0521  0.0482  0.0503  0.0479  0.0493  0.0461
  0.0630  0.0523  0.0561  0.0545  0.0544  0.0502
niter,ni,del,rscale     3    3   12.0000    1.2000
parameters
   -1.8692   -9.9412   14.2424  -13.9490   -0.1970   -0.0129
eta,q 0.95720  8.10702
  0.0658  0.0539  0.0548  0.0522  0.0540  0.0489
  0.0550  0.0477  0.0485  0.0476  0.0484  0.0461
  0.0467  0.0441  0.0437  0.0446  0.0442  0.0439
  0.0429  0.0428  0.0428  0.0428  0.0428  0.0428
  0.0449  0.0449  0.0453  0.0428  0.0445  0.0434
  0.0535  0.0487  0.0496  0.0472  0.0490  0.0458
  0.0643  0.0531  0.0551  0.0537  0.0542  0.0497
niter,ni,del,rscale     2    3   12.0000    1.2000
parameters
   -1.8138   -9.9494   14.2067  -13.9596   -0.2292   -0.0276
eta,q 0.95724  8.10620
  0.0653  0.0539  0.0550  0.0524  0.0541  0.0490
  0.0545  0.0476  0.0488  0.0476  0.0485  0.0462
  0.0464  0.0440  0.0438  0.0447  0.0443  0.0438
  0.0428  0.0428  0.0428  0.0428  0.0428  0.0428
  0.0452  0.0449  0.0451  0.0427  0.0444  0.0433
  0.0540  0.0486  0.0493  0.0470  0.0489  0.0457
  0.0648  0.0530  0.0548  0.0535  0.0541  0.0496
registration optimization eta report
parameter search radius
    6.0000    6.0000    6.0000    9.1253    6.0000    6.0000
100000*second partial in parameter space
       61.       29.       33.       12.       31.       18.
  0.0653  0.0539  0.0550  0.0524  0.0541  0.0490
  0.0545  0.0476  0.0488  0.0476  0.0485  0.0462
  0.0464  0.0440  0.0438  0.0447  0.0443  0.0438
  0.0428  0.0428  0.0428  0.0428  0.0428  0.0428
  0.0452  0.0449  0.0451  0.0427  0.0444  0.0433
  0.0540  0.0486  0.0493  0.0470  0.0489  0.0457
  0.0648  0.0530  0.0548  0.0535  0.0541  0.0496
   -1.8138   -9.9494   14.2067  -13.9596   -0.2292   -0.0276
eta,q 0.95724  8.10620

---------------------------------------------------------------------
imgreg_4dfp /opt/freesurfer/average/711-2C_as_mni_average_305 /opt/freesurfer/average/711-2B_as_mni_average_305_mask talsrcimg_g11 none talsrcimg_to_711-2C_as_mni_average_305_t4 3335
---------------------------------------------------------------------

freesurfer imgreg_4dfp.c
/opt/freesurfer/average/711-2C_as_mni_average_305.4dfp.img
       256       256       256         1
  1.000000  1.000000  1.000000
orientation T byte_order littleendian
Reading image: /opt/freesurfer/average/711-2C_as_mni_average_305.4dfp.img
dimensions:      256       256       256
mmppix:       1.0000   -1.0000   -1.0000
center:     128.0000 -129.0000 -129.0000
/opt/freesurfer/average/711-2B_as_mni_average_305_mask.4dfp.img
       256       256       256         1
  1.000000  1.000000  1.000000
orientation T byte_order littleendian
Reading mask: /opt/freesurfer/average/711-2B_as_mni_average_305_mask.4dfp.img (2306576 pixels)
talsrcimg_g11.4dfp.img
       256       256       256         1
  1.000000  1.000000  1.000000
orientation T byte_order littleendian
Reading image: talsrcimg_g11.4dfp.img
dimensions:      256       256       256
mmppix:       1.0000   -1.0000   -1.0000
center:     128.0000 -129.0000 -129.0000
fimgreg.f
image alignment mode   3335 decimal      D07 hex
parameters
   -1.8138   -9.9494   14.2067   -0.0008   -2.9534   -2.9542
   -0.0498    0.3999   -0.0481   24.1236   -0.4001  -24.1236
eta,q 0.95767  8.14328
niter,ni,del,rscale     5    3    5.0000    1.2000
parameter  4  1.053758 ->  0.500000 qaram    1.1500
parameter  5  2.447095 ->  0.500000 qaram    1.1500
parameters
   -1.9839   -9.4584   14.3307   -4.1408   -7.0934   -5.3476
    1.5088    1.2122    2.8901   21.4924   -1.4249  -22.1158
eta,q 0.96579  7.93249
  0.0453  0.0451  0.0444  0.0389  0.0337  0.0367  0.0392  0.0409  0.0387  0.0358  0.0352  0.0369
  0.0435  0.0437  0.0433  0.0391  0.0351  0.0359  0.0374  0.0381  0.0372  0.0346  0.0347  0.0357
  0.0425  0.0428  0.0426  0.0402  0.0370  0.0355  0.0361  0.0362  0.0360  0.0343  0.0344  0.0348
  0.0423  0.0423  0.0423  0.0422  0.0393  0.0356  0.0355  0.0354  0.0353  0.0349  0.0343  0.0343
  0.0428  0.0423  0.0424  0.0450  0.0419  0.0367  0.0354  0.0354  0.0349  0.0361  0.0346  0.0342
  0.0441  0.0427  0.0430  0.0484  0.0447  0.0389  0.0359  0.0366  0.0350  0.0377  0.0351  0.0345
  0.0462  0.0435  0.0441  0.0520  0.0477  0.0426  0.0369  0.0389  0.0356  0.0398  0.0359  0.0350
niter,ni,del,rscale     6    3    5.0000    1.2000
parameter  4  0.518933 ->  0.500000 qaram    1.3225
parameter  5  1.110362 ->  0.500000 qaram    1.3225
parameters
   -2.1254   -9.4663   13.9269   -8.9018  -11.8544   -6.6100
    1.3770    1.1197    3.0113   21.5498   -1.8382  -22.0585
eta,q 0.96857  7.58297
  0.0375  0.0369  0.0354  0.0339  0.0308  0.0328  0.0340  0.0359  0.0337  0.0346  0.0322  0.0327
  0.0356  0.0354  0.0346  0.0337  0.0312  0.0321  0.0326  0.0336  0.0325  0.0329  0.0318  0.0320
  0.0345  0.0345  0.0342  0.0337  0.0321  0.0316  0.0317  0.0320  0.0317  0.0319  0.0315  0.0316
  0.0342  0.0342  0.0342  0.0341  0.0337  0.0314  0.0314  0.0314  0.0314  0.0314  0.0314  0.0314
  0.0348  0.0345  0.0346  0.0355  0.0358  0.0318  0.0318  0.0320  0.0316  0.0317  0.0316  0.0316
  0.0362  0.0354  0.0354  0.0381  0.0384  0.0329  0.0327  0.0337  0.0324  0.0328  0.0319  0.0320
  0.0384  0.0369  0.0366  0.0414  0.0414  0.0349  0.0342  0.0362  0.0336  0.0345  0.0324  0.0327
niter,ni,del,rscale     7    3    5.0000    1.2000
parameters
   -2.1316   -9.5849   13.9309   -9.2651  -15.9968   -6.5613
    0.9859    1.2184    2.7983   21.7597   -1.5227  -21.5715
eta,q 0.96922  7.42028
  0.0349  0.0340  0.0331  0.0342  0.0318  0.0328  0.0334  0.0357  0.0330  0.0339  0.0318  0.0323
  0.0330  0.0325  0.0322  0.0323  0.0310  0.0318  0.0319  0.0332  0.0318  0.0323  0.0313  0.0315
  0.0318  0.0316  0.0316  0.0315  0.0308  0.0312  0.0310  0.0315  0.0310  0.0313  0.0310  0.0310
  0.0314  0.0314  0.0314  0.0314  0.0314  0.0308  0.0308  0.0308  0.0308  0.0308  0.0308  0.0308
  0.0318  0.0319  0.0316  0.0316  0.0327  0.0308  0.0313  0.0313  0.0311  0.0310  0.0309  0.0309
  0.0330  0.0329  0.0322  0.0325  0.0348  0.0315  0.0324  0.0329  0.0320  0.0321  0.0312  0.0313
  0.0350  0.0345  0.0331  0.0348  0.0375  0.0330  0.0339  0.0355  0.0332  0.0336  0.0317  0.0319
niter,ni,del,rscale     6    3    5.0000    1.2000
parameters
   -2.2302   -9.3594   14.0013   -9.4222  -16.5180   -6.5906
    1.0739    1.1286    2.7005   21.9305   -1.5284  -21.4887
eta,q 0.96925  7.39389
  0.0341  0.0342  0.0325  0.0338  0.0335  0.0327  0.0337  0.0354  0.0330  0.0338  0.0317  0.0321
  0.0322  0.0324  0.0315  0.0318  0.0319  0.0317  0.0321  0.0329  0.0318  0.0322  0.0312  0.0313
  0.0311  0.0313  0.0310  0.0308  0.0310  0.0311  0.0311  0.0313  0.0310  0.0312  0.0309  0.0309
  0.0308  0.0308  0.0308  0.0308  0.0307  0.0308  0.0308  0.0308  0.0308  0.0308  0.0307  0.0307
  0.0313  0.0310  0.0309  0.0310  0.0312  0.0308  0.0311  0.0314  0.0311  0.0310  0.0309  0.0309
  0.0326  0.0318  0.0314  0.0319  0.0323  0.0315  0.0321  0.0330  0.0319  0.0320  0.0312  0.0314
  0.0347  0.0331  0.0323  0.0340  0.0342  0.0330  0.0335  0.0356  0.0331  0.0335  0.0317  0.0320
niter,ni,del,rscale     5    3    5.0000    1.2000
parameters
   -2.2620   -9.2636   13.9625   -9.4693  -16.6846   -6.6790
    1.1297    1.0865    2.6973   22.0369   -1.5621  -21.4851
eta,q 0.96925  7.38318
  0.0342  0.0338  0.0323  0.0338  0.0337  0.0326  0.0337  0.0354  0.0330  0.0337  0.0316  0.0320
  0.0323  0.0321  0.0314  0.0318  0.0321  0.0317  0.0321  0.0330  0.0318  0.0321  0.0312  0.0313
  0.0311  0.0311  0.0309  0.0308  0.0311  0.0311  0.0311  0.0313  0.0310  0.0312  0.0309  0.0309
  0.0307  0.0307  0.0307  0.0307  0.0307  0.0307  0.0308  0.0308  0.0308  0.0308  0.0308  0.0307
  0.0312  0.0310  0.0310  0.0310  0.0311  0.0308  0.0311  0.0313  0.0311  0.0310  0.0309  0.0309
  0.0324  0.0319  0.0315  0.0319  0.0321  0.0315  0.0321  0.0330  0.0318  0.0320  0.0312  0.0314
  0.0344  0.0333  0.0324  0.0339  0.0339  0.0330  0.0336  0.0356  0.0330  0.0335  0.0317  0.0320
niter,ni,del,rscale     4    3    5.0000    1.2000
parameters
   -2.2797   -9.2155   13.9233   -9.4929  -16.7727   -6.7454
    1.1536    1.0623    2.7108   22.1047   -1.5849  -21.4846
eta,q 0.96924  7.37703
  0.0343  0.0337  0.0323  0.0339  0.0337  0.0326  0.0337  0.0354  0.0330  0.0336  0.0316  0.0320
  0.0323  0.0321  0.0314  0.0319  0.0321  0.0317  0.0321  0.0330  0.0318  0.0321  0.0312  0.0313
  0.0311  0.0311  0.0309  0.0308  0.0311  0.0311  0.0311  0.0313  0.0310  0.0312  0.0309  0.0309
  0.0307  0.0308  0.0308  0.0308  0.0308  0.0308  0.0308  0.0308  0.0308  0.0308  0.0308  0.0308
  0.0312  0.0311  0.0310  0.0310  0.0311  0.0308  0.0311  0.0313  0.0311  0.0311  0.0309  0.0309
  0.0324  0.0320  0.0315  0.0319  0.0321  0.0315  0.0321  0.0330  0.0318  0.0320  0.0312  0.0314
  0.0343  0.0333  0.0324  0.0338  0.0339  0.0330  0.0336  0.0355  0.0330  0.0335  0.0317  0.0320
niter,ni,del,rscale     3    3    5.0000    1.2000
parameters
   -2.2921   -9.1870   13.8962   -9.5085  -16.8296   -6.7937
    1.1727    1.0424    2.7161   22.1470   -1.6131  -21.4782
eta,q 0.96924  7.37268
  0.0343  0.0336  0.0323  0.0339  0.0337  0.0326  0.0337  0.0354  0.0330  0.0336  0.0316  0.0320
  0.0323  0.0320  0.0314  0.0319  0.0321  0.0317  0.0321  0.0330  0.0318  0.0321  0.0312  0.0313
  0.0311  0.0311  0.0309  0.0308  0.0311  0.0311  0.0311  0.0313  0.0310  0.0311  0.0309  0.0309
  0.0308  0.0308  0.0308  0.0308  0.0308  0.0308  0.0308  0.0308  0.0308  0.0308  0.0308  0.0308
  0.0312  0.0311  0.0310  0.0310  0.0311  0.0308  0.0311  0.0313  0.0311  0.0311  0.0309  0.0309
  0.0324  0.0320  0.0315  0.0319  0.0321  0.0315  0.0321  0.0330  0.0318  0.0321  0.0312  0.0314
  0.0343  0.0334  0.0323  0.0338  0.0338  0.0330  0.0336  0.0355  0.0330  0.0335  0.0317  0.0320
niter,ni,del,rscale     2    3    5.0000    1.2000
parameters
   -2.3004   -9.1668   13.8771   -9.5201  -16.8633   -6.8308
    1.1822    1.0327    2.7295   22.1729   -1.6340  -21.4797
eta,q 0.96923  7.36972
  0.0343  0.0336  0.0323  0.0339  0.0337  0.0326  0.0337  0.0355  0.0330  0.0335  0.0316  0.0320
  0.0323  0.0320  0.0314  0.0319  0.0321  0.0317  0.0321  0.0330  0.0318  0.0321  0.0312  0.0313
  0.0311  0.0311  0.0309  0.0308  0.0311  0.0311  0.0311  0.0314  0.0310  0.0311  0.0309  0.0309
  0.0308  0.0308  0.0308  0.0308  0.0308  0.0308  0.0308  0.0308  0.0308  0.0308  0.0308  0.0308
  0.0312  0.0311  0.0310  0.0310  0.0311  0.0308  0.0311  0.0313  0.0311  0.0311  0.0309  0.0309
  0.0324  0.0320  0.0315  0.0319  0.0321  0.0314  0.0321  0.0330  0.0318  0.0321  0.0312  0.0314
  0.0343  0.0334  0.0323  0.0338  0.0338  0.0330  0.0336  0.0355  0.0330  0.0335  0.0317  0.0320
registration optimization eta report
parameter search radius
    2.4000    2.4000    2.4000    9.5220    9.5220    7.2000
    7.2000    7.2000    7.2000    7.2000    7.2000    7.2000
100000*second partial in parameter space
       62.       47.       27.        4.        3.        4.
        5.        9.        4.        5.        2.        2.
  0.0343  0.0336  0.0323  0.0339  0.0337  0.0326  0.0337  0.0355  0.0330  0.0335  0.0316  0.0320
  0.0323  0.0320  0.0314  0.0319  0.0321  0.0317  0.0321  0.0330  0.0318  0.0321  0.0312  0.0313
  0.0311  0.0311  0.0309  0.0308  0.0311  0.0311  0.0311  0.0314  0.0310  0.0311  0.0309  0.0309
  0.0308  0.0308  0.0308  0.0308  0.0308  0.0308  0.0308  0.0308  0.0308  0.0308  0.0308  0.0308
  0.0312  0.0311  0.0310  0.0310  0.0311  0.0308  0.0311  0.0313  0.0311  0.0311  0.0309  0.0309
  0.0324  0.0320  0.0315  0.0319  0.0321  0.0314  0.0321  0.0330  0.0318  0.0321  0.0312  0.0314
  0.0343  0.0334  0.0323  0.0338  0.0338  0.0330  0.0336  0.0355  0.0330  0.0335  0.0317  0.0320
   -2.3004   -9.1668   13.8771   -9.5201  -16.8633   -6.8308
    1.1822    1.0327    2.7295   22.1729   -1.6340  -21.4797
eta,q 0.96923  7.36972

---------------------------------------------------------------------
imgreg_4dfp /opt/freesurfer/average/711-2C_as_mni_average_305 /opt/freesurfer/average/711-2B_as_mni_average_305_mask talsrcimg_g11 none talsrcimg_to_711-2C_as_mni_average_305_t4 2311
---------------------------------------------------------------------

freesurfer imgreg_4dfp.c
/opt/freesurfer/average/711-2C_as_mni_average_305.4dfp.img
       256       256       256         1
  1.000000  1.000000  1.000000
orientation T byte_order littleendian
Reading image: /opt/freesurfer/average/711-2C_as_mni_average_305.4dfp.img
dimensions:      256       256       256
mmppix:       1.0000   -1.0000   -1.0000
center:     128.0000 -129.0000 -129.0000
/opt/freesurfer/average/711-2B_as_mni_average_305_mask.4dfp.img
       256       256       256         1
  1.000000  1.000000  1.000000
orientation T byte_order littleendian
Reading mask: /opt/freesurfer/average/711-2B_as_mni_average_305_mask.4dfp.img (2306576 pixels)
talsrcimg_g11.4dfp.img
       256       256       256         1
  1.000000  1.000000  1.000000
orientation T byte_order littleendian
Reading image: talsrcimg_g11.4dfp.img
dimensions:      256       256       256
mmppix:       1.0000   -1.0000   -1.0000
center:     128.0000 -129.0000 -129.0000
fimgreg.f
image alignment mode   2311 decimal      907 hex
parameters
   -2.3004   -9.1668   13.8771   -9.5201  -16.8633   -6.8308
    1.1822    1.0327    2.7295   22.1729   -1.6340  -21.4797
eta,q 0.96923  7.36972
niter,ni,del,rscale     5    3    5.0000    0.8000
parameters
   -2.3105   -9.1971   13.8411   -9.9168  -16.6879   -6.2849
    1.0870    1.0588    2.6433   22.2851   -1.5200  -21.7268
eta,q 0.96930  7.38104
  0.0323  0.0320  0.0314  0.0312  0.0315  0.0317  0.0320  0.0330  0.0317  0.0321  0.0312  0.0312
  0.0315  0.0313  0.0311  0.0308  0.0311  0.0313  0.0313  0.0318  0.0312  0.0314  0.0309  0.0309
  0.0309  0.0309  0.0308  0.0307  0.0309  0.0310  0.0308  0.0310  0.0308  0.0309  0.0308  0.0307
  0.0308  0.0308  0.0308  0.0308  0.0307  0.0307  0.0307  0.0307  0.0307  0.0307  0.0307  0.0307
  0.0309  0.0309  0.0309  0.0309  0.0308  0.0307  0.0309  0.0310  0.0309  0.0308  0.0307  0.0308
  0.0315  0.0314  0.0311  0.0310  0.0310  0.0309  0.0314  0.0317  0.0312  0.0313  0.0309  0.0310
  0.0324  0.0320  0.0315  0.0313  0.0315  0.0315  0.0321  0.0329  0.0318  0.0320  0.0311  0.0314
niter,ni,del,rscale     4    3    5.0000    0.7000
parameters
   -2.2921   -9.2318   13.9342   -9.8558  -16.5979   -5.9293
    1.0666    1.0862    2.6225   22.3470   -1.4407  -21.7731
eta,q 0.96933  7.40131
  0.0320  0.0316  0.0313  0.0311  0.0313  0.0315  0.0317  0.0324  0.0315  0.0318  0.0310  0.0311
  0.0313  0.0311  0.0310  0.0308  0.0310  0.0311  0.0311  0.0315  0.0310  0.0312  0.0308  0.0309
  0.0308  0.0308  0.0308  0.0307  0.0308  0.0309  0.0308  0.0309  0.0308  0.0308  0.0307  0.0307
  0.0307  0.0307  0.0307  0.0307  0.0307  0.0307  0.0307  0.0307  0.0307  0.0307  0.0307  0.0307
  0.0308  0.0308  0.0307  0.0308  0.0308  0.0307  0.0308  0.0309  0.0308  0.0308  0.0307  0.0307
  0.0312  0.0312  0.0309  0.0309  0.0309  0.0309  0.0312  0.0315  0.0311  0.0312  0.0308  0.0309
  0.0319  0.0317  0.0312  0.0310  0.0313  0.0313  0.0317  0.0324  0.0315  0.0318  0.0310  0.0312
niter,ni,del,rscale     3    3    5.0000    0.6000
parameters
   -2.2745   -9.2663   14.0160   -9.8721  -16.5148   -5.6314
    1.0383    1.1147    2.5970   22.3809   -1.3914  -21.7918
eta,q 0.96935  7.41507
  0.0316  0.0314  0.0312  0.0309  0.0311  0.0313  0.0314  0.0320  0.0313  0.0315  0.0309  0.0310
  0.0311  0.0310  0.0309  0.0307  0.0309  0.0310  0.0310  0.0313  0.0309  0.0311  0.0308  0.0308
  0.0308  0.0307  0.0307  0.0307  0.0307  0.0308  0.0307  0.0308  0.0307  0.0308  0.0307  0.0307
  0.0307  0.0307  0.0307  0.0307  0.0307  0.0307  0.0307  0.0307  0.0307  0.0307  0.0307  0.0307
  0.0307  0.0308  0.0307  0.0307  0.0307  0.0307  0.0307  0.0308  0.0307  0.0307  0.0307  0.0307
  0.0311  0.0310  0.0308  0.0308  0.0309  0.0308  0.0310  0.0312  0.0309  0.0310  0.0308  0.0308
  0.0315  0.0314  0.0310  0.0309  0.0311  0.0312  0.0314  0.0319  0.0313  0.0315  0.0309  0.0310
niter,ni,del,rscale     2    3    5.0000    0.5000
parameters
   -2.2591   -9.2916   14.0871   -9.9171  -16.4840   -5.3778
    1.0065    1.1366    2.5869   22.4125   -1.3725  -21.8152
eta,q 0.96936  7.42391
  0.0313  0.0311  0.0310  0.0308  0.0310  0.0311  0.0312  0.0316  0.0311  0.0313  0.0308  0.0309
  0.0309  0.0309  0.0308  0.0307  0.0308  0.0309  0.0309  0.0311  0.0308  0.0309  0.0307  0.0307
  0.0307  0.0307  0.0307  0.0306  0.0307  0.0307  0.0307  0.0307  0.0307  0.0307  0.0307  0.0307
  0.0307  0.0307  0.0307  0.0307  0.0306  0.0307  0.0306  0.0306  0.0306  0.0306  0.0306  0.0306
  0.0307  0.0307  0.0307  0.0307  0.0307  0.0306  0.0307  0.0307  0.0307  0.0307  0.0307  0.0307
  0.0309  0.0309  0.0308  0.0307  0.0308  0.0307  0.0309  0.0310  0.0308  0.0309  0.0307  0.0308
  0.0313  0.0312  0.0309  0.0308  0.0310  0.0310  0.0312  0.0315  0.0311  0.0313  0.0308  0.0309
niter,ni,del,rscale     1    3    5.0000    0.4000
parameters
   -2.2468   -9.3030   14.1395  -10.0133  -16.4668   -5.1539
    0.9741    1.1469    2.5662   22.4636   -1.3360  -21.8167
eta,q 0.96937  7.42859
  0.0310  0.0310  0.0309  0.0307  0.0309  0.0309  0.0310  0.0312  0.0309  0.0311  0.0308  0.0308
  0.0308  0.0308  0.0307  0.0307  0.0307  0.0308  0.0308  0.0309  0.0308  0.0308  0.0307  0.0307
  0.0307  0.0307  0.0307  0.0306  0.0307  0.0307  0.0307  0.0307  0.0307  0.0307  0.0306  0.0306
  0.0306  0.0306  0.0306  0.0306  0.0306  0.0306  0.0306  0.0306  0.0306  0.0306  0.0306  0.0306
  0.0307  0.0307  0.0307  0.0307  0.0307  0.0306  0.0307  0.0307  0.0307  0.0307  0.0306  0.0306
  0.0308  0.0308  0.0307  0.0307  0.0307  0.0307  0.0308  0.0309  0.0308  0.0308  0.0307  0.0307
  0.0310  0.0310  0.0308  0.0307  0.0308  0.0309  0.0310  0.0312  0.0309  0.0310  0.0308  0.0308
registration optimization eta report
parameter search radius
    0.8000    0.8000    0.8000    2.4000    2.4000    2.4000
    2.4000    2.4000    2.4000    2.4000    2.4000    2.4000
100000*second partial in parameter space
       63.       53.       30.        2.        4.        5.
        6.       10.        5.        7.        2.        3.
  0.0310  0.0310  0.0309  0.0307  0.0309  0.0309  0.0310  0.0312  0.0309  0.0311  0.0308  0.0308
  0.0308  0.0308  0.0307  0.0307  0.0307  0.0308  0.0308  0.0309  0.0308  0.0308  0.0307  0.0307
  0.0307  0.0307  0.0307  0.0306  0.0307  0.0307  0.0307  0.0307  0.0307  0.0307  0.0306  0.0306
  0.0306  0.0306  0.0306  0.0306  0.0306  0.0306  0.0306  0.0306  0.0306  0.0306  0.0306  0.0306
  0.0307  0.0307  0.0307  0.0307  0.0307  0.0306  0.0307  0.0307  0.0307  0.0307  0.0306  0.0306
  0.0308  0.0308  0.0307  0.0307  0.0307  0.0307  0.0308  0.0309  0.0308  0.0308  0.0307  0.0307
  0.0310  0.0310  0.0308  0.0307  0.0308  0.0309  0.0310  0.0312  0.0309  0.0310  0.0308  0.0308
   -2.2468   -9.3030   14.1395  -10.0133  -16.4668   -5.1539
    0.9741    1.1469    2.5662   22.4636   -1.3360  -21.8167
eta,q 0.96937  7.42859

---------------------------------------------------------------------
imgreg_4dfp /opt/freesurfer/average/711-2C_as_mni_average_305 /opt/freesurfer/average/711-2B_as_mni_average_305_mask talsrcimg_g11 none talsrcimg_to_711-2C_as_mni_average_305_t4 2311
---------------------------------------------------------------------

freesurfer imgreg_4dfp.c
/opt/freesurfer/average/711-2C_as_mni_average_305.4dfp.img
       256       256       256         1
  1.000000  1.000000  1.000000
orientation T byte_order littleendian
Reading image: /opt/freesurfer/average/711-2C_as_mni_average_305.4dfp.img
dimensions:      256       256       256
mmppix:       1.0000   -1.0000   -1.0000
center:     128.0000 -129.0000 -129.0000
/opt/freesurfer/average/711-2B_as_mni_average_305_mask.4dfp.img
       256       256       256         1
  1.000000  1.000000  1.000000
orientation T byte_order littleendian
Reading mask: /opt/freesurfer/average/711-2B_as_mni_average_305_mask.4dfp.img (2306576 pixels)
talsrcimg_g11.4dfp.img
       256       256       256         1
  1.000000  1.000000  1.000000
orientation T byte_order littleendian
Reading image: talsrcimg_g11.4dfp.img
dimensions:      256       256       256
mmppix:       1.0000   -1.0000   -1.0000
center:     128.0000 -129.0000 -129.0000
fimgreg.f
image alignment mode   2311 decimal      907 hex
parameters
   -2.2468   -9.3030   14.1395  -10.0133  -16.4668   -5.1539
    0.9741    1.1469    2.5662   22.4636   -1.3360  -21.8167
eta,q 0.96937  7.42859
niter,ni,del,rscale     5    3    5.0000    0.8000
parameters
   -2.2323   -9.2858   14.2143   -9.3749  -16.5648   -5.5301
    1.0613    1.1636    2.6355   22.2934   -1.2750  -21.7116
eta,q 0.96934  7.43865
  0.0323  0.0320  0.0315  0.0314  0.0315  0.0315  0.0321  0.0329  0.0318  0.0320  0.0311  0.0313
  0.0314  0.0312  0.0310  0.0309  0.0310  0.0311  0.0313  0.0317  0.0312  0.0313  0.0309  0.0310
  0.0308  0.0308  0.0307  0.0307  0.0307  0.0308  0.0308  0.0309  0.0308  0.0308  0.0307  0.0307
  0.0306  0.0306  0.0306  0.0306  0.0306  0.0306  0.0307  0.0307  0.0307  0.0307  0.0307  0.0307
  0.0308  0.0308  0.0307  0.0307  0.0307  0.0307  0.0308  0.0309  0.0308  0.0308  0.0307  0.0307
  0.0313  0.0312  0.0309  0.0308  0.0310  0.0312  0.0313  0.0317  0.0311  0.0314  0.0309  0.0309
  0.0322  0.0319  0.0313  0.0310  0.0315  0.0321  0.0320  0.0329  0.0317  0.0323  0.0311  0.0313
niter,ni,del,rscale     4    3    5.0000    0.7000
parameters
   -2.2298   -9.3110   14.1654   -9.5543  -16.4593   -5.5188
    1.0325    1.1668    2.6108   22.2821   -1.2670  -21.7247
eta,q 0.96935  7.43456
  0.0319  0.0317  0.0312  0.0310  0.0313  0.0314  0.0317  0.0324  0.0315  0.0318  0.0310  0.0311
  0.0312  0.0311  0.0309  0.0307  0.0310  0.0311  0.0311  0.0315  0.0310  0.0312  0.0308  0.0309
  0.0308  0.0308  0.0307  0.0306  0.0307  0.0308  0.0308  0.0309  0.0307  0.0308  0.0307  0.0307
  0.0307  0.0307  0.0307  0.0307  0.0307  0.0307  0.0307  0.0307  0.0307  0.0307  0.0307  0.0307
  0.0308  0.0308  0.0307  0.0307  0.0307  0.0307  0.0308  0.0309  0.0308  0.0308  0.0307  0.0307
  0.0312  0.0311  0.0309  0.0308  0.0309  0.0309  0.0312  0.0314  0.0310  0.0312  0.0308  0.0309
  0.0319  0.0317  0.0313  0.0310  0.0313  0.0315  0.0317  0.0324  0.0315  0.0319  0.0310  0.0311
niter,ni,del,rscale     3    3    5.0000    0.6000
parameters
   -2.2307   -9.3226   14.1579   -9.6620  -16.4349   -5.4044
    1.0152    1.1682    2.5875   22.3213   -1.2813  -21.7545
eta,q 0.96936  7.43521
  0.0316  0.0314  0.0311  0.0309  0.0311  0.0312  0.0314  0.0319  0.0313  0.0315  0.0309  0.0310
  0.0310  0.0310  0.0308  0.0307  0.0309  0.0310  0.0310  0.0312  0.0309  0.0311  0.0308  0.0308
  0.0307  0.0307  0.0307  0.0306  0.0307  0.0308  0.0307  0.0308  0.0307  0.0308  0.0307  0.0307
  0.0307  0.0307  0.0307  0.0307  0.0306  0.0306  0.0306  0.0306  0.0306  0.0306  0.0306  0.0306
  0.0307  0.0308  0.0307  0.0307  0.0307  0.0307  0.0307  0.0308  0.0307  0.0307  0.0307  0.0307
  0.0311  0.0310  0.0308  0.0308  0.0309  0.0308  0.0310  0.0312  0.0309  0.0310  0.0308  0.0308
  0.0316  0.0314  0.0311  0.0309  0.0311  0.0313  0.0314  0.0320  0.0313  0.0315  0.0309  0.0310
niter,ni,del,rscale     2    3    5.0000    0.5000
parameters
   -2.2316   -9.3242   14.1667   -9.7999  -16.4359   -5.2502
    0.9969    1.1714    2.5770   22.3799   -1.3080  -21.8016
eta,q 0.96936  7.43535
  0.0313  0.0312  0.0309  0.0308  0.0310  0.0311  0.0312  0.0316  0.0311  0.0313  0.0308  0.0309
  0.0309  0.0309  0.0308  0.0307  0.0308  0.0309  0.0309  0.0310  0.0308  0.0310  0.0307  0.0307
  0.0307  0.0307  0.0307  0.0306  0.0307  0.0307  0.0307  0.0307  0.0307  0.0307  0.0307  0.0307
  0.0306  0.0306  0.0306  0.0306  0.0306  0.0306  0.0306  0.0306  0.0306  0.0306  0.0306  0.0306
  0.0307  0.0307  0.0307  0.0307  0.0307  0.0306  0.0307  0.0307  0.0307  0.0307  0.0307  0.0307
  0.0309  0.0309  0.0308  0.0307  0.0308  0.0308  0.0309  0.0311  0.0308  0.0309  0.0307  0.0308
  0.0313  0.0312  0.0309  0.0308  0.0310  0.0310  0.0312  0.0316  0.0311  0.0313  0.0308  0.0309
niter,ni,del,rscale     1    3    5.0000    0.4000
parameters
   -2.2317   -9.3202   14.1905   -9.9172  -16.4597   -5.0736
    0.9704    1.1655    2.5708   22.4450   -1.3063  -21.7991
eta,q 0.96938  7.43591
  0.0310  0.0310  0.0308  0.0307  0.0308  0.0309  0.0310  0.0312  0.0309  0.0311  0.0308  0.0308
  0.0308  0.0308  0.0307  0.0307  0.0307  0.0308  0.0308  0.0309  0.0308  0.0308  0.0307  0.0307
  0.0307  0.0307  0.0307  0.0306  0.0307  0.0307  0.0307  0.0307  0.0307  0.0307  0.0306  0.0307
  0.0306  0.0306  0.0306  0.0306  0.0306  0.0306  0.0306  0.0306  0.0306  0.0306  0.0306  0.0306
  0.0307  0.0307  0.0307  0.0306  0.0307  0.0306  0.0307  0.0307  0.0307  0.0307  0.0306  0.0306
  0.0308  0.0308  0.0307  0.0307  0.0307  0.0307  0.0308  0.0309  0.0308  0.0308  0.0307  0.0307
  0.0310  0.0310  0.0308  0.0307  0.0309  0.0309  0.0310  0.0312  0.0309  0.0310  0.0308  0.0308
registration optimization eta report
parameter search radius
    0.8000    0.8000    0.8000    2.4000    2.4000    2.4000
    2.4000    2.4000    2.4000    2.4000    2.4000    2.4000
100000*second partial in parameter space
       64.       53.       31.        2.        4.        5.
        6.       10.        5.        7.        2.        3.
  0.0310  0.0310  0.0308  0.0307  0.0308  0.0309  0.0310  0.0312  0.0309  0.0311  0.0308  0.0308
  0.0308  0.0308  0.0307  0.0307  0.0307  0.0308  0.0308  0.0309  0.0308  0.0308  0.0307  0.0307
  0.0307  0.0307  0.0307  0.0306  0.0307  0.0307  0.0307  0.0307  0.0307  0.0307  0.0306  0.0307
  0.0306  0.0306  0.0306  0.0306  0.0306  0.0306  0.0306  0.0306  0.0306  0.0306  0.0306  0.0306
  0.0307  0.0307  0.0307  0.0306  0.0307  0.0306  0.0307  0.0307  0.0307  0.0307  0.0306  0.0306
  0.0308  0.0308  0.0307  0.0307  0.0307  0.0307  0.0308  0.0309  0.0308  0.0308  0.0307  0.0307
  0.0310  0.0310  0.0308  0.0307  0.0309  0.0309  0.0310  0.0312  0.0309  0.0310  0.0308  0.0308
   -2.2317   -9.3202   14.1905   -9.9172  -16.4597   -5.0736
    0.9704    1.1655    2.5708   22.4450   -1.3063  -21.7991
eta,q 0.96938  7.43591

---------------------------------------------------------------------
compute_vox2vox talsrcimg talsrcimg_to_711-2C_as_mni_average_305_t4 /opt/freesurfer/average/711-2C_as_mni_average_305
---------------------------------------------------------------------

freesurfer compute_vox2vox.c
Reading: talsrcimg.4dfp.ifh
Reading: talsrcimg_to_711-2C_as_mni_average_305_t4
Reading: /opt/freesurfer/average/711-2C_as_mni_average_305.4dfp.ifh
Writing: talsrcimg_to_711-2C_as_mni_average_305_t4_vox2vox.txt

start time Fri Mar 13 22:58:47 CET 2026
end		time Fri Mar 13 22:59:01 CET 2026

mpr2mni305 success

avi2talxfm orig_nu.mgz /opt/freesurfer/average/mni305.cor.mgz talsrcimg_to_711-2C_as_mni_average_305_t4_vox2vox.txt transforms/talairach.auto.xfm
avi2talxfm done
mv -f /out/sourcedata/freesurfer/sub-v2s7x29676_ses-1/mri/talsrcimg_to_711-2C_as_mni_average_305_t4_vox2vox.txt /out/sourcedata/freesurfer/sub-v2s7x29676_ses-1/mri/transforms/talsrcimg_to_711-2C_as_mni_average_305_t4_vox2vox.txt
lta_convert --src orig_nu.mgz --trg /opt/freesurfer/average/mni305.cor.mgz --inxfm transforms/talairach.auto.xfm --outlta transforms/talairach.auto.xfm.lta --subject fsaverage
7.3.2

--src: orig_nu.mgz src image (geometry).
--trg: /opt/freesurfer/average/mni305.cor.mgz trg image (geometry).
--inmni: transforms/talairach.auto.xfm input MNI/XFM transform.
--outlta: transforms/talairach.auto.xfm.lta output LTA.
--s: fsaverage subject name
 LTA read, type : 1
 1.11039  -0.00997  -0.01550   4.02437;
 0.00700   0.99217   0.25881  -25.44057;
-0.03605  -0.26626   1.12797  -11.72928;
 0.00000   0.00000   0.00000   1.00000;
setting subject to fsaverage
Writing  LTA to file transforms/talairach.auto.xfm.lta...
lta_convert successful.
 
 
Started at Fri Mar 13 22:58:46 CET 2026
Ended   at Fri Mar 13 22:59:01 CET 2026
talairach_avi done
