/out/sourcedata/freesurfer/sub-v2s7x29659_ses-1/mri
/opt/freesurfer/bin/talairach_avi
--i orig_nu.mgz --xfm transforms/talairach.auto.xfm
talairach_avi 7.3.2
Linux dna059 5.14.0-427.37.1.el9_4.x86_64 #1 SMP PREEMPT_DYNAMIC Fri Sep 13 12:41:50 EDT 2024 x86_64 x86_64 x86_64 GNU/Linux
Fri Mar 13 22:06:17 CET 2026
mri_convert orig_nu.mgz talsrcimg.img 
reading from orig_nu.mgz...
TR=0.00, TE=0.00, TI=0.00, flip angle=0.00
i_ras = (-1, 0, 0)
j_ras = (0, 0, -1)
k_ras = (0, 1, 0)
writing to talsrcimg.img...
Analyze Output Matrix
-1.00000   0.00000   0.00000   129.80176;
 0.00000   0.00000   1.00000  -125.19336;
 0.00000  -1.00000   0.00000   166.70100;
 0.00000   0.00000   0.00000   1.00000;
--------------------
INFO: set hdr.hist.orient to -1
mpr2mni305 talsrcimg
Fri Mar 13 22:06:17 CET 2026
/opt/freesurfer/bin/mpr2mni305 talsrcimg
mpr2mni305 7.3.2
target=711-2C_as_mni_average_305

---------------------------------------------------------------------
analyzeto4dfp talsrcimg -O0 -y
---------------------------------------------------------------------

freesurfer ifh2hdr.c
Fri Mar 13 22:06:18 2026
Writing: talsrcimg.4dfp.hdr
freesurfer analyzeto4dfp.c
Reading: talsrcimg.hdr
header size 348 bytes
hdr.dime.datatype	offset=70	value=2
hdr.dime.bitpix		offset=72	value=8
hdr.hist.orient		offset=252	value=-1
dimensionality     4
dimensions       256       256       256         1
Reading: talsrcimg.img
Writing: talsrcimg.4dfp.img
Writing: talsrcimg.4dfp.ifh
ifh2hdr talsrcimg -r0to255
ori=2

---------------------------------------------------------------------
gauss_4dfp talsrcimg 1.1
---------------------------------------------------------------------

freesurfer gauss_4dfp.c
Reading: talsrcimg.4dfp.img
Writing: talsrcimg_g11.4dfp.img
image dimensions 256 256 256 padded to 288 288 288
processing volume 1freesurfer ifh2hdr.c
Fri Mar 13 22:06:19 2026
Writing: talsrcimg_g11.4dfp.hdr

Writing: talsrcimg_g11.4dfp.ifh
including: talsrcimg.4dfp.img.rec in talsrcimg_g11.4dfp.img.rec

---------------------------------------------------------------------
imgreg_4dfp /opt/freesurfer/average/711-2C_as_mni_average_305 none talsrcimg_g11 none talsrcimg_to_711-2C_as_mni_average_305_t4 4355
---------------------------------------------------------------------

freesurfer imgreg_4dfp.c
/opt/freesurfer/average/711-2C_as_mni_average_305.4dfp.img
       256       256       256         1
  1.000000  1.000000  1.000000
orientation T byte_order littleendian
Reading image: /opt/freesurfer/average/711-2C_as_mni_average_305.4dfp.img
dimensions:      256       256       256
mmppix:       1.0000   -1.0000   -1.0000
center:     128.0000 -129.0000 -129.0000
talsrcimg_g11.4dfp.img
       256       256       256         1
  1.000000  1.000000  1.000000
orientation T byte_order littleendian
Reading image: talsrcimg_g11.4dfp.img
dimensions:      256       256       256
mmppix:       1.0000   -1.0000   -1.0000
center:     128.0000 -129.0000 -129.0000
t4_read: open error in t4_sub.f l:  41 t4_file(1:l)talsrcimg_to_711-2C_as_mni_average_305_t4 
t4_read: transform initialized to I4
rotation matrix determinant  1.000000
image alignment mode   4355 decimal     1103 hex
   -7.5000  -45.0000  -45.0000 8361.8906   11.1984
    0.0000  -45.0000  -45.0000 8639.8955   11.1796
    7.5000  -45.0000  -45.0000 8202.5889   11.1804
   -7.5000  -37.5000  -45.0000 8795.4912   11.1970
    0.0000  -37.5000  -45.0000 9093.6758   11.1809
    7.5000  -37.5000  -45.0000 8627.8701   11.1844
   -7.5000  -30.0000  -45.0000 9527.9160   11.1797
    0.0000  -30.0000  -45.0000 9851.9258   11.1717
    7.5000  -30.0000  -45.0000 9322.4297   11.1826
   -7.5000  -22.5000  -45.000010198.4697   11.1642
    0.0000  -22.5000  -45.000010541.0332   11.1606
    7.5000  -22.5000  -45.0000 9991.3604   11.1752
   -7.5000  -15.0000  -45.000010808.6533   11.1636
    0.0000  -15.0000  -45.000011165.0391   11.1586
    7.5000  -15.0000  -45.000010580.1689   11.1714
   -7.5000   -7.5000  -45.000011311.6797   11.1805
    0.0000   -7.5000  -45.000011665.0908   11.1684
    7.5000   -7.5000  -45.000011049.8760   11.1749
   -7.5000    0.0000  -45.000011649.7002   11.1984
    0.0000    0.0000  -45.000011999.0176   11.1796
    7.5000    0.0000  -45.000011403.6543   11.1804
   -7.5000    7.5000  -45.000011057.7715   11.1970
    0.0000    7.5000  -45.000011408.8105   11.1809
    7.5000    7.5000  -45.000010883.9316   11.1844
   -7.5000   15.0000  -45.000010408.2939   11.1797
    0.0000   15.0000  -45.000010774.9600   11.1717
    7.5000   15.0000  -45.000010256.1729   11.1826
   -7.5000   22.5000  -45.0000 9665.7695   11.1626
    0.0000   22.5000  -45.000010003.6270   11.1590
    7.5000   22.5000  -45.0000 9502.3027   11.1737
   -7.5000   30.0000  -45.0000 8869.4648   11.0148
    0.0000   30.0000  -45.0000 9150.2080   11.0099
    7.5000   30.0000  -45.0000 8670.3623   11.0225
   -7.5000   37.5000  -45.0000 8416.8408   11.0576
    0.0000   37.5000  -45.0000 8686.8096   11.0458
    7.5000   37.5000  -45.0000 8230.2451   11.0525
   -7.5000   45.0000  -45.0000 7741.5049   10.9052
    0.0000   45.0000  -45.0000 7993.9351   10.8873
    7.5000   45.0000  -45.0000 7575.7866   10.8882
   -7.5000  -45.0000  -37.5000 8903.9727   11.1386
    0.0000  -45.0000  -37.5000 9189.0449   11.1212
    7.5000  -45.0000  -37.5000 8710.2539   11.1225
   -7.5000  -37.5000  -37.5000 9365.3564   11.1346
    0.0000  -37.5000  -37.5000 9652.3457   11.1205
    7.5000  -37.5000  -37.5000 9148.6094   11.1255
   -7.5000  -30.0000  -37.500010111.6924   11.1138
    0.0000  -30.0000  -37.500010437.8643   11.1085
    7.5000  -30.0000  -37.5000 9880.0654   11.1210
   -7.5000  -22.5000  -37.500010831.0020   11.0967
    0.0000  -22.5000  -37.500011182.6611   11.0958
    7.5000  -22.5000  -37.500010600.3311   11.1110
   -7.5000  -15.0000  -37.500011479.0098   11.0979
    0.0000  -15.0000  -37.500011846.9473   11.0949
    7.5000  -15.0000  -37.500011219.8242   11.1070
   -7.5000   -7.5000  -37.500011974.2617   11.1188
    0.0000   -7.5000  -37.500012343.8740   11.1082
    7.5000   -7.5000  -37.500011690.1885   11.1139
   -7.5000    0.0000  -37.500012312.8096   11.1386
    0.0000    0.0000  -37.500012692.9424   11.1212
    7.5000    0.0000  -37.500012027.4873   11.1225
   -7.5000    7.5000  -37.500011728.2715   11.1346
    0.0000    7.5000  -37.500012116.6162   11.1205
    7.5000    7.5000  -37.500011502.9629   11.1255
   -7.5000   15.0000  -37.500011044.0459   11.1138
    0.0000   15.0000  -37.500011439.6084   11.1085
    7.5000   15.0000  -37.500010859.9219   11.1210
   -7.5000   22.5000  -37.500010240.1064   11.0952
    0.0000   22.5000  -37.500010594.1309   11.0943
    7.5000   22.5000  -37.500010065.4150   11.1095
   -7.5000   30.0000  -37.5000 9365.6699   10.9500
    0.0000   30.0000  -37.5000 9683.3799   10.9471
    7.5000   30.0000  -37.5000 9180.4297   10.9591
   -7.5000   37.5000  -37.5000 8873.2021   10.9975
    0.0000   37.5000  -37.5000 9160.0918   10.9871
    7.5000   37.5000  -37.5000 8673.1982   10.9929
   -7.5000   45.0000  -37.5000 8152.7783   10.8474
    0.0000   45.0000  -37.5000 8427.6523   10.8312
    7.5000   45.0000  -37.5000 7970.1792   10.8329
   -7.5000  -45.0000  -30.0000 9588.6289   11.5717
    0.0000  -45.0000  -30.0000 9904.5391   11.5564
    7.5000  -45.0000  -30.0000 9385.8398   11.5567
   -7.5000  -37.5000  -30.000010109.7578   11.5698
    0.0000  -37.5000  -30.000010417.5596   11.5587
    7.5000  -37.5000  -30.0000 9859.4453   11.5644
   -7.5000  -30.0000  -30.000010905.1035   11.5455
    0.0000  -30.0000  -30.000011255.5000   11.5438
    7.5000  -30.0000  -30.000010653.4395   11.5578
   -7.5000  -22.5000  -30.000011687.0234   11.5225
    0.0000  -22.5000  -30.000012064.9600   11.5246
    7.5000  -22.5000  -30.000011424.7266   11.5403
   -7.5000  -15.0000  -30.000012370.5225   11.5208
    0.0000  -15.0000  -30.000012761.7471   11.5198
    7.5000  -15.0000  -30.000012058.9307   11.5308
   -7.5000   -7.5000  -30.000012886.8164   11.5457
    0.0000   -7.5000  -30.000013282.1914   11.5367
    7.5000   -7.5000  -30.000012553.3467   11.5405
   -7.5000    0.0000  -30.000013253.8223   11.5717
    0.0000    0.0000  -30.000013669.0703   11.5564
    7.5000    0.0000  -30.000012919.0791   11.5567
   -7.5000    7.5000  -30.000012620.5117   11.5698
    0.0000    7.5000  -30.000013052.3398   11.5587
    7.5000    7.5000  -30.000012365.0420   11.5644
   -7.5000   15.0000  -30.000011892.6973   11.5455
    0.0000   15.0000  -30.000012327.6729   11.5438
    7.5000   15.0000  -30.000011687.3604   11.5578
   -7.5000   22.5000  -30.000011023.0469   11.5197
    0.0000   22.5000  -30.000011420.4746   11.5218
    7.5000   22.5000  -30.000010832.9014   11.5375
   -7.5000   30.0000  -30.000010055.9561   11.3684
    0.0000   30.0000  -30.000010409.5576   11.3674
    7.5000   30.0000  -30.0000 9877.0635   11.3783
   -7.5000   37.5000  -30.0000 9490.6182   11.4209
    0.0000   37.5000  -30.0000 9818.6406   11.4120
    7.5000   37.5000  -30.0000 9319.3916   11.4158
   -7.5000   45.0000  -30.0000 8701.6855   11.2788
    0.0000   45.0000  -30.0000 9002.4287   11.2644
    7.5000   45.0000  -30.0000 8523.9580   11.2657
   -7.5000  -45.0000  -22.500010303.0781   11.9604
    0.0000  -45.0000  -22.500010634.2334   11.9459
    7.5000  -45.0000  -22.500010068.8232   11.9438
   -7.5000  -37.5000  -22.500010851.0723   11.9668
    0.0000  -37.5000  -22.500011191.2832   11.9570
    7.5000  -37.5000  -22.500010579.3594   11.9609
   -7.5000  -30.0000  -22.500011728.4805   11.9447
    0.0000  -30.0000  -22.500012103.8770   11.9438
    7.5000  -30.0000  -22.500011445.1064   11.9569
   -7.5000  -22.5000  -22.500012543.8496   11.9154
    0.0000  -22.5000  -22.500012938.6982   11.9172
    7.5000  -22.5000  -22.500012253.4746   11.9321
   -7.5000  -15.0000  -22.500013256.6123   11.9056
    0.0000  -15.0000  -22.500013694.9639   11.9039
    7.5000  -15.0000  -22.500012932.2539   11.9136
   -7.5000   -7.5000  -22.500013825.2178   11.9284
    0.0000   -7.5000  -22.500014269.4775   11.9193
    7.5000   -7.5000  -22.500013461.0635   11.9212
   -7.5000    0.0000  -22.500014217.3311   11.9604
    0.0000    0.0000  -22.500014680.1689   11.9458
    7.5000    0.0000  -22.500013857.0840   11.9438
   -7.5000    7.5000  -22.500013526.3369   11.9668
    0.0000    7.5000  -22.500013984.9756   11.9570
    7.5000    7.5000  -22.500013240.1484   11.9609
   -7.5000   15.0000  -22.500012751.6904   11.9447
    0.0000   15.0000  -22.500013196.1123   11.9438
    7.5000   15.0000  -22.500012517.6924   11.9569
   -7.5000   22.5000  -22.500011816.8867   11.9118
    0.0000   22.5000  -22.500012232.7686   11.9135
    7.5000   22.5000  -22.500011601.4209   11.9284
   -7.5000   30.0000  -22.500010756.8350   11.7499
    0.0000   30.0000  -22.500011138.5547   11.7482
    7.5000   30.0000  -22.500010573.6689   11.7578
   -7.5000   37.5000  -22.500010132.7852   11.8003
    0.0000   37.5000  -22.500010498.0078   11.7912
    7.5000   37.5000  -22.5000 9967.1855   11.7931
   -7.5000   45.0000  -22.5000 9235.8750   11.6667
    0.0000   45.0000  -22.5000 9560.2607   11.6525
    7.5000   45.0000  -22.5000 9075.3516   11.6518
   -7.5000  -45.0000  -15.000010998.7617   12.2547
    0.0000  -45.0000  -15.000011350.4277   12.2388
    7.5000  -45.0000  -15.000010749.5771   12.2357
   -7.5000  -37.5000  -15.000011594.6162   12.2672
    0.0000  -37.5000  -15.000011953.9316   12.2555
    7.5000  -37.5000  -15.000011301.5557   12.2575
   -7.5000  -30.0000  -15.000012545.3594   12.2499
    0.0000  -30.0000  -15.000012950.6660   12.2464
    7.5000  -30.0000  -15.000012221.6484   12.2577
   -7.5000  -22.5000  -15.000013402.5283   12.2197
    0.0000  -22.5000  -15.000013830.0107   12.2188
    7.5000  -22.5000  -15.000013056.4580   12.2330
   -7.5000  -15.0000  -15.000014182.2803   12.2049
    0.0000  -15.0000  -15.000014643.9756   12.2009
    7.5000  -15.0000  -15.000013790.8438   12.2110
   -7.5000   -7.5000  -15.000014804.7354   12.2226
    0.0000   -7.5000  -15.000015260.5059   12.2118
    7.5000   -7.5000  -15.000014397.4814   12.2139
   -7.5000    0.0000  -15.000015199.2559   12.2547
    0.0000    0.0000  -15.000015680.0283   12.2388
    7.5000    0.0000  -15.000014791.6631   12.2357
   -7.5000    7.5000  -15.000014446.5693   12.2672
    0.0000    7.5000  -15.000014924.5898   12.2555
    7.5000    7.5000  -15.000014107.5938   12.2575
   -7.5000   15.0000  -15.000013579.1602   12.2499
    0.0000   15.0000  -15.000014039.4404   12.2464
    7.5000   15.0000  -15.000013289.8047   12.2577
   -7.5000   22.5000  -15.000012578.4688   12.2154
    0.0000   22.5000  -15.000013017.0752   12.2145
    7.5000   22.5000  -15.000012324.8359   12.2287
   -7.5000   30.0000  -15.000011452.6113   12.0470
    0.0000   30.0000  -15.000011862.1338   12.0430
    7.5000   30.0000  -15.000011226.9297   12.0530
   -7.5000   37.5000  -15.000010764.7832   12.0918
    0.0000   37.5000  -15.000011154.7432   12.0811
    7.5000   37.5000  -15.000010574.8145   12.0834
   -7.5000   45.0000  -15.0000 9788.7168   11.9600
    0.0000   45.0000  -15.000010136.1953   11.9441
    7.5000   45.0000  -15.0000 9603.3740   11.9420
   -7.5000  -45.0000   -7.500011738.5947   12.4169
    0.0000  -45.0000   -7.500012119.9824   12.3980
    7.5000  -45.0000   -7.500011476.7666   12.3964
   -7.5000  -37.5000   -7.500012394.5439   12.4260
    0.0000  -37.5000   -7.500012776.5156   12.4105
    7.5000  -37.5000   -7.500012057.1445   12.4126
   -7.5000  -30.0000   -7.500013399.5840   12.4108
    0.0000  -30.0000   -7.500013806.8145   12.4036
    7.5000  -30.0000   -7.500013010.8057   12.4145
   -7.5000  -22.5000   -7.500014325.2988   12.3866
    0.0000  -22.5000   -7.500014761.1357   12.3830
    7.5000  -22.5000   -7.500013892.1895   12.3978
   -7.5000  -15.0000   -7.500015124.4727   12.3759
    0.0000  -15.0000   -7.500015590.9580   12.3700
    7.5000  -15.0000   -7.500014669.2881   12.3821
   -7.5000   -7.5000   -7.500015806.0898   12.3910
    0.0000   -7.5000   -7.500016287.7617   12.3780
    7.5000   -7.5000   -7.500015332.5303   12.3826
   -7.5000    0.0000   -7.500016224.5898   12.4169
    0.0000    0.0000   -7.500016737.5234   12.3979
    7.5000    0.0000   -7.500015747.0078   12.3963
   -7.5000    7.5000   -7.500015417.9678   12.4260
    0.0000    7.5000   -7.500015931.7861   12.4105
    7.5000    7.5000   -7.500014987.2715   12.4126
   -7.5000   15.0000   -7.500014428.3105   12.4108
    0.0000   15.0000   -7.500014921.7578   12.4036
    7.5000   15.0000   -7.500014063.8750   12.4145
   -7.5000   22.5000   -7.500013382.5332   12.3809
    0.0000   22.5000   -7.500013862.1533   12.3773
    7.5000   22.5000   -7.500013081.2139   12.3921
   -7.5000   30.0000   -7.500012202.9512   12.2155
    0.0000   30.0000   -7.500012645.0703   12.2097
    7.5000   30.0000   -7.500011916.4180   12.2215
   -7.5000   37.5000   -7.500011472.9395   12.2580
    0.0000   37.5000   -7.500011876.3877   12.2453
    7.5000   37.5000   -7.500011210.2783   12.2501
   -7.5000   45.0000   -7.500010429.8652   12.1190
    0.0000   45.0000   -7.500010785.7295   12.1003
    7.5000   45.0000   -7.500010175.0400   12.0991
   -7.5000  -45.0000    0.000012438.2959   12.4542
    0.0000  -45.0000    0.000012834.1582   12.4334
    7.5000  -45.0000    0.000012109.0557   12.4342
   -7.5000  -37.5000    0.000013111.1357   12.4547
    0.0000  -37.5000    0.000013536.4014   12.4370
    7.5000  -37.5000    0.000012728.6553   12.4410
   -7.5000  -30.0000    0.000014191.8428   12.4367
    0.0000  -30.0000    0.000014650.2109   12.4281
    7.5000  -30.0000    0.000013765.4395   12.4403
   -7.5000  -22.5000    0.000015214.6201   12.4186
    0.0000  -22.5000    0.000015712.4717   12.4147
    7.5000  -22.5000    0.000014711.8076   12.4308
   -7.5000  -15.0000    0.000016042.1133   12.4161
    0.0000  -15.0000    0.000016544.3789   12.4104
    7.5000  -15.0000    0.000015508.7256   12.4242
   -7.5000   -7.5000    0.000016717.0156   12.4338
    0.0000   -7.5000    0.000017248.8145   12.4202
    7.5000   -7.5000    0.000016153.9209   12.4270
   -7.5000    0.0000    0.000017195.6152   12.4542
    0.0000    0.0000    0.000017746.3105   12.4334
    7.5000    0.0000    0.000016623.4004   12.4342
   -7.5000    7.5000    0.000016334.9238   12.4547
    0.0000    7.5000    0.000016849.8027   12.4370
    7.5000    7.5000    0.000015778.1631   12.4410
   -7.5000   15.0000    0.000015258.0186   12.4367
    0.0000   15.0000    0.000015777.7393   12.4281
    7.5000   15.0000    0.000014784.4902   12.4403
   -7.5000   22.5000    0.000014147.6416   12.4129
    0.0000   22.5000    0.000014652.3789   12.4089
    7.5000   22.5000    0.000013752.1914   12.4251
   -7.5000   30.0000    0.000012922.5928   12.2555
    0.0000   30.0000    0.000013380.9414   12.2499
    7.5000   30.0000    0.000012557.8721   12.2635
   -7.5000   37.5000    0.000012166.6904   12.3017
    0.0000   37.5000    0.000012579.4648   12.2884
    7.5000   37.5000    0.000011825.9258   12.2955
   -7.5000   45.0000    0.000011032.0596   12.1557
    0.0000   45.0000    0.000011390.6807   12.1358
    7.5000   45.0000    0.000010692.9854   12.1368
   -7.5000  -45.0000    7.500012160.2305   12.4453
    0.0000  -45.0000    7.500012547.9941   12.4261
    7.5000  -45.0000    7.500011786.6006   12.4278
   -7.5000  -37.5000    7.500012815.6084   12.4406
    0.0000  -37.5000    7.500013241.2031   12.4250
    7.5000  -37.5000    7.500012418.6445   12.4310
   -7.5000  -30.0000    7.500013970.1494   12.4172
    0.0000  -30.0000    7.500014447.5771   12.4115
    7.5000  -30.0000    7.500013496.3809   12.4257
   -7.5000  -22.5000    7.500015085.7344   12.3984
    0.0000  -22.5000    7.500015569.4961   12.3976
    7.5000  -22.5000    7.500014480.7666   12.4147
   -7.5000  -15.0000    7.500015981.8691   12.4001
    0.0000  -15.0000    7.500016491.7812   12.3969
    7.5000  -15.0000    7.500015308.5215   12.4105
   -7.5000   -7.5000    7.500016621.2031   12.4236
    0.0000   -7.5000    7.500017123.6445   12.4118
    7.5000   -7.5000    7.500015913.6865   12.4184
   -7.5000    0.0000    7.500017012.3184   12.4453
    0.0000    0.0000    7.500017530.5859   12.4260
    7.5000    0.0000    7.500016281.8896   12.4278
   -7.5000    7.5000    7.500016113.0225   12.4406
    0.0000    7.5000    7.500016567.5020   12.4250
    7.5000    7.5000    7.500015382.9219   12.4310
   -7.5000   15.0000    7.500015014.2246   12.4172
    0.0000   15.0000    7.500015478.2510   12.4115
    7.5000   15.0000    7.500014378.1924   12.4257
   -7.5000   22.5000    7.500013920.7959   12.3927
    0.0000   22.5000    7.500014370.8389   12.3919
    7.5000   22.5000    7.500013393.5752   12.4090
   -7.5000   30.0000    7.500012752.6689   12.2396
    0.0000   30.0000    7.500013165.2617   12.2365
    7.5000   30.0000    7.500012251.4189   12.2499
   -7.5000   37.5000    7.500011983.1680   12.2927
    0.0000   37.5000    7.500012364.2080   12.2813
    7.5000   37.5000    7.500011547.8760   12.2879
   -7.5000   45.0000    7.500010805.9912   12.1483
    0.0000   45.0000    7.500011153.3652   12.1303
    7.5000   45.0000    7.500010445.3652   12.1325
   -7.5000  -45.0000   15.000011715.0107   12.4260
    0.0000  -45.0000   15.000012113.1621   12.4096
    7.5000  -45.0000   15.000011379.4453   12.4099
   -7.5000  -37.5000   15.000012421.1719   12.4240
    0.0000  -37.5000   15.000012868.9902   12.4121
    7.5000  -37.5000   15.000012034.4033   12.4183
   -7.5000  -30.0000   15.000013716.9209   12.3979
    0.0000  -30.0000   15.000014173.1035   12.3961
    7.5000  -30.0000   15.000013102.6465   12.4112
   -7.5000  -22.5000   15.000014956.8027   12.3732
    0.0000  -22.5000   15.000015388.7900   12.3755
    7.5000  -22.5000   15.000014056.6875   12.3924
   -7.5000  -15.0000   15.000015963.4795   12.3714
    0.0000  -15.0000   15.000016360.0264   12.3703
    7.5000  -15.0000   15.000014896.0615   12.3821
   -7.5000   -7.5000   15.000016435.2969   12.3981
    0.0000   -7.5000   15.000016849.1484   12.3884
    7.5000   -7.5000   15.000015455.5850   12.3926
   -7.5000    0.0000   15.000016643.3008   12.4260
    0.0000    0.0000   15.000017078.4102   12.4096
    7.5000    0.0000   15.000015780.1074   12.4099
   -7.5000    7.5000   15.000015687.1143   12.4240
    0.0000    7.5000   15.000016077.1885   12.4121
    7.5000    7.5000   15.000014889.1523   12.4183
   -7.5000   15.0000   15.000014568.7070   12.3979
    0.0000   15.0000   15.000014968.0049   12.3961
    7.5000   15.0000   15.000013867.0820   12.4112
   -7.5000   22.5000   15.000013492.1621   12.3675
    0.0000   22.5000   15.000013869.7793   12.3697
    7.5000   22.5000   15.000012895.0254   12.3866
   -7.5000   30.0000   15.000012335.1416   12.2114
    0.0000   30.0000   15.000012673.0283   12.2103
    7.5000   30.0000   15.000011814.3398   12.2219
   -7.5000   37.5000   15.000011566.5918   12.2677
    0.0000   37.5000   15.000011905.2520   12.2582
    7.5000   37.5000   15.000011134.2090   12.2622
   -7.5000   45.0000   15.000010427.5986   12.1311
    0.0000   45.0000   15.000010731.4141   12.1156
    7.5000   45.0000   15.000010070.0859   12.1171
   -7.5000  -45.0000   22.500011278.8271   12.4158
    0.0000  -45.0000   22.500011632.7148   12.4008
    7.5000  -45.0000   22.500010858.4580   12.3986
   -7.5000  -37.5000   22.500012049.0586   12.4225
    0.0000  -37.5000   22.500012394.3809   12.4123
    7.5000  -37.5000   22.500011478.1982   12.4164
   -7.5000  -30.0000   22.500013263.6104   12.3996
    0.0000  -30.0000   22.500013575.4893   12.3986
    7.5000  -30.0000   22.500012470.2695   12.4122
   -7.5000  -22.5000   22.500014381.7432   12.3692
    0.0000  -22.5000   22.500014705.8232   12.3710
    7.5000  -22.5000   22.500013403.8193   12.3865
   -7.5000  -15.0000   22.500015226.5752   12.3589
    0.0000  -15.0000   22.500015564.6104   12.3572
    7.5000  -15.0000   22.500014216.7061   12.3673
   -7.5000   -7.5000   22.500015672.1299   12.3826
    0.0000   -7.5000   22.500016040.2705   12.3732
    7.5000   -7.5000   22.500014779.6738   12.3751
   -7.5000    0.0000   22.500015941.9873   12.4158
    0.0000    0.0000   22.500016330.7578   12.4007
    7.5000    0.0000   22.500015127.2197   12.3986
   -7.5000    7.5000   22.500015043.0850   12.4225
    0.0000    7.5000   22.500015413.9512   12.4123
    7.5000    7.5000   22.500014298.7578   12.4164
   -7.5000   15.0000   22.500013948.6748   12.3996
    0.0000   15.0000   22.500014311.3438   12.3986
    7.5000   15.0000   22.500013284.9375   12.4122
   -7.5000   22.5000   22.500012850.1914   12.3635
    0.0000   22.5000   22.500013198.5557   12.3653
    7.5000   22.5000   22.500012281.7461   12.3808
   -7.5000   30.0000   22.500011757.0088   12.1990
    0.0000   30.0000   22.500012079.3320   12.1973
    7.5000   30.0000   22.500011272.6504   12.2073
   -7.5000   37.5000   22.500011049.8301   12.2513
    0.0000   37.5000   22.500011370.4766   12.2419
    7.5000   37.5000   22.500010632.1973   12.2439
   -7.5000   45.0000   22.5000 9965.7412   12.1215
    0.0000   45.0000   22.500010259.1445   12.1068
    7.5000   45.0000   22.5000 9627.2959   12.1060
   -7.5000  -45.0000   30.000010624.3438   12.4236
    0.0000  -45.0000   30.000010934.5029   12.4074
    7.5000  -45.0000   30.000010207.6006   12.4043
   -7.5000  -37.5000   30.000011245.2363   12.4362
    0.0000  -37.5000   30.000011590.3311   12.4244
    7.5000  -37.5000   30.000010783.1230   12.4264
   -7.5000  -30.0000   30.000012256.4570   12.4186
    0.0000  -30.0000   30.000012636.4717   12.4151
    7.5000  -30.0000   30.000011732.3311   12.4266
   -7.5000  -22.5000   30.000013205.1855   12.3881
    0.0000  -22.5000   30.000013637.8955   12.3871
    7.5000  -22.5000   30.000012636.0586   12.4015
   -7.5000  -15.0000   30.000013912.0879   12.3730
    0.0000  -15.0000   30.000014380.0615   12.3690
    7.5000  -15.0000   30.000013403.7783   12.3792
   -7.5000   -7.5000   30.000014395.4463   12.3910
    0.0000   -7.5000   30.000014881.4355   12.3800
    7.5000   -7.5000   30.000013952.7637   12.3822
   -7.5000    0.0000   30.000014751.1133   12.4235
    0.0000    0.0000   30.000015233.4395   12.4074
    7.5000    0.0000   30.000014302.6943   12.4043
   -7.5000    7.5000   30.000014050.7793   12.4362
    0.0000    7.5000   30.000014483.7588   12.4244
    7.5000    7.5000   30.000013566.8096   12.4264
   -7.5000   15.0000   30.000013125.6094   12.4186
    0.0000   15.0000   30.000013494.8047   12.4151
    7.5000   15.0000   30.000012586.7207   12.4266
   -7.5000   22.5000   30.000012109.2832   12.3824
    0.0000   22.5000   30.000012446.7871   12.3814
    7.5000   22.5000   30.000011603.3750   12.3958
   -7.5000   30.0000   30.000011064.7979   12.2129
    0.0000   30.0000   30.000011366.6445   12.2089
    7.5000   30.0000   30.000010606.9033   12.2190
   -7.5000   37.5000   30.000010398.8613   12.2584
    0.0000   37.5000   30.000010696.6377   12.2475
    7.5000   37.5000   30.0000 9997.7510   12.2498
   -7.5000   45.0000   30.0000 9348.0244   12.1279
    0.0000   45.0000   30.0000 9627.6641   12.1118
    7.5000   45.0000   30.0000 9036.5732   12.1097
   -7.5000  -45.0000   37.500010166.6953   12.4679
    0.0000  -45.0000   37.500010474.8877   12.4489
    7.5000  -45.0000   37.5000 9847.6328   12.4473
   -7.5000  -37.5000   37.500010729.9785   12.4771
    0.0000  -37.5000   37.500011093.2891   12.4615
    7.5000  -37.5000   37.500010438.8408   12.4636
   -7.5000  -30.0000   37.500011669.4365   12.4617
    0.0000  -30.0000   37.500012067.9883   12.4545
    7.5000  -30.0000   37.500011346.2832   12.4655
   -7.5000  -22.5000   37.500012562.0127   12.4375
    0.0000  -22.5000   37.500012983.5977   12.4339
    7.5000  -22.5000   37.500012203.5400   12.4488
   -7.5000  -15.0000   37.500013266.3271   12.4267
    0.0000  -15.0000   37.500013691.3154   12.4208
    7.5000  -15.0000   37.500012943.2676   12.4330
   -7.5000   -7.5000   37.500013777.9336   12.4418
    0.0000   -7.5000   37.500014211.5898   12.4289
    7.5000   -7.5000   37.500013473.6514   12.4335
   -7.5000    0.0000   37.500014147.9365   12.4679
    0.0000    0.0000   37.500014591.0947   12.4489
    7.5000    0.0000   37.500013815.7256   12.4473
   -7.5000    7.5000   37.500013521.4004   12.4771
    0.0000    7.5000   37.500013934.3750   12.4615
    7.5000    7.5000   37.500013158.8574   12.4636
   -7.5000   15.0000   37.500012654.1709   12.4617
    0.0000   15.0000   37.500013006.0938   12.4545
    7.5000   15.0000   37.500012237.1143   12.4655
   -7.5000   22.5000   37.500011670.1465   12.4317
    0.0000   22.5000   37.500012000.0420   12.4281
    7.5000   22.5000   37.500011263.7705   12.4430
   -7.5000   30.0000   37.500010668.4971   12.2659
    0.0000   30.0000   37.500010965.0869   12.2601
    7.5000   30.0000   37.500010286.5156   12.2721
   -7.5000   37.5000   37.500010045.6494   12.3087
    0.0000   37.5000   37.500010347.9463   12.2960
    7.5000   37.5000   37.5000 9702.8701   12.3009
   -7.5000   45.0000   37.5000 9028.4707   12.1700
    0.0000   45.0000   37.5000 9300.1348   12.1512
    7.5000   45.0000   37.5000 8746.8291   12.1501
   -7.5000  -45.0000   45.0000 9313.4912   12.6006
    0.0000  -45.0000   45.0000 9610.8652   12.5791
    7.5000  -45.0000   45.0000 9067.8379   12.5799
   -7.5000  -37.5000   45.0000 9830.7363   12.6007
    0.0000  -37.5000   45.000010167.6836   12.5825
    7.5000  -37.5000   45.0000 9617.1396   12.5864
   -7.5000  -30.0000   45.000010682.2988   12.5802
    0.0000  -30.0000   45.000011047.9434   12.5716
    7.5000  -30.0000   45.000010439.0234   12.5842
   -7.5000  -22.5000   45.000011505.1367   12.5600
    0.0000  -22.5000   45.000011885.0283   12.5565
    7.5000  -22.5000   45.000011227.2705   12.5732
   -7.5000  -15.0000   45.000012153.5020   12.5578
    0.0000  -15.0000   45.000012541.3281   12.5523
    7.5000  -15.0000   45.000011880.4150   12.5668
   -7.5000   -7.5000   45.000012654.5000   12.5780
    0.0000   -7.5000   45.000013052.4873   12.5640
    7.5000   -7.5000   45.000012381.9033   12.5712
   -7.5000    0.0000   45.000013013.7275   12.6006
    0.0000    0.0000   45.000013419.4805   12.5791
    7.5000    0.0000   45.000012726.6631   12.5798
   -7.5000    7.5000   45.000012453.3994   12.6007
    0.0000    7.5000   45.000012829.8379   12.5825
    7.5000    7.5000   45.000012136.8770   12.5864
   -7.5000   15.0000   45.000011670.6660   12.5802
    0.0000   15.0000   45.000011999.8691   12.5716
    7.5000   15.0000   45.000011313.6475   12.5842
   -7.5000   22.5000   45.000010770.3330   12.5542
    0.0000   22.5000   45.000011075.0361   12.5506
    7.5000   22.5000   45.000010426.1211   12.5674
   -7.5000   30.0000   45.0000 9845.8057   12.3943
    0.0000   30.0000   45.000010123.7100   12.3889
    7.5000   30.0000   45.0000 9531.3857   12.4031
   -7.5000   37.5000   45.0000 9278.6094   12.4438
    0.0000   37.5000   45.0000 9576.6309   12.4302
    7.5000   37.5000   45.0000 9017.7012   12.4376
   -7.5000   45.0000   45.0000 8352.9033   12.3071
    0.0000   45.0000   45.0000 8620.1758   12.2865
    7.5000   45.0000   45.0000 8133.5015   12.2874

---------------------------------------------------------------------
imgreg_4dfp /opt/freesurfer/average/711-2C_as_mni_average_305 /opt/freesurfer/average/711-2B_as_mni_average_305_mask talsrcimg_g11 none talsrcimg_to_711-2C_as_mni_average_305_t4 4355
---------------------------------------------------------------------

freesurfer imgreg_4dfp.c
/opt/freesurfer/average/711-2C_as_mni_average_305.4dfp.img
       256       256       256         1
  1.000000  1.000000  1.000000
orientation T byte_order littleendian
Reading image: /opt/freesurfer/average/711-2C_as_mni_average_305.4dfp.img
dimensions:      256       256       256
mmppix:       1.0000   -1.0000   -1.0000
center:     128.0000 -129.0000 -129.0000
/opt/freesurfer/average/711-2B_as_mni_average_305_mask.4dfp.img
       256       256       256         1
  1.000000  1.000000  1.000000
orientation T byte_order littleendian
Reading mask: /opt/freesurfer/average/711-2B_as_mni_average_305_mask.4dfp.img (2306576 pixels)
talsrcimg_g11.4dfp.img
       256       256       256         1
  1.000000  1.000000  1.000000
orientation T byte_order littleendian
Reading image: talsrcimg_g11.4dfp.img
dimensions:      256       256       256
mmppix:       1.0000   -1.0000   -1.0000
center:     128.0000 -129.0000 -129.0000
rotation matrix determinant  1.000000
image alignment mode   4355 decimal     1103 hex
   -7.5000  -45.0000  -45.0000 2185.4871   12.2440
    0.0000  -45.0000  -45.0000 2173.7896   12.3022
    7.5000  -45.0000  -45.0000 2149.2742   12.4871
   -7.5000  -37.5000  -45.0000 2220.3774   11.6807
    0.0000  -37.5000  -45.0000 2212.8877   11.7036
    7.5000  -37.5000  -45.0000 2188.1208   11.8963
   -7.5000  -30.0000  -45.0000 2247.0349   11.2921
    0.0000  -30.0000  -45.0000 2240.7732   11.3110
    7.5000  -30.0000  -45.0000 2207.1426   11.5121
   -7.5000  -22.5000  -45.0000 2261.3396   11.1359
    0.0000  -22.5000  -45.0000 2253.2087   11.1228
    7.5000  -22.5000  -45.0000 2221.3152   11.3160
   -7.5000  -15.0000  -45.0000 2266.8582   11.0204
    0.0000  -15.0000  -45.0000 2260.1931   11.0123
    7.5000  -15.0000  -45.0000 2227.7700   11.2193
   -7.5000   -7.5000  -45.0000 2265.6069   11.1242
    0.0000   -7.5000  -45.0000 2258.1323   11.1202
    7.5000   -7.5000  -45.0000 2224.4539   11.3446
   -7.5000    0.0000  -45.0000 2240.7681   11.4159
    0.0000    0.0000  -45.0000 2231.8164   11.4255
    7.5000    0.0000  -45.0000 2203.4490   11.6646
   -7.5000    7.5000  -45.0000 2196.0359   11.9517
    0.0000    7.5000  -45.0000 2190.8767   11.9258
    7.5000    7.5000  -45.0000 2163.6057   12.1555
   -7.5000   15.0000  -45.0000 2137.7671   12.5952
    0.0000   15.0000  -45.0000 2135.7957   12.5804
    7.5000   15.0000  -45.0000 2103.6228   12.8816
   -7.5000   22.5000  -45.0000 2062.1646   13.5344
    0.0000   22.5000  -45.0000 2060.1746   13.5444
    7.5000   22.5000  -45.0000 2026.3057   13.8966
   -7.5000   30.0000  -45.0000 1970.3965   14.8539
    0.0000   30.0000  -45.0000 1963.9608   14.8606
    7.5000   30.0000  -45.0000 1931.1293   15.2598
   -7.5000   37.5000  -45.0000 1861.3606   16.7145
    0.0000   37.5000  -45.0000 1856.7800   16.7167
    7.5000   37.5000  -45.0000 1829.7115   17.1026
   -7.5000   45.0000  -45.0000 1747.1176   19.1812
    0.0000   45.0000  -45.0000 1750.9609   19.1242
    7.5000   45.0000  -45.0000 1727.6305   19.4876
   -7.5000  -45.0000  -37.5000 2279.2317   11.3670
    0.0000  -45.0000  -37.5000 2267.0544   11.4278
    7.5000  -45.0000  -37.5000 2239.9583   11.5778
   -7.5000  -37.5000  -37.5000 2319.4907   10.7967
    0.0000  -37.5000  -37.5000 2309.3406   10.8190
    7.5000  -37.5000  -37.5000 2281.6426   11.0016
   -7.5000  -30.0000  -37.5000 2346.2456   10.4052
    0.0000  -30.0000  -37.5000 2339.4382   10.4176
    7.5000  -30.0000  -37.5000 2304.0813   10.5943
   -7.5000  -22.5000  -37.5000 2363.0620   10.2135
    0.0000  -22.5000  -37.5000 2356.3315   10.2101
    7.5000  -22.5000  -37.5000 2323.6790   10.3861
   -7.5000  -15.0000  -37.5000 2372.9241   10.0993
    0.0000  -15.0000  -37.5000 2370.1245   10.0894
    7.5000  -15.0000  -37.5000 2337.2354   10.2849
   -7.5000   -7.5000  -37.5000 2373.6167   10.2018
    0.0000   -7.5000  -37.5000 2369.8848   10.1935
    7.5000   -7.5000  -37.5000 2338.2200   10.4017
   -7.5000    0.0000  -37.5000 2351.5239   10.4836
    0.0000    0.0000  -37.5000 2349.4392   10.4593
    7.5000    0.0000  -37.5000 2316.5466   10.6751
   -7.5000    7.5000  -37.5000 2307.0405   10.9372
    0.0000    7.5000  -37.5000 2306.9385   10.9130
    7.5000    7.5000  -37.5000 2273.1333   11.1258
   -7.5000   15.0000  -37.5000 2246.9382   11.4997
    0.0000   15.0000  -37.5000 2246.3105   11.4926
    7.5000   15.0000  -37.5000 2209.4304   11.7564
   -7.5000   22.5000  -37.5000 2165.2878   12.3218
    0.0000   22.5000  -37.5000 2161.3733   12.3238
    7.5000   22.5000  -37.5000 2127.9878   12.6354
   -7.5000   30.0000  -37.5000 2065.4600   13.5248
    0.0000   30.0000  -37.5000 2060.3430   13.5072
    7.5000   30.0000  -37.5000 2026.7910   13.8546
   -7.5000   37.5000  -37.5000 1951.7506   15.2169
    0.0000   37.5000  -37.5000 1947.7858   15.1769
    7.5000   37.5000  -37.5000 1915.5043   15.5212
   -7.5000   45.0000  -37.5000 1826.1333   17.4033
    0.0000   45.0000  -37.5000 1831.7877   17.3421
    7.5000   45.0000  -37.5000 1802.3887   17.7022
   -7.5000  -45.0000  -30.0000 2407.4939   10.9802
    0.0000  -45.0000  -30.0000 2401.6218   11.0216
    7.5000  -45.0000  -30.0000 2368.3870   11.1697
   -7.5000  -37.5000  -30.0000 2461.9502   10.3591
    0.0000  -37.5000  -30.0000 2454.4036   10.3915
    7.5000  -37.5000  -30.0000 2421.8105   10.5332
   -7.5000  -30.0000  -30.0000 2488.2434    9.9568
    0.0000  -30.0000  -30.0000 2482.3472    9.9641
    7.5000  -30.0000  -30.0000 2452.5168   10.1238
   -7.5000  -22.5000  -30.0000 2510.4824    9.7155
    0.0000  -22.5000  -30.0000 2508.2803    9.7253
    7.5000  -22.5000  -30.0000 2472.7190    9.8857
   -7.5000  -15.0000  -30.0000 2520.8416    9.6211
    0.0000  -15.0000  -30.0000 2518.6477    9.6335
    7.5000  -15.0000  -30.0000 2480.3235    9.8130
   -7.5000   -7.5000  -30.0000 2524.1033    9.7308
    0.0000   -7.5000  -30.0000 2521.2627    9.7245
    7.5000   -7.5000  -30.0000 2482.7249    9.9151
   -7.5000    0.0000  -30.0000 2507.4211    9.9945
    0.0000    0.0000  -30.0000 2503.9268    9.9903
    7.5000    0.0000  -30.0000 2464.0603   10.1701
   -7.5000    7.5000  -30.0000 2461.5068   10.4024
    0.0000    7.5000  -30.0000 2461.8728   10.3904
    7.5000    7.5000  -30.0000 2424.5469   10.5796
   -7.5000   15.0000  -30.0000 2395.1216   10.9182
    0.0000   15.0000  -30.0000 2394.9468   10.9139
    7.5000   15.0000  -30.0000 2356.0742   11.1358
   -7.5000   22.5000  -30.0000 2308.9421   11.6528
    0.0000   22.5000  -30.0000 2308.4480   11.6657
    7.5000   22.5000  -30.0000 2267.2200   11.9099
   -7.5000   30.0000  -30.0000 2197.7668   12.7979
    0.0000   30.0000  -30.0000 2197.7520   12.7818
    7.5000   30.0000  -30.0000 2160.4875   13.0425
   -7.5000   37.5000  -30.0000 2076.2947   14.3633
    0.0000   37.5000  -30.0000 2074.3645   14.3323
    7.5000   37.5000  -30.0000 2038.8320   14.6090
   -7.5000   45.0000  -30.0000 1946.4023   16.4053
    0.0000   45.0000  -30.0000 1950.1653   16.3887
    7.5000   45.0000  -30.0000 1915.4813   16.6698
   -7.5000  -45.0000  -22.5000 2499.7681   10.5451
    0.0000  -45.0000  -22.5000 2493.1011   10.5763
    7.5000  -45.0000  -22.5000 2463.8684   10.7210
   -7.5000  -37.5000  -22.5000 2569.5933    9.8936
    0.0000  -37.5000  -22.5000 2562.2593    9.9012
    7.5000  -37.5000  -22.5000 2532.3594   10.0234
   -7.5000  -30.0000  -22.5000 2603.4697    9.4754
    0.0000  -30.0000  -22.5000 2600.2932    9.4826
    7.5000  -30.0000  -22.5000 2567.3306    9.6010
   -7.5000  -22.5000  -22.5000 2634.2158    9.2039
    0.0000  -22.5000  -22.5000 2628.3267    9.1938
    7.5000  -22.5000  -22.5000 2596.7051    9.3304
   -7.5000  -15.0000  -22.5000 2644.6553    9.1274
    0.0000  -15.0000  -22.5000 2640.7551    9.1367
    7.5000  -15.0000  -22.5000 2605.4658    9.2855
   -7.5000   -7.5000  -22.5000 2648.5051    9.2161
    0.0000   -7.5000  -22.5000 2642.8462    9.2224
    7.5000   -7.5000  -22.5000 2605.6516    9.3890
   -7.5000    0.0000  -22.5000 2634.3083    9.4774
    0.0000    0.0000  -22.5000 2631.6074    9.4812
    7.5000    0.0000  -22.5000 2590.0618    9.6456
   -7.5000    7.5000  -22.5000 2589.0696    9.8532
    0.0000    7.5000  -22.5000 2589.3267    9.8327
    7.5000    7.5000  -22.5000 2548.9182   10.0185
   -7.5000   15.0000  -22.5000 2522.8921   10.3055
    0.0000   15.0000  -22.5000 2519.7947   10.3055
    7.5000   15.0000  -22.5000 2477.9148   10.5293
   -7.5000   22.5000  -22.5000 2430.2583   10.9922
    0.0000   22.5000  -22.5000 2429.0508   10.9875
    7.5000   22.5000  -22.5000 2384.6238   11.2340
   -7.5000   30.0000  -22.5000 2311.9856   12.0344
    0.0000   30.0000  -22.5000 2309.7554   12.0366
    7.5000   30.0000  -22.5000 2272.7500   12.2838
   -7.5000   37.5000  -22.5000 2180.0999   13.4909
    0.0000   37.5000  -22.5000 2178.3247   13.4612
    7.5000   37.5000  -22.5000 2143.9624   13.7400
   -7.5000   45.0000  -22.5000 2037.3237   15.4247
    0.0000   45.0000  -22.5000 2040.1865   15.3756
    7.5000   45.0000  -22.5000 2009.7806   15.6482
   -7.5000  -45.0000  -15.0000 2555.0667   10.1251
    0.0000  -45.0000  -15.0000 2548.4089   10.1551
    7.5000  -45.0000  -15.0000 2523.6804   10.2963
   -7.5000  -37.5000  -15.0000 2638.1577    9.4372
    0.0000  -37.5000  -15.0000 2630.3645    9.4515
    7.5000  -37.5000  -15.0000 2601.5754    9.5834
   -7.5000  -30.0000  -15.0000 2685.9573    9.0092
    0.0000  -30.0000  -15.0000 2683.0081    9.0001
    7.5000  -30.0000  -15.0000 2649.6157    9.1013
   -7.5000  -22.5000  -15.0000 2720.6284    8.7138
    0.0000  -22.5000  -15.0000 2717.6956    8.6904
    7.5000  -22.5000  -15.0000 2684.1445    8.8242
   -7.5000  -15.0000  -15.0000 2743.9763    8.6235
    0.0000  -15.0000  -15.0000 2738.8013    8.6283
    7.5000  -15.0000  -15.0000 2694.8203    8.7721
   -7.5000   -7.5000  -15.0000 2751.9880    8.7243
    0.0000   -7.5000  -15.0000 2743.4907    8.7283
    7.5000   -7.5000  -15.0000 2702.1294    8.8879
   -7.5000    0.0000  -15.0000 2740.4802    8.9922
    0.0000    0.0000  -15.0000 2734.0393    8.9855
    7.5000    0.0000  -15.0000 2688.6235    9.1371
   -7.5000    7.5000  -15.0000 2693.5371    9.3339
    0.0000    7.5000  -15.0000 2690.4226    9.3153
    7.5000    7.5000  -15.0000 2647.8262    9.4716
   -7.5000   15.0000  -15.0000 2622.2725    9.7503
    0.0000   15.0000  -15.0000 2619.6929    9.7441
    7.5000   15.0000  -15.0000 2577.3542    9.9389
   -7.5000   22.5000  -15.0000 2526.0581   10.3843
    0.0000   22.5000  -15.0000 2523.2102   10.3869
    7.5000   22.5000  -15.0000 2480.3960   10.6162
   -7.5000   30.0000  -15.0000 2399.1365   11.3800
    0.0000   30.0000  -15.0000 2397.7935   11.3552
    7.5000   30.0000  -15.0000 2358.8674   11.5978
   -7.5000   37.5000  -15.0000 2259.2493   12.7353
    0.0000   37.5000  -15.0000 2257.7571   12.6851
    7.5000   37.5000  -15.0000 2224.2483   12.9375
   -7.5000   45.0000  -15.0000 2109.6367   14.4940
    0.0000   45.0000  -15.0000 2109.3201   14.4545
    7.5000   45.0000  -15.0000 2075.3938   14.7330
   -7.5000  -45.0000   -7.5000 2595.9800    9.7572
    0.0000  -45.0000   -7.5000 2590.4248    9.7730
    7.5000  -45.0000   -7.5000 2561.4368    9.9655
   -7.5000  -37.5000   -7.5000 2685.6277    9.0872
    0.0000  -37.5000   -7.5000 2677.6934    9.0813
    7.5000  -37.5000   -7.5000 2642.8875    9.2418
   -7.5000  -30.0000   -7.5000 2749.4309    8.5725
    0.0000  -30.0000   -7.5000 2739.8198    8.5633
    7.5000  -30.0000   -7.5000 2701.1956    8.6934
   -7.5000  -22.5000   -7.5000 2792.0598    8.2519
    0.0000  -22.5000   -7.5000 2785.2385    8.2407
    7.5000  -22.5000   -7.5000 2746.1384    8.4010
   -7.5000  -15.0000   -7.5000 2818.1870    8.1411
    0.0000  -15.0000   -7.5000 2812.8911    8.1501
    7.5000  -15.0000   -7.5000 2767.2754    8.3090
   -7.5000   -7.5000   -7.5000 2839.0532    8.2521
    0.0000   -7.5000   -7.5000 2829.9731    8.2609
    7.5000   -7.5000   -7.5000 2783.7373    8.4160
   -7.5000    0.0000   -7.5000 2828.0449    8.5306
    0.0000    0.0000   -7.5000 2819.1101    8.5238
    7.5000    0.0000   -7.5000 2769.1333    8.6551
   -7.5000    7.5000   -7.5000 2778.8645    8.8461
    0.0000    7.5000   -7.5000 2775.0906    8.8349
    7.5000    7.5000   -7.5000 2725.8530    8.9797
   -7.5000   15.0000   -7.5000 2704.3184    9.2391
    0.0000   15.0000   -7.5000 2702.9373    9.2440
    7.5000   15.0000   -7.5000 2653.9224    9.4292
   -7.5000   22.5000   -7.5000 2605.3801    9.8289
    0.0000   22.5000   -7.5000 2604.5659    9.8500
    7.5000   22.5000   -7.5000 2556.2734   10.0779
   -7.5000   30.0000   -7.5000 2472.8733   10.7830
    0.0000   30.0000   -7.5000 2471.7141   10.7818
    7.5000   30.0000   -7.5000 2425.1462   11.0144
   -7.5000   37.5000   -7.5000 2320.3076   12.0677
    0.0000   37.5000   -7.5000 2321.1509   12.0490
    7.5000   37.5000   -7.5000 2280.4419   12.2857
   -7.5000   45.0000   -7.5000 2167.1057   13.7282
    0.0000   45.0000   -7.5000 2166.5769   13.6971
    7.5000   45.0000   -7.5000 2131.6421   13.9545
   -7.5000  -45.0000    0.0000 2616.8638    9.5229
    0.0000  -45.0000    0.0000 2611.4670    9.5371
    7.5000  -45.0000    0.0000 2574.4370    9.7573
   -7.5000  -37.5000    0.0000 2709.6621    8.8367
    0.0000  -37.5000    0.0000 2700.0349    8.8358
    7.5000  -37.5000    0.0000 2660.6301    9.0022
   -7.5000  -30.0000    0.0000 2783.3152    8.2714
    0.0000  -30.0000    0.0000 2778.0371    8.2786
    7.5000  -30.0000    0.0000 2737.8987    8.4421
   -7.5000  -22.5000    0.0000 2839.9375    7.9407
    0.0000  -22.5000    0.0000 2833.2610    7.9459
    7.5000  -22.5000    0.0000 2790.1919    8.1222
   -7.5000  -15.0000    0.0000 2879.7524    7.8044
    0.0000  -15.0000    0.0000 2874.2961    7.8243
    7.5000  -15.0000    0.0000 2823.4009    8.0119
   -7.5000   -7.5000    0.0000 2904.1213    7.8847
    0.0000   -7.5000    0.0000 2896.4202    7.9004
    7.5000   -7.5000    0.0000 2836.7842    8.0912
   -7.5000    0.0000    0.0000 2895.0664    8.1327
    0.0000    0.0000    0.0000 2886.7834    8.1478
    7.5000    0.0000    0.0000 2828.0151    8.3025
   -7.5000    7.5000    0.0000 2848.9819    8.4505
    0.0000    7.5000    0.0000 2841.1008    8.4571
    7.5000    7.5000    0.0000 2786.7720    8.6218
   -7.5000   15.0000    0.0000 2768.8323    8.8274
    0.0000   15.0000    0.0000 2766.5371    8.8506
    7.5000   15.0000    0.0000 2713.8015    9.0618
   -7.5000   22.5000    0.0000 2665.7556    9.4064
    0.0000   22.5000    0.0000 2660.9993    9.4418
    7.5000   22.5000    0.0000 2611.5447    9.6946
   -7.5000   30.0000    0.0000 2528.1108   10.3448
    0.0000   30.0000    0.0000 2523.9880   10.3607
    7.5000   30.0000    0.0000 2476.1543   10.6208
   -7.5000   37.5000    0.0000 2374.6826   11.5975
    0.0000   37.5000    0.0000 2374.7383   11.6005
    7.5000   37.5000    0.0000 2329.3062   11.8451
   -7.5000   45.0000    0.0000 2213.4622   13.1527
    0.0000   45.0000    0.0000 2214.0779   13.1482
    7.5000   45.0000    0.0000 2170.4961   13.4024
   -7.5000  -45.0000    7.5000 2610.1619    9.4211
    0.0000  -45.0000    7.5000 2605.6787    9.4365
    7.5000  -45.0000    7.5000 2567.1316    9.6274
   -7.5000  -37.5000    7.5000 2706.9167    8.7067
    0.0000  -37.5000    7.5000 2701.9858    8.7069
    7.5000  -37.5000    7.5000 2665.9421    8.8774
   -7.5000  -30.0000    7.5000 2796.0615    8.1678
    0.0000  -30.0000    7.5000 2797.3967    8.1621
    7.5000  -30.0000    7.5000 2755.8860    8.3215
   -7.5000  -22.5000    7.5000 2870.0085    7.8202
    0.0000  -22.5000    7.5000 2863.7837    7.8271
    7.5000  -22.5000    7.5000 2819.9241    7.9894
   -7.5000  -15.0000    7.5000 2929.2222    7.6716
    0.0000  -15.0000    7.5000 2922.8660    7.6947
    7.5000  -15.0000    7.5000 2867.8557    7.8442
   -7.5000   -7.5000    7.5000 2958.1785    7.6857
    0.0000   -7.5000    7.5000 2950.5991    7.7113
    7.5000   -7.5000    7.5000 2885.3413    7.8935
   -7.5000    0.0000    7.5000 2938.8269    7.8897
    0.0000    0.0000    7.5000 2938.8330    7.8834
    7.5000    0.0000    7.5000 2869.9124    8.0791
   -7.5000    7.5000    7.5000 2892.7759    8.1988
    0.0000    7.5000    7.5000 2889.8411    8.1956
    7.5000    7.5000    7.5000 2823.4292    8.3838
   -7.5000   15.0000    7.5000 2808.6506    8.6157
    0.0000   15.0000    7.5000 2811.3147    8.6162
    7.5000   15.0000    7.5000 2749.6458    8.8219
   -7.5000   22.5000    7.5000 2702.8123    9.2172
    0.0000   22.5000    7.5000 2703.0242    9.2254
    7.5000   22.5000    7.5000 2648.7236    9.4656
   -7.5000   30.0000    7.5000 2565.7957   10.1154
    0.0000   30.0000    7.5000 2566.2727   10.1233
    7.5000   30.0000    7.5000 2515.0996   10.3691
   -7.5000   37.5000    7.5000 2410.0459   11.3383
    0.0000   37.5000    7.5000 2412.9114   11.3308
    7.5000   37.5000    7.5000 2365.9216   11.5736
   -7.5000   45.0000    7.5000 2241.8188   12.8221
    0.0000   45.0000    7.5000 2243.6721   12.8058
    7.5000   45.0000    7.5000 2202.1003   13.0798
   -7.5000  -45.0000   15.0000 2571.3464    9.4545
    0.0000  -45.0000   15.0000 2567.7146    9.4932
    7.5000  -45.0000   15.0000 2542.8694    9.6880
   -7.5000  -37.5000   15.0000 2678.9634    8.7468
    0.0000  -37.5000   15.0000 2679.2622    8.7776
    7.5000  -37.5000   15.0000 2653.8184    8.9347
   -7.5000  -30.0000   15.0000 2783.9277    8.2600
    0.0000  -30.0000   15.0000 2784.9048    8.2579
    7.5000  -30.0000   15.0000 2748.5027    8.3753
   -7.5000  -22.5000   15.0000 2878.8674    7.9140
    0.0000  -22.5000   15.0000 2873.8953    7.8935
    7.5000  -22.5000   15.0000 2826.0925    7.9862
   -7.5000  -15.0000   15.0000 2945.6936    7.7422
    0.0000  -15.0000   15.0000 2940.3665    7.7114
    7.5000  -15.0000   15.0000 2882.2749    7.8197
   -7.5000   -7.5000   15.0000 2980.6396    7.6835
    0.0000   -7.5000   15.0000 2979.5747    7.6579
    7.5000   -7.5000   15.0000 2909.3792    7.8040
   -7.5000    0.0000   15.0000 2959.3633    7.7794
    0.0000    0.0000   15.0000 2960.9141    7.7578
    7.5000    0.0000   15.0000 2894.1575    7.9656
   -7.5000    7.5000   15.0000 2907.9976    8.0673
    0.0000    7.5000   15.0000 2903.9060    8.0497
    7.5000    7.5000   15.0000 2840.3789    8.2881
   -7.5000   15.0000   15.0000 2813.8665    8.5380
    0.0000   15.0000   15.0000 2817.6472    8.5281
    7.5000   15.0000   15.0000 2761.3765    8.7466
   -7.5000   22.5000   15.0000 2708.4492    9.1814
    0.0000   22.5000   15.0000 2709.9355    9.1714
    7.5000   22.5000   15.0000 2657.7234    9.4061
   -7.5000   30.0000   15.0000 2573.1104   10.0621
    0.0000   30.0000   15.0000 2572.0149   10.0478
    7.5000   30.0000   15.0000 2528.1357   10.2703
   -7.5000   37.5000   15.0000 2419.3718   11.2467
    0.0000   37.5000   15.0000 2419.8008   11.2121
    7.5000   37.5000   15.0000 2378.4778   11.4424
   -7.5000   45.0000   15.0000 2250.3030   12.7043
    0.0000   45.0000   15.0000 2247.4863   12.6588
    7.5000   45.0000   15.0000 2213.1055   12.9115
   -7.5000  -45.0000   22.5000 2528.0283    9.7457
    0.0000  -45.0000   22.5000 2523.3728    9.7913
    7.5000  -45.0000   22.5000 2502.7175    9.9465
   -7.5000  -37.5000   22.5000 2643.7944    9.0247
    0.0000  -37.5000   22.5000 2636.3403    9.0537
    7.5000  -37.5000   22.5000 2611.8083    9.1685
   -7.5000  -30.0000   22.5000 2748.4763    8.5183
    0.0000  -30.0000   22.5000 2744.0889    8.5032
    7.5000  -30.0000   22.5000 2709.3000    8.5640
   -7.5000  -22.5000   22.5000 2854.7219    8.1047
    0.0000  -22.5000   22.5000 2850.0400    8.0697
    7.5000  -22.5000   22.5000 2804.7371    8.1454
   -7.5000  -15.0000   22.5000 2928.9026    7.8709
    0.0000  -15.0000   22.5000 2924.8174    7.8543
    7.5000  -15.0000   22.5000 2867.6782    7.9552
   -7.5000   -7.5000   22.5000 2970.3594    7.7444
    0.0000   -7.5000   22.5000 2964.9746    7.7300
    7.5000   -7.5000   22.5000 2900.0576    7.8944
   -7.5000    0.0000   22.5000 2948.5901    7.8621
    0.0000    0.0000   22.5000 2945.3442    7.8378
    7.5000    0.0000   22.5000 2884.3989    8.0504
   -7.5000    7.5000   22.5000 2893.4346    8.1663
    0.0000    7.5000   22.5000 2887.9856    8.1578
    7.5000    7.5000   22.5000 2832.5330    8.3667
   -7.5000   15.0000   22.5000 2796.8047    8.6235
    0.0000   15.0000   22.5000 2800.7983    8.6143
    7.5000   15.0000   22.5000 2751.1226    8.8412
   -7.5000   22.5000   22.5000 2681.5647    9.2433
    0.0000   22.5000   22.5000 2685.0791    9.2428
    7.5000   22.5000   22.5000 2640.9690    9.4940
   -7.5000   30.0000   22.5000 2552.9353   10.0980
    0.0000   30.0000   22.5000 2553.4700   10.1043
    7.5000   30.0000   22.5000 2516.2979   10.3398
   -7.5000   37.5000   22.5000 2407.7502   11.2637
    0.0000   37.5000   22.5000 2403.1931   11.2377
    7.5000   37.5000   22.5000 2366.7188   11.4622
   -7.5000   45.0000   22.5000 2239.7131   12.7031
    0.0000   45.0000   22.5000 2234.6299   12.6618
    7.5000   45.0000   22.5000 2205.8735   12.8932
   -7.5000  -45.0000   30.0000 2475.3291   10.1612
    0.0000  -45.0000   30.0000 2469.2314   10.2110
    7.5000  -45.0000   30.0000 2446.5312   10.3973
   -7.5000  -37.5000   30.0000 2586.7463    9.3868
    0.0000  -37.5000   30.0000 2585.5437    9.4106
    7.5000  -37.5000   30.0000 2556.8530    9.5567
   -7.5000  -30.0000   30.0000 2693.8909    8.7786
    0.0000  -30.0000   30.0000 2693.6267    8.7819
    7.5000  -30.0000   30.0000 2658.5986    8.9130
   -7.5000  -22.5000   30.0000 2803.9968    8.3111
    0.0000  -22.5000   30.0000 2798.3259    8.3197
    7.5000  -22.5000   30.0000 2755.3354    8.4796
   -7.5000  -15.0000   30.0000 2876.1482    8.0327
    0.0000  -15.0000   30.0000 2874.3809    8.0545
    7.5000  -15.0000   30.0000 2823.4939    8.2310
   -7.5000   -7.5000   30.0000 2917.7393    7.9268
    0.0000   -7.5000   30.0000 2914.0854    7.9357
    7.5000   -7.5000   30.0000 2860.2043    8.1809
   -7.5000    0.0000   30.0000 2891.4404    8.1037
    0.0000    0.0000   30.0000 2894.7163    8.0975
    7.5000    0.0000   30.0000 2843.1570    8.3285
   -7.5000    7.5000   30.0000 2838.4092    8.4382
    0.0000    7.5000   30.0000 2838.6250    8.4278
    7.5000    7.5000   30.0000 2791.6736    8.6364
   -7.5000   15.0000   30.0000 2750.6797    8.9214
    0.0000   15.0000   30.0000 2750.8408    8.9085
    7.5000   15.0000   30.0000 2706.6021    9.1101
   -7.5000   22.5000   30.0000 2636.1511    9.5325
    0.0000   22.5000   30.0000 2639.3943    9.5252
    7.5000   22.5000   30.0000 2599.3784    9.7539
   -7.5000   30.0000   30.0000 2509.1936   10.3359
    0.0000   30.0000   30.0000 2510.2534   10.3247
    7.5000   30.0000   30.0000 2474.1616   10.5741
   -7.5000   37.5000   30.0000 2365.6362   11.4493
    0.0000   37.5000   30.0000 2366.4441   11.4026
    7.5000   37.5000   30.0000 2330.1799   11.6477
   -7.5000   45.0000   30.0000 2198.1267   12.8425
    0.0000   45.0000   30.0000 2200.0554   12.7875
    7.5000   45.0000   30.0000 2176.2224   13.0165
   -7.5000  -45.0000   37.5000 2425.5583   10.7063
    0.0000  -45.0000   37.5000 2419.7219   10.7377
    7.5000  -45.0000   37.5000 2391.9666   10.9905
   -7.5000  -37.5000   37.5000 2531.9541    9.8340
    0.0000  -37.5000   37.5000 2531.1282    9.8736
    7.5000  -37.5000   37.5000 2501.5938   10.1053
   -7.5000  -30.0000   37.5000 2633.4844    9.1606
    0.0000  -30.0000   37.5000 2635.4805    9.1787
    7.5000  -30.0000   37.5000 2603.1184    9.4102
   -7.5000  -22.5000   37.5000 2737.6025    8.6769
    0.0000  -22.5000   37.5000 2735.5659    8.7050
    7.5000  -22.5000   37.5000 2698.0903    8.9305
   -7.5000  -15.0000   37.5000 2809.6887    8.3801
    0.0000  -15.0000   37.5000 2808.1970    8.3981
    7.5000  -15.0000   37.5000 2762.1648    8.6518
   -7.5000   -7.5000   37.5000 2839.1946    8.3270
    0.0000   -7.5000   37.5000 2836.1982    8.3271
    7.5000   -7.5000   37.5000 2791.8135    8.6032
   -7.5000    0.0000   37.5000 2812.8770    8.5277
    0.0000    0.0000   37.5000 2815.8191    8.5129
    7.5000    0.0000   37.5000 2775.8164    8.7389
   -7.5000    7.5000   37.5000 2761.9055    8.8597
    0.0000    7.5000   37.5000 2764.6626    8.8437
    7.5000    7.5000   37.5000 2726.7622    9.0477
   -7.5000   15.0000   37.5000 2690.0249    9.2945
    0.0000   15.0000   37.5000 2686.3884    9.2866
    7.5000   15.0000   37.5000 2644.0417    9.5096
   -7.5000   22.5000   37.5000 2580.2815    9.8901
    0.0000   22.5000   37.5000 2581.7964    9.8929
    7.5000   22.5000   37.5000 2542.6609   10.1317
   -7.5000   30.0000   37.5000 2452.3333   10.7134
    0.0000   30.0000   37.5000 2453.7632   10.7053
    7.5000   30.0000   37.5000 2422.2322   10.9465
   -7.5000   37.5000   37.5000 2306.8923   11.8157
    0.0000   37.5000   37.5000 2311.9390   11.7779
    7.5000   37.5000   37.5000 2282.1455   11.9895
   -7.5000   45.0000   37.5000 2150.2852   13.1683
    0.0000   45.0000   37.5000 2154.3118   13.1028
    7.5000   45.0000   37.5000 2133.1260   13.3289
   -7.5000  -45.0000   45.0000 2360.8718   11.3905
    0.0000  -45.0000   45.0000 2356.0688   11.4082
    7.5000  -45.0000   45.0000 2329.1145   11.7244
   -7.5000  -37.5000   45.0000 2468.7229   10.4246
    0.0000  -37.5000   45.0000 2470.8640   10.4525
    7.5000  -37.5000   45.0000 2442.2439   10.7572
   -7.5000  -30.0000   45.0000 2566.7102    9.6891
    0.0000  -30.0000   45.0000 2571.7471    9.6997
    7.5000  -30.0000   45.0000 2538.6082   10.0084
   -7.5000  -22.5000   45.0000 2664.4399    9.1946
    0.0000  -22.5000   45.0000 2667.3931    9.2118
    7.5000  -22.5000   45.0000 2629.4397    9.4966
   -7.5000  -15.0000   45.0000 2729.9375    8.8885
    0.0000  -15.0000   45.0000 2729.2656    8.9017
    7.5000  -15.0000   45.0000 2684.6426    9.1884
   -7.5000   -7.5000   45.0000 2746.5625    8.8832
    0.0000   -7.5000   45.0000 2744.5916    8.8820
    7.5000   -7.5000   45.0000 2706.2952    9.1442
   -7.5000    0.0000   45.0000 2716.9102    9.0893
    0.0000    0.0000   45.0000 2720.2825    9.0712
    7.5000    0.0000   45.0000 2687.1702    9.2760
   -7.5000    7.5000   45.0000 2669.6604    9.3931
    0.0000    7.5000   45.0000 2672.4414    9.3730
    7.5000    7.5000   45.0000 2639.7151    9.5842
   -7.5000   15.0000   45.0000 2601.7361    9.8116
    0.0000   15.0000   45.0000 2600.0591    9.8036
    7.5000   15.0000   45.0000 2561.2180   10.0324
   -7.5000   22.5000   45.0000 2505.8743   10.3922
    0.0000   22.5000   45.0000 2505.5571   10.3823
    7.5000   22.5000   45.0000 2470.4067   10.6343
   -7.5000   30.0000   45.0000 2382.3687   11.1931
    0.0000   30.0000   45.0000 2385.9353   11.1889
    7.5000   30.0000   45.0000 2356.4138   11.4506
   -7.5000   37.5000   45.0000 2243.0049   12.3316
    0.0000   37.5000   45.0000 2249.9045   12.3074
    7.5000   37.5000   45.0000 2221.3850   12.5238
   -7.5000   45.0000   45.0000 2094.6870   13.7123
    0.0000   45.0000   45.0000 2102.1812   13.6603
    7.5000   45.0000   45.0000 2077.9956   13.8684

---------------------------------------------------------------------
imgreg_4dfp /opt/freesurfer/average/711-2C_as_mni_average_305 /opt/freesurfer/average/711-2B_as_mni_average_305_mask talsrcimg_g11 none talsrcimg_to_711-2C_as_mni_average_305_t4 1283
---------------------------------------------------------------------

freesurfer imgreg_4dfp.c
/opt/freesurfer/average/711-2C_as_mni_average_305.4dfp.img
       256       256       256         1
  1.000000  1.000000  1.000000
orientation T byte_order littleendian
Reading image: /opt/freesurfer/average/711-2C_as_mni_average_305.4dfp.img
dimensions:      256       256       256
mmppix:       1.0000   -1.0000   -1.0000
center:     128.0000 -129.0000 -129.0000
/opt/freesurfer/average/711-2B_as_mni_average_305_mask.4dfp.img
       256       256       256         1
  1.000000  1.000000  1.000000
orientation T byte_order littleendian
Reading mask: /opt/freesurfer/average/711-2B_as_mni_average_305_mask.4dfp.img (2306576 pixels)
talsrcimg_g11.4dfp.img
       256       256       256         1
  1.000000  1.000000  1.000000
orientation T byte_order littleendian
Reading image: talsrcimg_g11.4dfp.img
dimensions:      256       256       256
mmppix:       1.0000   -1.0000   -1.0000
center:     128.0000 -129.0000 -129.0000
rotation matrix determinant  1.000000
fimgreg.f
image alignment mode   1283 decimal      503 hex
parameters
   -7.5000   -7.5000   15.0000    0.0000    0.0000    0.0000
eta,q 0.93521  7.69999
niter,ni,del,rscale     5    3   12.0000    1.2000
parameter  1 -0.805930 -> -0.500000 qaram    1.1500
parameter  4 11.673819 ->  0.500000 qaram    1.1500
parameters
   -4.0500   -6.2984   16.1690   -3.4500   -0.8909    0.3298
eta,q 0.94570  7.60264
  0.0869  0.0703  0.0686  0.0509  0.0574  0.0603
  0.0797  0.0658  0.0660  0.0540  0.0551  0.0579
  0.0732  0.0620  0.0631  0.0570  0.0541  0.0558
  0.0668  0.0608  0.0610  0.0604  0.0548  0.0544
  0.0619  0.0610  0.0606  0.0642  0.0554  0.0546
  0.0605  0.0616  0.0622  0.0678  0.0569  0.0566
  0.0627  0.0649  0.0650  0.0710  0.0594  0.0596
niter,ni,del,rscale     6    3   12.0000    1.2000
parameter  4  1.965291 ->  0.500000 qaram    1.3225
parameters
   -3.6000   -5.0213   15.8221   -7.4175   -0.2797    0.9112
eta,q 0.95194  7.57227
  0.0729  0.0644  0.0613  0.0454  0.0541  0.0551
  0.0648  0.0594  0.0577  0.0476  0.0510  0.0520
  0.0575  0.0564  0.0547  0.0503  0.0489  0.0493
  0.0543  0.0543  0.0534  0.0534  0.0482  0.0481
  0.0563  0.0533  0.0553  0.0575  0.0482  0.0484
  0.0616  0.0548  0.0591  0.0627  0.0494  0.0501
  0.0689  0.0587  0.0631  0.0673  0.0522  0.0531
niter,ni,del,rscale     6    3   12.0000    1.2000
parameter  4  1.623062 ->  0.500000 qaram    1.5209
parameters
   -4.0831   -4.5309   14.8058  -11.9801    0.0254    0.2084
eta,q 0.95816  7.60023
  0.0644  0.0594  0.0533  0.0400  0.0514  0.0473
  0.0554  0.0543  0.0496  0.0412  0.0477  0.0441
  0.0494  0.0496  0.0478  0.0441  0.0439  0.0421
  0.0481  0.0479  0.0480  0.0476  0.0419  0.0419
  0.0523  0.0491  0.0501  0.0521  0.0433  0.0436
  0.0599  0.0521  0.0536  0.0563  0.0464  0.0467
  0.0683  0.0561  0.0578  0.0623  0.0498  0.0499
niter,ni,del,rscale     6    3   12.0000    1.2000
parameters
   -4.1214   -3.9246   13.9261  -15.0608   -0.4168    0.4748
eta,q 0.96090  7.60442
  0.0642  0.0564  0.0491  0.0452  0.0470  0.0479
  0.0530  0.0489  0.0439  0.0406  0.0427  0.0439
  0.0446  0.0437  0.0415  0.0394  0.0396  0.0406
  0.0418  0.0418  0.0418  0.0414  0.0394  0.0392
  0.0466  0.0431  0.0444  0.0452  0.0414  0.0398
  0.0547  0.0465  0.0487  0.0509  0.0449  0.0427
  0.0631  0.0508  0.0535  0.0567  0.0488  0.0468
niter,ni,del,rscale     5    3   12.0000    1.2000
parameters
   -4.0801   -3.4658   13.7241  -14.8516   -0.5121    0.5587
eta,q 0.96083  7.59927
  0.0618  0.0555  0.0483  0.0540  0.0477  0.0475
  0.0515  0.0470  0.0432  0.0444  0.0436  0.0436
  0.0424  0.0412  0.0399  0.0405  0.0401  0.0405
  0.0391  0.0391  0.0392  0.0391  0.0392  0.0392
  0.0430  0.0410  0.0409  0.0415  0.0408  0.0400
  0.0512  0.0455  0.0444  0.0455  0.0442  0.0431
  0.0609  0.0502  0.0491  0.0510  0.0480  0.0473
niter,ni,del,rscale     4    3   12.0000    1.2000
parameters
   -4.0501   -3.4553   13.7301  -14.8329   -0.5558    0.5664
eta,q 0.96082  7.59862
  0.0616  0.0530  0.0491  0.0535  0.0478  0.0474
  0.0515  0.0451  0.0438  0.0440  0.0437  0.0435
  0.0425  0.0403  0.0402  0.0403  0.0402  0.0404
  0.0392  0.0392  0.0392  0.0392  0.0392  0.0392
  0.0430  0.0419  0.0406  0.0418  0.0407  0.0401
  0.0513  0.0466  0.0441  0.0459  0.0440  0.0432
  0.0610  0.0514  0.0487  0.0515  0.0478  0.0475
registration optimization eta report
parameter search radius
    6.9000    6.0000    6.0000    9.1253    6.0000    6.0000
100000*second partial in parameter space
       45.       35.       27.       16.       23.       23.
  0.0616  0.0530  0.0491  0.0535  0.0478  0.0474
  0.0515  0.0451  0.0438  0.0440  0.0437  0.0435
  0.0425  0.0403  0.0402  0.0403  0.0402  0.0404
  0.0392  0.0392  0.0392  0.0392  0.0392  0.0392
  0.0430  0.0419  0.0406  0.0418  0.0407  0.0401
  0.0513  0.0466  0.0441  0.0459  0.0440  0.0432
  0.0610  0.0514  0.0487  0.0515  0.0478  0.0475
   -4.0501   -3.4553   13.7301  -14.8329   -0.5558    0.5664
eta,q 0.96082  7.59862

---------------------------------------------------------------------
imgreg_4dfp /opt/freesurfer/average/711-2C_as_mni_average_305 /opt/freesurfer/average/711-2B_as_mni_average_305_mask talsrcimg_g11 none talsrcimg_to_711-2C_as_mni_average_305_t4 3335
---------------------------------------------------------------------

freesurfer imgreg_4dfp.c
/opt/freesurfer/average/711-2C_as_mni_average_305.4dfp.img
       256       256       256         1
  1.000000  1.000000  1.000000
orientation T byte_order littleendian
Reading image: /opt/freesurfer/average/711-2C_as_mni_average_305.4dfp.img
dimensions:      256       256       256
mmppix:       1.0000   -1.0000   -1.0000
center:     128.0000 -129.0000 -129.0000
/opt/freesurfer/average/711-2B_as_mni_average_305_mask.4dfp.img
       256       256       256         1
  1.000000  1.000000  1.000000
orientation T byte_order littleendian
Reading mask: /opt/freesurfer/average/711-2B_as_mni_average_305_mask.4dfp.img (2306576 pixels)
talsrcimg_g11.4dfp.img
       256       256       256         1
  1.000000  1.000000  1.000000
orientation T byte_order littleendian
Reading image: talsrcimg_g11.4dfp.img
dimensions:      256       256       256
mmppix:       1.0000   -1.0000   -1.0000
center:     128.0000 -129.0000 -129.0000
fimgreg.f
image alignment mode   3335 decimal      D07 hex
parameters
   -4.0501   -3.4553   13.7301   -0.0096   -3.3395   -3.3369
   -1.2039    0.6846    0.9884   25.6081   -0.9701  -25.5989
eta,q 0.96176  7.64402
niter,ni,del,rscale     5    3    5.0000    1.2000
parameter  4  0.891466 ->  0.500000 qaram    1.1500
parameter  5  0.698265 ->  0.500000 qaram    1.1500
parameter  6  0.545515 ->  0.500000 qaram    1.1500
parameters
   -4.1090   -3.0754   13.5284   -4.1496   -7.4795   -7.4769
    0.3357    0.8877    1.5818   25.5038    1.0976  -23.8789
eta,q 0.96637  7.41148
  0.0410  0.0412  0.0398  0.0358  0.0347  0.0341  0.0369  0.0376  0.0358  0.0356  0.0350  0.0353
  0.0395  0.0397  0.0389  0.0358  0.0346  0.0339  0.0356  0.0356  0.0347  0.0346  0.0344  0.0345
  0.0385  0.0387  0.0383  0.0366  0.0350  0.0339  0.0346  0.0343  0.0340  0.0340  0.0339  0.0339
  0.0382  0.0382  0.0382  0.0382  0.0359  0.0346  0.0339  0.0337  0.0337  0.0337  0.0337  0.0337
  0.0386  0.0383  0.0385  0.0405  0.0374  0.0367  0.0337  0.0341  0.0338  0.0339  0.0337  0.0336
  0.0397  0.0388  0.0393  0.0435  0.0396  0.0400  0.0342  0.0353  0.0343  0.0345  0.0338  0.0338
  0.0413  0.0397  0.0405  0.0469  0.0427  0.0442  0.0352  0.0373  0.0352  0.0358  0.0340  0.0342
niter,ni,del,rscale     7    3    5.0000    1.2000
parameter 11 -0.504725 -> -0.500000 qaram    1.1500
parameters
   -3.9160   -2.7968   12.5988   -6.7359  -10.1736  -11.5094
   -0.3845    1.0334    0.4816   26.5605    5.2376  -23.3704
eta,q 0.96736  7.13129
  0.0370  0.0360  0.0339  0.0343  0.0339  0.0331  0.0344  0.0362  0.0338  0.0343  0.0338  0.0340
  0.0353  0.0347  0.0335  0.0338  0.0338  0.0329  0.0335  0.0345  0.0332  0.0336  0.0334  0.0334
  0.0341  0.0339  0.0334  0.0335  0.0335  0.0331  0.0330  0.0334  0.0329  0.0332  0.0330  0.0329
  0.0336  0.0336  0.0336  0.0334  0.0335  0.0335  0.0329  0.0329  0.0329  0.0329  0.0328  0.0326
  0.0338  0.0337  0.0341  0.0341  0.0338  0.0342  0.0333  0.0332  0.0332  0.0328  0.0327  0.0327
  0.0346  0.0342  0.0348  0.0359  0.0348  0.0361  0.0340  0.0343  0.0338  0.0330  0.0327  0.0331
  0.0361  0.0350  0.0358  0.0386  0.0364  0.0396  0.0351  0.0360  0.0346  0.0338  0.0328  0.0337
niter,ni,del,rscale     7    3    5.0000    1.2000
parameter  5  1.196729 ->  0.500000 qaram    1.3225
parameters
   -3.6600   -2.4273   12.2284   -8.8289  -14.9346  -14.1823
   -1.3693    1.1370   -2.7434   29.2677    4.6077  -23.8274
eta,q 0.96845  6.87641
  0.0358  0.0349  0.0335  0.0334  0.0316  0.0330  0.0334  0.0354  0.0322  0.0335  0.0323  0.0325
  0.0342  0.0337  0.0329  0.0327  0.0321  0.0323  0.0326  0.0336  0.0318  0.0326  0.0318  0.0320
  0.0332  0.0330  0.0326  0.0326  0.0325  0.0320  0.0321  0.0324  0.0317  0.0321  0.0316  0.0316
  0.0326  0.0326  0.0326  0.0326  0.0326  0.0323  0.0320  0.0320  0.0320  0.0317  0.0316  0.0315
  0.0327  0.0327  0.0329  0.0329  0.0331  0.0330  0.0324  0.0323  0.0326  0.0316  0.0317  0.0317
  0.0334  0.0331  0.0335  0.0338  0.0339  0.0339  0.0332  0.0335  0.0334  0.0316  0.0320  0.0322
  0.0347  0.0338  0.0343  0.0355  0.0350  0.0356  0.0344  0.0352  0.0344  0.0320  0.0325  0.0328
niter,ni,del,rscale     7    3    5.0000    1.2000
parameter  5  1.176502 ->  0.500000 qaram    1.5209
parameter 11  0.636912 ->  0.500000 qaram    1.3225
parameters
   -3.5491   -1.6888   11.0526  -10.6785  -20.4097  -15.9551
   -0.6713    1.0539   -0.7759   30.9689   -0.1533  -25.3698
eta,q 0.97084  6.63356
  0.0344  0.0340  0.0315  0.0321  0.0297  0.0310  0.0322  0.0330  0.0324  0.0318  0.0294  0.0296
  0.0329  0.0328  0.0312  0.0312  0.0298  0.0302  0.0311  0.0312  0.0312  0.0307  0.0292  0.0293
  0.0319  0.0320  0.0312  0.0309  0.0302  0.0298  0.0302  0.0301  0.0303  0.0299  0.0293  0.0292
  0.0315  0.0315  0.0314  0.0312  0.0310  0.0299  0.0298  0.0297  0.0297  0.0296  0.0295  0.0292
  0.0318  0.0314  0.0319  0.0315  0.0316  0.0305  0.0298  0.0301  0.0296  0.0295  0.0299  0.0294
  0.0325  0.0316  0.0327  0.0323  0.0325  0.0314  0.0305  0.0313  0.0298  0.0298  0.0304  0.0298
  0.0339  0.0321  0.0337  0.0336  0.0339  0.0327  0.0315  0.0331  0.0306  0.0303  0.0310  0.0302
niter,ni,del,rscale     7    3    5.0000    1.2000
parameter  3  0.564400 ->  0.500000 qaram    1.1500
parameter  5  0.514791 ->  0.500000 qaram    1.7490
parameters
   -3.7130   -1.1287    9.6726  -12.4007  -26.7061  -17.3286
   -0.6915    1.0897    0.6974   31.9330   -1.6900  -28.4771
eta,q 0.97275  6.42677
  0.0317  0.0319  0.0289  0.0301  0.0287  0.0292  0.0297  0.0311  0.0306  0.0307  0.0283  0.0275
  0.0302  0.0305  0.0287  0.0290  0.0278  0.0283  0.0286  0.0293  0.0292  0.0291  0.0277  0.0273
  0.0293  0.0296  0.0287  0.0285  0.0277  0.0277  0.0278  0.0280  0.0282  0.0280  0.0274  0.0273
  0.0292  0.0291  0.0291  0.0287  0.0285  0.0276  0.0276  0.0276  0.0276  0.0275  0.0274  0.0274
  0.0296  0.0291  0.0296  0.0295  0.0298  0.0283  0.0278  0.0280  0.0275  0.0276  0.0277  0.0277
  0.0307  0.0294  0.0304  0.0304  0.0309  0.0293  0.0286  0.0292  0.0280  0.0282  0.0283  0.0281
  0.0324  0.0301  0.0315  0.0317  0.0322  0.0306  0.0298  0.0311  0.0289  0.0293  0.0290  0.0286
niter,ni,del,rscale     7    3    5.0000    1.2000
parameters
   -3.8475   -0.8605    8.9014  -12.2240  -25.5713  -17.8941
   -1.0124    1.1102    0.8262   32.7946   -1.0677  -28.8014
eta,q 0.97294  6.44415
  0.0298  0.0302  0.0279  0.0298  0.0325  0.0291  0.0292  0.0307  0.0295  0.0304  0.0284  0.0278
  0.0283  0.0286  0.0274  0.0284  0.0300  0.0281  0.0281  0.0288  0.0282  0.0287  0.0277  0.0273
  0.0275  0.0276  0.0271  0.0275  0.0281  0.0274  0.0273  0.0276  0.0274  0.0276  0.0273  0.0271
  0.0272  0.0272  0.0272  0.0271  0.0271  0.0271  0.0271  0.0271  0.0271  0.0271  0.0271  0.0271
  0.0277  0.0274  0.0277  0.0275  0.0276  0.0275  0.0274  0.0275  0.0274  0.0272  0.0272  0.0272
  0.0288  0.0280  0.0285  0.0283  0.0293  0.0285  0.0283  0.0287  0.0281  0.0280  0.0275  0.0275
  0.0304  0.0290  0.0297  0.0295  0.0307  0.0298  0.0297  0.0307  0.0294  0.0290  0.0281  0.0278
niter,ni,del,rscale     6    3    5.0000    1.2000
parameters
   -3.8334   -0.8514    8.6396  -12.2504  -25.4041  -18.0931
   -1.0656    1.0648    0.8492   33.0115   -0.9147  -28.9611
eta,q 0.97294  6.44568
  0.0300  0.0295  0.0283  0.0296  0.0316  0.0292  0.0293  0.0306  0.0295  0.0298  0.0283  0.0278
  0.0284  0.0281  0.0276  0.0283  0.0293  0.0282  0.0282  0.0288  0.0282  0.0283  0.0276  0.0274
  0.0274  0.0273  0.0272  0.0274  0.0276  0.0274  0.0274  0.0275  0.0274  0.0273  0.0272  0.0271
  0.0271  0.0271  0.0271  0.0270  0.0270  0.0271  0.0271  0.0271  0.0271  0.0271  0.0271  0.0271
  0.0274  0.0274  0.0273  0.0275  0.0279  0.0274  0.0273  0.0275  0.0274  0.0274  0.0272  0.0272
  0.0283  0.0282  0.0279  0.0284  0.0296  0.0283  0.0281  0.0288  0.0282  0.0282  0.0276  0.0275
  0.0299  0.0293  0.0289  0.0296  0.0309  0.0295  0.0294  0.0308  0.0294  0.0293  0.0282  0.0278
niter,ni,del,rscale     5    3    5.0000    1.2000
parameters
   -3.8399   -0.8379    8.5577  -12.2500  -25.4106  -18.1679
   -1.0674    1.0444    0.8647   33.0853   -0.8315  -29.0337
eta,q 0.97293  6.44494
  0.0299  0.0295  0.0284  0.0297  0.0315  0.0293  0.0294  0.0307  0.0295  0.0297  0.0283  0.0278
  0.0284  0.0281  0.0277  0.0283  0.0292  0.0282  0.0282  0.0288  0.0282  0.0282  0.0276  0.0274
  0.0274  0.0273  0.0272  0.0274  0.0276  0.0274  0.0274  0.0275  0.0274  0.0273  0.0272  0.0271
  0.0271  0.0271  0.0271  0.0271  0.0271  0.0271  0.0271  0.0271  0.0271  0.0271  0.0271  0.0271
  0.0274  0.0274  0.0272  0.0275  0.0280  0.0274  0.0273  0.0275  0.0274  0.0274  0.0272  0.0272
  0.0284  0.0282  0.0278  0.0284  0.0297  0.0283  0.0281  0.0288  0.0282  0.0283  0.0276  0.0275
  0.0300  0.0293  0.0287  0.0296  0.0310  0.0294  0.0294  0.0308  0.0295  0.0294  0.0282  0.0278
niter,ni,del,rscale     4    3    5.0000    1.2000
parameters
   -3.8442   -0.8315    8.5272  -12.2417  -25.4242  -18.1938
   -1.0644    1.0322    0.8640   33.1149   -0.7988  -29.0826
eta,q 0.97293  6.44494
  0.0299  0.0294  0.0285  0.0297  0.0315  0.0293  0.0294  0.0307  0.0295  0.0297  0.0282  0.0278
  0.0284  0.0281  0.0278  0.0283  0.0292  0.0283  0.0282  0.0288  0.0282  0.0282  0.0276  0.0274
  0.0274  0.0273  0.0273  0.0274  0.0276  0.0275  0.0274  0.0275  0.0274  0.0273  0.0272  0.0271
  0.0271  0.0271  0.0271  0.0271  0.0271  0.0271  0.0271  0.0271  0.0271  0.0271  0.0271  0.0271
  0.0274  0.0274  0.0272  0.0275  0.0280  0.0273  0.0273  0.0275  0.0274  0.0275  0.0272  0.0272
  0.0284  0.0282  0.0278  0.0284  0.0297  0.0282  0.0281  0.0288  0.0282  0.0283  0.0276  0.0275
  0.0299  0.0293  0.0286  0.0296  0.0310  0.0294  0.0294  0.0308  0.0295  0.0294  0.0282  0.0278
niter,ni,del,rscale     3    3    5.0000    1.2000
parameters
   -3.8471   -0.8293    8.5158  -12.2369  -25.4295  -18.2004
   -1.0624    1.0248    0.8658   33.1297   -0.7641  -29.1156
eta,q 0.97293  6.44521
  0.0299  0.0294  0.0285  0.0297  0.0315  0.0293  0.0294  0.0307  0.0295  0.0297  0.0282  0.0279
  0.0284  0.0281  0.0278  0.0283  0.0292  0.0283  0.0282  0.0288  0.0282  0.0282  0.0276  0.0274
  0.0274  0.0273  0.0273  0.0274  0.0276  0.0275  0.0274  0.0275  0.0274  0.0273  0.0272  0.0271
  0.0271  0.0271  0.0271  0.0271  0.0271  0.0271  0.0271  0.0271  0.0271  0.0271  0.0271  0.0271
  0.0274  0.0274  0.0272  0.0275  0.0280  0.0273  0.0273  0.0275  0.0274  0.0275  0.0272  0.0272
  0.0284  0.0282  0.0277  0.0284  0.0297  0.0282  0.0281  0.0288  0.0282  0.0283  0.0276  0.0275
  0.0299  0.0293  0.0286  0.0296  0.0310  0.0294  0.0294  0.0308  0.0295  0.0295  0.0282  0.0278
registration optimization eta report
parameter search radius
    2.4000    2.4000    2.7600    8.2800   12.5928    8.2800
    7.2000    7.2000    7.2000    7.2000    9.5220    7.2000
100000*second partial in parameter space
       50.       40.       19.        4.        3.        3.
        4.        7.        5.        5.        1.        1.
  0.0299  0.0294  0.0285  0.0297  0.0315  0.0293  0.0294  0.0307  0.0295  0.0297  0.0282  0.0279
  0.0284  0.0281  0.0278  0.0283  0.0292  0.0283  0.0282  0.0288  0.0282  0.0282  0.0276  0.0274
  0.0274  0.0273  0.0273  0.0274  0.0276  0.0275  0.0274  0.0275  0.0274  0.0273  0.0272  0.0271
  0.0271  0.0271  0.0271  0.0271  0.0271  0.0271  0.0271  0.0271  0.0271  0.0271  0.0271  0.0271
  0.0274  0.0274  0.0272  0.0275  0.0280  0.0273  0.0273  0.0275  0.0274  0.0275  0.0272  0.0272
  0.0284  0.0282  0.0277  0.0284  0.0297  0.0282  0.0281  0.0288  0.0282  0.0283  0.0276  0.0275
  0.0299  0.0293  0.0286  0.0296  0.0310  0.0294  0.0294  0.0308  0.0295  0.0295  0.0282  0.0278
   -3.8471   -0.8293    8.5158  -12.2369  -25.4295  -18.2004
   -1.0624    1.0248    0.8658   33.1297   -0.7641  -29.1156
eta,q 0.97293  6.44521

---------------------------------------------------------------------
imgreg_4dfp /opt/freesurfer/average/711-2C_as_mni_average_305 /opt/freesurfer/average/711-2B_as_mni_average_305_mask talsrcimg_g11 none talsrcimg_to_711-2C_as_mni_average_305_t4 2311
---------------------------------------------------------------------

freesurfer imgreg_4dfp.c
/opt/freesurfer/average/711-2C_as_mni_average_305.4dfp.img
       256       256       256         1
  1.000000  1.000000  1.000000
orientation T byte_order littleendian
Reading image: /opt/freesurfer/average/711-2C_as_mni_average_305.4dfp.img
dimensions:      256       256       256
mmppix:       1.0000   -1.0000   -1.0000
center:     128.0000 -129.0000 -129.0000
/opt/freesurfer/average/711-2B_as_mni_average_305_mask.4dfp.img
       256       256       256         1
  1.000000  1.000000  1.000000
orientation T byte_order littleendian
Reading mask: /opt/freesurfer/average/711-2B_as_mni_average_305_mask.4dfp.img (2306576 pixels)
talsrcimg_g11.4dfp.img
       256       256       256         1
  1.000000  1.000000  1.000000
orientation T byte_order littleendian
Reading image: talsrcimg_g11.4dfp.img
dimensions:      256       256       256
mmppix:       1.0000   -1.0000   -1.0000
center:     128.0000 -129.0000 -129.0000
fimgreg.f
image alignment mode   2311 decimal      907 hex
parameters
   -3.8471   -0.8293    8.5158  -12.2370  -25.4295  -18.2004
   -1.0624    1.0248    0.8658   33.1297   -0.7641  -29.1156
eta,q 0.97293  6.44521
niter,ni,del,rscale     5    3    5.0000    0.8000
parameters
   -3.8497   -0.8834    8.5631  -12.3829  -25.9932  -17.8768
   -0.9358    1.1146    0.8692   32.8618   -0.7731  -29.5740
eta,q 0.97296  6.43963
  0.0284  0.0281  0.0276  0.0280  0.0278  0.0281  0.0282  0.0288  0.0282  0.0281  0.0274  0.0273
  0.0277  0.0275  0.0273  0.0275  0.0274  0.0276  0.0276  0.0279  0.0276  0.0275  0.0272  0.0272
  0.0272  0.0272  0.0271  0.0272  0.0271  0.0272  0.0272  0.0273  0.0272  0.0271  0.0271  0.0271
  0.0271  0.0271  0.0271  0.0271  0.0271  0.0271  0.0271  0.0270  0.0270  0.0270  0.0270  0.0270
  0.0272  0.0272  0.0271  0.0272  0.0272  0.0271  0.0271  0.0272  0.0272  0.0272  0.0271  0.0271
  0.0277  0.0276  0.0273  0.0276  0.0276  0.0274  0.0275  0.0278  0.0276  0.0277  0.0272  0.0272
  0.0284  0.0282  0.0276  0.0281  0.0282  0.0279  0.0281  0.0287  0.0282  0.0284  0.0274  0.0274
niter,ni,del,rscale     4    3    5.0000    0.7000
parameters
   -3.8536   -0.9093    8.6560  -12.4124  -26.0320  -17.6660
   -0.9245    1.1292    0.8803   32.8474   -0.7131  -29.6186
eta,q 0.97296  6.44326
  0.0280  0.0278  0.0275  0.0279  0.0277  0.0278  0.0279  0.0284  0.0279  0.0280  0.0273  0.0273
  0.0275  0.0274  0.0273  0.0274  0.0274  0.0275  0.0274  0.0277  0.0274  0.0274  0.0272  0.0272
  0.0272  0.0271  0.0271  0.0271  0.0271  0.0272  0.0271  0.0272  0.0271  0.0271  0.0271  0.0271
  0.0270  0.0270  0.0270  0.0270  0.0270  0.0270  0.0270  0.0270  0.0270  0.0270  0.0270  0.0270
  0.0272  0.0272  0.0271  0.0272  0.0271  0.0271  0.0271  0.0272  0.0271  0.0272  0.0271  0.0271
  0.0275  0.0274  0.0272  0.0274  0.0274  0.0273  0.0274  0.0276  0.0274  0.0275  0.0271  0.0272
  0.0280  0.0279  0.0274  0.0279  0.0278  0.0277  0.0279  0.0284  0.0279  0.0280  0.0273  0.0273
niter,ni,del,rscale     3    3    5.0000    0.6000
parameters
   -3.8545   -0.9259    8.7048  -12.4483  -26.0286  -17.5774
   -0.9070    1.1356    0.8830   32.8064   -0.6990  -29.5754
eta,q 0.97297  6.44369
  0.0278  0.0276  0.0274  0.0276  0.0276  0.0276  0.0277  0.0280  0.0277  0.0277  0.0272  0.0272
  0.0274  0.0273  0.0272  0.0273  0.0273  0.0273  0.0273  0.0275  0.0273  0.0273  0.0271  0.0271
  0.0271  0.0271  0.0271  0.0271  0.0271  0.0271  0.0271  0.0272  0.0271  0.0271  0.0271  0.0271
  0.0270  0.0270  0.0270  0.0270  0.0270  0.0270  0.0270  0.0270  0.0270  0.0270  0.0270  0.0270
  0.0271  0.0271  0.0271  0.0271  0.0271  0.0271  0.0271  0.0271  0.0271  0.0271  0.0271  0.0271
  0.0274  0.0273  0.0271  0.0273  0.0273  0.0273  0.0273  0.0275  0.0273  0.0274  0.0271  0.0271
  0.0278  0.0276  0.0273  0.0277  0.0276  0.0276  0.0277  0.0280  0.0277  0.0277  0.0272  0.0272
niter,ni,del,rscale     2    3    5.0000    0.5000
parameters
   -3.8566   -0.9385    8.7348  -12.4753  -25.9897  -17.5280
   -0.8831    1.1494    0.8788   32.7666   -0.7695  -29.5001
eta,q 0.97296  6.44393
  0.0275  0.0275  0.0273  0.0275  0.0274  0.0274  0.0275  0.0277  0.0275  0.0275  0.0272  0.0272
  0.0273  0.0272  0.0271  0.0272  0.0272  0.0272  0.0272  0.0273  0.0272  0.0272  0.0271  0.0271
  0.0271  0.0271  0.0271  0.0271  0.0271  0.0271  0.0271  0.0271  0.0271  0.0271  0.0270  0.0271
  0.0270  0.0270  0.0270  0.0270  0.0270  0.0270  0.0270  0.0270  0.0270  0.0270  0.0270  0.0270
  0.0271  0.0271  0.0271  0.0271  0.0271  0.0271  0.0271  0.0271  0.0271  0.0271  0.0271  0.0270
  0.0273  0.0272  0.0271  0.0272  0.0272  0.0272  0.0272  0.0273  0.0272  0.0273  0.0271  0.0271
  0.0276  0.0275  0.0272  0.0275  0.0274  0.0274  0.0275  0.0277  0.0275  0.0275  0.0272  0.0272
niter,ni,del,rscale     1    3    5.0000    0.4000
parameters
   -3.8584   -0.9511    8.7542  -12.4983  -25.9405  -17.5062
   -0.8740    1.1802    0.8587   32.7389   -0.8452  -29.4122
eta,q 0.97297  6.44390
  0.0274  0.0273  0.0272  0.0273  0.0273  0.0273  0.0273  0.0275  0.0273  0.0273  0.0271  0.0271
  0.0272  0.0271  0.0271  0.0272  0.0272  0.0272  0.0272  0.0272  0.0272  0.0272  0.0271  0.0271
  0.0271  0.0271  0.0271  0.0271  0.0271  0.0271  0.0271  0.0271  0.0271  0.0271  0.0270  0.0270
  0.0270  0.0270  0.0270  0.0270  0.0270  0.0270  0.0270  0.0270  0.0270  0.0270  0.0270  0.0270
  0.0271  0.0271  0.0270  0.0271  0.0271  0.0271  0.0271  0.0271  0.0271  0.0271  0.0270  0.0270
  0.0272  0.0272  0.0271  0.0272  0.0271  0.0271  0.0272  0.0272  0.0272  0.0272  0.0271  0.0271
  0.0274  0.0273  0.0272  0.0273  0.0273  0.0273  0.0273  0.0275  0.0273  0.0273  0.0271  0.0271
registration optimization eta report
parameter search radius
    0.8000    0.8000    0.8000    2.4000    2.4000    2.4000
    2.4000    2.4000    2.4000    2.4000    2.4000    2.4000
100000*second partial in parameter space
       51.       42.       22.        5.        4.        5.
        5.        8.        5.        5.        2.        2.
  0.0274  0.0273  0.0272  0.0273  0.0273  0.0273  0.0273  0.0275  0.0273  0.0273  0.0271  0.0271
  0.0272  0.0271  0.0271  0.0272  0.0272  0.0272  0.0272  0.0272  0.0272  0.0272  0.0271  0.0271
  0.0271  0.0271  0.0271  0.0271  0.0271  0.0271  0.0271  0.0271  0.0271  0.0271  0.0270  0.0270
  0.0270  0.0270  0.0270  0.0270  0.0270  0.0270  0.0270  0.0270  0.0270  0.0270  0.0270  0.0270
  0.0271  0.0271  0.0270  0.0271  0.0271  0.0271  0.0271  0.0271  0.0271  0.0271  0.0270  0.0270
  0.0272  0.0272  0.0271  0.0272  0.0271  0.0271  0.0272  0.0272  0.0272  0.0272  0.0271  0.0271
  0.0274  0.0273  0.0272  0.0273  0.0273  0.0273  0.0273  0.0275  0.0273  0.0273  0.0271  0.0271
   -3.8584   -0.9511    8.7542  -12.4983  -25.9405  -17.5062
   -0.8740    1.1802    0.8587   32.7389   -0.8452  -29.4122
eta,q 0.97297  6.44390

---------------------------------------------------------------------
imgreg_4dfp /opt/freesurfer/average/711-2C_as_mni_average_305 /opt/freesurfer/average/711-2B_as_mni_average_305_mask talsrcimg_g11 none talsrcimg_to_711-2C_as_mni_average_305_t4 2311
---------------------------------------------------------------------

freesurfer imgreg_4dfp.c
/opt/freesurfer/average/711-2C_as_mni_average_305.4dfp.img
       256       256       256         1
  1.000000  1.000000  1.000000
orientation T byte_order littleendian
Reading image: /opt/freesurfer/average/711-2C_as_mni_average_305.4dfp.img
dimensions:      256       256       256
mmppix:       1.0000   -1.0000   -1.0000
center:     128.0000 -129.0000 -129.0000
/opt/freesurfer/average/711-2B_as_mni_average_305_mask.4dfp.img
       256       256       256         1
  1.000000  1.000000  1.000000
orientation T byte_order littleendian
Reading mask: /opt/freesurfer/average/711-2B_as_mni_average_305_mask.4dfp.img (2306576 pixels)
talsrcimg_g11.4dfp.img
       256       256       256         1
  1.000000  1.000000  1.000000
orientation T byte_order littleendian
Reading image: talsrcimg_g11.4dfp.img
dimensions:      256       256       256
mmppix:       1.0000   -1.0000   -1.0000
center:     128.0000 -129.0000 -129.0000
fimgreg.f
image alignment mode   2311 decimal      907 hex
parameters
   -3.8584   -0.9511    8.7542  -12.4983  -25.9405  -17.5062
   -0.8740    1.1802    0.8587   32.7389   -0.8452  -29.4122
eta,q 0.97297  6.44390
niter,ni,del,rscale     5    3    5.0000    0.8000
parameters
   -3.8502   -0.9172    8.7377  -12.4378  -26.0620  -17.6061
   -0.9279    1.1217    0.8814   32.8211   -0.7327  -29.5479
eta,q 0.97296  6.44247
  0.0284  0.0282  0.0276  0.0281  0.0279  0.0279  0.0281  0.0287  0.0282  0.0283  0.0274  0.0274
  0.0276  0.0275  0.0273  0.0275  0.0274  0.0275  0.0275  0.0278  0.0275  0.0276  0.0272  0.0272
  0.0272  0.0271  0.0271  0.0272  0.0271  0.0272  0.0272  0.0272  0.0272  0.0272  0.0271  0.0271
  0.0270  0.0270  0.0270  0.0270  0.0270  0.0270  0.0270  0.0270  0.0270  0.0270  0.0270  0.0270
  0.0272  0.0272  0.0271  0.0272  0.0271  0.0272  0.0272  0.0272  0.0272  0.0272  0.0271  0.0271
  0.0276  0.0275  0.0273  0.0275  0.0275  0.0275  0.0275  0.0278  0.0275  0.0276  0.0272  0.0272
  0.0283  0.0280  0.0276  0.0280  0.0280  0.0280  0.0282  0.0288  0.0281  0.0282  0.0273  0.0274
niter,ni,del,rscale     4    3    5.0000    0.7000
parameters
   -3.8519   -0.9157    8.7130  -12.4264  -26.0632  -17.6048
   -0.9182    1.1262    0.8804   32.8219   -0.7103  -29.6061
eta,q 0.97296  6.44330
  0.0280  0.0279  0.0274  0.0279  0.0277  0.0278  0.0279  0.0284  0.0279  0.0280  0.0273  0.0273
  0.0275  0.0274  0.0272  0.0274  0.0274  0.0274  0.0274  0.0276  0.0274  0.0274  0.0272  0.0272
  0.0271  0.0271  0.0271  0.0271  0.0271  0.0271  0.0271  0.0272  0.0271  0.0271  0.0271  0.0271
  0.0270  0.0270  0.0270  0.0270  0.0270  0.0270  0.0270  0.0270  0.0270  0.0270  0.0270  0.0270
  0.0271  0.0271  0.0271  0.0272  0.0271  0.0271  0.0271  0.0272  0.0271  0.0272  0.0271  0.0271
  0.0275  0.0274  0.0272  0.0274  0.0273  0.0274  0.0274  0.0276  0.0274  0.0275  0.0272  0.0272
  0.0280  0.0278  0.0275  0.0278  0.0278  0.0278  0.0279  0.0284  0.0279  0.0280  0.0273  0.0273
niter,ni,del,rscale     3    3    5.0000    0.6000
parameters
   -3.8549   -0.9258    8.7242  -12.4458  -26.0293  -17.5618
   -0.9021    1.1383    0.8771   32.7914   -0.7416  -29.5709
eta,q 0.97296  6.44394
  0.0278  0.0276  0.0273  0.0276  0.0276  0.0276  0.0277  0.0280  0.0277  0.0277  0.0272  0.0272
  0.0274  0.0273  0.0272  0.0273  0.0273  0.0273  0.0273  0.0275  0.0273  0.0273  0.0271  0.0271
  0.0271  0.0271  0.0271  0.0271  0.0271  0.0271  0.0271  0.0272  0.0271  0.0271  0.0271  0.0271
  0.0270  0.0270  0.0270  0.0270  0.0270  0.0270  0.0270  0.0270  0.0270  0.0270  0.0270  0.0270
  0.0271  0.0271  0.0271  0.0271  0.0271  0.0271  0.0271  0.0271  0.0271  0.0271  0.0271  0.0271
  0.0274  0.0273  0.0272  0.0273  0.0273  0.0273  0.0273  0.0275  0.0273  0.0274  0.0271  0.0271
  0.0278  0.0276  0.0273  0.0276  0.0276  0.0276  0.0277  0.0280  0.0277  0.0277  0.0272  0.0272
niter,ni,del,rscale     2    3    5.0000    0.5000
parameters
   -3.8557   -0.9391    8.7390  -12.4681  -25.9936  -17.5274
   -0.8887    1.1618    0.8705   32.7664   -0.7998  -29.5291
eta,q 0.97296  6.44443
  0.0276  0.0274  0.0273  0.0275  0.0274  0.0274  0.0275  0.0277  0.0275  0.0275  0.0272  0.0272
  0.0273  0.0272  0.0271  0.0272  0.0272  0.0272  0.0272  0.0274  0.0272  0.0272  0.0271  0.0271
  0.0271  0.0271  0.0271  0.0271  0.0271  0.0271  0.0271  0.0271  0.0271  0.0271  0.0271  0.0271
  0.0270  0.0270  0.0270  0.0270  0.0270  0.0270  0.0270  0.0270  0.0270  0.0270  0.0270  0.0270
  0.0271  0.0271  0.0271  0.0271  0.0271  0.0271  0.0271  0.0271  0.0271  0.0271  0.0271  0.0270
  0.0273  0.0272  0.0271  0.0272  0.0272  0.0272  0.0272  0.0273  0.0272  0.0273  0.0271  0.0271
  0.0276  0.0275  0.0272  0.0275  0.0274  0.0274  0.0275  0.0277  0.0275  0.0275  0.0272  0.0272
niter,ni,del,rscale     1    3    5.0000    0.4000
parameters
   -3.8570   -0.9501    8.7486  -12.4971  -25.9455  -17.5103
   -0.8758    1.1867    0.8650   32.7400   -0.8452  -29.4437
eta,q 0.97297  6.44407
  0.0274  0.0273  0.0272  0.0273  0.0273  0.0273  0.0273  0.0275  0.0273  0.0273  0.0271  0.0271
  0.0272  0.0271  0.0271  0.0272  0.0271  0.0272  0.0272  0.0272  0.0272  0.0272  0.0271  0.0271
  0.0271  0.0271  0.0271  0.0271  0.0271  0.0271  0.0271  0.0271  0.0271  0.0271  0.0270  0.0270
  0.0270  0.0270  0.0270  0.0270  0.0270  0.0270  0.0270  0.0270  0.0270  0.0270  0.0270  0.0270
  0.0271  0.0271  0.0270  0.0271  0.0271  0.0271  0.0271  0.0271  0.0271  0.0271  0.0270  0.0270
  0.0272  0.0272  0.0271  0.0272  0.0271  0.0271  0.0272  0.0272  0.0272  0.0272  0.0271  0.0271
  0.0274  0.0273  0.0272  0.0273  0.0273  0.0273  0.0273  0.0275  0.0273  0.0273  0.0271  0.0271
registration optimization eta report
parameter search radius
    0.8000    0.8000    0.8000    2.4000    2.4000    2.4000
    2.4000    2.4000    2.4000    2.4000    2.4000    2.4000
100000*second partial in parameter space
       51.       41.       22.        5.        4.        4.
        5.        8.        5.        5.        1.        2.
  0.0274  0.0273  0.0272  0.0273  0.0273  0.0273  0.0273  0.0275  0.0273  0.0273  0.0271  0.0271
  0.0272  0.0271  0.0271  0.0272  0.0271  0.0272  0.0272  0.0272  0.0272  0.0272  0.0271  0.0271
  0.0271  0.0271  0.0271  0.0271  0.0271  0.0271  0.0271  0.0271  0.0271  0.0271  0.0270  0.0270
  0.0270  0.0270  0.0270  0.0270  0.0270  0.0270  0.0270  0.0270  0.0270  0.0270  0.0270  0.0270
  0.0271  0.0271  0.0270  0.0271  0.0271  0.0271  0.0271  0.0271  0.0271  0.0271  0.0270  0.0270
  0.0272  0.0272  0.0271  0.0272  0.0271  0.0271  0.0272  0.0272  0.0272  0.0272  0.0271  0.0271
  0.0274  0.0273  0.0272  0.0273  0.0273  0.0273  0.0273  0.0275  0.0273  0.0273  0.0271  0.0271
   -3.8570   -0.9501    8.7486  -12.4971  -25.9455  -17.5103
   -0.8758    1.1867    0.8650   32.7400   -0.8452  -29.4437
eta,q 0.97297  6.44407

---------------------------------------------------------------------
compute_vox2vox talsrcimg talsrcimg_to_711-2C_as_mni_average_305_t4 /opt/freesurfer/average/711-2C_as_mni_average_305
---------------------------------------------------------------------

freesurfer compute_vox2vox.c
Reading: talsrcimg.4dfp.ifh
Reading: talsrcimg_to_711-2C_as_mni_average_305_t4
Reading: /opt/freesurfer/average/711-2C_as_mni_average_305.4dfp.ifh
Writing: talsrcimg_to_711-2C_as_mni_average_305_t4_vox2vox.txt

start time Fri Mar 13 22:06:17 CET 2026
end		time Fri Mar 13 22:07:45 CET 2026

mpr2mni305 success

avi2talxfm orig_nu.mgz /opt/freesurfer/average/mni305.cor.mgz talsrcimg_to_711-2C_as_mni_average_305_t4_vox2vox.txt transforms/talairach.auto.xfm
avi2talxfm done
mv -f /out/sourcedata/freesurfer/sub-v2s7x29659_ses-1/mri/talsrcimg_to_711-2C_as_mni_average_305_t4_vox2vox.txt /out/sourcedata/freesurfer/sub-v2s7x29659_ses-1/mri/transforms/talsrcimg_to_711-2C_as_mni_average_305_t4_vox2vox.txt
lta_convert --src orig_nu.mgz --trg /opt/freesurfer/average/mni305.cor.mgz --inxfm transforms/talairach.auto.xfm --outlta transforms/talairach.auto.xfm.lta --subject fsaverage
7.3.2

--src: orig_nu.mgz src image (geometry).
--trg: /opt/freesurfer/average/mni305.cor.mgz trg image (geometry).
--inmni: transforms/talairach.auto.xfm input MNI/XFM transform.
--outlta: transforms/talairach.auto.xfm.lta output LTA.
--s: fsaverage subject name
 LTA read, type : 1
 1.14258  -0.01883   0.00603   3.48692;
 0.00600   1.04694   0.41633  -28.37994;
-0.01600  -0.46264   1.16622  -37.56271;
 0.00000   0.00000   0.00000   1.00000;
setting subject to fsaverage
Writing  LTA to file transforms/talairach.auto.xfm.lta...
lta_convert successful.
 
 
Started at Fri Mar 13 22:06:17 CET 2026
Ended   at Fri Mar 13 22:07:45 CET 2026
talairach_avi done
