/out/sourcedata/freesurfer/sub-v2s7x29658_ses-1/mri
/opt/freesurfer/bin/talairach_avi
--i orig_nu.mgz --xfm transforms/talairach.auto.xfm
talairach_avi 7.3.2
Linux dna068 5.14.0-427.37.1.el9_4.x86_64 #1 SMP PREEMPT_DYNAMIC Fri Sep 13 12:41:50 EDT 2024 x86_64 x86_64 x86_64 GNU/Linux
Fri Mar 13 22:04:43 CET 2026
mri_convert orig_nu.mgz talsrcimg.img 
reading from orig_nu.mgz...
TR=0.00, TE=0.00, TI=0.00, flip angle=0.00
i_ras = (-1, 0, 0)
j_ras = (0, 0, -1)
k_ras = (0, 1, 0)
writing to talsrcimg.img...
Analyze Output Matrix
-1.00000   0.00000   0.00000   132.71609;
 0.00000   0.00000   1.00000  -125.78757;
 0.00000  -1.00000   0.00000   174.59454;
 0.00000   0.00000   0.00000   1.00000;
--------------------
INFO: set hdr.hist.orient to -1
mpr2mni305 talsrcimg
Fri Mar 13 22:04:43 CET 2026
/opt/freesurfer/bin/mpr2mni305 talsrcimg
mpr2mni305 7.3.2
target=711-2C_as_mni_average_305

---------------------------------------------------------------------
analyzeto4dfp talsrcimg -O0 -y
---------------------------------------------------------------------

freesurfer ifh2hdr.c
Fri Mar 13 22:04:43 2026
Writing: talsrcimg.4dfp.hdr
freesurfer analyzeto4dfp.c
Reading: talsrcimg.hdr
header size 348 bytes
hdr.dime.datatype	offset=70	value=2
hdr.dime.bitpix		offset=72	value=8
hdr.hist.orient		offset=252	value=-1
dimensionality     4
dimensions       256       256       256         1
Reading: talsrcimg.img
Writing: talsrcimg.4dfp.img
Writing: talsrcimg.4dfp.ifh
ifh2hdr talsrcimg -r0to255
ori=2

---------------------------------------------------------------------
gauss_4dfp talsrcimg 1.1
---------------------------------------------------------------------

freesurfer gauss_4dfp.c
Reading: talsrcimg.4dfp.img
Writing: talsrcimg_g11.4dfp.img
image dimensions 256 256 256 padded to 288 288 288
processing volume 1freesurfer ifh2hdr.c
Fri Mar 13 22:04:45 2026
Writing: talsrcimg_g11.4dfp.hdr

Writing: talsrcimg_g11.4dfp.ifh
including: talsrcimg.4dfp.img.rec in talsrcimg_g11.4dfp.img.rec

---------------------------------------------------------------------
imgreg_4dfp /opt/freesurfer/average/711-2C_as_mni_average_305 none talsrcimg_g11 none talsrcimg_to_711-2C_as_mni_average_305_t4 4355
---------------------------------------------------------------------

freesurfer imgreg_4dfp.c
/opt/freesurfer/average/711-2C_as_mni_average_305.4dfp.img
       256       256       256         1
  1.000000  1.000000  1.000000
orientation T byte_order littleendian
Reading image: /opt/freesurfer/average/711-2C_as_mni_average_305.4dfp.img
dimensions:      256       256       256
mmppix:       1.0000   -1.0000   -1.0000
center:     128.0000 -129.0000 -129.0000
talsrcimg_g11.4dfp.img
       256       256       256         1
  1.000000  1.000000  1.000000
orientation T byte_order littleendian
Reading image: talsrcimg_g11.4dfp.img
dimensions:      256       256       256
mmppix:       1.0000   -1.0000   -1.0000
center:     128.0000 -129.0000 -129.0000
t4_read: open error in t4_sub.f l:  41 t4_file(1:l)talsrcimg_to_711-2C_as_mni_average_305_t4 
t4_read: transform initialized to I4
rotation matrix determinant  1.000000
image alignment mode   4355 decimal     1103 hex
   -7.5000  -45.0000  -45.0000 7819.2148   12.1952
    0.0000  -45.0000  -45.0000 8172.9517   12.1889
    7.5000  -45.0000  -45.0000 7882.5747   12.1979
   -7.5000  -37.5000  -45.0000 8138.6406   12.1989
    0.0000  -37.5000  -45.0000 8522.6299   12.1894
    7.5000  -37.5000  -45.0000 8194.2305   12.1964
   -7.5000  -30.0000  -45.0000 8744.7969   12.2133
    0.0000  -30.0000  -45.0000 9178.7021   12.2052
    7.5000  -30.0000  -45.0000 8791.1992   12.2063
   -7.5000  -22.5000  -45.0000 9333.1758   12.2222
    0.0000  -22.5000  -45.0000 9771.5830   12.2186
    7.5000  -22.5000  -45.0000 9377.8633   12.2168
   -7.5000  -15.0000  -45.0000 9860.1494   12.2184
    0.0000  -15.0000  -45.000010302.6719   12.2179
    7.5000  -15.0000  -45.0000 9909.2822   12.2182
   -7.5000   -7.5000  -45.000010332.4170   12.2059
    0.0000   -7.5000  -45.000010772.1953   12.2040
    7.5000   -7.5000  -45.000010349.7793   12.2093
   -7.5000    0.0000  -45.000010743.9629   12.1952
    0.0000    0.0000  -45.000011152.6982   12.1889
    7.5000    0.0000  -45.000010698.6650   12.1979
   -7.5000    7.5000  -45.000010024.9150   12.1989
    0.0000    7.5000  -45.000010392.4541   12.1894
    7.5000    7.5000  -45.0000 9973.6064   12.1964
   -7.5000   15.0000  -45.0000 9263.1826   12.2133
    0.0000   15.0000  -45.0000 9598.9443   12.2052
    7.5000   15.0000  -45.0000 9228.1152   12.2063
   -7.5000   22.5000  -45.0000 8492.6973   12.2205
    0.0000   22.5000  -45.0000 8826.2021   12.2170
    7.5000   22.5000  -45.0000 8474.2148   12.2151
   -7.5000   30.0000  -45.0000 7793.3325   12.0555
    0.0000   30.0000  -45.0000 8105.3677   12.0551
    7.5000   30.0000  -45.0000 7763.4175   12.0554
   -7.5000   37.5000  -45.0000 7389.1436   12.0433
    0.0000   37.5000  -45.0000 7696.7158   12.0414
    7.5000   37.5000  -45.0000 7364.8145   12.0466
   -7.5000   45.0000  -45.0000 6664.5264   11.7465
    0.0000   45.0000  -45.0000 6942.8657   11.7401
    7.5000   45.0000  -45.0000 6654.1426   11.7483
   -7.5000  -45.0000  -37.5000 8416.6133   12.0905
    0.0000  -45.0000  -37.5000 8799.6865   12.0800
    7.5000  -45.0000  -37.5000 8479.1094   12.0889
   -7.5000  -37.5000  -37.5000 8762.4004   12.0936
    0.0000  -37.5000  -37.5000 9162.0107   12.0786
    7.5000  -37.5000  -37.5000 8801.3262   12.0840
   -7.5000  -30.0000  -37.5000 9384.9102   12.1057
    0.0000  -30.0000  -37.5000 9819.2666   12.0917
    7.5000  -30.0000  -37.5000 9437.3408   12.0912
   -7.5000  -22.5000  -37.5000 9997.7646   12.1130
    0.0000  -22.5000  -37.500010460.9941   12.1048
    7.5000  -22.5000  -37.500010059.3594   12.1027
   -7.5000  -15.0000  -37.500010554.0205   12.1097
    0.0000  -15.0000  -37.500011061.4834   12.1064
    7.5000  -15.0000  -37.500010613.2324   12.1080
   -7.5000   -7.5000  -37.500011043.1514   12.0992
    0.0000   -7.5000  -37.500011539.4082   12.0947
    7.5000   -7.5000  -37.500011062.3848   12.1014
   -7.5000    0.0000  -37.500011457.4795   12.0905
    0.0000    0.0000  -37.500011951.1807   12.0800
    7.5000    0.0000  -37.500011434.8203   12.0889
   -7.5000    7.5000  -37.500010732.2246   12.0936
    0.0000    7.5000  -37.500011174.2109   12.0786
    7.5000    7.5000  -37.500010696.9609   12.0840
   -7.5000   15.0000  -37.5000 9892.8379   12.1057
    0.0000   15.0000  -37.500010292.8076   12.0917
    7.5000   15.0000  -37.5000 9869.3408   12.0912
   -7.5000   22.5000  -37.5000 9065.2002   12.1114
    0.0000   22.5000  -37.5000 9444.0928   12.1032
    7.5000   22.5000  -37.5000 9019.3213   12.1010
   -7.5000   30.0000  -37.5000 8283.3252   11.9483
    0.0000   30.0000  -37.5000 8643.9600   11.9450
    7.5000   30.0000  -37.5000 8244.0293   11.9466
   -7.5000   37.5000  -37.5000 7828.2729   11.9380
    0.0000   37.5000  -37.5000 8170.3521   11.9335
    7.5000   37.5000  -37.5000 7791.8643   11.9401
   -7.5000   45.0000  -37.5000 7047.6753   11.6475
    0.0000   45.0000  -37.5000 7348.0225   11.6369
    7.5000   45.0000  -37.5000 7007.8203   11.6450
   -7.5000  -45.0000  -30.0000 9215.2998   12.5509
    0.0000  -45.0000  -30.0000 9654.2754   12.5367
    7.5000  -45.0000  -30.0000 9260.9590   12.5472
   -7.5000  -37.5000  -30.0000 9574.5713   12.5540
    0.0000  -37.5000  -30.000010046.3066   12.5347
    7.5000  -37.5000  -30.0000 9611.9258   12.5397
   -7.5000  -30.0000  -30.000010236.3516   12.5652
    0.0000  -30.0000  -30.000010730.0264   12.5488
    7.5000  -30.0000  -30.000010275.6855   12.5465
   -7.5000  -22.5000  -30.000010881.2217   12.5719
    0.0000  -22.5000  -30.000011407.6973   12.5641
    7.5000  -22.5000  -30.000010949.7188   12.5607
   -7.5000  -15.0000  -30.000011476.1016   12.5687
    0.0000  -15.0000  -30.000012039.0977   12.5667
    7.5000  -15.0000  -30.000011534.2656   12.5689
   -7.5000   -7.5000  -30.000011982.0361   12.5589
    0.0000   -7.5000  -30.000012548.8994   12.5534
    7.5000   -7.5000  -30.000012013.5684   12.5623
   -7.5000    0.0000  -30.000012424.0342   12.5509
    0.0000    0.0000  -30.000012983.9189   12.5367
    7.5000    0.0000  -30.000012400.5547   12.5472
   -7.5000    7.5000  -30.000011660.9814   12.5540
    0.0000    7.5000  -30.000012180.1973   12.5347
    7.5000    7.5000  -30.000011633.7910   12.5397
   -7.5000   15.0000  -30.000010706.7109   12.5652
    0.0000   15.0000  -30.000011186.8047   12.5488
    7.5000   15.0000  -30.000010689.4092   12.5465
   -7.5000   22.5000  -30.0000 9787.6611   12.5689
    0.0000   22.5000  -30.000010228.7207   12.5611
    7.5000   22.5000  -30.0000 9768.9502   12.5577
   -7.5000   30.0000  -30.0000 8937.6309   12.4024
    0.0000   30.0000  -30.0000 9338.1719   12.4004
    7.5000   30.0000  -30.0000 8902.8877   12.4026
   -7.5000   37.5000  -30.0000 8439.4902   12.3927
    0.0000   37.5000  -30.0000 8784.9365   12.3873
    7.5000   37.5000  -30.0000 8385.1084   12.3960
   -7.5000   45.0000  -30.0000 7591.2783   12.1008
    0.0000   45.0000  -30.0000 7881.7734   12.0867
    7.5000   45.0000  -30.0000 7512.9224   12.0965
   -7.5000  -45.0000  -22.500010038.6123   12.9580
    0.0000  -45.0000  -22.500010537.9521   12.9438
    7.5000  -45.0000  -22.500010088.3506   12.9566
   -7.5000  -37.5000  -22.500010406.8252   12.9595
    0.0000  -37.5000  -22.500010928.6787   12.9415
    7.5000  -37.5000  -22.500010443.2725   12.9483
   -7.5000  -30.0000  -22.500011130.0215   12.9728
    0.0000  -30.0000  -22.500011671.7861   12.9605
    7.5000  -30.0000  -22.500011163.8506   12.9589
   -7.5000  -22.5000  -22.500011810.1992   12.9834
    0.0000  -22.5000  -22.500012392.8721   12.9813
    7.5000  -22.5000  -22.500011866.7676   12.9776
   -7.5000  -15.0000  -22.500012440.5928   12.9820
    0.0000  -15.0000  -22.500013043.6943   12.9845
    7.5000  -15.0000  -22.500012490.7617   12.9866
   -7.5000   -7.5000  -22.500012973.6982   12.9699
    0.0000   -7.5000  -22.500013581.7148   12.9661
    7.5000   -7.5000  -22.500012990.9824   12.9762
   -7.5000    0.0000  -22.500013432.8594   12.9580
    0.0000    0.0000  -22.500014052.7061   12.9438
    7.5000    0.0000  -22.500013402.0195   12.9566
   -7.5000    7.5000  -22.500012606.8457   12.9595
    0.0000    7.5000  -22.500013197.2529   12.9415
    7.5000    7.5000  -22.500012575.5645   12.9483
   -7.5000   15.0000  -22.500011534.8506   12.9728
    0.0000   15.0000  -22.500012078.0020   12.9605
    7.5000   15.0000  -22.500011522.0879   12.9589
   -7.5000   22.5000  -22.500010507.0928   12.9793
    0.0000   22.5000  -22.500010978.6748   12.9773
    7.5000   22.5000  -22.500010502.0693   12.9736
   -7.5000   30.0000  -22.5000 9588.2832   12.8122
    0.0000   30.0000  -22.500010029.0723   12.8147
    7.5000   30.0000  -22.5000 9560.0605   12.8167
   -7.5000   37.5000  -22.5000 9025.7676   12.8002
    0.0000   37.5000  -22.5000 9407.6084   12.7965
    7.5000   37.5000  -22.5000 8981.7139   12.8064
   -7.5000   45.0000  -22.5000 8110.0767   12.5011
    0.0000   45.0000  -22.5000 8423.8438   12.4873
    7.5000   45.0000  -22.5000 8036.7656   12.4997
   -7.5000  -45.0000  -15.000010874.7783   13.2658
    0.0000  -45.0000  -15.000011430.3955   13.2549
    7.5000  -45.0000  -15.000010936.1826   13.2683
   -7.5000  -37.5000  -15.000011267.6348   13.2662
    0.0000  -37.5000  -15.000011838.1631   13.2529
    7.5000  -37.5000  -15.000011318.1602   13.2618
   -7.5000  -30.0000  -15.000012060.9414   13.2832
    0.0000  -30.0000  -15.000012658.3281   13.2764
    7.5000  -30.0000  -15.000012105.0908   13.2769
   -7.5000  -22.5000  -15.000012823.8818   13.2984
    0.0000  -22.5000  -15.000013446.1289   13.3010
    7.5000  -22.5000  -15.000012849.1045   13.2980
   -7.5000  -15.0000  -15.000013468.9824   13.2985
    0.0000  -15.0000  -15.000014111.7695   13.3040
    7.5000  -15.0000  -15.000013470.8242   13.3049
   -7.5000   -7.5000  -15.000014009.8994   13.2829
    0.0000   -7.5000  -15.000014676.0703   13.2813
    7.5000   -7.5000  -15.000014024.3848   13.2903
   -7.5000    0.0000  -15.000014415.2998   13.2658
    0.0000    0.0000  -15.000015096.0176   13.2549
    7.5000    0.0000  -15.000014399.4307   13.2683
   -7.5000    7.5000  -15.000013539.9775   13.2662
    0.0000    7.5000  -15.000014191.5020   13.2529
    7.5000    7.5000  -15.000013511.8193   13.2618
   -7.5000   15.0000  -15.000012405.2344   13.2832
    0.0000   15.0000  -15.000012992.3467   13.2764
    7.5000   15.0000  -15.000012388.0107   13.2769
   -7.5000   22.5000  -15.000011275.2031   13.2937
    0.0000   22.5000  -15.000011778.0645   13.2963
    7.5000   22.5000  -15.000011286.7539   13.2933
   -7.5000   30.0000  -15.000010263.2969   13.1264
    0.0000   30.0000  -15.000010727.6367   13.1318
    7.5000   30.0000  -15.000010252.8252   13.1327
   -7.5000   37.5000  -15.0000 9613.4111   13.1110
    0.0000   37.5000  -15.000010040.5205   13.1094
    7.5000   37.5000  -15.0000 9576.2383   13.1183
   -7.5000   45.0000  -15.0000 8622.8516   12.8035
    0.0000   45.0000  -15.0000 8972.9170   12.7931
    7.5000   45.0000  -15.0000 8558.5781   12.8062
   -7.5000  -45.0000   -7.500011775.4053   13.4089
    0.0000  -45.0000   -7.500012374.5127   13.4012
    7.5000  -45.0000   -7.500011824.9316   13.4125
   -7.5000  -37.5000   -7.500012192.0781   13.4101
    0.0000  -37.5000   -7.500012812.9502   13.4001
    7.5000  -37.5000   -7.500012235.0684   13.4091
   -7.5000  -30.0000   -7.500013041.3145   13.4288
    0.0000  -30.0000   -7.500013710.1572   13.4232
    7.5000  -30.0000   -7.500013083.7012   13.4251
   -7.5000  -22.5000   -7.500013849.2910   13.4444
    0.0000  -22.5000   -7.500014572.0254   13.4454
    7.5000  -22.5000   -7.500013876.5107   13.4433
   -7.5000  -15.0000   -7.500014542.9482   13.4436
    0.0000  -15.0000   -7.500015282.0723   13.4468
    7.5000  -15.0000   -7.500014546.3701   13.4469
   -7.5000   -7.5000   -7.500015101.5176   13.4268
    0.0000   -7.5000   -7.500015876.7432   13.4255
    7.5000   -7.5000   -7.500015128.9795   13.4320
   -7.5000    0.0000   -7.500015466.4443   13.4089
    0.0000    0.0000   -7.500016250.0957   13.4012
    7.5000    0.0000   -7.500015431.4609   13.4125
   -7.5000    7.5000   -7.500014524.4219   13.4101
    0.0000    7.5000   -7.500015254.7949   13.4001
    7.5000    7.5000   -7.500014503.4922   13.4091
   -7.5000   15.0000   -7.500013309.7002   13.4288
    0.0000   15.0000   -7.500013952.5557   13.4232
    7.5000   15.0000   -7.500013315.7256   13.4251
   -7.5000   22.5000   -7.500012103.7607   13.4382
    0.0000   22.5000   -7.500012660.4746   13.4392
    7.5000   22.5000   -7.500012096.5293   13.4371
   -7.5000   30.0000   -7.500010955.0742   13.2693
    0.0000   30.0000   -7.500011454.6182   13.2724
    7.5000   30.0000   -7.500010938.5381   13.2725
   -7.5000   37.5000   -7.500010252.3721   13.2527
    0.0000   37.5000   -7.500010706.5166   13.2514
    7.5000   37.5000   -7.500010203.5918   13.2578
   -7.5000   45.0000   -7.5000 9181.9023   12.9433
    0.0000   45.0000   -7.5000 9562.2207   12.9357
    7.5000   45.0000   -7.5000 9123.5469   12.9466
   -7.5000  -45.0000    0.000012608.4531   13.4270
    0.0000  -45.0000    0.000013259.1104   13.4192
    7.5000  -45.0000    0.000012651.9131   13.4285
   -7.5000  -37.5000    0.000013060.2666   13.4303
    0.0000  -37.5000    0.000013725.3877   13.4192
    7.5000  -37.5000    0.000013085.8779   13.4267
   -7.5000  -30.0000    0.000013940.4756   13.4476
    0.0000  -30.0000    0.000014658.9336   13.4381
    7.5000  -30.0000    0.000013977.4189   13.4397
   -7.5000  -22.5000    0.000014789.6240   13.4595
    0.0000  -22.5000    0.000015568.1582   13.4548
    7.5000  -22.5000    0.000014809.8184   13.4532
   -7.5000  -15.0000    0.000015549.5293   13.4563
    0.0000  -15.0000    0.000016370.9326   13.4548
    7.5000  -15.0000    0.000015520.1865   13.4552
   -7.5000   -7.5000    0.000016147.5645   13.4411
    0.0000   -7.5000    0.000017026.4023   13.4381
    7.5000   -7.5000    0.000016138.2500   13.4435
   -7.5000    0.0000    0.000016493.3301   13.4270
    0.0000    0.0000    0.000017341.0195   13.4192
    7.5000    0.0000    0.000016425.3008   13.4285
   -7.5000    7.5000    0.000015462.0391   13.4303
    0.0000    7.5000    0.000016250.1426   13.4192
    7.5000    7.5000    0.000015408.2900   13.4267
   -7.5000   15.0000    0.000014142.7383   13.4476
    0.0000   15.0000    0.000014847.3164   13.4381
    7.5000   15.0000    0.000014148.1826   13.4397
   -7.5000   22.5000    0.000012868.8750   13.4533
    0.0000   22.5000    0.000013491.6758   13.4486
    7.5000   22.5000    0.000012854.3994   13.4470
   -7.5000   30.0000    0.000011640.8506   13.2821
    0.0000   30.0000    0.000012188.0273   13.2807
    7.5000   30.0000    0.000011612.1055   13.2810
   -7.5000   37.5000    0.000010887.9502   13.2672
    0.0000   37.5000    0.000011367.3428   13.2642
    7.5000   37.5000    0.000010821.3145   13.2695
   -7.5000   45.0000    0.0000 9744.6201   12.9631
    0.0000   45.0000    0.000010140.7314   12.9551
    7.5000   45.0000    0.0000 9659.8965   12.9638
   -7.5000  -45.0000    7.500012494.8018   13.4308
    0.0000  -45.0000    7.500013127.8154   13.4193
    7.5000  -45.0000    7.500012506.2344   13.4286
   -7.5000  -37.5000    7.500012966.5098   13.4356
    0.0000  -37.5000    7.500013614.8232   13.4191
    7.5000  -37.5000    7.500012970.4971   13.4248
   -7.5000  -30.0000    7.500013833.5908   13.4498
    0.0000  -30.0000    7.500014503.9199   13.4344
    7.5000  -30.0000    7.500013829.1445   13.4337
   -7.5000  -22.5000    7.500014646.1943   13.4573
    0.0000  -22.5000    7.500015375.0459   13.4482
    7.5000  -22.5000    7.500014588.7324   13.4457
   -7.5000  -15.0000    7.500015393.3906   13.4524
    0.0000  -15.0000    7.500016161.8145   13.4486
    7.5000  -15.0000    7.500015276.8857   13.4501
   -7.5000   -7.5000    7.500015986.2383   13.4401
    0.0000   -7.5000    7.500016823.3984   13.4350
    7.5000   -7.5000    7.500015876.4541   13.4420
   -7.5000    0.0000    7.500016276.0371   13.4308
    0.0000    0.0000    7.500017070.9199   13.4193
    7.5000    0.0000    7.500016141.9346   13.4286
   -7.5000    7.5000    7.500015265.9766   13.4356
    0.0000    7.5000    7.500015975.3311   13.4191
    7.5000    7.5000    7.500015142.8184   13.4248
   -7.5000   15.0000    7.500013955.1055   13.4498
    0.0000   15.0000    7.500014632.8447   13.4344
    7.5000   15.0000    7.500013926.5723   13.4337
   -7.5000   22.5000    7.500012740.6436   13.4511
    0.0000   22.5000    7.500013362.6553   13.4420
    7.5000   22.5000    7.500012686.7197   13.4395
   -7.5000   30.0000    7.500011501.7734   13.2783
    0.0000   30.0000    7.500012084.8271   13.2745
    7.5000   30.0000    7.500011453.1650   13.2760
   -7.5000   37.5000    7.500010709.7197   13.2662
    0.0000   37.5000    7.500011241.2441   13.2611
    7.5000   37.5000    7.500010645.9834   13.2680
   -7.5000   45.0000    7.5000 9528.4443   12.9691
    0.0000   45.0000    7.5000 9957.6660   12.9573
    7.5000   45.0000    7.5000 9453.3193   12.9659
   -7.5000  -45.0000   15.000012168.8164   13.4430
    0.0000  -45.0000   15.000012815.8174   13.4278
    7.5000  -45.0000   15.000012219.1045   13.4390
   -7.5000  -37.5000   15.000012694.6318   13.4469
    0.0000  -37.5000   15.000013340.5469   13.4263
    7.5000  -37.5000   15.000012713.1758   13.4316
   -7.5000  -30.0000   15.000013658.9678   13.4591
    0.0000  -30.0000   15.000014341.1729   13.4417
    7.5000  -30.0000   15.000013603.8164   13.4392
   -7.5000  -22.5000   15.000014518.0430   13.4660
    0.0000  -22.5000   15.000015200.8076   13.4577
    7.5000  -22.5000   15.000014333.3643   13.4540
   -7.5000  -15.0000   15.000015228.4199   13.4620
    0.0000  -15.0000   15.000015862.8213   13.4599
    7.5000  -15.0000   15.000014960.9346   13.4623
   -7.5000   -7.5000   15.000015769.6992   13.4512
    0.0000   -7.5000   15.000016429.4492   13.4454
    7.5000   -7.5000   15.000015536.0156   13.4549
   -7.5000    0.0000   15.000015971.4961   13.4430
    0.0000    0.0000   15.000016649.9238   13.4278
    7.5000    0.0000   15.000015769.5645   13.4390
   -7.5000    7.5000   15.000014912.1396   13.4469
    0.0000    7.5000   15.000015616.8477   13.4263
    7.5000    7.5000   15.000014762.9072   13.4316
   -7.5000   15.0000   15.000013627.7773   13.4591
    0.0000   15.0000   15.000014333.0127   13.4417
    7.5000   15.0000   15.000013562.6221   13.4392
   -7.5000   22.5000   15.000012437.4053   13.4598
    0.0000   22.5000   15.000013088.0703   13.4515
    7.5000   22.5000   15.000012367.9111   13.4478
   -7.5000   30.0000   15.000011229.8096   13.2878
    0.0000   30.0000   15.000011831.0693   13.2857
    7.5000   30.0000   15.000011172.8730   13.2880
   -7.5000   37.5000   15.000010452.3057   13.2772
    0.0000   37.5000   15.000010988.6230   13.2714
    7.5000   37.5000   15.000010384.6338   13.2807
   -7.5000   45.0000   15.0000 9251.3193   12.9818
    0.0000   45.0000   15.0000 9706.3945   12.9667
    7.5000   45.0000   15.0000 9178.7109   12.9772
   -7.5000  -45.0000   22.500011706.3818   13.4511
    0.0000  -45.0000   22.500012305.0957   13.4364
    7.5000  -45.0000   22.500011751.4932   13.4497
   -7.5000  -37.5000   22.500012227.0049   13.4527
    0.0000  -37.5000   22.500012893.9648   13.4340
    7.5000  -37.5000   22.500012253.2617   13.4411
   -7.5000  -30.0000   22.500013287.3965   13.4665
    0.0000  -30.0000   22.500014033.2217   13.4537
    7.5000  -30.0000   22.500013234.9463   13.4521
   -7.5000  -22.5000   22.500014265.8418   13.4775
    0.0000  -22.5000   22.500014978.4717   13.4753
    7.5000  -22.5000   22.500014113.2607   13.4715
   -7.5000  -15.0000   22.500015015.9219   13.4761
    0.0000  -15.0000   22.500015674.2598   13.4787
    7.5000  -15.0000   22.500014785.3584   13.4808
   -7.5000   -7.5000   22.500015473.5664   13.4635
    0.0000   -7.5000   22.500016138.3701   13.4595
    7.5000   -7.5000   22.500015244.4561   13.4700
   -7.5000    0.0000   22.500015502.1758   13.4511
    0.0000    0.0000   22.500016202.7012   13.4364
    7.5000    0.0000   22.500015302.8672   13.4497
   -7.5000    7.5000   22.500014385.4189   13.4527
    0.0000    7.5000   22.500015099.2432   13.4340
    7.5000    7.5000   22.500014242.5547   13.4411
   -7.5000   15.0000   22.500013146.9521   13.4665
    0.0000   15.0000   22.500013825.0068   13.4537
    7.5000   15.0000   22.500013043.3398   13.4521
   -7.5000   22.5000   22.500011984.6416   13.4713
    0.0000   22.5000   22.500012609.1602   13.4691
    7.5000   22.5000   22.500011901.0078   13.4653
   -7.5000   30.0000   22.500010859.1660   13.3017
    0.0000   30.0000   22.500011443.1982   13.3043
    7.5000   30.0000   22.500010794.5449   13.3064
   -7.5000   37.5000   22.500010100.6377   13.2892
    0.0000   37.5000   22.500010633.9717   13.2854
    7.5000   37.5000   22.500010030.6797   13.2957
   -7.5000   45.0000   22.5000 8931.5557   12.9881
    0.0000   45.0000   22.5000 9377.8613   12.9738
    7.5000   45.0000   22.5000 8830.0195   12.9867
   -7.5000  -45.0000   30.000011199.6064   13.4479
    0.0000  -45.0000   30.000011734.2803   13.4368
    7.5000  -45.0000   30.000011206.0703   13.4504
   -7.5000  -37.5000   30.000011688.5488   13.4482
    0.0000  -37.5000   30.000012314.1299   13.4348
    7.5000  -37.5000   30.000011685.6299   13.4438
   -7.5000  -30.0000   30.000012589.4131   13.4655
    0.0000  -30.0000   30.000013326.0039   13.4586
    7.5000  -30.0000   30.000012572.0830   13.4591
   -7.5000  -22.5000   30.000013475.5908   13.4809
    0.0000  -22.5000   30.000014254.4414   13.4836
    7.5000  -22.5000   30.000013463.6709   13.4805
   -7.5000  -15.0000   30.000014292.7021   13.4810
    0.0000  -15.0000   30.000015089.0400   13.4865
    7.5000  -15.0000   30.000014199.3984   13.4875
   -7.5000   -7.5000   30.000014799.0742   13.4652
    0.0000   -7.5000   30.000015581.6348   13.4636
    7.5000   -7.5000   30.000014637.5293   13.4727
   -7.5000    0.0000   30.000014758.5332   13.4479
    0.0000    0.0000   30.000015502.2871   13.4368
    7.5000    0.0000   30.000014605.4668   13.4504
   -7.5000    7.5000   30.000013654.9277   13.4482
    0.0000    7.5000   30.000014311.6338   13.4348
    7.5000    7.5000   30.000013528.8604   13.4438
   -7.5000   15.0000   30.000012515.6484   13.4655
    0.0000   15.0000   30.000013097.2441   13.4586
    7.5000   15.0000   30.000012407.6719   13.4591
   -7.5000   22.5000   30.000011434.3594   13.4747
    0.0000   22.5000   30.000011950.8008   13.4774
    7.5000   22.5000   30.000011359.6260   13.4743
   -7.5000   30.0000   30.000010352.3887   13.3066
    0.0000   30.0000   30.000010847.7480   13.3120
    7.5000   30.0000   30.000010287.9688   13.3129
   -7.5000   37.5000   30.0000 9606.3887   13.2909
    0.0000   37.5000   30.000010081.5742   13.2894
    7.5000   37.5000   30.0000 9545.6865   13.2984
   -7.5000   45.0000   30.0000 8506.1738   12.9826
    0.0000   45.0000   30.0000 8916.9629   12.9721
    7.5000   45.0000   30.0000 8408.1309   12.9854
   -7.5000  -45.0000   37.500011018.4902   13.4374
    0.0000  -45.0000   37.500011591.2461   13.4297
    7.5000  -45.0000   37.500011040.4062   13.4410
   -7.5000  -37.5000   37.500011459.7305   13.4386
    0.0000  -37.5000   37.500012101.3662   13.4286
    7.5000  -37.5000   37.500011479.4443   13.4376
   -7.5000  -30.0000   37.500012303.6826   13.4573
    0.0000  -30.0000   37.500012963.6211   13.4517
    7.5000  -30.0000   37.500012318.6738   13.4536
   -7.5000  -22.5000   37.500013098.9814   13.4730
    0.0000  -22.5000   37.500013738.6748   13.4740
    7.5000  -22.5000   37.500013114.2529   13.4719
   -7.5000  -15.0000   37.500013833.2705   13.4722
    0.0000  -15.0000   37.500014471.2461   13.4754
    7.5000  -15.0000   37.500013807.0303   13.4755
   -7.5000   -7.5000   37.500014421.1514   13.4554
    0.0000   -7.5000   37.500015073.5107   13.4541
    7.5000   -7.5000   37.500014337.9453   13.4606
   -7.5000    0.0000   37.500014433.9395   13.4374
    0.0000    0.0000   37.500015069.2197   13.4297
    7.5000    0.0000   37.500014334.0029   13.4410
   -7.5000    7.5000   37.500013384.2490   13.4386
    0.0000    7.5000   37.500013960.3896   13.4286
    7.5000    7.5000   37.500013276.3633   13.4376
   -7.5000   15.0000   37.500012281.3438   13.4573
    0.0000   15.0000   37.500012816.8613   13.4517
    7.5000   15.0000   37.500012181.0459   13.4536
   -7.5000   22.5000   37.500011210.0176   13.4668
    0.0000   22.5000   37.500011707.0645   13.4678
    7.5000   22.5000   37.500011140.1992   13.4657
   -7.5000   30.0000   37.500010102.7373   13.2979
    0.0000   30.0000   37.500010596.9502   13.3010
    7.5000   30.0000   37.500010073.8848   13.3011
   -7.5000   37.5000   37.5000 9371.5645   13.2812
    0.0000   37.5000   37.5000 9821.6836   13.2800
    7.5000   37.5000   37.5000 9319.0312   13.2864
   -7.5000   45.0000   37.5000 8311.9678   12.9718
    0.0000   45.0000   37.5000 8704.1260   12.9642
    7.5000   45.0000   37.5000 8234.7422   12.9752
   -7.5000  -45.0000   45.000010291.9561   13.4379
    0.0000  -45.0000   45.000010817.1562   13.4295
    7.5000  -45.0000   45.000010308.7803   13.4389
   -7.5000  -37.5000   45.000010699.1201   13.4416
    0.0000  -37.5000   45.000011236.7529   13.4301
    7.5000  -37.5000   45.000010704.4297   13.4377
   -7.5000  -30.0000   45.000011448.5176   13.4595
    0.0000  -30.0000   45.000011976.9014   13.4498
    7.5000  -30.0000   45.000011466.8906   13.4514
   -7.5000  -22.5000   45.000012146.3477   13.4715
    0.0000  -22.5000   45.000012654.0547   13.4667
    7.5000  -22.5000   45.000012169.0752   13.4651
   -7.5000  -15.0000   45.000012796.4023   13.4680
    0.0000  -15.0000   45.000013329.0283   13.4661
    7.5000  -15.0000   45.000012799.3184   13.4666
   -7.5000   -7.5000   45.000013397.6943   13.4523
    0.0000   -7.5000   45.000013926.8018   13.4486
    7.5000   -7.5000   45.000013339.7881   13.4542
   -7.5000    0.0000   45.000013453.1338   13.4379
    0.0000    0.0000   45.000013977.2793   13.4295
    7.5000    0.0000   45.000013392.2959   13.4389
   -7.5000    7.5000   45.000012501.4600   13.4416
    0.0000    7.5000   45.000013001.9062   13.4301
    7.5000    7.5000   45.000012430.6055   13.4377
   -7.5000   15.0000   45.000011475.8926   13.4595
    0.0000   15.0000   45.000011963.9756   13.4498
    7.5000   15.0000   45.000011397.6230   13.4514
   -7.5000   22.5000   45.000010479.8311   13.4653
    0.0000   22.5000   45.000010917.0840   13.4605
    7.5000   22.5000   45.000010408.9824   13.4589
   -7.5000   30.0000   45.0000 9405.7402   13.2925
    0.0000   30.0000   45.0000 9846.6914   13.2907
    7.5000   30.0000   45.0000 9386.5928   13.2912
   -7.5000   37.5000   45.0000 8711.5830   13.2770
    0.0000   37.5000   45.0000 9117.5439   13.2734
    7.5000   37.5000   45.0000 8678.2998   13.2789
   -7.5000   45.0000   45.0000 7750.3242   12.9796
    0.0000   45.0000   45.0000 8099.4102   12.9711
    7.5000   45.0000   45.0000 7697.6064   12.9798

---------------------------------------------------------------------
imgreg_4dfp /opt/freesurfer/average/711-2C_as_mni_average_305 /opt/freesurfer/average/711-2B_as_mni_average_305_mask talsrcimg_g11 none talsrcimg_to_711-2C_as_mni_average_305_t4 4355
---------------------------------------------------------------------

freesurfer imgreg_4dfp.c
/opt/freesurfer/average/711-2C_as_mni_average_305.4dfp.img
       256       256       256         1
  1.000000  1.000000  1.000000
orientation T byte_order littleendian
Reading image: /opt/freesurfer/average/711-2C_as_mni_average_305.4dfp.img
dimensions:      256       256       256
mmppix:       1.0000   -1.0000   -1.0000
center:     128.0000 -129.0000 -129.0000
/opt/freesurfer/average/711-2B_as_mni_average_305_mask.4dfp.img
       256       256       256         1
  1.000000  1.000000  1.000000
orientation T byte_order littleendian
Reading mask: /opt/freesurfer/average/711-2B_as_mni_average_305_mask.4dfp.img (2306576 pixels)
talsrcimg_g11.4dfp.img
       256       256       256         1
  1.000000  1.000000  1.000000
orientation T byte_order littleendian
Reading image: talsrcimg_g11.4dfp.img
dimensions:      256       256       256
mmppix:       1.0000   -1.0000   -1.0000
center:     128.0000 -129.0000 -129.0000
rotation matrix determinant  1.000000
image alignment mode   4355 decimal     1103 hex
   -7.5000  -45.0000  -45.0000 2047.0781   13.9255
    0.0000  -45.0000  -45.0000 2064.5457   13.7644
    7.5000  -45.0000  -45.0000 2060.6228   13.7988
   -7.5000  -37.5000  -45.0000 2087.1350   13.2529
    0.0000  -37.5000  -45.0000 2110.5752   13.0540
    7.5000  -37.5000  -45.0000 2099.4412   13.0984
   -7.5000  -30.0000  -45.0000 2111.0415   12.8983
    0.0000  -30.0000  -45.0000 2134.6265   12.7053
    7.5000  -30.0000  -45.0000 2121.1287   12.7573
   -7.5000  -22.5000  -45.0000 2111.9814   12.8673
    0.0000  -22.5000  -45.0000 2136.1045   12.6478
    7.5000  -22.5000  -45.0000 2124.9075   12.7230
   -7.5000  -15.0000  -45.0000 2094.8433   13.0672
    0.0000  -15.0000  -45.0000 2116.5190   12.8705
    7.5000  -15.0000  -45.0000 2110.5649   12.9218
   -7.5000   -7.5000  -45.0000 2063.7253   13.4566
    0.0000   -7.5000  -45.0000 2086.8853   13.2715
    7.5000   -7.5000  -45.0000 2079.0200   13.2996
   -7.5000    0.0000  -45.0000 2022.5773   14.0258
    0.0000    0.0000  -45.0000 2044.7289   13.8003
    7.5000    0.0000  -45.0000 2036.3851   13.8862
   -7.5000    7.5000  -45.0000 1973.4304   14.8329
    0.0000    7.5000  -45.0000 1995.6948   14.5793
    7.5000    7.5000  -45.0000 1981.7131   14.7112
   -7.5000   15.0000  -45.0000 1908.1440   15.9225
    0.0000   15.0000  -45.0000 1927.1296   15.6643
    7.5000   15.0000  -45.0000 1911.7231   15.7940
   -7.5000   22.5000  -45.0000 1820.1161   17.4673
    0.0000   22.5000  -45.0000 1843.8763   17.1923
    7.5000   22.5000  -45.0000 1829.5748   17.3382
   -7.5000   30.0000  -45.0000 1727.4596   19.6272
    0.0000   30.0000  -45.0000 1747.8145   19.4011
    7.5000   30.0000  -45.0000 1730.7073   19.5038
   -7.5000   37.5000  -45.0000 1631.7404   22.5000
    0.0000   37.5000  -45.0000 1648.1445   22.2573
    7.5000   37.5000  -45.0000 1631.9467   22.3699
   -7.5000   45.0000  -45.0000 1516.9835   26.5761
    0.0000   45.0000  -45.0000 1530.3839   26.4185
    7.5000   45.0000  -45.0000 1522.5260   26.5755
   -7.5000  -45.0000  -37.5000 2150.1631   12.7635
    0.0000  -45.0000  -37.5000 2164.4778   12.6180
    7.5000  -45.0000  -37.5000 2158.4216   12.6578
   -7.5000  -37.5000  -37.5000 2192.1255   12.1295
    0.0000  -37.5000  -37.5000 2214.2112   11.9775
    7.5000  -37.5000  -37.5000 2202.4277   12.0118
   -7.5000  -30.0000  -37.5000 2214.4875   11.8111
    0.0000  -30.0000  -37.5000 2230.1331   11.6504
    7.5000  -30.0000  -37.5000 2225.6440   11.6814
   -7.5000  -22.5000  -37.5000 2212.0876   11.7617
    0.0000  -22.5000  -37.5000 2230.8872   11.5904
    7.5000  -22.5000  -37.5000 2227.1711   11.6459
   -7.5000  -15.0000  -37.5000 2200.6655   11.8579
    0.0000  -15.0000  -37.5000 2228.0151   11.7160
    7.5000  -15.0000  -37.5000 2217.9868   11.7293
   -7.5000   -7.5000  -37.5000 2176.9255   12.1751
    0.0000   -7.5000  -37.5000 2204.6265   12.0038
    7.5000   -7.5000  -37.5000 2188.7991   12.0342
   -7.5000    0.0000  -37.5000 2133.6038   12.6685
    0.0000    0.0000  -37.5000 2158.9243   12.4798
    7.5000    0.0000  -37.5000 2146.2578   12.5332
   -7.5000    7.5000  -37.5000 2083.3535   13.4131
    0.0000    7.5000  -37.5000 2107.0190   13.1953
    7.5000    7.5000  -37.5000 2090.8232   13.2874
   -7.5000   15.0000  -37.5000 2013.3987   14.4386
    0.0000   15.0000  -37.5000 2028.7815   14.2061
    7.5000   15.0000  -37.5000 2016.7533   14.3150
   -7.5000   22.5000  -37.5000 1923.3218   15.8652
    0.0000   22.5000  -37.5000 1943.5157   15.5601
    7.5000   22.5000  -37.5000 1923.4307   15.7337
   -7.5000   30.0000  -37.5000 1817.2065   17.8238
    0.0000   30.0000  -37.5000 1838.1980   17.5361
    7.5000   30.0000  -37.5000 1815.8364   17.7038
   -7.5000   37.5000  -37.5000 1708.6383   20.3508
    0.0000   37.5000  -37.5000 1726.0123   20.0646
    7.5000   37.5000  -37.5000 1707.8481   20.1949
   -7.5000   45.0000  -37.5000 1584.4310   23.8968
    0.0000   45.0000  -37.5000 1599.8755   23.5847
    7.5000   45.0000  -37.5000 1583.7584   23.8040
   -7.5000  -45.0000  -30.0000 2298.8022   12.1416
    0.0000  -45.0000  -30.0000 2315.8354   12.0345
    7.5000  -45.0000  -30.0000 2302.9949   12.0559
   -7.5000  -37.5000  -30.0000 2342.3103   11.5397
    0.0000  -37.5000  -30.0000 2367.9617   11.4287
    7.5000  -37.5000  -30.0000 2349.8965   11.4348
   -7.5000  -30.0000  -30.0000 2358.5562   11.1956
    0.0000  -30.0000  -30.0000 2385.0220   11.0895
    7.5000  -30.0000  -30.0000 2372.4375   11.1074
   -7.5000  -22.5000  -30.0000 2354.6057   11.1193
    0.0000  -22.5000  -30.0000 2380.8188   10.9889
    7.5000  -22.5000  -30.0000 2373.2505   11.0250
   -7.5000  -15.0000  -30.0000 2347.7927   11.1844
    0.0000  -15.0000  -30.0000 2377.7683   11.0533
    7.5000  -15.0000  -30.0000 2362.5117   11.0694
   -7.5000   -7.5000  -30.0000 2327.1660   11.4316
    0.0000   -7.5000  -30.0000 2355.2896   11.3081
    7.5000   -7.5000  -30.0000 2337.3508   11.3479
   -7.5000    0.0000  -30.0000 2287.6248   11.8740
    0.0000    0.0000  -30.0000 2311.4414   11.7476
    7.5000    0.0000  -30.0000 2296.5867   11.8136
   -7.5000    7.5000  -30.0000 2232.5176   12.6044
    0.0000    7.5000  -30.0000 2254.7976   12.4380
    7.5000    7.5000  -30.0000 2238.8557   12.5191
   -7.5000   15.0000  -30.0000 2151.1948   13.6322
    0.0000   15.0000  -30.0000 2170.1238   13.4298
    7.5000   15.0000  -30.0000 2153.3611   13.5147
   -7.5000   22.5000  -30.0000 2059.0674   15.0066
    0.0000   22.5000  -30.0000 2078.8564   14.7586
    7.5000   22.5000  -30.0000 2060.7625   14.8639
   -7.5000   30.0000  -30.0000 1944.0499   16.7880
    0.0000   30.0000  -30.0000 1967.5634   16.5360
    7.5000   30.0000  -30.0000 1942.0948   16.6773
   -7.5000   37.5000  -30.0000 1826.1061   19.1607
    0.0000   37.5000  -30.0000 1842.2838   18.8762
    7.5000   37.5000  -30.0000 1822.3058   19.0482
   -7.5000   45.0000  -30.0000 1686.9384   22.3718
    0.0000   45.0000  -30.0000 1699.6348   22.0591
    7.5000   45.0000  -30.0000 1679.3997   22.2307
   -7.5000  -45.0000  -22.5000 2420.7625   11.4231
    0.0000  -45.0000  -22.5000 2444.2339   11.3222
    7.5000  -45.0000  -22.5000 2426.7905   11.3675
   -7.5000  -37.5000  -22.5000 2462.8225   10.8478
    0.0000  -37.5000  -22.5000 2491.9172   10.7528
    7.5000  -37.5000  -22.5000 2473.9885   10.7723
   -7.5000  -30.0000  -22.5000 2484.9558   10.5253
    0.0000  -30.0000  -22.5000 2515.3367   10.4264
    7.5000  -30.0000  -22.5000 2498.5881   10.4624
   -7.5000  -22.5000  -22.5000 2483.7703   10.4268
    0.0000  -22.5000  -22.5000 2510.2107   10.3369
    7.5000  -22.5000  -22.5000 2500.5554   10.3593
   -7.5000  -15.0000  -22.5000 2475.8257   10.4586
    0.0000  -15.0000  -22.5000 2506.8103   10.3619
    7.5000  -15.0000  -22.5000 2493.7783   10.3873
   -7.5000   -7.5000  -22.5000 2457.2703   10.6862
    0.0000   -7.5000  -22.5000 2486.2224   10.5684
    7.5000   -7.5000  -22.5000 2468.5754   10.6257
   -7.5000    0.0000  -22.5000 2423.1138   11.1038
    0.0000    0.0000  -22.5000 2447.4656   10.9909
    7.5000    0.0000  -22.5000 2428.9163   11.0578
   -7.5000    7.5000  -22.5000 2360.6167   11.7863
    0.0000    7.5000  -22.5000 2384.9919   11.6565
    7.5000    7.5000  -22.5000 2365.7847   11.7149
   -7.5000   15.0000  -22.5000 2269.6299   12.7320
    0.0000   15.0000  -22.5000 2293.4612   12.5822
    7.5000   15.0000  -22.5000 2273.0730   12.6677
   -7.5000   22.5000  -22.5000 2169.1794   14.0339
    0.0000   22.5000  -22.5000 2186.5579   13.8519
    7.5000   22.5000  -22.5000 2169.9126   13.9347
   -7.5000   30.0000  -22.5000 2047.4353   15.7048
    0.0000   30.0000  -22.5000 2069.7781   15.4946
    7.5000   30.0000  -22.5000 2046.6598   15.6113
   -7.5000   37.5000  -22.5000 1915.5824   17.8851
    0.0000   37.5000  -22.5000 1933.4835   17.6295
    7.5000   37.5000  -22.5000 1918.2972   17.7949
   -7.5000   45.0000  -22.5000 1771.4858   20.7816
    0.0000   45.0000  -22.5000 1787.2915   20.4773
    7.5000   45.0000  -22.5000 1765.0140   20.6992
   -7.5000  -45.0000  -15.0000 2504.2598   10.7062
    0.0000  -45.0000  -15.0000 2531.3408   10.6190
    7.5000  -45.0000  -15.0000 2517.4099   10.6458
   -7.5000  -37.5000  -15.0000 2552.7065   10.1643
    0.0000  -37.5000  -15.0000 2581.2161   10.0619
    7.5000  -37.5000  -15.0000 2570.0068   10.1024
   -7.5000  -30.0000  -15.0000 2589.3247    9.8544
    0.0000  -30.0000  -15.0000 2618.2273    9.7579
    7.5000  -30.0000  -15.0000 2602.1440    9.8037
   -7.5000  -22.5000  -15.0000 2601.4685    9.7286
    0.0000  -22.5000  -15.0000 2626.0723    9.6483
    7.5000  -22.5000  -15.0000 2610.9658    9.6873
   -7.5000  -15.0000  -15.0000 2596.8254    9.7670
    0.0000  -15.0000  -15.0000 2623.4727    9.6736
    7.5000  -15.0000  -15.0000 2605.8623    9.7147
   -7.5000   -7.5000  -15.0000 2574.8645    9.9738
    0.0000   -7.5000  -15.0000 2605.1682    9.8880
    7.5000   -7.5000  -15.0000 2586.0359    9.9436
   -7.5000    0.0000  -15.0000 2531.0771   10.3614
    0.0000    0.0000  -15.0000 2564.1943   10.2778
    7.5000    0.0000  -15.0000 2540.3992   10.3445
   -7.5000    7.5000  -15.0000 2462.5002   10.9845
    0.0000    7.5000  -15.0000 2491.4297   10.9054
    7.5000    7.5000  -15.0000 2467.6724   10.9550
   -7.5000   15.0000  -15.0000 2365.8079   11.8880
    0.0000   15.0000  -15.0000 2394.3325   11.7939
    7.5000   15.0000  -15.0000 2369.9590   11.8563
   -7.5000   22.5000  -15.0000 2253.7546   13.1278
    0.0000   22.5000  -15.0000 2275.8530   12.9799
    7.5000   22.5000  -15.0000 2260.0293   13.0598
   -7.5000   30.0000  -15.0000 2123.6843   14.7063
    0.0000   30.0000  -15.0000 2146.2087   14.5045
    7.5000   30.0000  -15.0000 2127.9790   14.6008
   -7.5000   37.5000  -15.0000 1980.5187   16.7061
    0.0000   37.5000  -15.0000 2001.5635   16.4533
    7.5000   37.5000  -15.0000 1984.3871   16.6011
   -7.5000   45.0000  -15.0000 1831.5782   19.3474
    0.0000   45.0000  -15.0000 1846.5325   19.0465
    7.5000   45.0000  -15.0000 1829.9121   19.2898
   -7.5000  -45.0000   -7.5000 2571.9932   10.0579
    0.0000  -45.0000   -7.5000 2597.6941    9.9696
    7.5000  -45.0000   -7.5000 2584.1643   10.0060
   -7.5000  -37.5000   -7.5000 2630.2312    9.5262
    0.0000  -37.5000   -7.5000 2658.6682    9.4252
    7.5000  -37.5000   -7.5000 2648.8643    9.4681
   -7.5000  -30.0000   -7.5000 2675.1111    9.2034
    0.0000  -30.0000   -7.5000 2707.5642    9.1023
    7.5000  -30.0000   -7.5000 2690.3806    9.1560
   -7.5000  -22.5000   -7.5000 2704.4058    9.0519
    0.0000  -22.5000   -7.5000 2733.1677    8.9772
    7.5000  -22.5000   -7.5000 2711.9080    9.0157
   -7.5000  -15.0000   -7.5000 2704.5833    9.0925
    0.0000  -15.0000   -7.5000 2732.4531    9.0308
    7.5000  -15.0000   -7.5000 2710.3257    9.0688
   -7.5000   -7.5000   -7.5000 2679.4443    9.3041
    0.0000   -7.5000   -7.5000 2714.4155    9.2304
    7.5000   -7.5000   -7.5000 2688.8359    9.2965
   -7.5000    0.0000   -7.5000 2629.1238    9.6915
    0.0000    0.0000   -7.5000 2667.9434    9.6158
    7.5000    0.0000   -7.5000 2637.5195    9.6776
   -7.5000    7.5000   -7.5000 2556.2908   10.2838
    0.0000    7.5000   -7.5000 2590.3616   10.2063
    7.5000    7.5000   -7.5000 2562.9626   10.2532
   -7.5000   15.0000   -7.5000 2450.7764   11.1451
    0.0000   15.0000   -7.5000 2479.2002   11.0482
    7.5000   15.0000   -7.5000 2456.6167   11.0862
   -7.5000   22.5000   -7.5000 2323.1560   12.3373
    0.0000   22.5000   -7.5000 2348.6985   12.2059
    7.5000   22.5000   -7.5000 2331.3962   12.2386
   -7.5000   30.0000   -7.5000 2184.0554   13.7951
    0.0000   30.0000   -7.5000 2206.6050   13.6703
    7.5000   30.0000   -7.5000 2190.0171   13.7008
   -7.5000   37.5000   -7.5000 2032.1030   15.6772
    0.0000   37.5000   -7.5000 2050.9150   15.5164
    7.5000   37.5000   -7.5000 2034.2957   15.5820
   -7.5000   45.0000   -7.5000 1874.1971   18.1619
    0.0000   45.0000   -7.5000 1889.5452   17.9207
    7.5000   45.0000   -7.5000 1876.0823   18.0727
   -7.5000  -45.0000    0.0000 2618.7275    9.5604
    0.0000  -45.0000    0.0000 2648.6194    9.4483
    7.5000  -45.0000    0.0000 2638.5015    9.4974
   -7.5000  -37.5000    0.0000 2693.4741    8.9952
    0.0000  -37.5000    0.0000 2723.8696    8.9038
    7.5000  -37.5000    0.0000 2711.0725    8.9531
   -7.5000  -30.0000    0.0000 2744.1882    8.6668
    0.0000  -30.0000    0.0000 2778.0522    8.5611
    7.5000  -30.0000    0.0000 2763.7642    8.6206
   -7.5000  -22.5000    0.0000 2789.8313    8.4836
    0.0000  -22.5000    0.0000 2823.6077    8.4063
    7.5000  -22.5000    0.0000 2799.9041    8.4583
   -7.5000  -15.0000    0.0000 2799.2681    8.5538
    0.0000  -15.0000    0.0000 2832.8662    8.4810
    7.5000  -15.0000    0.0000 2801.7715    8.5272
   -7.5000   -7.5000    0.0000 2773.9268    8.7582
    0.0000   -7.5000    0.0000 2816.1819    8.6835
    7.5000   -7.5000    0.0000 2784.7009    8.7436
   -7.5000    0.0000    0.0000 2721.9431    9.1403
    0.0000    0.0000    0.0000 2758.3721    9.0655
    7.5000    0.0000    0.0000 2727.9307    9.1279
   -7.5000    7.5000    0.0000 2636.0032    9.7186
    0.0000    7.5000    0.0000 2666.1394    9.6450
    7.5000    7.5000    0.0000 2639.7729    9.6854
   -7.5000   15.0000    0.0000 2519.2646   10.5747
    0.0000   15.0000    0.0000 2541.8816   10.4842
    7.5000   15.0000    0.0000 2525.9292   10.5144
   -7.5000   22.5000    0.0000 2379.0664   11.7345
    0.0000   22.5000    0.0000 2405.4553   11.6164
    7.5000   22.5000    0.0000 2387.2498   11.6406
   -7.5000   30.0000    0.0000 2232.7627   13.1492
    0.0000   30.0000    0.0000 2254.0649   13.0349
    7.5000   30.0000    0.0000 2236.8789   13.0715
   -7.5000   37.5000    0.0000 2075.1138   14.9170
    0.0000   37.5000    0.0000 2093.0520   14.7765
    7.5000   37.5000    0.0000 2075.0242   14.8316
   -7.5000   45.0000    0.0000 1912.5934   17.2378
    0.0000   45.0000    0.0000 1921.3789   17.0482
    7.5000   45.0000    0.0000 1908.7783   17.1413
   -7.5000  -45.0000    7.5000 2652.4990    9.2428
    0.0000  -45.0000    7.5000 2685.6917    9.1183
    7.5000  -45.0000    7.5000 2672.4189    9.1537
   -7.5000  -37.5000    7.5000 2742.0415    8.6722
    0.0000  -37.5000    7.5000 2779.6912    8.5484
    7.5000  -37.5000    7.5000 2764.0840    8.5974
   -7.5000  -30.0000    7.5000 2808.9412    8.2836
    0.0000  -30.0000    7.5000 2844.9592    8.1673
    7.5000  -30.0000    7.5000 2830.6953    8.2253
   -7.5000  -22.5000    7.5000 2867.1174    8.0985
    0.0000  -22.5000    7.5000 2906.7976    7.9827
    7.5000  -22.5000    7.5000 2875.3496    8.0456
   -7.5000  -15.0000    7.5000 2883.0928    8.1569
    0.0000  -15.0000    7.5000 2922.0254    8.0572
    7.5000  -15.0000    7.5000 2883.0002    8.1057
   -7.5000   -7.5000    7.5000 2858.2786    8.3665
    0.0000   -7.5000    7.5000 2901.1187    8.2631
    7.5000   -7.5000    7.5000 2862.9485    8.3224
   -7.5000    0.0000    7.5000 2795.0518    8.7384
    0.0000    0.0000    7.5000 2830.6201    8.6340
    7.5000    0.0000    7.5000 2800.1511    8.6971
   -7.5000    7.5000    7.5000 2700.6821    9.3370
    0.0000    7.5000    7.5000 2726.3916    9.2263
    7.5000    7.5000    7.5000 2701.6511    9.2969
   -7.5000   15.0000    7.5000 2567.9983   10.2185
    0.0000   15.0000    7.5000 2592.3633   10.0832
    7.5000   15.0000    7.5000 2573.1653   10.1643
   -7.5000   22.5000    7.5000 2427.6375   11.3336
    0.0000   22.5000    7.5000 2453.4485   11.1874
    7.5000   22.5000    7.5000 2428.1057   11.2396
   -7.5000   30.0000    7.5000 2268.7656   12.6799
    0.0000   30.0000    7.5000 2294.5771   12.5265
    7.5000   30.0000    7.5000 2273.5464   12.5792
   -7.5000   37.5000    7.5000 2105.9451   14.3523
    0.0000   37.5000    7.5000 2124.3862   14.1978
    7.5000   37.5000    7.5000 2108.1001   14.2794
   -7.5000   45.0000    7.5000 1938.1464   16.5748
    0.0000   45.0000    7.5000 1953.3777   16.3227
    7.5000   45.0000    7.5000 1937.8702   16.4919
   -7.5000  -45.0000   15.0000 2661.6794    9.0626
    0.0000  -45.0000   15.0000 2695.9287    8.9429
    7.5000  -45.0000   15.0000 2685.3269    8.9797
   -7.5000  -37.5000   15.0000 2762.9270    8.4909
    0.0000  -37.5000   15.0000 2802.4165    8.3645
    7.5000  -37.5000   15.0000 2787.9707    8.4019
   -7.5000  -30.0000   15.0000 2853.9778    8.1108
    0.0000  -30.0000   15.0000 2895.0195    7.9546
    7.5000  -30.0000   15.0000 2875.0869    8.0185
   -7.5000  -22.5000   15.0000 2924.2810    7.9202
    0.0000  -22.5000   15.0000 2976.9836    7.7552
    7.5000  -22.5000   15.0000 2936.7686    7.8278
   -7.5000  -15.0000   15.0000 2948.0532    7.9676
    0.0000  -15.0000   15.0000 2993.8049    7.7967
    7.5000  -15.0000   15.0000 2942.3789    7.8923
   -7.5000   -7.5000   15.0000 2914.6287    8.1499
    0.0000   -7.5000   15.0000 2948.6030    8.0139
    7.5000   -7.5000   15.0000 2913.4512    8.0917
   -7.5000    0.0000   15.0000 2841.0076    8.5147
    0.0000    0.0000   15.0000 2874.2854    8.3725
    7.5000    0.0000   15.0000 2841.6306    8.4745
   -7.5000    7.5000   15.0000 2732.3523    9.1086
    0.0000    7.5000   15.0000 2762.7322    8.9746
    7.5000    7.5000   15.0000 2733.8445    9.0714
   -7.5000   15.0000   15.0000 2594.9607    9.9716
    0.0000   15.0000   15.0000 2623.8127    9.8425
    7.5000   15.0000   15.0000 2600.2322    9.9029
   -7.5000   22.5000   15.0000 2450.5571   11.0363
    0.0000   22.5000   15.0000 2477.3447   10.9161
    7.5000   22.5000   15.0000 2453.1555   10.9524
   -7.5000   30.0000   15.0000 2293.9319   12.3530
    0.0000   30.0000   15.0000 2314.7273   12.2247
    7.5000   30.0000   15.0000 2297.8235   12.2587
   -7.5000   37.5000   15.0000 2130.0605   14.0267
    0.0000   37.5000   15.0000 2148.4399   13.8569
    7.5000   37.5000   15.0000 2131.1077   13.9562
   -7.5000   45.0000   15.0000 1955.0778   16.1951
    0.0000   45.0000   15.0000 1976.2898   15.9339
    7.5000   45.0000   15.0000 1958.5913   16.1272
   -7.5000  -45.0000   22.5000 2659.6848    8.9987
    0.0000  -45.0000   22.5000 2693.5603    8.8539
    7.5000  -45.0000   22.5000 2681.4412    8.9266
   -7.5000  -37.5000   22.5000 2769.8535    8.4129
    0.0000  -37.5000   22.5000 2805.4075    8.2803
    7.5000  -37.5000   22.5000 2790.7617    8.3316
   -7.5000  -30.0000   22.5000 2872.6763    8.0610
    0.0000  -30.0000   22.5000 2914.2932    7.9195
    7.5000  -30.0000   22.5000 2890.2251    7.9809
   -7.5000  -22.5000   22.5000 2957.1033    7.9413
    0.0000  -22.5000   22.5000 3018.5012    7.7982
    7.5000  -22.5000   22.5000 2965.6575    7.8504
   -7.5000  -15.0000   22.5000 2982.7397    7.9595
    0.0000  -15.0000   22.5000 3043.5759    7.8003
    7.5000  -15.0000   22.5000 2976.1465    7.9090
   -7.5000   -7.5000   22.5000 2934.5317    8.1072
    0.0000   -7.5000   22.5000 2976.0386    7.9626
    7.5000   -7.5000   22.5000 2932.1885    8.0756
   -7.5000    0.0000   22.5000 2851.6145    8.4266
    0.0000    0.0000   22.5000 2882.8767    8.2889
    7.5000    0.0000   22.5000 2855.0337    8.3816
   -7.5000    7.5000   22.5000 2738.6504    8.9839
    0.0000    7.5000   22.5000 2770.2559    8.8465
    7.5000    7.5000   22.5000 2748.1492    8.9172
   -7.5000   15.0000   22.5000 2605.2029    9.8238
    0.0000   15.0000   22.5000 2632.2261    9.6992
    7.5000   15.0000   22.5000 2608.8555    9.7490
   -7.5000   22.5000   22.5000 2455.1174   10.8980
    0.0000   22.5000   22.5000 2477.9226   10.7982
    7.5000   22.5000   22.5000 2456.3845   10.8224
   -7.5000   30.0000   22.5000 2301.2727   12.2411
    0.0000   30.0000   22.5000 2321.1929   12.1411
    7.5000   30.0000   22.5000 2303.6819   12.1521
   -7.5000   37.5000   22.5000 2136.7827   13.8778
    0.0000   37.5000   22.5000 2158.8037   13.7652
    7.5000   37.5000   22.5000 2139.7239   13.8122
   -7.5000   45.0000   22.5000 1963.2288   15.9646
    0.0000   45.0000   22.5000 1986.4220   15.7525
    7.5000   45.0000   22.5000 1961.7621   15.8952
   -7.5000  -45.0000   30.0000 2645.2927    9.1144
    0.0000  -45.0000   30.0000 2673.8577    8.9370
    7.5000  -45.0000   30.0000 2656.8162    9.0503
   -7.5000  -37.5000   30.0000 2755.7168    8.5285
    0.0000  -37.5000   30.0000 2789.3420    8.3889
    7.5000  -37.5000   30.0000 2769.2432    8.4775
   -7.5000  -30.0000   30.0000 2858.2617    8.1576
    0.0000  -30.0000   30.0000 2901.5295    8.0473
    7.5000  -30.0000   30.0000 2866.8091    8.1057
   -7.5000  -22.5000   30.0000 2941.7703    7.9896
    0.0000  -22.5000   30.0000 2999.8088    7.9147
    7.5000  -22.5000   30.0000 2943.7417    7.9813
   -7.5000  -15.0000   30.0000 2967.6836    8.0414
    0.0000  -15.0000   30.0000 3024.9895    7.9509
    7.5000  -15.0000   30.0000 2959.1174    8.0543
   -7.5000   -7.5000   30.0000 2912.5920    8.2332
    0.0000   -7.5000   30.0000 2956.7327    8.1357
    7.5000   -7.5000   30.0000 2912.6863    8.2132
   -7.5000    0.0000   30.0000 2826.1760    8.5263
    0.0000    0.0000   30.0000 2858.2090    8.4203
    7.5000    0.0000   30.0000 2830.9741    8.5023
   -7.5000    7.5000   30.0000 2715.1819    9.0775
    0.0000    7.5000   30.0000 2740.5161    8.9383
    7.5000    7.5000   30.0000 2721.7092    9.0047
   -7.5000   15.0000   30.0000 2586.9800    9.8818
    0.0000   15.0000   30.0000 2606.4036    9.7348
    7.5000   15.0000   30.0000 2589.2483    9.7949
   -7.5000   22.5000   30.0000 2444.4600   10.9174
    0.0000   22.5000   30.0000 2460.0212   10.7805
    7.5000   22.5000   30.0000 2444.6052   10.8342
   -7.5000   30.0000   30.0000 2290.6187   12.2253
    0.0000   30.0000   30.0000 2306.2583   12.1105
    7.5000   30.0000   30.0000 2288.0479   12.1366
   -7.5000   37.5000   30.0000 2123.4265   13.8533
    0.0000   37.5000   30.0000 2144.9895   13.7253
    7.5000   37.5000   30.0000 2121.1907   13.7744
   -7.5000   45.0000   30.0000 1954.9479   15.9404
    0.0000   45.0000   30.0000 1977.7120   15.7445
    7.5000   45.0000   30.0000 1948.8678   15.8882
   -7.5000  -45.0000   37.5000 2620.8965    9.3928
    0.0000  -45.0000   37.5000 2648.0437    9.2299
    7.5000  -45.0000   37.5000 2625.0996    9.3517
   -7.5000  -37.5000   37.5000 2726.4011    8.7876
    0.0000  -37.5000   37.5000 2756.9619    8.6561
    7.5000  -37.5000   37.5000 2734.2046    8.7566
   -7.5000  -30.0000   37.5000 2820.2012    8.4110
    0.0000  -30.0000   37.5000 2857.4229    8.2919
    7.5000  -30.0000   37.5000 2827.0310    8.3714
   -7.5000  -22.5000   37.5000 2888.3057    8.2568
    0.0000  -22.5000   37.5000 2932.8652    8.0965
    7.5000  -22.5000   37.5000 2890.7930    8.2371
   -7.5000  -15.0000   37.5000 2903.8025    8.2719
    0.0000  -15.0000   37.5000 2944.4509    8.1281
    7.5000  -15.0000   37.5000 2902.5386    8.2721
   -7.5000   -7.5000   37.5000 2863.4019    8.4776
    0.0000   -7.5000   37.5000 2899.6965    8.3471
    7.5000   -7.5000   37.5000 2864.1064    8.4515
   -7.5000    0.0000   37.5000 2772.9148    8.8204
    0.0000    0.0000   37.5000 2806.4224    8.6915
    7.5000    0.0000   37.5000 2780.4507    8.7840
   -7.5000    7.5000   37.5000 2670.2769    9.3464
    0.0000    7.5000   37.5000 2691.1987    9.2163
    7.5000    7.5000   37.5000 2674.2488    9.2828
   -7.5000   15.0000   37.5000 2546.3447   10.0993
    0.0000   15.0000   37.5000 2564.0818    9.9555
    7.5000   15.0000   37.5000 2548.1619    9.9996
   -7.5000   22.5000   37.5000 2413.8484   11.0745
    0.0000   22.5000   37.5000 2427.8542   10.9400
    7.5000   22.5000   37.5000 2411.3752   10.9694
   -7.5000   30.0000   37.5000 2256.6997   12.3590
    0.0000   30.0000   37.5000 2274.1177   12.2336
    7.5000   30.0000   37.5000 2259.2629   12.2414
   -7.5000   37.5000   37.5000 2090.0415   13.9604
    0.0000   37.5000   37.5000 2113.2283   13.8130
    7.5000   37.5000   37.5000 2094.3943   13.8845
   -7.5000   45.0000   37.5000 1930.5448   16.0526
    0.0000   45.0000   37.5000 1952.3298   15.8271
    7.5000   45.0000   37.5000 1928.2708   15.9552
   -7.5000  -45.0000   45.0000 2580.7266    9.8005
    0.0000  -45.0000   45.0000 2611.3379    9.6224
    7.5000  -45.0000   45.0000 2585.0437    9.7770
   -7.5000  -37.5000   45.0000 2681.0938    9.1868
    0.0000  -37.5000   45.0000 2712.4363    9.0134
    7.5000  -37.5000   45.0000 2686.7583    9.1449
   -7.5000  -30.0000   45.0000 2763.8210    8.7980
    0.0000  -30.0000   45.0000 2800.9517    8.6072
    7.5000  -30.0000   45.0000 2768.6116    8.7615
   -7.5000  -22.5000   45.0000 2815.4495    8.6282
    0.0000  -22.5000   45.0000 2850.3364    8.4366
    7.5000  -22.5000   45.0000 2819.1924    8.6002
   -7.5000  -15.0000   45.0000 2818.6450    8.6528
    0.0000  -15.0000   45.0000 2849.9058    8.4838
    7.5000  -15.0000   45.0000 2822.4829    8.6313
   -7.5000   -7.5000   45.0000 2787.5601    8.8471
    0.0000   -7.5000   45.0000 2812.1467    8.6964
    7.5000   -7.5000   45.0000 2785.0791    8.8124
   -7.5000    0.0000   45.0000 2701.6746    9.2057
    0.0000    0.0000   45.0000 2724.5879    9.0560
    7.5000    0.0000   45.0000 2706.9561    9.1698
   -7.5000    7.5000   45.0000 2607.1235    9.7244
    0.0000    7.5000   45.0000 2628.2266    9.5765
    7.5000    7.5000   45.0000 2612.0786    9.6741
   -7.5000   15.0000   45.0000 2489.2671   10.4592
    0.0000   15.0000   45.0000 2510.7932   10.3256
    7.5000   15.0000   45.0000 2493.2893   10.3754
   -7.5000   22.5000   45.0000 2361.1904   11.4112
    0.0000   22.5000   45.0000 2379.5330   11.2653
    7.5000   22.5000   45.0000 2364.6746   11.2856
   -7.5000   30.0000   45.0000 2206.5076   12.6411
    0.0000   30.0000   45.0000 2227.3650   12.5122
    7.5000   30.0000   45.0000 2214.6523   12.5237
   -7.5000   37.5000   45.0000 2050.8933   14.2156
    0.0000   37.5000   45.0000 2072.0310   14.0809
    7.5000   37.5000   45.0000 2052.5928   14.1420
   -7.5000   45.0000   45.0000 1898.0171   16.3059
    0.0000   45.0000   45.0000 1917.9702   16.0805
    7.5000   45.0000   45.0000 1898.3617   16.2508

---------------------------------------------------------------------
imgreg_4dfp /opt/freesurfer/average/711-2C_as_mni_average_305 /opt/freesurfer/average/711-2B_as_mni_average_305_mask talsrcimg_g11 none talsrcimg_to_711-2C_as_mni_average_305_t4 1283
---------------------------------------------------------------------

freesurfer imgreg_4dfp.c
/opt/freesurfer/average/711-2C_as_mni_average_305.4dfp.img
       256       256       256         1
  1.000000  1.000000  1.000000
orientation T byte_order littleendian
Reading image: /opt/freesurfer/average/711-2C_as_mni_average_305.4dfp.img
dimensions:      256       256       256
mmppix:       1.0000   -1.0000   -1.0000
center:     128.0000 -129.0000 -129.0000
/opt/freesurfer/average/711-2B_as_mni_average_305_mask.4dfp.img
       256       256       256         1
  1.000000  1.000000  1.000000
orientation T byte_order littleendian
Reading mask: /opt/freesurfer/average/711-2B_as_mni_average_305_mask.4dfp.img (2306576 pixels)
talsrcimg_g11.4dfp.img
       256       256       256         1
  1.000000  1.000000  1.000000
orientation T byte_order littleendian
Reading image: talsrcimg_g11.4dfp.img
dimensions:      256       256       256
mmppix:       1.0000   -1.0000   -1.0000
center:     128.0000 -129.0000 -129.0000
rotation matrix determinant  1.000000
fimgreg.f
image alignment mode   1283 decimal      503 hex
parameters
    0.0000  -15.0000   22.5000    0.0000    0.0000    0.0000
eta,q 0.95598  7.78774
niter,ni,del,rscale     5    3   12.0000    1.2000
parameter  4  0.533889 ->  0.500000 qaram    1.1500
parameter  5 -0.516293 -> -0.500000 qaram    1.1500
parameters
   -0.0338  -17.2122   23.9174   -3.4500    3.4500   -0.5098
eta,q 0.95995  7.79404
  0.0628  0.0489  0.0561  0.0442  0.0572  0.0448
  0.0547  0.0460  0.0516  0.0428  0.0516  0.0426
  0.0481  0.0449  0.0471  0.0432  0.0466  0.0408
  0.0459  0.0459  0.0447  0.0444  0.0427  0.0401
  0.0484  0.0499  0.0444  0.0458  0.0401  0.0413
  0.0549  0.0565  0.0458  0.0487  0.0404  0.0438
  0.0632  0.0643  0.0493  0.0519  0.0429  0.0467
niter,ni,del,rscale     6    3   12.0000    1.2000
parameters
   -0.9804  -16.1491   24.3348   -3.1227    3.7116   -0.7864
eta,q 0.96126  7.81140
  0.0542  0.0581  0.0505  0.0466  0.0510  0.0444
  0.0451  0.0476  0.0453  0.0424  0.0450  0.0416
  0.0399  0.0417  0.0411  0.0399  0.0405  0.0394
  0.0401  0.0393  0.0389  0.0387  0.0388  0.0388
  0.0457  0.0393  0.0395  0.0396  0.0400  0.0401
  0.0547  0.0423  0.0429  0.0412  0.0440  0.0425
  0.0642  0.0474  0.0482  0.0454  0.0492  0.0453
niter,ni,del,rscale     5    3   12.0000    1.2000
parameters
   -1.1833  -16.1460   24.4307   -3.0609    3.9001   -0.8677
eta,q 0.96132  7.81228
  0.0583  0.0518  0.0497  0.0459  0.0509  0.0449
  0.0481  0.0439  0.0445  0.0420  0.0447  0.0419
  0.0408  0.0401  0.0405  0.0395  0.0404  0.0395
  0.0387  0.0387  0.0387  0.0387  0.0387  0.0387
  0.0425  0.0404  0.0399  0.0396  0.0400  0.0399
  0.0505  0.0450  0.0437  0.0414  0.0442  0.0422
  0.0603  0.0509  0.0494  0.0459  0.0494  0.0450
niter,ni,del,rscale     4    3   12.0000    1.2000
parameters
   -1.2657  -16.1522   24.4567   -3.0415    3.9762   -0.8956
eta,q 0.96134  7.81233
  0.0591  0.0517  0.0496  0.0457  0.0506  0.0450
  0.0487  0.0439  0.0444  0.0419  0.0444  0.0420
  0.0412  0.0401  0.0404  0.0394  0.0402  0.0396
  0.0387  0.0387  0.0387  0.0387  0.0387  0.0387
  0.0421  0.0404  0.0400  0.0396  0.0402  0.0399
  0.0499  0.0450  0.0440  0.0414  0.0444  0.0421
  0.0597  0.0510  0.0497  0.0459  0.0498  0.0450
niter,ni,del,rscale     3    3   12.0000    1.2000
parameters
   -1.2966  -16.1524   24.4645   -3.0385    4.0032   -0.9054
eta,q 0.96135  7.81236
  0.0594  0.0517  0.0495  0.0457  0.0504  0.0450
  0.0490  0.0440  0.0443  0.0419  0.0443  0.0420
  0.0413  0.0401  0.0403  0.0394  0.0401  0.0396
  0.0387  0.0387  0.0387  0.0387  0.0387  0.0387
  0.0419  0.0404  0.0401  0.0396  0.0403  0.0399
  0.0496  0.0450  0.0440  0.0414  0.0445  0.0421
  0.0595  0.0510  0.0498  0.0459  0.0500  0.0449
registration optimization eta report
parameter search radius
    6.0000    6.0000    6.0000    6.9000    6.9000    6.0000
100000*second partial in parameter space
       57.       35.       30.       15.       24.       17.
  0.0594  0.0517  0.0495  0.0457  0.0504  0.0450
  0.0490  0.0440  0.0443  0.0419  0.0443  0.0420
  0.0413  0.0401  0.0403  0.0394  0.0401  0.0396
  0.0387  0.0387  0.0387  0.0387  0.0387  0.0387
  0.0419  0.0404  0.0401  0.0396  0.0403  0.0399
  0.0496  0.0450  0.0440  0.0414  0.0445  0.0421
  0.0595  0.0510  0.0498  0.0459  0.0500  0.0449
   -1.2966  -16.1524   24.4645   -3.0385    4.0032   -0.9054
eta,q 0.96135  7.81236

---------------------------------------------------------------------
imgreg_4dfp /opt/freesurfer/average/711-2C_as_mni_average_305 /opt/freesurfer/average/711-2B_as_mni_average_305_mask talsrcimg_g11 none talsrcimg_to_711-2C_as_mni_average_305_t4 3335
---------------------------------------------------------------------

freesurfer imgreg_4dfp.c
/opt/freesurfer/average/711-2C_as_mni_average_305.4dfp.img
       256       256       256         1
  1.000000  1.000000  1.000000
orientation T byte_order littleendian
Reading image: /opt/freesurfer/average/711-2C_as_mni_average_305.4dfp.img
dimensions:      256       256       256
mmppix:       1.0000   -1.0000   -1.0000
center:     128.0000 -129.0000 -129.0000
/opt/freesurfer/average/711-2B_as_mni_average_305_mask.4dfp.img
       256       256       256         1
  1.000000  1.000000  1.000000
orientation T byte_order littleendian
Reading mask: /opt/freesurfer/average/711-2B_as_mni_average_305_mask.4dfp.img (2306576 pixels)
talsrcimg_g11.4dfp.img
       256       256       256         1
  1.000000  1.000000  1.000000
orientation T byte_order littleendian
Reading image: talsrcimg_g11.4dfp.img
dimensions:      256       256       256
mmppix:       1.0000   -1.0000   -1.0000
center:     128.0000 -129.0000 -129.0000
fimgreg.f
image alignment mode   3335 decimal      D07 hex
parameters
   -1.2966  -16.1524   24.4645   -0.2564   -0.1589   -0.3842
    1.9479   -6.8867   -1.5763    5.4102    6.9811   -5.2877
eta,q 0.96338  7.81290
niter,ni,del,rscale     5    3    5.0000    1.2000
parameter  4  1.006504 ->  0.500000 qaram    1.1500
parameter  5  0.854716 ->  0.500000 qaram    1.1500
parameter  6  0.677132 ->  0.500000 qaram    1.1500
parameters
   -1.3134  -15.8252   24.2869   -4.3964   -4.2989   -4.5242
    0.5595   -5.9042   -1.2745    2.9256    6.2538   -6.7525
eta,q 0.97089  7.51259
  0.0401  0.0399  0.0383  0.0331  0.0313  0.0299  0.0318  0.0353  0.0319  0.0306  0.0303  0.0302
  0.0383  0.0382  0.0373  0.0332  0.0314  0.0298  0.0304  0.0327  0.0307  0.0295  0.0296  0.0295
  0.0371  0.0371  0.0367  0.0344  0.0321  0.0303  0.0298  0.0307  0.0299  0.0292  0.0293  0.0291
  0.0366  0.0366  0.0366  0.0366  0.0334  0.0315  0.0298  0.0297  0.0296  0.0296  0.0292  0.0292
  0.0370  0.0367  0.0369  0.0396  0.0353  0.0333  0.0307  0.0297  0.0298  0.0307  0.0294  0.0296
  0.0382  0.0373  0.0377  0.0432  0.0379  0.0366  0.0321  0.0309  0.0305  0.0323  0.0300  0.0304
  0.0403  0.0384  0.0388  0.0472  0.0412  0.0408  0.0341  0.0330  0.0316  0.0343  0.0309  0.0315
niter,ni,del,rscale     7    3    5.0000    1.2000
parameters
   -1.0832  -15.8186   23.9108   -6.5622   -5.3950   -7.4988
    0.2890   -5.6411   -1.2529    2.6909    6.3078   -6.5844
eta,q 0.97106  7.31006
  0.0340  0.0320  0.0304  0.0311  0.0313  0.0296  0.0317  0.0330  0.0310  0.0311  0.0300  0.0303
  0.0315  0.0304  0.0296  0.0300  0.0301  0.0291  0.0301  0.0308  0.0299  0.0298  0.0294  0.0296
  0.0298  0.0294  0.0291  0.0291  0.0293  0.0290  0.0292  0.0294  0.0292  0.0291  0.0291  0.0291
  0.0291  0.0291  0.0291  0.0290  0.0290  0.0291  0.0289  0.0289  0.0289  0.0289  0.0289  0.0289
  0.0293  0.0294  0.0295  0.0303  0.0296  0.0298  0.0294  0.0293  0.0292  0.0292  0.0291  0.0290
  0.0305  0.0304  0.0304  0.0328  0.0310  0.0312  0.0305  0.0305  0.0299  0.0300  0.0294  0.0295
  0.0324  0.0319  0.0317  0.0363  0.0332  0.0343  0.0321  0.0325  0.0310  0.0314  0.0300  0.0302
niter,ni,del,rscale     6    3    5.0000    1.2000
parameters
   -0.9834  -15.6639   23.6945   -7.1792   -5.5417   -8.4681
    0.1648   -5.5436   -1.4019    2.8403    6.3071   -6.7841
eta,q 0.97100  7.24870
  0.0328  0.0318  0.0303  0.0315  0.0314  0.0303  0.0318  0.0328  0.0309  0.0312  0.0300  0.0302
  0.0307  0.0302  0.0295  0.0303  0.0302  0.0295  0.0302  0.0307  0.0298  0.0299  0.0295  0.0296
  0.0294  0.0293  0.0290  0.0295  0.0293  0.0291  0.0293  0.0294  0.0292  0.0292  0.0291  0.0292
  0.0289  0.0289  0.0289  0.0289  0.0290  0.0290  0.0290  0.0290  0.0290  0.0290  0.0290  0.0290
  0.0292  0.0292  0.0292  0.0291  0.0292  0.0292  0.0294  0.0294  0.0293  0.0292  0.0291  0.0292
  0.0303  0.0299  0.0299  0.0305  0.0302  0.0299  0.0304  0.0306  0.0300  0.0298  0.0295  0.0297
  0.0322  0.0311  0.0309  0.0331  0.0318  0.0313  0.0319  0.0326  0.0310  0.0310  0.0300  0.0304
niter,ni,del,rscale     5    3    5.0000    1.2000
parameters
   -0.9297  -15.5473   23.5826   -7.3942   -5.7240   -8.6256
    0.1445   -5.4968   -1.4847    3.0790    6.3418   -6.9744
eta,q 0.97096  7.22972
  0.0325  0.0317  0.0305  0.0316  0.0313  0.0307  0.0318  0.0327  0.0309  0.0312  0.0301  0.0303
  0.0306  0.0302  0.0297  0.0304  0.0302  0.0296  0.0303  0.0307  0.0298  0.0299  0.0295  0.0296
  0.0294  0.0293  0.0292  0.0296  0.0293  0.0291  0.0293  0.0294  0.0292  0.0292  0.0291  0.0292
  0.0290  0.0290  0.0290  0.0290  0.0290  0.0290  0.0290  0.0290  0.0290  0.0290  0.0290  0.0290
  0.0293  0.0292  0.0292  0.0290  0.0292  0.0292  0.0294  0.0294  0.0293  0.0292  0.0292  0.0292
  0.0304  0.0300  0.0298  0.0301  0.0302  0.0297  0.0303  0.0306  0.0300  0.0298  0.0295  0.0297
  0.0322  0.0311  0.0308  0.0325  0.0317  0.0308  0.0318  0.0326  0.0309  0.0309  0.0300  0.0304
niter,ni,del,rscale     4    3    5.0000    1.2000
parameters
   -0.9079  -15.4608   23.5457   -7.4479   -5.8374   -8.6724
    0.1334   -5.4730   -1.5416    3.2500    6.3781   -7.0860
eta,q 0.97094  7.22267
  0.0324  0.0316  0.0306  0.0316  0.0313  0.0307  0.0318  0.0327  0.0309  0.0312  0.0301  0.0303
  0.0306  0.0301  0.0298  0.0305  0.0302  0.0297  0.0303  0.0307  0.0299  0.0299  0.0295  0.0296
  0.0294  0.0293  0.0292  0.0296  0.0294  0.0292  0.0293  0.0294  0.0292  0.0292  0.0292  0.0292
  0.0290  0.0290  0.0290  0.0290  0.0291  0.0291  0.0291  0.0291  0.0291  0.0291  0.0291  0.0291
  0.0294  0.0293  0.0292  0.0290  0.0292  0.0292  0.0294  0.0294  0.0293  0.0292  0.0292  0.0292
  0.0305  0.0300  0.0298  0.0300  0.0302  0.0297  0.0303  0.0306  0.0300  0.0298  0.0295  0.0297
  0.0323  0.0312  0.0307  0.0323  0.0316  0.0308  0.0318  0.0326  0.0309  0.0309  0.0300  0.0304
niter,ni,del,rscale     3    3    5.0000    1.2000
parameters
   -0.8969  -15.4094   23.5232   -7.4714   -5.9118   -8.7047
    0.1308   -5.4623   -1.5838    3.3561    6.4021   -7.1362
eta,q 0.97093  7.21847
  0.0324  0.0315  0.0306  0.0316  0.0314  0.0307  0.0318  0.0327  0.0309  0.0311  0.0301  0.0303
  0.0305  0.0301  0.0298  0.0305  0.0303  0.0297  0.0303  0.0307  0.0299  0.0299  0.0295  0.0297
  0.0294  0.0293  0.0292  0.0296  0.0294  0.0292  0.0294  0.0294  0.0292  0.0292  0.0292  0.0292
  0.0291  0.0291  0.0291  0.0291  0.0291  0.0291  0.0291  0.0291  0.0291  0.0291  0.0291  0.0291
  0.0294  0.0293  0.0292  0.0290  0.0292  0.0292  0.0294  0.0294  0.0293  0.0292  0.0292  0.0292
  0.0305  0.0301  0.0298  0.0300  0.0301  0.0297  0.0303  0.0307  0.0300  0.0298  0.0295  0.0297
  0.0323  0.0312  0.0307  0.0322  0.0316  0.0307  0.0318  0.0326  0.0309  0.0309  0.0300  0.0304
niter,ni,del,rscale     2    3    5.0000    1.2000
parameters
   -0.8921  -15.3794   23.5092   -7.4876   -5.9569   -8.7368
    0.1312   -5.4537   -1.6116    3.4181    6.4176   -7.1702
eta,q 0.97092  7.21531
  0.0324  0.0315  0.0306  0.0316  0.0314  0.0307  0.0318  0.0327  0.0309  0.0310  0.0301  0.0303
  0.0305  0.0301  0.0298  0.0305  0.0303  0.0297  0.0303  0.0307  0.0299  0.0298  0.0295  0.0297
  0.0294  0.0293  0.0293  0.0296  0.0294  0.0292  0.0294  0.0294  0.0293  0.0292  0.0292  0.0293
  0.0291  0.0291  0.0291  0.0291  0.0291  0.0291  0.0291  0.0291  0.0291  0.0291  0.0291  0.0291
  0.0294  0.0294  0.0292  0.0290  0.0292  0.0292  0.0294  0.0295  0.0293  0.0292  0.0292  0.0292
  0.0305  0.0301  0.0298  0.0300  0.0301  0.0297  0.0303  0.0307  0.0300  0.0298  0.0295  0.0297
  0.0324  0.0312  0.0307  0.0322  0.0316  0.0308  0.0318  0.0326  0.0309  0.0309  0.0300  0.0304
niter,ni,del,rscale     1    3    5.0000    1.2000
parameters
   -0.8884  -15.3616   23.4987   -7.5036   -5.9906   -8.7543
    0.1291   -5.4490   -1.6273    3.4581    6.4376   -7.1884
eta,q 0.97092  7.21308
  0.0324  0.0314  0.0306  0.0316  0.0313  0.0307  0.0318  0.0327  0.0309  0.0310  0.0301  0.0303
  0.0305  0.0300  0.0298  0.0305  0.0303  0.0297  0.0303  0.0307  0.0299  0.0298  0.0295  0.0297
  0.0294  0.0293  0.0293  0.0296  0.0294  0.0292  0.0294  0.0295  0.0293  0.0292  0.0292  0.0293
  0.0291  0.0291  0.0291  0.0291  0.0291  0.0291  0.0291  0.0291  0.0291  0.0291  0.0291  0.0291
  0.0294  0.0294  0.0293  0.0290  0.0292  0.0292  0.0294  0.0295  0.0293  0.0292  0.0292  0.0292
  0.0305  0.0301  0.0298  0.0300  0.0301  0.0297  0.0303  0.0307  0.0299  0.0298  0.0295  0.0297
  0.0324  0.0312  0.0307  0.0322  0.0316  0.0307  0.0318  0.0326  0.0309  0.0309  0.0300  0.0304
registration optimization eta report
parameter search radius
    2.4000    2.4000    2.4000    8.2800    8.2800    8.2800
    7.2000    7.2000    7.2000    7.2000    7.2000    7.2000
100000*second partial in parameter space
       57.       39.       27.        4.        3.        2.
        5.        7.        3.        4.        2.        2.
  0.0324  0.0314  0.0306  0.0316  0.0313  0.0307  0.0318  0.0327  0.0309  0.0310  0.0301  0.0303
  0.0305  0.0300  0.0298  0.0305  0.0303  0.0297  0.0303  0.0307  0.0299  0.0298  0.0295  0.0297
  0.0294  0.0293  0.0293  0.0296  0.0294  0.0292  0.0294  0.0295  0.0293  0.0292  0.0292  0.0293
  0.0291  0.0291  0.0291  0.0291  0.0291  0.0291  0.0291  0.0291  0.0291  0.0291  0.0291  0.0291
  0.0294  0.0294  0.0293  0.0290  0.0292  0.0292  0.0294  0.0295  0.0293  0.0292  0.0292  0.0292
  0.0305  0.0301  0.0298  0.0300  0.0301  0.0297  0.0303  0.0307  0.0299  0.0298  0.0295  0.0297
  0.0324  0.0312  0.0307  0.0322  0.0316  0.0307  0.0318  0.0326  0.0309  0.0309  0.0300  0.0304
   -0.8884  -15.3616   23.4987   -7.5036   -5.9906   -8.7543
    0.1291   -5.4490   -1.6273    3.4581    6.4376   -7.1884
eta,q 0.97092  7.21308

---------------------------------------------------------------------
imgreg_4dfp /opt/freesurfer/average/711-2C_as_mni_average_305 /opt/freesurfer/average/711-2B_as_mni_average_305_mask talsrcimg_g11 none talsrcimg_to_711-2C_as_mni_average_305_t4 2311
---------------------------------------------------------------------

freesurfer imgreg_4dfp.c
/opt/freesurfer/average/711-2C_as_mni_average_305.4dfp.img
       256       256       256         1
  1.000000  1.000000  1.000000
orientation T byte_order littleendian
Reading image: /opt/freesurfer/average/711-2C_as_mni_average_305.4dfp.img
dimensions:      256       256       256
mmppix:       1.0000   -1.0000   -1.0000
center:     128.0000 -129.0000 -129.0000
/opt/freesurfer/average/711-2B_as_mni_average_305_mask.4dfp.img
       256       256       256         1
  1.000000  1.000000  1.000000
orientation T byte_order littleendian
Reading mask: /opt/freesurfer/average/711-2B_as_mni_average_305_mask.4dfp.img (2306576 pixels)
talsrcimg_g11.4dfp.img
       256       256       256         1
  1.000000  1.000000  1.000000
orientation T byte_order littleendian
Reading image: talsrcimg_g11.4dfp.img
dimensions:      256       256       256
mmppix:       1.0000   -1.0000   -1.0000
center:     128.0000 -129.0000 -129.0000
fimgreg.f
image alignment mode   2311 decimal      907 hex
parameters
   -0.8884  -15.3616   23.4987   -7.5036   -5.9906   -8.7543
    0.1291   -5.4490   -1.6273    3.4581    6.4376   -7.1884
eta,q 0.97092  7.21308
niter,ni,del,rscale     5    3    5.0000    0.8000
parameters
   -0.8875  -15.4110   23.5220   -6.4172   -5.7430   -7.9039
    0.2429   -5.4384   -1.5716    3.3964    6.4319   -7.2506
eta,q 0.97105  7.28865
  0.0305  0.0300  0.0298  0.0302  0.0299  0.0295  0.0303  0.0306  0.0299  0.0297  0.0294  0.0295
  0.0297  0.0295  0.0294  0.0297  0.0294  0.0292  0.0296  0.0297  0.0294  0.0292  0.0291  0.0292
  0.0292  0.0291  0.0292  0.0294  0.0291  0.0290  0.0291  0.0291  0.0291  0.0290  0.0290  0.0290
  0.0291  0.0291  0.0291  0.0291  0.0290  0.0290  0.0289  0.0289  0.0289  0.0289  0.0289  0.0289
  0.0292  0.0292  0.0292  0.0289  0.0290  0.0290  0.0291  0.0291  0.0290  0.0290  0.0290  0.0290
  0.0297  0.0296  0.0294  0.0291  0.0292  0.0290  0.0295  0.0297  0.0293  0.0293  0.0292  0.0292
  0.0305  0.0301  0.0298  0.0296  0.0298  0.0292  0.0302  0.0306  0.0298  0.0298  0.0294  0.0296
niter,ni,del,rscale     4    3    5.0000    0.7000
parameters
   -0.9292  -15.5378   23.5860   -6.2092   -5.4906   -7.4638
    0.3023   -5.4986   -1.4772    3.1703    6.3700   -7.1618
eta,q 0.97111  7.31899
  0.0301  0.0296  0.0295  0.0298  0.0297  0.0293  0.0300  0.0302  0.0297  0.0295  0.0292  0.0294
  0.0294  0.0292  0.0292  0.0294  0.0293  0.0291  0.0294  0.0294  0.0292  0.0291  0.0290  0.0291
  0.0291  0.0290  0.0290  0.0291  0.0290  0.0290  0.0290  0.0290  0.0290  0.0290  0.0289  0.0290
  0.0289  0.0289  0.0289  0.0289  0.0289  0.0289  0.0289  0.0289  0.0289  0.0289  0.0289  0.0289
  0.0291  0.0291  0.0290  0.0289  0.0289  0.0289  0.0290  0.0291  0.0290  0.0290  0.0289  0.0289
  0.0295  0.0294  0.0291  0.0292  0.0291  0.0289  0.0293  0.0295  0.0292  0.0292  0.0291  0.0291
  0.0302  0.0299  0.0294  0.0298  0.0295  0.0292  0.0299  0.0303  0.0296  0.0296  0.0293  0.0293
niter,ni,del,rscale     3    3    5.0000    0.6000
parameters
   -0.9584  -15.6264   23.6342   -5.9807   -5.3099   -7.1821
    0.3195   -5.5414   -1.3915    3.0429    6.3507   -7.0243
eta,q 0.97114  7.34211
  0.0297  0.0294  0.0293  0.0296  0.0294  0.0291  0.0297  0.0298  0.0294  0.0293  0.0291  0.0292
  0.0293  0.0291  0.0291  0.0293  0.0291  0.0290  0.0292  0.0293  0.0291  0.0291  0.0290  0.0290
  0.0290  0.0289  0.0289  0.0290  0.0290  0.0289  0.0289  0.0290  0.0289  0.0289  0.0289  0.0289
  0.0289  0.0289  0.0289  0.0289  0.0289  0.0289  0.0289  0.0289  0.0289  0.0289  0.0289  0.0289
  0.0290  0.0290  0.0289  0.0289  0.0289  0.0289  0.0290  0.0290  0.0289  0.0289  0.0289  0.0289
  0.0293  0.0292  0.0290  0.0291  0.0290  0.0289  0.0292  0.0293  0.0291  0.0291  0.0290  0.0290
  0.0298  0.0296  0.0293  0.0295  0.0294  0.0291  0.0296  0.0299  0.0294  0.0294  0.0291  0.0292
niter,ni,del,rscale     2    3    5.0000    0.5000
parameters
   -0.9801  -15.6849   23.6655   -5.8076   -5.1862   -6.9290
    0.3278   -5.5596   -1.3372    3.0109    6.3410   -6.9605
eta,q 0.97115  7.36079
  0.0295  0.0293  0.0292  0.0294  0.0292  0.0290  0.0294  0.0295  0.0293  0.0292  0.0290  0.0291
  0.0291  0.0290  0.0290  0.0292  0.0290  0.0289  0.0291  0.0291  0.0290  0.0290  0.0289  0.0290
  0.0289  0.0289  0.0289  0.0290  0.0289  0.0289  0.0289  0.0289  0.0289  0.0289  0.0289  0.0289
  0.0289  0.0289  0.0289  0.0289  0.0289  0.0288  0.0288  0.0288  0.0288  0.0288  0.0288  0.0288
  0.0289  0.0289  0.0289  0.0289  0.0289  0.0288  0.0289  0.0289  0.0289  0.0289  0.0289  0.0289
  0.0292  0.0291  0.0290  0.0290  0.0290  0.0289  0.0291  0.0292  0.0290  0.0290  0.0289  0.0289
  0.0295  0.0293  0.0291  0.0293  0.0292  0.0290  0.0294  0.0296  0.0292  0.0292  0.0290  0.0291
niter,ni,del,rscale     1    3    5.0000    0.4000
parameters
   -0.9949  -15.7262   23.6843   -5.6671   -5.0879   -6.7040
    0.3341   -5.5690   -1.2870    3.0075    6.3512   -6.9413
eta,q 0.97116  7.37644
  0.0293  0.0291  0.0290  0.0292  0.0291  0.0290  0.0292  0.0293  0.0291  0.0291  0.0290  0.0290
  0.0290  0.0290  0.0289  0.0291  0.0290  0.0289  0.0290  0.0290  0.0290  0.0289  0.0289  0.0289
  0.0289  0.0289  0.0289  0.0289  0.0289  0.0289  0.0289  0.0289  0.0289  0.0289  0.0289  0.0289
  0.0288  0.0288  0.0289  0.0288  0.0288  0.0288  0.0288  0.0288  0.0288  0.0288  0.0288  0.0288
  0.0289  0.0289  0.0289  0.0289  0.0289  0.0288  0.0289  0.0289  0.0289  0.0289  0.0289  0.0289
  0.0290  0.0290  0.0289  0.0290  0.0289  0.0289  0.0290  0.0290  0.0289  0.0289  0.0289  0.0289
  0.0293  0.0292  0.0290  0.0292  0.0291  0.0289  0.0292  0.0293  0.0291  0.0291  0.0290  0.0290
registration optimization eta report
parameter search radius
    0.8000    0.8000    0.8000    2.4000    2.4000    2.4000
    2.4000    2.4000    2.4000    2.4000    2.4000    2.4000
100000*second partial in parameter space
       66.       45.       29.        6.        4.        2.
        6.        8.        4.        4.        2.        3.
  0.0293  0.0291  0.0290  0.0292  0.0291  0.0290  0.0292  0.0293  0.0291  0.0291  0.0290  0.0290
  0.0290  0.0290  0.0289  0.0291  0.0290  0.0289  0.0290  0.0290  0.0290  0.0289  0.0289  0.0289
  0.0289  0.0289  0.0289  0.0289  0.0289  0.0289  0.0289  0.0289  0.0289  0.0289  0.0289  0.0289
  0.0288  0.0288  0.0289  0.0288  0.0288  0.0288  0.0288  0.0288  0.0288  0.0288  0.0288  0.0288
  0.0289  0.0289  0.0289  0.0289  0.0289  0.0288  0.0289  0.0289  0.0289  0.0289  0.0289  0.0289
  0.0290  0.0290  0.0289  0.0290  0.0289  0.0289  0.0290  0.0290  0.0289  0.0289  0.0289  0.0289
  0.0293  0.0292  0.0290  0.0292  0.0291  0.0289  0.0292  0.0293  0.0291  0.0291  0.0290  0.0290
   -0.9949  -15.7262   23.6843   -5.6671   -5.0879   -6.7040
    0.3341   -5.5690   -1.2870    3.0075    6.3512   -6.9413
eta,q 0.97116  7.37644

---------------------------------------------------------------------
imgreg_4dfp /opt/freesurfer/average/711-2C_as_mni_average_305 /opt/freesurfer/average/711-2B_as_mni_average_305_mask talsrcimg_g11 none talsrcimg_to_711-2C_as_mni_average_305_t4 2311
---------------------------------------------------------------------

freesurfer imgreg_4dfp.c
/opt/freesurfer/average/711-2C_as_mni_average_305.4dfp.img
       256       256       256         1
  1.000000  1.000000  1.000000
orientation T byte_order littleendian
Reading image: /opt/freesurfer/average/711-2C_as_mni_average_305.4dfp.img
dimensions:      256       256       256
mmppix:       1.0000   -1.0000   -1.0000
center:     128.0000 -129.0000 -129.0000
/opt/freesurfer/average/711-2B_as_mni_average_305_mask.4dfp.img
       256       256       256         1
  1.000000  1.000000  1.000000
orientation T byte_order littleendian
Reading mask: /opt/freesurfer/average/711-2B_as_mni_average_305_mask.4dfp.img (2306576 pixels)
talsrcimg_g11.4dfp.img
       256       256       256         1
  1.000000  1.000000  1.000000
orientation T byte_order littleendian
Reading image: talsrcimg_g11.4dfp.img
dimensions:      256       256       256
mmppix:       1.0000   -1.0000   -1.0000
center:     128.0000 -129.0000 -129.0000
fimgreg.f
image alignment mode   2311 decimal      907 hex
parameters
   -0.9949  -15.7262   23.6843   -5.6671   -5.0879   -6.7040
    0.3341   -5.5690   -1.2870    3.0075    6.3512   -6.9413
eta,q 0.97116  7.37644
niter,ni,del,rscale     5    3    5.0000    0.8000
parameters
   -0.9952  -15.7130   23.6852   -6.1419   -5.2307   -7.5025
    0.2771   -5.5596   -1.3455    2.8382    6.2977   -6.8609
eta,q 0.97113  7.32771
  0.0305  0.0300  0.0296  0.0299  0.0298  0.0292  0.0302  0.0306  0.0298  0.0298  0.0293  0.0295
  0.0296  0.0294  0.0292  0.0294  0.0293  0.0290  0.0295  0.0296  0.0293  0.0292  0.0291  0.0292
  0.0290  0.0290  0.0289  0.0290  0.0290  0.0289  0.0290  0.0291  0.0290  0.0289  0.0289  0.0290
  0.0288  0.0288  0.0288  0.0288  0.0289  0.0289  0.0289  0.0289  0.0289  0.0289  0.0289  0.0289
  0.0290  0.0290  0.0289  0.0290  0.0289  0.0289  0.0290  0.0291  0.0290  0.0290  0.0289  0.0289
  0.0296  0.0294  0.0292  0.0296  0.0293  0.0292  0.0295  0.0296  0.0293  0.0293  0.0291  0.0291
  0.0305  0.0300  0.0296  0.0306  0.0300  0.0297  0.0303  0.0306  0.0298  0.0299  0.0294  0.0295
niter,ni,del,rscale     4    3    5.0000    0.7000
parameters
   -0.9750  -15.6949   23.6552   -6.1426   -5.2991   -7.5403
    0.2699   -5.5472   -1.3621    2.8821    6.3035   -6.8893
eta,q 0.97112  7.32408
  0.0302  0.0298  0.0294  0.0297  0.0296  0.0292  0.0299  0.0302  0.0296  0.0296  0.0292  0.0293
  0.0295  0.0293  0.0291  0.0294  0.0292  0.0290  0.0293  0.0295  0.0292  0.0292  0.0290  0.0291
  0.0290  0.0290  0.0289  0.0291  0.0290  0.0289  0.0290  0.0290  0.0290  0.0289  0.0289  0.0289
  0.0289  0.0289  0.0289  0.0289  0.0289  0.0289  0.0289  0.0289  0.0289  0.0289  0.0289  0.0289
  0.0290  0.0290  0.0289  0.0289  0.0289  0.0289  0.0290  0.0290  0.0290  0.0289  0.0289  0.0289
  0.0294  0.0293  0.0291  0.0292  0.0292  0.0290  0.0293  0.0295  0.0292  0.0292  0.0290  0.0291
  0.0301  0.0297  0.0295  0.0299  0.0297  0.0293  0.0299  0.0302  0.0296  0.0296  0.0292  0.0294
niter,ni,del,rscale     3    3    5.0000    0.6000
parameters
   -0.9748  -15.6896   23.6543   -6.0035   -5.2733   -7.3010
    0.2944   -5.5533   -1.3509    2.9267    6.3089   -6.9180
eta,q 0.97114  7.33813
  0.0298  0.0295  0.0293  0.0296  0.0294  0.0291  0.0297  0.0299  0.0294  0.0294  0.0291  0.0292
  0.0293  0.0291  0.0291  0.0293  0.0291  0.0290  0.0292  0.0293  0.0291  0.0291  0.0290  0.0290
  0.0290  0.0289  0.0289  0.0290  0.0289  0.0289  0.0290  0.0290  0.0289  0.0289  0.0289  0.0289
  0.0289  0.0289  0.0289  0.0289  0.0289  0.0289  0.0289  0.0289  0.0289  0.0289  0.0289  0.0289
  0.0290  0.0290  0.0289  0.0289  0.0289  0.0289  0.0290  0.0290  0.0289  0.0289  0.0289  0.0289
  0.0293  0.0292  0.0291  0.0291  0.0291  0.0289  0.0292  0.0293  0.0291  0.0291  0.0290  0.0290
  0.0298  0.0295  0.0293  0.0296  0.0294  0.0291  0.0296  0.0299  0.0294  0.0294  0.0291  0.0292
niter,ni,del,rscale     2    3    5.0000    0.5000
parameters
   -0.9821  -15.7023   23.6718   -5.8247   -5.1977   -7.0115
    0.3110   -5.5600   -1.3351    2.9669    6.3143   -6.9156
eta,q 0.97115  7.35680
  0.0295  0.0293  0.0292  0.0294  0.0292  0.0290  0.0294  0.0296  0.0293  0.0292  0.0290  0.0291
  0.0291  0.0290  0.0290  0.0292  0.0290  0.0289  0.0291  0.0291  0.0290  0.0290  0.0289  0.0290
  0.0289  0.0289  0.0289  0.0290  0.0289  0.0289  0.0289  0.0289  0.0289  0.0289  0.0289  0.0289
  0.0289  0.0289  0.0289  0.0289  0.0289  0.0289  0.0289  0.0289  0.0289  0.0289  0.0289  0.0289
  0.0289  0.0289  0.0289  0.0289  0.0289  0.0288  0.0289  0.0289  0.0289  0.0289  0.0289  0.0289
  0.0292  0.0291  0.0290  0.0290  0.0290  0.0289  0.0291  0.0292  0.0290  0.0290  0.0289  0.0290
  0.0295  0.0293  0.0291  0.0293  0.0292  0.0290  0.0294  0.0296  0.0292  0.0292  0.0290  0.0291
niter,ni,del,rscale     1    3    5.0000    0.4000
parameters
   -0.9947  -15.7316   23.6957   -5.6755   -5.1089   -6.7308
    0.3238   -5.5764   -1.2942    2.9949    6.3360   -6.9143
eta,q 0.97116  7.37456
  0.0293  0.0291  0.0290  0.0292  0.0291  0.0290  0.0292  0.0293  0.0291  0.0291  0.0290  0.0290
  0.0290  0.0290  0.0289  0.0291  0.0290  0.0289  0.0290  0.0290  0.0290  0.0290  0.0289  0.0289
  0.0289  0.0289  0.0289  0.0289  0.0289  0.0289  0.0289  0.0289  0.0289  0.0289  0.0289  0.0289
  0.0289  0.0288  0.0289  0.0289  0.0288  0.0288  0.0288  0.0288  0.0288  0.0288  0.0288  0.0288
  0.0289  0.0289  0.0289  0.0289  0.0289  0.0288  0.0289  0.0289  0.0289  0.0289  0.0289  0.0289
  0.0291  0.0290  0.0289  0.0290  0.0289  0.0289  0.0290  0.0290  0.0289  0.0289  0.0289  0.0289
  0.0293  0.0292  0.0290  0.0292  0.0291  0.0289  0.0292  0.0293  0.0291  0.0291  0.0290  0.0290
registration optimization eta report
parameter search radius
    0.8000    0.8000    0.8000    2.4000    2.4000    2.4000
    2.4000    2.4000    2.4000    2.4000    2.4000    2.4000
100000*second partial in parameter space
       65.       45.       29.        6.        4.        2.
        6.        8.        5.        4.        2.        3.
  0.0293  0.0291  0.0290  0.0292  0.0291  0.0290  0.0292  0.0293  0.0291  0.0291  0.0290  0.0290
  0.0290  0.0290  0.0289  0.0291  0.0290  0.0289  0.0290  0.0290  0.0290  0.0290  0.0289  0.0289
  0.0289  0.0289  0.0289  0.0289  0.0289  0.0289  0.0289  0.0289  0.0289  0.0289  0.0289  0.0289
  0.0289  0.0288  0.0289  0.0289  0.0288  0.0288  0.0288  0.0288  0.0288  0.0288  0.0288  0.0288
  0.0289  0.0289  0.0289  0.0289  0.0289  0.0288  0.0289  0.0289  0.0289  0.0289  0.0289  0.0289
  0.0291  0.0290  0.0289  0.0290  0.0289  0.0289  0.0290  0.0290  0.0289  0.0289  0.0289  0.0289
  0.0293  0.0292  0.0290  0.0292  0.0291  0.0289  0.0292  0.0293  0.0291  0.0291  0.0290  0.0290
   -0.9947  -15.7316   23.6957   -5.6755   -5.1089   -6.7308
    0.3238   -5.5764   -1.2942    2.9949    6.3360   -6.9143
eta,q 0.97116  7.37456

---------------------------------------------------------------------
compute_vox2vox talsrcimg talsrcimg_to_711-2C_as_mni_average_305_t4 /opt/freesurfer/average/711-2C_as_mni_average_305
---------------------------------------------------------------------

freesurfer compute_vox2vox.c
Reading: talsrcimg.4dfp.ifh
Reading: talsrcimg_to_711-2C_as_mni_average_305_t4
Reading: /opt/freesurfer/average/711-2C_as_mni_average_305.4dfp.ifh
Writing: talsrcimg_to_711-2C_as_mni_average_305_t4_vox2vox.txt

start time Fri Mar 13 22:04:43 CET 2026
end		time Fri Mar 13 22:04:57 CET 2026

mpr2mni305 success

avi2talxfm orig_nu.mgz /opt/freesurfer/average/mni305.cor.mgz talsrcimg_to_711-2C_as_mni_average_305_t4_vox2vox.txt transforms/talairach.auto.xfm
avi2talxfm done
mv -f /out/sourcedata/freesurfer/sub-v2s7x29658_ses-1/mri/talsrcimg_to_711-2C_as_mni_average_305_t4_vox2vox.txt /out/sourcedata/freesurfer/sub-v2s7x29658_ses-1/mri/transforms/talsrcimg_to_711-2C_as_mni_average_305_t4_vox2vox.txt
lta_convert --src orig_nu.mgz --trg /opt/freesurfer/average/mni305.cor.mgz --inxfm transforms/talairach.auto.xfm --outlta transforms/talairach.auto.xfm.lta --subject fsaverage
7.3.2

--src: orig_nu.mgz src image (geometry).
--trg: /opt/freesurfer/average/mni305.cor.mgz trg image (geometry).
--inmni: transforms/talairach.auto.xfm input MNI/XFM transform.
--outlta: transforms/talairach.auto.xfm.lta output LTA.
--s: fsaverage subject name
 LTA read, type : 1
 1.05595   0.06310   0.00100  -4.53813;
-0.07050   1.06545   0.07788  -30.73755;
 0.01663  -0.03277   1.05140  -30.59406;
 0.00000   0.00000   0.00000   1.00000;
setting subject to fsaverage
Writing  LTA to file transforms/talairach.auto.xfm.lta...
lta_convert successful.
 
 
Started at Fri Mar 13 22:04:43 CET 2026
Ended   at Fri Mar 13 22:04:57 CET 2026
talairach_avi done
