/out/sourcedata/freesurfer/sub-v2s7x29667_ses-1/mri
/opt/freesurfer/bin/talairach_avi
--i orig_nu.mgz --xfm transforms/talairach.auto.xfm
talairach_avi 7.3.2
Linux dna085 5.14.0-427.37.1.el9_4.x86_64 #1 SMP PREEMPT_DYNAMIC Fri Sep 13 12:41:50 EDT 2024 x86_64 x86_64 x86_64 GNU/Linux
Fri Mar 13 22:27:30 CET 2026
mri_convert orig_nu.mgz talsrcimg.img 
reading from orig_nu.mgz...
TR=0.00, TE=0.00, TI=0.00, flip angle=0.00
i_ras = (-1, 0, 0)
j_ras = (0, 0, -1)
k_ras = (0, 1, 0)
writing to talsrcimg.img...
Analyze Output Matrix
-1.00000   0.00000   0.00000   143.73424;
 0.00000   0.00000   1.00000  -135.07773;
 0.00000  -1.00000   0.00000   147.64198;
 0.00000   0.00000   0.00000   1.00000;
--------------------
INFO: set hdr.hist.orient to -1
mpr2mni305 talsrcimg
Fri Mar 13 22:27:30 CET 2026
/opt/freesurfer/bin/mpr2mni305 talsrcimg
mpr2mni305 7.3.2
target=711-2C_as_mni_average_305

---------------------------------------------------------------------
analyzeto4dfp talsrcimg -O0 -y
---------------------------------------------------------------------

freesurfer ifh2hdr.c
Fri Mar 13 22:27:30 2026
Writing: talsrcimg.4dfp.hdr
freesurfer analyzeto4dfp.c
Reading: talsrcimg.hdr
header size 348 bytes
hdr.dime.datatype	offset=70	value=2
hdr.dime.bitpix		offset=72	value=8
hdr.hist.orient		offset=252	value=-1
dimensionality     4
dimensions       256       256       256         1
Reading: talsrcimg.img
Writing: talsrcimg.4dfp.img
Writing: talsrcimg.4dfp.ifh
ifh2hdr talsrcimg -r0to246
ori=2

---------------------------------------------------------------------
gauss_4dfp talsrcimg 1.1
---------------------------------------------------------------------

freesurfer gauss_4dfp.c
Reading: talsrcimg.4dfp.img
Writing: talsrcimg_g11.4dfp.img
image dimensions 256 256 256 padded to 288 288 288
processing volume 1freesurfer ifh2hdr.c
Fri Mar 13 22:27:31 2026
Writing: talsrcimg_g11.4dfp.hdr

Writing: talsrcimg_g11.4dfp.ifh
including: talsrcimg.4dfp.img.rec in talsrcimg_g11.4dfp.img.rec

---------------------------------------------------------------------
imgreg_4dfp /opt/freesurfer/average/711-2C_as_mni_average_305 none talsrcimg_g11 none talsrcimg_to_711-2C_as_mni_average_305_t4 4355
---------------------------------------------------------------------

freesurfer imgreg_4dfp.c
/opt/freesurfer/average/711-2C_as_mni_average_305.4dfp.img
       256       256       256         1
  1.000000  1.000000  1.000000
orientation T byte_order littleendian
Reading image: /opt/freesurfer/average/711-2C_as_mni_average_305.4dfp.img
dimensions:      256       256       256
mmppix:       1.0000   -1.0000   -1.0000
center:     128.0000 -129.0000 -129.0000
talsrcimg_g11.4dfp.img
       256       256       256         1
  1.000000  1.000000  1.000000
orientation T byte_order littleendian
Reading image: talsrcimg_g11.4dfp.img
dimensions:      256       256       256
mmppix:       1.0000   -1.0000   -1.0000
center:     128.0000 -129.0000 -129.0000
t4_read: open error in t4_sub.f l:  41 t4_file(1:l)talsrcimg_to_711-2C_as_mni_average_305_t4 
t4_read: transform initialized to I4
rotation matrix determinant  1.000000
image alignment mode   4355 decimal     1103 hex
   -7.5000  -45.0000  -45.0000 8631.2148   12.3926
    0.0000  -45.0000  -45.0000 8980.2129   12.3803
    7.5000  -45.0000  -45.0000 8527.7822   12.3512
   -7.5000  -37.5000  -45.0000 9068.3682   12.3824
    0.0000  -37.5000  -45.0000 9439.5635   12.3678
    7.5000  -37.5000  -45.0000 8960.5898   12.3328
   -7.5000  -30.0000  -45.0000 9746.6211   12.3826
    0.0000  -30.0000  -45.000010134.0557   12.3611
    7.5000  -30.0000  -45.0000 9634.6924   12.3235
   -7.5000  -22.5000  -45.000010298.9863   12.3948
    0.0000  -22.5000  -45.000010716.4033   12.3684
    7.5000  -22.5000  -45.000010155.1855   12.3342
   -7.5000  -15.0000  -45.000010791.9307   12.4059
    0.0000  -15.0000  -45.000011184.2783   12.3812
    7.5000  -15.0000  -45.000010605.9082   12.3530
   -7.5000   -7.5000  -45.000011193.7344   12.4035
    0.0000   -7.5000  -45.000011631.1895   12.3861
    7.5000   -7.5000  -45.000010977.1982   12.3602
   -7.5000    0.0000  -45.000011502.0625   12.3923
    0.0000    0.0000  -45.000011905.7393   12.3800
    7.5000    0.0000  -45.000011253.0811   12.3509
   -7.5000    7.5000  -45.000010909.5293   12.3824
    0.0000    7.5000  -45.000011298.6436   12.3678
    7.5000    7.5000  -45.000010670.8896   12.3328
   -7.5000   15.0000  -45.000010164.5791   12.3827
    0.0000   15.0000  -45.000010560.6533   12.3612
    7.5000   15.0000  -45.0000 9945.2490   12.3236
   -7.5000   22.5000  -45.0000 9428.7021   12.4310
    0.0000   22.5000  -45.0000 9794.7520   12.4045
    7.5000   22.5000  -45.0000 9234.7529   12.3702
   -7.5000   30.0000  -45.0000 8664.1455   12.3865
    0.0000   30.0000  -45.0000 8997.5645   12.3616
    7.5000   30.0000  -45.0000 8491.9258   12.3331
   -7.5000   37.5000  -45.0000 8271.5186   12.5524
    0.0000   37.5000  -45.0000 8581.0811   12.5352
    7.5000   37.5000  -45.0000 8075.8081   12.5094
   -7.5000   45.0000  -45.0000 7549.2061   12.4073
    0.0000   45.0000  -45.0000 7825.4785   12.3943
    7.5000   45.0000  -45.0000 7379.9688   12.3648
   -7.5000  -45.0000  -37.5000 9088.9580   12.2743
    0.0000  -45.0000  -37.5000 9428.2617   12.2635
    7.5000  -45.0000  -37.5000 8943.6406   12.2379
   -7.5000  -37.5000  -37.5000 9541.5654   12.2633
    0.0000  -37.5000  -37.5000 9910.0088   12.2511
    7.5000  -37.5000  -37.5000 9409.6357   12.2209
   -7.5000  -30.0000  -37.500010269.3750   12.2694
    0.0000  -30.0000  -37.500010664.1143   12.2518
    7.5000  -30.0000  -37.500010130.9521   12.2187
   -7.5000  -22.5000  -37.500010878.6641   12.2888
    0.0000  -22.5000  -37.500011299.3027   12.2666
    7.5000  -22.5000  -37.500010692.7344   12.2356
   -7.5000  -15.0000  -37.500011349.2979   12.3012
    0.0000  -15.0000  -37.500011777.7803   12.2797
    7.5000  -15.0000  -37.500011140.0430   12.2534
   -7.5000   -7.5000  -37.500011773.2793   12.2926
    0.0000   -7.5000  -37.500012232.8525   12.2770
    7.5000   -7.5000  -37.500011534.2363   12.2532
   -7.5000    0.0000  -37.500012114.9648   12.2741
    0.0000    0.0000  -37.500012535.9609   12.2632
    7.5000    0.0000  -37.500011857.9834   12.2376
   -7.5000    7.5000  -37.500011477.8291   12.2633
    0.0000    7.5000  -37.500011908.7607   12.2511
    7.5000    7.5000  -37.500011240.8916   12.2209
   -7.5000   15.0000  -37.500010714.2637   12.2695
    0.0000   15.0000  -37.500011158.1621   12.2519
    7.5000   15.0000  -37.500010526.4639   12.2188
   -7.5000   22.5000  -37.5000 9954.7939   12.3251
    0.0000   22.5000  -37.500010333.9561   12.3028
    7.5000   22.5000  -37.5000 9767.6924   12.2716
   -7.5000   30.0000  -37.5000 9146.5684   12.2812
    0.0000   30.0000  -37.5000 9490.8838   12.2589
    7.5000   30.0000  -37.5000 8975.3271   12.2322
   -7.5000   37.5000  -37.5000 8714.4316   12.4372
    0.0000   37.5000  -37.5000 9025.7412   12.4218
    7.5000   37.5000  -37.5000 8514.6514   12.3978
   -7.5000   45.0000  -37.5000 7926.1069   12.2832
    0.0000   45.0000  -37.5000 8212.7334   12.2707
    7.5000   45.0000  -37.5000 7761.4824   12.2441
   -7.5000  -45.0000  -30.0000 9738.9404   12.7116
    0.0000  -45.0000  -30.000010099.5957   12.7006
    7.5000  -45.0000  -30.0000 9594.3945   12.6754
   -7.5000  -37.5000  -30.000010221.7812   12.6987
    0.0000  -37.5000  -30.000010622.1191   12.6878
    7.5000  -37.5000  -30.000010096.3965   12.6586
   -7.5000  -30.0000  -30.000011006.9131   12.7020
    0.0000  -30.0000  -30.000011441.9209   12.6881
    7.5000  -30.0000  -30.000010863.7402   12.6571
   -7.5000  -22.5000  -30.000011656.5664   12.7203
    0.0000  -22.5000  -30.000012103.6523   12.7028
    7.5000  -22.5000  -30.000011470.9521   12.6746
   -7.5000  -15.0000  -30.000012117.6338   12.7343
    0.0000  -15.0000  -30.000012591.8984   12.7164
    7.5000  -15.0000  -30.000011913.5527   12.6924
   -7.5000   -7.5000  -30.000012570.9404   12.7285
    0.0000   -7.5000  -30.000013058.4883   12.7142
    7.5000   -7.5000  -30.000012348.0254   12.6915
   -7.5000    0.0000  -30.000012955.7295   12.7113
    0.0000    0.0000  -30.000013418.5791   12.7003
    7.5000    0.0000  -30.000012709.4717   12.6752
   -7.5000    7.5000  -30.000012286.0234   12.6987
    0.0000    7.5000  -30.000012764.4980   12.6878
    7.5000    7.5000  -30.000012088.9131   12.6586
   -7.5000   15.0000  -30.000011480.2969   12.7021
    0.0000   15.0000  -30.000011955.7148   12.6883
    7.5000   15.0000  -30.000011327.0928   12.6573
   -7.5000   22.5000  -30.000010648.9062   12.7579
    0.0000   22.5000  -30.000011053.4600   12.7403
    7.5000   22.5000  -30.000010498.9648   12.7119
   -7.5000   30.0000  -30.0000 9774.4902   12.7135
    0.0000   30.0000  -30.000010138.7832   12.6944
    7.5000   30.0000  -30.0000 9652.8232   12.6698
   -7.5000   37.5000  -30.0000 9289.5332   12.8776
    0.0000   37.5000  -30.0000 9624.4629   12.8632
    7.5000   37.5000  -30.0000 9119.2129   12.8403
   -7.5000   45.0000  -30.0000 8473.7373   12.7285
    0.0000   45.0000  -30.0000 8760.6064   12.7148
    7.5000   45.0000  -30.0000 8312.1035   12.6882
   -7.5000  -45.0000  -22.500010427.2168   13.1036
    0.0000  -45.0000  -22.500010815.2412   13.0900
    7.5000  -45.0000  -22.500010283.2734   13.0620
   -7.5000  -37.5000  -22.500010963.0322   13.0886
    0.0000  -37.5000  -22.500011404.9385   13.0754
    7.5000  -37.5000  -22.500010838.5566   13.0434
   -7.5000  -30.0000  -22.500011790.2334   13.0819
    0.0000  -30.0000  -22.500012256.8994   13.0676
    7.5000  -30.0000  -22.500011638.9766   13.0358
   -7.5000  -22.5000  -22.500012477.2783   13.0927
    0.0000  -22.5000  -22.500012926.0791   13.0761
    7.5000  -22.5000  -22.500012284.9131   13.0494
   -7.5000  -15.0000  -22.500012953.6494   13.1088
    0.0000  -15.0000  -22.500013433.7197   13.0918
    7.5000  -15.0000  -22.500012746.3604   13.0694
   -7.5000   -7.5000  -22.500013458.4531   13.1128
    0.0000   -7.5000  -22.500013960.1377   13.0975
    7.5000   -7.5000  -22.500013254.4717   13.0742
   -7.5000    0.0000  -22.500013867.3662   13.1033
    0.0000    0.0000  -22.500014349.9443   13.0897
    7.5000    0.0000  -22.500013672.2314   13.0617
   -7.5000    7.5000  -22.500013160.0166   13.0886
    0.0000    7.5000  -22.500013650.4795   13.0754
    7.5000    7.5000  -22.500013041.2822   13.0434
   -7.5000   15.0000  -22.500012292.8516   13.0821
    0.0000   15.0000  -22.500012765.9795   13.0677
    7.5000   15.0000  -22.500012208.7959   13.0360
   -7.5000   22.5000  -22.500011375.1514   13.1312
    0.0000   22.5000  -22.500011805.9150   13.1145
    7.5000   22.5000  -22.500011320.9619   13.0877
   -7.5000   30.0000  -22.500010435.1582   13.0877
    0.0000   30.0000  -22.500010850.0029   13.0695
    7.5000   30.0000  -22.500010381.9512   13.0465
   -7.5000   37.5000  -22.5000 9918.0811   13.2672
    0.0000   37.5000  -22.500010283.2881   13.2518
    7.5000   37.5000  -22.5000 9793.1123   13.2285
   -7.5000   45.0000  -22.5000 9064.6973   13.1320
    0.0000   45.0000  -22.5000 9375.2354   13.1159
    7.5000   45.0000  -22.5000 8899.3193   13.0866
   -7.5000  -45.0000  -15.000011150.3721   13.4081
    0.0000  -45.0000  -15.000011566.4912   13.3914
    7.5000  -45.0000  -15.000010986.1104   13.3584
   -7.5000  -37.5000  -15.000011754.1367   13.3920
    0.0000  -37.5000  -15.000012207.0020   13.3749
    7.5000  -37.5000  -15.000011591.9629   13.3372
   -7.5000  -30.0000  -15.000012648.0928   13.3780
    0.0000  -30.0000  -15.000013135.6709   13.3590
    7.5000  -30.0000  -15.000012466.7168   13.3229
   -7.5000  -22.5000  -15.000013385.3281   13.3826
    0.0000  -22.5000  -15.000013844.0381   13.3616
    7.5000  -22.5000  -15.000013160.5967   13.3324
   -7.5000  -15.0000  -15.000013872.3018   13.3998
    0.0000  -15.0000  -15.000014350.7148   13.3792
    7.5000  -15.0000  -15.000013636.9580   13.3553
   -7.5000   -7.5000  -15.000014421.6201   13.4110
    0.0000   -7.5000  -15.000014898.1064   13.3928
    7.5000   -7.5000  -15.000014217.3760   13.3666
   -7.5000    0.0000  -15.000014831.1270   13.4078
    0.0000    0.0000  -15.000015326.0273   13.3911
    7.5000    0.0000  -15.000014674.4551   13.3581
   -7.5000    7.5000  -15.000014080.8623   13.3920
    0.0000    7.5000  -15.000014580.7178   13.3749
    7.5000    7.5000  -15.000013983.0010   13.3371
   -7.5000   15.0000  -15.000013177.9297   13.3781
    0.0000   15.0000  -15.000013635.8291   13.3592
    7.5000   15.0000  -15.000013103.2021   13.3230
   -7.5000   22.5000  -15.000012204.2891   13.4206
    0.0000   22.5000  -15.000012643.1426   13.3996
    7.5000   22.5000  -15.000012175.0342   13.3703
   -7.5000   30.0000  -15.000011193.0986   13.3791
    0.0000   30.0000  -15.000011620.3604   13.3580
    7.5000   30.0000  -15.000011173.5000   13.3334
   -7.5000   37.5000  -15.000010610.5029   13.5702
    0.0000   37.5000  -15.000011000.8672   13.5522
    7.5000   37.5000  -15.000010534.2334   13.5263
   -7.5000   45.0000  -15.0000 9695.3662   13.4461
    0.0000   45.0000  -15.000010035.9873   13.4280
    7.5000   45.0000  -15.0000 9554.1621   13.3941
   -7.5000  -45.0000   -7.500011860.4775   13.5561
    0.0000  -45.0000   -7.500012294.7295   13.5393
    7.5000  -45.0000   -7.500011681.7432   13.5042
   -7.5000  -37.5000   -7.500012568.7822   13.5410
    0.0000  -37.5000   -7.500013035.5537   13.5223
    7.5000  -37.5000   -7.500012375.8447   13.4814
   -7.5000  -30.0000   -7.500013621.6787   13.5310
    0.0000  -30.0000   -7.500014132.1660   13.5074
    7.5000  -30.0000   -7.500013382.6934   13.4666
   -7.5000  -22.5000   -7.500014389.7549   13.5387
    0.0000  -22.5000   -7.500014906.3877   13.5115
    7.5000  -22.5000   -7.500014151.3623   13.4771
   -7.5000  -15.0000   -7.500014894.4170   13.5552
    0.0000  -15.0000   -7.500015403.0801   13.5296
    7.5000  -15.0000   -7.500014663.7529   13.5013
   -7.5000   -7.5000   -7.500015467.1514   13.5622
    0.0000   -7.5000   -7.500015970.2617   13.5421
    7.5000   -7.5000   -7.500015286.4814   13.5132
   -7.5000    0.0000   -7.500015875.6719   13.5557
    0.0000    0.0000   -7.500016437.9551   13.5390
    7.5000    0.0000   -7.500015768.2061   13.5039
   -7.5000    7.5000   -7.500015075.5146   13.5410
    0.0000    7.5000   -7.500015610.8701   13.5223
    7.5000    7.5000   -7.500015003.5908   13.4814
   -7.5000   15.0000   -7.500014152.5068   13.5311
    0.0000   15.0000   -7.500014603.4736   13.5075
    7.5000   15.0000   -7.500014062.1523   13.4667
   -7.5000   22.5000   -7.500013154.3535   13.5740
    0.0000   22.5000   -7.500013580.5332   13.5468
    7.5000   22.5000   -7.500013068.8203   13.5123
   -7.5000   30.0000   -7.500012082.8174   13.5343
    0.0000   30.0000   -7.500012480.9053   13.5087
    7.5000   30.0000   -7.500012020.8184   13.4800
   -7.5000   37.5000   -7.500011417.2100   13.7226
    0.0000   37.5000   -7.500011812.2969   13.7027
    7.5000   37.5000   -7.500011339.4395   13.6742
   -7.5000   45.0000   -7.500010386.1738   13.5946
    0.0000   45.0000   -7.500010740.7549   13.5772
    7.5000   45.0000   -7.500010244.0957   13.5416
   -7.5000  -45.0000    0.000012459.1084   13.5840
    0.0000  -45.0000    0.000012904.8477   13.5696
    7.5000  -45.0000    0.000012277.2998   13.5363
   -7.5000  -37.5000    0.000013267.8174   13.5708
    0.0000  -37.5000    0.000013746.9150   13.5539
    7.5000  -37.5000    0.000013002.1016   13.5145
   -7.5000  -30.0000    0.000014529.0146   13.5711
    0.0000  -30.0000    0.000015065.6367   13.5470
    7.5000  -30.0000    0.000014182.5117   13.5054
   -7.5000  -22.5000    0.000015374.5996   13.5871
    0.0000  -22.5000    0.000015944.6719   13.5580
    7.5000  -22.5000    0.000015074.2285   13.5206
   -7.5000  -15.0000    0.000015927.1416   13.6018
    0.0000  -15.0000    0.000016510.6953   13.5745
    7.5000  -15.0000    0.000015688.3975   13.5434
   -7.5000   -7.5000    0.000016523.1523   13.5986
    0.0000   -7.5000    0.000017092.4297   13.5790
    7.5000   -7.5000    0.000016306.7832   13.5497
   -7.5000    0.0000    0.000016991.6016   13.5837
    0.0000    0.0000    0.000017609.2715   13.5693
    7.5000    0.0000    0.000016737.1035   13.5360
   -7.5000    7.5000    0.000016158.5127   13.5708
    0.0000    7.5000    0.000016718.7441   13.5538
    7.5000    7.5000    0.000015889.7744   13.5145
   -7.5000   15.0000    0.000015193.2373   13.5712
    0.0000   15.0000    0.000015651.4795   13.5471
    7.5000   15.0000    0.000014939.6348   13.5055
   -7.5000   22.5000    0.000014115.2715   13.6216
    0.0000   22.5000    0.000014571.1104   13.5923
    7.5000   22.5000    0.000013915.3203   13.5548
   -7.5000   30.0000    0.000012970.5156   13.5825
    0.0000   30.0000    0.000013396.7539   13.5550
    7.5000   30.0000    0.000012808.7930   13.5236
   -7.5000   37.5000    0.000012249.7207   13.7600
    0.0000   37.5000    0.000012649.8369   13.7406
    7.5000   37.5000    0.000012091.7803   13.7114
   -7.5000   45.0000    0.000011116.5566   13.6207
    0.0000   45.0000    0.000011450.2021   13.6055
    7.5000   45.0000    0.000010927.6211   13.5717
   -7.5000  -45.0000    7.500012135.2432   13.5944
    0.0000  -45.0000    7.500012566.7637   13.5823
    7.5000  -45.0000    7.500012008.9150   13.5531
   -7.5000  -37.5000    7.500012931.5947   13.5817
    0.0000  -37.5000    7.500013387.0820   13.5681
    7.5000  -37.5000    7.500012700.9453   13.5337
   -7.5000  -30.0000    7.500014295.3633   13.5882
    0.0000  -30.0000    7.500014836.3877   13.5687
    7.5000  -30.0000    7.500013896.2402   13.5312
   -7.5000  -22.5000    7.500015377.8379   13.6101
    0.0000  -22.5000    7.500016041.4092   13.5853
    7.5000  -22.5000    7.500014933.1523   13.5505
   -7.5000  -15.0000    7.500016036.0010   13.6242
    0.0000  -15.0000    7.500016707.6934   13.6002
    7.5000  -15.0000    7.500015579.1133   13.5708
   -7.5000   -7.5000    7.500016615.5762   13.6148
    0.0000   -7.5000    7.500017195.0566   13.5975
    7.5000   -7.5000    7.500016100.9170   13.5707
   -7.5000    0.0000    7.500017011.6367   13.5941
    0.0000    0.0000    7.500017552.1719   13.5820
    7.5000    0.0000    7.500016426.0273   13.5528
   -7.5000    7.5000    7.500016121.0732   13.5817
    0.0000    7.5000    7.500016587.5645   13.5681
    7.5000    7.5000    7.500015581.0088   13.5337
   -7.5000   15.0000    7.500015046.1377   13.5883
    0.0000   15.0000    7.500015502.6104   13.5688
    7.5000   15.0000    7.500014643.9590   13.5313
   -7.5000   22.5000    7.500013950.2559   13.6454
    0.0000   22.5000    7.500014386.9727   13.6206
    7.5000   22.5000    7.500013664.1914   13.5855
   -7.5000   30.0000    7.500012843.8516   13.6057
    0.0000   30.0000    7.500013254.2725   13.5809
    7.5000   30.0000    7.500012616.5293   13.5511
   -7.5000   37.5000    7.500012172.0352   13.7768
    0.0000   37.5000    7.500012578.3154   13.7596
    7.5000   37.5000    7.500011964.4131   13.7325
   -7.5000   45.0000    7.500011036.3320   13.6305
    0.0000   45.0000    7.500011387.8652   13.6166
    7.5000   45.0000    7.500010827.8838   13.5863
   -7.5000  -45.0000   15.000011778.8584   13.6031
    0.0000  -45.0000   15.000012252.8506   13.5915
    7.5000  -45.0000   15.000011616.3418   13.5648
   -7.5000  -37.5000   15.000012551.7520   13.5892
    0.0000  -37.5000   15.000013049.6738   13.5776
    7.5000  -37.5000   15.000012241.4688   13.5465
   -7.5000  -30.0000   15.000013902.7324   13.5928
    0.0000  -30.0000   15.000014435.0439   13.5781
    7.5000  -30.0000   15.000013355.1123   13.5451
   -7.5000  -22.5000   15.000015165.3926   13.6128
    0.0000  -22.5000   15.000015792.1797   13.5942
    7.5000  -22.5000   15.000014375.5977   13.5641
   -7.5000  -15.0000   15.000016039.3857   13.6280
    0.0000  -15.0000   15.000016647.2188   13.6089
    7.5000  -15.0000   15.000015120.1357   13.5834
   -7.5000   -7.5000   15.000016635.5820   13.6217
    0.0000   -7.5000   15.000017145.2363   13.6064
    7.5000   -7.5000   15.000015692.9229   13.5823
   -7.5000    0.0000   15.000016914.6445   13.6028
    0.0000    0.0000   15.000017379.6992   13.5912
    7.5000    0.0000   15.000016017.5742   13.5645
   -7.5000    7.5000   15.000015817.0947   13.5892
    0.0000    7.5000   15.000016275.7842   13.5776
    7.5000    7.5000   15.000015136.5752   13.5465
   -7.5000   15.0000   15.000014693.7939   13.5930
    0.0000   15.0000   15.000015140.7471   13.5783
    7.5000   15.0000   15.000014222.2334   13.5452
   -7.5000   22.5000   15.000013603.9902   13.6499
    0.0000   22.5000   15.000014063.0723   13.6312
    7.5000   22.5000   15.000013306.1807   13.6008
   -7.5000   30.0000   15.000012541.2676   13.6093
    0.0000   30.0000   15.000012977.0879   13.5888
    7.5000   30.0000   15.000012328.6709   13.5627
   -7.5000   37.5000   15.000011905.8076   13.7841
    0.0000   37.5000   15.000012341.7451   13.7687
    7.5000   37.5000   15.000011734.9941   13.7444
   -7.5000   45.0000   15.000010790.1377   13.6414
    0.0000   45.0000   15.000011174.2559   13.6269
    7.5000   45.0000   15.000010609.5928   13.5986
   -7.5000  -45.0000   22.500011356.6465   13.6014
    0.0000  -45.0000   22.500011829.4561   13.5873
    7.5000  -45.0000   22.500011120.9805   13.5582
   -7.5000  -37.5000   22.500011999.6104   13.5858
    0.0000  -37.5000   22.500012475.6836   13.5722
    7.5000  -37.5000   22.500011685.3525   13.5389
   -7.5000  -30.0000   22.500013103.4600   13.5790
    0.0000  -30.0000   22.500013592.4346   13.5641
    7.5000  -30.0000   22.500012692.6055   13.5312
   -7.5000  -22.5000   22.500014186.9473   13.5901
    0.0000  -22.5000   22.500014795.0020   13.5729
    7.5000  -22.5000   22.500013646.5215   13.5453
   -7.5000  -15.0000   22.500015181.9912   13.6068
    0.0000  -15.0000   22.500015821.8984   13.5892
    7.5000  -15.0000   22.500014454.6670   13.5660
   -7.5000   -7.5000   22.500015944.8467   13.6109
    0.0000   -7.5000   22.500016534.2070   13.5951
    7.5000   -7.5000   22.500015109.2754   13.5709
   -7.5000    0.0000   22.500016246.2178   13.6011
    0.0000    0.0000   22.500016792.4629   13.5870
    7.5000    0.0000   22.500015428.7627   13.5579
   -7.5000    7.5000   22.500015219.1582   13.5858
    0.0000    7.5000   22.500015706.3037   13.5722
    7.5000    7.5000   22.500014566.1914   13.5389
   -7.5000   15.0000   22.500014098.7744   13.5791
    0.0000   15.0000   22.500014574.9629   13.5643
    7.5000   15.0000   22.500013627.8203   13.5313
   -7.5000   22.5000   22.500013042.7178   13.6280
    0.0000   22.5000   22.500013489.8008   13.6107
    7.5000   22.5000   22.500012722.5098   13.5829
   -7.5000   30.0000   22.500012022.2979   13.5869
    0.0000   30.0000   22.500012447.9824   13.5680
    7.5000   30.0000   22.500011814.1572   13.5441
   -7.5000   37.5000   22.500011411.4072   13.7731
    0.0000   37.5000   22.500011842.1807   13.7571
    7.5000   37.5000   22.500011268.2637   13.7330
   -7.5000   45.0000   22.500010345.1025   13.6427
    0.0000   45.0000   22.500010719.3447   13.6260
    7.5000   45.0000   22.500010194.8135   13.5955
   -7.5000  -45.0000   30.000010601.9941   13.5951
    0.0000  -45.0000   30.000011026.7305   13.5783
    7.5000  -45.0000   30.000010387.9043   13.5447
   -7.5000  -37.5000   30.000011147.6641   13.5788
    0.0000  -37.5000   30.000011575.7373   13.5615
    7.5000  -37.5000   30.000010911.2676   13.5232
   -7.5000  -30.0000   30.000012170.0947   13.5647
    0.0000  -30.0000   30.000012599.0635   13.5454
    7.5000  -30.0000   30.000011836.4922   13.5087
   -7.5000  -22.5000   30.000013242.3193   13.5694
    0.0000  -22.5000   30.000013792.3887   13.5481
    7.5000  -22.5000   30.000012778.9756   13.5185
   -7.5000  -15.0000   30.000014175.8955   13.5868
    0.0000  -15.0000   30.000014797.6064   13.5660
    7.5000  -15.0000   30.000013523.7422   13.5417
   -7.5000   -7.5000   30.000014774.1836   13.5981
    0.0000   -7.5000   30.000015339.6846   13.5797
    7.5000   -7.5000   30.000014088.9980   13.5532
   -7.5000    0.0000   30.000015036.1172   13.5948
    0.0000    0.0000   30.000015554.6855   13.5779
    7.5000    0.0000   30.000014415.2432   13.5444
   -7.5000    7.5000   30.000014161.1270   13.5788
    0.0000    7.5000   30.000014638.6318   13.5615
    7.5000    7.5000   30.000013638.7129   13.5232
   -7.5000   15.0000   30.000013199.0303   13.5649
    0.0000   15.0000   30.000013650.4619   13.5456
    7.5000   15.0000   30.000012778.3818   13.5089
   -7.5000   22.5000   30.000012253.1396   13.6065
    0.0000   22.5000   30.000012655.1230   13.5852
    7.5000   22.5000   30.000011937.3037   13.5555
   -7.5000   30.0000   30.000011289.5781   13.5659
    0.0000   30.0000   30.000011681.7686   13.5445
    7.5000   30.0000   30.000011074.1270   13.5196
   -7.5000   37.5000   30.000010719.0742   13.7597
    0.0000   37.5000   30.000011130.5889   13.7414
    7.5000   37.5000   30.000010550.4082   13.7152
   -7.5000   45.0000   30.0000 9719.9141   13.6374
    0.0000   45.0000   30.000010095.2666   13.6190
    7.5000   45.0000   30.0000 9576.0381   13.5847
   -7.5000  -45.0000   37.500010230.3574   13.7535
    0.0000  -45.0000   37.500010605.1797   13.7363
    7.5000  -45.0000   37.500010017.1377   13.7002
   -7.5000  -37.5000   37.500010764.6592   13.7378
    0.0000  -37.5000   37.500011154.4873   13.7186
    7.5000  -37.5000   37.500010541.0166   13.6765
   -7.5000  -30.0000   37.500011794.7441   13.7277
    0.0000  -30.0000   37.500012190.4814   13.7034
    7.5000  -30.0000   37.500011470.6807   13.6612
   -7.5000  -22.5000   37.500012890.0215   13.7360
    0.0000  -22.5000   37.500013418.1943   13.7079
    7.5000  -22.5000   37.500012406.8213   13.6722
   -7.5000  -15.0000   37.500013768.6572   13.7531
    0.0000  -15.0000   37.500014318.3418   13.7267
    7.5000  -15.0000   37.500013112.6514   13.6972
   -7.5000   -7.5000   37.500014285.9395   13.7602
    0.0000   -7.5000   37.500014773.2939   13.7394
    7.5000   -7.5000   37.500013650.6582   13.7096
   -7.5000    0.0000   37.500014571.9355   13.7532
    0.0000    0.0000   37.500015028.0801   13.7360
    7.5000    0.0000   37.500014009.6836   13.6998
   -7.5000    7.5000   37.500013778.1533   13.7378
    0.0000    7.5000   37.500014231.2891   13.7186
    7.5000    7.5000   37.500013282.9199   13.6765
   -7.5000   15.0000   37.500012880.0811   13.7278
    0.0000   15.0000   37.500013295.2578   13.7035
    7.5000   15.0000   37.500012446.1523   13.6613
   -7.5000   22.5000   37.500011935.0078   13.7724
    0.0000   22.5000   37.500012348.7363   13.7442
    7.5000   22.5000   37.500011611.5898   13.7084
   -7.5000   30.0000   37.500011016.9395   13.7343
    0.0000   30.0000   37.500011413.6299   13.7079
    7.5000   30.0000   37.500010784.3906   13.6780
   -7.5000   37.5000   37.500010472.8330   13.9277
    0.0000   37.5000   37.500010877.5312   13.9072
    7.5000   37.5000   37.500010281.0146   13.8776
   -7.5000   45.0000   37.5000 9485.4775   13.8007
    0.0000   45.0000   37.5000 9857.0088   13.7827
    7.5000   45.0000   37.5000 9316.0576   13.7461
   -7.5000  -45.0000   45.0000 9451.2754   13.9625
    0.0000  -45.0000   45.0000 9784.2773   13.9475
    7.5000  -45.0000   45.0000 9235.2676   13.9127
   -7.5000  -37.5000   45.0000 9969.3604   13.9488
    0.0000  -37.5000   45.000010290.4971   13.9313
    7.5000  -37.5000   45.0000 9732.8008   13.8895
   -7.5000  -30.0000   45.000010949.0342   13.9501
    0.0000  -30.0000   45.000011300.6885   13.9250
    7.5000  -30.0000   45.000010649.9277   13.8803
   -7.5000  -22.5000   45.000011944.1143   13.9676
    0.0000  -22.5000   45.000012430.2402   13.9369
    7.5000  -22.5000   45.000011510.6729   13.8967
   -7.5000  -15.0000   45.000012695.2803   13.9825
    0.0000  -15.0000   45.000013166.2891   13.9537
    7.5000  -15.0000   45.000012156.4287   13.9205
   -7.5000   -7.5000   45.000013181.7568   13.9784
    0.0000   -7.5000   45.000013601.5361   13.9577
    7.5000   -7.5000   45.000012680.3613   13.9269
   -7.5000    0.0000   45.000013553.3350   13.9622
    0.0000    0.0000   45.000013967.0137   13.9471
    7.5000    0.0000   45.000013080.2500   13.9123
   -7.5000    7.5000   45.000012850.5234   13.9488
    0.0000    7.5000   45.000013264.7646   13.9313
    7.5000    7.5000   45.000012423.3262   13.8895
   -7.5000   15.0000   45.000012039.4697   13.9502
    0.0000   15.0000   45.000012411.6387   13.9251
    7.5000   15.0000   45.000011641.5615   13.8804
   -7.5000   22.5000   45.000011147.5088   14.0044
    0.0000   22.5000   45.000011528.3711   13.9737
    7.5000   22.5000   45.000010842.6670   13.9332
   -7.5000   30.0000   45.000010297.7783   13.9671
    0.0000   30.0000   45.000010663.9316   13.9381
    7.5000   30.0000   45.000010058.8115   13.9045
   -7.5000   37.5000   45.0000 9826.8828   14.1546
    0.0000   37.5000   45.000010186.9512   14.1341
    7.5000   37.5000   45.0000 9602.3623   14.1033
   -7.5000   45.0000   45.0000 8862.6543   14.0246
    0.0000   45.0000   45.0000 9184.6660   14.0087
    7.5000   45.0000   45.0000 8663.9385   13.9732

---------------------------------------------------------------------
imgreg_4dfp /opt/freesurfer/average/711-2C_as_mni_average_305 /opt/freesurfer/average/711-2B_as_mni_average_305_mask talsrcimg_g11 none talsrcimg_to_711-2C_as_mni_average_305_t4 4355
---------------------------------------------------------------------

freesurfer imgreg_4dfp.c
/opt/freesurfer/average/711-2C_as_mni_average_305.4dfp.img
       256       256       256         1
  1.000000  1.000000  1.000000
orientation T byte_order littleendian
Reading image: /opt/freesurfer/average/711-2C_as_mni_average_305.4dfp.img
dimensions:      256       256       256
mmppix:       1.0000   -1.0000   -1.0000
center:     128.0000 -129.0000 -129.0000
/opt/freesurfer/average/711-2B_as_mni_average_305_mask.4dfp.img
       256       256       256         1
  1.000000  1.000000  1.000000
orientation T byte_order littleendian
Reading mask: /opt/freesurfer/average/711-2B_as_mni_average_305_mask.4dfp.img (2306576 pixels)
talsrcimg_g11.4dfp.img
       256       256       256         1
  1.000000  1.000000  1.000000
orientation T byte_order littleendian
Reading image: talsrcimg_g11.4dfp.img
dimensions:      256       256       256
mmppix:       1.0000   -1.0000   -1.0000
center:     128.0000 -129.0000 -129.0000
rotation matrix determinant  1.000000
image alignment mode   4355 decimal     1103 hex
   -7.5000  -45.0000  -45.0000 2253.0654   14.6690
    0.0000  -45.0000  -45.0000 2260.7048   14.6949
    7.5000  -45.0000  -45.0000 2240.7661   14.9005
   -7.5000  -37.5000  -45.0000 2280.5293   14.2109
    0.0000  -37.5000  -45.0000 2292.6028   14.2395
    7.5000  -37.5000  -45.0000 2268.0437   14.4079
   -7.5000  -30.0000  -45.0000 2301.7170   13.8885
    0.0000  -30.0000  -45.0000 2310.0427   13.9007
    7.5000  -30.0000  -45.0000 2289.9434   14.0443
   -7.5000  -22.5000  -45.0000 2315.7478   13.6979
    0.0000  -22.5000  -45.0000 2322.8086   13.6745
    7.5000  -22.5000  -45.0000 2302.3647   13.8629
   -7.5000  -15.0000  -45.0000 2317.1504   13.7325
    0.0000  -15.0000  -45.0000 2323.4148   13.7079
    7.5000  -15.0000  -45.0000 2297.6531   13.8721
   -7.5000   -7.5000  -45.0000 2304.0569   13.9574
    0.0000   -7.5000  -45.0000 2310.1323   13.9314
    7.5000   -7.5000  -45.0000 2281.1167   14.1125
   -7.5000    0.0000  -45.0000 2273.8933   14.4781
    0.0000    0.0000  -45.0000 2275.9768   14.4146
    7.5000    0.0000  -45.0000 2244.8950   14.5986
   -7.5000    7.5000  -45.0000 2225.7349   15.2080
    0.0000    7.5000  -45.0000 2229.4595   15.1403
    7.5000    7.5000  -45.0000 2198.7273   15.3174
   -7.5000   15.0000  -45.0000 2159.4807   16.1157
    0.0000   15.0000  -45.0000 2165.9719   16.0647
    7.5000   15.0000  -45.0000 2131.2773   16.2568
   -7.5000   22.5000  -45.0000 2080.6042   17.4239
    0.0000   22.5000  -45.0000 2084.8699   17.3357
    7.5000   22.5000  -45.0000 2054.9873   17.5566
   -7.5000   30.0000  -45.0000 1972.1057   19.1740
    0.0000   30.0000  -45.0000 1974.5054   19.0274
    7.5000   30.0000  -45.0000 1949.7479   19.3535
   -7.5000   37.5000  -45.0000 1864.1200   21.3468
    0.0000   37.5000  -45.0000 1864.8503   21.1794
    7.5000   37.5000  -45.0000 1840.0422   21.6079
   -7.5000   45.0000  -45.0000 1746.4738   24.1527
    0.0000   45.0000  -45.0000 1744.2614   23.9363
    7.5000   45.0000  -45.0000 1722.7264   24.4308
   -7.5000  -45.0000  -37.5000 2346.5249   13.6789
    0.0000  -45.0000  -37.5000 2348.0410   13.6840
    7.5000  -45.0000  -37.5000 2321.8352   13.8622
   -7.5000  -37.5000  -37.5000 2380.4524   13.1505
    0.0000  -37.5000  -37.5000 2387.5667   13.1554
    7.5000  -37.5000  -37.5000 2361.2546   13.3362
   -7.5000  -30.0000  -37.5000 2403.2219   12.8289
    0.0000  -30.0000  -37.5000 2409.3223   12.8153
    7.5000  -30.0000  -37.5000 2385.5608   13.0058
   -7.5000  -22.5000  -37.5000 2424.6553   12.6175
    0.0000  -22.5000  -37.5000 2428.6687   12.6016
    7.5000  -22.5000  -37.5000 2396.9814   12.8029
   -7.5000  -15.0000  -37.5000 2426.9497   12.6693
    0.0000  -15.0000  -37.5000 2431.9485   12.6088
    7.5000  -15.0000  -37.5000 2400.8638   12.8154
   -7.5000   -7.5000  -37.5000 2417.2327   12.8815
    0.0000   -7.5000  -37.5000 2421.1414   12.8543
    7.5000   -7.5000  -37.5000 2385.8193   13.0072
   -7.5000    0.0000  -37.5000 2382.4126   13.3657
    0.0000    0.0000  -37.5000 2383.5454   13.3036
    7.5000    0.0000  -37.5000 2347.9761   13.4704
   -7.5000    7.5000  -37.5000 2328.9553   13.9720
    0.0000    7.5000  -37.5000 2337.0894   13.9485
    7.5000    7.5000  -37.5000 2298.4141   14.0970
   -7.5000   15.0000  -37.5000 2261.6350   14.7659
    0.0000   15.0000  -37.5000 2273.0862   14.7432
    7.5000   15.0000  -37.5000 2235.0779   14.9242
   -7.5000   22.5000  -37.5000 2182.0862   15.9366
    0.0000   22.5000  -37.5000 2182.4236   15.8925
    7.5000   22.5000  -37.5000 2152.2324   16.0670
   -7.5000   30.0000  -37.5000 2071.5188   17.4940
    0.0000   30.0000  -37.5000 2073.9688   17.4092
    7.5000   30.0000  -37.5000 2047.7100   17.6377
   -7.5000   37.5000  -37.5000 1959.7637   19.4421
    0.0000   37.5000  -37.5000 1956.0643   19.3713
    7.5000   37.5000  -37.5000 1933.3127   19.6517
   -7.5000   45.0000  -37.5000 1827.5851   21.9562
    0.0000   45.0000  -37.5000 1826.0710   21.8360
    7.5000   45.0000  -37.5000 1808.4242   22.1759
   -7.5000  -45.0000  -30.0000 2479.1348   13.2591
    0.0000  -45.0000  -30.0000 2485.3823   13.2107
    7.5000  -45.0000  -30.0000 2458.0935   13.4148
   -7.5000  -37.5000  -30.0000 2516.7202   12.6836
    0.0000  -37.5000  -30.0000 2526.0457   12.6552
    7.5000  -37.5000  -30.0000 2498.6514   12.8577
   -7.5000  -30.0000  -30.0000 2539.7937   12.3370
    0.0000  -30.0000  -30.0000 2549.8135   12.3113
    7.5000  -30.0000  -30.0000 2522.5969   12.5399
   -7.5000  -22.5000  -30.0000 2563.9927   12.1218
    0.0000  -22.5000  -30.0000 2571.0476   12.1021
    7.5000  -22.5000  -30.0000 2538.1667   12.3090
   -7.5000  -15.0000  -30.0000 2568.5671   12.1123
    0.0000  -15.0000  -30.0000 2572.9612   12.0688
    7.5000  -15.0000  -30.0000 2538.6978   12.2625
   -7.5000   -7.5000  -30.0000 2560.8716   12.3101
    0.0000   -7.5000  -30.0000 2567.4814   12.2794
    7.5000   -7.5000  -30.0000 2529.7639   12.4420
   -7.5000    0.0000  -30.0000 2528.3564   12.7268
    0.0000    0.0000  -30.0000 2530.6763   12.6730
    7.5000    0.0000  -30.0000 2491.6226   12.8636
   -7.5000    7.5000  -30.0000 2469.7939   13.2545
    0.0000    7.5000  -30.0000 2479.5723   13.2521
    7.5000    7.5000  -30.0000 2439.8701   13.4372
   -7.5000   15.0000  -30.0000 2400.6697   13.9903
    0.0000   15.0000  -30.0000 2412.2278   13.9836
    7.5000   15.0000  -30.0000 2370.6572   14.1886
   -7.5000   22.5000  -30.0000 2314.5461   15.0993
    0.0000   22.5000  -30.0000 2319.2820   15.0606
    7.5000   22.5000  -30.0000 2283.3850   15.2454
   -7.5000   30.0000  -30.0000 2204.8064   16.5268
    0.0000   30.0000  -30.0000 2208.5464   16.4689
    7.5000   30.0000  -30.0000 2175.2583   16.7143
   -7.5000   37.5000  -30.0000 2084.4487   18.3539
    0.0000   37.5000  -30.0000 2084.0435   18.3352
    7.5000   37.5000  -30.0000 2050.2783   18.5616
   -7.5000   45.0000  -30.0000 1954.0442   20.6615
    0.0000   45.0000  -30.0000 1951.2450   20.6051
    7.5000   45.0000  -30.0000 1931.4746   20.9236
   -7.5000  -45.0000  -22.5000 2584.3191   12.7278
    0.0000  -45.0000  -22.5000 2590.6223   12.6776
    7.5000  -45.0000  -22.5000 2567.4465   12.9013
   -7.5000  -37.5000  -22.5000 2628.2427   12.1669
    0.0000  -37.5000  -22.5000 2643.1846   12.1249
    7.5000  -37.5000  -22.5000 2614.4373   12.3424
   -7.5000  -30.0000  -22.5000 2649.5706   11.7857
    0.0000  -30.0000  -22.5000 2663.2942   11.7384
    7.5000  -30.0000  -22.5000 2632.9526   11.9794
   -7.5000  -22.5000  -22.5000 2670.8130   11.5523
    0.0000  -22.5000  -22.5000 2678.5161   11.5039
    7.5000  -22.5000  -22.5000 2644.8191   11.7503
   -7.5000  -15.0000  -22.5000 2677.0745   11.4887
    0.0000  -15.0000  -22.5000 2682.7380   11.4457
    7.5000  -15.0000  -22.5000 2651.3569   11.6677
   -7.5000   -7.5000  -22.5000 2677.9854   11.6699
    0.0000   -7.5000  -22.5000 2683.9861   11.6069
    7.5000   -7.5000  -22.5000 2649.6792   11.8288
   -7.5000    0.0000  -22.5000 2650.4243   12.0194
    0.0000    0.0000  -22.5000 2648.7393   11.9613
    7.5000    0.0000  -22.5000 2618.7419   12.1867
   -7.5000    7.5000  -22.5000 2595.6782   12.4882
    0.0000    7.5000  -22.5000 2599.1543   12.4691
    7.5000    7.5000  -22.5000 2567.7432   12.6882
   -7.5000   15.0000  -22.5000 2517.6038   13.1894
    0.0000   15.0000  -22.5000 2523.0852   13.1431
    7.5000   15.0000  -22.5000 2487.0144   13.3626
   -7.5000   22.5000  -22.5000 2421.7659   14.1695
    0.0000   22.5000  -22.5000 2427.1711   14.0985
    7.5000   22.5000  -22.5000 2396.5317   14.3038
   -7.5000   30.0000  -22.5000 2310.5317   15.4930
    0.0000   30.0000  -22.5000 2317.0750   15.4176
    7.5000   30.0000  -22.5000 2283.0076   15.6443
   -7.5000   37.5000  -22.5000 2191.1155   17.1866
    0.0000   37.5000  -22.5000 2186.9443   17.1622
    7.5000   37.5000  -22.5000 2153.3594   17.3700
   -7.5000   45.0000  -22.5000 2059.9492   19.3481
    0.0000   45.0000  -22.5000 2056.4890   19.3194
    7.5000   45.0000  -22.5000 2027.6852   19.5284
   -7.5000  -45.0000  -15.0000 2658.9897   12.2353
    0.0000  -45.0000  -15.0000 2665.7529   12.1866
    7.5000  -45.0000  -15.0000 2640.2905   12.4003
   -7.5000  -37.5000  -15.0000 2705.7029   11.6579
    0.0000  -37.5000  -15.0000 2715.5791   11.6190
    7.5000  -37.5000  -15.0000 2686.8984   11.8393
   -7.5000  -30.0000  -15.0000 2734.6768   11.2846
    0.0000  -30.0000  -15.0000 2743.2617   11.2374
    7.5000  -30.0000  -15.0000 2709.9006   11.4729
   -7.5000  -22.5000  -15.0000 2749.2549   11.0319
    0.0000  -22.5000  -15.0000 2756.3467   10.9608
    7.5000  -22.5000  -15.0000 2717.6912   11.2188
   -7.5000  -15.0000  -15.0000 2757.5476   10.9251
    0.0000  -15.0000  -15.0000 2761.3572   10.8612
    7.5000  -15.0000  -15.0000 2724.4343   11.1179
   -7.5000   -7.5000  -15.0000 2763.0684   11.0741
    0.0000   -7.5000  -15.0000 2764.9600   10.9843
    7.5000   -7.5000  -15.0000 2730.3660   11.2465
   -7.5000    0.0000  -15.0000 2737.9775   11.3810
    0.0000    0.0000  -15.0000 2739.3564   11.3149
    7.5000    0.0000  -15.0000 2711.0630   11.5556
   -7.5000    7.5000  -15.0000 2688.2007   11.8227
    0.0000    7.5000  -15.0000 2692.6238   11.7561
    7.5000    7.5000  -15.0000 2661.3442   11.9925
   -7.5000   15.0000  -15.0000 2613.4216   12.4527
    0.0000   15.0000  -15.0000 2609.5994   12.3897
    7.5000   15.0000  -15.0000 2580.0115   12.6048
   -7.5000   22.5000  -15.0000 2512.3335   13.3513
    0.0000   22.5000  -15.0000 2512.6511   13.2631
    7.5000   22.5000  -15.0000 2484.3213   13.4823
   -7.5000   30.0000  -15.0000 2400.4368   14.5621
    0.0000   30.0000  -15.0000 2401.8511   14.4840
    7.5000   30.0000  -15.0000 2369.7812   14.6966
   -7.5000   37.5000  -15.0000 2269.2061   16.1265
    0.0000   37.5000  -15.0000 2263.3611   16.0930
    7.5000   37.5000  -15.0000 2233.0659   16.3174
   -7.5000   45.0000  -15.0000 2139.2019   18.2034
    0.0000   45.0000  -15.0000 2134.3274   18.1341
    7.5000   45.0000  -15.0000 2100.0898   18.3224
   -7.5000  -45.0000   -7.5000 2702.5254   11.8265
    0.0000  -45.0000   -7.5000 2709.4614   11.7803
    7.5000  -45.0000   -7.5000 2685.1929   11.9957
   -7.5000  -37.5000   -7.5000 2756.9829   11.2454
    0.0000  -37.5000   -7.5000 2765.2346   11.2016
    7.5000  -37.5000   -7.5000 2740.3445   11.4101
   -7.5000  -30.0000   -7.5000 2792.9385   10.8794
    0.0000  -30.0000   -7.5000 2799.2932   10.8309
    7.5000  -30.0000   -7.5000 2764.8665   11.0533
   -7.5000  -22.5000   -7.5000 2807.0847   10.6232
    0.0000  -22.5000   -7.5000 2812.3008   10.5427
    7.5000  -22.5000   -7.5000 2775.2168   10.8093
   -7.5000  -15.0000   -7.5000 2815.2578   10.4377
    0.0000  -15.0000   -7.5000 2815.5859   10.3712
    7.5000  -15.0000   -7.5000 2781.2158   10.6616
   -7.5000   -7.5000   -7.5000 2824.2974   10.5573
    0.0000   -7.5000   -7.5000 2825.0459   10.4624
    7.5000   -7.5000   -7.5000 2791.5471   10.7740
   -7.5000    0.0000   -7.5000 2799.3831   10.8168
    0.0000    0.0000   -7.5000 2806.9441   10.7704
    7.5000    0.0000   -7.5000 2774.6301   11.0479
   -7.5000    7.5000   -7.5000 2758.4204   11.2097
    0.0000    7.5000   -7.5000 2763.9587   11.1786
    7.5000    7.5000   -7.5000 2731.2534   11.4344
   -7.5000   15.0000   -7.5000 2688.7034   11.7835
    0.0000   15.0000   -7.5000 2682.5605   11.7518
    7.5000   15.0000   -7.5000 2654.4238   11.9816
   -7.5000   22.5000   -7.5000 2591.6538   12.6198
    0.0000   22.5000   -7.5000 2589.2119   12.5652
    7.5000   22.5000   -7.5000 2555.2227   12.7915
   -7.5000   30.0000   -7.5000 2474.0627   13.7565
    0.0000   30.0000   -7.5000 2474.9214   13.7199
    7.5000   30.0000   -7.5000 2439.4597   13.9434
   -7.5000   37.5000   -7.5000 2337.6687   15.2400
    0.0000   37.5000   -7.5000 2333.6072   15.1988
    7.5000   37.5000   -7.5000 2301.8389   15.4625
   -7.5000   45.0000   -7.5000 2200.6609   17.1279
    0.0000   45.0000   -7.5000 2195.8054   17.1238
    7.5000   45.0000   -7.5000 2160.6401   17.3554
   -7.5000  -45.0000    0.0000 2705.7410   11.6490
    0.0000  -45.0000    0.0000 2716.0774   11.5896
    7.5000  -45.0000    0.0000 2696.9453   11.7971
   -7.5000  -37.5000    0.0000 2778.6250   11.0541
    0.0000  -37.5000    0.0000 2783.2717   10.9768
    7.5000  -37.5000    0.0000 2761.6562   11.1616
   -7.5000  -30.0000    0.0000 2820.3171   10.6848
    0.0000  -30.0000    0.0000 2824.7744   10.6245
    7.5000  -30.0000    0.0000 2794.9517   10.7842
   -7.5000  -22.5000    0.0000 2832.1741   10.4183
    0.0000  -22.5000    0.0000 2843.1960   10.3707
    7.5000  -22.5000    0.0000 2809.8794   10.5686
   -7.5000  -15.0000    0.0000 2841.4048   10.1964
    0.0000  -15.0000    0.0000 2846.1960   10.1300
    7.5000  -15.0000    0.0000 2812.5415   10.4126
   -7.5000   -7.5000    0.0000 2860.6912   10.2215
    0.0000   -7.5000    0.0000 2861.9146   10.1559
    7.5000   -7.5000    0.0000 2827.2358   10.4550
   -7.5000    0.0000    0.0000 2847.4680   10.4209
    0.0000    0.0000    0.0000 2853.1865   10.4177
    7.5000    0.0000    0.0000 2808.3247   10.6509
   -7.5000    7.5000    0.0000 2813.5610   10.7990
    0.0000    7.5000    0.0000 2817.3457   10.7898
    7.5000    7.5000    0.0000 2773.1484   10.9924
   -7.5000   15.0000    0.0000 2745.0884   11.3402
    0.0000   15.0000    0.0000 2740.4915   11.3245
    7.5000   15.0000    0.0000 2707.9106   11.5062
   -7.5000   22.5000    0.0000 2652.4058   12.1310
    0.0000   22.5000    0.0000 2651.9604   12.0882
    7.5000   22.5000    0.0000 2612.4666   12.2999
   -7.5000   30.0000    0.0000 2531.6023   13.2307
    0.0000   30.0000    0.0000 2535.5315   13.1878
    7.5000   30.0000    0.0000 2499.8218   13.4052
   -7.5000   37.5000    0.0000 2398.7556   14.6346
    0.0000   37.5000    0.0000 2399.0461   14.5809
    7.5000   37.5000    0.0000 2362.4614   14.8326
   -7.5000   45.0000    0.0000 2247.6941   16.3946
    0.0000   45.0000    0.0000 2242.6011   16.3512
    7.5000   45.0000    0.0000 2210.6265   16.6379
   -7.5000  -45.0000    7.5000 2690.3201   11.6988
    0.0000  -45.0000    7.5000 2700.9954   11.6006
    7.5000  -45.0000    7.5000 2690.0457   11.8182
   -7.5000  -37.5000    7.5000 2773.9414   11.0715
    0.0000  -37.5000    7.5000 2776.4705   10.9949
    7.5000  -37.5000    7.5000 2766.2998   11.1279
   -7.5000  -30.0000    7.5000 2831.8862   10.7271
    0.0000  -30.0000    7.5000 2836.1128   10.6737
    7.5000  -30.0000    7.5000 2814.3518   10.7356
   -7.5000  -22.5000    7.5000 2863.8750   10.5155
    0.0000  -22.5000    7.5000 2877.0327   10.5106
    7.5000  -22.5000    7.5000 2845.9795   10.5083
   -7.5000  -15.0000    7.5000 2873.9824   10.2841
    0.0000  -15.0000    7.5000 2882.8650   10.2494
    7.5000  -15.0000    7.5000 2848.7178   10.3173
   -7.5000   -7.5000    7.5000 2890.2024   10.1533
    0.0000   -7.5000    7.5000 2886.4016   10.1022
    7.5000   -7.5000    7.5000 2851.5649   10.2260
   -7.5000    0.0000    7.5000 2881.2808   10.2427
    0.0000    0.0000    7.5000 2876.6912   10.2099
    7.5000    0.0000    7.5000 2830.4558   10.3396
   -7.5000    7.5000    7.5000 2849.5300   10.5633
    0.0000    7.5000    7.5000 2841.7900   10.5259
    7.5000    7.5000    7.5000 2799.0391   10.6585
   -7.5000   15.0000    7.5000 2778.5173   11.0715
    0.0000   15.0000    7.5000 2777.0391   11.0258
    7.5000   15.0000    7.5000 2740.2534   11.1588
   -7.5000   22.5000    7.5000 2690.0042   11.8257
    0.0000   22.5000    7.5000 2687.8708   11.7655
    7.5000   22.5000    7.5000 2650.5710   11.9167
   -7.5000   30.0000    7.5000 2576.8362   12.9160
    0.0000   30.0000    7.5000 2578.0452   12.8377
    7.5000   30.0000    7.5000 2542.0012   13.0011
   -7.5000   37.5000    7.5000 2449.7546   14.3106
    0.0000   37.5000    7.5000 2450.5417   14.2255
    7.5000   37.5000    7.5000 2411.5378   14.4051
   -7.5000   45.0000    7.5000 2293.6401   16.0028
    0.0000   45.0000    7.5000 2287.6956   15.9773
    7.5000   45.0000    7.5000 2260.5718   16.1990
   -7.5000  -45.0000   15.0000 2663.6370   11.9636
    0.0000  -45.0000   15.0000 2669.8723   11.9157
    7.5000  -45.0000   15.0000 2662.6902   12.0093
   -7.5000  -37.5000   15.0000 2758.6587   11.3166
    0.0000  -37.5000   15.0000 2761.7983   11.3203
    7.5000  -37.5000   15.0000 2742.6577   11.2729
   -7.5000  -30.0000   15.0000 2835.8301   10.9441
    0.0000  -30.0000   15.0000 2838.1155   10.9464
    7.5000  -30.0000   15.0000 2806.4944   10.8206
   -7.5000  -22.5000   15.0000 2892.0845   10.7332
    0.0000  -22.5000   15.0000 2895.4641   10.7229
    7.5000  -22.5000   15.0000 2853.6499   10.5370
   -7.5000  -15.0000   15.0000 2922.0310   10.5479
    0.0000  -15.0000   15.0000 2925.6399   10.5092
    7.5000  -15.0000   15.0000 2869.5823   10.3160
   -7.5000   -7.5000   15.0000 2936.3535   10.3415
    0.0000   -7.5000   15.0000 2921.4478   10.2714
    7.5000   -7.5000   15.0000 2871.3364   10.2127
   -7.5000    0.0000   15.0000 2910.5833   10.2980
    0.0000    0.0000   15.0000 2893.9700   10.2434
    7.5000    0.0000   15.0000 2845.7646   10.2721
   -7.5000    7.5000   15.0000 2863.6973   10.5003
    0.0000    7.5000   15.0000 2850.8694   10.4485
    7.5000    7.5000   15.0000 2810.8748   10.5351
   -7.5000   15.0000   15.0000 2793.7603   10.9236
    0.0000   15.0000   15.0000 2789.8145   10.8739
    7.5000   15.0000   15.0000 2756.2363   11.0058
   -7.5000   22.5000   15.0000 2706.4553   11.6135
    0.0000   22.5000   15.0000 2704.3943   11.5601
    7.5000   22.5000   15.0000 2673.9941   11.7399
   -7.5000   30.0000   15.0000 2598.3115   12.6903
    0.0000   30.0000   15.0000 2597.3606   12.6186
    7.5000   30.0000   15.0000 2563.7788   12.8037
   -7.5000   37.5000   15.0000 2477.5718   14.0954
    0.0000   37.5000   15.0000 2476.4719   14.0429
    7.5000   37.5000   15.0000 2443.7100   14.2154
   -7.5000   45.0000   15.0000 2325.8743   15.7881
    0.0000   45.0000   15.0000 2320.1240   15.7736
    7.5000   45.0000   15.0000 2288.0210   15.9664
   -7.5000  -45.0000   22.5000 2631.8481   12.4650
    0.0000  -45.0000   22.5000 2626.8042   12.4776
    7.5000  -45.0000   22.5000 2610.6042   12.4404
   -7.5000  -37.5000   22.5000 2732.6240   11.6599
    0.0000  -37.5000   22.5000 2729.8577   11.7091
    7.5000  -37.5000   22.5000 2705.0430   11.5904
   -7.5000  -30.0000   22.5000 2818.4358   11.1185
    0.0000  -30.0000   22.5000 2822.2061   11.1386
    7.5000  -30.0000   22.5000 2785.3960   11.0068
   -7.5000  -22.5000   22.5000 2887.2375   10.8290
    0.0000  -22.5000   22.5000 2891.5234   10.8346
    7.5000  -22.5000   22.5000 2843.0264   10.6657
   -7.5000  -15.0000   22.5000 2941.0854   10.6385
    0.0000  -15.0000   22.5000 2941.7673   10.6493
    7.5000  -15.0000   22.5000 2879.7266   10.4275
   -7.5000   -7.5000   22.5000 2959.1851   10.5222
    0.0000   -7.5000   22.5000 2946.3357   10.4943
    7.5000   -7.5000   22.5000 2884.4490   10.3619
   -7.5000    0.0000   22.5000 2934.4231   10.5283
    0.0000    0.0000   22.5000 2914.1243   10.4782
    7.5000    0.0000   22.5000 2856.1335   10.4095
   -7.5000    7.5000   22.5000 2880.7183   10.6854
    0.0000    7.5000   22.5000 2866.8787   10.6476
    7.5000    7.5000   22.5000 2817.3328   10.6723
   -7.5000   15.0000   22.5000 2795.4700   11.0633
    0.0000   15.0000   22.5000 2792.2104   10.9817
    7.5000   15.0000   22.5000 2755.5583   11.1175
   -7.5000   22.5000   22.5000 2701.2935   11.6670
    0.0000   22.5000   22.5000 2698.9744   11.5996
    7.5000   22.5000   22.5000 2670.1758   11.7875
   -7.5000   30.0000   22.5000 2599.5303   12.6486
    0.0000   30.0000   22.5000 2597.1565   12.5738
    7.5000   30.0000   22.5000 2566.7932   12.7876
   -7.5000   37.5000   22.5000 2480.0120   13.9973
    0.0000   37.5000   22.5000 2477.9033   13.9327
    7.5000   37.5000   22.5000 2450.4580   14.1493
   -7.5000   45.0000   22.5000 2336.2393   15.6796
    0.0000   45.0000   22.5000 2331.2598   15.6541
    7.5000   45.0000   22.5000 2304.2998   15.8736
   -7.5000  -45.0000   30.0000 2578.8645   12.9552
    0.0000  -45.0000   30.0000 2573.3413   12.9903
    7.5000  -45.0000   30.0000 2554.4028   12.9480
   -7.5000  -37.5000   30.0000 2686.1418   12.0176
    0.0000  -37.5000   30.0000 2679.7952   12.0589
    7.5000  -37.5000   30.0000 2658.8796   11.9917
   -7.5000  -30.0000   30.0000 2784.9529   11.3606
    0.0000  -30.0000   30.0000 2783.0930   11.3828
    7.5000  -30.0000   30.0000 2749.6177   11.2766
   -7.5000  -22.5000   30.0000 2863.6123   11.0173
    0.0000  -22.5000   30.0000 2866.6724   11.0078
    7.5000  -22.5000   30.0000 2824.7576   10.8814
   -7.5000  -15.0000   30.0000 2929.8926   10.7946
    0.0000  -15.0000   30.0000 2926.7380   10.7954
    7.5000  -15.0000   30.0000 2870.5757   10.6227
   -7.5000   -7.5000   30.0000 2950.3752   10.6055
    0.0000   -7.5000   30.0000 2943.2214   10.5926
    7.5000   -7.5000   30.0000 2879.5227   10.5054
   -7.5000    0.0000   30.0000 2920.0520   10.5631
    0.0000    0.0000   30.0000 2904.3821   10.5483
    7.5000    0.0000   30.0000 2848.9629   10.5786
   -7.5000    7.5000   30.0000 2872.8728   10.7901
    0.0000    7.5000   30.0000 2858.6060   10.7422
    7.5000    7.5000   30.0000 2811.0122   10.8516
   -7.5000   15.0000   30.0000 2787.9229   11.3005
    0.0000   15.0000   30.0000 2783.9219   11.2363
    7.5000   15.0000   30.0000 2744.7805   11.3725
   -7.5000   22.5000   30.0000 2690.4436   11.9719
    0.0000   22.5000   30.0000 2688.5127   11.8941
    7.5000   22.5000   30.0000 2660.0686   12.0672
   -7.5000   30.0000   30.0000 2579.9258   12.9095
    0.0000   30.0000   30.0000 2579.4338   12.8254
    7.5000   30.0000   30.0000 2554.3120   13.0200
   -7.5000   37.5000   30.0000 2461.2378   14.1832
    0.0000   37.5000   30.0000 2460.9785   14.1072
    7.5000   37.5000   30.0000 2431.1174   14.3117
   -7.5000   45.0000   30.0000 2321.5281   15.7863
    0.0000   45.0000   30.0000 2318.9595   15.7304
    7.5000   45.0000   30.0000 2292.7483   15.9569
   -7.5000  -45.0000   37.5000 2525.3081   13.5020
    0.0000  -45.0000   37.5000 2516.4978   13.5308
    7.5000  -45.0000   37.5000 2499.5688   13.5472
   -7.5000  -37.5000   37.5000 2629.1531   12.4886
    0.0000  -37.5000   37.5000 2622.6455   12.5099
    7.5000  -37.5000   37.5000 2605.4563   12.4848
   -7.5000  -30.0000   37.5000 2732.8765   11.7571
    0.0000  -30.0000   37.5000 2730.1479   11.7656
    7.5000  -30.0000   37.5000 2701.1150   11.6903
   -7.5000  -22.5000   37.5000 2818.3274   11.3564
    0.0000  -22.5000   37.5000 2819.7734   11.3466
    7.5000  -22.5000   37.5000 2782.8796   11.2387
   -7.5000  -15.0000   37.5000 2887.1489   11.0880
    0.0000  -15.0000   37.5000 2884.8591   11.0814
    7.5000  -15.0000   37.5000 2834.7197   10.9402
   -7.5000   -7.5000   37.5000 2910.6079   10.8059
    0.0000   -7.5000   37.5000 2899.6023   10.7908
    7.5000   -7.5000   37.5000 2845.7610   10.7820
   -7.5000    0.0000   37.5000 2887.6562   10.7587
    0.0000    0.0000   37.5000 2871.2964   10.7309
    7.5000    0.0000   37.5000 2826.0757   10.8449
   -7.5000    7.5000   37.5000 2848.4246   11.0390
    0.0000    7.5000   37.5000 2841.3440   11.0049
    7.5000    7.5000   37.5000 2792.3159   11.1558
   -7.5000   15.0000   37.5000 2767.8330   11.6095
    0.0000   15.0000   37.5000 2763.5740   11.5498
    7.5000   15.0000   37.5000 2727.7686   11.7130
   -7.5000   22.5000   37.5000 2663.8225   12.3877
    0.0000   22.5000   37.5000 2669.0474   12.3079
    7.5000   22.5000   37.5000 2640.7224   12.4719
   -7.5000   30.0000   37.5000 2556.2717   13.3596
    0.0000   30.0000   37.5000 2558.6648   13.2642
    7.5000   30.0000   37.5000 2535.0566   13.4566
   -7.5000   37.5000   37.5000 2429.5471   14.5538
    0.0000   37.5000   37.5000 2432.1230   14.4767
    7.5000   37.5000   37.5000 2404.7322   14.6698
   -7.5000   45.0000   37.5000 2291.1189   16.1130
    0.0000   45.0000   37.5000 2288.4866   16.0313
    7.5000   45.0000   37.5000 2263.8286   16.2629
   -7.5000  -45.0000   45.0000 2463.5872   14.1810
    0.0000  -45.0000   45.0000 2459.9128   14.1920
    7.5000  -45.0000   45.0000 2441.5913   14.2694
   -7.5000  -37.5000   45.0000 2567.7896   13.0626
    0.0000  -37.5000   45.0000 2562.1362   13.0591
    7.5000  -37.5000   45.0000 2546.3066   13.0998
   -7.5000  -30.0000   45.0000 2668.2659   12.3039
    0.0000  -30.0000   45.0000 2663.9900   12.3019
    7.5000  -30.0000   45.0000 2643.8564   12.2664
   -7.5000  -22.5000   45.0000 2757.5098   11.8297
    0.0000  -22.5000   45.0000 2756.0508   11.8280
    7.5000  -22.5000   45.0000 2731.6926   11.7322
   -7.5000  -15.0000   45.0000 2820.3125   11.5080
    0.0000  -15.0000   45.0000 2816.3550   11.4951
    7.5000  -15.0000   45.0000 2776.8306   11.3923
   -7.5000   -7.5000   45.0000 2839.0161   11.1962
    0.0000   -7.5000   45.0000 2827.5801   11.1420
    7.5000   -7.5000   45.0000 2793.0068   11.2339
   -7.5000    0.0000   45.0000 2834.5525   11.1839
    0.0000    0.0000   45.0000 2823.1008   11.1296
    7.5000    0.0000   45.0000 2784.7351   11.3006
   -7.5000    7.5000   45.0000 2800.0962   11.5081
    0.0000    7.5000   45.0000 2795.8352   11.4643
    7.5000    7.5000   45.0000 2756.5056   11.6341
   -7.5000   15.0000   45.0000 2732.2852   12.0858
    0.0000   15.0000   45.0000 2725.2339   12.0220
    7.5000   15.0000   45.0000 2694.2808   12.1816
   -7.5000   22.5000   45.0000 2628.5696   12.8721
    0.0000   22.5000   45.0000 2632.0251   12.8094
    7.5000   22.5000   45.0000 2611.6042   12.9787
   -7.5000   30.0000   45.0000 2513.7205   13.8840
    0.0000   30.0000   45.0000 2519.7490   13.7856
    7.5000   30.0000   45.0000 2499.2024   13.9798
   -7.5000   37.5000   45.0000 2394.6116   15.1357
    0.0000   37.5000   45.0000 2394.7634   15.0269
    7.5000   37.5000   45.0000 2371.9219   15.2132
   -7.5000   45.0000   45.0000 2244.5027   16.6052
    0.0000   45.0000   45.0000 2242.0879   16.5380
    7.5000   45.0000   45.0000 2220.2446   16.7752

---------------------------------------------------------------------
imgreg_4dfp /opt/freesurfer/average/711-2C_as_mni_average_305 /opt/freesurfer/average/711-2B_as_mni_average_305_mask talsrcimg_g11 none talsrcimg_to_711-2C_as_mni_average_305_t4 1283
---------------------------------------------------------------------

freesurfer imgreg_4dfp.c
/opt/freesurfer/average/711-2C_as_mni_average_305.4dfp.img
       256       256       256         1
  1.000000  1.000000  1.000000
orientation T byte_order littleendian
Reading image: /opt/freesurfer/average/711-2C_as_mni_average_305.4dfp.img
dimensions:      256       256       256
mmppix:       1.0000   -1.0000   -1.0000
center:     128.0000 -129.0000 -129.0000
/opt/freesurfer/average/711-2B_as_mni_average_305_mask.4dfp.img
       256       256       256         1
  1.000000  1.000000  1.000000
orientation T byte_order littleendian
Reading mask: /opt/freesurfer/average/711-2B_as_mni_average_305_mask.4dfp.img (2306576 pixels)
talsrcimg_g11.4dfp.img
       256       256       256         1
  1.000000  1.000000  1.000000
orientation T byte_order littleendian
Reading image: talsrcimg_g11.4dfp.img
dimensions:      256       256       256
mmppix:       1.0000   -1.0000   -1.0000
center:     128.0000 -129.0000 -129.0000
rotation matrix determinant  1.000000
fimgreg.f
image alignment mode   1283 decimal      503 hex
parameters
   -7.5000   -7.5000   22.5000    0.0000    0.0000    0.0000
eta,q 0.92671 10.52652
niter,ni,del,rscale     5    3   12.0000    1.2000
parameter  1 -0.920948 -> -0.500000 qaram    1.1500
parameter  2  0.506452 ->  0.500000 qaram    1.1500
parameter  4  1.109589 ->  0.500000 qaram    1.1500
parameter  5 -0.503390 -> -0.500000 qaram    1.1500
parameters
   -4.0500  -10.9500   24.2605   -3.4500    3.4500    2.1044
eta,q 0.93985 10.61543
  0.0927  0.0706  0.0734  0.0618  0.0745  0.0708
  0.0853  0.0667  0.0716  0.0627  0.0693  0.0663
  0.0793  0.0668  0.0687  0.0635  0.0653  0.0623
  0.0755  0.0696  0.0666  0.0664  0.0628  0.0605
  0.0717  0.0729  0.0664  0.0701  0.0607  0.0602
  0.0688  0.0747  0.0674  0.0746  0.0608  0.0607
  0.0701  0.0770  0.0691  0.0789  0.0627  0.0622
niter,ni,del,rscale     7    3   12.0000    1.2000
parameter  4  3.369272 ->  0.500000 qaram    1.3225
parameters
   -4.4362   -9.2820   23.8045   -7.4175    3.8090    3.4176
eta,q 0.94656 10.62200
  0.0746  0.0786  0.0645  0.0508  0.0606  0.0610
  0.0658  0.0699  0.0619  0.0530  0.0565  0.0576
  0.0608  0.0635  0.0601  0.0557  0.0547  0.0549
  0.0602  0.0601  0.0598  0.0597  0.0536  0.0535
  0.0625  0.0600  0.0610  0.0638  0.0530  0.0536
  0.0685  0.0626  0.0629  0.0669  0.0548  0.0548
  0.0779  0.0663  0.0662  0.0715  0.0600  0.0564
niter,ni,del,rscale     7    3   12.0000    1.2000
parameter  4  1.398483 ->  0.500000 qaram    1.5209
parameters
   -4.5612   -7.5698   23.0194  -11.9801    4.0515    2.8987
eta,q 0.95407 10.60727
  0.0709  0.0701  0.0568  0.0446  0.0569  0.0505
  0.0615  0.0634  0.0545  0.0458  0.0521  0.0473
  0.0550  0.0588  0.0526  0.0475  0.0477  0.0461
  0.0534  0.0535  0.0520  0.0520  0.0460  0.0460
  0.0546  0.0524  0.0534  0.0581  0.0466  0.0466
  0.0619  0.0556  0.0564  0.0644  0.0501  0.0485
  0.0729  0.0602  0.0606  0.0690  0.0563  0.0525
niter,ni,del,rscale     7    3   12.0000    1.2000
parameter  4  0.526682 ->  0.500000 qaram    1.7490
parameters
   -4.5436   -6.6668   21.7902  -17.2272    3.6275    2.5578
eta,q 0.95785 10.70929
  0.0679  0.0641  0.0502  0.0447  0.0527  0.0479
  0.0558  0.0552  0.0467  0.0428  0.0468  0.0445
  0.0474  0.0493  0.0451  0.0422  0.0432  0.0425
  0.0459  0.0459  0.0455  0.0450  0.0422  0.0422
  0.0480  0.0465  0.0478  0.0496  0.0441  0.0430
  0.0557  0.0504  0.0514  0.0566  0.0486  0.0453
  0.0674  0.0566  0.0555  0.0639  0.0558  0.0496
niter,ni,del,rscale     7    3   12.0000    1.2000
parameters
   -4.4420   -5.4794   19.7708  -18.3433    3.8528    2.6885
eta,q 0.95893 10.64610
  0.0675  0.0606  0.0451  0.0526  0.0542  0.0480
  0.0536  0.0537  0.0424  0.0460  0.0471  0.0438
  0.0436  0.0464  0.0413  0.0418  0.0426  0.0414
  0.0421  0.0422  0.0422  0.0413  0.0410  0.0410
  0.0456  0.0426  0.0453  0.0441  0.0425  0.0415
  0.0535  0.0450  0.0499  0.0509  0.0463  0.0433
  0.0646  0.0527  0.0553  0.0578  0.0522  0.0474
niter,ni,del,rscale     6    3   12.0000    1.2000
parameters
   -4.5495   -5.6202   19.2409  -18.6963    3.9794    2.7244
eta,q 0.95920 10.63855
  0.0656  0.0553  0.0479  0.0543  0.0537  0.0474
  0.0527  0.0472  0.0436  0.0474  0.0466  0.0434
  0.0428  0.0414  0.0413  0.0424  0.0422  0.0412
  0.0411  0.0410  0.0409  0.0408  0.0408  0.0408
  0.0451  0.0432  0.0425  0.0431  0.0425  0.0411
  0.0546  0.0480  0.0459  0.0489  0.0464  0.0431
  0.0660  0.0561  0.0505  0.0560  0.0524  0.0474
niter,ni,del,rscale     5    3   12.0000    1.2000
parameters
   -4.5813   -5.6356   19.1345  -18.7976    4.0084    2.7369
eta,q 0.95924 10.63677
  0.0658  0.0556  0.0493  0.0549  0.0534  0.0474
  0.0527  0.0474  0.0443  0.0479  0.0463  0.0434
  0.0427  0.0413  0.0415  0.0427  0.0420  0.0412
  0.0408  0.0408  0.0408  0.0408  0.0408  0.0408
  0.0447  0.0431  0.0420  0.0429  0.0426  0.0411
  0.0538  0.0474  0.0451  0.0482  0.0465  0.0431
  0.0651  0.0552  0.0495  0.0555  0.0527  0.0475
niter,ni,del,rscale     4    3   12.0000    1.2000
parameters
   -4.5938   -5.6297   19.1083  -18.8307    4.0176    2.7409
eta,q 0.95924 10.63592
  0.0658  0.0557  0.0496  0.0550  0.0534  0.0473
  0.0527  0.0474  0.0444  0.0481  0.0462  0.0434
  0.0426  0.0413  0.0416  0.0427  0.0419  0.0412
  0.0408  0.0408  0.0408  0.0408  0.0408  0.0408
  0.0446  0.0431  0.0420  0.0428  0.0426  0.0411
  0.0536  0.0473  0.0450  0.0480  0.0466  0.0431
  0.0649  0.0551  0.0494  0.0553  0.0528  0.0475
registration optimization eta report
parameter search radius
    6.9000    6.9000    6.0000   10.4940    6.9000    6.0000
100000*second partial in parameter space
       52.       31.       24.       13.       26.       19.
  0.0658  0.0557  0.0496  0.0550  0.0534  0.0473
  0.0527  0.0474  0.0444  0.0481  0.0462  0.0434
  0.0426  0.0413  0.0416  0.0427  0.0419  0.0412
  0.0408  0.0408  0.0408  0.0408  0.0408  0.0408
  0.0446  0.0431  0.0420  0.0428  0.0426  0.0411
  0.0536  0.0473  0.0450  0.0480  0.0466  0.0431
  0.0649  0.0551  0.0494  0.0553  0.0528  0.0475
   -4.5938   -5.6297   19.1083  -18.8307    4.0176    2.7409
eta,q 0.95924 10.63592

---------------------------------------------------------------------
imgreg_4dfp /opt/freesurfer/average/711-2C_as_mni_average_305 /opt/freesurfer/average/711-2B_as_mni_average_305_mask talsrcimg_g11 none talsrcimg_to_711-2C_as_mni_average_305_t4 3335
---------------------------------------------------------------------

freesurfer imgreg_4dfp.c
/opt/freesurfer/average/711-2C_as_mni_average_305.4dfp.img
       256       256       256         1
  1.000000  1.000000  1.000000
orientation T byte_order littleendian
Reading image: /opt/freesurfer/average/711-2C_as_mni_average_305.4dfp.img
dimensions:      256       256       256
mmppix:       1.0000   -1.0000   -1.0000
center:     128.0000 -129.0000 -129.0000
/opt/freesurfer/average/711-2B_as_mni_average_305_mask.4dfp.img
       256       256       256         1
  1.000000  1.000000  1.000000
orientation T byte_order littleendian
Reading mask: /opt/freesurfer/average/711-2B_as_mni_average_305_mask.4dfp.img (2306576 pixels)
talsrcimg_g11.4dfp.img
       256       256       256         1
  1.000000  1.000000  1.000000
orientation T byte_order littleendian
Reading image: talsrcimg_g11.4dfp.img
dimensions:      256       256       256
mmppix:       1.0000   -1.0000   -1.0000
center:     128.0000 -129.0000 -129.0000
fimgreg.f
image alignment mode   3335 decimal      D07 hex
parameters
   -4.5938   -5.6297   19.1083   -0.3599   -5.3525   -5.5849
   -2.2671   -8.1672    4.7702   31.9232    7.0063  -32.1979
eta,q 0.95902 10.63774
niter,ni,del,rscale     5    3    5.0000    1.2000
parameter  4  0.949760 ->  0.500000 qaram    1.1500
parameter  5  0.928530 ->  0.500000 qaram    1.1500
parameter  6 -0.718398 -> -0.500000 qaram    1.1500
parameter  9 -0.537379 -> -0.500000 qaram    1.1500
parameter 11 -1.064026 -> -0.500000 qaram    1.1500
parameters
   -4.6030   -5.7974   19.5747   -4.4999   -9.4925   -1.4449
   -0.7180   -6.6514    8.9102   33.3253   11.1463  -32.8993
eta,q 0.96408 10.53510
  0.0443  0.0430  0.0429  0.0391  0.0375  0.0414  0.0408  0.0427  0.0393  0.0390  0.0373  0.0371
  0.0425  0.0418  0.0419  0.0395  0.0376  0.0398  0.0389  0.0397  0.0382  0.0376  0.0369  0.0364
  0.0413  0.0411  0.0413  0.0401  0.0381  0.0385  0.0376  0.0377  0.0373  0.0367  0.0365  0.0360
  0.0410  0.0410  0.0410  0.0409  0.0397  0.0376  0.0370  0.0369  0.0367  0.0363  0.0363  0.0359
  0.0414  0.0414  0.0410  0.0422  0.0420  0.0372  0.0369  0.0368  0.0364  0.0363  0.0360  0.0362
  0.0425  0.0422  0.0412  0.0440  0.0448  0.0369  0.0374  0.0375  0.0363  0.0366  0.0359  0.0368
  0.0444  0.0436  0.0418  0.0465  0.0475  0.0370  0.0385  0.0391  0.0366  0.0374  0.0359  0.0376
niter,ni,del,rscale     7    3    5.0000    1.2000
parameters
   -4.6004   -4.7378   19.8694   -6.2136  -13.3449   -1.8752
   -1.2076   -6.8344    7.4081   35.7048   12.7627  -32.7313
eta,q 0.96558 10.26466
  0.0391  0.0404  0.0371  0.0365  0.0355  0.0367  0.0369  0.0383  0.0360  0.0377  0.0352  0.0358
  0.0374  0.0385  0.0362  0.0355  0.0348  0.0355  0.0356  0.0363  0.0352  0.0364  0.0348  0.0351
  0.0363  0.0370  0.0356  0.0352  0.0347  0.0349  0.0349  0.0351  0.0347  0.0353  0.0346  0.0346
  0.0359  0.0359  0.0354  0.0354  0.0352  0.0347  0.0347  0.0347  0.0347  0.0346  0.0344  0.0344
  0.0363  0.0354  0.0354  0.0357  0.0370  0.0348  0.0351  0.0352  0.0353  0.0344  0.0344  0.0346
  0.0373  0.0355  0.0358  0.0366  0.0401  0.0351  0.0361  0.0366  0.0362  0.0346  0.0345  0.0350
  0.0392  0.0363  0.0364  0.0384  0.0437  0.0379  0.0375  0.0387  0.0374  0.0353  0.0348  0.0356
niter,ni,del,rscale     6    3    5.0000    1.2000
parameters
   -4.6344   -3.6389   19.3192   -7.3537  -16.0783   -4.0387
   -1.2756   -6.7504    6.6413   38.8188   11.9106  -31.9549
eta,q 0.96716  9.97615
  0.0376  0.0385  0.0346  0.0353  0.0347  0.0344  0.0359  0.0376  0.0352  0.0370  0.0335  0.0343
  0.0358  0.0367  0.0341  0.0341  0.0338  0.0336  0.0345  0.0354  0.0341  0.0354  0.0331  0.0336
  0.0347  0.0353  0.0338  0.0336  0.0335  0.0334  0.0336  0.0339  0.0335  0.0342  0.0329  0.0331
  0.0344  0.0344  0.0339  0.0338  0.0337  0.0335  0.0334  0.0334  0.0334  0.0333  0.0329  0.0328
  0.0348  0.0340  0.0343  0.0343  0.0346  0.0340  0.0337  0.0338  0.0338  0.0329  0.0330  0.0329
  0.0360  0.0340  0.0349  0.0350  0.0367  0.0348  0.0346  0.0353  0.0347  0.0330  0.0333  0.0333
  0.0378  0.0346  0.0358  0.0361  0.0397  0.0377  0.0360  0.0374  0.0360  0.0337  0.0338  0.0338
niter,ni,del,rscale     5    3    5.0000    1.2000
parameters
   -4.6569   -2.5629   18.2061   -8.4321  -18.9651   -6.7813
   -1.2252   -6.7408    6.6577   40.3765   10.9139  -31.7669
eta,q 0.96885  9.65127
  0.0363  0.0373  0.0325  0.0340  0.0327  0.0323  0.0340  0.0358  0.0342  0.0350  0.0320  0.0323
  0.0343  0.0353  0.0321  0.0326  0.0318  0.0315  0.0326  0.0334  0.0327  0.0333  0.0315  0.0316
  0.0332  0.0338  0.0321  0.0319  0.0315  0.0313  0.0316  0.0318  0.0317  0.0320  0.0312  0.0312
  0.0328  0.0328  0.0323  0.0320  0.0319  0.0315  0.0313  0.0313  0.0313  0.0313  0.0312  0.0312
  0.0333  0.0324  0.0329  0.0328  0.0328  0.0324  0.0316  0.0319  0.0317  0.0312  0.0314  0.0313
  0.0345  0.0325  0.0338  0.0337  0.0347  0.0335  0.0326  0.0335  0.0327  0.0317  0.0318  0.0316
  0.0364  0.0331  0.0349  0.0349  0.0377  0.0357  0.0339  0.0357  0.0342  0.0329  0.0325  0.0321
niter,ni,del,rscale     4    3    5.0000    1.2000
parameters
   -4.5855   -1.9354   17.5280   -8.7372  -20.1122   -7.7122
   -1.4004   -6.6229    6.6770   41.0914   10.6966  -32.1465
eta,q 0.96927  9.55496
  0.0349  0.0350  0.0315  0.0337  0.0331  0.0326  0.0333  0.0354  0.0339  0.0340  0.0319  0.0317
  0.0328  0.0332  0.0310  0.0320  0.0317  0.0314  0.0319  0.0330  0.0322  0.0324  0.0312  0.0311
  0.0316  0.0319  0.0309  0.0310  0.0310  0.0308  0.0310  0.0313  0.0312  0.0313  0.0308  0.0308
  0.0311  0.0312  0.0310  0.0309  0.0308  0.0308  0.0308  0.0308  0.0308  0.0308  0.0307  0.0307
  0.0315  0.0310  0.0313  0.0315  0.0314  0.0312  0.0311  0.0313  0.0311  0.0309  0.0309  0.0309
  0.0326  0.0314  0.0320  0.0326  0.0327  0.0322  0.0321  0.0328  0.0322  0.0316  0.0313  0.0313
  0.0344  0.0324  0.0329  0.0339  0.0350  0.0336  0.0335  0.0350  0.0339  0.0330  0.0320  0.0319
niter,ni,del,rscale     3    3    5.0000    1.2000
parameters
   -4.5014   -1.7899   17.2872   -8.7986  -20.4206   -7.9033
   -1.4945   -6.5409    6.6989   41.3448   10.6569  -32.3068
eta,q 0.96931  9.53566
  0.0344  0.0335  0.0317  0.0338  0.0335  0.0329  0.0333  0.0353  0.0338  0.0336  0.0319  0.0317
  0.0324  0.0320  0.0311  0.0321  0.0320  0.0316  0.0319  0.0328  0.0322  0.0321  0.0312  0.0311
  0.0312  0.0311  0.0308  0.0309  0.0310  0.0308  0.0310  0.0312  0.0311  0.0311  0.0308  0.0308
  0.0307  0.0307  0.0307  0.0307  0.0307  0.0307  0.0307  0.0307  0.0307  0.0307  0.0307  0.0307
  0.0311  0.0309  0.0309  0.0313  0.0311  0.0309  0.0311  0.0312  0.0311  0.0309  0.0308  0.0309
  0.0321  0.0317  0.0314  0.0324  0.0321  0.0317  0.0320  0.0328  0.0321  0.0317  0.0313  0.0312
  0.0339  0.0329  0.0322  0.0337  0.0341  0.0331  0.0334  0.0350  0.0338  0.0333  0.0319  0.0318
niter,ni,del,rscale     2    3    5.0000    1.2000
parameters
   -4.4647   -1.7507   17.2293   -8.8087  -20.5110   -7.9228
   -1.5377   -6.5013    6.7078   41.4279   10.6367  -32.3498
eta,q 0.96932  9.53204
  0.0342  0.0333  0.0319  0.0339  0.0336  0.0329  0.0333  0.0352  0.0338  0.0335  0.0319  0.0318
  0.0323  0.0318  0.0312  0.0321  0.0321  0.0316  0.0319  0.0328  0.0321  0.0320  0.0312  0.0312
  0.0311  0.0310  0.0308  0.0310  0.0311  0.0308  0.0310  0.0312  0.0311  0.0310  0.0308  0.0308
  0.0307  0.0307  0.0307  0.0307  0.0307  0.0307  0.0307  0.0307  0.0307  0.0307  0.0307  0.0307
  0.0311  0.0310  0.0308  0.0313  0.0310  0.0309  0.0310  0.0313  0.0310  0.0309  0.0308  0.0308
  0.0322  0.0318  0.0313  0.0323  0.0320  0.0316  0.0320  0.0328  0.0321  0.0318  0.0312  0.0312
  0.0340  0.0331  0.0320  0.0336  0.0339  0.0329  0.0333  0.0350  0.0338  0.0334  0.0319  0.0318
niter,ni,del,rscale     1    3    5.0000    1.2000
parameters
   -4.4516   -1.7387   17.2214   -8.8136  -20.5413   -7.9251
   -1.5517   -6.4878    6.7081   41.4505   10.6319  -32.3718
eta,q 0.96932  9.53101
  0.0341  0.0332  0.0319  0.0339  0.0337  0.0329  0.0333  0.0352  0.0338  0.0334  0.0319  0.0318
  0.0322  0.0318  0.0312  0.0321  0.0321  0.0316  0.0319  0.0328  0.0321  0.0319  0.0312  0.0312
  0.0311  0.0310  0.0308  0.0310  0.0311  0.0308  0.0310  0.0312  0.0311  0.0310  0.0308  0.0308
  0.0307  0.0307  0.0307  0.0307  0.0307  0.0307  0.0307  0.0307  0.0307  0.0307  0.0307  0.0307
  0.0311  0.0310  0.0308  0.0313  0.0310  0.0308  0.0310  0.0313  0.0310  0.0309  0.0308  0.0309
  0.0322  0.0318  0.0312  0.0323  0.0320  0.0316  0.0319  0.0328  0.0321  0.0318  0.0312  0.0312
  0.0340  0.0331  0.0319  0.0336  0.0339  0.0329  0.0333  0.0350  0.0338  0.0335  0.0319  0.0318
registration optimization eta report
parameter search radius
    2.4000    2.4000    2.4000    8.2800    8.2800    8.2800
    7.2000    7.2000    8.2800    7.2000    8.2800    7.2000
100000*second partial in parameter space
       59.       43.       21.        4.        5.        3.
        5.        8.        4.        5.        2.        2.
  0.0341  0.0332  0.0319  0.0339  0.0337  0.0329  0.0333  0.0352  0.0338  0.0334  0.0319  0.0318
  0.0322  0.0318  0.0312  0.0321  0.0321  0.0316  0.0319  0.0328  0.0321  0.0319  0.0312  0.0312
  0.0311  0.0310  0.0308  0.0310  0.0311  0.0308  0.0310  0.0312  0.0311  0.0310  0.0308  0.0308
  0.0307  0.0307  0.0307  0.0307  0.0307  0.0307  0.0307  0.0307  0.0307  0.0307  0.0307  0.0307
  0.0311  0.0310  0.0308  0.0313  0.0310  0.0308  0.0310  0.0313  0.0310  0.0309  0.0308  0.0309
  0.0322  0.0318  0.0312  0.0323  0.0320  0.0316  0.0319  0.0328  0.0321  0.0318  0.0312  0.0312
  0.0340  0.0331  0.0319  0.0336  0.0339  0.0329  0.0333  0.0350  0.0338  0.0335  0.0319  0.0318
   -4.4516   -1.7387   17.2214   -8.8136  -20.5413   -7.9251
   -1.5517   -6.4878    6.7081   41.4505   10.6319  -32.3718
eta,q 0.96932  9.53101

---------------------------------------------------------------------
imgreg_4dfp /opt/freesurfer/average/711-2C_as_mni_average_305 /opt/freesurfer/average/711-2B_as_mni_average_305_mask talsrcimg_g11 none talsrcimg_to_711-2C_as_mni_average_305_t4 2311
---------------------------------------------------------------------

freesurfer imgreg_4dfp.c
/opt/freesurfer/average/711-2C_as_mni_average_305.4dfp.img
       256       256       256         1
  1.000000  1.000000  1.000000
orientation T byte_order littleendian
Reading image: /opt/freesurfer/average/711-2C_as_mni_average_305.4dfp.img
dimensions:      256       256       256
mmppix:       1.0000   -1.0000   -1.0000
center:     128.0000 -129.0000 -129.0000
/opt/freesurfer/average/711-2B_as_mni_average_305_mask.4dfp.img
       256       256       256         1
  1.000000  1.000000  1.000000
orientation T byte_order littleendian
Reading mask: /opt/freesurfer/average/711-2B_as_mni_average_305_mask.4dfp.img (2306576 pixels)
talsrcimg_g11.4dfp.img
       256       256       256         1
  1.000000  1.000000  1.000000
orientation T byte_order littleendian
Reading image: talsrcimg_g11.4dfp.img
dimensions:      256       256       256
mmppix:       1.0000   -1.0000   -1.0000
center:     128.0000 -129.0000 -129.0000
fimgreg.f
image alignment mode   2311 decimal      907 hex
parameters
   -4.4516   -1.7387   17.2214   -8.8136  -20.5413   -7.9251
   -1.5517   -6.4878    6.7081   41.4505   10.6319  -32.3718
eta,q 0.96932  9.53102
niter,ni,del,rscale     5    3    5.0000    0.8000
parameters
   -4.4556   -1.7546   17.2099   -9.1840  -20.2877   -7.8953
   -1.5808   -6.5713    6.7262   41.4945   10.5883  -32.5035
eta,q 0.96934  9.52779
  0.0322  0.0318  0.0312  0.0317  0.0318  0.0314  0.0319  0.0327  0.0318  0.0319  0.0310  0.0312
  0.0314  0.0312  0.0309  0.0311  0.0312  0.0309  0.0312  0.0316  0.0312  0.0312  0.0308  0.0309
  0.0308  0.0308  0.0307  0.0307  0.0308  0.0307  0.0308  0.0309  0.0308  0.0308  0.0307  0.0307
  0.0307  0.0307  0.0307  0.0307  0.0307  0.0307  0.0307  0.0307  0.0307  0.0307  0.0307  0.0307
  0.0309  0.0308  0.0307  0.0309  0.0307  0.0307  0.0308  0.0309  0.0308  0.0308  0.0307  0.0308
  0.0314  0.0312  0.0309  0.0314  0.0310  0.0309  0.0312  0.0317  0.0312  0.0312  0.0308  0.0309
  0.0322  0.0318  0.0312  0.0320  0.0316  0.0313  0.0319  0.0328  0.0318  0.0319  0.0311  0.0312
niter,ni,del,rscale     4    3    5.0000    0.7000
parameters
   -4.4615   -1.7652   17.1921   -9.2547  -20.2868   -7.9000
   -1.5811   -6.5975    6.7329   41.5158   10.6253  -32.5492
eta,q 0.96934  9.52531
  0.0318  0.0315  0.0311  0.0316  0.0314  0.0311  0.0316  0.0323  0.0315  0.0316  0.0310  0.0311
  0.0312  0.0310  0.0308  0.0311  0.0310  0.0308  0.0311  0.0314  0.0311  0.0311  0.0308  0.0308
  0.0308  0.0308  0.0307  0.0307  0.0307  0.0307  0.0308  0.0308  0.0308  0.0308  0.0307  0.0307
  0.0307  0.0307  0.0307  0.0307  0.0307  0.0307  0.0307  0.0307  0.0307  0.0307  0.0307  0.0307
  0.0308  0.0308  0.0307  0.0308  0.0307  0.0307  0.0308  0.0309  0.0308  0.0308  0.0307  0.0307
  0.0312  0.0311  0.0309  0.0311  0.0310  0.0308  0.0311  0.0314  0.0310  0.0311  0.0308  0.0309
  0.0318  0.0315  0.0311  0.0316  0.0315  0.0311  0.0316  0.0323  0.0315  0.0316  0.0310  0.0311
niter,ni,del,rscale     3    3    5.0000    0.6000
parameters
   -4.4657   -1.7677   17.1879   -9.2979  -20.2790   -7.8820
   -1.5800   -6.6231    6.7373   41.5408   10.6794  -32.5904
eta,q 0.96934  9.52554
  0.0315  0.0313  0.0310  0.0314  0.0312  0.0310  0.0314  0.0319  0.0313  0.0313  0.0309  0.0310
  0.0310  0.0309  0.0308  0.0310  0.0309  0.0308  0.0310  0.0312  0.0309  0.0310  0.0308  0.0308
  0.0308  0.0307  0.0307  0.0307  0.0307  0.0307  0.0307  0.0308  0.0307  0.0307  0.0307  0.0307
  0.0307  0.0307  0.0307  0.0307  0.0307  0.0307  0.0307  0.0307  0.0307  0.0307  0.0307  0.0307
  0.0308  0.0307  0.0307  0.0308  0.0307  0.0307  0.0307  0.0308  0.0307  0.0307  0.0307  0.0307
  0.0311  0.0309  0.0308  0.0310  0.0309  0.0308  0.0310  0.0312  0.0309  0.0309  0.0307  0.0308
  0.0315  0.0313  0.0310  0.0314  0.0312  0.0310  0.0314  0.0319  0.0313  0.0313  0.0309  0.0310
niter,ni,del,rscale     2    3    5.0000    0.5000
parameters
   -4.4730   -1.7727   17.1848   -9.3347  -20.2680   -7.8634
   -1.5579   -6.6548    6.7394   41.5496   10.7162  -32.6386
eta,q 0.96935  9.52610
  0.0313  0.0311  0.0309  0.0312  0.0311  0.0309  0.0312  0.0315  0.0311  0.0311  0.0308  0.0309
  0.0309  0.0308  0.0307  0.0309  0.0308  0.0307  0.0309  0.0310  0.0309  0.0309  0.0307  0.0307
  0.0307  0.0307  0.0307  0.0307  0.0307  0.0307  0.0307  0.0307  0.0307  0.0307  0.0307  0.0307
  0.0307  0.0307  0.0307  0.0307  0.0306  0.0307  0.0306  0.0306  0.0307  0.0307  0.0307  0.0307
  0.0307  0.0307  0.0307  0.0307  0.0307  0.0307  0.0307  0.0308  0.0307  0.0307  0.0307  0.0307
  0.0309  0.0309  0.0307  0.0309  0.0308  0.0307  0.0309  0.0311  0.0309  0.0309  0.0307  0.0308
  0.0313  0.0311  0.0309  0.0312  0.0311  0.0308  0.0311  0.0315  0.0311  0.0311  0.0308  0.0309
niter,ni,del,rscale     1    3    5.0000    0.4000
parameters
   -4.4808   -1.7735   17.1900   -9.3737  -20.2537   -7.8574
   -1.5415   -6.6690    6.7320   41.5721   10.7712  -32.6796
eta,q 0.96935  9.52635
  0.0310  0.0309  0.0308  0.0310  0.0309  0.0308  0.0310  0.0312  0.0309  0.0310  0.0308  0.0308
  0.0308  0.0308  0.0307  0.0308  0.0308  0.0307  0.0308  0.0309  0.0308  0.0308  0.0307  0.0307
  0.0307  0.0307  0.0307  0.0307  0.0307  0.0307  0.0307  0.0307  0.0307  0.0307  0.0307  0.0307
  0.0307  0.0307  0.0307  0.0307  0.0307  0.0307  0.0307  0.0307  0.0307  0.0307  0.0306  0.0307
  0.0307  0.0307  0.0307  0.0307  0.0307  0.0307  0.0307  0.0307  0.0307  0.0307  0.0307  0.0307
  0.0308  0.0308  0.0307  0.0308  0.0308  0.0307  0.0308  0.0309  0.0308  0.0308  0.0307  0.0307
  0.0310  0.0309  0.0308  0.0310  0.0309  0.0308  0.0310  0.0312  0.0309  0.0309  0.0308  0.0308
registration optimization eta report
parameter search radius
    0.8000    0.8000    0.8000    2.4000    2.4000    2.4000
    2.4000    2.4000    2.4000    2.4000    2.4000    2.4000
100000*second partial in parameter space
       61.       43.       21.        6.        5.        2.
        6.       10.        5.        5.        2.        2.
  0.0310  0.0309  0.0308  0.0310  0.0309  0.0308  0.0310  0.0312  0.0309  0.0310  0.0308  0.0308
  0.0308  0.0308  0.0307  0.0308  0.0308  0.0307  0.0308  0.0309  0.0308  0.0308  0.0307  0.0307
  0.0307  0.0307  0.0307  0.0307  0.0307  0.0307  0.0307  0.0307  0.0307  0.0307  0.0307  0.0307
  0.0307  0.0307  0.0307  0.0307  0.0307  0.0307  0.0307  0.0307  0.0307  0.0307  0.0306  0.0307
  0.0307  0.0307  0.0307  0.0307  0.0307  0.0307  0.0307  0.0307  0.0307  0.0307  0.0307  0.0307
  0.0308  0.0308  0.0307  0.0308  0.0308  0.0307  0.0308  0.0309  0.0308  0.0308  0.0307  0.0307
  0.0310  0.0309  0.0308  0.0310  0.0309  0.0308  0.0310  0.0312  0.0309  0.0309  0.0308  0.0308
   -4.4808   -1.7735   17.1900   -9.3737  -20.2537   -7.8574
   -1.5415   -6.6690    6.7320   41.5721   10.7712  -32.6796
eta,q 0.96935  9.52635

---------------------------------------------------------------------
imgreg_4dfp /opt/freesurfer/average/711-2C_as_mni_average_305 /opt/freesurfer/average/711-2B_as_mni_average_305_mask talsrcimg_g11 none talsrcimg_to_711-2C_as_mni_average_305_t4 2311
---------------------------------------------------------------------

freesurfer imgreg_4dfp.c
/opt/freesurfer/average/711-2C_as_mni_average_305.4dfp.img
       256       256       256         1
  1.000000  1.000000  1.000000
orientation T byte_order littleendian
Reading image: /opt/freesurfer/average/711-2C_as_mni_average_305.4dfp.img
dimensions:      256       256       256
mmppix:       1.0000   -1.0000   -1.0000
center:     128.0000 -129.0000 -129.0000
/opt/freesurfer/average/711-2B_as_mni_average_305_mask.4dfp.img
       256       256       256         1
  1.000000  1.000000  1.000000
orientation T byte_order littleendian
Reading mask: /opt/freesurfer/average/711-2B_as_mni_average_305_mask.4dfp.img (2306576 pixels)
talsrcimg_g11.4dfp.img
       256       256       256         1
  1.000000  1.000000  1.000000
orientation T byte_order littleendian
Reading image: talsrcimg_g11.4dfp.img
dimensions:      256       256       256
mmppix:       1.0000   -1.0000   -1.0000
center:     128.0000 -129.0000 -129.0000
fimgreg.f
image alignment mode   2311 decimal      907 hex
parameters
   -4.4808   -1.7735   17.1900   -9.3737  -20.2537   -7.8574
   -1.5415   -6.6690    6.7320   41.5721   10.7712  -32.6796
eta,q 0.96935  9.52634
niter,ni,del,rscale     5    3    5.0000    0.8000
parameters
   -4.4762   -1.7590   17.1915   -9.2381  -20.3162   -7.8536
   -1.5375   -6.6118    6.7101   41.5417   10.6326  -32.5326
eta,q 0.96934  9.52666
  0.0322  0.0318  0.0312  0.0320  0.0316  0.0313  0.0319  0.0328  0.0318  0.0318  0.0310  0.0312
  0.0313  0.0312  0.0309  0.0313  0.0311  0.0309  0.0312  0.0316  0.0312  0.0312  0.0308  0.0309
  0.0308  0.0308  0.0307  0.0308  0.0308  0.0307  0.0308  0.0309  0.0308  0.0308  0.0307  0.0307
  0.0307  0.0307  0.0307  0.0307  0.0307  0.0307  0.0307  0.0307  0.0306  0.0307  0.0307  0.0307
  0.0308  0.0308  0.0307  0.0308  0.0308  0.0307  0.0308  0.0309  0.0308  0.0308  0.0307  0.0307
  0.0313  0.0311  0.0309  0.0312  0.0311  0.0309  0.0312  0.0316  0.0312  0.0312  0.0308  0.0309
  0.0322  0.0317  0.0312  0.0318  0.0317  0.0313  0.0319  0.0327  0.0318  0.0319  0.0311  0.0311
niter,ni,del,rscale     4    3    5.0000    0.7000
parameters
   -4.4712   -1.7658   17.1958   -9.2689  -20.2904   -7.8641
   -1.5612   -6.6117    6.7247   41.5305   10.6427  -32.5543
eta,q 0.96934  9.52615
  0.0319  0.0315  0.0311  0.0316  0.0314  0.0311  0.0316  0.0323  0.0315  0.0316  0.0310  0.0311
  0.0312  0.0310  0.0308  0.0311  0.0310  0.0308  0.0311  0.0314  0.0311  0.0311  0.0308  0.0308
  0.0308  0.0307  0.0307  0.0308  0.0308  0.0307  0.0308  0.0308  0.0308  0.0308  0.0307  0.0307
  0.0307  0.0307  0.0307  0.0307  0.0307  0.0307  0.0307  0.0307  0.0307  0.0307  0.0307  0.0307
  0.0308  0.0308  0.0307  0.0308  0.0307  0.0307  0.0308  0.0309  0.0307  0.0307  0.0307  0.0307
  0.0312  0.0310  0.0308  0.0311  0.0310  0.0308  0.0311  0.0314  0.0310  0.0311  0.0308  0.0309
  0.0318  0.0315  0.0311  0.0316  0.0314  0.0311  0.0316  0.0323  0.0315  0.0316  0.0310  0.0311
registration optimization eta report
parameter search radius
    1.4000    1.4000    1.4000    4.2000    4.2000    4.2000
    4.2000    4.2000    4.2000    4.2000    4.2000    4.2000
100000*second partial in parameter space
       60.       44.       21.        5.        4.        3.
        5.        9.        5.        5.        2.        2.
  0.0319  0.0315  0.0311  0.0316  0.0314  0.0311  0.0316  0.0323  0.0315  0.0316  0.0310  0.0311
  0.0312  0.0310  0.0308  0.0311  0.0310  0.0308  0.0311  0.0314  0.0311  0.0311  0.0308  0.0308
  0.0308  0.0307  0.0307  0.0308  0.0308  0.0307  0.0308  0.0308  0.0308  0.0308  0.0307  0.0307
  0.0307  0.0307  0.0307  0.0307  0.0307  0.0307  0.0307  0.0307  0.0307  0.0307  0.0307  0.0307
  0.0308  0.0308  0.0307  0.0308  0.0307  0.0307  0.0308  0.0309  0.0307  0.0307  0.0307  0.0307
  0.0312  0.0310  0.0308  0.0311  0.0310  0.0308  0.0311  0.0314  0.0310  0.0311  0.0308  0.0309
  0.0318  0.0315  0.0311  0.0316  0.0314  0.0311  0.0316  0.0323  0.0315  0.0316  0.0310  0.0311
   -4.4712   -1.7658   17.1958   -9.2689  -20.2904   -7.8641
   -1.5612   -6.6117    6.7247   41.5305   10.6427  -32.5543
eta,q 0.96934  9.52615

---------------------------------------------------------------------
compute_vox2vox talsrcimg talsrcimg_to_711-2C_as_mni_average_305_t4 /opt/freesurfer/average/711-2C_as_mni_average_305
---------------------------------------------------------------------

freesurfer compute_vox2vox.c
Reading: talsrcimg.4dfp.ifh
Reading: talsrcimg_to_711-2C_as_mni_average_305_t4
Reading: /opt/freesurfer/average/711-2C_as_mni_average_305.4dfp.ifh
Writing: talsrcimg_to_711-2C_as_mni_average_305_t4_vox2vox.txt

start time Fri Mar 13 22:27:30 CET 2026
end		time Fri Mar 13 22:27:43 CET 2026

mpr2mni305 success

avi2talxfm orig_nu.mgz /opt/freesurfer/average/mni305.cor.mgz talsrcimg_to_711-2C_as_mni_average_305_t4_vox2vox.txt transforms/talairach.auto.xfm
avi2talxfm done
mv -f /out/sourcedata/freesurfer/sub-v2s7x29667_ses-1/mri/talsrcimg_to_711-2C_as_mni_average_305_t4_vox2vox.txt /out/sourcedata/freesurfer/sub-v2s7x29667_ses-1/mri/transforms/talsrcimg_to_711-2C_as_mni_average_305_t4_vox2vox.txt
lta_convert --src orig_nu.mgz --trg /opt/freesurfer/average/mni305.cor.mgz --inxfm transforms/talairach.auto.xfm --outlta transforms/talairach.auto.xfm.lta --subject fsaverage
7.3.2

--src: orig_nu.mgz src image (geometry).
--trg: /opt/freesurfer/average/mni305.cor.mgz trg image (geometry).
--inmni: transforms/talairach.auto.xfm input MNI/XFM transform.
--outlta: transforms/talairach.auto.xfm.lta output LTA.
--s: fsaverage subject name
 LTA read, type : 1
 1.09201   0.05804   0.04509  -12.55550;
-0.13402   0.90949   0.36882  -15.05117;
-0.02230  -0.47876   1.05859  -12.79190;
 0.00000   0.00000   0.00000   1.00000;
setting subject to fsaverage
Writing  LTA to file transforms/talairach.auto.xfm.lta...
lta_convert successful.
 
 
Started at Fri Mar 13 22:27:30 CET 2026
Ended   at Fri Mar 13 22:27:44 CET 2026
talairach_avi done
