status file for recon-all
Sat Mar 14 01:25:26 CET 2026
#@# Tessellate rh Sat Mar 14 01:25:26 CET 2026
#@# Smooth1 rh Sat Mar 14 01:25:30 CET 2026
#@# Inflation1 rh Sat Mar 14 01:25:33 CET 2026
#@# QSphere rh Sat Mar 14 01:25:49 CET 2026
#@# Fix Topology rh Sat Mar 14 01:27:16 CET 2026
#@# Smooth2 rh Sat Mar 14 01:40:35 CET 2026
#@# Inflation2 rh Sat Mar 14 01:40:39 CET 2026
#@# Curv .H and .K rh Sat Mar 14 01:40:55 CET 2026
#@# Sphere rh Sat Mar 14 01:41:44 CET 2026
#@# Surf Reg rh Sat Mar 14 01:46:09 CET 2026
#@# Jacobian white rh Sat Mar 14 01:51:16 CET 2026
#@# AvgCurv rh Sat Mar 14 01:51:17 CET 2026
#@# Cortical Parc rh Sat Mar 14 01:51:18 CET 2026
#@# white curv rh Sat Mar 14 02:00:10 CET 2026
#@# white area rh Sat Mar 14 02:00:12 CET 2026
#@# pial curv rh Sat Mar 14 02:00:13 CET 2026
#@# pial area rh Sat Mar 14 02:00:15 CET 2026
#@# thickness rh Sat Mar 14 02:00:16 CET 2026
#@# area and vertex vol rh Sat Mar 14 02:00:48 CET 2026
#@# Curvature Stats rh Sat Mar 14 02:00:50 CET 2026
#@# Cortical Parc 2 rh Sat Mar 14 02:00:53 CET 2026
#@# Cortical Parc 3 rh Sat Mar 14 02:01:07 CET 2026
#@# WM/GM Contrast rh Sat Mar 14 02:01:18 CET 2026
recon-all -s sub-v2s7x29678_ses-1 finished without error at Sat Mar 14 02:01:21 CET 2026



#New# invocation of recon-all 



status file for recon-all
Sat Mar 14 02:09:08 CET 2026
#@# white curv rh Sat Mar 14 02:09:08 CET 2026
#@# white area rh Sat Mar 14 02:09:08 CET 2026
#@# pial curv rh Sat Mar 14 02:09:08 CET 2026
#@# pial area rh Sat Mar 14 02:09:08 CET 2026
#@# thickness rh Sat Mar 14 02:09:08 CET 2026
#@# area and vertex vol rh Sat Mar 14 02:09:08 CET 2026
#@# Parcellation Stats rh Sat Mar 14 02:09:08 CET 2026
#@# Parcellation Stats 2 rh Sat Mar 14 02:09:29 CET 2026
#@# Parcellation Stats 3 rh Sat Mar 14 02:09:40 CET 2026
#@# BA_exvivo Labels rh Sat Mar 14 02:09:49 CET 2026
recon-all -s sub-v2s7x29678_ses-1 finished without error at Sat Mar 14 02:12:50 CET 2026
