status file for recon-all
Sat Mar 14 00:51:19 CET 2026
#@# Tessellate lh Sat Mar 14 00:51:19 CET 2026
#@# Smooth1 lh Sat Mar 14 00:51:23 CET 2026
#@# Inflation1 lh Sat Mar 14 00:51:26 CET 2026
#@# QSphere lh Sat Mar 14 00:51:41 CET 2026
#@# Fix Topology lh Sat Mar 14 00:52:53 CET 2026
#@# Smooth2 lh Sat Mar 14 01:02:52 CET 2026
#@# Inflation2 lh Sat Mar 14 01:02:55 CET 2026
#@# Curv .H and .K lh Sat Mar 14 01:03:09 CET 2026
#@# Sphere lh Sat Mar 14 01:03:56 CET 2026
#@# Surf Reg lh Sat Mar 14 01:09:46 CET 2026
#@# Jacobian white lh Sat Mar 14 01:17:36 CET 2026
#@# AvgCurv lh Sat Mar 14 01:17:37 CET 2026
#@# Cortical Parc lh Sat Mar 14 01:17:38 CET 2026
#@# white curv lh Sat Mar 14 01:24:14 CET 2026
#@# white area lh Sat Mar 14 01:24:15 CET 2026
#@# pial curv lh Sat Mar 14 01:24:16 CET 2026
#@# pial area lh Sat Mar 14 01:24:18 CET 2026
#@# thickness lh Sat Mar 14 01:24:19 CET 2026
#@# area and vertex vol lh Sat Mar 14 01:24:51 CET 2026
#@# Curvature Stats lh Sat Mar 14 01:24:52 CET 2026
#@# Cortical Parc 2 lh Sat Mar 14 01:24:55 CET 2026
#@# Cortical Parc 3 lh Sat Mar 14 01:25:09 CET 2026
#@# WM/GM Contrast lh Sat Mar 14 01:25:20 CET 2026
recon-all -s sub-v2s7x29678_ses-1 finished without error at Sat Mar 14 01:25:24 CET 2026



#New# invocation of recon-all 



status file for recon-all
Sat Mar 14 02:05:24 CET 2026
#@# white curv lh Sat Mar 14 02:05:24 CET 2026
#@# white area lh Sat Mar 14 02:05:24 CET 2026
#@# pial curv lh Sat Mar 14 02:05:24 CET 2026
#@# pial area lh Sat Mar 14 02:05:24 CET 2026
#@# thickness lh Sat Mar 14 02:05:24 CET 2026
#@# area and vertex vol lh Sat Mar 14 02:05:24 CET 2026
#@# Parcellation Stats lh Sat Mar 14 02:05:24 CET 2026
#@# Parcellation Stats 2 lh Sat Mar 14 02:05:44 CET 2026
#@# Parcellation Stats 3 lh Sat Mar 14 02:05:54 CET 2026
#@# BA_exvivo Labels lh Sat Mar 14 02:06:04 CET 2026
recon-all -s sub-v2s7x29678_ses-1 finished without error at Sat Mar 14 02:09:05 CET 2026
