status file for recon-all
Fri Mar 13 23:06:31 CET 2026
#@# MotionCor Fri Mar 13 23:06:33 CET 2026
#@# Talairach Fri Mar 13 23:06:43 CET 2026
#@# Talairach Failure Detection Fri Mar 13 23:11:07 CET 2026
#@# Nu Intensity Correction Fri Mar 13 23:11:07 CET 2026
#@# Intensity Normalization Fri Mar 13 23:14:24 CET 2026
recon-all -s sub-v2s7x29678_ses-1 finished without error at Fri Mar 13 23:15:50 CET 2026



#New# invocation of recon-all 



status file for recon-all
Fri Mar 13 23:29:21 CET 2026
#@# EM Registration Fri Mar 13 23:29:21 CET 2026
recon-all -s sub-v2s7x29678_ses-1 finished without error at Fri Mar 13 23:32:04 CET 2026



#New# invocation of recon-all 



status file for recon-all
Fri Mar 13 23:32:07 CET 2026
#@# CA Normalize Fri Mar 13 23:32:07 CET 2026
#@# CA Reg Fri Mar 13 23:33:25 CET 2026
#@# SubCort Seg Sat Mar 14 00:18:26 CET 2026
#@# CC Seg Sat Mar 14 00:45:16 CET 2026
#@# Merge ASeg Sat Mar 14 00:45:56 CET 2026
#@# Intensity Normalization2 Sat Mar 14 00:45:56 CET 2026
#@# Mask BFS Sat Mar 14 00:48:06 CET 2026
#@# WM Segmentation Sat Mar 14 00:48:07 CET 2026
#@# Fill Sat Mar 14 00:50:08 CET 2026
recon-all -s sub-v2s7x29678_ses-1 finished without error at Sat Mar 14 00:51:14 CET 2026



#New# invocation of recon-all 



status file for recon-all
Sat Mar 14 02:01:26 CET 2026
#@# white curv lh Sat Mar 14 02:01:26 CET 2026
#@# white area lh Sat Mar 14 02:01:26 CET 2026
#@# pial curv lh Sat Mar 14 02:01:26 CET 2026
#@# pial area lh Sat Mar 14 02:01:26 CET 2026
#@# thickness lh Sat Mar 14 02:01:26 CET 2026
#@# area and vertex vol lh Sat Mar 14 02:01:26 CET 2026
#@# white curv rh Sat Mar 14 02:01:26 CET 2026
#@# white area rh Sat Mar 14 02:01:26 CET 2026
#@# pial curv rh Sat Mar 14 02:01:26 CET 2026
#@# pial area rh Sat Mar 14 02:01:26 CET 2026
#@# thickness rh Sat Mar 14 02:01:26 CET 2026
#@# area and vertex vol rh Sat Mar 14 02:01:26 CET 2026
#@# Cortical ribbon mask Sat Mar 14 02:01:26 CET 2026
recon-all -s sub-v2s7x29678_ses-1 finished without error at Sat Mar 14 02:05:17 CET 2026



#New# invocation of recon-all 



status file for recon-all
Sat Mar 14 02:12:54 CET 2026
#@# white curv lh Sat Mar 14 02:12:54 CET 2026
#@# white area lh Sat Mar 14 02:12:54 CET 2026
#@# pial curv lh Sat Mar 14 02:12:54 CET 2026
#@# pial area lh Sat Mar 14 02:12:54 CET 2026
#@# thickness lh Sat Mar 14 02:12:54 CET 2026
#@# area and vertex vol lh Sat Mar 14 02:12:54 CET 2026
#@# white curv rh Sat Mar 14 02:12:54 CET 2026
#@# white area rh Sat Mar 14 02:12:54 CET 2026
#@# pial curv rh Sat Mar 14 02:12:54 CET 2026
#@# pial area rh Sat Mar 14 02:12:54 CET 2026
#@# thickness rh Sat Mar 14 02:12:54 CET 2026
#@# area and vertex vol rh Sat Mar 14 02:12:54 CET 2026
#@# Curvature Stats lh Sat Mar 14 02:12:54 CET 2026
#@# Curvature Stats rh Sat Mar 14 02:12:57 CET 2026
#@# Relabel Hypointensities Sat Mar 14 02:13:00 CET 2026
#@# APas-to-ASeg Sat Mar 14 02:13:17 CET 2026
#@# AParc-to-ASeg aparc Sat Mar 14 02:13:26 CET 2026
#@# AParc-to-ASeg aparc.a2009s Sat Mar 14 02:14:03 CET 2026
#@# AParc-to-ASeg aparc.DKTatlas Sat Mar 14 02:14:37 CET 2026
#@# WMParc Sat Mar 14 02:15:13 CET 2026
#@# ASeg Stats Sat Mar 14 02:19:45 CET 2026
recon-all -s sub-v2s7x29678_ses-1 finished without error at Sat Mar 14 02:20:26 CET 2026
