status file for recon-all
Fri Mar 13 22:52:22 CET 2026
#@# MotionCor Fri Mar 13 22:52:24 CET 2026
#@# Talairach Fri Mar 13 22:52:34 CET 2026
#@# Talairach Failure Detection Fri Mar 13 22:56:57 CET 2026
#@# Nu Intensity Correction Fri Mar 13 22:56:57 CET 2026
#@# Intensity Normalization Fri Mar 13 23:00:12 CET 2026
recon-all -s sub-v2s7x29675_ses-1 finished without error at Fri Mar 13 23:01:56 CET 2026



#New# invocation of recon-all 



status file for recon-all
Fri Mar 13 23:15:04 CET 2026
#@# EM Registration Fri Mar 13 23:15:04 CET 2026
recon-all -s sub-v2s7x29675_ses-1 finished without error at Fri Mar 13 23:18:12 CET 2026



#New# invocation of recon-all 



status file for recon-all
Fri Mar 13 23:18:14 CET 2026
#@# CA Normalize Fri Mar 13 23:18:14 CET 2026
#@# CA Reg Fri Mar 13 23:19:33 CET 2026
#@# SubCort Seg Sat Mar 14 00:14:48 CET 2026
#@# CC Seg Sat Mar 14 00:42:35 CET 2026
#@# Merge ASeg Sat Mar 14 00:43:07 CET 2026
#@# Intensity Normalization2 Sat Mar 14 00:43:07 CET 2026
#@# Mask BFS Sat Mar 14 00:45:13 CET 2026
#@# WM Segmentation Sat Mar 14 00:45:14 CET 2026
#@# Fill Sat Mar 14 00:47:08 CET 2026
recon-all -s sub-v2s7x29675_ses-1 finished without error at Sat Mar 14 00:48:13 CET 2026



#New# invocation of recon-all 



status file for recon-all
Sat Mar 14 01:33:34 CET 2026
#@# white curv lh Sat Mar 14 01:33:34 CET 2026
#@# white area lh Sat Mar 14 01:33:34 CET 2026
#@# pial curv lh Sat Mar 14 01:33:34 CET 2026
#@# pial area lh Sat Mar 14 01:33:34 CET 2026
#@# thickness lh Sat Mar 14 01:33:34 CET 2026
#@# area and vertex vol lh Sat Mar 14 01:33:34 CET 2026
#@# white curv rh Sat Mar 14 01:33:34 CET 2026
#@# white area rh Sat Mar 14 01:33:34 CET 2026
#@# pial curv rh Sat Mar 14 01:33:35 CET 2026
#@# pial area rh Sat Mar 14 01:33:35 CET 2026
#@# thickness rh Sat Mar 14 01:33:35 CET 2026
#@# area and vertex vol rh Sat Mar 14 01:33:35 CET 2026
#@# Cortical ribbon mask Sat Mar 14 01:33:35 CET 2026
recon-all -s sub-v2s7x29675_ses-1 finished without error at Sat Mar 14 01:37:08 CET 2026



#New# invocation of recon-all 



status file for recon-all
Sat Mar 14 01:43:38 CET 2026
#@# white curv lh Sat Mar 14 01:43:38 CET 2026
#@# white area lh Sat Mar 14 01:43:39 CET 2026
#@# pial curv lh Sat Mar 14 01:43:39 CET 2026
#@# pial area lh Sat Mar 14 01:43:39 CET 2026
#@# thickness lh Sat Mar 14 01:43:39 CET 2026
#@# area and vertex vol lh Sat Mar 14 01:43:39 CET 2026
#@# white curv rh Sat Mar 14 01:43:39 CET 2026
#@# white area rh Sat Mar 14 01:43:39 CET 2026
#@# pial curv rh Sat Mar 14 01:43:39 CET 2026
#@# pial area rh Sat Mar 14 01:43:39 CET 2026
#@# thickness rh Sat Mar 14 01:43:39 CET 2026
#@# area and vertex vol rh Sat Mar 14 01:43:39 CET 2026
#@# Curvature Stats lh Sat Mar 14 01:43:39 CET 2026
#@# Curvature Stats rh Sat Mar 14 01:43:41 CET 2026
#@# Relabel Hypointensities Sat Mar 14 01:43:44 CET 2026
#@# APas-to-ASeg Sat Mar 14 01:43:58 CET 2026
#@# AParc-to-ASeg aparc Sat Mar 14 01:44:05 CET 2026
#@# AParc-to-ASeg aparc.a2009s Sat Mar 14 01:44:34 CET 2026
#@# AParc-to-ASeg aparc.DKTatlas Sat Mar 14 01:45:07 CET 2026
#@# WMParc Sat Mar 14 01:45:36 CET 2026
#@# ASeg Stats Sat Mar 14 01:50:02 CET 2026
recon-all -s sub-v2s7x29675_ses-1 finished without error at Sat Mar 14 01:50:45 CET 2026
