status file for recon-all
Sat Mar 14 01:11:40 CET 2026
#@# Tessellate rh Sat Mar 14 01:11:40 CET 2026
#@# Smooth1 rh Sat Mar 14 01:11:44 CET 2026
#@# Inflation1 rh Sat Mar 14 01:11:47 CET 2026
#@# QSphere rh Sat Mar 14 01:12:06 CET 2026
#@# Fix Topology rh Sat Mar 14 01:13:42 CET 2026
#@# Smooth2 rh Sat Mar 14 01:18:49 CET 2026
#@# Inflation2 rh Sat Mar 14 01:18:52 CET 2026
#@# Curv .H and .K rh Sat Mar 14 01:19:07 CET 2026
#@# Sphere rh Sat Mar 14 01:19:52 CET 2026
#@# Surf Reg rh Sat Mar 14 01:22:18 CET 2026
#@# Jacobian white rh Sat Mar 14 01:26:11 CET 2026
#@# AvgCurv rh Sat Mar 14 01:26:12 CET 2026
#@# Cortical Parc rh Sat Mar 14 01:26:13 CET 2026
#@# white curv rh Sat Mar 14 01:32:27 CET 2026
#@# white area rh Sat Mar 14 01:32:29 CET 2026
#@# pial curv rh Sat Mar 14 01:32:30 CET 2026
#@# pial area rh Sat Mar 14 01:32:31 CET 2026
#@# thickness rh Sat Mar 14 01:32:32 CET 2026
#@# area and vertex vol rh Sat Mar 14 01:32:58 CET 2026
#@# Curvature Stats rh Sat Mar 14 01:33:00 CET 2026
#@# Cortical Parc 2 rh Sat Mar 14 01:33:02 CET 2026
#@# Cortical Parc 3 rh Sat Mar 14 01:33:15 CET 2026
#@# WM/GM Contrast rh Sat Mar 14 01:33:25 CET 2026
recon-all -s sub-v2s7x29675_ses-1 finished without error at Sat Mar 14 01:33:28 CET 2026



#New# invocation of recon-all 



status file for recon-all
Sat Mar 14 01:40:29 CET 2026
#@# white curv rh Sat Mar 14 01:40:29 CET 2026
#@# white area rh Sat Mar 14 01:40:29 CET 2026
#@# pial curv rh Sat Mar 14 01:40:29 CET 2026
#@# pial area rh Sat Mar 14 01:40:29 CET 2026
#@# thickness rh Sat Mar 14 01:40:29 CET 2026
#@# area and vertex vol rh Sat Mar 14 01:40:29 CET 2026
#@# Parcellation Stats rh Sat Mar 14 01:40:29 CET 2026
#@# Parcellation Stats 2 rh Sat Mar 14 01:40:46 CET 2026
#@# Parcellation Stats 3 rh Sat Mar 14 01:40:54 CET 2026
#@# BA_exvivo Labels rh Sat Mar 14 01:41:03 CET 2026
recon-all -s sub-v2s7x29675_ses-1 finished without error at Sat Mar 14 01:43:35 CET 2026
