/out/sourcedata/freesurfer/sub-v2s7x29679_ses-1/mri
/opt/freesurfer/bin/talairach_avi
--i orig_nu.mgz --xfm transforms/talairach.auto.xfm
talairach_avi 7.3.2
Linux dna086 5.14.0-427.37.1.el9_4.x86_64 #1 SMP PREEMPT_DYNAMIC Fri Sep 13 12:41:50 EDT 2024 x86_64 x86_64 x86_64 GNU/Linux
Fri Mar 13 23:11:19 CET 2026
mri_convert orig_nu.mgz talsrcimg.img 
reading from orig_nu.mgz...
TR=0.00, TE=0.00, TI=0.00, flip angle=0.00
i_ras = (-1, 0, 0)
j_ras = (0, 0, -1)
k_ras = (0, 1, 0)
writing to talsrcimg.img...
Analyze Output Matrix
-1.00000   0.00000   0.00000   142.56644;
 0.00000   0.00000   1.00000  -118.18059;
 0.00000  -1.00000   0.00000   139.91125;
 0.00000   0.00000   0.00000   1.00000;
--------------------
INFO: set hdr.hist.orient to -1
mpr2mni305 talsrcimg
Fri Mar 13 23:11:20 CET 2026
/opt/freesurfer/bin/mpr2mni305 talsrcimg
mpr2mni305 7.3.2
target=711-2C_as_mni_average_305

---------------------------------------------------------------------
analyzeto4dfp talsrcimg -O0 -y
---------------------------------------------------------------------

freesurfer ifh2hdr.c
Fri Mar 13 23:11:20 2026
Writing: talsrcimg.4dfp.hdr
freesurfer analyzeto4dfp.c
Reading: talsrcimg.hdr
header size 348 bytes
hdr.dime.datatype	offset=70	value=2
hdr.dime.bitpix		offset=72	value=8
hdr.hist.orient		offset=252	value=-1
dimensionality     4
dimensions       256       256       256         1
Reading: talsrcimg.img
Writing: talsrcimg.4dfp.img
Writing: talsrcimg.4dfp.ifh
ifh2hdr talsrcimg -r0to255
ori=2

---------------------------------------------------------------------
gauss_4dfp talsrcimg 1.1
---------------------------------------------------------------------

freesurfer gauss_4dfp.c
Reading: talsrcimg.4dfp.img
Writing: talsrcimg_g11.4dfp.img
image dimensions 256 256 256 padded to 288 288 288
processing volume 1freesurfer ifh2hdr.c
Fri Mar 13 23:11:21 2026
Writing: talsrcimg_g11.4dfp.hdr

Writing: talsrcimg_g11.4dfp.ifh
including: talsrcimg.4dfp.img.rec in talsrcimg_g11.4dfp.img.rec

---------------------------------------------------------------------
imgreg_4dfp /opt/freesurfer/average/711-2C_as_mni_average_305 none talsrcimg_g11 none talsrcimg_to_711-2C_as_mni_average_305_t4 4355
---------------------------------------------------------------------

freesurfer imgreg_4dfp.c
/opt/freesurfer/average/711-2C_as_mni_average_305.4dfp.img
       256       256       256         1
  1.000000  1.000000  1.000000
orientation T byte_order littleendian
Reading image: /opt/freesurfer/average/711-2C_as_mni_average_305.4dfp.img
dimensions:      256       256       256
mmppix:       1.0000   -1.0000   -1.0000
center:     128.0000 -129.0000 -129.0000
talsrcimg_g11.4dfp.img
       256       256       256         1
  1.000000  1.000000  1.000000
orientation T byte_order littleendian
Reading image: talsrcimg_g11.4dfp.img
dimensions:      256       256       256
mmppix:       1.0000   -1.0000   -1.0000
center:     128.0000 -129.0000 -129.0000
t4_read: open error in t4_sub.f l:  41 t4_file(1:l)talsrcimg_to_711-2C_as_mni_average_305_t4 
t4_read: transform initialized to I4
rotation matrix determinant  1.000000
image alignment mode   4355 decimal     1103 hex
   -7.5000  -45.0000  -45.0000 8219.9600   11.3944
    0.0000  -45.0000  -45.0000 8548.6152   11.4235
    7.5000  -45.0000  -45.0000 8142.0576   11.4522
   -7.5000  -37.5000  -45.0000 8645.3760   11.4080
    0.0000  -37.5000  -45.0000 8991.0713   11.4374
    7.5000  -37.5000  -45.0000 8549.4854   11.4695
   -7.5000  -30.0000  -45.0000 9409.5303   11.4212
    0.0000  -30.0000  -45.0000 9771.8359   11.4464
    7.5000  -30.0000  -45.0000 9293.0771   11.4747
   -7.5000  -22.5000  -45.000010108.2256   11.4199
    0.0000  -22.5000  -45.000010519.9404   11.4408
    7.5000  -22.5000  -45.0000 9992.7109   11.4614
   -7.5000  -15.0000  -45.000010774.1670   11.4065
    0.0000  -15.0000  -45.000011203.0566   11.4267
    7.5000  -15.0000  -45.000010625.1895   11.4441
   -7.5000   -7.5000  -45.000011267.2881   11.3941
    0.0000   -7.5000  -45.000011707.6045   11.4184
    7.5000   -7.5000  -45.000011104.8838   11.4402
   -7.5000    0.0000  -45.000011654.4189   11.3944
    0.0000    0.0000  -45.000012103.6621   11.4235
    7.5000    0.0000  -45.000011484.7021   11.4522
   -7.5000    7.5000  -45.000011161.0752   11.4080
    0.0000    7.5000  -45.000011605.3828   11.4374
    7.5000    7.5000  -45.000011028.6475   11.4695
   -7.5000   15.0000  -45.000010535.4404   11.4212
    0.0000   15.0000  -45.000010957.6406   11.4464
    7.5000   15.0000  -45.000010415.3691   11.4747
   -7.5000   22.5000  -45.0000 9792.0918   11.4184
    0.0000   22.5000  -45.000010169.6660   11.4392
    7.5000   22.5000  -45.0000 9647.0146   11.4598
   -7.5000   30.0000  -45.0000 9031.3018   11.2545
    0.0000   30.0000  -45.0000 9388.2852   11.2744
    7.5000   30.0000  -45.0000 8874.3604   11.2916
   -7.5000   37.5000  -45.0000 8601.9502   11.2426
    0.0000   37.5000  -45.0000 8943.5615   11.2666
    7.5000   37.5000  -45.0000 8441.1016   11.2881
   -7.5000   45.0000  -45.0000 7853.4751   11.0160
    0.0000   45.0000  -45.0000 8172.6162   11.0441
    7.5000   45.0000  -45.0000 7697.0435   11.0719
   -7.5000  -45.0000  -37.5000 8799.4580   11.3307
    0.0000  -45.0000  -37.5000 9134.7754   11.3546
    7.5000  -45.0000  -37.5000 8678.3086   11.3820
   -7.5000  -37.5000  -37.5000 9258.8330   11.3474
    0.0000  -37.5000  -37.5000 9617.0322   11.3706
    7.5000  -37.5000  -37.5000 9127.4629   11.3992
   -7.5000  -30.0000  -37.500010032.3564   11.3632
    0.0000  -30.0000  -37.500010424.0850   11.3821
    7.5000  -30.0000  -37.5000 9884.3877   11.4065
   -7.5000  -22.5000  -37.500010764.9131   11.3612
    0.0000  -22.5000  -37.500011160.4678   11.3767
    7.5000  -22.5000  -37.500010601.1719   11.3958
   -7.5000  -15.0000  -37.500011468.5078   11.3445
    0.0000  -15.0000  -37.500011888.9941   11.3604
    7.5000  -15.0000  -37.500011284.7119   11.3787
   -7.5000   -7.5000  -37.500011974.2979   11.3299
    0.0000   -7.5000  -37.500012415.1768   11.3499
    7.5000   -7.5000  -37.500011791.1318   11.3722
   -7.5000    0.0000  -37.500012332.5996   11.3307
    0.0000    0.0000  -37.500012801.8301   11.3546
    7.5000    0.0000  -37.500012148.4463   11.3820
   -7.5000    7.5000  -37.500011862.1514   11.3474
    0.0000    7.5000  -37.500012344.4746   11.3706
    7.5000    7.5000  -37.500011699.6631   11.3992
   -7.5000   15.0000  -37.500011192.8008   11.3632
    0.0000   15.0000  -37.500011631.2246   11.3821
    7.5000   15.0000  -37.500011050.3877   11.4065
   -7.5000   22.5000  -37.500010361.7471   11.3597
    0.0000   22.5000  -37.500010756.7637   11.3751
    7.5000   22.5000  -37.500010223.7432   11.3943
   -7.5000   30.0000  -37.5000 9522.2861   11.1934
    0.0000   30.0000  -37.5000 9890.3369   11.2091
    7.5000   30.0000  -37.5000 9389.4219   11.2271
   -7.5000   37.5000  -37.5000 9040.5098   11.1792
    0.0000   37.5000  -37.5000 9402.7266   11.1989
    7.5000   37.5000  -37.5000 8914.5723   11.2210
   -7.5000   45.0000  -37.5000 8246.5283   10.9541
    0.0000   45.0000  -37.5000 8574.1211   10.9774
    7.5000   45.0000  -37.5000 8106.1636   11.0038
   -7.5000  -45.0000  -30.0000 9533.6953   11.7714
    0.0000  -45.0000  -30.0000 9898.7363   11.7877
    7.5000  -45.0000  -30.0000 9390.4561   11.8110
   -7.5000  -37.5000  -30.000010043.9326   11.7886
    0.0000  -37.5000  -30.000010424.4717   11.8057
    7.5000  -37.5000  -30.0000 9887.3291   11.8302
   -7.5000  -30.0000  -30.000010862.1006   11.8050
    0.0000  -30.0000  -30.000011282.2871   11.8194
    7.5000  -30.0000  -30.000010690.0791   11.8405
   -7.5000  -22.5000  -30.000011652.6123   11.8036
    0.0000  -22.5000  -30.000012060.0137   11.8147
    7.5000  -22.5000  -30.000011452.8389   11.8312
   -7.5000  -15.0000  -30.000012363.0176   11.7870
    0.0000  -15.0000  -30.000012798.1104   11.7972
    7.5000  -15.0000  -30.000012156.6465   11.8126
   -7.5000   -7.5000  -30.000012876.1514   11.7713
    0.0000   -7.5000  -30.000013349.1289   11.7839
    7.5000   -7.5000  -30.000012684.8115   11.8027
   -7.5000    0.0000  -30.000013239.1309   11.7714
    0.0000    0.0000  -30.000013737.0205   11.7877
    7.5000    0.0000  -30.000013059.2598   11.8110
   -7.5000    7.5000  -30.000012774.1816   11.7886
    0.0000    7.5000  -30.000013253.7441   11.8057
    7.5000    7.5000  -30.000012586.3301   11.8302
   -7.5000   15.0000  -30.000012076.5049   11.8050
    0.0000   15.0000  -30.000012506.8662   11.8194
    7.5000   15.0000  -30.000011901.8516   11.8405
   -7.5000   22.5000  -30.000011140.3027   11.8007
    0.0000   22.5000  -30.000011540.7217   11.8118
    7.5000   22.5000  -30.000011004.3506   11.8283
   -7.5000   30.0000  -30.000010187.1377   11.6310
    0.0000   30.0000  -30.000010554.1787   11.6411
    7.5000   30.0000  -30.000010067.6211   11.6563
   -7.5000   37.5000  -30.0000 9653.7471   11.6159
    0.0000   37.5000  -30.000010004.4551   11.6284
    7.5000   37.5000  -30.0000 9509.0469   11.6469
   -7.5000   45.0000  -30.0000 8787.6953   11.3896
    0.0000   45.0000  -30.0000 9106.7998   11.4056
    7.5000   45.0000  -30.0000 8640.5850   11.4284
   -7.5000  -45.0000  -22.500010241.7148   12.1689
    0.0000  -45.0000  -22.500010631.1699   12.1822
    7.5000  -45.0000  -22.500010095.4883   12.2018
   -7.5000  -37.5000  -22.500010819.9502   12.1826
    0.0000  -37.5000  -22.500011223.1211   12.1994
    7.5000  -37.5000  -22.500010662.1084   12.2227
   -7.5000  -30.0000  -22.500011678.7656   12.1969
    0.0000  -30.0000  -22.500012127.7910   12.2128
    7.5000  -30.0000  -22.500011525.0684   12.2341
   -7.5000  -22.5000  -22.500012512.6729   12.1977
    0.0000  -22.5000  -22.500012984.6650   12.2094
    7.5000  -22.5000  -22.500012348.2100   12.2244
   -7.5000  -15.0000  -22.500013267.6689   12.1855
    0.0000  -15.0000  -22.500013747.0146   12.1939
    7.5000  -15.0000  -22.500013066.9746   12.2050
   -7.5000   -7.5000  -22.500013829.5674   12.1710
    0.0000   -7.5000  -22.500014348.3516   12.1801
    7.5000   -7.5000  -22.500013624.8359   12.1937
   -7.5000    0.0000  -22.500014216.1914   12.1689
    0.0000    0.0000  -22.500014762.6641   12.1822
    7.5000    0.0000  -22.500014017.6875   12.2018
   -7.5000    7.5000  -22.500013713.4053   12.1826
    0.0000    7.5000  -22.500014226.7529   12.1994
    7.5000    7.5000  -22.500013520.2354   12.2227
   -7.5000   15.0000  -22.500012951.1182   12.1969
    0.0000   15.0000  -22.500013417.4990   12.2128
    7.5000   15.0000  -22.500012770.0518   12.2341
   -7.5000   22.5000  -22.500011923.8828   12.1939
    0.0000   22.5000  -22.500012353.6641   12.2056
    7.5000   22.5000  -22.500011766.2139   12.2207
   -7.5000   30.0000  -22.500010868.7676   12.0261
    0.0000   30.0000  -22.500011249.0107   12.0344
    7.5000   30.0000  -22.500010743.8701   12.0453
   -7.5000   37.5000  -22.500010266.5596   12.0123
    0.0000   37.5000  -22.500010629.7773   12.0213
    7.5000   37.5000  -22.500010135.7520   12.0347
   -7.5000   45.0000  -22.5000 9324.7490   11.7844
    0.0000   45.0000  -22.5000 9651.8447   11.7976
    7.5000   45.0000  -22.5000 9171.2773   11.8172
   -7.5000  -45.0000  -15.000010966.2471   12.4627
    0.0000  -45.0000  -15.000011381.4697   12.4807
    7.5000  -45.0000  -15.000010829.5225   12.5008
   -7.5000  -37.5000  -15.000011590.1582   12.4726
    0.0000  -37.5000  -15.000012035.5137   12.4954
    7.5000  -37.5000  -15.000011425.4639   12.5219
   -7.5000  -30.0000  -15.000012537.4248   12.4844
    0.0000  -30.0000  -15.000013026.2031   12.5064
    7.5000  -30.0000  -15.000012364.0000   12.5316
   -7.5000  -22.5000  -15.000013410.1279   12.4868
    0.0000  -22.5000  -15.000013949.4746   12.5035
    7.5000  -22.5000  -15.000013214.6699   12.5197
   -7.5000  -15.0000  -15.000014199.2744   12.4786
    0.0000  -15.0000  -15.000014761.5693   12.4908
    7.5000  -15.0000  -15.000013984.4473   12.5002
   -7.5000   -7.5000  -15.000014834.2812   12.4662
    0.0000   -7.5000  -15.000015428.4150   12.4791
    7.5000   -7.5000  -15.000014592.6240   12.4910
   -7.5000    0.0000  -15.000015250.9600   12.4627
    0.0000    0.0000  -15.000015856.4971   12.4807
    7.5000    0.0000  -15.000015000.3564   12.5008
   -7.5000    7.5000  -15.000014622.5693   12.4726
    0.0000    7.5000  -15.000015187.0098   12.4954
    7.5000    7.5000  -15.000014414.2646   12.5219
   -7.5000   15.0000  -15.000013784.0059   12.4844
    0.0000   15.0000  -15.000014318.4072   12.5064
    7.5000   15.0000  -15.000013614.0176   12.5316
   -7.5000   22.5000  -15.000012681.4434   12.4824
    0.0000   22.5000  -15.000013147.9307   12.4991
    7.5000   22.5000  -15.000012544.2549   12.5153
   -7.5000   30.0000  -15.000011551.7002   12.3171
    0.0000   30.0000  -15.000011947.6377   12.3291
    7.5000   30.0000  -15.000011415.7715   12.3385
   -7.5000   37.5000  -15.000010918.9102   12.3054
    0.0000   37.5000  -15.000011296.3623   12.3181
    7.5000   37.5000  -15.000010765.1885   12.3299
   -7.5000   45.0000  -15.0000 9893.6143   12.0763
    0.0000   45.0000  -15.000010242.2314   12.0940
    7.5000   45.0000  -15.0000 9727.3242   12.1141
   -7.5000  -45.0000   -7.500011706.2559   12.6181
    0.0000  -45.0000   -7.500012157.5898   12.6453
    7.5000  -45.0000   -7.500011552.0869   12.6712
   -7.5000  -37.5000   -7.500012379.0928   12.6282
    0.0000  -37.5000   -7.500012869.1875   12.6585
    7.5000  -37.5000   -7.500012184.8613   12.6907
   -7.5000  -30.0000   -7.500013444.1270   12.6401
    0.0000  -30.0000   -7.500013977.5381   12.6678
    7.5000  -30.0000   -7.500013191.0010   12.6976
   -7.5000  -22.5000   -7.500014370.6992   12.6420
    0.0000  -22.5000   -7.500014970.0107   12.6639
    7.5000  -22.5000   -7.500014101.1348   12.6838
   -7.5000  -15.0000   -7.500015200.2275   12.6329
    0.0000  -15.0000   -7.500015844.1006   12.6517
    7.5000  -15.0000   -7.500014921.7227   12.6651
   -7.5000   -7.5000   -7.500015895.5400   12.6209
    0.0000   -7.5000   -7.500016548.1797   12.6424
    7.5000   -7.5000   -7.500015593.5342   12.6594
   -7.5000    0.0000   -7.500016345.8867   12.6180
    0.0000    0.0000   -7.500017008.4453   12.6453
    7.5000    0.0000   -7.500016018.6992   12.6712
   -7.5000    7.5000   -7.500015581.6387   12.6282
    0.0000    7.5000   -7.500016209.9648   12.6585
    7.5000    7.5000   -7.500015318.3730   12.6907
   -7.5000   15.0000   -7.500014656.4141   12.6401
    0.0000   15.0000   -7.500015240.1133   12.6678
    7.5000   15.0000   -7.500014435.2744   12.6976
   -7.5000   22.5000   -7.500013500.3125   12.6362
    0.0000   22.5000   -7.500014038.3037   12.6581
    7.5000   22.5000   -7.500013352.2666   12.6780
   -7.5000   30.0000   -7.500012311.1846   12.4691
    0.0000   30.0000   -7.500012764.7061   12.4877
    7.5000   30.0000   -7.500012138.8574   12.5009
   -7.5000   37.5000   -7.500011636.5400   12.4577
    0.0000   37.5000   -7.500012058.1719   12.4790
    7.5000   37.5000   -7.500011451.8018   12.4957
   -7.5000   45.0000   -7.500010540.2764   12.2277
    0.0000   45.0000   -7.500010922.8320   12.2543
    7.5000   45.0000   -7.500010336.5029   12.2797
   -7.5000  -45.0000    0.000012352.0732   12.6518
    0.0000  -45.0000    0.000012835.9033   12.6836
    7.5000  -45.0000    0.000012195.9834   12.7146
   -7.5000  -37.5000    0.000013077.3438   12.6657
    0.0000  -37.5000    0.000013589.6914   12.6978
    7.5000  -37.5000    0.000012856.7236   12.7326
   -7.5000  -30.0000    0.000014236.1025   12.6802
    0.0000  -30.0000    0.000014800.1924   12.7075
    7.5000  -30.0000    0.000013906.2803   12.7384
   -7.5000  -22.5000    0.000015285.4609   12.6801
    0.0000  -22.5000    0.000015903.0430   12.7023
    7.5000  -22.5000    0.000014891.2754   12.7247
   -7.5000  -15.0000    0.000016156.8379   12.6664
    0.0000  -15.0000    0.000016852.7383   12.6880
    7.5000  -15.0000    0.000015765.7891   12.7066
   -7.5000   -7.5000    0.000016848.6426   12.6526
    0.0000   -7.5000    0.000017580.7598   12.6789
    7.5000   -7.5000    0.000016448.2109   12.7023
   -7.5000    0.0000    0.000017311.4043   12.6517
    0.0000    0.0000    0.000018047.1035   12.6835
    7.5000    0.0000    0.000016852.4375   12.7146
   -7.5000    7.5000    0.000016479.2852   12.6657
    0.0000    7.5000    0.000017160.6523   12.6978
    7.5000    7.5000    0.000016062.3955   12.7326
   -7.5000   15.0000    0.000015479.8262   12.6802
    0.0000   15.0000    0.000016123.2891   12.7075
    7.5000   15.0000    0.000015117.5293   12.7384
   -7.5000   22.5000    0.000014297.3779   12.6742
    0.0000   22.5000    0.000014877.0586   12.6964
    7.5000   22.5000    0.000014013.7539   12.7188
   -7.5000   30.0000    0.000013070.2949   12.5024
    0.0000   30.0000    0.000013567.2578   12.5237
    7.5000   30.0000    0.000012784.2656   12.5421
   -7.5000   37.5000    0.000012352.5840   12.4892
    0.0000   37.5000    0.000012809.7441   12.5152
    7.5000   37.5000    0.000012065.3223   12.5383
   -7.5000   45.0000    0.000011189.6592   12.2598
    0.0000   45.0000    0.000011578.0918   12.2907
    7.5000   45.0000    0.000010894.6318   12.3208
   -7.5000  -45.0000    7.500012056.6201   12.6495
    0.0000  -45.0000    7.500012528.1748   12.6759
    7.5000  -45.0000    7.500011869.1934   12.7061
   -7.5000  -37.5000    7.500012729.8115   12.6675
    0.0000  -37.5000    7.500013226.5840   12.6933
    7.5000  -37.5000    7.500012525.8809   12.7249
   -7.5000  -30.0000    7.500013894.5186   12.6848
    0.0000  -30.0000    7.500014428.3086   12.7057
    7.5000  -30.0000    7.500013593.8672   12.7328
   -7.5000  -22.5000    7.500015075.0625   12.6829
    0.0000  -22.5000    7.500015664.5400   12.6999
    7.5000  -22.5000    7.500014607.7617   12.7209
   -7.5000  -15.0000    7.500016143.6836   12.6650
    0.0000  -15.0000    7.500016801.3770   12.6823
    7.5000  -15.0000    7.500015574.2178   12.7022
   -7.5000   -7.5000    7.500016830.7324   12.6489
    0.0000   -7.5000    7.500017523.7129   12.6708
    7.5000   -7.5000    7.500016204.9971   12.6953
   -7.5000    0.0000    7.500017144.7695   12.6495
    0.0000    0.0000    7.500017817.4590   12.6759
    7.5000    0.0000    7.500016490.8320   12.7061
   -7.5000    7.5000    7.500016230.6445   12.6675
    0.0000    7.5000    7.500016843.7402   12.6933
    7.5000    7.5000    7.500015610.7148   12.7249
   -7.5000   15.0000    7.500015216.7461   12.6848
    0.0000   15.0000    7.500015776.1904   12.7057
    7.5000   15.0000    7.500014643.7002   12.7328
   -7.5000   22.5000    7.500014064.9688   12.6771
    0.0000   22.5000    7.500014559.4189   12.6941
    7.5000   22.5000    7.500013574.6934   12.7151
   -7.5000   30.0000    7.500012866.6084   12.5011
    0.0000   30.0000    7.500013299.6172   12.5182
    7.5000   30.0000    7.500012421.1426   12.5378
   -7.5000   37.5000    7.500012137.0762   12.4855
    0.0000   37.5000    7.500012547.6016   12.5072
    7.5000   37.5000    7.500011748.9990   12.5313
   -7.5000   45.0000    7.500010993.7031   12.2577
    0.0000   45.0000    7.500011343.5898   12.2835
    7.5000   45.0000    7.500010612.0137   12.3126
   -7.5000  -45.0000   15.000011606.9785   12.6399
    0.0000  -45.0000   15.000012096.5205   12.6574
    7.5000  -45.0000   15.000011473.8486   12.6824
   -7.5000  -37.5000   15.000012243.1826   12.6583
    0.0000  -37.5000   15.000012757.0703   12.6766
    7.5000  -37.5000   15.000012092.5146   12.7030
   -7.5000  -30.0000   15.000013396.4531   12.6759
    0.0000  -30.0000   15.000013952.1846   12.6913
    7.5000  -30.0000   15.000013126.6387   12.7140
   -7.5000  -22.5000   15.000014799.8330   12.6744
    0.0000  -22.5000   15.000015370.3154   12.6863
    7.5000  -22.5000   15.000014148.5508   12.7041
   -7.5000  -15.0000   15.000016126.3350   12.6567
    0.0000  -15.0000   15.000016703.0195   12.6676
    7.5000  -15.0000   15.000015075.0342   12.6842
   -7.5000   -7.5000   15.000016794.8652   12.6399
    0.0000   -7.5000   15.000017339.6270   12.6534
    7.5000   -7.5000   15.000015679.0254   12.6736
   -7.5000    0.0000   15.000016924.4141   12.6399
    0.0000    0.0000   15.000017428.3945   12.6574
    7.5000    0.0000   15.000015907.5078   12.6824
   -7.5000    7.5000   15.000015830.4639   12.6583
    0.0000    7.5000   15.000016328.1201   12.6766
    7.5000    7.5000   15.000015005.7822   12.7030
   -7.5000   15.0000   15.000014732.6367   12.6759
    0.0000   15.0000   15.000015210.8398   12.6913
    7.5000   15.0000   15.000014067.5908   12.7140
   -7.5000   22.5000   15.000013568.0762   12.6686
    0.0000   22.5000   15.000014028.9561   12.6805
    7.5000   22.5000   15.000013046.3008   12.6982
   -7.5000   30.0000   15.000012403.4131   12.4929
    0.0000   30.0000   15.000012817.3984   12.5037
    7.5000   30.0000   15.000011982.5166   12.5200
   -7.5000   37.5000   15.000011709.1807   12.4767
    0.0000   37.5000   15.000012095.8418   12.4900
    7.5000   37.5000   15.000011331.1934   12.5100
   -7.5000   45.0000   15.000010574.0059   12.2497
    0.0000   45.0000   15.000010921.1553   12.2670
    7.5000   45.0000   15.000010215.6143   12.2915
   -7.5000  -45.0000   22.500011186.9170   12.6323
    0.0000  -45.0000   22.500011623.8174   12.6461
    7.5000  -45.0000   22.500010987.1777   12.6664
   -7.5000  -37.5000   22.500011842.7529   12.6465
    0.0000  -37.5000   22.500012276.5068   12.6639
    7.5000  -37.5000   22.500011576.5752   12.6882
   -7.5000  -30.0000   22.500012971.5527   12.6614
    0.0000  -30.0000   22.500013427.3018   12.6779
    7.5000  -30.0000   22.500012556.0537   12.7000
   -7.5000  -22.5000   22.500014172.8701   12.6622
    0.0000  -22.5000   22.500014666.5146   12.6743
    7.5000  -22.5000   22.500013495.7461   12.6899
   -7.5000  -15.0000   22.500015173.1826   12.6495
    0.0000  -15.0000   22.500015715.0537   12.6582
    7.5000  -15.0000   22.500014360.9756   12.6697
   -7.5000   -7.5000   22.500015749.4551   12.6345
    0.0000   -7.5000   22.500016294.8721   12.6439
    7.5000   -7.5000   22.500014957.4912   12.6580
   -7.5000    0.0000   22.500016056.5986   12.6323
    0.0000    0.0000   22.500016551.2344   12.6461
    7.5000    0.0000   22.500015295.5908   12.6664
   -7.5000    7.5000   22.500015124.0010   12.6465
    0.0000    7.5000   22.500015595.5732   12.6639
    7.5000    7.5000   22.500014459.5205   12.6882
   -7.5000   15.0000   22.500014039.0771   12.6614
    0.0000   15.0000   22.500014489.3643   12.6779
    7.5000   15.0000   22.500013486.4395   12.7000
   -7.5000   22.5000   22.500012936.6631   12.6564
    0.0000   22.5000   22.500013351.9053   12.6685
    7.5000   22.5000   22.500012482.2852   12.6841
   -7.5000   30.0000   22.500011801.4922   12.4858
    0.0000   30.0000   22.500012191.6777   12.4944
    7.5000   30.0000   22.500011421.6240   12.5058
   -7.5000   37.5000   22.500011150.3643   12.4715
    0.0000   37.5000   22.500011531.2080   12.4808
    7.5000   37.5000   22.500010808.8350   12.4947
   -7.5000   45.0000   22.500010031.8262   12.2438
    0.0000   45.0000   22.500010384.9297   12.2575
    7.5000   45.0000   22.5000 9734.3916   12.2778
   -7.5000  -45.0000   30.000010579.7607   12.6346
    0.0000  -45.0000   30.000010987.1787   12.6528
    7.5000  -45.0000   30.000010374.4209   12.6732
   -7.5000  -37.5000   30.000011120.8848   12.6446
    0.0000  -37.5000   30.000011554.3486   12.6677
    7.5000  -37.5000   30.000010920.5742   12.6946
   -7.5000  -30.0000   30.000012107.0820   12.6566
    0.0000  -30.0000   30.000012588.1602   12.6789
    7.5000  -30.0000   30.000011839.6436   12.7045
   -7.5000  -22.5000   30.000013097.2969   12.6590
    0.0000  -22.5000   30.000013635.0693   12.6760
    7.5000  -22.5000   30.000012740.4414   12.6924
   -7.5000  -15.0000   30.000013848.7314   12.6508
    0.0000  -15.0000   30.000014432.4854   12.6631
    7.5000  -15.0000   30.000013514.7021   12.6726
   -7.5000   -7.5000   30.000014362.2715   12.6382
    0.0000   -7.5000   30.000014971.0352   12.6512
    7.5000   -7.5000   30.000014134.9014   12.6632
   -7.5000    0.0000   30.000014765.1787   12.6346
    0.0000    0.0000   30.000015372.5146   12.6528
    7.5000    0.0000   30.000014495.4160   12.6732
   -7.5000    7.5000   30.000014071.1885   12.6446
    0.0000    7.5000   30.000014595.0703   12.6677
    7.5000    7.5000   30.000013749.4746   12.6946
   -7.5000   15.0000   30.000013122.0420   12.6566
    0.0000   15.0000   30.000013597.8438   12.6789
    7.5000   15.0000   30.000012800.1553   12.7045
   -7.5000   22.5000   30.000012129.0586   12.6532
    0.0000   22.5000   30.000012561.9590   12.6701
    7.5000   22.5000   30.000011799.4023   12.6866
   -7.5000   30.0000   30.000011086.5205   12.4870
    0.0000   30.0000   30.000011473.1396   12.4992
    7.5000   30.0000   30.000010765.2871   12.5086
   -7.5000   37.5000   30.000010462.5244   12.4752
    0.0000   37.5000   30.000010826.9209   12.4880
    7.5000   37.5000   30.000010154.0371   12.4999
   -7.5000   45.0000   30.0000 9390.8281   12.2461
    0.0000   45.0000   30.0000 9719.2646   12.2640
    7.5000   45.0000   30.0000 9129.5420   12.2844
   -7.5000  -45.0000   37.500010193.0088   12.7349
    0.0000  -45.0000   37.500010595.0518   12.7623
    7.5000  -45.0000   37.500010088.9775   12.7885
   -7.5000  -37.5000   37.500010723.7734   12.7448
    0.0000  -37.5000   37.500011152.8184   12.7753
    7.5000  -37.5000   37.500010646.8828   12.8082
   -7.5000  -30.0000   37.500011683.1436   12.7567
    0.0000  -30.0000   37.500012150.0244   12.7846
    7.5000  -30.0000   37.500011540.5898   12.8152
   -7.5000  -22.5000   37.500012591.0605   12.7590
    0.0000  -22.5000   37.500013090.5908   12.7811
    7.5000  -22.5000   37.500012391.1895   12.8015
   -7.5000  -15.0000   37.500013277.4287   12.7501
    0.0000  -15.0000   37.500013787.3350   12.7691
    7.5000  -15.0000   37.500013121.9355   12.7827
   -7.5000   -7.5000   37.500013884.9463   12.7379
    0.0000   -7.5000   37.500014393.5029   12.7596
    7.5000   -7.5000   37.500013739.2783   12.7767
   -7.5000    0.0000   37.500014344.2334   12.7348
    0.0000    0.0000   37.500014837.8291   12.7623
    7.5000    0.0000   37.500014135.7178   12.7884
   -7.5000    7.5000   37.500013676.3652   12.7448
    0.0000    7.5000   37.500014111.3398   12.7753
    7.5000    7.5000   37.500013411.0654   12.8082
   -7.5000   15.0000   37.500012728.2295   12.7567
    0.0000   15.0000   37.500013154.8457   12.7846
    7.5000   15.0000   37.500012464.6016   12.8152
   -7.5000   22.5000   37.500011756.1094   12.7531
    0.0000   22.5000   37.500012162.4453   12.7752
    7.5000   22.5000   37.500011495.0566   12.7956
   -7.5000   30.0000   37.500010767.5420   12.5851
    0.0000   30.0000   37.500011131.6777   12.6038
    7.5000   30.0000   37.500010492.5234   12.6172
   -7.5000   37.5000   37.500010138.7686   12.5736
    0.0000   37.5000   37.500010464.9521   12.5950
    7.5000   37.5000   37.5000 9863.5176   12.6119
   -7.5000   45.0000   37.5000 9083.3164   12.3423
    0.0000   45.0000   37.5000 9377.1553   12.3690
    7.5000   45.0000   37.5000 8841.1289   12.3948
   -7.5000  -45.0000   45.0000 9348.9502   12.8245
    0.0000  -45.0000   45.0000 9716.5127   12.8576
    7.5000  -45.0000   45.0000 9285.1699   12.8889
   -7.5000  -37.5000   45.0000 9861.9141   12.8381
    0.0000  -37.5000   45.000010264.3672   12.8715
    7.5000  -37.5000   45.0000 9806.2520   12.9071
   -7.5000  -30.0000   45.000010768.0039   12.8521
    0.0000  -30.0000   45.000011202.3828   12.8807
    7.5000  -30.0000   45.000010645.1006   12.9124
   -7.5000  -22.5000   45.000011582.0811   12.8519
    0.0000  -22.5000   45.000012028.8564   12.8753
    7.5000  -22.5000   45.000011416.1055   12.8982
   -7.5000  -15.0000   45.000012191.2861   12.8384
    0.0000  -15.0000   45.000012644.3916   12.8611
    7.5000  -15.0000   45.000012065.9531   12.8800
   -7.5000   -7.5000   45.000012778.3027   12.8250
    0.0000   -7.5000   45.000013219.4658   12.8526
    7.5000   -7.5000   45.000012648.9297   12.8761
   -7.5000    0.0000   45.000013227.1191   12.8245
    0.0000    0.0000   45.000013662.0186   12.8575
    7.5000    0.0000   45.000013035.5586   12.8889
   -7.5000    7.5000   45.000012614.0273   12.8381
    0.0000    7.5000   45.000013004.9092   12.8715
    7.5000    7.5000   45.000012376.8945   12.9071
   -7.5000   15.0000   45.000011754.0986   12.8521
    0.0000   15.0000   45.000012133.9922   12.8807
    7.5000   15.0000   45.000011520.2754   12.9124
   -7.5000   22.5000   45.000010866.2910   12.8459
    0.0000   22.5000   45.000011231.0518   12.8693
    7.5000   22.5000   45.000010639.2188   12.8922
   -7.5000   30.0000   45.0000 9944.5381   12.6712
    0.0000   30.0000   45.000010286.2129   12.6936
    7.5000   30.0000   45.0000 9719.1279   12.7122
   -7.5000   37.5000   45.0000 9349.3125   12.6583
    0.0000   37.5000   45.0000 9670.3760   12.6855
    7.5000   37.5000   45.0000 9127.6895   12.7087
   -7.5000   45.0000   45.0000 8367.7021   12.4341
    0.0000   45.0000   45.0000 8650.0078   12.4663
    7.5000   45.0000   45.0000 8168.6216   12.4967

---------------------------------------------------------------------
imgreg_4dfp /opt/freesurfer/average/711-2C_as_mni_average_305 /opt/freesurfer/average/711-2B_as_mni_average_305_mask talsrcimg_g11 none talsrcimg_to_711-2C_as_mni_average_305_t4 4355
---------------------------------------------------------------------

freesurfer imgreg_4dfp.c
/opt/freesurfer/average/711-2C_as_mni_average_305.4dfp.img
       256       256       256         1
  1.000000  1.000000  1.000000
orientation T byte_order littleendian
Reading image: /opt/freesurfer/average/711-2C_as_mni_average_305.4dfp.img
dimensions:      256       256       256
mmppix:       1.0000   -1.0000   -1.0000
center:     128.0000 -129.0000 -129.0000
/opt/freesurfer/average/711-2B_as_mni_average_305_mask.4dfp.img
       256       256       256         1
  1.000000  1.000000  1.000000
orientation T byte_order littleendian
Reading mask: /opt/freesurfer/average/711-2B_as_mni_average_305_mask.4dfp.img (2306576 pixels)
talsrcimg_g11.4dfp.img
       256       256       256         1
  1.000000  1.000000  1.000000
orientation T byte_order littleendian
Reading image: talsrcimg_g11.4dfp.img
dimensions:      256       256       256
mmppix:       1.0000   -1.0000   -1.0000
center:     128.0000 -129.0000 -129.0000
rotation matrix determinant  1.000000
image alignment mode   4355 decimal     1103 hex
   -7.5000  -45.0000  -45.0000 2141.8569   12.7410
    0.0000  -45.0000  -45.0000 2140.6111   12.8198
    7.5000  -45.0000  -45.0000 2124.5037   12.9797
   -7.5000  -37.5000  -45.0000 2189.0244   12.0529
    0.0000  -37.5000  -45.0000 2192.8821   12.1118
    7.5000  -37.5000  -45.0000 2170.4202   12.2748
   -7.5000  -30.0000  -45.0000 2229.2834   11.5973
    0.0000  -30.0000  -45.0000 2231.7776   11.6325
    7.5000  -30.0000  -45.0000 2206.9507   11.7928
   -7.5000  -22.5000  -45.0000 2246.7129   11.3513
    0.0000  -22.5000  -45.0000 2253.5364   11.3464
    7.5000  -22.5000  -45.0000 2230.8315   11.4835
   -7.5000  -15.0000  -45.0000 2259.9177   11.1593
    0.0000  -15.0000  -45.0000 2265.8677   11.1585
    7.5000  -15.0000  -45.0000 2238.7080   11.3300
   -7.5000   -7.5000  -45.0000 2261.7461   11.2421
    0.0000   -7.5000  -45.0000 2269.7100   11.2436
    7.5000   -7.5000  -45.0000 2234.9858   11.4337
   -7.5000    0.0000  -45.0000 2242.5957   11.5797
    0.0000    0.0000  -45.0000 2248.4719   11.5837
    7.5000    0.0000  -45.0000 2213.2212   11.7826
   -7.5000    7.5000  -45.0000 2197.5610   12.1430
    0.0000    7.5000  -45.0000 2207.4814   12.1483
    7.5000    7.5000  -45.0000 2174.8455   12.3495
   -7.5000   15.0000  -45.0000 2138.3796   12.8501
    0.0000   15.0000  -45.0000 2148.0864   12.8665
    7.5000   15.0000  -45.0000 2117.5259   13.0950
   -7.5000   22.5000  -45.0000 2068.3809   13.8232
    0.0000   22.5000  -45.0000 2075.6177   13.8388
    7.5000   22.5000  -45.0000 2042.9039   14.0960
   -7.5000   30.0000  -45.0000 1976.1666   15.1258
    0.0000   30.0000  -45.0000 1984.8199   15.1445
    7.5000   30.0000  -45.0000 1950.4116   15.4572
   -7.5000   37.5000  -45.0000 1871.8141   16.9707
    0.0000   37.5000  -45.0000 1875.9967   17.0230
    7.5000   37.5000  -45.0000 1844.2719   17.3471
   -7.5000   45.0000  -45.0000 1754.9697   19.5400
    0.0000   45.0000  -45.0000 1760.3768   19.5921
    7.5000   45.0000  -45.0000 1730.1730   19.9867
   -7.5000  -45.0000  -37.5000 2240.2834   11.8689
    0.0000  -45.0000  -37.5000 2238.6689   11.9059
    7.5000  -45.0000  -37.5000 2212.2231   12.0395
   -7.5000  -37.5000  -37.5000 2296.2856   11.1766
    0.0000  -37.5000  -37.5000 2296.6946   11.1980
    7.5000  -37.5000  -37.5000 2268.0818   11.3582
   -7.5000  -30.0000  -37.5000 2338.2322   10.7226
    0.0000  -30.0000  -37.5000 2341.2720   10.7460
    7.5000  -30.0000  -37.5000 2304.6719   10.8915
   -7.5000  -22.5000  -37.5000 2354.6611   10.4445
    0.0000  -22.5000  -37.5000 2356.9539   10.4575
    7.5000  -22.5000  -37.5000 2324.8452   10.5908
   -7.5000  -15.0000  -37.5000 2368.6699   10.2626
    0.0000  -15.0000  -37.5000 2370.6416   10.2474
    7.5000  -15.0000  -37.5000 2337.2734   10.4257
   -7.5000   -7.5000  -37.5000 2369.9670   10.3124
    0.0000   -7.5000  -37.5000 2375.2764   10.2950
    7.5000   -7.5000  -37.5000 2342.5669   10.4941
   -7.5000    0.0000  -37.5000 2345.3408   10.6050
    0.0000    0.0000  -37.5000 2354.0271   10.6041
    7.5000    0.0000  -37.5000 2317.9800   10.8040
   -7.5000    7.5000  -37.5000 2302.7542   11.1260
    0.0000    7.5000  -37.5000 2314.2585   11.1107
    7.5000    7.5000  -37.5000 2276.9978   11.3174
   -7.5000   15.0000  -37.5000 2241.5630   11.7744
    0.0000   15.0000  -37.5000 2249.5405   11.7767
    7.5000   15.0000  -37.5000 2213.8459   11.9951
   -7.5000   22.5000  -37.5000 2166.6140   12.6462
    0.0000   22.5000  -37.5000 2172.1538   12.6301
    7.5000   22.5000  -37.5000 2136.5500   12.8878
   -7.5000   30.0000  -37.5000 2072.1001   13.8255
    0.0000   30.0000  -37.5000 2075.5156   13.8334
    7.5000   30.0000  -37.5000 2041.6199   14.1056
   -7.5000   37.5000  -37.5000 1961.3040   15.4884
    0.0000   37.5000  -37.5000 1964.8853   15.5247
    7.5000   37.5000  -37.5000 1932.9275   15.7763
   -7.5000   45.0000  -37.5000 1834.2754   17.7360
    0.0000   45.0000  -37.5000 1841.0216   17.7559
    7.5000   45.0000  -37.5000 1808.8972   18.0649
   -7.5000  -45.0000  -30.0000 2372.5847   11.4545
    0.0000  -45.0000  -30.0000 2377.6909   11.4455
    7.5000  -45.0000  -30.0000 2346.1416   11.5836
   -7.5000  -37.5000  -30.0000 2433.8567   10.7625
    0.0000  -37.5000  -30.0000 2438.5354   10.7504
    7.5000  -37.5000  -30.0000 2406.4570   10.8747
   -7.5000  -30.0000  -30.0000 2477.1455   10.2872
    0.0000  -30.0000  -30.0000 2484.1716   10.2816
    7.5000  -30.0000  -30.0000 2450.2122   10.4167
   -7.5000  -22.5000  -30.0000 2505.8044    9.9597
    0.0000  -22.5000  -30.0000 2509.3499    9.9391
    7.5000  -22.5000  -30.0000 2473.4695   10.1314
   -7.5000  -15.0000  -30.0000 2513.6169    9.8130
    0.0000  -15.0000  -30.0000 2517.2605    9.7925
    7.5000  -15.0000  -30.0000 2484.4578    9.9779
   -7.5000   -7.5000  -30.0000 2515.2449    9.8557
    0.0000   -7.5000  -30.0000 2520.7153    9.8221
    7.5000   -7.5000  -30.0000 2483.2476   10.0187
   -7.5000    0.0000  -30.0000 2492.9910   10.0991
    0.0000    0.0000  -30.0000 2499.1174   10.0865
    7.5000    0.0000  -30.0000 2461.7949   10.2759
   -7.5000    7.5000  -30.0000 2457.3538   10.5349
    0.0000    7.5000  -30.0000 2462.9656   10.5116
    7.5000    7.5000  -30.0000 2422.2234   10.7151
   -7.5000   15.0000  -30.0000 2394.5732   11.1355
    0.0000   15.0000  -30.0000 2394.4001   11.1177
    7.5000   15.0000  -30.0000 2353.0994   11.3340
   -7.5000   22.5000  -30.0000 2310.7107   11.9577
    0.0000   22.5000  -30.0000 2310.9429   11.9417
    7.5000   22.5000  -30.0000 2273.6335   12.1574
   -7.5000   30.0000  -30.0000 2204.5000   13.0955
    0.0000   30.0000  -30.0000 2204.9783   13.1017
    7.5000   30.0000  -30.0000 2168.7341   13.3125
   -7.5000   37.5000  -30.0000 2084.7444   14.6705
    0.0000   37.5000  -30.0000 2084.7148   14.6790
    7.5000   37.5000  -30.0000 2045.3871   14.8979
   -7.5000   45.0000  -30.0000 1950.3258   16.7332
    0.0000   45.0000  -30.0000 1952.5342   16.7551
    7.5000   45.0000  -30.0000 1916.7512   17.0411
   -7.5000  -45.0000  -22.5000 2469.8066   10.9244
    0.0000  -45.0000  -22.5000 2473.2891   10.9074
    7.5000  -45.0000  -22.5000 2442.5938   11.0665
   -7.5000  -37.5000  -22.5000 2545.1199   10.2585
    0.0000  -37.5000  -22.5000 2547.8674   10.2179
    7.5000  -37.5000  -22.5000 2516.9993   10.3619
   -7.5000  -30.0000  -22.5000 2588.7476    9.7644
    0.0000  -30.0000  -22.5000 2592.7625    9.7459
    7.5000  -30.0000  -22.5000 2567.7698    9.8703
   -7.5000  -22.5000  -22.5000 2627.8508    9.4168
    0.0000  -22.5000  -22.5000 2635.2627    9.3905
    7.5000  -22.5000  -22.5000 2601.7969    9.5525
   -7.5000  -15.0000  -22.5000 2644.4490    9.2885
    0.0000  -15.0000  -22.5000 2645.7686    9.2764
    7.5000  -15.0000  -22.5000 2609.7461    9.4454
   -7.5000   -7.5000  -22.5000 2643.3596    9.3373
    0.0000   -7.5000  -22.5000 2650.7356    9.3135
    7.5000   -7.5000  -22.5000 2610.1313    9.4838
   -7.5000    0.0000  -22.5000 2624.0708    9.5390
    0.0000    0.0000  -22.5000 2634.0359    9.5170
    7.5000    0.0000  -22.5000 2593.2693    9.6876
   -7.5000    7.5000  -22.5000 2586.5625    9.9232
    0.0000    7.5000  -22.5000 2595.6848    9.8936
    7.5000    7.5000  -22.5000 2553.2844   10.0832
   -7.5000   15.0000  -22.5000 2519.3765   10.4741
    0.0000   15.0000  -22.5000 2523.4062   10.4509
    7.5000   15.0000  -22.5000 2481.8721   10.6557
   -7.5000   22.5000  -22.5000 2426.5742   11.2586
    0.0000   22.5000  -22.5000 2429.6750   11.2265
    7.5000   22.5000  -22.5000 2387.9749   11.4493
   -7.5000   30.0000  -22.5000 2313.4429   12.3316
    0.0000   30.0000  -22.5000 2312.2683   12.3215
    7.5000   30.0000  -22.5000 2272.7771   12.5254
   -7.5000   37.5000  -22.5000 2178.7905   13.7839
    0.0000   37.5000  -22.5000 2180.0837   13.7735
    7.5000   37.5000  -22.5000 2144.2903   13.9849
   -7.5000   45.0000  -22.5000 2035.3027   15.7123
    0.0000   45.0000  -22.5000 2037.0948   15.7189
    7.5000   45.0000  -22.5000 2000.9801   15.9496
   -7.5000  -45.0000  -15.0000 2528.0723   10.4750
    0.0000  -45.0000  -15.0000 2531.1895   10.4507
    7.5000  -45.0000  -15.0000 2507.6804   10.5986
   -7.5000  -37.5000  -15.0000 2612.6362    9.7762
    0.0000  -37.5000  -15.0000 2615.8147    9.7579
    7.5000  -37.5000  -15.0000 2590.0037    9.8717
   -7.5000  -30.0000  -15.0000 2666.5740    9.2739
    0.0000  -30.0000  -15.0000 2671.3284    9.2604
    7.5000  -30.0000  -15.0000 2648.9937    9.3661
   -7.5000  -22.5000  -15.0000 2715.4529    8.8943
    0.0000  -22.5000  -15.0000 2725.7344    8.8758
    7.5000  -22.5000  -15.0000 2691.9976    9.0204
   -7.5000  -15.0000  -15.0000 2738.9165    8.7739
    0.0000  -15.0000  -15.0000 2746.8562    8.7496
    7.5000  -15.0000  -15.0000 2706.2969    8.9093
   -7.5000   -7.5000  -15.0000 2748.3408    8.8174
    0.0000   -7.5000  -15.0000 2758.0698    8.7973
    7.5000   -7.5000  -15.0000 2709.6682    8.9642
   -7.5000    0.0000  -15.0000 2735.7935    9.0101
    0.0000    0.0000  -15.0000 2747.9121    8.9911
    7.5000    0.0000  -15.0000 2697.5391    9.1623
   -7.5000    7.5000  -15.0000 2691.0417    9.3531
    0.0000    7.5000  -15.0000 2701.8831    9.3255
    7.5000    7.5000  -15.0000 2657.3855    9.5082
   -7.5000   15.0000  -15.0000 2617.0176    9.8575
    0.0000   15.0000  -15.0000 2628.5999    9.8372
    7.5000   15.0000  -15.0000 2587.5259   10.0338
   -7.5000   22.5000  -15.0000 2515.5933   10.6132
    0.0000   22.5000  -15.0000 2519.8767   10.5791
    7.5000   22.5000  -15.0000 2483.4146   10.7822
   -7.5000   30.0000  -15.0000 2394.1875   11.6517
    0.0000   30.0000  -15.0000 2390.9351   11.6191
    7.5000   30.0000  -15.0000 2359.4897   11.8073
   -7.5000   37.5000  -15.0000 2255.3572   12.9968
    0.0000   37.5000  -15.0000 2254.9856   12.9828
    7.5000   37.5000  -15.0000 2219.3960   13.2069
   -7.5000   45.0000  -15.0000 2099.6377   14.8205
    0.0000   45.0000  -15.0000 2102.7866   14.8039
    7.5000   45.0000  -15.0000 2068.1162   15.0595
   -7.5000  -45.0000   -7.5000 2561.2537   10.0804
    0.0000  -45.0000   -7.5000 2568.7388   10.0497
    7.5000  -45.0000   -7.5000 2545.2358   10.1872
   -7.5000  -37.5000   -7.5000 2656.9575    9.3601
    0.0000  -37.5000   -7.5000 2665.4421    9.3528
    7.5000  -37.5000   -7.5000 2640.5662    9.4671
   -7.5000  -30.0000   -7.5000 2727.4019    8.8187
    0.0000  -30.0000   -7.5000 2736.3381    8.8222
    7.5000  -30.0000   -7.5000 2709.2468    8.9267
   -7.5000  -22.5000   -7.5000 2784.6746    8.4488
    0.0000  -22.5000   -7.5000 2793.9082    8.4489
    7.5000  -22.5000   -7.5000 2757.6648    8.5935
   -7.5000  -15.0000   -7.5000 2819.6853    8.2839
    0.0000  -15.0000   -7.5000 2829.2419    8.2904
    7.5000  -15.0000   -7.5000 2780.6990    8.4510
   -7.5000   -7.5000   -7.5000 2839.0049    8.3128
    0.0000   -7.5000   -7.5000 2846.4253    8.3178
    7.5000   -7.5000   -7.5000 2792.1118    8.4999
   -7.5000    0.0000   -7.5000 2820.5879    8.5338
    0.0000    0.0000   -7.5000 2835.0422    8.5183
    7.5000    0.0000   -7.5000 2779.6775    8.6956
   -7.5000    7.5000   -7.5000 2771.4719    8.8444
    0.0000    7.5000   -7.5000 2784.9377    8.8332
    7.5000    7.5000   -7.5000 2737.8687    9.0214
   -7.5000   15.0000   -7.5000 2694.0669    9.3215
    0.0000   15.0000   -7.5000 2704.6077    9.3181
    7.5000   15.0000   -7.5000 2661.9497    9.5133
   -7.5000   22.5000   -7.5000 2587.8420   10.0455
    0.0000   22.5000   -7.5000 2593.8508   10.0424
    7.5000   22.5000   -7.5000 2555.2537   10.2337
   -7.5000   30.0000   -7.5000 2460.6804   11.0408
    0.0000   30.0000   -7.5000 2462.0183   11.0260
    7.5000   30.0000   -7.5000 2424.0493   11.2251
   -7.5000   37.5000   -7.5000 2315.2876   12.3554
    0.0000   37.5000   -7.5000 2315.5232   12.3351
    7.5000   37.5000   -7.5000 2278.1204   12.5744
   -7.5000   45.0000   -7.5000 2154.2053   14.0863
    0.0000   45.0000   -7.5000 2155.7434   14.0841
    7.5000   45.0000   -7.5000 2115.8635   14.3386
   -7.5000  -45.0000    0.0000 2576.6946    9.7891
    0.0000  -45.0000    0.0000 2583.2205    9.7708
    7.5000  -45.0000    0.0000 2561.4226    9.9366
   -7.5000  -37.5000    0.0000 2684.0913    9.0574
    0.0000  -37.5000    0.0000 2695.3276    9.0513
    7.5000  -37.5000    0.0000 2669.7637    9.1826
   -7.5000  -30.0000    0.0000 2767.5701    8.5149
    0.0000  -30.0000    0.0000 2779.0330    8.5131
    7.5000  -30.0000    0.0000 2750.5850    8.6193
   -7.5000  -22.5000    0.0000 2835.0530    8.1634
    0.0000  -22.5000    0.0000 2845.7793    8.1522
    7.5000  -22.5000    0.0000 2811.0371    8.2677
   -7.5000  -15.0000    0.0000 2880.7864    7.9609
    0.0000  -15.0000    0.0000 2891.9229    7.9742
    7.5000  -15.0000    0.0000 2842.0671    8.1196
   -7.5000   -7.5000    0.0000 2906.3203    7.9431
    0.0000   -7.5000    0.0000 2914.7725    7.9798
    7.5000   -7.5000    0.0000 2853.3250    8.1530
   -7.5000    0.0000    0.0000 2887.5229    8.1393
    0.0000    0.0000    0.0000 2898.3872    8.1678
    7.5000    0.0000    0.0000 2834.8291    8.3475
   -7.5000    7.5000    0.0000 2836.2605    8.4520
    0.0000    7.5000    0.0000 2848.4839    8.4765
    7.5000    7.5000    0.0000 2792.2405    8.6636
   -7.5000   15.0000    0.0000 2752.9150    8.9092
    0.0000   15.0000    0.0000 2764.0071    8.9425
    7.5000   15.0000    0.0000 2713.8833    9.1327
   -7.5000   22.5000    0.0000 2642.1204    9.6249
    0.0000   22.5000    0.0000 2647.0574    9.6438
    7.5000   22.5000    0.0000 2606.1350    9.8358
   -7.5000   30.0000    0.0000 2508.4277   10.5940
    0.0000   30.0000    0.0000 2510.5913   10.6063
    7.5000   30.0000    0.0000 2466.8250   10.8257
   -7.5000   37.5000    0.0000 2359.4775   11.8682
    0.0000   37.5000    0.0000 2360.6428   11.8796
    7.5000   37.5000    0.0000 2320.6060   12.1219
   -7.5000   45.0000    0.0000 2194.7024   13.5169
    0.0000   45.0000    0.0000 2194.4280   13.5687
    7.5000   45.0000    0.0000 2158.0745   13.8377
   -7.5000  -45.0000    7.5000 2576.4768    9.6230
    0.0000  -45.0000    7.5000 2586.4697    9.5965
    7.5000  -45.0000    7.5000 2563.1628    9.7571
   -7.5000  -37.5000    7.5000 2691.1272    8.8856
    0.0000  -37.5000    7.5000 2702.2593    8.8537
    7.5000  -37.5000    7.5000 2678.7585    8.9888
   -7.5000  -30.0000    7.5000 2792.5825    8.3569
    0.0000  -30.0000    7.5000 2803.7676    8.3221
    7.5000  -30.0000    7.5000 2770.6404    8.4525
   -7.5000  -22.5000    7.5000 2873.1726    8.0385
    0.0000  -22.5000    7.5000 2887.2476    8.0141
    7.5000  -22.5000    7.5000 2849.5889    8.1174
   -7.5000  -15.0000    7.5000 2932.5718    7.8985
    0.0000  -15.0000    7.5000 2946.7122    7.8824
    7.5000  -15.0000    7.5000 2895.7378    7.9760
   -7.5000   -7.5000    7.5000 2961.1992    7.8278
    0.0000   -7.5000    7.5000 2968.5435    7.8605
    7.5000   -7.5000    7.5000 2903.2791    7.9820
   -7.5000    0.0000    7.5000 2936.1184    7.9345
    0.0000    0.0000    7.5000 2938.1125    7.9620
    7.5000    0.0000    7.5000 2871.7405    8.1085
   -7.5000    7.5000    7.5000 2876.4534    8.2150
    0.0000    7.5000    7.5000 2882.0811    8.2195
    7.5000    7.5000    7.5000 2824.9680    8.3981
   -7.5000   15.0000    7.5000 2789.6760    8.6861
    0.0000   15.0000    7.5000 2796.8796    8.6643
    7.5000   15.0000    7.5000 2746.1099    8.8496
   -7.5000   22.5000    7.5000 2669.6318    9.4096
    0.0000   22.5000    7.5000 2675.9336    9.3813
    7.5000   22.5000    7.5000 2632.5791    9.5738
   -7.5000   30.0000    7.5000 2534.6357   10.3811
    0.0000   30.0000    7.5000 2537.5015   10.3502
    7.5000   30.0000    7.5000 2493.8308   10.5562
   -7.5000   37.5000    7.5000 2384.5012   11.6064
    0.0000   37.5000    7.5000 2386.4260   11.5906
    7.5000   37.5000    7.5000 2346.5427   11.8127
   -7.5000   45.0000    7.5000 2219.6687   13.2022
    0.0000   45.0000    7.5000 2219.3354   13.1983
    7.5000   45.0000    7.5000 2185.8748   13.4505
   -7.5000  -45.0000   15.0000 2558.1243    9.5690
    0.0000  -45.0000   15.0000 2570.1516    9.5526
    7.5000  -45.0000   15.0000 2550.9771    9.7485
   -7.5000  -37.5000   15.0000 2678.6008    8.8445
    0.0000  -37.5000   15.0000 2690.9954    8.8257
    7.5000  -37.5000   15.0000 2670.2073    8.9774
   -7.5000  -30.0000   15.0000 2790.8599    8.3509
    0.0000  -30.0000   15.0000 2802.3975    8.3380
    7.5000  -30.0000   15.0000 2768.9419    8.4370
   -7.5000  -22.5000   15.0000 2891.0107    8.0712
    0.0000  -22.5000   15.0000 2901.4495    8.0552
    7.5000  -22.5000   15.0000 2857.8159    8.0911
   -7.5000  -15.0000   15.0000 2965.5552    7.9719
    0.0000  -15.0000   15.0000 2980.2725    7.9409
    7.5000  -15.0000   15.0000 2917.3960    7.9129
   -7.5000   -7.5000   15.0000 2995.2771    7.9114
    0.0000   -7.5000   15.0000 3004.8728    7.8842
    7.5000   -7.5000   15.0000 2931.0034    7.8765
   -7.5000    0.0000   15.0000 2954.8752    7.9080
    0.0000    0.0000   15.0000 2957.3997    7.8956
    7.5000    0.0000   15.0000 2894.8801    7.9865
   -7.5000    7.5000   15.0000 2878.7861    8.1404
    0.0000    7.5000   15.0000 2888.1196    8.1286
    7.5000    7.5000   15.0000 2834.5867    8.2860
   -7.5000   15.0000   15.0000 2787.9475    8.6015
    0.0000   15.0000   15.0000 2797.0081    8.5895
    7.5000   15.0000   15.0000 2755.1990    8.7603
   -7.5000   22.5000   15.0000 2672.2505    9.3093
    0.0000   22.5000   15.0000 2680.6384    9.2989
    7.5000   22.5000   15.0000 2639.0715    9.4758
   -7.5000   30.0000   15.0000 2538.2490   10.2555
    0.0000   30.0000   15.0000 2543.0730   10.2512
    7.5000   30.0000   15.0000 2505.0627   10.4201
   -7.5000   37.5000   15.0000 2390.1531   11.4822
    0.0000   37.5000   15.0000 2388.7795   11.4775
    7.5000   37.5000   15.0000 2357.7505   11.6647
   -7.5000   45.0000   15.0000 2221.2847   13.0225
    0.0000   45.0000   15.0000 2223.1135   13.0366
    7.5000   45.0000   15.0000 2190.3660   13.2393
   -7.5000  -45.0000   22.5000 2527.9609    9.8252
    0.0000  -45.0000   22.5000 2539.2759    9.7861
    7.5000  -45.0000   22.5000 2520.3496    9.9649
   -7.5000  -37.5000   22.5000 2649.6697    9.0885
    0.0000  -37.5000   22.5000 2656.1416    9.0603
    7.5000  -37.5000   22.5000 2635.2791    9.1704
   -7.5000  -30.0000   22.5000 2764.6379    8.5503
    0.0000  -30.0000   22.5000 2768.9238    8.5330
    7.5000  -30.0000   22.5000 2741.7988    8.5806
   -7.5000  -22.5000   22.5000 2869.4277    8.2151
    0.0000  -22.5000   22.5000 2876.8145    8.1833
    7.5000  -22.5000   22.5000 2838.7747    8.2044
   -7.5000  -15.0000   22.5000 2956.7981    8.0051
    0.0000  -15.0000   22.5000 2968.6204    7.9853
    7.5000  -15.0000   22.5000 2907.0522    7.9849
   -7.5000   -7.5000   22.5000 2987.6919    7.8746
    0.0000   -7.5000   22.5000 2991.9773    7.8844
    7.5000   -7.5000   22.5000 2920.4534    7.9453
   -7.5000    0.0000   22.5000 2940.9417    7.9967
    0.0000    0.0000   22.5000 2943.1516    7.9852
    7.5000    0.0000   22.5000 2883.9861    8.1022
   -7.5000    7.5000   22.5000 2863.4121    8.3128
    0.0000    7.5000   22.5000 2869.6479    8.2929
    7.5000    7.5000   22.5000 2824.3755    8.4291
   -7.5000   15.0000   22.5000 2757.7166    8.7733
    0.0000   15.0000   22.5000 2766.5388    8.7496
    7.5000   15.0000   22.5000 2736.7336    8.9104
   -7.5000   22.5000   22.5000 2647.0256    9.4350
    0.0000   22.5000   22.5000 2652.9719    9.3962
    7.5000   22.5000   22.5000 2624.7756    9.5687
   -7.5000   30.0000   22.5000 2519.3467   10.3052
    0.0000   30.0000   22.5000 2521.8511   10.2796
    7.5000   30.0000   22.5000 2491.7258   10.4662
   -7.5000   37.5000   22.5000 2374.8411   11.4719
    0.0000   37.5000   22.5000 2377.9180   11.4623
    7.5000   37.5000   22.5000 2348.6616   11.6644
   -7.5000   45.0000   22.5000 2207.0725   12.9607
    0.0000   45.0000   22.5000 2211.4302   12.9868
    7.5000   45.0000   22.5000 2184.1648   13.2008
   -7.5000  -45.0000   30.0000 2489.0813   10.2073
    0.0000  -45.0000   30.0000 2499.7717   10.1620
    7.5000  -45.0000   30.0000 2477.2119   10.3387
   -7.5000  -37.5000   30.0000 2605.6018    9.3813
    0.0000  -37.5000   30.0000 2615.9939    9.3488
    7.5000  -37.5000   30.0000 2591.0669    9.4938
   -7.5000  -30.0000   30.0000 2719.5164    8.7851
    0.0000  -30.0000   30.0000 2728.8379    8.7591
    7.5000  -30.0000   30.0000 2698.7219    8.8870
   -7.5000  -22.5000   30.0000 2823.5681    8.3965
    0.0000  -22.5000   30.0000 2832.9377    8.3762
    7.5000  -22.5000   30.0000 2799.5823    8.4682
   -7.5000  -15.0000   30.0000 2900.0823    8.1234
    0.0000  -15.0000   30.0000 2912.5269    8.1106
    7.5000  -15.0000   30.0000 2863.8711    8.2177
   -7.5000   -7.5000   30.0000 2920.2947    8.0057
    0.0000   -7.5000   30.0000 2928.2930    8.0133
    7.5000   -7.5000   30.0000 2875.8462    8.2075
   -7.5000    0.0000   30.0000 2893.0376    8.1698
    0.0000    0.0000   30.0000 2901.3047    8.1738
    7.5000    0.0000   30.0000 2844.9050    8.3819
   -7.5000    7.5000   30.0000 2825.7698    8.5243
    0.0000    7.5000   30.0000 2833.3667    8.5136
    7.5000    7.5000   30.0000 2790.1140    8.7220
   -7.5000   15.0000   30.0000 2710.7336    9.0548
    0.0000   15.0000   30.0000 2722.5740    9.0223
    7.5000   15.0000   30.0000 2694.3081    9.2150
   -7.5000   22.5000   30.0000 2599.2734    9.7208
    0.0000   22.5000   30.0000 2609.3181    9.6744
    7.5000   22.5000   30.0000 2582.5205    9.8554
   -7.5000   30.0000   30.0000 2473.9727   10.5981
    0.0000   30.0000   30.0000 2480.9397   10.5577
    7.5000   30.0000   30.0000 2453.7461   10.7116
   -7.5000   37.5000   30.0000 2336.9622   11.6975
    0.0000   37.5000   30.0000 2343.6565   11.6602
    7.5000   37.5000   30.0000 2318.0857   11.8345
   -7.5000   45.0000   30.0000 2172.0198   13.1463
    0.0000   45.0000   30.0000 2178.3875   13.1108
    7.5000   45.0000   30.0000 2156.8108   13.3325
   -7.5000  -45.0000   37.5000 2448.4028   10.6403
    0.0000  -45.0000   37.5000 2458.7830   10.5933
    7.5000  -45.0000   37.5000 2429.0571   10.8635
   -7.5000  -37.5000   37.5000 2563.0144    9.7594
    0.0000  -37.5000   37.5000 2573.8450    9.7274
    7.5000  -37.5000   37.5000 2543.9976    9.9795
   -7.5000  -30.0000   37.5000 2670.4739    9.1594
    0.0000  -30.0000   37.5000 2679.4888    9.1258
    7.5000  -30.0000   37.5000 2648.1208    9.3351
   -7.5000  -22.5000   37.5000 2762.1172    8.7553
    0.0000  -22.5000   37.5000 2771.5742    8.7210
    7.5000  -22.5000   37.5000 2740.6013    8.8794
   -7.5000  -15.0000   37.5000 2821.2524    8.4464
    0.0000  -15.0000   37.5000 2832.7903    8.4178
    7.5000  -15.0000   37.5000 2795.2800    8.6231
   -7.5000   -7.5000   37.5000 2840.0730    8.3832
    0.0000   -7.5000   37.5000 2850.5083    8.3597
    7.5000   -7.5000   37.5000 2812.5286    8.5836
   -7.5000    0.0000   37.5000 2817.8708    8.5569
    0.0000    0.0000   37.5000 2826.3757    8.5417
    7.5000    0.0000   37.5000 2788.6113    8.7551
   -7.5000    7.5000   37.5000 2763.4260    8.8931
    0.0000    7.5000   37.5000 2764.5999    8.8701
    7.5000    7.5000   37.5000 2729.9431    9.0964
   -7.5000   15.0000   37.5000 2658.0017    9.4027
    0.0000   15.0000   37.5000 2666.0405    9.3719
    7.5000   15.0000   37.5000 2638.3782    9.5832
   -7.5000   22.5000   37.5000 2548.2627   10.0833
    0.0000   22.5000   37.5000 2559.1885   10.0487
    7.5000   22.5000   37.5000 2534.7593   10.2429
   -7.5000   30.0000   37.5000 2425.9976   10.9858
    0.0000   30.0000   37.5000 2435.0730   10.9276
    7.5000   30.0000   37.5000 2412.6003   11.1021
   -7.5000   37.5000   37.5000 2286.2437   12.0723
    0.0000   37.5000   37.5000 2294.5740   12.0063
    7.5000   37.5000   37.5000 2275.8081   12.1865
   -7.5000   45.0000   37.5000 2121.5723   13.5115
    0.0000   45.0000   37.5000 2131.2200   13.4569
    7.5000   45.0000   37.5000 2115.0366   13.6549
   -7.5000  -45.0000   45.0000 2395.7634   11.1975
    0.0000  -45.0000   45.0000 2404.1868   11.1417
    7.5000  -45.0000   45.0000 2374.2537   11.4887
   -7.5000  -37.5000   45.0000 2507.3799   10.2946
    0.0000  -37.5000   45.0000 2519.9360   10.2617
    7.5000  -37.5000   45.0000 2486.4075   10.5533
   -7.5000  -30.0000   45.0000 2607.1030    9.6957
    0.0000  -30.0000   45.0000 2619.9578    9.6590
    7.5000  -30.0000   45.0000 2585.5967    9.8981
   -7.5000  -22.5000   45.0000 2689.3032    9.2580
    0.0000  -22.5000   45.0000 2703.8779    9.2086
    7.5000  -22.5000   45.0000 2669.0088    9.4335
   -7.5000  -15.0000   45.0000 2737.7429    8.9497
    0.0000  -15.0000   45.0000 2747.2842    8.9123
    7.5000  -15.0000   45.0000 2710.9326    9.1530
   -7.5000   -7.5000   45.0000 2752.0547    8.8866
    0.0000   -7.5000   45.0000 2758.1626    8.8647
    7.5000   -7.5000   45.0000 2728.2554    9.1055
   -7.5000    0.0000   45.0000 2727.0100    9.0659
    0.0000    0.0000   45.0000 2735.6680    9.0296
    7.5000    0.0000   45.0000 2705.5647    9.2588
   -7.5000    7.5000   45.0000 2675.0344    9.3999
    0.0000    7.5000   45.0000 2677.3298    9.3574
    7.5000    7.5000   45.0000 2648.6909    9.6013
   -7.5000   15.0000   45.0000 2587.3242    9.8931
    0.0000   15.0000   45.0000 2592.5112    9.8499
    7.5000   15.0000   45.0000 2565.6013   10.0726
   -7.5000   22.5000   45.0000 2486.9839   10.5501
    0.0000   22.5000   45.0000 2496.0439   10.5037
    7.5000   22.5000   45.0000 2471.2803   10.7069
   -7.5000   30.0000   45.0000 2366.9043   11.4436
    0.0000   30.0000   45.0000 2375.0601   11.3958
    7.5000   30.0000   45.0000 2352.6521   11.5693
   -7.5000   37.5000   45.0000 2223.7451   12.5891
    0.0000   37.5000   45.0000 2234.8257   12.5295
    7.5000   37.5000   45.0000 2214.5825   12.7038
   -7.5000   45.0000   45.0000 2068.7197   13.9945
    0.0000   45.0000   45.0000 2078.1477   13.9408
    7.5000   45.0000   45.0000 2056.9673   14.1618

---------------------------------------------------------------------
imgreg_4dfp /opt/freesurfer/average/711-2C_as_mni_average_305 /opt/freesurfer/average/711-2B_as_mni_average_305_mask talsrcimg_g11 none talsrcimg_to_711-2C_as_mni_average_305_t4 1283
---------------------------------------------------------------------

freesurfer imgreg_4dfp.c
/opt/freesurfer/average/711-2C_as_mni_average_305.4dfp.img
       256       256       256         1
  1.000000  1.000000  1.000000
orientation T byte_order littleendian
Reading image: /opt/freesurfer/average/711-2C_as_mni_average_305.4dfp.img
dimensions:      256       256       256
mmppix:       1.0000   -1.0000   -1.0000
center:     128.0000 -129.0000 -129.0000
/opt/freesurfer/average/711-2B_as_mni_average_305_mask.4dfp.img
       256       256       256         1
  1.000000  1.000000  1.000000
orientation T byte_order littleendian
Reading mask: /opt/freesurfer/average/711-2B_as_mni_average_305_mask.4dfp.img (2306576 pixels)
talsrcimg_g11.4dfp.img
       256       256       256         1
  1.000000  1.000000  1.000000
orientation T byte_order littleendian
Reading image: talsrcimg_g11.4dfp.img
dimensions:      256       256       256
mmppix:       1.0000   -1.0000   -1.0000
center:     128.0000 -129.0000 -129.0000
rotation matrix determinant  1.000000
fimgreg.f
image alignment mode   1283 decimal      503 hex
parameters
    0.0000   -7.5000   15.0000    0.0000    0.0000    0.0000
eta,q 0.94288  7.90697
niter,ni,del,rscale     5    3   12.0000    1.2000
parameter  1  0.548605 ->  0.500000 qaram    1.1500
parameter  4  1.775439 ->  0.500000 qaram    1.1500
parameters
   -3.4500   -8.8678   16.4093   -3.4500    1.6193   -0.9566
eta,q 0.95511  8.01263
  0.0573  0.0566  0.0615  0.0443  0.0575  0.0500
  0.0529  0.0532  0.0582  0.0454  0.0528  0.0465
  0.0524  0.0512  0.0543  0.0474  0.0488  0.0449
  0.0575  0.0520  0.0513  0.0503  0.0459  0.0454
  0.0639  0.0545  0.0506  0.0543  0.0454  0.0472
  0.0700  0.0582  0.0523  0.0582  0.0467  0.0498
  0.0783  0.0638  0.0560  0.0617  0.0499  0.0533
niter,ni,del,rscale     6    3   12.0000    1.2000
parameter  4  0.556266 ->  0.500000 qaram    1.3225
parameters
   -3.4010   -8.0384   15.6491   -7.4175    1.6871   -1.3031
eta,q 0.95728  8.06326
  0.0658  0.0603  0.0523  0.0438  0.0512  0.0483
  0.0558  0.0548  0.0473  0.0428  0.0466  0.0459
  0.0484  0.0489  0.0443  0.0425  0.0431  0.0437
  0.0449  0.0449  0.0445  0.0440  0.0426  0.0427
  0.0477  0.0454  0.0477  0.0479  0.0445  0.0437
  0.0561  0.0494  0.0516  0.0540  0.0470  0.0465
  0.0649  0.0547  0.0555  0.0587  0.0499  0.0502
niter,ni,del,rscale     6    3   12.0000    1.2000
parameters
   -3.1771   -6.6822   15.1174  -10.2004    1.6156   -1.1070
eta,q 0.95828  8.05883
  0.0654  0.0575  0.0504  0.0435  0.0499  0.0478
  0.0555  0.0503  0.0462  0.0419  0.0454  0.0451
  0.0472  0.0453  0.0429  0.0418  0.0422  0.0430
  0.0427  0.0426  0.0424  0.0422  0.0418  0.0418
  0.0452  0.0425  0.0447  0.0436  0.0432  0.0420
  0.0532  0.0442  0.0484  0.0475  0.0460  0.0440
  0.0634  0.0483  0.0535  0.0547  0.0497  0.0477
niter,ni,del,rscale     5    3   12.0000    1.2000
parameters
   -3.1356   -6.1034   14.5244  -10.0951    1.5238   -1.1966
eta,q 0.95882  8.05284
  0.0645  0.0534  0.0485  0.0506  0.0493  0.0471
  0.0537  0.0478  0.0447  0.0432  0.0447  0.0443
  0.0453  0.0443  0.0420  0.0413  0.0418  0.0422
  0.0417  0.0417  0.0413  0.0412  0.0412  0.0412
  0.0451  0.0412  0.0431  0.0422  0.0425  0.0420
  0.0537  0.0442  0.0468  0.0442  0.0455  0.0442
  0.0638  0.0506  0.0521  0.0488  0.0493  0.0478
niter,ni,del,rscale     4    3   12.0000    1.2000
parameters
   -3.1566   -6.2534   14.5218   -9.9687    1.5086   -1.2080
eta,q 0.95872  8.05587
  0.0640  0.0507  0.0501  0.0505  0.0496  0.0472
  0.0526  0.0462  0.0458  0.0430  0.0450  0.0445
  0.0442  0.0432  0.0427  0.0413  0.0419  0.0424
  0.0412  0.0412  0.0413  0.0413  0.0413  0.0413
  0.0452  0.0415  0.0424  0.0422  0.0425  0.0419
  0.0538  0.0459  0.0456  0.0440  0.0455  0.0441
  0.0633  0.0531  0.0504  0.0487  0.0492  0.0477
niter,ni,del,rscale     3    3   12.0000    1.2000
parameters
   -3.1413   -6.2844   14.5549   -9.9544    1.5005   -1.1984
eta,q 0.95870  8.05655
  0.0643  0.0510  0.0503  0.0501  0.0496  0.0473
  0.0530  0.0463  0.0459  0.0428  0.0450  0.0445
  0.0445  0.0433  0.0429  0.0413  0.0419  0.0424
  0.0413  0.0413  0.0413  0.0413  0.0413  0.0413
  0.0452  0.0414  0.0424  0.0422  0.0426  0.0419
  0.0538  0.0455  0.0456  0.0441  0.0455  0.0441
  0.0633  0.0525  0.0503  0.0489  0.0492  0.0477
registration optimization eta report
parameter search radius
    6.9000    6.0000    6.0000    7.9350    6.0000    6.0000
100000*second partial in parameter space
       46.       29.       24.       13.       22.       17.
  0.0643  0.0510  0.0503  0.0501  0.0496  0.0473
  0.0530  0.0463  0.0459  0.0428  0.0450  0.0445
  0.0445  0.0433  0.0429  0.0413  0.0419  0.0424
  0.0413  0.0413  0.0413  0.0413  0.0413  0.0413
  0.0452  0.0414  0.0424  0.0422  0.0426  0.0419
  0.0538  0.0455  0.0456  0.0441  0.0455  0.0441
  0.0633  0.0525  0.0503  0.0489  0.0492  0.0477
   -3.1413   -6.2844   14.5549   -9.9544    1.5005   -1.1984
eta,q 0.95870  8.05655

---------------------------------------------------------------------
imgreg_4dfp /opt/freesurfer/average/711-2C_as_mni_average_305 /opt/freesurfer/average/711-2B_as_mni_average_305_mask talsrcimg_g11 none talsrcimg_to_711-2C_as_mni_average_305_t4 3335
---------------------------------------------------------------------

freesurfer imgreg_4dfp.c
/opt/freesurfer/average/711-2C_as_mni_average_305.4dfp.img
       256       256       256         1
  1.000000  1.000000  1.000000
orientation T byte_order littleendian
Reading image: /opt/freesurfer/average/711-2C_as_mni_average_305.4dfp.img
dimensions:      256       256       256
mmppix:       1.0000   -1.0000   -1.0000
center:     128.0000 -129.0000 -129.0000
/opt/freesurfer/average/711-2B_as_mni_average_305_mask.4dfp.img
       256       256       256         1
  1.000000  1.000000  1.000000
orientation T byte_order littleendian
Reading mask: /opt/freesurfer/average/711-2B_as_mni_average_305_mask.4dfp.img (2306576 pixels)
talsrcimg_g11.4dfp.img
       256       256       256         1
  1.000000  1.000000  1.000000
orientation T byte_order littleendian
Reading image: talsrcimg_g11.4dfp.img
dimensions:      256       256       256
mmppix:       1.0000   -1.0000   -1.0000
center:     128.0000 -129.0000 -129.0000
fimgreg.f
image alignment mode   3335 decimal      D07 hex
parameters
   -3.1413   -6.2844   14.5549   -0.0562   -1.5365   -1.5392
    2.5126   -2.2171   -2.0908   17.3367    2.6186  -17.2806
eta,q 0.96153  7.99725
niter,ni,del,rscale     5    3    5.0000    1.2000
parameter  4  0.893577 ->  0.500000 qaram    1.1500
parameter  5  0.956990 ->  0.500000 qaram    1.1500
parameter  6  0.825107 ->  0.500000 qaram    1.1500
parameters
   -3.1178   -6.2916   14.5741   -4.1962   -5.6765   -5.6792
    2.7347   -1.4203   -1.3661   15.7936    3.9918  -16.2023
eta,q 0.96680  7.54054
  0.0419  0.0411  0.0405  0.0363  0.0345  0.0327  0.0363  0.0375  0.0356  0.0348  0.0344  0.0350
  0.0400  0.0396  0.0394  0.0367  0.0347  0.0333  0.0348  0.0355  0.0345  0.0337  0.0338  0.0341
  0.0389  0.0387  0.0387  0.0373  0.0354  0.0340  0.0338  0.0341  0.0338  0.0333  0.0335  0.0336
  0.0385  0.0385  0.0385  0.0385  0.0368  0.0348  0.0335  0.0335  0.0334  0.0334  0.0333  0.0332
  0.0388  0.0388  0.0387  0.0403  0.0385  0.0364  0.0338  0.0336  0.0335  0.0340  0.0333  0.0332
  0.0399  0.0397  0.0394  0.0428  0.0408  0.0390  0.0346  0.0344  0.0340  0.0351  0.0334  0.0336
  0.0418  0.0410  0.0405  0.0459  0.0438  0.0428  0.0359  0.0361  0.0349  0.0368  0.0338  0.0342
niter,ni,del,rscale     7    3    5.0000    1.2000
parameter  4  0.634621 ->  0.500000 qaram    1.3225
parameter  5  0.534171 ->  0.500000 qaram    1.3225
parameter  6  0.531138 ->  0.500000 qaram    1.3225
parameters
   -2.9138   -6.1338   14.7141   -8.9572  -10.4375  -10.4402
    1.7416   -1.2585   -2.4708   15.9557    4.3771  -14.8061
eta,q 0.96966  6.94225
  0.0368  0.0361  0.0348  0.0325  0.0322  0.0316  0.0323  0.0348  0.0316  0.0330  0.0314  0.0320
  0.0349  0.0345  0.0340  0.0323  0.0318  0.0306  0.0311  0.0325  0.0309  0.0315  0.0309  0.0312
  0.0337  0.0335  0.0334  0.0325  0.0318  0.0307  0.0305  0.0310  0.0305  0.0307  0.0306  0.0307
  0.0332  0.0332  0.0332  0.0332  0.0323  0.0317  0.0305  0.0304  0.0304  0.0304  0.0304  0.0304
  0.0334  0.0334  0.0333  0.0342  0.0335  0.0332  0.0311  0.0309  0.0308  0.0307  0.0305  0.0304
  0.0342  0.0342  0.0337  0.0359  0.0352  0.0348  0.0322  0.0323  0.0316  0.0315  0.0308  0.0306
  0.0358  0.0354  0.0345  0.0382  0.0372  0.0373  0.0336  0.0344  0.0326  0.0327  0.0312  0.0311
niter,ni,del,rscale     7    3    5.0000    1.2000
parameter  3  0.531537 ->  0.500000 qaram    1.1500
parameters
   -2.7932   -5.3335   13.3341  -10.1885  -11.3678  -11.7985
    1.9076   -1.2141   -2.6099   17.9061    3.5747  -15.6216
eta,q 0.97069  6.81790
  0.0336  0.0339  0.0301  0.0321  0.0316  0.0329  0.0321  0.0335  0.0311  0.0327  0.0301  0.0302
  0.0319  0.0322  0.0297  0.0305  0.0304  0.0311  0.0307  0.0314  0.0302  0.0312  0.0296  0.0296
  0.0308  0.0310  0.0297  0.0297  0.0298  0.0298  0.0298  0.0300  0.0296  0.0301  0.0294  0.0293
  0.0303  0.0303  0.0301  0.0297  0.0296  0.0296  0.0295  0.0295  0.0295  0.0295  0.0293  0.0293
  0.0306  0.0301  0.0308  0.0305  0.0300  0.0309  0.0298  0.0300  0.0297  0.0294  0.0295  0.0296
  0.0315  0.0304  0.0319  0.0318  0.0310  0.0330  0.0306  0.0313  0.0303  0.0297  0.0299  0.0300
  0.0331  0.0310  0.0331  0.0335  0.0327  0.0351  0.0319  0.0334  0.0312  0.0305  0.0304  0.0306
niter,ni,del,rscale     7    3    5.0000    1.2000
parameters
   -2.7766   -4.6213   12.6490  -10.5321  -13.3066  -12.9597
    2.0952   -1.1628   -2.3094   20.9258    2.3773  -15.7101
eta,q 0.97141  6.71771
  0.0324  0.0325  0.0301  0.0322  0.0304  0.0323  0.0315  0.0328  0.0306  0.0322  0.0293  0.0296
  0.0307  0.0310  0.0294  0.0305  0.0295  0.0307  0.0302  0.0307  0.0298  0.0308  0.0288  0.0290
  0.0297  0.0299  0.0290  0.0293  0.0290  0.0294  0.0293  0.0294  0.0292  0.0297  0.0286  0.0287
  0.0293  0.0293  0.0291  0.0290  0.0290  0.0290  0.0290  0.0290  0.0290  0.0290  0.0286  0.0286
  0.0296  0.0292  0.0297  0.0297  0.0296  0.0300  0.0292  0.0294  0.0291  0.0286  0.0289  0.0287
  0.0307  0.0294  0.0307  0.0309  0.0308  0.0321  0.0300  0.0307  0.0296  0.0288  0.0293  0.0291
  0.0323  0.0301  0.0320  0.0325  0.0326  0.0344  0.0312  0.0327  0.0304  0.0293  0.0299  0.0296
niter,ni,del,rscale     6    3    5.0000    1.2000
parameters
   -2.7464   -3.4741   11.6620  -11.0306  -16.7180  -14.8620
    2.0213   -1.0544   -1.9739   23.6323    1.9783  -15.8996
eta,q 0.97283  6.54139
  0.0316  0.0322  0.0287  0.0312  0.0287  0.0303  0.0298  0.0313  0.0296  0.0316  0.0281  0.0281
  0.0300  0.0306  0.0281  0.0295  0.0279  0.0288  0.0286  0.0293  0.0285  0.0300  0.0276  0.0276
  0.0290  0.0294  0.0279  0.0283  0.0276  0.0278  0.0278  0.0280  0.0278  0.0286  0.0273  0.0273
  0.0286  0.0286  0.0282  0.0280  0.0279  0.0276  0.0276  0.0276  0.0276  0.0276  0.0272  0.0272
  0.0289  0.0282  0.0288  0.0287  0.0288  0.0288  0.0279  0.0280  0.0277  0.0272  0.0273  0.0273
  0.0299  0.0282  0.0298  0.0301  0.0303  0.0311  0.0286  0.0292  0.0283  0.0274  0.0277  0.0276
  0.0315  0.0287  0.0312  0.0318  0.0322  0.0337  0.0298  0.0311  0.0292  0.0283  0.0283  0.0282
niter,ni,del,rscale     5    3    5.0000    1.2000
parameters
   -2.6299   -2.6710   10.8478  -11.1660  -17.6385  -16.0208
    1.7490   -0.9334   -2.0305   24.5661    1.9449  -16.4617
eta,q 0.97323  6.48391
  0.0302  0.0306  0.0276  0.0304  0.0289  0.0299  0.0289  0.0306  0.0287  0.0301  0.0277  0.0275
  0.0286  0.0290  0.0270  0.0286  0.0277  0.0283  0.0277  0.0285  0.0276  0.0285  0.0272  0.0271
  0.0276  0.0278  0.0268  0.0273  0.0269  0.0272  0.0270  0.0273  0.0270  0.0274  0.0269  0.0268
  0.0272  0.0272  0.0270  0.0268  0.0268  0.0268  0.0268  0.0268  0.0268  0.0268  0.0268  0.0268
  0.0274  0.0270  0.0275  0.0273  0.0273  0.0276  0.0271  0.0272  0.0271  0.0269  0.0269  0.0269
  0.0282  0.0272  0.0283  0.0288  0.0283  0.0296  0.0279  0.0284  0.0277  0.0276  0.0272  0.0273
  0.0297  0.0278  0.0295  0.0306  0.0300  0.0320  0.0291  0.0303  0.0287  0.0288  0.0278  0.0278
niter,ni,del,rscale     4    3    5.0000    1.2000
parameters
   -2.5202   -2.3894   10.4191  -11.1323  -17.8151  -16.6506
    1.6357   -0.8234   -2.0358   25.0770    1.8405  -16.7635
eta,q 0.97326  6.47077
  0.0296  0.0292  0.0278  0.0304  0.0291  0.0301  0.0289  0.0305  0.0286  0.0296  0.0277  0.0275
  0.0282  0.0279  0.0271  0.0286  0.0278  0.0285  0.0277  0.0285  0.0276  0.0282  0.0271  0.0271
  0.0272  0.0271  0.0267  0.0273  0.0270  0.0273  0.0269  0.0272  0.0269  0.0272  0.0268  0.0268
  0.0268  0.0268  0.0267  0.0267  0.0267  0.0267  0.0267  0.0267  0.0267  0.0267  0.0267  0.0267
  0.0270  0.0269  0.0271  0.0271  0.0270  0.0272  0.0270  0.0271  0.0270  0.0270  0.0269  0.0269
  0.0278  0.0274  0.0277  0.0286  0.0279  0.0290  0.0278  0.0283  0.0276  0.0277  0.0272  0.0272
  0.0292  0.0282  0.0287  0.0304  0.0293  0.0314  0.0290  0.0302  0.0286  0.0289  0.0277  0.0277
niter,ni,del,rscale     3    3    5.0000    1.2000
parameters
   -2.4688   -2.2516   10.1733  -11.0999  -17.9285  -17.0346
    1.5709   -0.7569   -2.0280   25.3580    1.7855  -16.8990
eta,q 0.97325  6.46295
  0.0295  0.0289  0.0279  0.0304  0.0290  0.0302  0.0289  0.0304  0.0286  0.0294  0.0277  0.0276
  0.0280  0.0277  0.0272  0.0286  0.0278  0.0286  0.0277  0.0284  0.0276  0.0280  0.0271  0.0271
  0.0271  0.0270  0.0268  0.0273  0.0270  0.0274  0.0270  0.0272  0.0269  0.0271  0.0268  0.0268
  0.0267  0.0267  0.0267  0.0267  0.0267  0.0267  0.0268  0.0267  0.0268  0.0267  0.0267  0.0267
  0.0270  0.0269  0.0270  0.0271  0.0270  0.0271  0.0270  0.0271  0.0270  0.0270  0.0269  0.0269
  0.0278  0.0275  0.0276  0.0286  0.0278  0.0288  0.0278  0.0284  0.0276  0.0278  0.0272  0.0272
  0.0293  0.0284  0.0284  0.0304  0.0292  0.0311  0.0289  0.0303  0.0286  0.0290  0.0277  0.0276
niter,ni,del,rscale     2    3    5.0000    1.2000
parameters
   -2.4405   -2.1712   10.0244  -11.0741  -18.0048  -17.2777
    1.5340   -0.7247   -2.0199   25.5185    1.7573  -16.9543
eta,q 0.97323  6.45796
  0.0294  0.0288  0.0280  0.0304  0.0290  0.0303  0.0289  0.0304  0.0286  0.0293  0.0277  0.0276
  0.0280  0.0276  0.0273  0.0286  0.0278  0.0287  0.0277  0.0284  0.0276  0.0280  0.0272  0.0271
  0.0271  0.0270  0.0268  0.0273  0.0270  0.0274  0.0270  0.0272  0.0270  0.0271  0.0269  0.0268
  0.0267  0.0267  0.0268  0.0267  0.0267  0.0267  0.0268  0.0268  0.0268  0.0268  0.0268  0.0268
  0.0270  0.0270  0.0270  0.0272  0.0270  0.0271  0.0270  0.0272  0.0270  0.0271  0.0269  0.0269
  0.0279  0.0275  0.0275  0.0286  0.0278  0.0287  0.0278  0.0284  0.0276  0.0279  0.0272  0.0272
  0.0293  0.0284  0.0283  0.0304  0.0292  0.0310  0.0289  0.0303  0.0286  0.0290  0.0277  0.0276
niter,ni,del,rscale     1    3    5.0000    1.2000
parameters
   -2.4248   -2.1237    9.9323  -11.0563  -18.0575  -17.4343
    1.5079   -0.7037   -2.0150   25.6174    1.7388  -16.9810
eta,q 0.97322  6.45469
  0.0294  0.0287  0.0281  0.0304  0.0290  0.0303  0.0289  0.0304  0.0286  0.0293  0.0277  0.0276
  0.0280  0.0276  0.0273  0.0286  0.0279  0.0287  0.0277  0.0284  0.0276  0.0279  0.0272  0.0271
  0.0271  0.0270  0.0269  0.0274  0.0271  0.0275  0.0270  0.0272  0.0270  0.0271  0.0269  0.0269
  0.0268  0.0268  0.0268  0.0268  0.0268  0.0268  0.0268  0.0268  0.0268  0.0268  0.0268  0.0268
  0.0270  0.0270  0.0270  0.0272  0.0270  0.0271  0.0270  0.0272  0.0270  0.0271  0.0269  0.0269
  0.0279  0.0276  0.0275  0.0286  0.0278  0.0286  0.0278  0.0284  0.0276  0.0279  0.0272  0.0272
  0.0294  0.0285  0.0283  0.0305  0.0292  0.0309  0.0289  0.0303  0.0286  0.0291  0.0277  0.0276
registration optimization eta report
parameter search radius
    2.4000    2.4000    2.7600    9.5220    9.5220    9.5220
    7.2000    7.2000    7.2000    7.2000    7.2000    7.2000
100000*second partial in parameter space
       45.       32.       19.        4.        3.        4.
        4.        7.        3.        5.        2.        2.
  0.0294  0.0287  0.0281  0.0304  0.0290  0.0303  0.0289  0.0304  0.0286  0.0293  0.0277  0.0276
  0.0280  0.0276  0.0273  0.0286  0.0279  0.0287  0.0277  0.0284  0.0276  0.0279  0.0272  0.0271
  0.0271  0.0270  0.0269  0.0274  0.0271  0.0275  0.0270  0.0272  0.0270  0.0271  0.0269  0.0269
  0.0268  0.0268  0.0268  0.0268  0.0268  0.0268  0.0268  0.0268  0.0268  0.0268  0.0268  0.0268
  0.0270  0.0270  0.0270  0.0272  0.0270  0.0271  0.0270  0.0272  0.0270  0.0271  0.0269  0.0269
  0.0279  0.0276  0.0275  0.0286  0.0278  0.0286  0.0278  0.0284  0.0276  0.0279  0.0272  0.0272
  0.0294  0.0285  0.0283  0.0305  0.0292  0.0309  0.0289  0.0303  0.0286  0.0291  0.0277  0.0276
   -2.4248   -2.1237    9.9323  -11.0563  -18.0575  -17.4343
    1.5079   -0.7037   -2.0150   25.6174    1.7388  -16.9810
eta,q 0.97322  6.45469

---------------------------------------------------------------------
imgreg_4dfp /opt/freesurfer/average/711-2C_as_mni_average_305 /opt/freesurfer/average/711-2B_as_mni_average_305_mask talsrcimg_g11 none talsrcimg_to_711-2C_as_mni_average_305_t4 2311
---------------------------------------------------------------------

freesurfer imgreg_4dfp.c
/opt/freesurfer/average/711-2C_as_mni_average_305.4dfp.img
       256       256       256         1
  1.000000  1.000000  1.000000
orientation T byte_order littleendian
Reading image: /opt/freesurfer/average/711-2C_as_mni_average_305.4dfp.img
dimensions:      256       256       256
mmppix:       1.0000   -1.0000   -1.0000
center:     128.0000 -129.0000 -129.0000
/opt/freesurfer/average/711-2B_as_mni_average_305_mask.4dfp.img
       256       256       256         1
  1.000000  1.000000  1.000000
orientation T byte_order littleendian
Reading mask: /opt/freesurfer/average/711-2B_as_mni_average_305_mask.4dfp.img (2306576 pixels)
talsrcimg_g11.4dfp.img
       256       256       256         1
  1.000000  1.000000  1.000000
orientation T byte_order littleendian
Reading image: talsrcimg_g11.4dfp.img
dimensions:      256       256       256
mmppix:       1.0000   -1.0000   -1.0000
center:     128.0000 -129.0000 -129.0000
fimgreg.f
image alignment mode   2311 decimal      907 hex
parameters
   -2.4248   -2.1237    9.9323  -11.0563  -18.0575  -17.4343
    1.5079   -0.7037   -2.0150   25.6174    1.7388  -16.9810
eta,q 0.97322  6.45469
niter,ni,del,rscale     5    3    5.0000    0.8000
parameters
   -2.3974   -2.1376    9.8628  -10.8775  -17.9308  -16.9795
    1.4391   -0.6608   -2.0634   25.3870    1.7475  -17.1331
eta,q 0.97327  6.46937
  0.0280  0.0276  0.0272  0.0280  0.0274  0.0281  0.0277  0.0285  0.0276  0.0278  0.0272  0.0271
  0.0273  0.0271  0.0270  0.0274  0.0271  0.0275  0.0272  0.0275  0.0271  0.0272  0.0269  0.0269
  0.0269  0.0269  0.0268  0.0270  0.0269  0.0270  0.0268  0.0269  0.0268  0.0268  0.0268  0.0268
  0.0268  0.0268  0.0268  0.0268  0.0268  0.0268  0.0267  0.0267  0.0267  0.0267  0.0267  0.0267
  0.0269  0.0269  0.0268  0.0268  0.0268  0.0268  0.0269  0.0269  0.0268  0.0269  0.0268  0.0268
  0.0273  0.0272  0.0270  0.0272  0.0270  0.0271  0.0272  0.0275  0.0271  0.0274  0.0269  0.0269
  0.0279  0.0276  0.0273  0.0278  0.0274  0.0277  0.0277  0.0284  0.0276  0.0280  0.0272  0.0271
niter,ni,del,rscale     4    3    5.0000    0.7000
parameters
   -2.3964   -2.1826   10.0091  -10.8899  -17.8831  -16.6472
    1.4325   -0.6508   -2.0830   25.2605    1.7463  -17.1514
eta,q 0.97329  6.47653
  0.0277  0.0273  0.0272  0.0276  0.0272  0.0277  0.0275  0.0280  0.0274  0.0276  0.0270  0.0270
  0.0271  0.0270  0.0270  0.0271  0.0270  0.0273  0.0271  0.0273  0.0270  0.0271  0.0269  0.0268
  0.0268  0.0268  0.0268  0.0268  0.0268  0.0269  0.0268  0.0269  0.0268  0.0268  0.0267  0.0267
  0.0267  0.0267  0.0267  0.0267  0.0267  0.0267  0.0267  0.0267  0.0267  0.0267  0.0267  0.0267
  0.0268  0.0268  0.0267  0.0268  0.0268  0.0267  0.0268  0.0269  0.0268  0.0268  0.0267  0.0267
  0.0271  0.0271  0.0268  0.0271  0.0269  0.0270  0.0271  0.0273  0.0270  0.0272  0.0269  0.0269
  0.0277  0.0274  0.0270  0.0276  0.0272  0.0275  0.0275  0.0280  0.0274  0.0277  0.0270  0.0270
niter,ni,del,rscale     3    3    5.0000    0.6000
parameters
   -2.4022   -2.2290   10.1268  -10.8998  -17.8808  -16.3976
    1.4379   -0.6598   -2.0942   25.1450    1.7440  -17.1403
eta,q 0.97330  6.48070
  0.0274  0.0272  0.0270  0.0274  0.0271  0.0275  0.0273  0.0277  0.0272  0.0274  0.0269  0.0269
  0.0270  0.0269  0.0269  0.0270  0.0269  0.0271  0.0270  0.0271  0.0269  0.0270  0.0268  0.0268
  0.0268  0.0268  0.0268  0.0268  0.0268  0.0268  0.0268  0.0268  0.0267  0.0268  0.0267  0.0267
  0.0267  0.0267  0.0267  0.0267  0.0267  0.0267  0.0267  0.0267  0.0267  0.0267  0.0267  0.0267
  0.0268  0.0268  0.0267  0.0268  0.0268  0.0267  0.0268  0.0268  0.0268  0.0268  0.0267  0.0267
  0.0270  0.0270  0.0268  0.0270  0.0269  0.0269  0.0269  0.0271  0.0269  0.0271  0.0268  0.0268
  0.0274  0.0272  0.0269  0.0274  0.0271  0.0273  0.0273  0.0277  0.0272  0.0274  0.0269  0.0269
niter,ni,del,rscale     2    3    5.0000    0.5000
parameters
   -2.4086   -2.2685   10.2161  -10.8890  -17.8734  -16.2074
    1.4345   -0.6685   -2.1046   25.0459    1.7780  -17.1052
eta,q 0.97332  6.48433
  0.0272  0.0270  0.0269  0.0272  0.0270  0.0272  0.0271  0.0274  0.0270  0.0272  0.0269  0.0269
  0.0269  0.0268  0.0268  0.0269  0.0268  0.0270  0.0269  0.0270  0.0268  0.0269  0.0268  0.0268
  0.0268  0.0267  0.0267  0.0268  0.0267  0.0268  0.0267  0.0268  0.0267  0.0267  0.0267  0.0267
  0.0267  0.0267  0.0267  0.0267  0.0267  0.0267  0.0267  0.0267  0.0267  0.0267  0.0267  0.0267
  0.0268  0.0267  0.0267  0.0267  0.0267  0.0267  0.0267  0.0268  0.0267  0.0268  0.0267  0.0267
  0.0269  0.0269  0.0268  0.0269  0.0268  0.0269  0.0269  0.0270  0.0268  0.0269  0.0268  0.0268
  0.0272  0.0271  0.0269  0.0272  0.0270  0.0271  0.0271  0.0274  0.0270  0.0272  0.0269  0.0268
niter,ni,del,rscale     1    3    5.0000    0.4000
parameters
   -2.4145   -2.2983   10.2863  -10.8949  -17.8571  -16.0419
    1.4409   -0.6792   -2.1137   24.9711    1.8135  -17.1289
eta,q 0.97332  6.48781
  0.0270  0.0269  0.0268  0.0270  0.0269  0.0270  0.0269  0.0271  0.0269  0.0270  0.0268  0.0268
  0.0268  0.0268  0.0268  0.0268  0.0268  0.0269  0.0268  0.0269  0.0268  0.0268  0.0267  0.0267
  0.0267  0.0267  0.0267  0.0267  0.0267  0.0267  0.0267  0.0267  0.0267  0.0267  0.0267  0.0267
  0.0267  0.0267  0.0267  0.0267  0.0267  0.0267  0.0267  0.0267  0.0267  0.0267  0.0267  0.0267
  0.0267  0.0267  0.0267  0.0267  0.0267  0.0267  0.0267  0.0267  0.0267  0.0267  0.0267  0.0267
  0.0268  0.0268  0.0267  0.0268  0.0268  0.0268  0.0268  0.0269  0.0268  0.0268  0.0267  0.0267
  0.0270  0.0269  0.0268  0.0270  0.0268  0.0270  0.0269  0.0271  0.0269  0.0270  0.0268  0.0268
registration optimization eta report
parameter search radius
    0.8000    0.8000    0.8000    2.4000    2.4000    2.4000
    2.4000    2.4000    2.4000    2.4000    2.4000    2.4000
100000*second partial in parameter space
       48.       35.       20.        5.        3.        6.
        4.        8.        4.        6.        2.        2.
  0.0270  0.0269  0.0268  0.0270  0.0269  0.0270  0.0269  0.0271  0.0269  0.0270  0.0268  0.0268
  0.0268  0.0268  0.0268  0.0268  0.0268  0.0269  0.0268  0.0269  0.0268  0.0268  0.0267  0.0267
  0.0267  0.0267  0.0267  0.0267  0.0267  0.0267  0.0267  0.0267  0.0267  0.0267  0.0267  0.0267
  0.0267  0.0267  0.0267  0.0267  0.0267  0.0267  0.0267  0.0267  0.0267  0.0267  0.0267  0.0267
  0.0267  0.0267  0.0267  0.0267  0.0267  0.0267  0.0267  0.0267  0.0267  0.0267  0.0267  0.0267
  0.0268  0.0268  0.0267  0.0268  0.0268  0.0268  0.0268  0.0269  0.0268  0.0268  0.0267  0.0267
  0.0270  0.0269  0.0268  0.0270  0.0268  0.0270  0.0269  0.0271  0.0269  0.0270  0.0268  0.0268
   -2.4145   -2.2983   10.2863  -10.8949  -17.8571  -16.0419
    1.4409   -0.6792   -2.1137   24.9711    1.8135  -17.1289
eta,q 0.97332  6.48781

---------------------------------------------------------------------
imgreg_4dfp /opt/freesurfer/average/711-2C_as_mni_average_305 /opt/freesurfer/average/711-2B_as_mni_average_305_mask talsrcimg_g11 none talsrcimg_to_711-2C_as_mni_average_305_t4 2311
---------------------------------------------------------------------

freesurfer imgreg_4dfp.c
/opt/freesurfer/average/711-2C_as_mni_average_305.4dfp.img
       256       256       256         1
  1.000000  1.000000  1.000000
orientation T byte_order littleendian
Reading image: /opt/freesurfer/average/711-2C_as_mni_average_305.4dfp.img
dimensions:      256       256       256
mmppix:       1.0000   -1.0000   -1.0000
center:     128.0000 -129.0000 -129.0000
/opt/freesurfer/average/711-2B_as_mni_average_305_mask.4dfp.img
       256       256       256         1
  1.000000  1.000000  1.000000
orientation T byte_order littleendian
Reading mask: /opt/freesurfer/average/711-2B_as_mni_average_305_mask.4dfp.img (2306576 pixels)
talsrcimg_g11.4dfp.img
       256       256       256         1
  1.000000  1.000000  1.000000
orientation T byte_order littleendian
Reading image: talsrcimg_g11.4dfp.img
dimensions:      256       256       256
mmppix:       1.0000   -1.0000   -1.0000
center:     128.0000 -129.0000 -129.0000
fimgreg.f
image alignment mode   2311 decimal      907 hex
parameters
   -2.4145   -2.2983   10.2863  -10.8949  -17.8571  -16.0419
    1.4409   -0.6792   -2.1137   24.9711    1.8135  -17.1289
eta,q 0.97332  6.48781
niter,ni,del,rscale     5    3    5.0000    0.8000
parameters
   -2.4277   -2.2886   10.3389  -11.0320  -17.8289  -16.1992
    1.4797   -0.7047   -2.1020   25.0657    1.7465  -17.0428
eta,q 0.97332  6.48263
  0.0279  0.0276  0.0272  0.0277  0.0273  0.0278  0.0277  0.0284  0.0275  0.0280  0.0271  0.0271
  0.0272  0.0271  0.0269  0.0272  0.0270  0.0272  0.0271  0.0274  0.0271  0.0273  0.0269  0.0269
  0.0268  0.0268  0.0267  0.0268  0.0268  0.0269  0.0268  0.0269  0.0268  0.0268  0.0267  0.0267
  0.0267  0.0267  0.0267  0.0267  0.0267  0.0267  0.0267  0.0267  0.0267  0.0267  0.0267  0.0267
  0.0268  0.0268  0.0267  0.0268  0.0268  0.0268  0.0268  0.0269  0.0268  0.0268  0.0267  0.0267
  0.0272  0.0271  0.0269  0.0272  0.0270  0.0273  0.0271  0.0275  0.0271  0.0272  0.0269  0.0269
  0.0279  0.0275  0.0272  0.0279  0.0273  0.0281  0.0277  0.0284  0.0275  0.0279  0.0271  0.0271
niter,ni,del,rscale     4    3    5.0000    0.7000
parameters
   -2.4247   -2.2917   10.3008  -10.9864  -17.8283  -16.2148
    1.4635   -0.6879   -2.0915   25.0399    1.7386  -17.0427
eta,q 0.97331  6.48297
  0.0276  0.0274  0.0271  0.0276  0.0272  0.0276  0.0274  0.0280  0.0273  0.0276  0.0270  0.0270
  0.0271  0.0270  0.0268  0.0271  0.0269  0.0272  0.0270  0.0273  0.0270  0.0271  0.0268  0.0268
  0.0268  0.0267  0.0267  0.0268  0.0267  0.0268  0.0268  0.0268  0.0268  0.0268  0.0267  0.0267
  0.0267  0.0267  0.0267  0.0267  0.0267  0.0267  0.0267  0.0267  0.0267  0.0267  0.0267  0.0267
  0.0268  0.0268  0.0267  0.0268  0.0267  0.0268  0.0268  0.0268  0.0268  0.0268  0.0267  0.0267
  0.0271  0.0270  0.0269  0.0271  0.0269  0.0271  0.0270  0.0273  0.0270  0.0271  0.0268  0.0268
  0.0276  0.0273  0.0271  0.0276  0.0272  0.0277  0.0275  0.0280  0.0273  0.0276  0.0270  0.0270
niter,ni,del,rscale     3    3    5.0000    0.6000
parameters
   -2.4192   -2.2973   10.2914  -10.9446  -17.8411  -16.1673
    1.4510   -0.6757   -2.0962   25.0052    1.7466  -17.0414
eta,q 0.97332  6.48422
  0.0274  0.0272  0.0270  0.0274  0.0271  0.0274  0.0272  0.0277  0.0272  0.0274  0.0269  0.0269
  0.0270  0.0269  0.0268  0.0270  0.0268  0.0270  0.0269  0.0271  0.0269  0.0270  0.0268  0.0268
  0.0268  0.0267  0.0267  0.0268  0.0267  0.0268  0.0267  0.0268  0.0267  0.0268  0.0267  0.0267
  0.0267  0.0267  0.0267  0.0267  0.0267  0.0267  0.0267  0.0267  0.0267  0.0267  0.0267  0.0267
  0.0268  0.0267  0.0267  0.0267  0.0267  0.0267  0.0268  0.0268  0.0267  0.0268  0.0267  0.0267
  0.0270  0.0269  0.0268  0.0270  0.0269  0.0270  0.0269  0.0271  0.0269  0.0270  0.0268  0.0268
  0.0274  0.0272  0.0270  0.0273  0.0271  0.0274  0.0272  0.0277  0.0272  0.0274  0.0269  0.0269
niter,ni,del,rscale     2    3    5.0000    0.5000
parameters
   -2.4199   -2.3084   10.3057  -10.9137  -17.8506  -16.0771
    1.4351   -0.6811   -2.1004   24.9704    1.7683  -17.0762
eta,q 0.97332  6.48662
  0.0272  0.0270  0.0269  0.0272  0.0269  0.0272  0.0271  0.0274  0.0270  0.0272  0.0269  0.0268
  0.0269  0.0268  0.0268  0.0269  0.0268  0.0269  0.0268  0.0270  0.0268  0.0269  0.0268  0.0267
  0.0267  0.0267  0.0267  0.0267  0.0267  0.0268  0.0267  0.0268  0.0267  0.0267  0.0267  0.0267
  0.0267  0.0267  0.0267  0.0267  0.0267  0.0267  0.0267  0.0267  0.0267  0.0267  0.0267  0.0267
  0.0267  0.0267  0.0267  0.0267  0.0267  0.0267  0.0267  0.0268  0.0267  0.0267  0.0267  0.0267
  0.0269  0.0268  0.0268  0.0269  0.0268  0.0269  0.0269  0.0270  0.0268  0.0269  0.0268  0.0268
  0.0272  0.0270  0.0269  0.0271  0.0269  0.0272  0.0271  0.0274  0.0270  0.0272  0.0269  0.0268
niter,ni,del,rscale     1    3    5.0000    0.4000
parameters
   -2.4195   -2.3149   10.3336  -10.9064  -17.8504  -15.9759
    1.4439   -0.6814   -2.1202   24.9440    1.7696  -17.1082
eta,q 0.97333  6.48900
  0.0270  0.0269  0.0268  0.0270  0.0268  0.0270  0.0269  0.0271  0.0269  0.0270  0.0268  0.0268
  0.0268  0.0268  0.0267  0.0268  0.0268  0.0269  0.0268  0.0269  0.0268  0.0268  0.0267  0.0267
  0.0267  0.0267  0.0267  0.0267  0.0267  0.0267  0.0267  0.0267  0.0267  0.0267  0.0267  0.0267
  0.0267  0.0267  0.0267  0.0267  0.0267  0.0267  0.0267  0.0267  0.0267  0.0267  0.0267  0.0267
  0.0267  0.0267  0.0267  0.0267  0.0267  0.0267  0.0267  0.0267  0.0267  0.0267  0.0267  0.0267
  0.0268  0.0268  0.0267  0.0268  0.0268  0.0268  0.0268  0.0269  0.0268  0.0268  0.0267  0.0267
  0.0270  0.0269  0.0268  0.0270  0.0268  0.0270  0.0269  0.0271  0.0269  0.0270  0.0268  0.0268
registration optimization eta report
parameter search radius
    0.8000    0.8000    0.8000    2.4000    2.4000    2.4000
    2.4000    2.4000    2.4000    2.4000    2.4000    2.4000
100000*second partial in parameter space
       48.       35.       20.        5.        3.        6.
        4.        7.        4.        6.        2.        2.
  0.0270  0.0269  0.0268  0.0270  0.0268  0.0270  0.0269  0.0271  0.0269  0.0270  0.0268  0.0268
  0.0268  0.0268  0.0267  0.0268  0.0268  0.0269  0.0268  0.0269  0.0268  0.0268  0.0267  0.0267
  0.0267  0.0267  0.0267  0.0267  0.0267  0.0267  0.0267  0.0267  0.0267  0.0267  0.0267  0.0267
  0.0267  0.0267  0.0267  0.0267  0.0267  0.0267  0.0267  0.0267  0.0267  0.0267  0.0267  0.0267
  0.0267  0.0267  0.0267  0.0267  0.0267  0.0267  0.0267  0.0267  0.0267  0.0267  0.0267  0.0267
  0.0268  0.0268  0.0267  0.0268  0.0268  0.0268  0.0268  0.0269  0.0268  0.0268  0.0267  0.0267
  0.0270  0.0269  0.0268  0.0270  0.0268  0.0270  0.0269  0.0271  0.0269  0.0270  0.0268  0.0268
   -2.4195   -2.3149   10.3336  -10.9064  -17.8504  -15.9759
    1.4439   -0.6814   -2.1202   24.9440    1.7696  -17.1082
eta,q 0.97333  6.48900

---------------------------------------------------------------------
compute_vox2vox talsrcimg talsrcimg_to_711-2C_as_mni_average_305_t4 /opt/freesurfer/average/711-2C_as_mni_average_305
---------------------------------------------------------------------

freesurfer compute_vox2vox.c
Reading: talsrcimg.4dfp.ifh
Reading: talsrcimg_to_711-2C_as_mni_average_305_t4
Reading: /opt/freesurfer/average/711-2C_as_mni_average_305.4dfp.ifh
Writing: talsrcimg_to_711-2C_as_mni_average_305_t4_vox2vox.txt

start time Fri Mar 13 23:11:20 CET 2026
end		time Fri Mar 13 23:11:34 CET 2026

mpr2mni305 success

avi2talxfm orig_nu.mgz /opt/freesurfer/average/mni305.cor.mgz talsrcimg_to_711-2C_as_mni_average_305_t4_vox2vox.txt transforms/talairach.auto.xfm
avi2talxfm done
mv -f /out/sourcedata/freesurfer/sub-v2s7x29679_ses-1/mri/talsrcimg_to_711-2C_as_mni_average_305_t4_vox2vox.txt /out/sourcedata/freesurfer/sub-v2s7x29679_ses-1/mri/transforms/talsrcimg_to_711-2C_as_mni_average_305_t4_vox2vox.txt
lta_convert --src orig_nu.mgz --trg /opt/freesurfer/average/mni305.cor.mgz --inxfm transforms/talairach.auto.xfm --outlta transforms/talairach.auto.xfm.lta --subject fsaverage
7.3.2

--src: orig_nu.mgz src image (geometry).
--trg: /opt/freesurfer/average/mni305.cor.mgz trg image (geometry).
--inmni: transforms/talairach.auto.xfm input MNI/XFM transform.
--outlta: transforms/talairach.auto.xfm.lta output LTA.
--s: fsaverage subject name
 LTA read, type : 1
 1.12174   0.01408  -0.01678  -12.64340;
-0.01670   1.12063   0.23367  -25.40667;
 0.03402  -0.33991   1.14591  -3.37965;
 0.00000   0.00000   0.00000   1.00000;
setting subject to fsaverage
Writing  LTA to file transforms/talairach.auto.xfm.lta...
lta_convert successful.
 
 
Started at Fri Mar 13 23:11:19 CET 2026
Ended   at Fri Mar 13 23:11:34 CET 2026
talairach_avi done
