/out/sourcedata/freesurfer/sub-v2s7x29800_ses-1/mri
/opt/freesurfer/bin/talairach_avi
--i orig_nu.mgz --xfm transforms/talairach.auto.xfm
talairach_avi 7.3.2
Linux dna056 5.14.0-427.37.1.el9_4.x86_64 #1 SMP PREEMPT_DYNAMIC Fri Sep 13 12:41:50 EDT 2024 x86_64 x86_64 x86_64 GNU/Linux
Fri Mar 13 23:36:21 CET 2026
mri_convert orig_nu.mgz talsrcimg.img 
reading from orig_nu.mgz...
TR=0.00, TE=0.00, TI=0.00, flip angle=0.00
i_ras = (-1, 0, 0)
j_ras = (0, 0, -1)
k_ras = (0, 1, 0)
writing to talsrcimg.img...
Analyze Output Matrix
-1.00000   0.00000   0.00000   134.63623;
 0.00000   0.00000   1.00000  -123.75782;
 0.00000  -1.00000   0.00000   164.25665;
 0.00000   0.00000   0.00000   1.00000;
--------------------
INFO: set hdr.hist.orient to -1
mpr2mni305 talsrcimg
Fri Mar 13 23:36:22 CET 2026
/opt/freesurfer/bin/mpr2mni305 talsrcimg
mpr2mni305 7.3.2
target=711-2C_as_mni_average_305

---------------------------------------------------------------------
analyzeto4dfp talsrcimg -O0 -y
---------------------------------------------------------------------

freesurfer ifh2hdr.c
Fri Mar 13 23:36:22 2026
Writing: talsrcimg.4dfp.hdr
freesurfer analyzeto4dfp.c
Reading: talsrcimg.hdr
header size 348 bytes
hdr.dime.datatype	offset=70	value=2
hdr.dime.bitpix		offset=72	value=8
hdr.hist.orient		offset=252	value=-1
dimensionality     4
dimensions       256       256       256         1
Reading: talsrcimg.img
Writing: talsrcimg.4dfp.img
Writing: talsrcimg.4dfp.ifh
ifh2hdr talsrcimg -r0to243
ori=2

---------------------------------------------------------------------
gauss_4dfp talsrcimg 1.1
---------------------------------------------------------------------

freesurfer gauss_4dfp.c
Reading: talsrcimg.4dfp.img
Writing: talsrcimg_g11.4dfp.img
image dimensions 256 256 256 padded to 288 288 288
processing volume 1freesurfer ifh2hdr.c
Fri Mar 13 23:36:23 2026
Writing: talsrcimg_g11.4dfp.hdr

Writing: talsrcimg_g11.4dfp.ifh
including: talsrcimg.4dfp.img.rec in talsrcimg_g11.4dfp.img.rec

---------------------------------------------------------------------
imgreg_4dfp /opt/freesurfer/average/711-2C_as_mni_average_305 none talsrcimg_g11 none talsrcimg_to_711-2C_as_mni_average_305_t4 4355
---------------------------------------------------------------------

freesurfer imgreg_4dfp.c
/opt/freesurfer/average/711-2C_as_mni_average_305.4dfp.img
       256       256       256         1
  1.000000  1.000000  1.000000
orientation T byte_order littleendian
Reading image: /opt/freesurfer/average/711-2C_as_mni_average_305.4dfp.img
dimensions:      256       256       256
mmppix:       1.0000   -1.0000   -1.0000
center:     128.0000 -129.0000 -129.0000
talsrcimg_g11.4dfp.img
       256       256       256         1
  1.000000  1.000000  1.000000
orientation T byte_order littleendian
Reading image: talsrcimg_g11.4dfp.img
dimensions:      256       256       256
mmppix:       1.0000   -1.0000   -1.0000
center:     128.0000 -129.0000 -129.0000
t4_read: open error in t4_sub.f l:  41 t4_file(1:l)talsrcimg_to_711-2C_as_mni_average_305_t4 
t4_read: transform initialized to I4
rotation matrix determinant  1.000000
image alignment mode   4355 decimal     1103 hex
   -7.5000  -45.0000  -45.0000 8303.7041   12.7901
    0.0000  -45.0000  -45.0000 8725.1553   12.7891
    7.5000  -45.0000  -45.0000 8426.5645   12.7908
   -7.5000  -37.5000  -45.0000 8664.6436   12.7984
    0.0000  -37.5000  -45.0000 9121.4004   12.7973
    7.5000  -37.5000  -45.0000 8822.8584   12.8000
   -7.5000  -30.0000  -45.0000 9329.2549   12.7993
    0.0000  -30.0000  -45.0000 9848.4424   12.7936
    7.5000  -30.0000  -45.0000 9529.8037   12.7973
   -7.5000  -22.5000  -45.000010037.2529   12.7886
    0.0000  -22.5000  -45.000010572.3311   12.7782
    7.5000  -22.5000  -45.000010219.2266   12.7821
   -7.5000  -15.0000  -45.000010639.1963   12.7795
    0.0000  -15.0000  -45.000011226.1240   12.7687
    7.5000  -15.0000  -45.000010816.6621   12.7716
   -7.5000   -7.5000  -45.000011057.9482   12.7818
    0.0000   -7.5000  -45.000011639.1855   12.7759
    7.5000   -7.5000  -45.000011192.8594   12.7776
   -7.5000    0.0000  -45.000011409.3496   12.7901
    0.0000    0.0000  -45.000011966.9668   12.7891
    7.5000    0.0000  -45.000011500.9219   12.7908
   -7.5000    7.5000  -45.000010737.9229   12.7984
    0.0000    7.5000  -45.000011274.8936   12.7973
    7.5000    7.5000  -45.000010822.6836   12.8000
   -7.5000   15.0000  -45.0000 9976.3047   12.7993
    0.0000   15.0000  -45.000010491.3730   12.7936
    7.5000   15.0000  -45.000010094.6807   12.7973
   -7.5000   22.5000  -45.0000 9202.2266   12.7869
    0.0000   22.5000  -45.0000 9681.2080   12.7764
    7.5000   22.5000  -45.0000 9318.4902   12.7804
   -7.5000   30.0000  -45.0000 8488.0332   12.6092
    0.0000   30.0000  -45.0000 8915.1885   12.5985
    7.5000   30.0000  -45.0000 8578.7109   12.6014
   -7.5000   37.5000  -45.0000 8046.7563   12.6200
    0.0000   37.5000  -45.0000 8462.9229   12.6142
    7.5000   37.5000  -45.0000 8141.6787   12.6159
   -7.5000   45.0000  -45.0000 7365.0518   12.4606
    0.0000   45.0000  -45.0000 7719.7617   12.4597
    7.5000   45.0000  -45.0000 7458.4434   12.4612
   -7.5000  -45.0000  -37.5000 8815.2900   12.6690
    0.0000  -45.0000  -37.5000 9275.0127   12.6701
    7.5000  -45.0000  -37.5000 8946.9658   12.6725
   -7.5000  -37.5000  -37.5000 9176.5625   12.6738
    0.0000  -37.5000  -37.5000 9687.8584   12.6741
    7.5000  -37.5000  -37.5000 9351.9014   12.6774
   -7.5000  -30.0000  -37.5000 9879.0049   12.6737
    0.0000  -30.0000  -37.500010436.3848   12.6686
    7.5000  -30.0000  -37.500010060.1934   12.6730
   -7.5000  -22.5000  -37.500010598.7549   12.6663
    0.0000  -22.5000  -37.500011158.0742   12.6565
    7.5000  -22.5000  -37.500010763.0674   12.6610
   -7.5000  -15.0000  -37.500011230.6377   12.6607
    0.0000  -15.0000  -37.500011868.1201   12.6510
    7.5000  -15.0000  -37.500011408.2793   12.6545
   -7.5000   -7.5000  -37.500011672.3135   12.6631
    0.0000   -7.5000  -37.500012289.3174   12.6591
    7.5000   -7.5000  -37.500011817.9561   12.6615
   -7.5000    0.0000  -37.500012003.8135   12.6690
    0.0000    0.0000  -37.500012630.1289   12.6700
    7.5000    0.0000  -37.500012143.6074   12.6725
   -7.5000    7.5000  -37.500011326.3848   12.6738
    0.0000    7.5000  -37.500011926.1924   12.6741
    7.5000    7.5000  -37.500011477.0996   12.6774
   -7.5000   15.0000  -37.500010545.8135   12.6737
    0.0000   15.0000  -37.500011074.9180   12.6686
    7.5000   15.0000  -37.500010677.9590   12.6730
   -7.5000   22.5000  -37.5000 9713.5586   12.6646
    0.0000   22.5000  -37.500010184.4180   12.6548
    7.5000   22.5000  -37.5000 9818.0645   12.6593
   -7.5000   30.0000  -37.5000 8940.2852   12.4919
    0.0000   30.0000  -37.5000 9374.8652   12.4824
    7.5000   30.0000  -37.5000 9022.0010   12.4858
   -7.5000   37.5000  -37.5000 8465.7969   12.5036
    0.0000   37.5000  -37.5000 8903.1846   12.4996
    7.5000   37.5000  -37.5000 8569.1533   12.5020
   -7.5000   45.0000  -37.5000 7734.3066   12.3412
    0.0000   45.0000  -37.5000 8102.7178   12.3421
    7.5000   45.0000  -37.5000 7811.6328   12.3446
   -7.5000  -45.0000  -30.0000 9549.5020   13.1406
    0.0000  -45.0000  -30.000010054.1787   13.1436
    7.5000  -45.0000  -30.0000 9681.9209   13.1469
   -7.5000  -37.5000  -30.0000 9922.6543   13.1391
    0.0000  -37.5000  -30.000010472.9766   13.1412
    7.5000  -37.5000  -30.000010096.4971   13.1448
   -7.5000  -30.0000  -30.000010643.8193   13.1296
    0.0000  -30.0000  -30.000011233.6221   13.1262
    7.5000  -30.0000  -30.000010836.2500   13.1309
   -7.5000  -22.5000  -30.000011384.3965   13.1190
    0.0000  -22.5000  -30.000012010.4521   13.1106
    7.5000  -22.5000  -30.000011574.7988   13.1161
   -7.5000  -15.0000  -30.000012067.5020   13.1185
    0.0000  -15.0000  -30.000012776.4658   13.1100
    7.5000  -15.0000  -30.000012279.9092   13.1150
   -7.5000   -7.5000  -30.000012515.2676   13.1306
    0.0000   -7.5000  -30.000013220.8350   13.1280
    7.5000   -7.5000  -30.000012703.4219   13.1320
   -7.5000    0.0000  -30.000012834.8105   13.1406
    0.0000    0.0000  -30.000013541.3330   13.1436
    7.5000    0.0000  -30.000013019.6387   13.1469
   -7.5000    7.5000  -30.000012184.2695   13.1391
    0.0000    7.5000  -30.000012825.0449   13.1412
    7.5000    7.5000  -30.000012365.5049   13.1448
   -7.5000   15.0000  -30.000011337.8047   13.1296
    0.0000   15.0000  -30.000011915.1240   13.1262
    7.5000   15.0000  -30.000011472.9541   13.1309
   -7.5000   22.5000  -30.000010406.5869   13.1158
    0.0000   22.5000  -30.000010901.2256   13.1074
    7.5000   22.5000  -30.000010519.5264   13.1129
   -7.5000   30.0000  -30.0000 9548.4404   12.9450
    0.0000   30.0000  -30.000010020.4932   12.9366
    7.5000   30.0000  -30.0000 9659.5928   12.9414
   -7.5000   37.5000  -30.0000 9035.2627   12.9674
    0.0000   37.5000  -30.0000 9510.1553   12.9648
    7.5000   37.5000  -30.0000 9168.1543   12.9687
   -7.5000   45.0000  -30.0000 8229.9336   12.8117
    0.0000   45.0000  -30.0000 8641.1885   12.8145
    7.5000   45.0000  -30.0000 8336.7100   12.8181
   -7.5000  -45.0000  -22.500010285.0479   13.5795
    0.0000  -45.0000  -22.500010835.3506   13.5839
    7.5000  -45.0000  -22.500010436.7930   13.5886
   -7.5000  -37.5000  -22.500010702.1562   13.5756
    0.0000  -37.5000  -22.500011306.0557   13.5792
    7.5000  -37.5000  -22.500010896.0674   13.5836
   -7.5000  -30.0000  -22.500011479.9014   13.5609
    0.0000  -30.0000  -22.500012110.1797   13.5596
    7.5000  -30.0000  -22.500011679.4209   13.5649
   -7.5000  -22.5000  -22.500012268.9473   13.5464
    0.0000  -22.5000  -22.500012946.6748   13.5404
    7.5000  -22.5000  -22.500012472.1582   13.5473
   -7.5000  -15.0000  -22.500012979.0186   13.5476
    0.0000  -15.0000  -22.500013719.9756   13.5412
    7.5000  -15.0000  -22.500013195.2812   13.5484
   -7.5000   -7.5000  -22.500013443.3193   13.5660
    0.0000   -7.5000  -22.500014164.5869   13.5650
    7.5000   -7.5000  -22.500013644.7832   13.5710
   -7.5000    0.0000  -22.500013758.2236   13.5794
    0.0000    0.0000  -22.500014488.7158   13.5838
    7.5000    0.0000  -22.500013934.6055   13.5886
   -7.5000    7.5000  -22.500013109.3711   13.5756
    0.0000    7.5000  -22.500013787.4248   13.5792
    7.5000    7.5000  -22.500013262.9619   13.5836
   -7.5000   15.0000  -22.500012206.1357   13.5609
    0.0000   15.0000  -22.500012818.8555   13.5596
    7.5000   15.0000  -22.500012331.9873   13.5649
   -7.5000   22.5000  -22.500011160.0713   13.5422
    0.0000   22.5000  -22.500011697.1279   13.5362
    7.5000   22.5000  -22.500011277.2441   13.5431
   -7.5000   30.0000  -22.500010193.1631   13.3704
    0.0000   30.0000  -22.500010697.6475   13.3641
    7.5000   30.0000  -22.500010318.7939   13.3711
   -7.5000   37.5000  -22.5000 9641.0527   13.3996
    0.0000   37.5000  -22.500010126.3691   13.3987
    7.5000   37.5000  -22.5000 9774.6641   13.4046
   -7.5000   45.0000  -22.5000 8736.2510   13.2523
    0.0000   45.0000  -22.5000 9195.2471   13.2565
    7.5000   45.0000  -22.5000 8872.4521   13.2614
   -7.5000  -45.0000  -15.000011011.9316   13.9133
    0.0000  -45.0000  -15.000011604.0430   13.9170
    7.5000  -45.0000  -15.000011190.8779   13.9219
   -7.5000  -37.5000  -15.000011464.1621   13.9142
    0.0000  -37.5000  -15.000012128.9326   13.9177
    7.5000  -37.5000  -15.000011699.4102   13.9223
   -7.5000  -30.0000  -15.000012307.5488   13.9023
    0.0000  -30.0000  -15.000012997.5488   13.9015
    7.5000  -30.0000  -15.000012558.6006   13.9072
   -7.5000  -22.5000  -15.000013156.7510   13.8848
    0.0000  -22.5000  -15.000013920.5293   13.8795
    7.5000  -22.5000  -15.000013435.8848   13.8869
   -7.5000  -15.0000  -15.000013932.1553   13.8814
    0.0000  -15.0000  -15.000014733.0752   13.8753
    7.5000  -15.0000  -15.000014180.7324   13.8829
   -7.5000   -7.5000  -15.000014427.7598   13.8980
    0.0000   -7.5000  -15.000015202.6953   13.8966
    7.5000   -7.5000  -15.000014642.3047   13.9027
   -7.5000    0.0000  -15.000014696.2295   13.9133
    0.0000    0.0000  -15.000015479.7012   13.9169
    7.5000    0.0000  -15.000014892.3672   13.9219
   -7.5000    7.5000  -15.000014038.5791   13.9142
    0.0000    7.5000  -15.000014760.5166   13.9177
    7.5000    7.5000  -15.000014190.2188   13.9223
   -7.5000   15.0000  -15.000013091.4209   13.9023
    0.0000   15.0000  -15.000013731.6699   13.9015
    7.5000   15.0000  -15.000013223.8496   13.9072
   -7.5000   22.5000  -15.000011954.3633   13.8799
    0.0000   22.5000  -15.000012513.9961   13.8746
    7.5000   22.5000  -15.000012079.0957   13.8820
   -7.5000   30.0000  -15.000010903.4756   13.7018
    0.0000   30.0000  -15.000011426.1963   13.6958
    7.5000   30.0000  -15.000011035.4629   13.7032
   -7.5000   37.5000  -15.000010319.7451   13.7286
    0.0000   37.5000  -15.000010808.6553   13.7274
    7.5000   37.5000  -15.000010429.4717   13.7334
   -7.5000   45.0000  -15.0000 9309.7412   13.5869
    0.0000   45.0000  -15.0000 9774.2090   13.5907
    7.5000   45.0000  -15.0000 9438.0576   13.5956
   -7.5000  -45.0000   -7.500011777.0078   14.0752
    0.0000  -45.0000   -7.500012450.2393   14.0765
    7.5000  -45.0000   -7.500012031.6582   14.0800
   -7.5000  -37.5000   -7.500012278.8086   14.0834
    0.0000  -37.5000   -7.500013047.1309   14.0847
    7.5000  -37.5000   -7.500012599.7568   14.0889
   -7.5000  -30.0000   -7.500013185.4160   14.0804
    0.0000  -30.0000   -7.500014005.6592   14.0774
    7.5000  -30.0000   -7.500013550.0850   14.0830
   -7.5000  -22.5000   -7.500014093.1953   14.0645
    0.0000  -22.5000   -7.500015002.3408   14.0568
    7.5000  -22.5000   -7.500014477.9121   14.0636
   -7.5000  -15.0000   -7.500014965.0244   14.0548
    0.0000  -15.0000   -7.500015848.4893   14.0463
    7.5000  -15.0000   -7.500015260.6748   14.0524
   -7.5000   -7.5000   -7.500015481.6719   14.0624
    0.0000   -7.5000   -7.500016341.7480   14.0587
    7.5000   -7.5000   -7.500015747.2100   14.0629
   -7.5000    0.0000   -7.500015738.0557   14.0752
    0.0000    0.0000   -7.500016616.1914   14.0765
    7.5000    0.0000   -7.500015996.3066   14.0799
   -7.5000    7.5000   -7.500014989.1670   14.0834
    0.0000    7.5000   -7.500015778.8369   14.0847
    7.5000    7.5000   -7.500015192.9189   14.0889
   -7.5000   15.0000   -7.500013995.9902   14.0804
    0.0000   15.0000   -7.500014697.9756   14.0774
    7.5000   15.0000   -7.500014170.2598   14.0830
   -7.5000   22.5000   -7.500012796.5732   14.0580
    0.0000   22.5000   -7.500013393.6045   14.0503
    7.5000   22.5000   -7.500012931.9844   14.0571
   -7.5000   30.0000   -7.500011680.9824   13.8725
    0.0000   30.0000   -7.500012231.5293   13.8642
    7.5000   30.0000   -7.500011826.3691   13.8702
   -7.5000   37.5000   -7.500011020.1387   13.8896
    0.0000   37.5000   -7.500011552.9121   13.8859
    7.5000   37.5000   -7.500011157.1406   13.8901
   -7.5000   45.0000   -7.5000 9923.4160   13.7444
    0.0000   45.0000   -7.500010420.4541   13.7460
    7.5000   45.0000   -7.500010053.6611   13.7493
   -7.5000  -45.0000    0.000012470.8984   14.0962
    0.0000  -45.0000    0.000013207.5254   14.0958
    7.5000  -45.0000    0.000012747.8838   14.0978
   -7.5000  -37.5000    0.000013055.1992   14.1069
    0.0000  -37.5000    0.000013894.6455   14.1063
    7.5000  -37.5000    0.000013398.2070   14.1099
   -7.5000  -30.0000    0.000014021.8096   14.1095
    0.0000  -30.0000    0.000014956.5117   14.1038
    7.5000  -30.0000    0.000014488.5996   14.1091
   -7.5000  -22.5000    0.000014990.7705   14.0976
    0.0000  -22.5000    0.000016027.9834   14.0868
    7.5000  -22.5000    0.000015489.4482   14.0926
   -7.5000  -15.0000    0.000015904.5967   14.0860
    0.0000  -15.0000    0.000016899.0098   14.0749
    7.5000  -15.0000    0.000016285.8975   14.0793
   -7.5000   -7.5000    0.000016507.4375   14.0871
    0.0000   -7.5000    0.000017499.2285   14.0814
    7.5000   -7.5000    0.000016835.7207   14.0838
   -7.5000    0.0000    0.000016761.6055   14.0962
    0.0000    0.0000    0.000017789.5508   14.0958
    7.5000    0.0000    0.000017090.2227   14.0978
   -7.5000    7.5000    0.000015888.6768   14.1069
    0.0000    7.5000    0.000016790.9805   14.1063
    7.5000    7.5000    0.000016152.5850   14.1099
   -7.5000   15.0000    0.000014841.5127   14.1095
    0.0000   15.0000    0.000015649.7666   14.1038
    7.5000   15.0000    0.000015068.8477   14.1091
   -7.5000   22.5000    0.000013582.1523   14.0911
    0.0000   22.5000    0.000014302.4346   14.0803
    7.5000   22.5000    0.000013776.5410   14.0861
   -7.5000   30.0000    0.000012419.1992   13.9037
    0.0000   30.0000    0.000013105.7646   13.8928
    7.5000   30.0000    0.000012617.4229   13.8971
   -7.5000   37.5000    0.000011724.5488   13.9141
    0.0000   37.5000    0.000012362.2451   13.9085
    7.5000   37.5000    0.000011909.4512   13.9108
   -7.5000   45.0000    0.000010549.4609   13.7626
    0.0000   45.0000    0.000011120.3643   13.7623
    7.5000   45.0000    0.000010711.5488   13.7642
   -7.5000  -45.0000    7.500012122.1719   14.0887
    0.0000  -45.0000    7.500012863.4844   14.0894
    7.5000  -45.0000    7.500012426.4717   14.0915
   -7.5000  -37.5000    7.500012765.1924   14.0937
    0.0000  -37.5000    7.500013596.2461   14.0937
    7.5000  -37.5000    7.500013123.3457   14.0970
   -7.5000  -30.0000    7.500013799.3271   14.0921
    0.0000  -30.0000    7.500014791.8525   14.0863
    7.5000  -30.0000    7.500014337.6553   14.0913
   -7.5000  -22.5000    7.500014825.6328   14.0827
    0.0000  -22.5000    7.500015985.0527   14.0716
    7.5000  -22.5000    7.500015429.5098   14.0769
   -7.5000  -15.0000    7.500015757.6826   14.0766
    0.0000  -15.0000    7.500016926.3203   14.0654
    7.5000  -15.0000    7.500016253.4609   14.0694
   -7.5000   -7.5000    7.500016329.0186   14.0809
    0.0000   -7.5000    7.500017526.9922   14.0759
    7.5000   -7.5000    7.500016760.1094   14.0782
   -7.5000    0.0000    7.500016582.5332   14.0887
    0.0000    0.0000    7.500017771.1035   14.0894
    7.5000    0.0000    7.500016968.4551   14.0915
   -7.5000    7.5000    7.500015640.6963   14.0937
    0.0000    7.5000    7.500016708.7363   14.0937
    7.5000    7.5000    7.500015971.3066   14.0970
   -7.5000   15.0000    7.500014540.6885   14.0921
    0.0000   15.0000    7.500015518.7959   14.0863
    7.5000   15.0000    7.500014866.9082   14.0913
   -7.5000   22.5000    7.500013356.5908   14.0762
    0.0000   22.5000    7.500014217.7881   14.0651
    7.5000   22.5000    7.500013616.8193   14.0704
   -7.5000   30.0000    7.500012211.7080   13.8944
    0.0000   30.0000    7.500013019.9258   13.8834
    7.5000   30.0000    7.500012488.0723   13.8873
   -7.5000   37.5000    7.500011564.0762   13.9088
    0.0000   37.5000    7.500012301.1133   13.9039
    7.5000   37.5000    7.500011797.0088   13.9062
   -7.5000   45.0000    7.500010386.6133   13.7554
    0.0000   45.0000    7.500011038.1396   13.7560
    7.5000   45.0000    7.500010605.9082   13.7581
   -7.5000  -45.0000   15.000011739.3975   14.0880
    0.0000  -45.0000   15.000012381.6807   14.0912
    7.5000  -45.0000   15.000011984.7617   14.0947
   -7.5000  -37.5000   15.000012378.1211   14.0856
    0.0000  -37.5000   15.000013134.7275   14.0878
    7.5000  -37.5000   15.000012680.6406   14.0914
   -7.5000  -30.0000   15.000013460.4590   14.0753
    0.0000  -30.0000   15.000014546.8818   14.0715
    7.5000  -30.0000   15.000014046.6494   14.0765
   -7.5000  -22.5000   15.000014558.1211   14.0646
    0.0000  -22.5000   15.000016079.3633   14.0556
    7.5000  -22.5000   15.000015448.7227   14.0615
   -7.5000  -15.0000   15.000015494.0225   14.0649
    0.0000  -15.0000   15.000017169.7578   14.0559
    7.5000  -15.0000   15.000016355.1758   14.0613
   -7.5000   -7.5000   15.000016026.9980   14.0779
    0.0000   -7.5000   15.000017651.2793   14.0752
    7.5000   -7.5000   15.000016687.6797   14.0795
   -7.5000    0.0000   15.000016135.8291   14.0880
    0.0000    0.0000   15.000017595.9434   14.0912
    7.5000    0.0000   15.000016645.6855   14.0947
   -7.5000    7.5000   15.000015128.9766   14.0856
    0.0000    7.5000   15.000016330.7129   14.0878
    7.5000    7.5000   15.000015534.2754   14.0914
   -7.5000   15.0000   15.000014091.2178   14.0753
    0.0000   15.0000   15.000015105.7793   14.0715
    7.5000   15.0000   15.000014418.7969   14.0765
   -7.5000   22.5000   15.000012933.8262   14.0581
    0.0000   22.5000   15.000013818.0117   14.0491
    7.5000   22.5000   15.000013229.8711   14.0551
   -7.5000   30.0000   15.000011843.7900   13.8829
    0.0000   30.0000   15.000012625.4746   13.8740
    7.5000   30.0000   15.000012106.6504   13.8793
   -7.5000   37.5000   15.000011229.6934   13.9070
    0.0000   37.5000   15.000011927.8154   13.9043
    7.5000   37.5000   15.000011452.2334   13.9085
   -7.5000   45.0000   15.000010068.6064   13.7573
    0.0000   45.0000   15.000010696.2861   13.7603
    7.5000   45.0000   15.000010277.6406   13.7641
   -7.5000  -45.0000   22.500011209.1377   14.0961
    0.0000  -45.0000   22.500011960.8291   14.1006
    7.5000  -45.0000   22.500011529.5439   14.1056
   -7.5000  -37.5000   22.500011818.9043   14.0921
    0.0000  -37.5000   22.500012725.1982   14.0959
    7.5000  -37.5000   22.500012213.0137   14.1004
   -7.5000  -30.0000   22.500012870.2002   14.0769
    0.0000  -30.0000   22.500014061.7617   14.0756
    7.5000  -30.0000   22.500013464.1982   14.0810
   -7.5000  -22.5000   22.500013954.9775   14.0619
    0.0000  -22.5000   22.500015582.2676   14.0556
    7.5000  -22.5000   22.500014846.3320   14.0628
   -7.5000  -15.0000   22.500014935.6885   14.0631
    0.0000  -15.0000   22.500016688.6406   14.0565
    7.5000  -15.0000   22.500015857.0830   14.0639
   -7.5000   -7.5000   22.500015428.1084   14.0821
    0.0000   -7.5000   22.500016987.5312   14.0811
    7.5000   -7.5000   22.500016128.8545   14.0873
   -7.5000    0.0000   22.500015496.2480   14.0960
    0.0000    0.0000   22.500016814.4648   14.1006
    7.5000    0.0000   22.500016008.1025   14.1056
   -7.5000    7.5000   22.500014439.1543   14.0921
    0.0000    7.5000   22.500015513.9238   14.0959
    7.5000    7.5000   22.500014849.2695   14.1004
   -7.5000   15.0000   22.500013441.4199   14.0769
    0.0000   15.0000   22.500014346.1260   14.0756
    7.5000   15.0000   22.500013757.0312   14.0810
   -7.5000   22.5000   22.500012378.7891   14.0554
    0.0000   22.5000   22.500013166.3115   14.0491
    7.5000   22.5000   22.500012628.9854   14.0563
   -7.5000   30.0000   22.500011359.1035   13.8811
    0.0000   30.0000   22.500012072.1729   13.8746
    7.5000   30.0000   22.500011592.1289   13.8819
   -7.5000   37.5000   22.500010758.6729   13.9114
    0.0000   37.5000   22.500011416.8018   13.9104
    7.5000   37.5000   22.500010960.4619   13.9166
   -7.5000   45.0000   22.5000 9672.8916   13.7684
    0.0000   45.0000   22.500010250.8633   13.7728
    7.5000   45.0000   22.5000 9844.6543   13.7779
   -7.5000  -45.0000   30.000010560.3682   14.1055
    0.0000  -45.0000   30.000011361.8564   14.1092
    7.5000  -45.0000   30.000010899.2686   14.1142
   -7.5000  -37.5000   30.000011164.4219   14.1064
    0.0000  -37.5000   30.000012061.0449   14.1099
    7.5000  -37.5000   30.000011528.5879   14.1146
   -7.5000  -30.0000   30.000012171.3115   14.0943
    0.0000  -30.0000   30.000013222.3389   14.0935
    7.5000  -30.0000   30.000012638.4434   14.0992
   -7.5000  -22.5000   30.000013177.8457   14.0766
    0.0000  -22.5000   30.000014374.5840   14.0712
    7.5000  -22.5000   30.000013748.4463   14.0787
   -7.5000  -15.0000   30.000014062.8428   14.0732
    0.0000  -15.0000   30.000015173.9766   14.0670
    7.5000  -15.0000   30.000014542.5166   14.0747
   -7.5000   -7.5000   30.000014539.6846   14.0899
    0.0000   -7.5000   30.000015562.1084   14.0886
    7.5000   -7.5000   30.000014907.7383   14.0947
   -7.5000    0.0000   30.000014695.3945   14.1055
    0.0000    0.0000   30.000015665.0967   14.1091
    7.5000    0.0000   30.000015002.5146   14.1141
   -7.5000    7.5000   30.000013697.2188   14.1064
    0.0000    7.5000   30.000014604.1074   14.1099
    7.5000    7.5000   30.000013987.0703   14.1146
   -7.5000   15.0000   30.000012736.5430   14.0943
    0.0000   15.0000   30.000013561.4639   14.0935
    7.5000   15.0000   30.000012992.6543   14.0992
   -7.5000   22.5000   30.000011737.0576   14.0701
    0.0000   22.5000   30.000012474.1865   14.0647
    7.5000   22.5000   30.000011947.5752   14.0722
   -7.5000   30.0000   30.000010755.1875   13.8910
    0.0000   30.0000   30.000011451.9043   13.8849
    7.5000   30.0000   30.000010972.3770   13.8925
   -7.5000   37.5000   30.000010147.2354   13.9183
    0.0000   37.5000   30.000010780.0029   13.9170
    7.5000   37.5000   30.000010339.5293   13.9231
   -7.5000   45.0000   30.0000 9108.2578   13.7782
    0.0000   45.0000   30.0000 9648.1631   13.7820
    7.5000   45.0000   30.0000 9261.4014   13.7870
   -7.5000  -45.0000   37.500010232.4102   14.1619
    0.0000  -45.0000   37.500010901.7549   14.1632
    7.5000  -45.0000   37.500010465.4307   14.1665
   -7.5000  -37.5000   37.500010811.8633   14.1702
    0.0000  -37.5000   37.500011541.2783   14.1715
    7.5000  -37.5000   37.500011083.1133   14.1756
   -7.5000  -30.0000   37.500011774.7500   14.1672
    0.0000  -30.0000   37.500012629.9727   14.1641
    7.5000  -30.0000   37.500012131.5430   14.1698
   -7.5000  -22.5000   37.500012690.8730   14.1511
    0.0000  -22.5000   37.500013630.7861   14.1433
    7.5000  -22.5000   37.500013108.0059   14.1502
   -7.5000  -15.0000   37.500013469.4590   14.1412
    0.0000  -15.0000   37.500014329.8369   14.1328
    7.5000  -15.0000   37.500013777.9336   14.1389
   -7.5000   -7.5000   37.500013969.6250   14.1489
    0.0000   -7.5000   37.500014814.5400   14.1452
    7.5000   -7.5000   37.500014218.6348   14.1493
   -7.5000    0.0000   37.500014250.1162   14.1619
    0.0000    0.0000   37.500015108.0332   14.1631
    7.5000    0.0000   37.500014460.5293   14.1665
   -7.5000    7.5000   37.500013339.2139   14.1702
    0.0000    7.5000   37.500014161.8135   14.1715
    7.5000    7.5000   37.500013555.1533   14.1756
   -7.5000   15.0000   37.500012416.2188   14.1672
    0.0000   15.0000   37.500013180.5869   14.1641
    7.5000   15.0000   37.500012627.7100   14.1698
   -7.5000   22.5000   37.500011447.5811   14.1446
    0.0000   22.5000   37.500012147.9404   14.1368
    7.5000   22.5000   37.500011628.1738   14.1437
   -7.5000   30.0000   37.500010462.1533   13.9582
    0.0000   30.0000   37.500011112.7666   13.9499
    7.5000   30.0000   37.500010653.9590   13.9559
   -7.5000   37.5000   37.5000 9847.7119   13.9754
    0.0000   37.5000   37.500010452.9531   13.9718
    7.5000   37.5000   37.500010022.7324   13.9759
   -7.5000   45.0000   37.5000 8834.8057   13.8308
    0.0000   45.0000   37.5000 9337.5723   13.8323
    7.5000   45.0000   37.5000 8968.2480   13.8356
   -7.5000  -45.0000   45.0000 9461.0869   14.3425
    0.0000  -45.0000   45.000010021.5781   14.3414
    7.5000  -45.0000   45.0000 9631.0664   14.3433
   -7.5000  -37.5000   45.000010007.1143   14.3507
    0.0000  -37.5000   45.000010599.5713   14.3491
    7.5000  -37.5000   45.000010201.5605   14.3523
   -7.5000  -30.0000   45.000010883.8223   14.3510
    0.0000  -30.0000   45.000011565.9990   14.3444
    7.5000  -30.0000   45.000011144.2930   14.3497
   -7.5000  -22.5000   45.000011678.7979   14.3396
    0.0000  -22.5000   45.000012426.6133   14.3282
    7.5000  -22.5000   45.000011965.7988   14.3345
   -7.5000  -15.0000   45.000012371.5332   14.3306
    0.0000  -15.0000   45.000013068.2549   14.3192
    7.5000  -15.0000   45.000012555.1582   14.3240
   -7.5000   -7.5000   45.000012888.2422   14.3338
    0.0000   -7.5000   45.000013620.5137   14.3277
    7.5000   -7.5000   45.000013061.4844   14.3303
   -7.5000    0.0000   45.000013208.5986   14.3425
    0.0000    0.0000   45.000013981.4434   14.3414
    7.5000    0.0000   45.000013376.3320   14.3433
   -7.5000    7.5000   45.000012424.3799   14.3507
    0.0000    7.5000   45.000013136.9922   14.3491
    7.5000    7.5000   45.000012588.0820   14.3523
   -7.5000   15.0000   45.000011553.8057   14.3510
    0.0000   15.0000   45.000012210.3477   14.3444
    7.5000   15.0000   45.000011713.6182   14.3497
   -7.5000   22.5000   45.000010673.1250   14.3329
    0.0000   22.5000   45.000011282.5840   14.3216
    7.5000   22.5000   45.000010816.0127   14.3278
   -7.5000   30.0000   45.0000 9763.4805   14.1439
    0.0000   30.0000   45.000010327.6465   14.1326
    7.5000   30.0000   45.0000 9903.2021   14.1374
   -7.5000   37.5000   45.0000 9172.0098   14.1562
    0.0000   37.5000   45.0000 9682.1973   14.1502
    7.5000   37.5000   45.0000 9288.2207   14.1528
   -7.5000   45.0000   45.0000 8222.9492   14.0085
    0.0000   45.0000   45.0000 8665.1084   14.0075
    7.5000   45.0000   45.0000 8320.6367   14.0093

---------------------------------------------------------------------
imgreg_4dfp /opt/freesurfer/average/711-2C_as_mni_average_305 /opt/freesurfer/average/711-2B_as_mni_average_305_mask talsrcimg_g11 none talsrcimg_to_711-2C_as_mni_average_305_t4 4355
---------------------------------------------------------------------

freesurfer imgreg_4dfp.c
/opt/freesurfer/average/711-2C_as_mni_average_305.4dfp.img
       256       256       256         1
  1.000000  1.000000  1.000000
orientation T byte_order littleendian
Reading image: /opt/freesurfer/average/711-2C_as_mni_average_305.4dfp.img
dimensions:      256       256       256
mmppix:       1.0000   -1.0000   -1.0000
center:     128.0000 -129.0000 -129.0000
/opt/freesurfer/average/711-2B_as_mni_average_305_mask.4dfp.img
       256       256       256         1
  1.000000  1.000000  1.000000
orientation T byte_order littleendian
Reading mask: /opt/freesurfer/average/711-2B_as_mni_average_305_mask.4dfp.img (2306576 pixels)
talsrcimg_g11.4dfp.img
       256       256       256         1
  1.000000  1.000000  1.000000
orientation T byte_order littleendian
Reading image: talsrcimg_g11.4dfp.img
dimensions:      256       256       256
mmppix:       1.0000   -1.0000   -1.0000
center:     128.0000 -129.0000 -129.0000
rotation matrix determinant  1.000000
image alignment mode   4355 decimal     1103 hex
   -7.5000  -45.0000  -45.0000 2178.4277   14.3130
    0.0000  -45.0000  -45.0000 2188.7534   14.1994
    7.5000  -45.0000  -45.0000 2189.9971   14.2512
   -7.5000  -37.5000  -45.0000 2210.8938   13.7614
    0.0000  -37.5000  -45.0000 2227.3293   13.6415
    7.5000  -37.5000  -45.0000 2232.8901   13.6883
   -7.5000  -30.0000  -45.0000 2227.1765   13.4282
    0.0000  -30.0000  -45.0000 2250.9377   13.3308
    7.5000  -30.0000  -45.0000 2259.8857   13.3626
   -7.5000  -22.5000  -45.0000 2240.0144   13.4203
    0.0000  -22.5000  -45.0000 2263.5374   13.2572
    7.5000  -22.5000  -45.0000 2264.1853   13.2530
   -7.5000  -15.0000  -45.0000 2232.7375   13.5314
    0.0000  -15.0000  -45.0000 2257.1440   13.3640
    7.5000  -15.0000  -45.0000 2256.1660   13.3531
   -7.5000   -7.5000  -45.0000 2212.0774   13.8340
    0.0000   -7.5000  -45.0000 2238.7646   13.6418
    7.5000   -7.5000  -45.0000 2238.7544   13.6283
   -7.5000    0.0000  -45.0000 2182.2981   14.3972
    0.0000    0.0000  -45.0000 2207.7571   14.1636
    7.5000    0.0000  -45.0000 2205.6858   14.1637
   -7.5000    7.5000  -45.0000 2136.3840   15.1499
    0.0000    7.5000  -45.0000 2161.4431   14.9460
    7.5000    7.5000  -45.0000 2159.3647   14.9250
   -7.5000   15.0000  -45.0000 2073.2610   16.1442
    0.0000   15.0000  -45.0000 2101.9277   15.8814
    7.5000   15.0000  -45.0000 2100.5999   15.8619
   -7.5000   22.5000  -45.0000 2002.6958   17.4353
    0.0000   22.5000  -45.0000 2027.8951   17.0702
    7.5000   22.5000  -45.0000 2027.9329   17.0665
   -7.5000   30.0000  -45.0000 1913.3365   19.2305
    0.0000   30.0000  -45.0000 1933.6327   18.7787
    7.5000   30.0000  -45.0000 1929.7866   18.7659
   -7.5000   37.5000  -45.0000 1804.8961   21.7340
    0.0000   37.5000  -45.0000 1835.7391   21.2519
    7.5000   37.5000  -45.0000 1823.1804   21.2129
   -7.5000   45.0000  -45.0000 1695.4038   25.1380
    0.0000   45.0000  -45.0000 1717.3591   24.5400
    7.5000   45.0000  -45.0000 1715.8793   24.3681
   -7.5000  -45.0000  -37.5000 2273.3132   13.3080
    0.0000  -45.0000  -37.5000 2288.3132   13.1811
    7.5000  -45.0000  -37.5000 2287.8242   13.2587
   -7.5000  -37.5000  -37.5000 2301.1899   12.7215
    0.0000  -37.5000  -37.5000 2327.2698   12.6023
    7.5000  -37.5000  -37.5000 2329.8545   12.6477
   -7.5000  -30.0000  -37.5000 2323.4490   12.4070
    0.0000  -30.0000  -37.5000 2356.0483   12.2765
    7.5000  -30.0000  -37.5000 2355.8208   12.2854
   -7.5000  -22.5000  -37.5000 2336.4260   12.3197
    0.0000  -22.5000  -37.5000 2362.8127   12.1567
    7.5000  -22.5000  -37.5000 2362.2051   12.1524
   -7.5000  -15.0000  -37.5000 2337.9724   12.3822
    0.0000  -15.0000  -37.5000 2364.7344   12.2042
    7.5000  -15.0000  -37.5000 2361.0176   12.1856
   -7.5000   -7.5000  -37.5000 2328.8564   12.6434
    0.0000   -7.5000  -37.5000 2352.6528   12.4256
    7.5000   -7.5000  -37.5000 2353.0525   12.4323
   -7.5000    0.0000  -37.5000 2295.1870   13.1449
    0.0000    0.0000  -37.5000 2321.8557   12.9135
    7.5000    0.0000  -37.5000 2317.0920   12.9188
   -7.5000    7.5000  -37.5000 2242.1863   13.8204
    0.0000    7.5000  -37.5000 2272.4971   13.6168
    7.5000    7.5000  -37.5000 2271.7957   13.5964
   -7.5000   15.0000  -37.5000 2177.6179   14.6998
    0.0000   15.0000  -37.5000 2204.7625   14.4719
    7.5000   15.0000  -37.5000 2206.8384   14.4781
   -7.5000   22.5000  -37.5000 2103.7034   15.8792
    0.0000   22.5000  -37.5000 2128.4329   15.5579
    7.5000   22.5000  -37.5000 2128.5999   15.5459
   -7.5000   30.0000  -37.5000 2010.2363   17.4541
    0.0000   30.0000  -37.5000 2033.9679   17.1180
    7.5000   30.0000  -37.5000 2026.9143   17.1082
   -7.5000   37.5000  -37.5000 1893.3837   19.6937
    0.0000   37.5000  -37.5000 1929.7039   19.3412
    7.5000   37.5000  -37.5000 1918.7090   19.3395
   -7.5000   45.0000  -37.5000 1777.0674   22.6434
    0.0000   45.0000  -37.5000 1800.4056   22.2265
    7.5000   45.0000  -37.5000 1794.6123   22.1194
   -7.5000  -45.0000  -30.0000 2410.4050   12.8732
    0.0000  -45.0000  -30.0000 2429.4614   12.7616
    7.5000  -45.0000  -30.0000 2429.9639   12.7976
   -7.5000  -37.5000  -30.0000 2444.3628   12.2614
    0.0000  -37.5000  -30.0000 2469.5437   12.1366
    7.5000  -37.5000  -30.0000 2472.9941   12.1633
   -7.5000  -30.0000  -30.0000 2463.9109   11.8878
    0.0000  -30.0000  -30.0000 2492.6777   11.7518
    7.5000  -30.0000  -30.0000 2494.4370   11.7763
   -7.5000  -22.5000  -30.0000 2480.4507   11.7673
    0.0000  -22.5000  -30.0000 2505.3787   11.6247
    7.5000  -22.5000  -30.0000 2504.3325   11.6329
   -7.5000  -15.0000  -30.0000 2484.8589   11.7697
    0.0000  -15.0000  -30.0000 2512.3069   11.6323
    7.5000  -15.0000  -30.0000 2510.5684   11.6039
   -7.5000   -7.5000  -30.0000 2474.8152   12.0165
    0.0000   -7.5000  -30.0000 2505.8140   11.8096
    7.5000   -7.5000  -30.0000 2502.9185   11.8335
   -7.5000    0.0000  -30.0000 2441.7454   12.4504
    0.0000    0.0000  -30.0000 2474.3220   12.2681
    7.5000    0.0000  -30.0000 2471.8372   12.2795
   -7.5000    7.5000  -30.0000 2391.8718   13.0812
    0.0000    7.5000  -30.0000 2426.2810   12.9091
    7.5000    7.5000  -30.0000 2424.9009   12.8954
   -7.5000   15.0000  -30.0000 2323.3899   13.9055
    0.0000   15.0000  -30.0000 2355.6577   13.6839
    7.5000   15.0000  -30.0000 2353.6611   13.6961
   -7.5000   22.5000  -30.0000 2235.6252   14.9846
    0.0000   22.5000  -30.0000 2265.1809   14.7293
    7.5000   22.5000  -30.0000 2265.2002   14.7523
   -7.5000   30.0000  -30.0000 2132.4978   16.4652
    0.0000   30.0000  -30.0000 2167.5161   16.1972
    7.5000   30.0000  -30.0000 2160.2168   16.2278
   -7.5000   37.5000  -30.0000 2013.7783   18.5658
    0.0000   37.5000  -30.0000 2054.6160   18.2688
    7.5000   37.5000  -30.0000 2050.6121   18.2845
   -7.5000   45.0000  -30.0000 1886.8125   21.2572
    0.0000   45.0000  -30.0000 1915.9738   20.8992
    7.5000   45.0000  -30.0000 1917.1779   20.9069
   -7.5000  -45.0000  -22.5000 2518.4873   12.3451
    0.0000  -45.0000  -22.5000 2541.8904   12.2559
    7.5000  -45.0000  -22.5000 2542.8494   12.2948
   -7.5000  -37.5000  -22.5000 2561.1155   11.7466
    0.0000  -37.5000  -22.5000 2587.3425   11.6338
    7.5000  -37.5000  -22.5000 2586.1970   11.6529
   -7.5000  -30.0000  -22.5000 2590.7505   11.3258
    0.0000  -30.0000  -22.5000 2615.7280   11.2034
    7.5000  -30.0000  -22.5000 2613.6511   11.2182
   -7.5000  -22.5000  -22.5000 2605.6184   11.1713
    0.0000  -22.5000  -22.5000 2633.0527   11.0317
    7.5000  -22.5000  -22.5000 2628.8345   11.0387
   -7.5000  -15.0000  -22.5000 2607.0139   11.1491
    0.0000  -15.0000  -22.5000 2638.9944   11.0018
    7.5000  -15.0000  -22.5000 2631.7935   10.9964
   -7.5000   -7.5000  -22.5000 2598.6130   11.3661
    0.0000   -7.5000  -22.5000 2630.2859   11.1712
    7.5000   -7.5000  -22.5000 2628.7285   11.1933
   -7.5000    0.0000  -22.5000 2569.4514   11.7491
    0.0000    0.0000  -22.5000 2603.1455   11.5894
    7.5000    0.0000  -22.5000 2598.6104   11.5908
   -7.5000    7.5000  -22.5000 2522.7090   12.3431
    0.0000    7.5000  -22.5000 2560.2446   12.1680
    7.5000    7.5000  -22.5000 2556.5200   12.1642
   -7.5000   15.0000  -22.5000 2447.0950   13.1070
    0.0000   15.0000  -22.5000 2487.2024   12.9010
    7.5000   15.0000  -22.5000 2482.7761   12.8979
   -7.5000   22.5000  -22.5000 2354.3582   14.1232
    0.0000   22.5000  -22.5000 2390.4114   13.8655
    7.5000   22.5000  -22.5000 2388.8867   13.8821
   -7.5000   30.0000  -22.5000 2241.4434   15.5225
    0.0000   30.0000  -22.5000 2280.0034   15.2639
    7.5000   30.0000  -22.5000 2270.6543   15.2756
   -7.5000   37.5000  -22.5000 2119.2424   17.4395
    0.0000   37.5000  -22.5000 2156.1216   17.1582
    7.5000   37.5000  -22.5000 2151.2373   17.1576
   -7.5000   45.0000  -22.5000 1978.2905   19.9337
    0.0000   45.0000  -22.5000 2016.6361   19.6454
    7.5000   45.0000  -22.5000 2014.5059   19.6386
   -7.5000  -45.0000  -15.0000 2580.7197   11.8549
    0.0000  -45.0000  -15.0000 2607.7527   11.7378
    7.5000  -45.0000  -15.0000 2608.1064   11.7928
   -7.5000  -37.5000  -15.0000 2632.6426   11.1935
    0.0000  -37.5000  -15.0000 2664.8655   11.1115
    7.5000  -37.5000  -15.0000 2663.5820   11.1341
   -7.5000  -30.0000  -15.0000 2673.1272   10.7699
    0.0000  -30.0000  -15.0000 2704.3203   10.6643
    7.5000  -30.0000  -15.0000 2702.9822   10.6806
   -7.5000  -22.5000  -15.0000 2697.4907   10.5694
    0.0000  -22.5000  -15.0000 2732.0437   10.4493
    7.5000  -22.5000  -15.0000 2729.9136   10.4500
   -7.5000  -15.0000  -15.0000 2702.6416   10.5599
    0.0000  -15.0000  -15.0000 2738.7019   10.3885
    7.5000  -15.0000  -15.0000 2731.1155   10.4007
   -7.5000   -7.5000  -15.0000 2695.9236   10.7562
    0.0000   -7.5000  -15.0000 2736.1265   10.5513
    7.5000   -7.5000  -15.0000 2731.5532   10.5761
   -7.5000    0.0000  -15.0000 2668.7827   11.1349
    0.0000    0.0000  -15.0000 2713.1924   10.9432
    7.5000    0.0000  -15.0000 2706.3906   10.9346
   -7.5000    7.5000  -15.0000 2624.0139   11.6856
    0.0000    7.5000  -15.0000 2668.7422   11.4785
    7.5000    7.5000  -15.0000 2660.8257   11.4774
   -7.5000   15.0000  -15.0000 2543.6328   12.3991
    0.0000   15.0000  -15.0000 2585.2043   12.1925
    7.5000   15.0000  -15.0000 2582.2490   12.1749
   -7.5000   22.5000  -15.0000 2447.9038   13.3514
    0.0000   22.5000  -15.0000 2486.6289   13.1229
    7.5000   22.5000  -15.0000 2484.1201   13.1189
   -7.5000   30.0000  -15.0000 2328.1130   14.6328
    0.0000   30.0000  -15.0000 2368.8931   14.4030
    7.5000   30.0000  -15.0000 2363.3018   14.3983
   -7.5000   37.5000  -15.0000 2200.4431   16.4085
    0.0000   37.5000  -15.0000 2232.6736   16.1470
    7.5000   37.5000  -15.0000 2225.4607   16.1381
   -7.5000   45.0000  -15.0000 2045.5323   18.8225
    0.0000   45.0000  -15.0000 2085.8369   18.4797
    7.5000   45.0000  -15.0000 2077.7256   18.4612
   -7.5000  -45.0000   -7.5000 2619.1807   11.4039
    0.0000  -45.0000   -7.5000 2648.0984   11.2904
    7.5000  -45.0000   -7.5000 2651.8804   11.3424
   -7.5000  -37.5000   -7.5000 2681.8687   10.7046
    0.0000  -37.5000   -7.5000 2720.6875   10.5979
    7.5000  -37.5000   -7.5000 2721.1086   10.6243
   -7.5000  -30.0000   -7.5000 2730.5605   10.2727
    0.0000  -30.0000   -7.5000 2770.7273   10.1567
    7.5000  -30.0000   -7.5000 2769.6033   10.1842
   -7.5000  -22.5000   -7.5000 2764.9380   10.0447
    0.0000  -22.5000   -7.5000 2807.9995    9.9045
    7.5000  -22.5000   -7.5000 2806.7725    9.8962
   -7.5000  -15.0000   -7.5000 2780.2581   10.0406
    0.0000  -15.0000   -7.5000 2820.8552    9.8371
    7.5000  -15.0000   -7.5000 2815.6863    9.8423
   -7.5000   -7.5000   -7.5000 2779.1184   10.2088
    0.0000   -7.5000   -7.5000 2823.0259    9.9854
    7.5000   -7.5000   -7.5000 2818.6990   10.0020
   -7.5000    0.0000   -7.5000 2750.1929   10.5716
    0.0000    0.0000   -7.5000 2804.9868   10.3633
    7.5000    0.0000   -7.5000 2798.4685   10.3536
   -7.5000    7.5000   -7.5000 2701.0854   11.0750
    0.0000    7.5000   -7.5000 2753.8020   10.8626
    7.5000    7.5000   -7.5000 2747.4275   10.8705
   -7.5000   15.0000   -7.5000 2623.8818   11.7422
    0.0000   15.0000   -7.5000 2668.7725   11.5372
    7.5000   15.0000   -7.5000 2667.3081   11.5234
   -7.5000   22.5000   -7.5000 2520.2690   12.6287
    0.0000   22.5000   -7.5000 2560.3665   12.4151
    7.5000   22.5000   -7.5000 2559.5891   12.4040
   -7.5000   30.0000   -7.5000 2396.2332   13.8543
    0.0000   30.0000   -7.5000 2434.7065   13.6265
    7.5000   30.0000   -7.5000 2434.3196   13.6274
   -7.5000   37.5000   -7.5000 2261.2358   15.5506
    0.0000   37.5000   -7.5000 2296.1128   15.2659
    7.5000   37.5000   -7.5000 2290.9983   15.2716
   -7.5000   45.0000   -7.5000 2101.1787   17.7826
    0.0000   45.0000   -7.5000 2138.0669   17.4158
    7.5000   45.0000   -7.5000 2128.0364   17.4196
   -7.5000  -45.0000    0.0000 2638.0645   11.0770
    0.0000  -45.0000    0.0000 2664.5864   10.9712
    7.5000  -45.0000    0.0000 2669.0596   10.9865
   -7.5000  -37.5000    0.0000 2717.6960   10.3574
    0.0000  -37.5000    0.0000 2747.4888   10.2517
    7.5000  -37.5000    0.0000 2746.8394   10.2802
   -7.5000  -30.0000    0.0000 2767.8708    9.9065
    0.0000  -30.0000    0.0000 2804.8093    9.7961
    7.5000  -30.0000    0.0000 2805.6343    9.8255
   -7.5000  -22.5000    0.0000 2813.9331    9.6539
    0.0000  -22.5000    0.0000 2854.0054    9.5238
    7.5000  -22.5000    0.0000 2857.8240    9.5206
   -7.5000  -15.0000    0.0000 2836.8135    9.6344
    0.0000  -15.0000    0.0000 2877.5017    9.4249
    7.5000  -15.0000    0.0000 2871.8579    9.4346
   -7.5000   -7.5000    0.0000 2844.1069    9.8098
    0.0000   -7.5000    0.0000 2894.5598    9.5802
    7.5000   -7.5000    0.0000 2885.4277    9.5862
   -7.5000    0.0000    0.0000 2814.8174   10.1229
    0.0000    0.0000    0.0000 2871.8740    9.9157
    7.5000    0.0000    0.0000 2865.5171    9.9034
   -7.5000    7.5000    0.0000 2758.2114   10.5954
    0.0000    7.5000    0.0000 2808.3330   10.3950
    7.5000    7.5000    0.0000 2806.7014   10.3877
   -7.5000   15.0000    0.0000 2679.2686   11.2393
    0.0000   15.0000    0.0000 2724.8188   11.0051
    7.5000   15.0000    0.0000 2721.7524   11.0102
   -7.5000   22.5000    0.0000 2576.6414   12.1180
    0.0000   22.5000    0.0000 2619.3325   11.8745
    7.5000   22.5000    0.0000 2616.7854   11.8631
   -7.5000   30.0000    0.0000 2452.5718   13.3097
    0.0000   30.0000    0.0000 2494.5996   13.0383
    7.5000   30.0000    0.0000 2490.2900   13.0455
   -7.5000   37.5000    0.0000 2308.2158   14.9350
    0.0000   37.5000    0.0000 2346.2256   14.6181
    7.5000   37.5000    0.0000 2343.0208   14.6382
   -7.5000   45.0000    0.0000 2137.6272   17.0558
    0.0000   45.0000    0.0000 2178.2012   16.6901
    7.5000   45.0000    0.0000 2170.1646   16.6729
   -7.5000  -45.0000    7.5000 2633.2529   10.9007
    0.0000  -45.0000    7.5000 2658.5803   10.7761
    7.5000  -45.0000    7.5000 2661.5598   10.7926
   -7.5000  -37.5000    7.5000 2729.6040   10.1835
    0.0000  -37.5000    7.5000 2752.4927   10.0995
    7.5000  -37.5000    7.5000 2753.3064   10.1118
   -7.5000  -30.0000    7.5000 2794.0400    9.7404
    0.0000  -30.0000    7.5000 2823.7722    9.6655
    7.5000  -30.0000    7.5000 2826.8472    9.6690
   -7.5000  -22.5000    7.5000 2849.7527    9.4705
    0.0000  -22.5000    7.5000 2889.7500    9.3839
    7.5000  -22.5000    7.5000 2894.1592    9.3890
   -7.5000  -15.0000    7.5000 2882.0762    9.4466
    0.0000  -15.0000    7.5000 2931.7375    9.2566
    7.5000  -15.0000    7.5000 2920.0537    9.2725
   -7.5000   -7.5000    7.5000 2887.0557    9.5566
    0.0000   -7.5000    7.5000 2948.9934    9.3590
    7.5000   -7.5000    7.5000 2932.3164    9.3550
   -7.5000    0.0000    7.5000 2861.2708    9.8161
    0.0000    0.0000    7.5000 2918.4111    9.6472
    7.5000    0.0000    7.5000 2905.0505    9.6313
   -7.5000    7.5000    7.5000 2802.9050   10.2293
    0.0000    7.5000    7.5000 2856.9551   10.0636
    7.5000    7.5000    7.5000 2850.9995   10.0358
   -7.5000   15.0000    7.5000 2716.0728   10.8380
    0.0000   15.0000    7.5000 2764.6040   10.6706
    7.5000   15.0000    7.5000 2762.2598   10.6400
   -7.5000   22.5000    7.5000 2612.6648   11.7445
    0.0000   22.5000    7.5000 2658.5640   11.5525
    7.5000   22.5000    7.5000 2652.0698   11.5163
   -7.5000   30.0000    7.5000 2488.1567   12.9428
    0.0000   30.0000    7.5000 2536.1560   12.7233
    7.5000   30.0000    7.5000 2531.0171   12.7200
   -7.5000   37.5000    7.5000 2347.6045   14.5731
    0.0000   37.5000    7.5000 2386.8772   14.3162
    7.5000   37.5000    7.5000 2379.1067   14.3014
   -7.5000   45.0000    7.5000 2172.9922   16.6145
    0.0000   45.0000    7.5000 2215.4932   16.2933
    7.5000   45.0000    7.5000 2208.0242   16.2676
   -7.5000  -45.0000   15.0000 2614.5491   10.9933
    0.0000  -45.0000   15.0000 2633.5767   10.8158
    7.5000  -45.0000   15.0000 2636.0781   10.8518
   -7.5000  -37.5000   15.0000 2722.6387   10.2684
    0.0000  -37.5000   15.0000 2744.5649   10.1452
    7.5000  -37.5000   15.0000 2744.5657   10.1784
   -7.5000  -30.0000   15.0000 2803.1426    9.8079
    0.0000  -30.0000   15.0000 2836.1292    9.7558
    7.5000  -30.0000   15.0000 2837.4429    9.7700
   -7.5000  -22.5000   15.0000 2875.2920    9.5507
    0.0000  -22.5000   15.0000 2926.7844    9.6014
    7.5000  -22.5000   15.0000 2927.2903    9.5645
   -7.5000  -15.0000   15.0000 2905.5930    9.4650
    0.0000  -15.0000   15.0000 2980.1348    9.4602
    7.5000  -15.0000   15.0000 2964.3872    9.4315
   -7.5000   -7.5000   15.0000 2912.6414    9.5115
    0.0000   -7.5000   15.0000 2988.9226    9.4160
    7.5000   -7.5000   15.0000 2958.6372    9.3668
   -7.5000    0.0000   15.0000 2876.5786    9.6752
    0.0000    0.0000   15.0000 2937.4924    9.5499
    7.5000    0.0000   15.0000 2917.6448    9.4973
   -7.5000    7.5000   15.0000 2824.7869   10.0366
    0.0000    7.5000   15.0000 2873.5366    9.8532
    7.5000    7.5000   15.0000 2870.3267    9.8287
   -7.5000   15.0000   15.0000 2739.7595   10.6511
    0.0000   15.0000   15.0000 2784.8250   10.4486
    7.5000   15.0000   15.0000 2782.2124   10.4325
   -7.5000   22.5000   15.0000 2627.1887   11.5577
    0.0000   22.5000   15.0000 2671.1558   11.3437
    7.5000   22.5000   15.0000 2668.5715   11.3408
   -7.5000   30.0000   15.0000 2501.3325   12.7632
    0.0000   30.0000   15.0000 2546.3105   12.5608
    7.5000   30.0000   15.0000 2540.9812   12.5579
   -7.5000   37.5000   15.0000 2365.7363   14.3551
    0.0000   37.5000   15.0000 2401.9587   14.1251
    7.5000   37.5000   15.0000 2398.0901   14.1214
   -7.5000   45.0000   15.0000 2192.0601   16.3596
    0.0000   45.0000   15.0000 2233.4758   16.0544
    7.5000   45.0000   15.0000 2227.0837   16.0439
   -7.5000  -45.0000   22.5000 2586.0574   11.2653
    0.0000  -45.0000   22.5000 2609.9861   11.1798
    7.5000  -45.0000   22.5000 2606.1624   11.2254
   -7.5000  -37.5000   22.5000 2698.5259   10.5156
    0.0000  -37.5000   22.5000 2733.9561   10.5086
    7.5000  -37.5000   22.5000 2725.3113   10.5290
   -7.5000  -30.0000   22.5000 2792.0918   10.0240
    0.0000  -30.0000   22.5000 2838.1147   10.0710
    7.5000  -30.0000   22.5000 2831.0864   10.0661
   -7.5000  -22.5000   22.5000 2876.9399    9.7617
    0.0000  -22.5000   22.5000 2941.1521    9.8515
    7.5000  -22.5000   22.5000 2929.4343    9.8111
   -7.5000  -15.0000   22.5000 2916.8396    9.6565
    0.0000  -15.0000   22.5000 3002.7908    9.6804
    7.5000  -15.0000   22.5000 2978.9141    9.6656
   -7.5000   -7.5000   22.5000 2916.3918    9.6359
    0.0000   -7.5000   22.5000 2995.4287    9.5726
    7.5000   -7.5000   22.5000 2970.6333    9.5542
   -7.5000    0.0000   22.5000 2874.8250    9.7795
    0.0000    0.0000   22.5000 2930.5994    9.5926
    7.5000    0.0000   22.5000 2914.7942    9.6006
   -7.5000    7.5000   22.5000 2818.9526   10.0875
    0.0000    7.5000   22.5000 2865.3162    9.8670
    7.5000    7.5000   22.5000 2861.5393    9.8700
   -7.5000   15.0000   22.5000 2736.3276   10.6704
    0.0000   15.0000   22.5000 2776.6665   10.4457
    7.5000   15.0000   22.5000 2772.4905   10.4181
   -7.5000   22.5000   22.5000 2631.4238   11.5523
    0.0000   22.5000   22.5000 2669.6584   11.3173
    7.5000   22.5000   22.5000 2666.4409   11.2911
   -7.5000   30.0000   22.5000 2509.8242   12.7573
    0.0000   30.0000   22.5000 2541.7634   12.5063
    7.5000   30.0000   22.5000 2540.9858   12.4982
   -7.5000   37.5000   22.5000 2366.3035   14.3481
    0.0000   37.5000   22.5000 2399.6145   14.0708
    7.5000   37.5000   22.5000 2394.7480   14.0623
   -7.5000   45.0000   22.5000 2192.6289   16.3347
    0.0000   45.0000   22.5000 2227.4670   16.0084
    7.5000   45.0000   22.5000 2223.8101   15.9944
   -7.5000  -45.0000   30.0000 2551.5410   11.7602
    0.0000  -45.0000   30.0000 2576.9258   11.7130
    7.5000  -45.0000   30.0000 2568.1665   11.7399
   -7.5000  -37.5000   30.0000 2665.9387   10.9677
    0.0000  -37.5000   30.0000 2701.3293   10.9370
    7.5000  -37.5000   30.0000 2687.5103   10.9442
   -7.5000  -30.0000   30.0000 2763.6499   10.4055
    0.0000  -30.0000   30.0000 2807.4116   10.3973
    7.5000  -30.0000   30.0000 2796.4705   10.3884
   -7.5000  -22.5000   30.0000 2849.3862   10.0973
    0.0000  -22.5000   30.0000 2913.6665   10.0592
    7.5000  -22.5000   30.0000 2898.3208   10.0301
   -7.5000  -15.0000   30.0000 2893.7693    9.8931
    0.0000  -15.0000   30.0000 2971.6250    9.7450
    7.5000  -15.0000   30.0000 2951.7114    9.7566
   -7.5000   -7.5000   30.0000 2895.2939    9.8662
    0.0000   -7.5000   30.0000 2966.8057    9.6104
    7.5000   -7.5000   30.0000 2949.0312    9.6479
   -7.5000    0.0000   30.0000 2852.8262   10.0538
    0.0000    0.0000   30.0000 2904.4971    9.8016
    7.5000    0.0000   30.0000 2892.9048    9.8061
   -7.5000    7.5000   30.0000 2791.8540   10.4156
    0.0000    7.5000   30.0000 2835.3242   10.2006
    7.5000    7.5000   30.0000 2833.5754   10.1822
   -7.5000   15.0000   30.0000 2706.7468   10.9782
    0.0000   15.0000   30.0000 2746.1667   10.7735
    7.5000   15.0000   30.0000 2741.5190   10.7344
   -7.5000   22.5000   30.0000 2607.9421   11.8021
    0.0000   22.5000   30.0000 2643.8811   11.5973
    7.5000   22.5000   30.0000 2638.9299   11.5562
   -7.5000   30.0000   30.0000 2488.5642   12.9538
    0.0000   30.0000   30.0000 2523.2502   12.7088
    7.5000   30.0000   30.0000 2518.8191   12.6732
   -7.5000   37.5000   30.0000 2344.6299   14.4678
    0.0000   37.5000   30.0000 2376.9978   14.2118
    7.5000   37.5000   30.0000 2372.2173   14.1700
   -7.5000   45.0000   30.0000 2173.2961   16.4566
    0.0000   45.0000   30.0000 2200.6870   16.1092
    7.5000   45.0000   30.0000 2199.7095   16.0707
   -7.5000  -45.0000   37.5000 2515.1243   12.4072
    0.0000  -45.0000   37.5000 2538.2512   12.2556
    7.5000  -45.0000   37.5000 2530.0671   12.2783
   -7.5000  -37.5000   37.5000 2623.2791   11.5350
    0.0000  -37.5000   37.5000 2653.5859   11.3882
    7.5000  -37.5000   37.5000 2645.1584   11.4213
   -7.5000  -30.0000   37.5000 2717.0535   10.9276
    0.0000  -30.0000   37.5000 2759.8970   10.8133
    7.5000  -30.0000   37.5000 2748.4917   10.8198
   -7.5000  -22.5000   37.5000 2796.8223   10.5216
    0.0000  -22.5000   37.5000 2854.2688   10.3863
    7.5000  -22.5000   37.5000 2840.4436   10.3972
   -7.5000  -15.0000   37.5000 2842.9763   10.2468
    0.0000  -15.0000   37.5000 2902.6365    9.9916
    7.5000  -15.0000   37.5000 2888.6001   10.0233
   -7.5000   -7.5000   37.5000 2850.6753   10.2080
    0.0000   -7.5000   37.5000 2908.9019    9.9190
    7.5000   -7.5000   37.5000 2896.4888    9.9273
   -7.5000    0.0000   37.5000 2813.0164   10.4516
    0.0000    0.0000   37.5000 2861.9429   10.1979
    7.5000    0.0000   37.5000 2854.0024   10.1725
   -7.5000    7.5000   37.5000 2746.4211   10.8761
    0.0000    7.5000   37.5000 2789.9983   10.6382
    7.5000    7.5000   37.5000 2786.5608   10.6026
   -7.5000   15.0000   37.5000 2661.9951   11.4804
    0.0000   15.0000   37.5000 2704.2380   11.2486
    7.5000   15.0000   37.5000 2700.6758   11.2155
   -7.5000   22.5000   37.5000 2566.1423   12.2597
    0.0000   22.5000   37.5000 2600.7764   12.0553
    7.5000   22.5000   37.5000 2598.0906   12.0186
   -7.5000   30.0000   37.5000 2443.9397   13.3271
    0.0000   30.0000   37.5000 2478.6550   13.1044
    7.5000   30.0000   37.5000 2475.9729   13.0511
   -7.5000   37.5000   37.5000 2303.6047   14.8032
    0.0000   37.5000   37.5000 2335.6199   14.5476
    7.5000   37.5000   37.5000 2330.3193   14.5096
   -7.5000   45.0000   37.5000 2140.2283   16.7888
    0.0000   45.0000   37.5000 2160.3877   16.4318
    7.5000   45.0000   37.5000 2158.9387   16.3647
   -7.5000  -45.0000   45.0000 2463.9946   13.1774
    0.0000  -45.0000   45.0000 2493.6289   12.9136
    7.5000  -45.0000   45.0000 2482.4272   12.9526
   -7.5000  -37.5000   45.0000 2571.1794   12.2142
    0.0000  -37.5000   45.0000 2602.0942   11.9711
    7.5000  -37.5000   45.0000 2592.9722   12.0118
   -7.5000  -30.0000   45.0000 2661.4399   11.5554
    0.0000  -30.0000   45.0000 2699.4021   11.3254
    7.5000  -30.0000   45.0000 2687.9924   11.3579
   -7.5000  -22.5000   45.0000 2728.0930   11.0739
    0.0000  -22.5000   45.0000 2775.7327   10.8420
    7.5000  -22.5000   45.0000 2767.3213   10.8878
   -7.5000  -15.0000   45.0000 2770.6804   10.7454
    0.0000  -15.0000   45.0000 2817.2566   10.4508
    7.5000  -15.0000   45.0000 2803.4001   10.4775
   -7.5000   -7.5000   45.0000 2779.1685   10.7291
    0.0000   -7.5000   45.0000 2826.6145   10.4594
    7.5000   -7.5000   45.0000 2813.4783   10.4434
   -7.5000    0.0000   45.0000 2745.9045   10.9772
    0.0000    0.0000   45.0000 2794.7327   10.7586
    7.5000    0.0000   45.0000 2782.9705   10.7245
   -7.5000    7.5000   45.0000 2685.9514   11.4555
    0.0000    7.5000   45.0000 2727.5073   11.2075
    7.5000    7.5000   45.0000 2722.9924   11.1778
   -7.5000   15.0000   45.0000 2604.2908   12.0415
    0.0000   15.0000   45.0000 2641.0112   11.8076
    7.5000   15.0000   45.0000 2640.1377   11.7658
   -7.5000   22.5000   45.0000 2510.3799   12.8356
    0.0000   22.5000   45.0000 2541.5369   12.6053
    7.5000   22.5000   45.0000 2540.9150   12.5736
   -7.5000   30.0000   45.0000 2390.0149   13.9064
    0.0000   30.0000   45.0000 2420.7214   13.6733
    7.5000   30.0000   45.0000 2421.4297   13.6138
   -7.5000   37.5000   45.0000 2249.7119   15.3199
    0.0000   37.5000   45.0000 2278.4602   15.0511
    7.5000   37.5000   45.0000 2273.1831   15.0011
   -7.5000   45.0000   45.0000 2090.4202   17.2565
    0.0000   45.0000   45.0000 2113.5664   16.9392
    7.5000   45.0000   45.0000 2111.5803   16.8716

---------------------------------------------------------------------
imgreg_4dfp /opt/freesurfer/average/711-2C_as_mni_average_305 /opt/freesurfer/average/711-2B_as_mni_average_305_mask talsrcimg_g11 none talsrcimg_to_711-2C_as_mni_average_305_t4 1283
---------------------------------------------------------------------

freesurfer imgreg_4dfp.c
/opt/freesurfer/average/711-2C_as_mni_average_305.4dfp.img
       256       256       256         1
  1.000000  1.000000  1.000000
orientation T byte_order littleendian
Reading image: /opt/freesurfer/average/711-2C_as_mni_average_305.4dfp.img
dimensions:      256       256       256
mmppix:       1.0000   -1.0000   -1.0000
center:     128.0000 -129.0000 -129.0000
/opt/freesurfer/average/711-2B_as_mni_average_305_mask.4dfp.img
       256       256       256         1
  1.000000  1.000000  1.000000
orientation T byte_order littleendian
Reading mask: /opt/freesurfer/average/711-2B_as_mni_average_305_mask.4dfp.img (2306576 pixels)
talsrcimg_g11.4dfp.img
       256       256       256         1
  1.000000  1.000000  1.000000
orientation T byte_order littleendian
Reading image: talsrcimg_g11.4dfp.img
dimensions:      256       256       256
mmppix:       1.0000   -1.0000   -1.0000
center:     128.0000 -129.0000 -129.0000
rotation matrix determinant  1.000000
fimgreg.f
image alignment mode   1283 decimal      503 hex
parameters
    0.0000  -15.0000   22.5000    0.0000    0.0000    0.0000
eta,q 0.94225  9.74395
niter,ni,del,rscale     5    3   12.0000    1.2000
parameter  1 -0.732858 -> -0.500000 qaram    1.1500
parameter  4  1.464451 ->  0.500000 qaram    1.1500
parameters
    3.4500  -13.8810   20.1905   -3.4500    1.8873    2.6471
eta,q 0.95556  9.77549
  0.0803  0.0672  0.0526  0.0449  0.0600  0.0584
  0.0720  0.0603  0.0503  0.0463  0.0547  0.0538
  0.0657  0.0553  0.0502  0.0480  0.0500  0.0496
  0.0593  0.0519  0.0511  0.0502  0.0467  0.0460
  0.0540  0.0516  0.0532  0.0528  0.0460  0.0445
  0.0522  0.0549  0.0569  0.0567  0.0475  0.0451
  0.0559  0.0592  0.0616  0.0607  0.0502  0.0474
niter,ni,del,rscale     6    3   12.0000    1.2000
parameter  4  0.764701 ->  0.500000 qaram    1.3225
parameters
    2.8960  -12.9592   20.2801   -7.4175    2.3057    2.4545
eta,q 0.95844  9.76104
  0.0641  0.0612  0.0523  0.0420  0.0527  0.0476
  0.0544  0.0535  0.0480  0.0412  0.0474  0.0447
  0.0464  0.0472  0.0452  0.0427  0.0431  0.0424
  0.0444  0.0442  0.0443  0.0443  0.0414  0.0415
  0.0491  0.0456  0.0449  0.0471  0.0428  0.0425
  0.0591  0.0493  0.0473  0.0513  0.0455  0.0450
  0.0715  0.0528  0.0522  0.0562  0.0499  0.0487
niter,ni,del,rscale     6    3   12.0000    1.2000
parameters
    2.7488  -12.0981   19.3002   -8.2927    2.5431    2.3314
eta,q 0.95896  9.76302
  0.0659  0.0591  0.0473  0.0490  0.0509  0.0465
  0.0540  0.0506  0.0432  0.0428  0.0459  0.0439
  0.0441  0.0437  0.0418  0.0406  0.0422  0.0418
  0.0416  0.0415  0.0418  0.0417  0.0410  0.0410
  0.0461  0.0430  0.0434  0.0442  0.0422  0.0419
  0.0554  0.0460  0.0471  0.0469  0.0449  0.0441
  0.0676  0.0506  0.0525  0.0507  0.0494  0.0471
niter,ni,del,rscale     5    3   12.0000    1.2000
parameters
    2.6788  -11.7994   19.1625   -8.7696    2.6393    2.2909
eta,q 0.95913  9.75961
  0.0659  0.0546  0.0498  0.0498  0.0503  0.0465
  0.0539  0.0473  0.0442  0.0434  0.0455  0.0438
  0.0441  0.0423  0.0414  0.0407  0.0419  0.0418
  0.0410  0.0410  0.0411  0.0411  0.0409  0.0409
  0.0452  0.0429  0.0423  0.0436  0.0421  0.0417
  0.0544  0.0463  0.0452  0.0465  0.0449  0.0438
  0.0668  0.0514  0.0501  0.0500  0.0496  0.0467
niter,ni,del,rscale     4    3   12.0000    1.2000
parameters
    2.6454  -11.6073   19.0677   -9.1054    2.7016    2.2824
eta,q 0.95920  9.75663
  0.0661  0.0538  0.0501  0.0500  0.0501  0.0464
  0.0539  0.0466  0.0442  0.0436  0.0453  0.0437
  0.0440  0.0419  0.0413  0.0408  0.0418  0.0417
  0.0409  0.0409  0.0410  0.0409  0.0408  0.0408
  0.0449  0.0429  0.0422  0.0433  0.0420  0.0415
  0.0541  0.0463  0.0453  0.0463  0.0449  0.0437
  0.0664  0.0513  0.0500  0.0497  0.0497  0.0466
niter,ni,del,rscale     3    3   12.0000    1.2000
parameters
    2.6233  -11.4612   18.9983   -9.3565    2.7402    2.2951
eta,q 0.95919  9.75420
  0.0662  0.0534  0.0504  0.0501  0.0501  0.0464
  0.0538  0.0462  0.0444  0.0438  0.0453  0.0437
  0.0440  0.0416  0.0412  0.0409  0.0418  0.0417
  0.0408  0.0408  0.0409  0.0409  0.0408  0.0408
  0.0448  0.0427  0.0423  0.0430  0.0420  0.0414
  0.0540  0.0462  0.0454  0.0461  0.0449  0.0436
  0.0663  0.0513  0.0501  0.0496  0.0498  0.0465
niter,ni,del,rscale     2    3   12.0000    1.2000
parameters
    2.6067  -11.3405   18.9433   -9.5663    2.7661    2.3110
eta,q 0.95922  9.75186
  0.0664  0.0531  0.0506  0.0501  0.0500  0.0464
  0.0538  0.0459  0.0445  0.0438  0.0452  0.0436
  0.0440  0.0415  0.0412  0.0409  0.0417  0.0417
  0.0408  0.0408  0.0409  0.0409  0.0408  0.0408
  0.0448  0.0426  0.0423  0.0428  0.0420  0.0414
  0.0540  0.0461  0.0455  0.0459  0.0449  0.0435
  0.0663  0.0512  0.0502  0.0495  0.0499  0.0465
niter,ni,del,rscale     1    3   12.0000    1.2000
parameters
    2.5938  -11.2334   18.8965   -9.7483    2.7923    2.3249
eta,q 0.95923  9.74987
  0.0664  0.0530  0.0508  0.0501  0.0501  0.0465
  0.0538  0.0457  0.0446  0.0439  0.0452  0.0436
  0.0440  0.0413  0.0412  0.0409  0.0417  0.0416
  0.0408  0.0408  0.0408  0.0408  0.0408  0.0408
  0.0448  0.0425  0.0424  0.0427  0.0420  0.0414
  0.0540  0.0460  0.0456  0.0458  0.0449  0.0435
  0.0663  0.0511  0.0502  0.0495  0.0500  0.0465
registration optimization eta report
parameter search radius
    6.9000    6.0000    6.0000    7.9350    6.0000    6.0000
100000*second partial in parameter space
       53.       31.       27.       14.       26.       16.
  0.0664  0.0530  0.0508  0.0501  0.0501  0.0465
  0.0538  0.0457  0.0446  0.0439  0.0452  0.0436
  0.0440  0.0413  0.0412  0.0409  0.0417  0.0416
  0.0408  0.0408  0.0408  0.0408  0.0408  0.0408
  0.0448  0.0425  0.0424  0.0427  0.0420  0.0414
  0.0540  0.0460  0.0456  0.0458  0.0449  0.0435
  0.0663  0.0511  0.0502  0.0495  0.0500  0.0465
    2.5938  -11.2334   18.8965   -9.7483    2.7923    2.3249
eta,q 0.95923  9.74987

---------------------------------------------------------------------
imgreg_4dfp /opt/freesurfer/average/711-2C_as_mni_average_305 /opt/freesurfer/average/711-2B_as_mni_average_305_mask talsrcimg_g11 none talsrcimg_to_711-2C_as_mni_average_305_t4 3335
---------------------------------------------------------------------

freesurfer imgreg_4dfp.c
/opt/freesurfer/average/711-2C_as_mni_average_305.4dfp.img
       256       256       256         1
  1.000000  1.000000  1.000000
orientation T byte_order littleendian
Reading image: /opt/freesurfer/average/711-2C_as_mni_average_305.4dfp.img
dimensions:      256       256       256
mmppix:       1.0000   -1.0000   -1.0000
center:     128.0000 -129.0000 -129.0000
/opt/freesurfer/average/711-2B_as_mni_average_305_mask.4dfp.img
       256       256       256         1
  1.000000  1.000000  1.000000
orientation T byte_order littleendian
Reading mask: /opt/freesurfer/average/711-2B_as_mni_average_305_mask.4dfp.img (2306576 pixels)
talsrcimg_g11.4dfp.img
       256       256       256         1
  1.000000  1.000000  1.000000
orientation T byte_order littleendian
Reading image: talsrcimg_g11.4dfp.img
dimensions:      256       256       256
mmppix:       1.0000   -1.0000   -1.0000
center:     128.0000 -129.0000 -129.0000
fimgreg.f
image alignment mode   3335 decimal      D07 hex
parameters
    2.5938  -11.2334   18.8965   -0.2009   -1.4916   -1.5609
   -3.1738   -5.4841    4.0517   16.7234    4.8715  -16.9120
eta,q 0.95942  9.73794
niter,ni,del,rscale     5    3    5.0000    1.2000
parameter  4  0.644632 ->  0.500000 qaram    1.1500
parameter  5  1.677915 ->  0.500000 qaram    1.1500
parameter  6  0.508921 ->  0.500000 qaram    1.1500
parameter 10  0.527793 ->  0.500000 qaram    1.1500
parameter 12  1.169805 ->  0.500000 qaram    1.1500
parameters
    2.3478  -10.7472   18.8639   -4.3409   -5.6316   -5.7009
   -1.6811   -4.7191    4.2289   12.5834    6.1624  -21.0520
eta,q 0.96560  9.31926
  0.0434  0.0445  0.0421  0.0394  0.0359  0.0366  0.0395  0.0408  0.0376  0.0359  0.0358  0.0342
  0.0416  0.0426  0.0411  0.0396  0.0367  0.0363  0.0381  0.0387  0.0368  0.0354  0.0356  0.0343
  0.0407  0.0412  0.0405  0.0398  0.0379  0.0365  0.0369  0.0370  0.0363  0.0354  0.0354  0.0347
  0.0406  0.0405  0.0404  0.0404  0.0397  0.0370  0.0363  0.0362  0.0361  0.0361  0.0353  0.0353
  0.0413  0.0405  0.0407  0.0418  0.0424  0.0381  0.0362  0.0363  0.0362  0.0375  0.0353  0.0360
  0.0427  0.0411  0.0412  0.0441  0.0455  0.0403  0.0367  0.0374  0.0367  0.0395  0.0354  0.0369
  0.0448  0.0422  0.0420  0.0473  0.0474  0.0441  0.0377  0.0393  0.0375  0.0422  0.0355  0.0379
niter,ni,del,rscale     7    3    5.0000    1.2000
parameters
    2.4536  -10.9265   18.1993   -6.3956   -9.0812   -5.7222
   -1.9171   -4.7467    3.1109   14.6551    7.1983  -24.2744
eta,q 0.96665  9.14645
  0.0380  0.0368  0.0350  0.0352  0.0348  0.0370  0.0361  0.0379  0.0349  0.0384  0.0345  0.0340
  0.0361  0.0354  0.0345  0.0344  0.0342  0.0352  0.0349  0.0360  0.0342  0.0362  0.0340  0.0334
  0.0349  0.0346  0.0343  0.0342  0.0339  0.0342  0.0342  0.0345  0.0339  0.0347  0.0338  0.0334
  0.0344  0.0344  0.0344  0.0343  0.0342  0.0340  0.0340  0.0340  0.0340  0.0339  0.0336  0.0336
  0.0347  0.0349  0.0348  0.0346  0.0355  0.0341  0.0343  0.0345  0.0343  0.0336  0.0337  0.0342
  0.0357  0.0360  0.0355  0.0356  0.0380  0.0347  0.0351  0.0359  0.0349  0.0341  0.0338  0.0350
  0.0375  0.0376  0.0365  0.0376  0.0408  0.0375  0.0363  0.0380  0.0357  0.0354  0.0341  0.0361
niter,ni,del,rscale     6    3    5.0000    1.2000
parameters
    2.4792  -10.0144   17.7176   -6.7727  -11.4387   -6.7551
   -1.8396   -4.7241    2.2790   18.3197    7.5829  -24.5106
eta,q 0.96777  9.00570
  0.0366  0.0375  0.0339  0.0345  0.0341  0.0354  0.0353  0.0370  0.0341  0.0378  0.0331  0.0337
  0.0349  0.0357  0.0332  0.0334  0.0334  0.0338  0.0340  0.0350  0.0333  0.0356  0.0326  0.0328
  0.0337  0.0342  0.0329  0.0329  0.0330  0.0330  0.0332  0.0334  0.0329  0.0340  0.0323  0.0324
  0.0333  0.0333  0.0330  0.0329  0.0329  0.0329  0.0329  0.0329  0.0329  0.0329  0.0322  0.0322
  0.0337  0.0330  0.0334  0.0331  0.0336  0.0333  0.0332  0.0334  0.0332  0.0323  0.0323  0.0324
  0.0348  0.0332  0.0341  0.0336  0.0355  0.0346  0.0340  0.0349  0.0338  0.0323  0.0325  0.0330
  0.0365  0.0339  0.0351  0.0348  0.0382  0.0377  0.0351  0.0370  0.0346  0.0332  0.0329  0.0338
niter,ni,del,rscale     5    3    5.0000    1.2000
parameter  2 -0.511375 -> -0.500000 qaram    1.1500
parameters
    2.5527   -8.6344   16.6341   -8.5154  -15.3026   -8.5902
   -1.4657   -4.7804    2.2247   22.0170    6.8434  -24.4841
eta,q 0.97032  8.67069
  0.0357  0.0370  0.0318  0.0325  0.0311  0.0323  0.0332  0.0348  0.0324  0.0361  0.0305  0.0311
  0.0338  0.0349  0.0315  0.0315  0.0307  0.0310  0.0318  0.0325  0.0313  0.0338  0.0300  0.0303
  0.0327  0.0333  0.0314  0.0311  0.0307  0.0304  0.0308  0.0309  0.0306  0.0318  0.0297  0.0298
  0.0322  0.0322  0.0317  0.0314  0.0312  0.0306  0.0304  0.0304  0.0304  0.0304  0.0297  0.0297
  0.0325  0.0317  0.0322  0.0320  0.0320  0.0313  0.0306  0.0310  0.0306  0.0297  0.0299  0.0299
  0.0336  0.0317  0.0331  0.0326  0.0337  0.0327  0.0314  0.0327  0.0314  0.0299  0.0303  0.0304
  0.0353  0.0322  0.0342  0.0337  0.0364  0.0356  0.0327  0.0349  0.0325  0.0308  0.0309  0.0310
niter,ni,del,rscale     5    3    5.0000    1.2000
parameters
    2.5626   -7.4693   15.7702   -9.3484  -17.2475   -9.4088
   -1.3541   -4.7578    2.6133   23.2009    5.8570  -24.4084
eta,q 0.97148  8.50386
  0.0332  0.0359  0.0295  0.0311  0.0301  0.0310  0.0314  0.0333  0.0312  0.0331  0.0293  0.0299
  0.0313  0.0332  0.0291  0.0297  0.0292  0.0296  0.0300  0.0309  0.0299  0.0309  0.0288  0.0292
  0.0301  0.0311  0.0289  0.0289  0.0287  0.0287  0.0290  0.0292  0.0290  0.0293  0.0286  0.0287
  0.0297  0.0297  0.0291  0.0289  0.0288  0.0286  0.0286  0.0286  0.0286  0.0286  0.0285  0.0285
  0.0301  0.0291  0.0296  0.0297  0.0295  0.0292  0.0289  0.0292  0.0288  0.0287  0.0288  0.0287
  0.0313  0.0293  0.0304  0.0307  0.0306  0.0301  0.0298  0.0309  0.0295  0.0295  0.0293  0.0292
  0.0331  0.0302  0.0316  0.0317  0.0325  0.0323  0.0313  0.0332  0.0307  0.0311  0.0299  0.0298
niter,ni,del,rscale     4    3    5.0000    1.2000
parameters
    2.5478   -6.9494   15.2869   -9.4984  -17.7140  -10.0527
   -1.4629   -4.6810    2.8760   23.7796    5.4161  -24.4169
eta,q 0.97169  8.45098
  0.0319  0.0331  0.0292  0.0313  0.0305  0.0306  0.0310  0.0331  0.0308  0.0322  0.0293  0.0297
  0.0301  0.0309  0.0287  0.0297  0.0294  0.0293  0.0296  0.0307  0.0295  0.0301  0.0287  0.0289
  0.0289  0.0293  0.0284  0.0286  0.0286  0.0285  0.0286  0.0289  0.0286  0.0288  0.0284  0.0285
  0.0285  0.0285  0.0284  0.0284  0.0283  0.0283  0.0283  0.0283  0.0283  0.0283  0.0283  0.0283
  0.0289  0.0285  0.0288  0.0290  0.0288  0.0289  0.0287  0.0289  0.0285  0.0286  0.0285  0.0285
  0.0301  0.0292  0.0294  0.0301  0.0297  0.0297  0.0297  0.0305  0.0293  0.0295  0.0290  0.0290
  0.0320  0.0306  0.0303  0.0312  0.0312  0.0316  0.0312  0.0329  0.0305  0.0312  0.0296  0.0296
niter,ni,del,rscale     3    3    5.0000    1.2000
parameters
    2.5675   -6.7330   14.9975   -9.5119  -17.9036  -10.4691
   -1.5730   -4.6234    2.9958   24.0579    5.2191  -24.3971
eta,q 0.97172  8.42700
  0.0318  0.0321  0.0293  0.0314  0.0306  0.0306  0.0310  0.0330  0.0306  0.0318  0.0294  0.0296
  0.0299  0.0301  0.0287  0.0297  0.0294  0.0294  0.0295  0.0306  0.0294  0.0299  0.0288  0.0289
  0.0287  0.0288  0.0284  0.0286  0.0286  0.0285  0.0286  0.0289  0.0286  0.0286  0.0284  0.0284
  0.0283  0.0283  0.0283  0.0283  0.0283  0.0283  0.0283  0.0283  0.0283  0.0283  0.0283  0.0283
  0.0287  0.0286  0.0286  0.0289  0.0286  0.0288  0.0286  0.0288  0.0285  0.0287  0.0284  0.0285
  0.0298  0.0295  0.0291  0.0300  0.0295  0.0296  0.0296  0.0305  0.0293  0.0296  0.0289  0.0289
  0.0317  0.0310  0.0300  0.0311  0.0309  0.0312  0.0311  0.0329  0.0305  0.0313  0.0295  0.0296
niter,ni,del,rscale     2    3    5.0000    1.2000
parameters
    2.5908   -6.6228   14.8243   -9.4987  -18.0022  -10.7400
   -1.6458   -4.5859    3.0468   24.1972    5.1238  -24.3561
eta,q 0.97173  8.41339
  0.0317  0.0317  0.0294  0.0314  0.0306  0.0307  0.0310  0.0330  0.0306  0.0316  0.0294  0.0296
  0.0299  0.0298  0.0288  0.0297  0.0294  0.0294  0.0296  0.0306  0.0293  0.0298  0.0288  0.0289
  0.0287  0.0287  0.0284  0.0286  0.0286  0.0285  0.0286  0.0289  0.0285  0.0286  0.0284  0.0284
  0.0283  0.0283  0.0283  0.0283  0.0283  0.0283  0.0283  0.0283  0.0283  0.0283  0.0283  0.0283
  0.0286  0.0286  0.0285  0.0289  0.0286  0.0287  0.0286  0.0288  0.0285  0.0287  0.0284  0.0284
  0.0298  0.0296  0.0290  0.0300  0.0294  0.0295  0.0296  0.0305  0.0293  0.0297  0.0288  0.0289
  0.0316  0.0311  0.0298  0.0311  0.0308  0.0311  0.0311  0.0329  0.0305  0.0313  0.0294  0.0296
niter,ni,del,rscale     1    3    5.0000    1.2000
parameters
    2.6066   -6.5603   14.7156   -9.4867  -18.0527  -10.9123
   -1.6842   -4.5632    3.0729   24.2753    5.0683  -24.3342
eta,q 0.97172  8.40539
  0.0317  0.0316  0.0295  0.0314  0.0306  0.0307  0.0310  0.0329  0.0305  0.0316  0.0294  0.0296
  0.0298  0.0297  0.0288  0.0297  0.0294  0.0294  0.0296  0.0306  0.0293  0.0297  0.0288  0.0289
  0.0287  0.0286  0.0284  0.0286  0.0286  0.0285  0.0286  0.0289  0.0285  0.0286  0.0284  0.0284
  0.0283  0.0283  0.0283  0.0283  0.0283  0.0283  0.0283  0.0283  0.0283  0.0283  0.0283  0.0283
  0.0286  0.0286  0.0285  0.0289  0.0285  0.0287  0.0286  0.0288  0.0285  0.0287  0.0284  0.0284
  0.0298  0.0297  0.0289  0.0300  0.0294  0.0295  0.0296  0.0305  0.0293  0.0297  0.0288  0.0289
  0.0316  0.0312  0.0297  0.0311  0.0308  0.0309  0.0311  0.0329  0.0305  0.0314  0.0294  0.0296
registration optimization eta report
parameter search radius
    2.4000    2.7600    2.4000    8.2800    8.2800    8.2800
    7.2000    7.2000    7.2000    8.2800    7.2000    8.2800
100000*second partial in parameter space
       59.       41.       23.        4.        4.        4.
        5.        9.        4.        5.        2.        2.
  0.0317  0.0316  0.0295  0.0314  0.0306  0.0307  0.0310  0.0329  0.0305  0.0316  0.0294  0.0296
  0.0298  0.0297  0.0288  0.0297  0.0294  0.0294  0.0296  0.0306  0.0293  0.0297  0.0288  0.0289
  0.0287  0.0286  0.0284  0.0286  0.0286  0.0285  0.0286  0.0289  0.0285  0.0286  0.0284  0.0284
  0.0283  0.0283  0.0283  0.0283  0.0283  0.0283  0.0283  0.0283  0.0283  0.0283  0.0283  0.0283
  0.0286  0.0286  0.0285  0.0289  0.0285  0.0287  0.0286  0.0288  0.0285  0.0287  0.0284  0.0284
  0.0298  0.0297  0.0289  0.0300  0.0294  0.0295  0.0296  0.0305  0.0293  0.0297  0.0288  0.0289
  0.0316  0.0312  0.0297  0.0311  0.0308  0.0309  0.0311  0.0329  0.0305  0.0314  0.0294  0.0296
    2.6066   -6.5603   14.7156   -9.4867  -18.0527  -10.9123
   -1.6842   -4.5632    3.0729   24.2753    5.0683  -24.3342
eta,q 0.97172  8.40539

---------------------------------------------------------------------
imgreg_4dfp /opt/freesurfer/average/711-2C_as_mni_average_305 /opt/freesurfer/average/711-2B_as_mni_average_305_mask talsrcimg_g11 none talsrcimg_to_711-2C_as_mni_average_305_t4 2311
---------------------------------------------------------------------

freesurfer imgreg_4dfp.c
/opt/freesurfer/average/711-2C_as_mni_average_305.4dfp.img
       256       256       256         1
  1.000000  1.000000  1.000000
orientation T byte_order littleendian
Reading image: /opt/freesurfer/average/711-2C_as_mni_average_305.4dfp.img
dimensions:      256       256       256
mmppix:       1.0000   -1.0000   -1.0000
center:     128.0000 -129.0000 -129.0000
/opt/freesurfer/average/711-2B_as_mni_average_305_mask.4dfp.img
       256       256       256         1
  1.000000  1.000000  1.000000
orientation T byte_order littleendian
Reading mask: /opt/freesurfer/average/711-2B_as_mni_average_305_mask.4dfp.img (2306576 pixels)
talsrcimg_g11.4dfp.img
       256       256       256         1
  1.000000  1.000000  1.000000
orientation T byte_order littleendian
Reading image: talsrcimg_g11.4dfp.img
dimensions:      256       256       256
mmppix:       1.0000   -1.0000   -1.0000
center:     128.0000 -129.0000 -129.0000
fimgreg.f
image alignment mode   2311 decimal      907 hex
parameters
    2.6066   -6.5603   14.7156   -9.4867  -18.0527  -10.9123
   -1.6842   -4.5632    3.0729   24.2753    5.0683  -24.3342
eta,q 0.97172  8.40539
niter,ni,del,rscale     5    3    5.0000    0.8000
parameters
    2.6159   -6.5784   14.6609   -9.8099  -17.8089  -11.0068
   -1.6887   -4.5434    3.0444   24.0565    5.0320  -24.3432
eta,q 0.97175  8.39304
  0.0298  0.0293  0.0288  0.0294  0.0292  0.0292  0.0296  0.0305  0.0293  0.0293  0.0288  0.0287
  0.0290  0.0287  0.0285  0.0287  0.0287  0.0287  0.0289  0.0293  0.0287  0.0286  0.0285  0.0285
  0.0285  0.0284  0.0283  0.0284  0.0284  0.0283  0.0284  0.0285  0.0284  0.0283  0.0283  0.0283
  0.0283  0.0283  0.0283  0.0283  0.0283  0.0283  0.0283  0.0283  0.0283  0.0283  0.0283  0.0282
  0.0284  0.0284  0.0283  0.0285  0.0283  0.0284  0.0284  0.0285  0.0284  0.0285  0.0283  0.0283
  0.0289  0.0288  0.0286  0.0290  0.0286  0.0287  0.0289  0.0293  0.0287  0.0288  0.0285  0.0285
  0.0298  0.0294  0.0289  0.0297  0.0291  0.0292  0.0296  0.0305  0.0293  0.0294  0.0288  0.0287
niter,ni,del,rscale     4    3    5.0000    0.7000
parameters
    2.6206   -6.6005   14.6726   -9.8648  -17.7531  -11.0620
   -1.6876   -4.5266    3.0500   23.9525    5.0287  -24.3330
eta,q 0.97175  8.38900
  0.0294  0.0291  0.0287  0.0292  0.0290  0.0290  0.0293  0.0300  0.0291  0.0291  0.0287  0.0286
  0.0288  0.0286  0.0285  0.0287  0.0286  0.0286  0.0287  0.0290  0.0286  0.0286  0.0284  0.0284
  0.0284  0.0283  0.0283  0.0284  0.0283  0.0283  0.0284  0.0284  0.0283  0.0283  0.0283  0.0283
  0.0283  0.0282  0.0282  0.0282  0.0282  0.0282  0.0282  0.0282  0.0282  0.0282  0.0282  0.0282
  0.0284  0.0284  0.0283  0.0284  0.0283  0.0284  0.0284  0.0284  0.0283  0.0284  0.0283  0.0283
  0.0288  0.0286  0.0284  0.0287  0.0286  0.0286  0.0287  0.0290  0.0286  0.0287  0.0284  0.0284
  0.0294  0.0291  0.0287  0.0293  0.0289  0.0290  0.0293  0.0300  0.0290  0.0291  0.0287  0.0286
niter,ni,del,rscale     3    3    5.0000    0.6000
parameters
    2.6216   -6.6214   14.6707   -9.8702  -17.7197  -11.1172
   -1.6833   -4.5215    3.0541   23.8555    5.0321  -24.3049
eta,q 0.97176  8.38625
  0.0291  0.0288  0.0286  0.0290  0.0288  0.0288  0.0290  0.0295  0.0288  0.0289  0.0285  0.0285
  0.0286  0.0285  0.0284  0.0286  0.0285  0.0285  0.0286  0.0288  0.0285  0.0285  0.0284  0.0284
  0.0283  0.0283  0.0283  0.0283  0.0283  0.0283  0.0283  0.0284  0.0283  0.0283  0.0283  0.0283
  0.0282  0.0282  0.0282  0.0282  0.0282  0.0282  0.0282  0.0282  0.0282  0.0282  0.0282  0.0282
  0.0283  0.0283  0.0283  0.0283  0.0283  0.0283  0.0283  0.0284  0.0283  0.0283  0.0283  0.0283
  0.0286  0.0285  0.0284  0.0286  0.0285  0.0285  0.0286  0.0288  0.0285  0.0286  0.0284  0.0284
  0.0291  0.0289  0.0286  0.0290  0.0288  0.0288  0.0290  0.0295  0.0288  0.0289  0.0285  0.0285
niter,ni,del,rscale     2    3    5.0000    0.5000
parameters
    2.6214   -6.6354   14.6687   -9.8680  -17.6951  -11.1575
   -1.6790   -4.5243    3.0594   23.7637    5.0238  -24.2514
eta,q 0.97176  8.38383
  0.0288  0.0287  0.0285  0.0288  0.0286  0.0286  0.0288  0.0291  0.0287  0.0287  0.0284  0.0284
  0.0285  0.0284  0.0283  0.0285  0.0284  0.0284  0.0285  0.0286  0.0284  0.0284  0.0283  0.0283
  0.0283  0.0283  0.0283  0.0283  0.0283  0.0283  0.0283  0.0283  0.0283  0.0283  0.0283  0.0283
  0.0282  0.0282  0.0282  0.0282  0.0282  0.0282  0.0282  0.0282  0.0282  0.0282  0.0282  0.0282
  0.0283  0.0283  0.0283  0.0283  0.0283  0.0283  0.0283  0.0283  0.0283  0.0283  0.0283  0.0283
  0.0285  0.0284  0.0283  0.0285  0.0284  0.0284  0.0285  0.0286  0.0284  0.0285  0.0283  0.0283
  0.0288  0.0287  0.0285  0.0288  0.0286  0.0286  0.0288  0.0291  0.0287  0.0287  0.0285  0.0284
niter,ni,del,rscale     1    3    5.0000    0.4000
parameters
    2.6187   -6.6481   14.6672   -9.8672  -17.6590  -11.2091
   -1.6681   -4.5228    3.0555   23.6615    5.0593  -24.2119
eta,q 0.97177  8.38128
  0.0286  0.0285  0.0284  0.0286  0.0285  0.0285  0.0286  0.0288  0.0285  0.0285  0.0284  0.0284
  0.0284  0.0284  0.0283  0.0284  0.0283  0.0283  0.0284  0.0285  0.0284  0.0283  0.0283  0.0283
  0.0283  0.0283  0.0283  0.0283  0.0283  0.0283  0.0283  0.0283  0.0283  0.0283  0.0282  0.0282
  0.0282  0.0282  0.0282  0.0282  0.0282  0.0282  0.0282  0.0282  0.0282  0.0282  0.0282  0.0282
  0.0283  0.0283  0.0283  0.0283  0.0283  0.0283  0.0283  0.0283  0.0283  0.0283  0.0282  0.0282
  0.0284  0.0284  0.0283  0.0284  0.0283  0.0284  0.0284  0.0285  0.0284  0.0284  0.0283  0.0283
  0.0286  0.0285  0.0284  0.0286  0.0285  0.0285  0.0286  0.0288  0.0285  0.0285  0.0284  0.0283
registration optimization eta report
parameter search radius
    0.8000    0.8000    0.8000    2.4000    2.4000    2.4000
    2.4000    2.4000    2.4000    2.4000    2.4000    2.4000
100000*second partial in parameter space
       59.       43.       23.        6.        4.        5.
        6.       10.        5.        5.        2.        2.
  0.0286  0.0285  0.0284  0.0286  0.0285  0.0285  0.0286  0.0288  0.0285  0.0285  0.0284  0.0284
  0.0284  0.0284  0.0283  0.0284  0.0283  0.0283  0.0284  0.0285  0.0284  0.0283  0.0283  0.0283
  0.0283  0.0283  0.0283  0.0283  0.0283  0.0283  0.0283  0.0283  0.0283  0.0283  0.0282  0.0282
  0.0282  0.0282  0.0282  0.0282  0.0282  0.0282  0.0282  0.0282  0.0282  0.0282  0.0282  0.0282
  0.0283  0.0283  0.0283  0.0283  0.0283  0.0283  0.0283  0.0283  0.0283  0.0283  0.0282  0.0282
  0.0284  0.0284  0.0283  0.0284  0.0283  0.0284  0.0284  0.0285  0.0284  0.0284  0.0283  0.0283
  0.0286  0.0285  0.0284  0.0286  0.0285  0.0285  0.0286  0.0288  0.0285  0.0285  0.0284  0.0283
    2.6187   -6.6481   14.6672   -9.8672  -17.6590  -11.2091
   -1.6681   -4.5228    3.0555   23.6615    5.0593  -24.2119
eta,q 0.97177  8.38128

---------------------------------------------------------------------
imgreg_4dfp /opt/freesurfer/average/711-2C_as_mni_average_305 /opt/freesurfer/average/711-2B_as_mni_average_305_mask talsrcimg_g11 none talsrcimg_to_711-2C_as_mni_average_305_t4 2311
---------------------------------------------------------------------

freesurfer imgreg_4dfp.c
/opt/freesurfer/average/711-2C_as_mni_average_305.4dfp.img
       256       256       256         1
  1.000000  1.000000  1.000000
orientation T byte_order littleendian
Reading image: /opt/freesurfer/average/711-2C_as_mni_average_305.4dfp.img
dimensions:      256       256       256
mmppix:       1.0000   -1.0000   -1.0000
center:     128.0000 -129.0000 -129.0000
/opt/freesurfer/average/711-2B_as_mni_average_305_mask.4dfp.img
       256       256       256         1
  1.000000  1.000000  1.000000
orientation T byte_order littleendian
Reading mask: /opt/freesurfer/average/711-2B_as_mni_average_305_mask.4dfp.img (2306576 pixels)
talsrcimg_g11.4dfp.img
       256       256       256         1
  1.000000  1.000000  1.000000
orientation T byte_order littleendian
Reading image: talsrcimg_g11.4dfp.img
dimensions:      256       256       256
mmppix:       1.0000   -1.0000   -1.0000
center:     128.0000 -129.0000 -129.0000
fimgreg.f
image alignment mode   2311 decimal      907 hex
parameters
    2.6187   -6.6481   14.6672   -9.8672  -17.6590  -11.2091
   -1.6681   -4.5228    3.0555   23.6615    5.0593  -24.2119
eta,q 0.97177  8.38129
niter,ni,del,rscale     5    3    5.0000    0.8000
parameters
    2.6191   -6.6417   14.6586   -9.8361  -17.7122  -11.0849
   -1.6814   -4.5158    3.0541   23.9433    5.0199  -24.3104
eta,q 0.97176  8.39097
  0.0298  0.0293  0.0288  0.0295  0.0291  0.0293  0.0296  0.0305  0.0293  0.0295  0.0288  0.0287
  0.0289  0.0287  0.0285  0.0288  0.0287  0.0287  0.0288  0.0293  0.0287  0.0288  0.0285  0.0284
  0.0284  0.0284  0.0283  0.0284  0.0283  0.0284  0.0284  0.0285  0.0284  0.0284  0.0283  0.0283
  0.0282  0.0282  0.0282  0.0282  0.0282  0.0282  0.0282  0.0282  0.0282  0.0282  0.0282  0.0282
  0.0284  0.0284  0.0283  0.0284  0.0283  0.0284  0.0284  0.0285  0.0284  0.0284  0.0283  0.0283
  0.0289  0.0287  0.0285  0.0288  0.0287  0.0287  0.0288  0.0293  0.0287  0.0287  0.0285  0.0285
  0.0298  0.0293  0.0288  0.0295  0.0292  0.0291  0.0296  0.0305  0.0293  0.0292  0.0288  0.0287
niter,ni,del,rscale     4    3    5.0000    0.7000
parameters
    2.6228   -6.6198   14.6625   -9.8626  -17.7260  -11.0919
   -1.6842   -4.5183    3.0507   23.9311    5.0156  -24.3306
eta,q 0.97176  8.38878
  0.0294  0.0291  0.0287  0.0292  0.0289  0.0290  0.0293  0.0300  0.0290  0.0291  0.0287  0.0286
  0.0288  0.0286  0.0284  0.0287  0.0286  0.0286  0.0287  0.0290  0.0286  0.0286  0.0284  0.0284
  0.0284  0.0283  0.0283  0.0284  0.0283  0.0283  0.0284  0.0284  0.0283  0.0283  0.0283  0.0283
  0.0282  0.0282  0.0282  0.0282  0.0282  0.0282  0.0282  0.0282  0.0282  0.0282  0.0282  0.0282
  0.0284  0.0283  0.0283  0.0284  0.0283  0.0284  0.0284  0.0284  0.0283  0.0284  0.0283  0.0283
  0.0288  0.0286  0.0284  0.0287  0.0286  0.0286  0.0287  0.0290  0.0286  0.0287  0.0284  0.0284
  0.0294  0.0290  0.0287  0.0293  0.0289  0.0290  0.0293  0.0300  0.0290  0.0291  0.0287  0.0286
niter,ni,del,rscale     3    3    5.0000    0.6000
parameters
    2.6233   -6.6237   14.6698   -9.8678  -17.7106  -11.1215
   -1.6854   -4.5161    3.0468   23.8474    5.0231  -24.3023
eta,q 0.97176  8.38637
  0.0291  0.0289  0.0286  0.0290  0.0288  0.0288  0.0290  0.0295  0.0288  0.0289  0.0286  0.0285
  0.0286  0.0285  0.0284  0.0286  0.0285  0.0285  0.0286  0.0288  0.0285  0.0285  0.0284  0.0284
  0.0283  0.0283  0.0283  0.0283  0.0283  0.0283  0.0283  0.0284  0.0283  0.0283  0.0283  0.0283
  0.0282  0.0282  0.0282  0.0282  0.0282  0.0282  0.0282  0.0282  0.0282  0.0282  0.0282  0.0282
  0.0283  0.0283  0.0283  0.0283  0.0283  0.0283  0.0283  0.0284  0.0283  0.0283  0.0283  0.0283
  0.0286  0.0285  0.0284  0.0286  0.0285  0.0285  0.0286  0.0288  0.0285  0.0286  0.0284  0.0284
  0.0291  0.0289  0.0286  0.0290  0.0288  0.0288  0.0290  0.0295  0.0288  0.0289  0.0286  0.0285
niter,ni,del,rscale     2    3    5.0000    0.5000
parameters
    2.6241   -6.6366   14.6702   -9.8745  -17.6917  -11.1583
   -1.6778   -4.5217    3.0585   23.7658    5.0364  -24.2501
eta,q 0.97177  8.38365
  0.0288  0.0287  0.0285  0.0288  0.0286  0.0286  0.0288  0.0291  0.0287  0.0287  0.0284  0.0284
  0.0285  0.0284  0.0283  0.0285  0.0284  0.0284  0.0285  0.0286  0.0284  0.0284  0.0283  0.0283
  0.0283  0.0283  0.0283  0.0283  0.0283  0.0283  0.0283  0.0283  0.0283  0.0283  0.0283  0.0283
  0.0282  0.0282  0.0282  0.0282  0.0282  0.0282  0.0282  0.0282  0.0282  0.0282  0.0282  0.0282
  0.0283  0.0283  0.0283  0.0283  0.0283  0.0283  0.0283  0.0283  0.0283  0.0283  0.0283  0.0283
  0.0285  0.0284  0.0283  0.0285  0.0284  0.0284  0.0285  0.0286  0.0284  0.0285  0.0283  0.0283
  0.0288  0.0287  0.0285  0.0288  0.0286  0.0287  0.0288  0.0292  0.0287  0.0287  0.0285  0.0284
niter,ni,del,rscale     1    3    5.0000    0.4000
parameters
    2.6220   -6.6495   14.6627   -9.8673  -17.6601  -11.2143
   -1.6736   -4.5214    3.0509   23.6733    5.0645  -24.2077
eta,q 0.97177  8.38125
  0.0286  0.0285  0.0284  0.0286  0.0285  0.0285  0.0286  0.0288  0.0285  0.0285  0.0284  0.0284
  0.0284  0.0284  0.0283  0.0284  0.0283  0.0284  0.0284  0.0285  0.0284  0.0283  0.0283  0.0283
  0.0283  0.0283  0.0283  0.0283  0.0283  0.0283  0.0283  0.0283  0.0283  0.0283  0.0282  0.0282
  0.0282  0.0282  0.0282  0.0282  0.0282  0.0282  0.0282  0.0282  0.0282  0.0282  0.0282  0.0282
  0.0283  0.0283  0.0283  0.0283  0.0283  0.0283  0.0283  0.0283  0.0283  0.0283  0.0282  0.0282
  0.0284  0.0284  0.0283  0.0284  0.0283  0.0284  0.0284  0.0285  0.0284  0.0284  0.0283  0.0283
  0.0286  0.0285  0.0284  0.0286  0.0285  0.0285  0.0286  0.0288  0.0285  0.0285  0.0284  0.0283
registration optimization eta report
parameter search radius
    0.8000    0.8000    0.8000    2.4000    2.4000    2.4000
    2.4000    2.4000    2.4000    2.4000    2.4000    2.4000
100000*second partial in parameter space
       60.       43.       23.        6.        4.        5.
        6.       10.        5.        5.        2.        2.
  0.0286  0.0285  0.0284  0.0286  0.0285  0.0285  0.0286  0.0288  0.0285  0.0285  0.0284  0.0284
  0.0284  0.0284  0.0283  0.0284  0.0283  0.0284  0.0284  0.0285  0.0284  0.0283  0.0283  0.0283
  0.0283  0.0283  0.0283  0.0283  0.0283  0.0283  0.0283  0.0283  0.0283  0.0283  0.0282  0.0282
  0.0282  0.0282  0.0282  0.0282  0.0282  0.0282  0.0282  0.0282  0.0282  0.0282  0.0282  0.0282
  0.0283  0.0283  0.0283  0.0283  0.0283  0.0283  0.0283  0.0283  0.0283  0.0283  0.0282  0.0282
  0.0284  0.0284  0.0283  0.0284  0.0283  0.0284  0.0284  0.0285  0.0284  0.0284  0.0283  0.0283
  0.0286  0.0285  0.0284  0.0286  0.0285  0.0285  0.0286  0.0288  0.0285  0.0285  0.0284  0.0283
    2.6220   -6.6495   14.6627   -9.8673  -17.6601  -11.2143
   -1.6736   -4.5214    3.0509   23.6733    5.0645  -24.2077
eta,q 0.97177  8.38125

---------------------------------------------------------------------
compute_vox2vox talsrcimg talsrcimg_to_711-2C_as_mni_average_305_t4 /opt/freesurfer/average/711-2C_as_mni_average_305
---------------------------------------------------------------------

freesurfer compute_vox2vox.c
Reading: talsrcimg.4dfp.ifh
Reading: talsrcimg_to_711-2C_as_mni_average_305_t4
Reading: /opt/freesurfer/average/711-2C_as_mni_average_305.4dfp.ifh
Writing: talsrcimg_to_711-2C_as_mni_average_305_t4_vox2vox.txt

start time Fri Mar 13 23:36:22 CET 2026
end		time Fri Mar 13 23:37:50 CET 2026

mpr2mni305 success

avi2talxfm orig_nu.mgz /opt/freesurfer/average/mni305.cor.mgz talsrcimg_to_711-2C_as_mni_average_305_t4_vox2vox.txt transforms/talairach.auto.xfm
avi2talxfm done
mv -f /out/sourcedata/freesurfer/sub-v2s7x29800_ses-1/mri/talsrcimg_to_711-2C_as_mni_average_305_t4_vox2vox.txt /out/sourcedata/freesurfer/sub-v2s7x29800_ses-1/mri/transforms/talsrcimg_to_711-2C_as_mni_average_305_t4_vox2vox.txt
lta_convert --src orig_nu.mgz --trg /opt/freesurfer/average/mni305.cor.mgz --inxfm transforms/talairach.auto.xfm --outlta transforms/talairach.auto.xfm.lta --subject fsaverage
7.3.2

--src: orig_nu.mgz src image (geometry).
--trg: /opt/freesurfer/average/mni305.cor.mgz trg image (geometry).
--inmni: transforms/talairach.auto.xfm input MNI/XFM transform.
--outlta: transforms/talairach.auto.xfm.lta output LTA.
--s: fsaverage subject name
 LTA read, type : 1
 1.10563   0.04665   0.03619  -11.04774;
-0.06884   1.04153   0.30481  -28.84121;
-0.02117  -0.30118   1.12550  -26.32883;
 0.00000   0.00000   0.00000   1.00000;
setting subject to fsaverage
Writing  LTA to file transforms/talairach.auto.xfm.lta...
lta_convert successful.
 
 
Started at Fri Mar 13 23:36:21 CET 2026
Ended   at Fri Mar 13 23:37:50 CET 2026
talairach_avi done
