/out/sourcedata/freesurfer/sub-v2s7x29657_ses-1/mri
/opt/freesurfer/bin/talairach_avi
--i orig_nu.mgz --xfm transforms/talairach.auto.xfm
talairach_avi 7.3.2
Linux dna034 5.14.0-427.37.1.el9_4.x86_64 #1 SMP PREEMPT_DYNAMIC Fri Sep 13 12:41:50 EDT 2024 x86_64 x86_64 x86_64 GNU/Linux
Fri Mar 13 21:48:13 CET 2026
mri_convert orig_nu.mgz talsrcimg.img 
reading from orig_nu.mgz...
TR=0.00, TE=0.00, TI=0.00, flip angle=0.00
i_ras = (-1, 0, 0)
j_ras = (0, 0, -1)
k_ras = (0, 1, 0)
writing to talsrcimg.img...
Analyze Output Matrix
-1.00000   0.00000   0.00000   136.87436;
 0.00000   0.00000   1.00000  -124.41757;
 0.00000  -1.00000   0.00000   152.53424;
 0.00000   0.00000   0.00000   1.00000;
--------------------
INFO: set hdr.hist.orient to -1
mpr2mni305 talsrcimg
Fri Mar 13 21:48:14 CET 2026
/opt/freesurfer/bin/mpr2mni305 talsrcimg
mpr2mni305 7.3.2
target=711-2C_as_mni_average_305

---------------------------------------------------------------------
analyzeto4dfp talsrcimg -O0 -y
---------------------------------------------------------------------

freesurfer ifh2hdr.c
Fri Mar 13 21:48:14 2026
Writing: talsrcimg.4dfp.hdr
freesurfer analyzeto4dfp.c
Reading: talsrcimg.hdr
header size 348 bytes
hdr.dime.datatype	offset=70	value=2
hdr.dime.bitpix		offset=72	value=8
hdr.hist.orient		offset=252	value=-1
dimensionality     4
dimensions       256       256       256         1
Reading: talsrcimg.img
Writing: talsrcimg.4dfp.img
Writing: talsrcimg.4dfp.ifh
ifh2hdr talsrcimg -r0to255
ori=2

---------------------------------------------------------------------
gauss_4dfp talsrcimg 1.1
---------------------------------------------------------------------

freesurfer gauss_4dfp.c
Reading: talsrcimg.4dfp.img
Writing: talsrcimg_g11.4dfp.img
image dimensions 256 256 256 padded to 288 288 288
processing volume 1freesurfer ifh2hdr.c
Fri Mar 13 21:48:15 2026
Writing: talsrcimg_g11.4dfp.hdr

Writing: talsrcimg_g11.4dfp.ifh
including: talsrcimg.4dfp.img.rec in talsrcimg_g11.4dfp.img.rec

---------------------------------------------------------------------
imgreg_4dfp /opt/freesurfer/average/711-2C_as_mni_average_305 none talsrcimg_g11 none talsrcimg_to_711-2C_as_mni_average_305_t4 4355
---------------------------------------------------------------------

freesurfer imgreg_4dfp.c
/opt/freesurfer/average/711-2C_as_mni_average_305.4dfp.img
       256       256       256         1
  1.000000  1.000000  1.000000
orientation T byte_order littleendian
Reading image: /opt/freesurfer/average/711-2C_as_mni_average_305.4dfp.img
dimensions:      256       256       256
mmppix:       1.0000   -1.0000   -1.0000
center:     128.0000 -129.0000 -129.0000
talsrcimg_g11.4dfp.img
       256       256       256         1
  1.000000  1.000000  1.000000
orientation T byte_order littleendian
Reading image: talsrcimg_g11.4dfp.img
dimensions:      256       256       256
mmppix:       1.0000   -1.0000   -1.0000
center:     128.0000 -129.0000 -129.0000
t4_read: open error in t4_sub.f l:  41 t4_file(1:l)talsrcimg_to_711-2C_as_mni_average_305_t4 
t4_read: transform initialized to I4
rotation matrix determinant  1.000000
image alignment mode   4355 decimal     1103 hex
   -7.5000  -45.0000  -45.0000 8626.4609   11.3320
    0.0000  -45.0000  -45.0000 9035.4746   11.3365
    7.5000  -45.0000  -45.0000 8686.1826   11.3306
   -7.5000  -37.5000  -45.0000 8919.9375   11.3338
    0.0000  -37.5000  -45.0000 9356.9150   11.3365
    7.5000  -37.5000  -45.0000 8975.6045   11.3282
   -7.5000  -30.0000  -45.0000 9523.5498   11.3325
    0.0000  -30.0000  -45.0000 9991.7041   11.3328
    7.5000  -30.0000  -45.0000 9593.0303   11.3205
   -7.5000  -22.5000  -45.000010145.3408   11.3287
    0.0000  -22.5000  -45.000010660.2100   11.3290
    7.5000  -22.5000  -45.000010227.4902   11.3152
   -7.5000  -15.0000  -45.000010709.1436   11.3268
    0.0000  -15.0000  -45.000011243.7158   11.3291
    7.5000  -15.0000  -45.000010796.4062   11.3179
   -7.5000   -7.5000  -45.000011088.1895   11.3288
    0.0000   -7.5000  -45.000011627.5420   11.3329
    7.5000   -7.5000  -45.000011132.8848   11.3257
   -7.5000    0.0000  -45.000011455.5420   11.3320
    0.0000    0.0000  -45.000011994.8682   11.3365
    7.5000    0.0000  -45.000011452.0586   11.3306
   -7.5000    7.5000  -45.000010844.0801   11.3338
    0.0000    7.5000  -45.000011357.8506   11.3365
    7.5000    7.5000  -45.000010849.3701   11.3282
   -7.5000   15.0000  -45.0000 9994.3115   11.3325
    0.0000   15.0000  -45.000010469.6406   11.3328
    7.5000   15.0000  -45.0000 9992.5176   11.3205
   -7.5000   22.5000  -45.0000 9168.6416   11.3271
    0.0000   22.5000  -45.0000 9611.2100   11.3274
    7.5000   22.5000  -45.0000 9126.2246   11.3137
   -7.5000   30.0000  -45.0000 8364.6406   11.1758
    0.0000   30.0000  -45.0000 8792.6172   11.1781
    7.5000   30.0000  -45.0000 8332.0146   11.1671
   -7.5000   37.5000  -45.0000 7879.3892   11.1780
    0.0000   37.5000  -45.0000 8258.3955   11.1821
    7.5000   37.5000  -45.0000 7844.1372   11.1749
   -7.5000   45.0000  -45.0000 7068.7397   10.9709
    0.0000   45.0000  -45.0000 7380.8716   10.9744
    7.5000   45.0000  -45.0000 6996.6348   10.9676
   -7.5000  -45.0000  -37.5000 9203.7295   11.2687
    0.0000  -45.0000  -37.5000 9670.4385   11.2690
    7.5000  -45.0000  -37.5000 9269.0029   11.2617
   -7.5000  -37.5000  -37.5000 9500.3652   11.2647
    0.0000  -37.5000  -37.5000 9989.0195   11.2640
    7.5000  -37.5000  -37.5000 9576.4414   11.2583
   -7.5000  -30.0000  -37.500010153.8047   11.2565
    0.0000  -30.0000  -37.500010672.1162   11.2561
    7.5000  -30.0000  -37.500010221.6631   11.2480
   -7.5000  -22.5000  -37.500010810.6768   11.2522
    0.0000  -22.5000  -37.500011364.3428   11.2535
    7.5000  -22.5000  -37.500010885.2861   11.2412
   -7.5000  -15.0000  -37.500011376.1592   11.2555
    0.0000  -15.0000  -37.500011969.1738   11.2579
    7.5000  -15.0000  -37.500011463.8984   11.2442
   -7.5000   -7.5000  -37.500011768.4463   11.2637
    0.0000   -7.5000  -37.500012375.6270   11.2655
    7.5000   -7.5000  -37.500011836.3770   11.2545
   -7.5000    0.0000  -37.500012155.7412   11.2687
    0.0000    0.0000  -37.500012773.9355   11.2690
    7.5000    0.0000  -37.500012187.7627   11.2617
   -7.5000    7.5000  -37.500011512.2920   11.2647
    0.0000    7.5000  -37.500012097.0088   11.2640
    7.5000    7.5000  -37.500011529.5244   11.2583
   -7.5000   15.0000  -37.500010585.5742   11.2565
    0.0000   15.0000  -37.500011116.6436   11.2561
    7.5000   15.0000  -37.500010595.7031   11.2480
   -7.5000   22.5000  -37.5000 9665.8975   11.2507
    0.0000   22.5000  -37.500010150.2412   11.2520
    7.5000   22.5000  -37.5000 9654.3975   11.2397
   -7.5000   30.0000  -37.5000 8825.3730   11.1055
    0.0000   30.0000  -37.5000 9258.5312   11.1079
    7.5000   30.0000  -37.5000 8797.5371   11.0944
   -7.5000   37.5000  -37.5000 8313.1543   11.1138
    0.0000   37.5000  -37.5000 8674.9980   11.1155
    7.5000   37.5000  -37.5000 8248.0029   11.1047
   -7.5000   45.0000  -37.5000 7445.3286   10.9041
    0.0000   45.0000  -37.5000 7752.1401   10.9037
    7.5000   45.0000  -37.5000 7351.9946   10.8969
   -7.5000  -45.0000  -30.0000 9962.9199   11.7193
    0.0000  -45.0000  -30.000010484.8945   11.7162
    7.5000  -45.0000  -30.000010023.5938   11.7068
   -7.5000  -37.5000  -30.000010297.3232   11.7108
    0.0000  -37.5000  -30.000010834.7148   11.7086
    7.5000  -37.5000  -30.000010378.7832   11.7047
   -7.5000  -30.0000  -30.000011011.1465   11.6998
    0.0000  -30.0000  -30.000011584.9902   11.6993
    7.5000  -30.0000  -30.000011084.7373   11.6939
   -7.5000  -22.5000  -30.000011701.2715   11.6983
    0.0000  -22.5000  -30.000012313.8438   11.6986
    7.5000  -22.5000  -30.000011779.5303   11.6849
   -7.5000  -15.0000  -30.000012289.9033   11.7052
    0.0000  -15.0000  -30.000012914.6318   11.7048
    7.5000  -15.0000  -30.000012369.0840   11.6855
   -7.5000   -7.5000  -30.000012687.3242   11.7153
    0.0000   -7.5000  -30.000013340.0830   11.7132
    7.5000   -7.5000  -30.000012758.7686   11.6965
   -7.5000    0.0000  -30.000013090.0840   11.7193
    0.0000    0.0000  -30.000013743.5098   11.7162
    7.5000    0.0000  -30.000013127.2676   11.7068
   -7.5000    7.5000  -30.000012429.8203   11.7108
    0.0000    7.5000  -30.000013046.4863   11.7086
    7.5000    7.5000  -30.000012451.8887   11.7047
   -7.5000   15.0000  -30.000011397.0244   11.6998
    0.0000   15.0000  -30.000011954.6924   11.6993
    7.5000   15.0000  -30.000011417.0898   11.6939
   -7.5000   22.5000  -30.000010396.1777   11.6954
    0.0000   22.5000  -30.000010895.0117   11.6958
    7.5000   22.5000  -30.000010389.9648   11.6821
   -7.5000   30.0000  -30.0000 9452.3926   11.5503
    0.0000   30.0000  -30.0000 9926.7422   11.5500
    7.5000   30.0000  -30.0000 9442.9131   11.5308
   -7.5000   37.5000  -30.0000 8858.8027   11.5604
    0.0000   37.5000  -30.0000 9272.6963   11.5584
    7.5000   37.5000  -30.0000 8809.4160   11.5419
   -7.5000   45.0000  -30.0000 7912.0786   11.3450
    0.0000   45.0000  -30.0000 8251.7744   11.3420
    7.5000   45.0000  -30.0000 7825.8623   11.3339
   -7.5000  -45.0000  -22.500010713.3018   12.1124
    0.0000  -45.0000  -22.500011276.0957   12.1107
    7.5000  -45.0000  -22.500010794.7715   12.1005
   -7.5000  -37.5000  -22.500011074.0029   12.1062
    0.0000  -37.5000  -22.500011645.6670   12.1068
    7.5000  -37.5000  -22.500011174.5762   12.1020
   -7.5000  -30.0000  -22.500011847.1895   12.1006
    0.0000  -30.0000  -22.500012471.6875   12.1013
    7.5000  -30.0000  -22.500011940.1299   12.0941
   -7.5000  -22.5000  -22.500012580.3057   12.1022
    0.0000  -22.5000  -22.500013245.9111   12.1006
    7.5000  -22.5000  -22.500012680.2070   12.0839
   -7.5000  -15.0000  -22.500013215.0576   12.1067
    0.0000  -15.0000  -22.500013905.8604   12.1029
    7.5000  -15.0000  -22.500013305.1660   12.0807
   -7.5000   -7.5000  -22.500013640.9902   12.1113
    0.0000   -7.5000  -22.500014364.1211   12.1076
    7.5000   -7.5000  -22.500013749.2969   12.0892
   -7.5000    0.0000  -22.500014026.6377   12.1124
    0.0000    0.0000  -22.500014725.8701   12.1107
    7.5000    0.0000  -22.500014087.2266   12.1005
   -7.5000    7.5000  -22.500013332.7070   12.1062
    0.0000    7.5000  -22.500013984.2129   12.1068
    7.5000    7.5000  -22.500013353.8486   12.1020
   -7.5000   15.0000  -22.500012216.2832   12.1006
    0.0000   15.0000  -22.500012803.1572   12.1013
    7.5000   15.0000  -22.500012237.0059   12.0941
   -7.5000   22.5000  -22.500011128.3799   12.0985
    0.0000   22.5000  -22.500011620.5527   12.0969
    7.5000   22.5000  -22.500011120.1289   12.0802
   -7.5000   30.0000  -22.500010120.6504   11.9484
    0.0000   30.0000  -22.500010584.7852   11.9446
    7.5000   30.0000  -22.500010090.1143   11.9226
   -7.5000   37.5000  -22.5000 9443.3203   11.9531
    0.0000   37.5000  -22.5000 9875.4541   11.9494
    7.5000   37.5000  -22.5000 9392.3926   11.9312
   -7.5000   45.0000  -22.5000 8415.3779   11.7370
    0.0000   45.0000  -22.5000 8769.5635   11.7357
    7.5000   45.0000  -22.5000 8334.2969   11.7262
   -7.5000  -45.0000  -15.000011477.2236   12.3942
    0.0000  -45.0000  -15.000012087.5957   12.3969
    7.5000  -45.0000  -15.000011578.1172   12.3876
   -7.5000  -37.5000  -15.000011858.1973   12.3942
    0.0000  -37.5000  -15.000012479.9053   12.3987
    7.5000  -37.5000  -15.000011966.7588   12.3910
   -7.5000  -30.0000  -15.000012669.7695   12.3963
    0.0000  -30.0000  -15.000013350.5322   12.3982
    7.5000  -30.0000  -15.000012783.3984   12.3863
   -7.5000  -22.5000  -15.000013450.2646   12.3989
    0.0000  -22.5000  -15.000014184.0371   12.3961
    7.5000  -22.5000  -15.000013566.6387   12.3775
   -7.5000  -15.0000  -15.000014138.0889   12.3980
    0.0000  -15.0000  -15.000014931.0322   12.3933
    7.5000  -15.0000  -15.000014265.6553   12.3731
   -7.5000   -7.5000  -15.000014630.5166   12.3953
    0.0000   -7.5000  -15.000015429.8008   12.3935
    7.5000   -7.5000  -15.000014771.0039   12.3785
   -7.5000    0.0000  -15.000014956.1973   12.3942
    0.0000    0.0000  -15.000015713.8984   12.3969
    7.5000    0.0000  -15.000015030.1475   12.3876
   -7.5000    7.5000  -15.000014201.4082   12.3942
    0.0000    7.5000  -15.000014887.2969   12.3987
    7.5000    7.5000  -15.000014246.0371   12.3910
   -7.5000   15.0000  -15.000013021.6885   12.3963
    0.0000   15.0000  -15.000013637.1016   12.3982
    7.5000   15.0000  -15.000013075.8418   12.3863
   -7.5000   22.5000  -15.000011859.4668   12.3945
    0.0000   22.5000  -15.000012393.1855   12.3917
    7.5000   22.5000  -15.000011881.3037   12.3731
   -7.5000   30.0000  -15.000010783.5986   12.2375
    0.0000   30.0000  -15.000011246.5645   12.2329
    7.5000   30.0000  -15.000010753.2012   12.2129
   -7.5000   37.5000  -15.000010028.0830   12.2351
    0.0000   37.5000  -15.000010467.6182   12.2334
    7.5000   37.5000  -15.0000 9983.2764   12.2185
   -7.5000   45.0000  -15.0000 8928.3984   12.0230
    0.0000   45.0000  -15.0000 9307.2705   12.0257
    7.5000   45.0000  -15.0000 8877.0654   12.0157
   -7.5000  -45.0000   -7.500012275.0283   12.5412
    0.0000  -45.0000   -7.500012940.1152   12.5471
    7.5000  -45.0000   -7.500012402.6133   12.5397
   -7.5000  -37.5000   -7.500012712.6191   12.5452
    0.0000  -37.5000   -7.500013391.8115   12.5510
    7.5000  -37.5000   -7.500012846.4717   12.5411
   -7.5000  -30.0000   -7.500013523.8271   12.5493
    0.0000  -30.0000   -7.500014274.1826   12.5513
    7.5000  -30.0000   -7.500013684.5811   12.5364
   -7.5000  -22.5000   -7.500014333.6543   12.5491
    0.0000  -22.5000   -7.500015144.0479   12.5476
    7.5000  -22.5000   -7.500014491.7207   12.5299
   -7.5000  -15.0000   -7.500015073.6719   12.5449
    0.0000  -15.0000   -7.500015953.6631   12.5437
    7.5000  -15.0000   -7.500015245.3477   12.5286
   -7.5000   -7.5000   -7.500015619.1143   12.5412
    0.0000   -7.5000   -7.500016500.5625   12.5436
    7.5000   -7.5000   -7.500015779.4629   12.5337
   -7.5000    0.0000   -7.500015904.7676   12.5412
    0.0000    0.0000   -7.500016738.0918   12.5471
    7.5000    0.0000   -7.500016022.3369   12.5397
   -7.5000    7.5000   -7.500015061.4248   12.5452
    0.0000    7.5000   -7.500015789.9600   12.5510
    7.5000    7.5000   -7.500015143.5342   12.5411
   -7.5000   15.0000   -7.500013838.5898   12.5493
    0.0000   15.0000   -7.500014510.9834   12.5513
    7.5000   15.0000   -7.500013951.8994   12.5364
   -7.5000   22.5000   -7.500012606.7617   12.5433
    0.0000   22.5000   -7.500013209.0371   12.5418
    7.5000   22.5000   -7.500012658.1611   12.5241
   -7.5000   30.0000   -7.500011452.3447   12.3822
    0.0000   30.0000   -7.500011970.3086   12.3810
    7.5000   30.0000   -7.500011472.9600   12.3662
   -7.5000   37.5000   -7.500010652.8281   12.3788
    0.0000   37.5000   -7.500011139.5322   12.3811
    7.5000   37.5000   -7.500010645.4863   12.3714
   -7.5000   45.0000   -7.5000 9470.0752   12.1709
    0.0000   45.0000   -7.5000 9888.7109   12.1761
    7.5000   45.0000   -7.5000 9440.7480   12.1670
   -7.5000  -45.0000    0.000012970.8564   12.5770
    0.0000  -45.0000    0.000013704.4688   12.5820
    7.5000  -45.0000    0.000013124.7451   12.5754
   -7.5000  -37.5000    0.000013511.9717   12.5792
    0.0000  -37.5000    0.000014274.1689   12.5825
    7.5000  -37.5000    0.000013690.6660   12.5732
   -7.5000  -30.0000    0.000014387.4805   12.5780
    0.0000  -30.0000    0.000015238.5186   12.5790
    7.5000  -30.0000    0.000014596.5830   12.5654
   -7.5000  -22.5000    0.000015198.4912   12.5740
    0.0000  -22.5000    0.000016074.7598   12.5748
    7.5000  -22.5000    0.000015393.8701   12.5598
   -7.5000  -15.0000    0.000015956.2363   12.5718
    0.0000  -15.0000    0.000016877.9473   12.5745
    7.5000  -15.0000    0.000016148.1143   12.5624
   -7.5000   -7.5000    0.000016505.8945   12.5737
    0.0000   -7.5000    0.000017454.5762   12.5782
    7.5000   -7.5000    0.000016703.1387   12.5703
   -7.5000    0.0000    0.000016781.6113   12.5770
    0.0000    0.0000    0.000017719.9531   12.5820
    7.5000    0.0000    0.000016956.8945   12.5754
   -7.5000    7.5000    0.000015857.4600   12.5792
    0.0000    7.5000    0.000016687.5488   12.5825
    7.5000    7.5000    0.000015981.1494   12.5732
   -7.5000   15.0000    0.000014625.9893   12.5780
    0.0000   15.0000    0.000015384.2119   12.5790
    7.5000   15.0000    0.000014767.1924   12.5654
   -7.5000   22.5000    0.000013327.3281   12.5682
    0.0000   22.5000    0.000014010.4648   12.5690
    7.5000   22.5000    0.000013409.7930   12.5540
   -7.5000   30.0000    0.000012097.3096   12.4091
    0.0000   30.0000    0.000012706.5469   12.4118
    7.5000   30.0000    0.000012131.3477   12.3998
   -7.5000   37.5000    0.000011245.3252   12.4112
    0.0000   37.5000    0.000011823.7705   12.4156
    7.5000   37.5000    0.000011257.0850   12.4078
   -7.5000   45.0000    0.0000 9952.9717   12.2043
    0.0000   45.0000    0.000010443.6582   12.2082
    7.5000   45.0000    0.0000 9936.6748   12.2005
   -7.5000  -45.0000    7.500012599.8604   12.5856
    0.0000  -45.0000    7.500013334.7266   12.5858
    7.5000  -45.0000    7.500012729.7441   12.5777
   -7.5000  -37.5000    7.500013218.1699   12.5810
    0.0000  -37.5000    7.500014009.1689   12.5801
    7.5000  -37.5000    7.500013364.2227   12.5738
   -7.5000  -30.0000    7.500014281.5381   12.5719
    0.0000  -30.0000    7.500015173.7900   12.5715
    7.5000  -30.0000    7.500014504.2275   12.5626
   -7.5000  -22.5000    7.500015172.7461   12.5674
    0.0000  -22.5000    7.500016094.3672   12.5690
    7.5000  -22.5000    7.500015384.8203   12.5553
   -7.5000  -15.0000    7.500015873.3604   12.5713
    0.0000  -15.0000    7.500016806.8789   12.5740
    7.5000  -15.0000    7.500016066.8330   12.5588
   -7.5000   -7.5000    7.500016345.1738   12.5803
    0.0000   -7.5000    7.500017331.8066   12.5823
    7.5000   -7.5000    7.500016515.1973   12.5700
   -7.5000    0.0000    7.500016525.0273   12.5856
    0.0000    0.0000    7.500017576.6797   12.5858
    7.5000    0.0000    7.500016688.9961   12.5777
   -7.5000    7.5000    7.500015505.0645   12.5810
    0.0000    7.5000    7.500016489.6816   12.5801
    7.5000    7.5000    7.500015627.8496   12.5738
   -7.5000   15.0000    7.500014289.8232   12.5719
    0.0000   15.0000    7.500015161.3779   12.5715
    7.5000   15.0000    7.500014382.8496   12.5626
   -7.5000   22.5000    7.500012991.7383   12.5617
    0.0000   22.5000    7.500013767.9238   12.5632
    7.5000   22.5000    7.500013062.7910   12.5496
   -7.5000   30.0000    7.500011798.4775   12.4086
    0.0000   30.0000    7.500012462.5898   12.4113
    7.5000   30.0000    7.500011839.8994   12.3962
   -7.5000   37.5000    7.500010985.8457   12.4177
    0.0000   37.5000    7.500011580.8770   12.4196
    7.5000   37.5000    7.500010999.1709   12.4075
   -7.5000   45.0000    7.5000 9713.0176   12.2069
    0.0000   45.0000    7.500010230.0508   12.2064
    7.5000   45.0000    7.5000 9722.1201   12.1988
   -7.5000  -45.0000   15.000012203.0547   12.5844
    0.0000  -45.0000   15.000012788.9023   12.5811
    7.5000  -45.0000   15.000012282.6641   12.5710
   -7.5000  -37.5000   15.000012806.5508   12.5753
    0.0000  -37.5000   15.000013552.4092   12.5729
    7.5000  -37.5000   15.000012934.5361   12.5688
   -7.5000  -30.0000   15.000013849.9180   12.5635
    0.0000  -30.0000   15.000014970.0049   12.5630
    7.5000  -30.0000   15.000014127.5693   12.5571
   -7.5000  -22.5000   15.000014808.6973   12.5618
    0.0000  -22.5000   15.000016101.6953   12.5622
    7.5000  -22.5000   15.000015099.7979   12.5475
   -7.5000  -15.0000   15.000015492.0977   12.5693
    0.0000  -15.0000   15.000016757.3789   12.5689
    7.5000  -15.0000   15.000015734.7275   12.5481
   -7.5000   -7.5000   15.000015877.3301   12.5801
    0.0000   -7.5000   15.000017068.7910   12.5779
    7.5000   -7.5000   15.000016058.1025   12.5600
   -7.5000    0.0000   15.000015958.7402   12.5844
    0.0000    0.0000   15.000017077.3691   12.5811
    7.5000    0.0000   15.000016141.8857   12.5710
   -7.5000    7.5000   15.000014883.0430   12.5753
    0.0000    7.5000   15.000015856.5947   12.5729
    7.5000    7.5000   15.000015029.9844   12.5688
   -7.5000   15.0000   15.000013770.8369   12.5635
    0.0000   15.0000   15.000014578.3467   12.5630
    7.5000   15.0000   15.000013843.1826   12.5571
   -7.5000   22.5000   15.000012548.0977   12.5560
    0.0000   22.5000   15.000013268.6729   12.5564
    7.5000   22.5000   15.000012600.8008   12.5417
   -7.5000   30.0000   15.000011417.9268   12.4066
    0.0000   30.0000   15.000012054.1865   12.4062
    7.5000   30.0000   15.000011443.0361   12.3857
   -7.5000   37.5000   15.000010612.9561   12.4175
    0.0000   37.5000   15.000011196.7100   12.4153
    7.5000   37.5000   15.000010616.4785   12.3976
   -7.5000   45.0000   15.0000 9397.9346   12.2022
    0.0000   45.0000   15.0000 9918.1641   12.1990
    7.5000   45.0000   15.0000 9396.5430   12.1903
   -7.5000  -45.0000   22.500011726.8301   12.5736
    0.0000  -45.0000   22.500012362.4170   12.5719
    7.5000  -45.0000   22.500011817.5732   12.5613
   -7.5000  -37.5000   22.500012269.3438   12.5672
    0.0000  -37.5000   22.500013027.4004   12.5679
    7.5000  -37.5000   22.500012410.2021   12.5629
   -7.5000  -30.0000   22.500013137.4746   12.5614
    0.0000  -30.0000   22.500014179.3730   12.5622
    7.5000  -30.0000   22.500013348.8916   12.5546
   -7.5000  -22.5000   22.500013962.2109   12.5631
    0.0000  -22.5000   22.500015064.6152   12.5614
    7.5000  -22.5000   22.500014179.4326   12.5441
   -7.5000  -15.0000   22.500014692.9014   12.5678
    0.0000  -15.0000   22.500015756.3105   12.5638
    7.5000  -15.0000   22.500014874.7695   12.5407
   -7.5000   -7.5000   22.500015178.8057   12.5725
    0.0000   -7.5000   22.500016191.8047   12.5686
    7.5000   -7.5000   22.500015308.4199   12.5496
   -7.5000    0.0000   22.500015295.4502   12.5736
    0.0000    0.0000   22.500016256.5176   12.5719
    7.5000    0.0000   22.500015424.1982   12.5613
   -7.5000    7.5000   22.500014208.7295   12.5672
    0.0000    7.5000   22.500015061.9180   12.5679
    7.5000    7.5000   22.500014317.8955   12.5629
   -7.5000   15.0000   22.500013158.9424   12.5614
    0.0000   15.0000   22.500013895.2832   12.5622
    7.5000   15.0000   22.500013226.8867   12.5546
   -7.5000   22.5000   22.500012000.2002   12.5573
    0.0000   22.5000   22.500012649.0947   12.5556
    7.5000   22.5000   22.500012048.5342   12.5383
   -7.5000   30.0000   22.500010888.8477   12.4051
    0.0000   30.0000   22.500011483.1797   12.4012
    7.5000   30.0000   22.500010928.6582   12.3784
   -7.5000   37.5000   22.500010085.1768   12.4100
    0.0000   37.5000   22.500010601.8828   12.4061
    7.5000   37.5000   22.500010101.5352   12.3873
   -7.5000   45.0000   22.5000 8956.9189   12.1945
    0.0000   45.0000   22.5000 9412.8086   12.1932
    7.5000   45.0000   22.5000 8935.1807   12.1833
   -7.5000  -45.0000   30.000011030.5566   12.5671
    0.0000  -45.0000   30.000011582.0498   12.5699
    7.5000  -45.0000   30.000011097.9229   12.5605
   -7.5000  -37.5000   30.000011495.3047   12.5671
    0.0000  -37.5000   30.000012134.8076   12.5717
    7.5000  -37.5000   30.000011595.4258   12.5639
   -7.5000  -30.0000   30.000012277.5127   12.5692
    0.0000  -30.0000   30.000013061.1924   12.5712
    7.5000  -30.0000   30.000012447.4229   12.5591
   -7.5000  -22.5000   30.000013040.1045   12.5719
    0.0000  -22.5000   30.000013787.0176   12.5691
    7.5000  -22.5000   30.000013172.9395   12.5502
   -7.5000  -15.0000   30.000013751.4805   12.5710
    0.0000  -15.0000   30.000014422.4541   12.5663
    7.5000  -15.0000   30.000013838.4219   12.5458
   -7.5000   -7.5000   30.000014253.1777   12.5683
    0.0000   -7.5000   30.000014960.5410   12.5665
    7.5000   -7.5000   30.000014346.5820   12.5513
   -7.5000    0.0000   30.000014430.2139   12.5671
    0.0000    0.0000   30.000015195.8076   12.5699
    7.5000    0.0000   30.000014533.7559   12.5605
   -7.5000    7.5000   30.000013391.2549   12.5671
    0.0000    7.5000   30.000014066.6201   12.5717
    7.5000    7.5000   30.000013459.0020   12.5639
   -7.5000   15.0000   30.000012378.0459   12.5692
    0.0000   15.0000   30.000013016.3105   12.5712
    7.5000   15.0000   30.000012436.8330   12.5591
   -7.5000   22.5000   30.000011267.5762   12.5661
    0.0000   22.5000   30.000011868.1406   12.5633
    7.5000   22.5000   30.000011323.2051   12.5445
   -7.5000   30.0000   30.000010202.5410   12.4083
    0.0000   30.0000   30.000010751.2158   12.4037
    7.5000   30.0000   30.000010241.9795   12.3834
   -7.5000   37.5000   30.0000 9438.8408   12.4059
    0.0000   37.5000   30.0000 9917.0811   12.4041
    7.5000   37.5000   30.0000 9450.7305   12.3891
   -7.5000   45.0000   30.0000 8388.9502   12.1940
    0.0000   45.0000   30.0000 8794.9883   12.1968
    7.5000   45.0000   30.0000 8368.6240   12.1866
   -7.5000  -45.0000   37.500010657.5391   12.6833
    0.0000  -45.0000   37.500011189.9580   12.6894
    7.5000  -45.0000   37.500010730.8945   12.6824
   -7.5000  -37.5000   37.500011079.3447   12.6873
    0.0000  -37.5000   37.500011695.9004   12.6933
    7.5000  -37.5000   37.500011192.1973   12.6838
   -7.5000  -30.0000   37.500011848.2539   12.6910
    0.0000  -30.0000   37.500012525.0732   12.6931
    7.5000  -30.0000   37.500011995.7139   12.6786
   -7.5000  -22.5000   37.500012606.5557   12.6904
    0.0000  -22.5000   37.500013219.7305   12.6889
    7.5000  -22.5000   37.500012709.5859   12.6715
   -7.5000  -15.0000   37.500013275.8506   12.6862
    0.0000  -15.0000   37.500013851.3799   12.6850
    7.5000  -15.0000   37.500013329.1016   12.6702
   -7.5000   -7.5000   37.500013779.7324   12.6829
    0.0000   -7.5000   37.500014402.5479   12.6854
    7.5000   -7.5000   37.500013811.0381   12.6759
   -7.5000    0.0000   37.500014024.6260   12.6833
    0.0000    0.0000   37.500014685.6357   12.6894
    7.5000    0.0000   37.500014071.0947   12.6824
   -7.5000    7.5000   37.500013050.8955   12.6873
    0.0000    7.5000   37.500013653.2471   12.6933
    7.5000    7.5000   37.500013075.3271   12.6838
   -7.5000   15.0000   37.500012047.0254   12.6910
    0.0000   15.0000   37.500012627.8887   12.6931
    7.5000   15.0000   37.500012068.6768   12.6786
   -7.5000   22.5000   37.500010958.3438   12.6845
    0.0000   22.5000   37.500011509.0537   12.6831
    7.5000   22.5000   37.500010980.9570   12.6657
   -7.5000   30.0000   37.5000 9867.0781   12.5220
    0.0000   30.0000   37.500010372.3896   12.5208
    7.5000   30.0000   37.5000 9880.3018   12.5063
   -7.5000   37.5000   37.5000 9125.0732   12.5190
    0.0000   37.5000   37.5000 9574.5762   12.5214
    7.5000   37.5000   37.5000 9119.6709   12.5121
   -7.5000   45.0000   37.5000 8107.4429   12.3105
    0.0000   45.0000   37.5000 8487.4922   12.3159
    7.5000   45.0000   37.5000 8088.1177   12.3072
   -7.5000  -45.0000   45.0000 9818.8770   12.8337
    0.0000  -45.0000   45.000010319.8604   12.8379
    7.5000  -45.0000   45.0000 9891.4062   12.8296
   -7.5000  -37.5000   45.000010215.1973   12.8360
    0.0000  -37.5000   45.000010753.1182   12.8385
    7.5000  -37.5000   45.000010310.7793   12.8273
   -7.5000  -30.0000   45.000010941.6191   12.8340
    0.0000  -30.0000   45.000011495.0918   12.8340
    7.5000  -30.0000   45.000011037.1230   12.8188
   -7.5000  -22.5000   45.000011617.5732   12.8287
    0.0000  -22.5000   45.000012127.8164   12.8289
    7.5000  -22.5000   45.000011679.3857   12.8125
   -7.5000  -15.0000   45.000012203.6377   12.8262
    0.0000  -15.0000   45.000012725.1826   12.8285
    7.5000  -15.0000   45.000012252.6533   12.8152
   -7.5000   -7.5000   45.000012685.6152   12.8291
    0.0000   -7.5000   45.000013257.4541   12.8332
    7.5000   -7.5000   45.000012725.7520   12.8238
   -7.5000    0.0000   45.000012935.3154   12.8337
    0.0000    0.0000   45.000013547.1855   12.8379
    7.5000    0.0000   45.000012950.3623   12.8296
   -7.5000    7.5000   45.000012053.4580   12.8360
    0.0000    7.5000   45.000012592.3994   12.8385
    7.5000    7.5000   45.000012050.6279   12.8273
   -7.5000   15.0000   45.000011152.8818   12.8340
    0.0000   15.0000   45.000011653.3848   12.8340
    7.5000   15.0000   45.000011157.6953   12.8188
   -7.5000   22.5000   45.000010141.6816   12.8228
    0.0000   22.5000   45.000010639.6797   12.8230
    7.5000   22.5000   45.000010157.5801   12.8066
   -7.5000   30.0000   45.0000 9124.2969   12.6591
    0.0000   30.0000   45.0000 9571.7080   12.6614
    7.5000   30.0000   45.0000 9120.8887   12.6482
   -7.5000   37.5000   45.0000 8461.7754   12.6621
    0.0000   37.5000   45.0000 8858.1211   12.6662
    7.5000   37.5000   45.0000 8445.1787   12.6570
   -7.5000   45.0000   45.0000 7519.3760   12.4607
    0.0000   45.0000   45.0000 7848.1855   12.4639
    7.5000   45.0000   45.0000 7488.1650   12.4544

---------------------------------------------------------------------
imgreg_4dfp /opt/freesurfer/average/711-2C_as_mni_average_305 /opt/freesurfer/average/711-2B_as_mni_average_305_mask talsrcimg_g11 none talsrcimg_to_711-2C_as_mni_average_305_t4 4355
---------------------------------------------------------------------

freesurfer imgreg_4dfp.c
/opt/freesurfer/average/711-2C_as_mni_average_305.4dfp.img
       256       256       256         1
  1.000000  1.000000  1.000000
orientation T byte_order littleendian
Reading image: /opt/freesurfer/average/711-2C_as_mni_average_305.4dfp.img
dimensions:      256       256       256
mmppix:       1.0000   -1.0000   -1.0000
center:     128.0000 -129.0000 -129.0000
/opt/freesurfer/average/711-2B_as_mni_average_305_mask.4dfp.img
       256       256       256         1
  1.000000  1.000000  1.000000
orientation T byte_order littleendian
Reading mask: /opt/freesurfer/average/711-2B_as_mni_average_305_mask.4dfp.img (2306576 pixels)
talsrcimg_g11.4dfp.img
       256       256       256         1
  1.000000  1.000000  1.000000
orientation T byte_order littleendian
Reading image: talsrcimg_g11.4dfp.img
dimensions:      256       256       256
mmppix:       1.0000   -1.0000   -1.0000
center:     128.0000 -129.0000 -129.0000
rotation matrix determinant  1.000000
image alignment mode   4355 decimal     1103 hex
   -7.5000  -45.0000  -45.0000 2210.5796   11.6956
    0.0000  -45.0000  -45.0000 2227.9841   11.6263
    7.5000  -45.0000  -45.0000 2224.3862   11.6786
   -7.5000  -37.5000  -45.0000 2244.0073   11.1825
    0.0000  -37.5000  -45.0000 2262.4736   11.1251
    7.5000  -37.5000  -45.0000 2253.3738   11.1746
   -7.5000  -30.0000  -45.0000 2257.2373   10.9285
    0.0000  -30.0000  -45.0000 2274.5862   10.8617
    7.5000  -30.0000  -45.0000 2266.9053   10.8920
   -7.5000  -22.5000  -45.0000 2255.7136   10.9140
    0.0000  -22.5000  -45.0000 2276.2251   10.8450
    7.5000  -22.5000  -45.0000 2264.8933   10.8628
   -7.5000  -15.0000  -45.0000 2244.4626   11.0446
    0.0000  -15.0000  -45.0000 2269.1772   10.9778
    7.5000  -15.0000  -45.0000 2254.7432   11.0111
   -7.5000   -7.5000  -45.0000 2214.8953   11.4385
    0.0000   -7.5000  -45.0000 2238.5454   11.3417
    7.5000   -7.5000  -45.0000 2222.4077   11.3678
   -7.5000    0.0000  -45.0000 2164.5623   12.0364
    0.0000    0.0000  -45.0000 2187.1240   11.9344
    7.5000    0.0000  -45.0000 2174.4265   11.9380
   -7.5000    7.5000  -45.0000 2106.3010   12.8582
    0.0000    7.5000  -45.0000 2124.2300   12.7566
    7.5000    7.5000  -45.0000 2115.2688   12.7734
   -7.5000   15.0000  -45.0000 2028.8735   13.9276
    0.0000   15.0000  -45.0000 2043.6483   13.8247
    7.5000   15.0000  -45.0000 2037.5016   13.8408
   -7.5000   22.5000  -45.0000 1932.8544   15.3495
    0.0000   22.5000  -45.0000 1948.7943   15.1567
    7.5000   22.5000  -45.0000 1939.3433   15.2524
   -7.5000   30.0000  -45.0000 1821.8075   17.3742
    0.0000   30.0000  -45.0000 1844.0745   17.1620
    7.5000   30.0000  -45.0000 1829.2897   17.2028
   -7.5000   37.5000  -45.0000 1705.7531   20.0362
    0.0000   37.5000  -45.0000 1724.7653   19.7494
    7.5000   37.5000  -45.0000 1717.2626   19.8081
   -7.5000   45.0000  -45.0000 1579.6011   23.5909
    0.0000   45.0000  -45.0000 1598.7332   23.2789
    7.5000   45.0000  -45.0000 1584.4998   23.4810
   -7.5000  -45.0000  -37.5000 2314.9062   10.8195
    0.0000  -45.0000  -37.5000 2334.6992   10.7747
    7.5000  -45.0000  -37.5000 2322.3687   10.8292
   -7.5000  -37.5000  -37.5000 2346.4429   10.3288
    0.0000  -37.5000  -37.5000 2372.2170   10.2738
    7.5000  -37.5000  -37.5000 2357.2429   10.3150
   -7.5000  -30.0000  -37.5000 2363.3855   10.0603
    0.0000  -30.0000  -37.5000 2385.9285   10.0108
    7.5000  -30.0000  -37.5000 2369.4082   10.0536
   -7.5000  -22.5000  -37.5000 2364.0808   10.0116
    0.0000  -22.5000  -37.5000 2387.5234    9.9532
    7.5000  -22.5000  -37.5000 2372.6499    9.9910
   -7.5000  -15.0000  -37.5000 2349.9829   10.1386
    0.0000  -15.0000  -37.5000 2374.9346   10.0615
    7.5000  -15.0000  -37.5000 2361.4033   10.1001
   -7.5000   -7.5000  -37.5000 2316.8745   10.4834
    0.0000   -7.5000  -37.5000 2347.4292   10.4055
    7.5000   -7.5000  -37.5000 2326.5244   10.4272
   -7.5000    0.0000  -37.5000 2273.9377   11.0180
    0.0000    0.0000  -37.5000 2298.3694   10.9394
    7.5000    0.0000  -37.5000 2282.4868   10.9581
   -7.5000    7.5000  -37.5000 2209.4136   11.7532
    0.0000    7.5000  -37.5000 2229.6357   11.6829
    7.5000    7.5000  -37.5000 2218.1809   11.6903
   -7.5000   15.0000  -37.5000 2127.2427   12.7010
    0.0000   15.0000  -37.5000 2144.3208   12.6127
    7.5000   15.0000  -37.5000 2134.3484   12.6440
   -7.5000   22.5000  -37.5000 2023.6593   14.0068
    0.0000   22.5000  -37.5000 2043.7708   13.8846
    7.5000   22.5000  -37.5000 2027.9036   13.9211
   -7.5000   30.0000  -37.5000 1908.8945   15.8016
    0.0000   30.0000  -37.5000 1931.7854   15.6486
    7.5000   30.0000  -37.5000 1915.1445   15.6560
   -7.5000   37.5000  -37.5000 1785.3811   18.1991
    0.0000   37.5000  -37.5000 1800.9810   18.0110
    7.5000   37.5000  -37.5000 1795.9086   18.0140
   -7.5000   45.0000  -37.5000 1652.4128   21.3912
    0.0000   45.0000  -37.5000 1666.6760   21.1266
    7.5000   45.0000  -37.5000 1652.2576   21.1911
   -7.5000  -45.0000  -30.0000 2452.3835   10.3830
    0.0000  -45.0000  -30.0000 2475.0793   10.3355
    7.5000  -45.0000  -30.0000 2459.5366   10.3854
   -7.5000  -37.5000  -30.0000 2496.1675    9.8992
    0.0000  -37.5000  -30.0000 2521.4119    9.8347
    7.5000  -37.5000  -30.0000 2502.9580    9.8928
   -7.5000  -30.0000  -30.0000 2522.1667    9.6103
    0.0000  -30.0000  -30.0000 2545.2834    9.5650
    7.5000  -30.0000  -30.0000 2524.7058    9.6095
   -7.5000  -22.5000  -30.0000 2521.2961    9.5595
    0.0000  -22.5000  -30.0000 2546.3757    9.4957
    7.5000  -22.5000  -30.0000 2528.6357    9.5260
   -7.5000  -15.0000  -30.0000 2503.8137    9.6614
    0.0000  -15.0000  -30.0000 2528.1467    9.5985
    7.5000  -15.0000  -30.0000 2509.8972    9.6479
   -7.5000   -7.5000  -30.0000 2466.1211    9.9775
    0.0000   -7.5000  -30.0000 2497.0986    9.8870
    7.5000   -7.5000  -30.0000 2475.2244    9.9475
   -7.5000    0.0000  -30.0000 2422.3669   10.4600
    0.0000    0.0000  -30.0000 2449.0903   10.3761
    7.5000    0.0000  -30.0000 2430.9272   10.4272
   -7.5000    7.5000  -30.0000 2356.6665   11.1116
    0.0000    7.5000  -30.0000 2378.8542   11.0496
    7.5000    7.5000  -30.0000 2362.9480   11.0872
   -7.5000   15.0000  -30.0000 2262.0244   12.0130
    0.0000   15.0000  -30.0000 2283.5029   11.9249
    7.5000   15.0000  -30.0000 2268.7615   11.9682
   -7.5000   22.5000  -30.0000 2154.4250   13.2409
    0.0000   22.5000  -30.0000 2175.8286   13.1368
    7.5000   22.5000  -30.0000 2157.1753   13.1695
   -7.5000   30.0000  -30.0000 2026.7961   14.9211
    0.0000   30.0000  -30.0000 2053.5510   14.7954
    7.5000   30.0000  -30.0000 2035.9332   14.7977
   -7.5000   37.5000  -30.0000 1895.9417   17.1584
    0.0000   37.5000  -30.0000 1916.9650   17.0046
    7.5000   37.5000  -30.0000 1904.4791   17.0236
   -7.5000   45.0000  -30.0000 1752.6973   20.0661
    0.0000   45.0000  -30.0000 1768.6444   19.8694
    7.5000   45.0000  -30.0000 1751.4900   19.9767
   -7.5000  -45.0000  -22.5000 2559.2354    9.8800
    0.0000  -45.0000  -22.5000 2583.0349    9.8243
    7.5000  -45.0000  -22.5000 2569.0886    9.8749
   -7.5000  -37.5000  -22.5000 2608.6345    9.4015
    0.0000  -37.5000  -22.5000 2633.4500    9.3214
    7.5000  -37.5000  -22.5000 2617.6440    9.3814
   -7.5000  -30.0000  -22.5000 2646.7166    9.1008
    0.0000  -30.0000  -22.5000 2670.9285    9.0324
    7.5000  -30.0000  -22.5000 2649.9272    9.1024
   -7.5000  -22.5000  -22.5000 2654.9641    9.0149
    0.0000  -22.5000  -22.5000 2682.4800    8.9488
    7.5000  -22.5000  -22.5000 2658.9822    9.0092
   -7.5000  -15.0000  -22.5000 2637.6333    9.1119
    0.0000  -15.0000  -22.5000 2665.2959    9.0393
    7.5000  -15.0000  -22.5000 2642.7058    9.0948
   -7.5000   -7.5000  -22.5000 2600.4272    9.4104
    0.0000   -7.5000  -22.5000 2633.1575    9.3228
    7.5000   -7.5000  -22.5000 2610.9963    9.3726
   -7.5000    0.0000  -22.5000 2550.8567    9.8534
    0.0000    0.0000  -22.5000 2581.5601    9.7670
    7.5000    0.0000  -22.5000 2560.2666    9.8151
   -7.5000    7.5000  -22.5000 2481.0554   10.4567
    0.0000    7.5000  -22.5000 2506.5908   10.3855
    7.5000    7.5000  -22.5000 2486.1152   10.4305
   -7.5000   15.0000  -22.5000 2379.6775   11.3033
    0.0000   15.0000  -22.5000 2404.5105   11.2085
    7.5000   15.0000  -22.5000 2385.7642   11.2645
   -7.5000   22.5000  -22.5000 2263.3689   12.4527
    0.0000   22.5000  -22.5000 2281.4080   12.3559
    7.5000   22.5000  -22.5000 2268.0151   12.3821
   -7.5000   30.0000  -22.5000 2128.8936   13.9934
    0.0000   30.0000  -22.5000 2154.1816   13.8883
    7.5000   30.0000  -22.5000 2136.9756   13.8700
   -7.5000   37.5000  -22.5000 1986.6097   16.0539
    0.0000   37.5000  -22.5000 2009.4231   15.9604
    7.5000   37.5000  -22.5000 1989.3234   15.9530
   -7.5000   45.0000  -22.5000 1829.8370   18.8000
    0.0000   45.0000  -22.5000 1841.4620   18.6650
    7.5000   45.0000  -22.5000 1829.9906   18.6980
   -7.5000  -45.0000  -15.0000 2628.6814    9.4253
    0.0000  -45.0000  -15.0000 2655.7146    9.3505
    7.5000  -45.0000  -15.0000 2641.7600    9.3991
   -7.5000  -37.5000  -15.0000 2686.3083    8.9424
    0.0000  -37.5000  -15.0000 2715.2917    8.8416
    7.5000  -37.5000  -15.0000 2701.0413    8.9005
   -7.5000  -30.0000  -15.0000 2731.6282    8.6102
    0.0000  -30.0000  -15.0000 2762.1670    8.5349
    7.5000  -30.0000  -15.0000 2744.1890    8.5918
   -7.5000  -22.5000  -15.0000 2753.6570    8.4776
    0.0000  -22.5000  -15.0000 2783.8135    8.4085
    7.5000  -22.5000  -15.0000 2761.6904    8.4531
   -7.5000  -15.0000  -15.0000 2743.7405    8.5804
    0.0000  -15.0000  -15.0000 2775.1904    8.5044
    7.5000  -15.0000  -15.0000 2751.6970    8.5594
   -7.5000   -7.5000  -15.0000 2711.8618    8.8690
    0.0000   -7.5000  -15.0000 2746.7053    8.7631
    7.5000   -7.5000  -15.0000 2726.8870    8.8226
   -7.5000    0.0000  -15.0000 2658.5813    9.2686
    0.0000    0.0000  -15.0000 2686.9761    9.1701
    7.5000    0.0000  -15.0000 2667.6819    9.2351
   -7.5000    7.5000  -15.0000 2578.2930    9.8453
    0.0000    7.5000  -15.0000 2603.7737    9.7614
    7.5000    7.5000  -15.0000 2585.5283    9.8011
   -7.5000   15.0000  -15.0000 2468.7285   10.6538
    0.0000   15.0000  -15.0000 2494.4619   10.5600
    7.5000   15.0000  -15.0000 2477.5381   10.6180
   -7.5000   22.5000  -15.0000 2342.3540   11.7496
    0.0000   22.5000  -15.0000 2366.2124   11.6455
    7.5000   22.5000  -15.0000 2351.1973   11.6869
   -7.5000   30.0000  -15.0000 2200.0227   13.1829
    0.0000   30.0000  -15.0000 2219.1926   13.0781
    7.5000   30.0000  -15.0000 2207.0735   13.1138
   -7.5000   37.5000  -15.0000 2046.7795   15.1300
    0.0000   37.5000  -15.0000 2063.9373   15.0069
    7.5000   37.5000  -15.0000 2045.4709   15.0005
   -7.5000   45.0000  -15.0000 1883.9407   17.6727
    0.0000   45.0000  -15.0000 1901.0532   17.5182
    7.5000   45.0000  -15.0000 1889.2771   17.5093
   -7.5000  -45.0000   -7.5000 2670.8359    9.0334
    0.0000  -45.0000   -7.5000 2703.3813    8.9558
    7.5000  -45.0000   -7.5000 2689.6880    9.0222
   -7.5000  -37.5000   -7.5000 2744.5317    8.5280
    0.0000  -37.5000   -7.5000 2778.5515    8.4539
    7.5000  -37.5000   -7.5000 2762.4412    8.5051
   -7.5000  -30.0000   -7.5000 2794.6348    8.1685
    0.0000  -30.0000   -7.5000 2831.6643    8.0836
    7.5000  -30.0000   -7.5000 2814.2000    8.1431
   -7.5000  -22.5000   -7.5000 2831.0549    8.0030
    0.0000  -22.5000   -7.5000 2868.2695    7.9022
    7.5000  -22.5000   -7.5000 2845.2551    7.9644
   -7.5000  -15.0000   -7.5000 2825.7827    8.1051
    0.0000  -15.0000   -7.5000 2865.2156    7.9963
    7.5000  -15.0000   -7.5000 2839.3018    8.0622
   -7.5000   -7.5000   -7.5000 2797.1233    8.3662
    0.0000   -7.5000   -7.5000 2834.2944    8.2564
    7.5000   -7.5000   -7.5000 2811.3591    8.3152
   -7.5000    0.0000   -7.5000 2738.0071    8.7413
    0.0000    0.0000   -7.5000 2766.9495    8.6441
    7.5000    0.0000   -7.5000 2749.1790    8.7172
   -7.5000    7.5000   -7.5000 2650.3203    9.3050
    0.0000    7.5000   -7.5000 2677.1230    9.2013
    7.5000    7.5000   -7.5000 2658.8931    9.2772
   -7.5000   15.0000   -7.5000 2535.4993   10.1014
    0.0000   15.0000   -7.5000 2563.1807    9.9937
    7.5000   15.0000   -7.5000 2547.1865   10.0615
   -7.5000   22.5000   -7.5000 2404.2700   11.1759
    0.0000   22.5000   -7.5000 2434.3040   11.0527
    7.5000   22.5000   -7.5000 2413.1067   11.1070
   -7.5000   30.0000   -7.5000 2256.0120   12.5515
    0.0000   30.0000   -7.5000 2274.0481   12.4103
    7.5000   30.0000   -7.5000 2263.8240   12.4755
   -7.5000   37.5000   -7.5000 2087.6687   14.3658
    0.0000   37.5000   -7.5000 2108.3240   14.2216
    7.5000   37.5000   -7.5000 2093.7080   14.2884
   -7.5000   45.0000   -7.5000 1920.6392   16.7652
    0.0000   45.0000   -7.5000 1938.5507   16.6015
    7.5000   45.0000   -7.5000 1927.7173   16.6433
   -7.5000  -45.0000    0.0000 2687.7881    8.7945
    0.0000  -45.0000    0.0000 2722.3171    8.6904
    7.5000  -45.0000    0.0000 2707.6782    8.7481
   -7.5000  -37.5000    0.0000 2781.7695    8.2592
    0.0000  -37.5000    0.0000 2817.4111    8.1656
    7.5000  -37.5000    0.0000 2802.0679    8.2249
   -7.5000  -30.0000    0.0000 2840.2488    7.8947
    0.0000  -30.0000    0.0000 2883.3813    7.7851
    7.5000  -30.0000    0.0000 2863.3374    7.8679
   -7.5000  -22.5000    0.0000 2893.1831    7.6942
    0.0000  -22.5000    0.0000 2938.6255    7.5652
    7.5000  -22.5000    0.0000 2911.2644    7.6493
   -7.5000  -15.0000    0.0000 2892.7856    7.7732
    0.0000  -15.0000    0.0000 2939.2573    7.6403
    7.5000  -15.0000    0.0000 2907.7705    7.7214
   -7.5000   -7.5000    0.0000 2859.2002    8.0102
    0.0000   -7.5000    0.0000 2903.3035    7.8755
    7.5000   -7.5000    0.0000 2875.7087    7.9644
   -7.5000    0.0000    0.0000 2797.4797    8.3758
    0.0000    0.0000    0.0000 2831.1360    8.2472
    7.5000    0.0000    0.0000 2808.9521    8.3481
   -7.5000    7.5000    0.0000 2705.7510    8.9328
    0.0000    7.5000    0.0000 2736.2505    8.7924
    7.5000    7.5000    0.0000 2717.9414    8.9007
   -7.5000   15.0000    0.0000 2583.7334    9.7287
    0.0000   15.0000    0.0000 2617.1199    9.5910
    7.5000   15.0000    0.0000 2599.4941    9.6886
   -7.5000   22.5000    0.0000 2447.5151   10.7922
    0.0000   22.5000    0.0000 2479.2310   10.6438
    7.5000   22.5000    0.0000 2457.5137   10.7290
   -7.5000   30.0000    0.0000 2290.1816   12.1270
    0.0000   30.0000    0.0000 2317.5703   11.9637
    7.5000   30.0000    0.0000 2301.1287   12.0597
   -7.5000   37.5000    0.0000 2120.2112   13.8510
    0.0000   37.5000    0.0000 2147.9734   13.7022
    7.5000   37.5000    0.0000 2129.3179   13.7812
   -7.5000   45.0000    0.0000 1943.8783   16.0896
    0.0000   45.0000    0.0000 1972.0618   15.9569
    7.5000   45.0000    0.0000 1954.5664   16.0156
   -7.5000  -45.0000    7.5000 2685.6318    8.6480
    0.0000  -45.0000    7.5000 2716.3171    8.5423
    7.5000  -45.0000    7.5000 2700.0054    8.5732
   -7.5000  -37.5000    7.5000 2795.3447    8.1048
    0.0000  -37.5000    7.5000 2828.3447    8.0161
    7.5000  -37.5000    7.5000 2809.4102    8.0440
   -7.5000  -30.0000    7.5000 2882.1216    7.7876
    0.0000  -30.0000    7.5000 2925.2129    7.6857
    7.5000  -30.0000    7.5000 2901.2239    7.7290
   -7.5000  -22.5000    7.5000 2946.8193    7.5908
    0.0000  -22.5000    7.5000 3002.6624    7.4584
    7.5000  -22.5000    7.5000 2967.1892    7.5490
   -7.5000  -15.0000    7.5000 2949.3213    7.6278
    0.0000  -15.0000    7.5000 3007.5867    7.4792
    7.5000  -15.0000    7.5000 2966.7722    7.5722
   -7.5000   -7.5000    7.5000 2907.1460    7.8064
    0.0000   -7.5000    7.5000 2955.9556    7.6822
    7.5000   -7.5000    7.5000 2919.9409    7.7574
   -7.5000    0.0000    7.5000 2840.0305    8.1427
    0.0000    0.0000    7.5000 2877.1226    8.0329
    7.5000    0.0000    7.5000 2851.4248    8.0919
   -7.5000    7.5000    7.5000 2737.8618    8.6938
    0.0000    7.5000    7.5000 2775.5244    8.5715
    7.5000    7.5000    7.5000 2755.8604    8.6304
   -7.5000   15.0000    7.5000 2609.9604    9.4852
    0.0000   15.0000    7.5000 2644.5073    9.3756
    7.5000   15.0000    7.5000 2625.6504    9.4263
   -7.5000   22.5000    7.5000 2468.3845   10.5213
    0.0000   22.5000    7.5000 2503.1174   10.4126
    7.5000   22.5000    7.5000 2482.7900   10.4581
   -7.5000   30.0000    7.5000 2315.0481   11.8452
    0.0000   30.0000    7.5000 2341.2168   11.7143
    7.5000   30.0000    7.5000 2323.7131   11.7582
   -7.5000   37.5000    7.5000 2147.5017   13.5532
    0.0000   37.5000    7.5000 2168.6990   13.4321
    7.5000   37.5000    7.5000 2155.8896   13.4578
   -7.5000   45.0000    7.5000 1962.2585   15.7575
    0.0000   45.0000    7.5000 1991.0044   15.6093
    7.5000   45.0000    7.5000 1975.7281   15.6683
   -7.5000  -45.0000   15.0000 2670.6904    8.6712
    0.0000  -45.0000   15.0000 2697.5120    8.5195
    7.5000  -45.0000   15.0000 2681.3269    8.5792
   -7.5000  -37.5000   15.0000 2786.0137    8.1225
    0.0000  -37.5000   15.0000 2816.2371    8.0180
    7.5000  -37.5000   15.0000 2798.9426    8.0584
   -7.5000  -30.0000   15.0000 2885.2930    7.7663
    0.0000  -30.0000   15.0000 2932.1433    7.7339
    7.5000  -30.0000   15.0000 2901.7341    7.7307
   -7.5000  -22.5000   15.0000 2966.8296    7.5996
    0.0000  -22.5000   15.0000 3039.7974    7.5767
    7.5000  -22.5000   15.0000 2991.6223    7.5739
   -7.5000  -15.0000   15.0000 2972.2720    7.5842
    0.0000  -15.0000   15.0000 3046.2478    7.5489
    7.5000  -15.0000   15.0000 2996.4526    7.5553
   -7.5000   -7.5000   15.0000 2925.9324    7.7245
    0.0000   -7.5000   15.0000 2981.8875    7.6407
    7.5000   -7.5000   15.0000 2941.8330    7.6817
   -7.5000    0.0000   15.0000 2853.1572    8.0482
    0.0000    0.0000   15.0000 2888.5549    7.9412
    7.5000    0.0000   15.0000 2866.3303    7.9972
   -7.5000    7.5000   15.0000 2747.4089    8.5880
    0.0000    7.5000   15.0000 2780.7188    8.4569
    7.5000    7.5000   15.0000 2764.1860    8.5201
   -7.5000   15.0000   15.0000 2623.3489    9.3609
    0.0000   15.0000   15.0000 2652.2788    9.2254
    7.5000   15.0000   15.0000 2634.2678    9.3022
   -7.5000   22.5000   15.0000 2479.4490   10.3946
    0.0000   22.5000   15.0000 2507.0173   10.2602
    7.5000   22.5000   15.0000 2488.9658   10.3320
   -7.5000   30.0000   15.0000 2323.2075   11.7307
    0.0000   30.0000   15.0000 2345.7812   11.6067
    7.5000   30.0000   15.0000 2329.3005   11.6516
   -7.5000   37.5000   15.0000 2147.9951   13.4449
    0.0000   37.5000   15.0000 2171.3699   13.3052
    7.5000   37.5000   15.0000 2157.8242   13.3219
   -7.5000   45.0000   15.0000 1970.0282   15.5603
    0.0000   45.0000   15.0000 1991.4749   15.4494
    7.5000   45.0000   15.0000 1977.1003   15.4799
   -7.5000  -45.0000   22.5000 2645.5847    8.8819
    0.0000  -45.0000   22.5000 2674.1672    8.7502
    7.5000  -45.0000   22.5000 2653.1609    8.8243
   -7.5000  -37.5000   22.5000 2761.6094    8.2932
    0.0000  -37.5000   22.5000 2791.6494    8.1992
    7.5000  -37.5000   22.5000 2770.8625    8.2500
   -7.5000  -30.0000   22.5000 2863.6101    7.8957
    0.0000  -30.0000   22.5000 2908.8123    7.8566
    7.5000  -30.0000   22.5000 2876.4407    7.8641
   -7.5000  -22.5000   22.5000 2942.2271    7.6705
    0.0000  -22.5000   22.5000 3008.4998    7.6286
    7.5000  -22.5000   22.5000 2965.4294    7.6357
   -7.5000  -15.0000   22.5000 2953.4482    7.6748
    0.0000  -15.0000   22.5000 3020.7861    7.5738
    7.5000  -15.0000   22.5000 2976.2263    7.6251
   -7.5000   -7.5000   22.5000 2921.1953    7.8436
    0.0000   -7.5000   22.5000 2971.8325    7.7351
    7.5000   -7.5000   22.5000 2933.6936    7.8063
   -7.5000    0.0000   22.5000 2840.4358    8.1935
    0.0000    0.0000   22.5000 2874.9292    8.0881
    7.5000    0.0000   22.5000 2851.2271    8.1568
   -7.5000    7.5000   22.5000 2730.9922    8.7150
    0.0000    7.5000   22.5000 2759.1345    8.6053
    7.5000    7.5000   22.5000 2742.2488    8.6680
   -7.5000   15.0000   22.5000 2609.5867    9.4474
    0.0000   15.0000   22.5000 2633.0044    9.3139
    7.5000   15.0000   22.5000 2619.7673    9.3910
   -7.5000   22.5000   22.5000 2470.7571   10.4312
    0.0000   22.5000   22.5000 2493.1931   10.2747
    7.5000   22.5000   22.5000 2481.7261   10.3527
   -7.5000   30.0000   22.5000 2311.3677   11.7199
    0.0000   30.0000   22.5000 2335.0408   11.5607
    7.5000   30.0000   22.5000 2322.7368   11.6174
   -7.5000   37.5000   22.5000 2134.7776   13.3782
    0.0000   37.5000   22.5000 2156.4924   13.2133
    7.5000   37.5000   22.5000 2147.0867   13.2616
   -7.5000   45.0000   22.5000 1960.2157   15.4881
    0.0000   45.0000   22.5000 1980.5005   15.3755
    7.5000   45.0000   22.5000 1967.7811   15.4198
   -7.5000  -45.0000   30.0000 2613.0342    9.1957
    0.0000  -45.0000   30.0000 2639.1375    9.0373
    7.5000  -45.0000   30.0000 2618.9790    9.1388
   -7.5000  -37.5000   30.0000 2724.4829    8.5977
    0.0000  -37.5000   30.0000 2756.0129    8.4439
    7.5000  -37.5000   30.0000 2735.3599    8.5310
   -7.5000  -30.0000   30.0000 2819.1118    8.1642
    0.0000  -30.0000   30.0000 2865.1165    8.0688
    7.5000  -30.0000   30.0000 2836.0618    8.1196
   -7.5000  -22.5000   30.0000 2887.8977    7.9396
    0.0000  -22.5000   30.0000 2941.8562    7.8121
    7.5000  -22.5000   30.0000 2907.3059    7.8845
   -7.5000  -15.0000   30.0000 2904.5703    7.9460
    0.0000  -15.0000   30.0000 2950.7332    7.7637
    7.5000  -15.0000   30.0000 2922.7603    7.8636
   -7.5000   -7.5000   30.0000 2873.7610    8.1306
    0.0000   -7.5000   30.0000 2915.6958    7.9634
    7.5000   -7.5000   30.0000 2889.9619    8.0787
   -7.5000    0.0000   30.0000 2797.9185    8.4731
    0.0000    0.0000   30.0000 2836.7952    8.3488
    7.5000    0.0000   30.0000 2813.0403    8.4432
   -7.5000    7.5000   30.0000 2686.1362    9.0051
    0.0000    7.5000   30.0000 2714.3188    8.8812
    7.5000    7.5000   30.0000 2700.6011    8.9568
   -7.5000   15.0000   30.0000 2571.7517    9.6946
    0.0000   15.0000   30.0000 2596.8284    9.5710
    7.5000   15.0000   30.0000 2585.7834    9.6427
   -7.5000   22.5000   30.0000 2434.5542   10.6175
    0.0000   22.5000   30.0000 2459.6111   10.4736
    7.5000   22.5000   30.0000 2447.5173   10.5346
   -7.5000   30.0000   30.0000 2275.3196   11.8557
    0.0000   30.0000   30.0000 2301.6873   11.7012
    7.5000   30.0000   30.0000 2288.6755   11.7410
   -7.5000   37.5000   30.0000 2104.5938   13.4857
    0.0000   37.5000   30.0000 2127.4043   13.3397
    7.5000   37.5000   30.0000 2117.8320   13.3518
   -7.5000   45.0000   30.0000 1940.0793   15.6063
    0.0000   45.0000   30.0000 1957.4634   15.4314
    7.5000   45.0000   30.0000 1948.1237   15.4706
   -7.5000  -45.0000   37.5000 2570.0049    9.6443
    0.0000  -45.0000   37.5000 2598.7649    9.4325
    7.5000  -45.0000   37.5000 2581.8755    9.5560
   -7.5000  -37.5000   37.5000 2681.0674    8.9909
    0.0000  -37.5000   37.5000 2712.4570    8.8136
    7.5000  -37.5000   37.5000 2691.9424    8.9260
   -7.5000  -30.0000   37.5000 2764.8254    8.5675
    0.0000  -30.0000   37.5000 2807.9563    8.4221
    7.5000  -30.0000   37.5000 2783.7607    8.5043
   -7.5000  -22.5000   37.5000 2821.8232    8.3667
    0.0000  -22.5000   37.5000 2866.9639    8.1700
    7.5000  -22.5000   37.5000 2841.4290    8.2750
   -7.5000  -15.0000   37.5000 2834.6790    8.3476
    0.0000  -15.0000   37.5000 2874.1921    8.1324
    7.5000  -15.0000   37.5000 2854.1157    8.2420
   -7.5000   -7.5000   37.5000 2802.9351    8.5302
    0.0000   -7.5000   37.5000 2837.3384    8.3638
    7.5000   -7.5000   37.5000 2816.7957    8.4582
   -7.5000    0.0000   37.5000 2732.7007    8.8850
    0.0000    0.0000   37.5000 2768.3025    8.7421
    7.5000    0.0000   37.5000 2745.8772    8.8479
   -7.5000    7.5000   37.5000 2634.6626    9.4060
    0.0000    7.5000   37.5000 2659.6191    9.2740
    7.5000    7.5000   37.5000 2648.8823    9.3717
   -7.5000   15.0000   37.5000 2517.8923   10.0862
    0.0000   15.0000   37.5000 2540.3032    9.9664
    7.5000   15.0000   37.5000 2531.9084   10.0217
   -7.5000   22.5000   37.5000 2380.3015   10.9958
    0.0000   22.5000   37.5000 2405.5981   10.8594
    7.5000   22.5000   37.5000 2398.7004   10.8792
   -7.5000   30.0000   37.5000 2223.3052   12.1604
    0.0000   30.0000   37.5000 2246.9819   12.0168
    7.5000   30.0000   37.5000 2239.4067   12.0514
   -7.5000   37.5000   37.5000 2062.2532   13.7420
    0.0000   37.5000   37.5000 2083.3093   13.6054
    7.5000   37.5000   37.5000 2074.4114   13.6196
   -7.5000   45.0000   37.5000 1907.6462   15.8232
    0.0000   45.0000   37.5000 1924.7329   15.6738
    7.5000   45.0000   37.5000 1917.5908   15.7361
   -7.5000  -45.0000   45.0000 2514.0188   10.2040
    0.0000  -45.0000   45.0000 2547.5828    9.9617
    7.5000  -45.0000   45.0000 2527.7539   10.1121
   -7.5000  -37.5000   45.0000 2618.7861    9.5306
    0.0000  -37.5000   45.0000 2653.1680    9.3150
    7.5000  -37.5000   45.0000 2632.6111    9.4481
   -7.5000  -30.0000   45.0000 2695.2488    9.0803
    0.0000  -30.0000   45.0000 2735.7346    8.8854
    7.5000  -30.0000   45.0000 2714.9211    9.0103
   -7.5000  -22.5000   45.0000 2740.6152    8.8785
    0.0000  -22.5000   45.0000 2781.7681    8.6574
    7.5000  -22.5000   45.0000 2760.9792    8.7870
   -7.5000  -15.0000   45.0000 2750.0898    8.8529
    0.0000  -15.0000   45.0000 2786.6377    8.6408
    7.5000  -15.0000   45.0000 2767.8921    8.7563
   -7.5000   -7.5000   45.0000 2712.0952    9.0388
    0.0000   -7.5000   45.0000 2748.8230    8.8693
    7.5000   -7.5000   45.0000 2730.8906    8.9636
   -7.5000    0.0000   45.0000 2647.0969    9.4033
    0.0000    0.0000   45.0000 2684.1941    9.2404
    7.5000    0.0000   45.0000 2663.1760    9.3275
   -7.5000    7.5000   45.0000 2561.8440    9.8925
    0.0000    7.5000   45.0000 2586.0193    9.7392
    7.5000    7.5000   45.0000 2576.8894    9.8368
   -7.5000   15.0000   45.0000 2447.9956   10.5629
    0.0000   15.0000   45.0000 2472.3474   10.4231
    7.5000   15.0000   45.0000 2468.6765   10.5001
   -7.5000   22.5000   45.0000 2313.7344   11.4695
    0.0000   22.5000   45.0000 2342.0200   11.3462
    7.5000   22.5000   45.0000 2335.8408   11.3724
   -7.5000   30.0000   45.0000 2158.2012   12.6354
    0.0000   30.0000   45.0000 2186.3040   12.5087
    7.5000   30.0000   45.0000 2177.9976   12.5253
   -7.5000   37.5000   45.0000 2012.4296   14.2126
    0.0000   37.5000   45.0000 2035.1869   14.0480
    7.5000   37.5000   45.0000 2026.9087   14.0688
   -7.5000   45.0000   45.0000 1868.2795   16.2952
    0.0000   45.0000   45.0000 1882.6266   16.1302
    7.5000   45.0000   45.0000 1878.9622   16.2143

---------------------------------------------------------------------
imgreg_4dfp /opt/freesurfer/average/711-2C_as_mni_average_305 /opt/freesurfer/average/711-2B_as_mni_average_305_mask talsrcimg_g11 none talsrcimg_to_711-2C_as_mni_average_305_t4 1283
---------------------------------------------------------------------

freesurfer imgreg_4dfp.c
/opt/freesurfer/average/711-2C_as_mni_average_305.4dfp.img
       256       256       256         1
  1.000000  1.000000  1.000000
orientation T byte_order littleendian
Reading image: /opt/freesurfer/average/711-2C_as_mni_average_305.4dfp.img
dimensions:      256       256       256
mmppix:       1.0000   -1.0000   -1.0000
center:     128.0000 -129.0000 -129.0000
/opt/freesurfer/average/711-2B_as_mni_average_305_mask.4dfp.img
       256       256       256         1
  1.000000  1.000000  1.000000
orientation T byte_order littleendian
Reading mask: /opt/freesurfer/average/711-2B_as_mni_average_305_mask.4dfp.img (2306576 pixels)
talsrcimg_g11.4dfp.img
       256       256       256         1
  1.000000  1.000000  1.000000
orientation T byte_order littleendian
Reading image: talsrcimg_g11.4dfp.img
dimensions:      256       256       256
mmppix:       1.0000   -1.0000   -1.0000
center:     128.0000 -129.0000 -129.0000
rotation matrix determinant  1.000000
fimgreg.f
image alignment mode   1283 decimal      503 hex
parameters
    0.0000  -15.0000   15.0000    0.0000    0.0000    0.0000
eta,q 0.95579  7.54237
niter,ni,del,rscale     5    3   12.0000    1.2000
parameter  2  0.501176 ->  0.500000 qaram    1.1500
parameter  4  1.353816 ->  0.500000 qaram    1.1500
parameters
    0.6576  -18.4500   15.4567   -3.4500    1.7907    1.8727
eta,q 0.96186  7.50943
  0.0620  0.0451  0.0516  0.0390  0.0516  0.0488
  0.0544  0.0432  0.0462  0.0395  0.0470  0.0453
  0.0483  0.0432  0.0435  0.0412  0.0428  0.0420
  0.0450  0.0446  0.0427  0.0424  0.0400  0.0393
  0.0455  0.0484  0.0429  0.0451  0.0393  0.0381
  0.0496  0.0552  0.0449  0.0483  0.0403  0.0391
  0.0565  0.0607  0.0490  0.0509  0.0435  0.0422
niter,ni,del,rscale     6    3   12.0000    1.2000
parameters
    0.5500  -16.7237   14.5694   -6.2223    1.7884    1.1205
eta,q 0.96381  7.50988
  0.0564  0.0618  0.0448  0.0394  0.0452  0.0415
  0.0474  0.0502  0.0400  0.0365  0.0415  0.0383
  0.0406  0.0423  0.0377  0.0365  0.0381  0.0364
  0.0381  0.0381  0.0380  0.0376  0.0364  0.0364
  0.0409  0.0387  0.0402  0.0407  0.0372  0.0381
  0.0486  0.0422  0.0443  0.0437  0.0409  0.0409
  0.0575  0.0452  0.0497  0.0480  0.0459  0.0441
niter,ni,del,rscale     5    3   12.0000    1.2000
parameters
    0.4449  -15.3000   13.9866   -7.6209    1.8528    0.8006
eta,q 0.96409  7.49102
  0.0563  0.0582  0.0454  0.0413  0.0456  0.0410
  0.0461  0.0463  0.0401  0.0366  0.0415  0.0382
  0.0384  0.0384  0.0373  0.0355  0.0377  0.0362
  0.0362  0.0362  0.0371  0.0369  0.0360  0.0360
  0.0396  0.0380  0.0393  0.0389  0.0368  0.0371
  0.0479  0.0401  0.0433  0.0416  0.0406  0.0393
  0.0569  0.0438  0.0485  0.0451  0.0458  0.0417
niter,ni,del,rscale     4    3   12.0000    1.2000
parameters
    0.3878  -14.7850   13.7895   -7.9337    1.8342    0.7918
eta,q 0.96394  7.47922
  0.0560  0.0528  0.0459  0.0437  0.0456  0.0413
  0.0456  0.0429  0.0406  0.0385  0.0413  0.0387
  0.0381  0.0365  0.0372  0.0354  0.0375  0.0365
  0.0359  0.0359  0.0363  0.0362  0.0361  0.0361
  0.0387  0.0378  0.0379  0.0382  0.0371  0.0368
  0.0469  0.0409  0.0417  0.0405  0.0409  0.0388
  0.0562  0.0471  0.0470  0.0435  0.0462  0.0412
niter,ni,del,rscale     3    3   12.0000    1.2000
parameters
    0.4068  -14.6863   13.7353   -8.0303    1.7933    0.8217
eta,q 0.96393  7.47667
  0.0564  0.0508  0.0462  0.0442  0.0455  0.0414
  0.0460  0.0417  0.0408  0.0391  0.0412  0.0387
  0.0385  0.0360  0.0373  0.0355  0.0374  0.0365
  0.0361  0.0361  0.0361  0.0361  0.0361  0.0361
  0.0384  0.0380  0.0375  0.0380  0.0371  0.0368
  0.0464  0.0418  0.0412  0.0403  0.0410  0.0387
  0.0558  0.0488  0.0464  0.0432  0.0462  0.0411
niter,ni,del,rscale     2    3   12.0000    1.2000
parameters
    0.4278  -14.6510   13.7095   -8.0769    1.7592    0.8459
eta,q 0.96394  7.47582
  0.0564  0.0505  0.0462  0.0443  0.0455  0.0413
  0.0460  0.0416  0.0408  0.0392  0.0412  0.0387
  0.0385  0.0360  0.0373  0.0355  0.0374  0.0365
  0.0361  0.0361  0.0361  0.0361  0.0361  0.0361
  0.0384  0.0380  0.0374  0.0379  0.0371  0.0368
  0.0463  0.0419  0.0411  0.0403  0.0409  0.0387
  0.0557  0.0491  0.0462  0.0431  0.0462  0.0411
registration optimization eta report
parameter search radius
    6.0000    6.9000    6.0000    6.9000    6.0000    6.0000
100000*second partial in parameter space
       55.       30.       28.       16.       27.       14.
  0.0564  0.0505  0.0462  0.0443  0.0455  0.0413
  0.0460  0.0416  0.0408  0.0392  0.0412  0.0387
  0.0385  0.0360  0.0373  0.0355  0.0374  0.0365
  0.0361  0.0361  0.0361  0.0361  0.0361  0.0361
  0.0384  0.0380  0.0374  0.0379  0.0371  0.0368
  0.0463  0.0419  0.0411  0.0403  0.0409  0.0387
  0.0557  0.0491  0.0462  0.0431  0.0462  0.0411
    0.4278  -14.6510   13.7095   -8.0769    1.7592    0.8459
eta,q 0.96394  7.47582

---------------------------------------------------------------------
imgreg_4dfp /opt/freesurfer/average/711-2C_as_mni_average_305 /opt/freesurfer/average/711-2B_as_mni_average_305_mask talsrcimg_g11 none talsrcimg_to_711-2C_as_mni_average_305_t4 3335
---------------------------------------------------------------------

freesurfer imgreg_4dfp.c
/opt/freesurfer/average/711-2C_as_mni_average_305.4dfp.img
       256       256       256         1
  1.000000  1.000000  1.000000
orientation T byte_order littleendian
Reading image: /opt/freesurfer/average/711-2C_as_mni_average_305.4dfp.img
dimensions:      256       256       256
mmppix:       1.0000   -1.0000   -1.0000
center:     128.0000 -129.0000 -129.0000
/opt/freesurfer/average/711-2B_as_mni_average_305_mask.4dfp.img
       256       256       256         1
  1.000000  1.000000  1.000000
orientation T byte_order littleendian
Reading mask: /opt/freesurfer/average/711-2B_as_mni_average_305_mask.4dfp.img (2306576 pixels)
talsrcimg_g11.4dfp.img
       256       256       256         1
  1.000000  1.000000  1.000000
orientation T byte_order littleendian
Reading image: talsrcimg_g11.4dfp.img
dimensions:      256       256       256
mmppix:       1.0000   -1.0000   -1.0000
center:     128.0000 -129.0000 -129.0000
fimgreg.f
image alignment mode   3335 decimal      D07 hex
parameters
    0.4278  -14.6510   13.7095   -0.0580   -0.9964   -1.0386
   -1.0304   -3.2466    1.4757   14.0039    3.0700  -14.0436
eta,q 0.96522  7.54301
niter,ni,del,rscale     5    3    5.0000    1.2000
parameter  4  0.713150 ->  0.500000 qaram    1.1500
parameter  5  2.396188 ->  0.500000 qaram    1.1500
parameters
    0.5694  -14.8998   13.7222   -4.1980   -5.1364   -2.2534
   -0.9105   -1.8056    3.5837   13.0679    2.0825  -11.4144
eta,q 0.97111  7.32960
  0.0386  0.0363  0.0367  0.0333  0.0274  0.0320  0.0321  0.0359  0.0325  0.0322  0.0299  0.0314
  0.0366  0.0354  0.0356  0.0333  0.0288  0.0309  0.0307  0.0330  0.0311  0.0304  0.0294  0.0304
  0.0353  0.0349  0.0350  0.0336  0.0309  0.0299  0.0298  0.0308  0.0300  0.0293  0.0291  0.0296
  0.0348  0.0348  0.0347  0.0348  0.0333  0.0293  0.0295  0.0295  0.0293  0.0291  0.0291  0.0291
  0.0350  0.0351  0.0350  0.0368  0.0358  0.0299  0.0298  0.0294  0.0291  0.0300  0.0293  0.0289
  0.0361  0.0359  0.0356  0.0397  0.0386  0.0322  0.0306  0.0303  0.0294  0.0319  0.0298  0.0290
  0.0378  0.0372  0.0366  0.0431  0.0421  0.0358  0.0319  0.0324  0.0302  0.0342  0.0305  0.0295
niter,ni,del,rscale     6    3    5.0000    1.2000
parameter  5  0.843447 ->  0.500000 qaram    1.3225
parameters
    0.7612  -15.3427   13.4579   -6.6612   -9.8974   -2.1974
   -0.9555   -1.6049    3.5785   12.7128    0.3592  -11.4900
eta,q 0.97336  7.13045
  0.0327  0.0306  0.0301  0.0296  0.0269  0.0292  0.0292  0.0311  0.0287  0.0300  0.0270  0.0278
  0.0308  0.0293  0.0292  0.0290  0.0266  0.0284  0.0279  0.0287  0.0276  0.0281  0.0267  0.0271
  0.0295  0.0288  0.0288  0.0288  0.0273  0.0275  0.0270  0.0272  0.0269  0.0270  0.0266  0.0267
  0.0289  0.0289  0.0287  0.0287  0.0288  0.0267  0.0267  0.0267  0.0267  0.0267  0.0267  0.0266
  0.0291  0.0296  0.0291  0.0292  0.0310  0.0265  0.0270  0.0271  0.0270  0.0273  0.0269  0.0268
  0.0300  0.0308  0.0298  0.0310  0.0339  0.0275  0.0279  0.0283  0.0276  0.0286  0.0272  0.0272
  0.0317  0.0324  0.0308  0.0339  0.0368  0.0300  0.0293  0.0307  0.0287  0.0307  0.0276  0.0278
niter,ni,del,rscale     6    3    5.0000    1.2000
parameters
    0.7128  -15.3748   13.3930   -6.1135  -12.3149   -2.1973
   -0.7871   -1.6123    4.1932   13.1104   -0.5193  -11.1161
eta,q 0.97349  7.07466
  0.0297  0.0296  0.0281  0.0287  0.0285  0.0289  0.0291  0.0307  0.0286  0.0301  0.0270  0.0277
  0.0280  0.0279  0.0272  0.0275  0.0275  0.0282  0.0278  0.0284  0.0276  0.0283  0.0267  0.0271
  0.0270  0.0269  0.0268  0.0269  0.0267  0.0274  0.0269  0.0270  0.0269  0.0272  0.0265  0.0267
  0.0266  0.0266  0.0266  0.0266  0.0266  0.0266  0.0266  0.0266  0.0266  0.0266  0.0265  0.0265
  0.0270  0.0271  0.0269  0.0264  0.0277  0.0263  0.0268  0.0271  0.0267  0.0267  0.0267  0.0266
  0.0281  0.0281  0.0274  0.0269  0.0299  0.0273  0.0276  0.0284  0.0271  0.0278  0.0269  0.0269
  0.0299  0.0297  0.0282  0.0285  0.0330  0.0298  0.0289  0.0307  0.0281  0.0295  0.0273  0.0275
niter,ni,del,rscale     5    3    5.0000    1.2000
parameters
    0.7098  -15.1736   13.4330   -5.9617  -12.8771   -2.3786
   -0.8067   -1.5754    4.6043   13.3596   -1.0704  -10.9088
eta,q 0.97343  7.05350
  0.0296  0.0297  0.0280  0.0284  0.0294  0.0288  0.0290  0.0308  0.0285  0.0299  0.0272  0.0277
  0.0279  0.0280  0.0272  0.0273  0.0280  0.0281  0.0277  0.0284  0.0275  0.0282  0.0268  0.0271
  0.0269  0.0269  0.0267  0.0267  0.0271  0.0273  0.0269  0.0270  0.0269  0.0271  0.0266  0.0267
  0.0265  0.0265  0.0265  0.0265  0.0265  0.0266  0.0266  0.0266  0.0266  0.0266  0.0266  0.0266
  0.0268  0.0267  0.0267  0.0263  0.0268  0.0264  0.0269  0.0271  0.0267  0.0268  0.0267  0.0266
  0.0279  0.0275  0.0271  0.0268  0.0283  0.0275  0.0277  0.0284  0.0272  0.0278  0.0270  0.0270
  0.0296  0.0287  0.0279  0.0285  0.0306  0.0300  0.0291  0.0306  0.0281  0.0296  0.0273  0.0276
niter,ni,del,rscale     4    3    5.0000    1.2000
parameters
    0.7127  -15.0726   13.3742   -6.0124  -13.0282   -2.5730
   -0.8405   -1.5491    4.8563   13.4974   -1.4503  -10.8119
eta,q 0.97337  7.03944
  0.0296  0.0294  0.0280  0.0284  0.0297  0.0288  0.0290  0.0308  0.0284  0.0298  0.0273  0.0277
  0.0280  0.0279  0.0271  0.0273  0.0282  0.0281  0.0278  0.0285  0.0275  0.0282  0.0268  0.0271
  0.0270  0.0269  0.0267  0.0268  0.0272  0.0273  0.0270  0.0271  0.0269  0.0271  0.0266  0.0268
  0.0266  0.0266  0.0266  0.0266  0.0266  0.0266  0.0266  0.0266  0.0266  0.0266  0.0266  0.0266
  0.0269  0.0268  0.0268  0.0265  0.0267  0.0264  0.0269  0.0272  0.0268  0.0269  0.0268  0.0267
  0.0279  0.0276  0.0273  0.0270  0.0281  0.0275  0.0277  0.0285  0.0273  0.0279  0.0270  0.0271
  0.0297  0.0289  0.0281  0.0287  0.0302  0.0300  0.0291  0.0307  0.0283  0.0296  0.0273  0.0277
niter,ni,del,rscale     3    3    5.0000    1.2000
parameters
    0.7146  -15.0199   13.3139   -6.0314  -13.1075   -2.7142
   -0.8708   -1.5289    5.0246   13.5864   -1.6995  -10.7618
eta,q 0.97334  7.03114
  0.0296  0.0293  0.0280  0.0285  0.0298  0.0288  0.0290  0.0308  0.0284  0.0297  0.0273  0.0277
  0.0280  0.0278  0.0272  0.0274  0.0282  0.0282  0.0278  0.0285  0.0275  0.0281  0.0269  0.0272
  0.0270  0.0269  0.0267  0.0268  0.0273  0.0274  0.0270  0.0271  0.0269  0.0271  0.0267  0.0268
  0.0266  0.0266  0.0266  0.0266  0.0266  0.0266  0.0267  0.0267  0.0267  0.0267  0.0267  0.0267
  0.0269  0.0269  0.0268  0.0265  0.0268  0.0264  0.0269  0.0272  0.0268  0.0269  0.0268  0.0267
  0.0279  0.0277  0.0273  0.0271  0.0281  0.0275  0.0278  0.0285  0.0274  0.0279  0.0270  0.0271
  0.0297  0.0290  0.0281  0.0288  0.0302  0.0299  0.0292  0.0307  0.0283  0.0297  0.0274  0.0277
niter,ni,del,rscale     2    3    5.0000    1.2000
parameters
    0.7147  -14.9830   13.2687   -6.0554  -13.1564   -2.8108
   -0.8923   -1.5174    5.1411   13.6452   -1.8850  -10.7348
eta,q 0.97332  7.02522
  0.0297  0.0293  0.0280  0.0285  0.0298  0.0288  0.0291  0.0308  0.0284  0.0297  0.0274  0.0277
  0.0281  0.0278  0.0272  0.0274  0.0283  0.0282  0.0278  0.0285  0.0275  0.0281  0.0269  0.0272
  0.0270  0.0269  0.0268  0.0269  0.0273  0.0274  0.0270  0.0271  0.0269  0.0271  0.0267  0.0268
  0.0267  0.0267  0.0267  0.0267  0.0267  0.0267  0.0267  0.0267  0.0267  0.0267  0.0267  0.0267
  0.0269  0.0270  0.0269  0.0266  0.0268  0.0264  0.0269  0.0272  0.0268  0.0270  0.0268  0.0268
  0.0280  0.0278  0.0273  0.0271  0.0281  0.0275  0.0278  0.0286  0.0274  0.0280  0.0270  0.0271
  0.0297  0.0291  0.0281  0.0288  0.0302  0.0299  0.0292  0.0307  0.0284  0.0297  0.0274  0.0278
niter,ni,del,rscale     1    3    5.0000    1.2000
parameters
    0.7157  -14.9584   13.2369   -6.0679  -13.1940   -2.8771
   -0.9115   -1.5063    5.2268   13.6912   -2.0052  -10.7126
eta,q 0.97330  7.02123
  0.0297  0.0293  0.0281  0.0286  0.0298  0.0288  0.0291  0.0309  0.0284  0.0297  0.0274  0.0278
  0.0281  0.0278  0.0273  0.0275  0.0283  0.0282  0.0279  0.0285  0.0275  0.0281  0.0270  0.0272
  0.0271  0.0269  0.0268  0.0269  0.0273  0.0274  0.0270  0.0271  0.0270  0.0272  0.0267  0.0268
  0.0267  0.0267  0.0267  0.0267  0.0267  0.0267  0.0267  0.0267  0.0267  0.0267  0.0267  0.0267
  0.0270  0.0270  0.0269  0.0266  0.0268  0.0264  0.0269  0.0272  0.0268  0.0270  0.0268  0.0268
  0.0280  0.0278  0.0274  0.0272  0.0281  0.0274  0.0278  0.0286  0.0274  0.0280  0.0271  0.0272
  0.0298  0.0291  0.0281  0.0289  0.0302  0.0298  0.0292  0.0307  0.0284  0.0297  0.0274  0.0278
registration optimization eta report
parameter search radius
    2.4000    2.4000    2.4000    8.2800    9.5220    7.2000
    7.2000    7.2000    7.2000    7.2000    7.2000    7.2000
100000*second partial in parameter space
       53.       44.       24.        3.        4.        5.
        5.        8.        3.        6.        1.        2.
  0.0297  0.0293  0.0281  0.0286  0.0298  0.0288  0.0291  0.0309  0.0284  0.0297  0.0274  0.0278
  0.0281  0.0278  0.0273  0.0275  0.0283  0.0282  0.0279  0.0285  0.0275  0.0281  0.0270  0.0272
  0.0271  0.0269  0.0268  0.0269  0.0273  0.0274  0.0270  0.0271  0.0270  0.0272  0.0267  0.0268
  0.0267  0.0267  0.0267  0.0267  0.0267  0.0267  0.0267  0.0267  0.0267  0.0267  0.0267  0.0267
  0.0270  0.0270  0.0269  0.0266  0.0268  0.0264  0.0269  0.0272  0.0268  0.0270  0.0268  0.0268
  0.0280  0.0278  0.0274  0.0272  0.0281  0.0274  0.0278  0.0286  0.0274  0.0280  0.0271  0.0272
  0.0298  0.0291  0.0281  0.0289  0.0302  0.0298  0.0292  0.0307  0.0284  0.0297  0.0274  0.0278
    0.7157  -14.9584   13.2369   -6.0679  -13.1940   -2.8771
   -0.9115   -1.5063    5.2268   13.6912   -2.0052  -10.7126
eta,q 0.97330  7.02123

---------------------------------------------------------------------
imgreg_4dfp /opt/freesurfer/average/711-2C_as_mni_average_305 /opt/freesurfer/average/711-2B_as_mni_average_305_mask talsrcimg_g11 none talsrcimg_to_711-2C_as_mni_average_305_t4 2311
---------------------------------------------------------------------

freesurfer imgreg_4dfp.c
/opt/freesurfer/average/711-2C_as_mni_average_305.4dfp.img
       256       256       256         1
  1.000000  1.000000  1.000000
orientation T byte_order littleendian
Reading image: /opt/freesurfer/average/711-2C_as_mni_average_305.4dfp.img
dimensions:      256       256       256
mmppix:       1.0000   -1.0000   -1.0000
center:     128.0000 -129.0000 -129.0000
/opt/freesurfer/average/711-2B_as_mni_average_305_mask.4dfp.img
       256       256       256         1
  1.000000  1.000000  1.000000
orientation T byte_order littleendian
Reading mask: /opt/freesurfer/average/711-2B_as_mni_average_305_mask.4dfp.img (2306576 pixels)
talsrcimg_g11.4dfp.img
       256       256       256         1
  1.000000  1.000000  1.000000
orientation T byte_order littleendian
Reading image: talsrcimg_g11.4dfp.img
dimensions:      256       256       256
mmppix:       1.0000   -1.0000   -1.0000
center:     128.0000 -129.0000 -129.0000
fimgreg.f
image alignment mode   2311 decimal      907 hex
parameters
    0.7157  -14.9584   13.2369   -6.0679  -13.1940   -2.8771
   -0.9115   -1.5063    5.2268   13.6912   -2.0052  -10.7126
eta,q 0.97330  7.02122
niter,ni,del,rscale     5    3    5.0000    0.8000
parameters
    0.7471  -14.9776   13.1921   -5.0777  -12.5183   -1.8562
   -1.0582   -1.3475    5.1183   13.7237   -1.2573  -11.4555
eta,q 0.97363  7.11213
  0.0281  0.0278  0.0273  0.0273  0.0278  0.0282  0.0275  0.0287  0.0272  0.0280  0.0269  0.0267
  0.0273  0.0272  0.0269  0.0270  0.0273  0.0276  0.0269  0.0275  0.0268  0.0272  0.0266  0.0265
  0.0269  0.0268  0.0267  0.0268  0.0269  0.0271  0.0265  0.0267  0.0265  0.0266  0.0265  0.0264
  0.0267  0.0267  0.0267  0.0267  0.0267  0.0266  0.0264  0.0264  0.0264  0.0264  0.0264  0.0264
  0.0268  0.0268  0.0268  0.0266  0.0266  0.0263  0.0265  0.0266  0.0265  0.0265  0.0264  0.0265
  0.0273  0.0272  0.0270  0.0267  0.0268  0.0266  0.0270  0.0273  0.0268  0.0271  0.0265  0.0267
  0.0280  0.0278  0.0274  0.0270  0.0274  0.0275  0.0277  0.0284  0.0273  0.0280  0.0266  0.0271
niter,ni,del,rscale     4    3    5.0000    0.7000
parameters
    0.7306  -15.1069   13.3847   -4.8369  -12.2495   -1.3563
   -1.1264   -1.3683    4.7090   13.5341   -0.2714  -11.9418
eta,q 0.97379  7.14762
  0.0274  0.0272  0.0271  0.0267  0.0272  0.0277  0.0272  0.0279  0.0268  0.0274  0.0266  0.0265
  0.0268  0.0267  0.0267  0.0266  0.0269  0.0272  0.0266  0.0270  0.0265  0.0268  0.0264  0.0263
  0.0265  0.0264  0.0265  0.0265  0.0265  0.0267  0.0263  0.0264  0.0263  0.0264  0.0263  0.0262
  0.0264  0.0264  0.0264  0.0263  0.0263  0.0263  0.0262  0.0262  0.0262  0.0262  0.0262  0.0262
  0.0265  0.0265  0.0264  0.0263  0.0263  0.0262  0.0263  0.0265  0.0264  0.0264  0.0262  0.0263
  0.0269  0.0269  0.0265  0.0264  0.0266  0.0266  0.0267  0.0270  0.0266  0.0269  0.0263  0.0264
  0.0275  0.0275  0.0268  0.0268  0.0271  0.0274  0.0272  0.0280  0.0270  0.0277  0.0264  0.0267
niter,ni,del,rscale     3    3    5.0000    0.6000
parameters
    0.7396  -15.1873   13.4894   -4.1100  -11.9640   -0.9471
   -1.3604   -1.3064    4.1986   13.2952    0.8508  -12.5530
eta,q 0.97397  7.19413
  0.0270  0.0268  0.0267  0.0266  0.0270  0.0274  0.0267  0.0275  0.0265  0.0269  0.0264  0.0262
  0.0266  0.0265  0.0264  0.0264  0.0266  0.0269  0.0263  0.0267  0.0262  0.0265  0.0263  0.0261
  0.0263  0.0263  0.0263  0.0263  0.0263  0.0264  0.0261  0.0262  0.0261  0.0262  0.0261  0.0260
  0.0262  0.0262  0.0262  0.0262  0.0262  0.0261  0.0261  0.0261  0.0261  0.0261  0.0261  0.0260
  0.0263  0.0263  0.0262  0.0261  0.0262  0.0261  0.0262  0.0262  0.0262  0.0262  0.0260  0.0261
  0.0266  0.0266  0.0263  0.0262  0.0264  0.0264  0.0265  0.0267  0.0264  0.0266  0.0261  0.0262
  0.0270  0.0270  0.0265  0.0264  0.0268  0.0271  0.0269  0.0274  0.0268  0.0272  0.0262  0.0264
niter,ni,del,rscale     2    3    5.0000    0.5000
parameters
    0.7618  -15.2565   13.5793   -3.6776  -11.6865   -0.5398
   -1.4149   -1.3554    3.7218   13.1098    1.4992  -12.8627
eta,q 0.97409  7.22455
  0.0267  0.0265  0.0264  0.0264  0.0267  0.0270  0.0265  0.0269  0.0262  0.0266  0.0262  0.0261
  0.0263  0.0262  0.0262  0.0263  0.0264  0.0266  0.0262  0.0264  0.0260  0.0262  0.0261  0.0260
  0.0261  0.0261  0.0261  0.0261  0.0261  0.0262  0.0260  0.0260  0.0259  0.0260  0.0260  0.0259
  0.0260  0.0260  0.0260  0.0260  0.0260  0.0260  0.0259  0.0259  0.0259  0.0259  0.0259  0.0259
  0.0261  0.0261  0.0260  0.0260  0.0260  0.0259  0.0260  0.0261  0.0260  0.0260  0.0259  0.0260
  0.0263  0.0263  0.0261  0.0261  0.0262  0.0262  0.0262  0.0264  0.0262  0.0263  0.0260  0.0261
  0.0266  0.0266  0.0263  0.0263  0.0265  0.0267  0.0265  0.0270  0.0265  0.0268  0.0260  0.0262
niter,ni,del,rscale     1    3    5.0000    0.4000
parameters
    0.7697  -15.3227   13.6950   -3.5551  -11.5443   -0.2417
   -1.3220   -1.4374    3.4539   12.9769    1.8024  -12.9532
eta,q 0.97414  7.23824
  0.0263  0.0262  0.0262  0.0262  0.0264  0.0266  0.0263  0.0265  0.0261  0.0263  0.0260  0.0260
  0.0261  0.0260  0.0260  0.0261  0.0261  0.0263  0.0260  0.0261  0.0259  0.0260  0.0260  0.0259
  0.0260  0.0259  0.0259  0.0260  0.0260  0.0260  0.0259  0.0259  0.0259  0.0259  0.0259  0.0259
  0.0259  0.0259  0.0259  0.0259  0.0259  0.0259  0.0259  0.0259  0.0259  0.0259  0.0259  0.0259
  0.0259  0.0260  0.0259  0.0259  0.0259  0.0259  0.0259  0.0260  0.0259  0.0259  0.0259  0.0259
  0.0261  0.0261  0.0260  0.0260  0.0260  0.0260  0.0260  0.0262  0.0260  0.0261  0.0259  0.0259
  0.0263  0.0263  0.0261  0.0262  0.0263  0.0264  0.0262  0.0266  0.0262  0.0264  0.0260  0.0260
registration optimization eta report
parameter search radius
    0.8000    0.8000    0.8000    2.4000    2.4000    2.4000
    2.4000    2.4000    2.4000    2.4000    2.4000    2.4000
100000*second partial in parameter space
       64.       56.       34.        5.        7.       10.
        6.       12.        5.        8.        3.        3.
  0.0263  0.0262  0.0262  0.0262  0.0264  0.0266  0.0263  0.0265  0.0261  0.0263  0.0260  0.0260
  0.0261  0.0260  0.0260  0.0261  0.0261  0.0263  0.0260  0.0261  0.0259  0.0260  0.0260  0.0259
  0.0260  0.0259  0.0259  0.0260  0.0260  0.0260  0.0259  0.0259  0.0259  0.0259  0.0259  0.0259
  0.0259  0.0259  0.0259  0.0259  0.0259  0.0259  0.0259  0.0259  0.0259  0.0259  0.0259  0.0259
  0.0259  0.0260  0.0259  0.0259  0.0259  0.0259  0.0259  0.0260  0.0259  0.0259  0.0259  0.0259
  0.0261  0.0261  0.0260  0.0260  0.0260  0.0260  0.0260  0.0262  0.0260  0.0261  0.0259  0.0259
  0.0263  0.0263  0.0261  0.0262  0.0263  0.0264  0.0262  0.0266  0.0262  0.0264  0.0260  0.0260
    0.7697  -15.3227   13.6950   -3.5551  -11.5443   -0.2417
   -1.3220   -1.4374    3.4539   12.9769    1.8024  -12.9532
eta,q 0.97414  7.23824

---------------------------------------------------------------------
imgreg_4dfp /opt/freesurfer/average/711-2C_as_mni_average_305 /opt/freesurfer/average/711-2B_as_mni_average_305_mask talsrcimg_g11 none talsrcimg_to_711-2C_as_mni_average_305_t4 2311
---------------------------------------------------------------------

freesurfer imgreg_4dfp.c
/opt/freesurfer/average/711-2C_as_mni_average_305.4dfp.img
       256       256       256         1
  1.000000  1.000000  1.000000
orientation T byte_order littleendian
Reading image: /opt/freesurfer/average/711-2C_as_mni_average_305.4dfp.img
dimensions:      256       256       256
mmppix:       1.0000   -1.0000   -1.0000
center:     128.0000 -129.0000 -129.0000
/opt/freesurfer/average/711-2B_as_mni_average_305_mask.4dfp.img
       256       256       256         1
  1.000000  1.000000  1.000000
orientation T byte_order littleendian
Reading mask: /opt/freesurfer/average/711-2B_as_mni_average_305_mask.4dfp.img (2306576 pixels)
talsrcimg_g11.4dfp.img
       256       256       256         1
  1.000000  1.000000  1.000000
orientation T byte_order littleendian
Reading image: talsrcimg_g11.4dfp.img
dimensions:      256       256       256
mmppix:       1.0000   -1.0000   -1.0000
center:     128.0000 -129.0000 -129.0000
fimgreg.f
image alignment mode   2311 decimal      907 hex
parameters
    0.7697  -15.3227   13.6950   -3.5551  -11.5443   -0.2417
   -1.3220   -1.4374    3.4539   12.9769    1.8024  -12.9532
eta,q 0.97414  7.23824
niter,ni,del,rscale     5    3    5.0000    0.8000
parameters
    0.7614  -15.3332   13.8066   -4.3746  -11.6988   -0.5476
   -1.0936   -1.5279    3.4288   12.9302    1.6136  -12.5907
eta,q 0.97405  7.20418
  0.0275  0.0273  0.0269  0.0265  0.0272  0.0276  0.0274  0.0282  0.0270  0.0277  0.0264  0.0266
  0.0266  0.0265  0.0263  0.0263  0.0266  0.0269  0.0267  0.0270  0.0264  0.0268  0.0262  0.0263
  0.0260  0.0260  0.0260  0.0260  0.0261  0.0263  0.0261  0.0262  0.0261  0.0262  0.0260  0.0260
  0.0259  0.0259  0.0259  0.0259  0.0259  0.0259  0.0260  0.0260  0.0260  0.0260  0.0260  0.0260
  0.0260  0.0260  0.0259  0.0260  0.0261  0.0261  0.0261  0.0263  0.0261  0.0261  0.0260  0.0260
  0.0266  0.0265  0.0262  0.0266  0.0266  0.0269  0.0265  0.0271  0.0264  0.0268  0.0262  0.0262
  0.0275  0.0273  0.0266  0.0276  0.0275  0.0286  0.0272  0.0284  0.0270  0.0278  0.0265  0.0264
niter,ni,del,rscale     4    3    5.0000    0.7000
parameters
    0.7524  -15.3293   13.6897   -4.2227  -11.6197   -0.5738
   -1.1303   -1.4968    3.4657   12.9170    1.6014  -12.6635
eta,q 0.97406  7.21008
  0.0271  0.0270  0.0265  0.0265  0.0270  0.0274  0.0270  0.0278  0.0267  0.0273  0.0263  0.0264
  0.0265  0.0264  0.0262  0.0263  0.0265  0.0268  0.0264  0.0268  0.0263  0.0266  0.0261  0.0261
  0.0261  0.0261  0.0260  0.0261  0.0261  0.0263  0.0260  0.0262  0.0260  0.0261  0.0260  0.0260
  0.0260  0.0260  0.0260  0.0259  0.0259  0.0259  0.0259  0.0259  0.0259  0.0259  0.0259  0.0259
  0.0261  0.0261  0.0261  0.0259  0.0260  0.0260  0.0261  0.0261  0.0260  0.0261  0.0260  0.0260
  0.0265  0.0264  0.0263  0.0261  0.0264  0.0266  0.0264  0.0268  0.0263  0.0266  0.0261  0.0261
  0.0272  0.0270  0.0267  0.0266  0.0270  0.0277  0.0270  0.0278  0.0267  0.0273  0.0263  0.0264
niter,ni,del,rscale     3    3    5.0000    0.6000
parameters
    0.7552  -15.3370   13.6785   -3.9861  -11.5515   -0.4448
   -1.1946   -1.4713    3.4400   12.9193    1.7089  -12.7908
eta,q 0.97410  7.22192
  0.0268  0.0267  0.0264  0.0264  0.0268  0.0272  0.0267  0.0274  0.0265  0.0269  0.0262  0.0262
  0.0263  0.0263  0.0261  0.0263  0.0264  0.0266  0.0262  0.0266  0.0262  0.0264  0.0260  0.0260
  0.0260  0.0260  0.0260  0.0261  0.0261  0.0262  0.0260  0.0261  0.0260  0.0260  0.0259  0.0259
  0.0259  0.0259  0.0259  0.0259  0.0259  0.0259  0.0259  0.0259  0.0259  0.0259  0.0259  0.0259
  0.0260  0.0260  0.0260  0.0259  0.0260  0.0259  0.0260  0.0261  0.0260  0.0260  0.0259  0.0259
  0.0263  0.0263  0.0262  0.0260  0.0263  0.0263  0.0263  0.0265  0.0262  0.0264  0.0260  0.0261
  0.0268  0.0267  0.0264  0.0264  0.0268  0.0272  0.0267  0.0273  0.0265  0.0270  0.0262  0.0263
niter,ni,del,rscale     2    3    5.0000    0.5000
parameters
    0.7619  -15.3513   13.7129   -3.7886  -11.5091   -0.2827
   -1.2206   -1.4728    3.3761   12.8983    1.8061  -12.8880
eta,q 0.97413  7.23216
  0.0265  0.0264  0.0263  0.0263  0.0265  0.0268  0.0264  0.0269  0.0263  0.0266  0.0261  0.0261
  0.0262  0.0261  0.0261  0.0262  0.0262  0.0264  0.0261  0.0263  0.0260  0.0262  0.0260  0.0260
  0.0260  0.0260  0.0259  0.0260  0.0260  0.0261  0.0259  0.0260  0.0259  0.0260  0.0259  0.0259
  0.0259  0.0259  0.0259  0.0259  0.0259  0.0259  0.0259  0.0259  0.0259  0.0259  0.0259  0.0259
  0.0260  0.0260  0.0259  0.0259  0.0259  0.0259  0.0259  0.0260  0.0259  0.0260  0.0259  0.0259
  0.0262  0.0262  0.0260  0.0260  0.0262  0.0262  0.0261  0.0263  0.0261  0.0262  0.0260  0.0260
  0.0265  0.0265  0.0262  0.0263  0.0265  0.0268  0.0264  0.0269  0.0263  0.0266  0.0261  0.0261
niter,ni,del,rscale     1    3    5.0000    0.4000
parameters
    0.7653  -15.3679   13.7561   -3.6436  -11.4861   -0.1366
   -1.2262   -1.4893    3.3185   12.8770    1.9053  -12.9483
eta,q 0.97415  7.23976
  0.0263  0.0262  0.0261  0.0262  0.0263  0.0265  0.0262  0.0265  0.0261  0.0263  0.0260  0.0260
  0.0261  0.0260  0.0260  0.0260  0.0261  0.0262  0.0260  0.0262  0.0260  0.0261  0.0259  0.0259
  0.0259  0.0259  0.0259  0.0259  0.0259  0.0260  0.0259  0.0259  0.0259  0.0259  0.0259  0.0259
  0.0259  0.0259  0.0259  0.0259  0.0259  0.0259  0.0259  0.0259  0.0259  0.0259  0.0259  0.0259
  0.0259  0.0259  0.0259  0.0259  0.0259  0.0259  0.0259  0.0259  0.0259  0.0259  0.0259  0.0259
  0.0260  0.0260  0.0260  0.0260  0.0260  0.0261  0.0260  0.0262  0.0260  0.0261  0.0259  0.0259
  0.0263  0.0262  0.0261  0.0261  0.0263  0.0264  0.0262  0.0265  0.0261  0.0263  0.0260  0.0260
registration optimization eta report
parameter search radius
    0.8000    0.8000    0.8000    2.4000    2.4000    2.4000
    2.4000    2.4000    2.4000    2.4000    2.4000    2.4000
100000*second partial in parameter space
       64.       57.       35.        5.        7.       11.
        6.       12.        5.        8.        3.        3.
  0.0263  0.0262  0.0261  0.0262  0.0263  0.0265  0.0262  0.0265  0.0261  0.0263  0.0260  0.0260
  0.0261  0.0260  0.0260  0.0260  0.0261  0.0262  0.0260  0.0262  0.0260  0.0261  0.0259  0.0259
  0.0259  0.0259  0.0259  0.0259  0.0259  0.0260  0.0259  0.0259  0.0259  0.0259  0.0259  0.0259
  0.0259  0.0259  0.0259  0.0259  0.0259  0.0259  0.0259  0.0259  0.0259  0.0259  0.0259  0.0259
  0.0259  0.0259  0.0259  0.0259  0.0259  0.0259  0.0259  0.0259  0.0259  0.0259  0.0259  0.0259
  0.0260  0.0260  0.0260  0.0260  0.0260  0.0261  0.0260  0.0262  0.0260  0.0261  0.0259  0.0259
  0.0263  0.0262  0.0261  0.0261  0.0263  0.0264  0.0262  0.0265  0.0261  0.0263  0.0260  0.0260
    0.7653  -15.3679   13.7561   -3.6436  -11.4861   -0.1366
   -1.2262   -1.4893    3.3185   12.8770    1.9053  -12.9483
eta,q 0.97415  7.23976

---------------------------------------------------------------------
compute_vox2vox talsrcimg talsrcimg_to_711-2C_as_mni_average_305_t4 /opt/freesurfer/average/711-2C_as_mni_average_305
---------------------------------------------------------------------

freesurfer compute_vox2vox.c
Reading: talsrcimg.4dfp.ifh
Reading: talsrcimg_to_711-2C_as_mni_average_305_t4
Reading: /opt/freesurfer/average/711-2C_as_mni_average_305.4dfp.ifh
Writing: talsrcimg_to_711-2C_as_mni_average_305_t4_vox2vox.txt

start time Fri Mar 13 21:48:14 CET 2026
end		time Fri Mar 13 21:49:40 CET 2026

mpr2mni305 success

avi2talxfm orig_nu.mgz /opt/freesurfer/average/mni305.cor.mgz talsrcimg_to_711-2C_as_mni_average_305_t4_vox2vox.txt transforms/talairach.auto.xfm
avi2talxfm done
mv -f /out/sourcedata/freesurfer/sub-v2s7x29657_ses-1/mri/talsrcimg_to_711-2C_as_mni_average_305_t4_vox2vox.txt /out/sourcedata/freesurfer/sub-v2s7x29657_ses-1/mri/transforms/talsrcimg_to_711-2C_as_mni_average_305_t4_vox2vox.txt
lta_convert --src orig_nu.mgz --trg /opt/freesurfer/average/mni305.cor.mgz --inxfm transforms/talairach.auto.xfm --outlta transforms/talairach.auto.xfm.lta --subject fsaverage
7.3.2

--src: orig_nu.mgz src image (geometry).
--trg: /opt/freesurfer/average/mni305.cor.mgz trg image (geometry).
--inmni: transforms/talairach.auto.xfm input MNI/XFM transform.
--outlta: transforms/talairach.auto.xfm.lta output LTA.
--s: fsaverage subject name
 LTA read, type : 1
 1.03699   0.01336   0.01632  -9.32419;
-0.02437   0.98251   0.14339  -18.99579;
-0.03533  -0.14344   1.10829  -6.25848;
 0.00000   0.00000   0.00000   1.00000;
setting subject to fsaverage
Writing  LTA to file transforms/talairach.auto.xfm.lta...
lta_convert successful.
 
 
Started at Fri Mar 13 21:48:13 CET 2026
Ended   at Fri Mar 13 21:49:40 CET 2026
talairach_avi done
