/out/sourcedata/freesurfer/sub-v2s7x29671_ses-1/mri
/opt/freesurfer/bin/talairach_avi
--i orig_nu.mgz --xfm transforms/talairach.auto.xfm
talairach_avi 7.3.2
Linux dna030 5.14.0-427.37.1.el9_4.x86_64 #1 SMP PREEMPT_DYNAMIC Fri Sep 13 12:41:50 EDT 2024 x86_64 x86_64 x86_64 GNU/Linux
Fri Mar 13 22:48:44 CET 2026
mri_convert orig_nu.mgz talsrcimg.img 
reading from orig_nu.mgz...
TR=0.00, TE=0.00, TI=0.00, flip angle=0.00
i_ras = (-1, 0, 0)
j_ras = (0, 0, -1)
k_ras = (0, 1, 0)
writing to talsrcimg.img...
Analyze Output Matrix
-1.00000   0.00000   0.00000   114.08430;
 0.00000   0.00000   1.00000  -108.98647;
 0.00000  -1.00000   0.00000   168.92535;
 0.00000   0.00000   0.00000   1.00000;
--------------------
INFO: set hdr.hist.orient to -1
mpr2mni305 talsrcimg
Fri Mar 13 22:48:44 CET 2026
/opt/freesurfer/bin/mpr2mni305 talsrcimg
mpr2mni305 7.3.2
target=711-2C_as_mni_average_305

---------------------------------------------------------------------
analyzeto4dfp talsrcimg -O0 -y
---------------------------------------------------------------------

freesurfer ifh2hdr.c
Fri Mar 13 22:48:45 2026
Writing: talsrcimg.4dfp.hdr
freesurfer analyzeto4dfp.c
Reading: talsrcimg.hdr
header size 348 bytes
hdr.dime.datatype	offset=70	value=2
hdr.dime.bitpix		offset=72	value=8
hdr.hist.orient		offset=252	value=-1
dimensionality     4
dimensions       256       256       256         1
Reading: talsrcimg.img
Writing: talsrcimg.4dfp.img
Writing: talsrcimg.4dfp.ifh
ifh2hdr talsrcimg -r0to255
ori=2

---------------------------------------------------------------------
gauss_4dfp talsrcimg 1.1
---------------------------------------------------------------------

freesurfer gauss_4dfp.c
Reading: talsrcimg.4dfp.img
Writing: talsrcimg_g11.4dfp.img
image dimensions 256 256 256 padded to 288 288 288
processing volume 1freesurfer ifh2hdr.c
Fri Mar 13 22:48:46 2026
Writing: talsrcimg_g11.4dfp.hdr

Writing: talsrcimg_g11.4dfp.ifh
including: talsrcimg.4dfp.img.rec in talsrcimg_g11.4dfp.img.rec

---------------------------------------------------------------------
imgreg_4dfp /opt/freesurfer/average/711-2C_as_mni_average_305 none talsrcimg_g11 none talsrcimg_to_711-2C_as_mni_average_305_t4 4355
---------------------------------------------------------------------

freesurfer imgreg_4dfp.c
/opt/freesurfer/average/711-2C_as_mni_average_305.4dfp.img
       256       256       256         1
  1.000000  1.000000  1.000000
orientation T byte_order littleendian
Reading image: /opt/freesurfer/average/711-2C_as_mni_average_305.4dfp.img
dimensions:      256       256       256
mmppix:       1.0000   -1.0000   -1.0000
center:     128.0000 -129.0000 -129.0000
talsrcimg_g11.4dfp.img
       256       256       256         1
  1.000000  1.000000  1.000000
orientation T byte_order littleendian
Reading image: talsrcimg_g11.4dfp.img
dimensions:      256       256       256
mmppix:       1.0000   -1.0000   -1.0000
center:     128.0000 -129.0000 -129.0000
t4_read: open error in t4_sub.f l:  41 t4_file(1:l)talsrcimg_to_711-2C_as_mni_average_305_t4 
t4_read: transform initialized to I4
rotation matrix determinant  1.000000
image alignment mode   4355 decimal     1103 hex
   -7.5000  -45.0000  -45.0000 9195.2695   10.7467
    0.0000  -45.0000  -45.0000 9578.6777   10.7586
    7.5000  -45.0000  -45.0000 9125.5586   10.7826
   -7.5000  -37.5000  -45.0000 9646.1260   10.7482
    0.0000  -37.5000  -45.000010065.6045   10.7603
    7.5000  -37.5000  -45.0000 9577.2158   10.7808
   -7.5000  -30.0000  -45.000010354.8916   10.7496
    0.0000  -30.0000  -45.000010822.9238   10.7564
    7.5000  -30.0000  -45.000010273.6592   10.7715
   -7.5000  -22.5000  -45.000011011.8740   10.7499
    0.0000  -22.5000  -45.000011495.2715   10.7505
    7.5000  -22.5000  -45.000010893.1406   10.7630
   -7.5000  -15.0000  -45.000011543.0625   10.7485
    0.0000  -15.0000  -45.000012048.0830   10.7482
    7.5000  -15.0000  -45.000011388.6953   10.7634
   -7.5000   -7.5000  -45.000012015.0391   10.7465
    0.0000   -7.5000  -45.000012527.8965   10.7523
    7.5000   -7.5000  -45.000011820.0439   10.7735
   -7.5000    0.0000  -45.000012299.3770   10.7465
    0.0000    0.0000  -45.000012815.2217   10.7584
    7.5000    0.0000  -45.000012108.2109   10.7824
   -7.5000    7.5000  -45.000011543.2852   10.7481
    0.0000    7.5000  -45.000012045.4248   10.7603
    7.5000    7.5000  -45.000011403.9463   10.7808
   -7.5000   15.0000  -45.000010726.3770   10.7525
    0.0000   15.0000  -45.000011204.1553   10.7594
    7.5000   15.0000  -45.000010596.7764   10.7747
   -7.5000   22.5000  -45.0000 9924.8018   10.7897
    0.0000   22.5000  -45.000010361.3174   10.7904
    7.5000   22.5000  -45.0000 9795.4326   10.8033
   -7.5000   30.0000  -45.0000 9138.7881   10.7368
    0.0000   30.0000  -45.0000 9533.9756   10.7369
    7.5000   30.0000  -45.0000 9024.2021   10.7526
   -7.5000   37.5000  -45.0000 8749.6260   10.8886
    0.0000   37.5000  -45.0000 9111.4717   10.8950
    7.5000   37.5000  -45.0000 8622.4023   10.9186
   -7.5000   45.0000  -45.0000 8037.0562   10.8107
    0.0000   45.0000  -45.0000 8364.5859   10.8277
    7.5000   45.0000  -45.0000 7923.9312   10.8567
   -7.5000  -45.0000  -37.5000 9724.3359   10.6978
    0.0000  -45.0000  -37.500010144.6729   10.7120
    7.5000  -45.0000  -37.5000 9648.8018   10.7424
   -7.5000  -37.5000  -37.500010224.5996   10.7028
    0.0000  -37.5000  -37.500010659.6016   10.7177
    7.5000  -37.5000  -37.500010123.2812   10.7444
   -7.5000  -30.0000  -37.500010973.5215   10.7058
    0.0000  -30.0000  -37.500011466.4688   10.7155
    7.5000  -30.0000  -37.500010873.1445   10.7361
   -7.5000  -22.5000  -37.500011631.4971   10.7040
    0.0000  -22.5000  -37.500012139.4443   10.7069
    7.5000  -22.5000  -37.500011489.8232   10.7246
   -7.5000  -15.0000  -37.500012148.8535   10.6991
    0.0000  -15.0000  -37.500012680.1934   10.7008
    7.5000  -15.0000  -37.500011993.7842   10.7213
   -7.5000   -7.5000  -37.500012619.3799   10.6958
    0.0000   -7.5000  -37.500013175.2266   10.7035
    7.5000   -7.5000  -37.500012444.6777   10.7306
   -7.5000    0.0000  -37.500012919.6992   10.6976
    0.0000    0.0000  -37.500013506.2100   10.7118
    7.5000    0.0000  -37.500012734.8145   10.7422
   -7.5000    7.5000  -37.500012188.6230   10.7027
    0.0000    7.5000  -37.500012740.2715   10.7177
    7.5000    7.5000  -37.500012029.7539   10.7444
   -7.5000   15.0000  -37.500011319.3711   10.7091
    0.0000   15.0000  -37.500011844.9580   10.7189
    7.5000   15.0000  -37.500011179.9336   10.7396
   -7.5000   22.5000  -37.500010439.6426   10.7416
    0.0000   22.5000  -37.500010944.6084   10.7446
    7.5000   22.5000  -37.500010316.4678   10.7627
   -7.5000   30.0000  -37.5000 9558.2930   10.6886
    0.0000   30.0000  -37.500010005.3750   10.6906
    7.5000   30.0000  -37.5000 9460.2109   10.7115
   -7.5000   37.5000  -37.5000 9118.4980   10.8393
    0.0000   37.5000  -37.5000 9527.8936   10.8475
    7.5000   37.5000  -37.5000 9019.9707   10.8763
   -7.5000   45.0000  -37.5000 8370.6611   10.7578
    0.0000   45.0000  -37.5000 8735.6221   10.7764
    7.5000   45.0000  -37.5000 8281.1270   10.8112
   -7.5000  -45.0000  -30.000010422.5625   11.1076
    0.0000  -45.0000  -30.000010856.7188   11.1243
    7.5000  -45.0000  -30.000010328.1602   11.1584
   -7.5000  -37.5000  -30.000010952.4824   11.1136
    0.0000  -37.5000  -30.000011430.4951   11.1322
    7.5000  -37.5000  -30.000010867.2568   11.1639
   -7.5000  -30.0000  -30.000011780.5469   11.1188
    0.0000  -30.0000  -30.000012322.6943   11.1329
    7.5000  -30.0000  -30.000011704.3271   11.1602
   -7.5000  -22.5000  -30.000012441.3418   11.1179
    0.0000  -22.5000  -30.000013024.6934   11.1246
    7.5000  -22.5000  -30.000012334.1133   11.1495
   -7.5000  -15.0000  -30.000012988.7012   11.1124
    0.0000  -15.0000  -30.000013573.5342   11.1165
    7.5000  -15.0000  -30.000012831.6514   11.1431
   -7.5000   -7.5000  -30.000013451.2148   11.1071
    0.0000   -7.5000  -30.000014055.5146   11.1168
    7.5000   -7.5000  -30.000013261.7129   11.1481
   -7.5000    0.0000  -30.000013775.6719   11.1074
    0.0000    0.0000  -30.000014408.8545   11.1241
    7.5000    0.0000  -30.000013565.0703   11.1582
   -7.5000    7.5000  -30.000013030.5029   11.1136
    0.0000    7.5000  -30.000013648.0381   11.1322
    7.5000    7.5000  -30.000012861.5938   11.1639
   -7.5000   15.0000  -30.000012141.7324   11.1221
    0.0000   15.0000  -30.000012721.7285   11.1362
    7.5000   15.0000  -30.000011997.8916   11.1637
   -7.5000   22.5000  -30.000011175.8037   11.1554
    0.0000   22.5000  -30.000011716.4854   11.1622
    7.5000   22.5000  -30.000011039.0596   11.1878
   -7.5000   30.0000  -30.000010178.0869   11.1045
    0.0000   30.0000  -30.000010675.6924   11.1092
    7.5000   30.0000  -30.000010081.3955   11.1363
   -7.5000   37.5000  -30.0000 9676.2607   11.2552
    0.0000   37.5000  -30.000010146.7012   11.2660
    7.5000   37.5000  -30.0000 9585.4229   11.2989
   -7.5000   45.0000  -30.0000 8866.7168   11.1746
    0.0000   45.0000  -30.0000 9291.7002   11.1954
    7.5000   45.0000  -30.0000 8779.3945   11.2336
   -7.5000  -45.0000  -22.500011078.6260   11.4788
    0.0000  -45.0000  -22.500011556.1367   11.4952
    7.5000  -45.0000  -22.500011009.7627   11.5254
   -7.5000  -37.5000  -22.500011669.4492   11.4813
    0.0000  -37.5000  -22.500012212.7031   11.5001
    7.5000  -37.5000  -22.500011619.6895   11.5296
   -7.5000  -30.0000  -22.500012610.6455   11.4871
    0.0000  -30.0000  -22.500013196.7314   11.5020
    7.5000  -30.0000  -22.500012532.5928   11.5302
   -7.5000  -22.5000  -22.500013302.8184   11.4901
    0.0000  -22.5000  -22.500013948.4854   11.4976
    7.5000  -22.5000  -22.500013191.0312   11.5246
   -7.5000  -15.0000  -22.500013846.3916   11.4880
    0.0000  -15.0000  -22.500014511.1719   11.4924
    7.5000  -15.0000  -22.500013690.4521   11.5196
   -7.5000   -7.5000  -22.500014332.0254   11.4823
    0.0000   -7.5000  -22.500015016.4854   11.4916
    7.5000   -7.5000  -22.500014154.5312   11.5207
   -7.5000    0.0000  -22.500014662.2432   11.4786
    0.0000    0.0000  -22.500015382.8438   11.4949
    7.5000    0.0000  -22.500014476.3057   11.5252
   -7.5000    7.5000  -22.500013877.9414   11.4813
    0.0000    7.5000  -22.500014574.0410   11.5001
    7.5000    7.5000  -22.500013739.5605   11.5296
   -7.5000   15.0000  -22.500012961.5107   11.4898
    0.0000   15.0000  -22.500013615.3730   11.5047
    7.5000   15.0000  -22.500012842.5273   11.5330
   -7.5000   22.5000  -22.500011917.9189   11.5298
    0.0000   22.5000  -22.500012521.5127   11.5375
    7.5000   22.5000  -22.500011816.8105   11.5655
   -7.5000   30.0000  -22.500010827.9961   11.4824
    0.0000   30.0000  -22.500011383.7246   11.4875
    7.5000   30.0000  -22.500010748.6738   11.5157
   -7.5000   37.5000  -22.500010270.8047   11.6319
    0.0000   37.5000  -22.500010786.9404   11.6431
    7.5000   37.5000  -22.500010201.7383   11.6746
   -7.5000   45.0000  -22.5000 9396.4121   11.5560
    0.0000   45.0000  -22.5000 9861.5977   11.5767
    7.5000   45.0000  -22.5000 9311.8750   11.6116
   -7.5000  -45.0000  -15.000011722.4990   11.7561
    0.0000  -45.0000  -15.000012238.7939   11.7701
    7.5000  -45.0000  -15.000011657.0771   11.7939
   -7.5000  -37.5000  -15.000012368.3594   11.7543
    0.0000  -37.5000  -15.000012956.7314   11.7701
    7.5000  -37.5000  -15.000012309.1924   11.7936
   -7.5000  -30.0000  -15.000013412.8896   11.7584
    0.0000  -30.0000  -15.000014056.3887   11.7703
    7.5000  -30.0000  -15.000013334.7705   11.7937
   -7.5000  -22.5000  -15.000014194.7754   11.7642
    0.0000  -22.5000  -15.000014908.4043   11.7693
    7.5000  -22.5000  -15.000014100.3721   11.7923
   -7.5000  -15.0000  -15.000014742.0762   11.7663
    0.0000  -15.0000  -15.000015476.3672   11.7688
    7.5000  -15.0000  -15.000014632.7617   11.7916
   -7.5000   -7.5000  -15.000015230.5146   11.7621
    0.0000   -7.5000  -15.000015970.5225   11.7695
    7.5000   -7.5000  -15.000015087.5537   11.7932
   -7.5000    0.0000  -15.000015547.9160   11.7559
    0.0000    0.0000  -15.000016316.4014   11.7698
    7.5000    0.0000  -15.000015402.3047   11.7937
   -7.5000    7.5000  -15.000014712.7783   11.7542
    0.0000    7.5000  -15.000015464.2510   11.7701
    7.5000    7.5000  -15.000014600.1240   11.7935
   -7.5000   15.0000  -15.000013727.9502   11.7607
    0.0000   15.0000  -15.000014445.0605   11.7726
    7.5000   15.0000  -15.000013669.2188   11.7961
   -7.5000   22.5000  -15.000012639.8604   11.8064
    0.0000   22.5000  -15.000013301.9795   11.8118
    7.5000   22.5000  -15.000012587.2188   11.8357
   -7.5000   30.0000  -15.000011528.9385   11.7607
    0.0000   30.0000  -15.000012124.0352   11.7640
    7.5000   30.0000  -15.000011426.2148   11.7879
   -7.5000   37.5000  -15.000010931.3066   11.9132
    0.0000   37.5000  -15.000011496.6611   11.9226
    7.5000   37.5000  -15.000010836.8838   11.9496
   -7.5000   45.0000  -15.0000 9957.9199   11.8439
    0.0000   45.0000  -15.000010471.5537   11.8628
    7.5000   45.0000  -15.0000 9862.5781   11.8922
   -7.5000  -45.0000   -7.500012399.4922   11.9053
    0.0000  -45.0000   -7.500012940.7773   11.9176
    7.5000  -45.0000   -7.500012309.3740   11.9397
   -7.5000  -37.5000   -7.500013079.9092   11.9031
    0.0000  -37.5000   -7.500013685.2412   11.9161
    7.5000  -37.5000   -7.500013007.7480   11.9362
   -7.5000  -30.0000   -7.500014195.2637   11.9052
    0.0000  -30.0000   -7.500014863.1475   11.9133
    7.5000  -30.0000   -7.500014107.8486   11.9309
   -7.5000  -22.5000   -7.500015110.7217   11.9098
    0.0000  -22.5000   -7.500015852.2607   11.9114
    7.5000  -22.5000   -7.500015003.1484   11.9276
   -7.5000  -15.0000   -7.500015757.3516   11.9121
    0.0000  -15.0000   -7.500016554.7168   11.9123
    7.5000  -15.0000   -7.500015653.7334   11.9299
   -7.5000   -7.5000   -7.500016202.1885   11.9095
    0.0000   -7.5000   -7.500017011.3223   11.9155
    7.5000   -7.5000   -7.500016142.5420   11.9365
   -7.5000    0.0000   -7.500016481.5762   11.9051
    0.0000    0.0000   -7.500017300.6602   11.9174
    7.5000    0.0000   -7.500016436.9434   11.9395
   -7.5000    7.5000   -7.500015621.2588   11.9031
    0.0000    7.5000   -7.500016407.8145   11.9161
    7.5000    7.5000   -7.500015539.7354   11.9361
   -7.5000   15.0000   -7.500014616.8125   11.9078
    0.0000   15.0000   -7.500015348.7773   11.9159
    7.5000   15.0000   -7.500014502.7900   11.9336
   -7.5000   22.5000   -7.500013467.6797   11.9514
    0.0000   22.5000   -7.500014165.0947   11.9532
    7.5000   22.5000   -7.500013346.9053   11.9702
   -7.5000   30.0000   -7.500012293.5557   11.9035
    0.0000   30.0000   -7.500012915.3662   11.9042
    7.5000   30.0000   -7.500012151.9854   11.9228
   -7.5000   37.5000   -7.500011656.4854   12.0639
    0.0000   37.5000   -7.500012248.0566   12.0712
    7.5000   37.5000   -7.500011526.5303   12.0955
   -7.5000   45.0000   -7.500010608.7246   11.9988
    0.0000   45.0000   -7.500011133.9082   12.0167
    7.5000   45.0000   -7.500010487.4326   12.0447
   -7.5000  -45.0000    0.000012944.9658   11.9400
    0.0000  -45.0000    0.000013544.3184   11.9530
    7.5000  -45.0000    0.000012901.0254   11.9796
   -7.5000  -37.5000    0.000013631.9658   11.9416
    0.0000  -37.5000    0.000014263.1396   11.9547
    7.5000  -37.5000    0.000013613.1543   11.9773
   -7.5000  -30.0000    0.000014799.5166   11.9434
    0.0000  -30.0000    0.000015451.6709   11.9506
    7.5000  -30.0000    0.000014776.0938   11.9673
   -7.5000  -22.5000    0.000015862.7930   11.9440
    0.0000  -22.5000    0.000016627.6777   11.9445
    7.5000  -22.5000    0.000015776.0000   11.9584
   -7.5000  -15.0000    0.000016743.3262   11.9424
    0.0000  -15.0000    0.000017635.4844   11.9421
    7.5000  -15.0000    0.000016592.9512   11.9592
   -7.5000   -7.5000    0.000017308.5371   11.9400
    0.0000   -7.5000    0.000018181.7188   11.9464
    7.5000   -7.5000    0.000017155.1113   11.9701
   -7.5000    0.0000    0.000017521.4336   11.9398
    0.0000    0.0000    0.000018353.7090   11.9528
    7.5000    0.0000    0.000017354.7500   11.9794
   -7.5000    7.5000    0.000016518.3672   11.9415
    0.0000    7.5000    0.000017247.1445   11.9547
    7.5000    7.5000    0.000016273.9160   11.9773
   -7.5000   15.0000    0.000015385.3662   11.9466
    0.0000   15.0000    0.000016073.2402   11.9539
    7.5000   15.0000    0.000015159.2627   11.9708
   -7.5000   22.5000    0.000014180.8604   11.9841
    0.0000   22.5000    0.000014851.1475   11.9845
    7.5000   22.5000    0.000013977.2354   11.9989
   -7.5000   30.0000    0.000012942.9707   11.9331
    0.0000   30.0000    0.000013564.4727   11.9331
    7.5000   30.0000    0.000012767.1104   11.9508
   -7.5000   37.5000    0.000012240.2129   12.1003
    0.0000   37.5000    0.000012844.2598   12.1073
    7.5000   37.5000    0.000012083.9463   12.1337
   -7.5000   45.0000    0.000011142.5293   12.0354
    0.0000   45.0000    0.000011688.3975   12.0540
    7.5000   45.0000    0.000010982.8994   12.0863
   -7.5000  -45.0000    7.500012487.1143   11.9382
    0.0000  -45.0000    7.500013051.4629   11.9541
    7.5000  -45.0000    7.500012525.2373   11.9879
   -7.5000  -37.5000    7.500013162.0557   11.9440
    0.0000  -37.5000    7.500013755.0918   11.9607
    7.5000  -37.5000    7.500013213.8066   11.9903
   -7.5000  -30.0000    7.500014308.4453   11.9476
    0.0000  -30.0000    7.500014947.6211   11.9584
    7.5000  -30.0000    7.500014291.8057   11.9812
   -7.5000  -22.5000    7.500015383.8047   11.9455
    0.0000  -22.5000    7.500016160.5811   11.9489
    7.5000  -22.5000    7.500015229.5752   11.9684
   -7.5000  -15.0000    7.500016379.5342   11.9399
    0.0000  -15.0000    7.500017262.6973   11.9418
    7.5000  -15.0000    7.500016059.7422   11.9646
   -7.5000   -7.5000    7.500017105.4492   11.9360
    0.0000   -7.5000    7.500018001.7891   11.9447
    7.5000   -7.5000    7.500016672.5488   11.9748
   -7.5000    0.0000    7.500017261.9590   11.9380
    0.0000    0.0000    7.500018130.1680   11.9539
    7.5000    0.0000    7.500016844.8750   11.9877
   -7.5000    7.5000    7.500016117.9189   11.9439
    0.0000    7.5000    7.500016843.2246   11.9606
    7.5000    7.5000    7.500015743.1211   11.9903
   -7.5000   15.0000    7.500014920.8018   11.9512
    0.0000   15.0000    7.500015561.8018   11.9622
    7.5000   15.0000    7.500014654.5840   11.9852
   -7.5000   22.5000    7.500013730.9189   11.9835
    0.0000   22.5000    7.500014322.8154   11.9869
    7.5000   22.5000    7.500013536.5879   12.0070
   -7.5000   30.0000    7.500012557.4365   11.9324
    0.0000   30.0000    7.500013117.3965   11.9346
    7.5000   30.0000    7.500012418.6348   11.9578
   -7.5000   37.5000    7.500011889.7012   12.0999
    0.0000   37.5000    7.500012434.1914   12.1091
    7.5000   37.5000    7.500011781.4014   12.1411
   -7.5000   45.0000    7.500010815.5361   12.0320
    0.0000   45.0000    7.500011315.9766   12.0528
    7.5000   45.0000    7.500010697.2939   12.0915
   -7.5000  -45.0000   15.000011942.4033   11.9261
    0.0000  -45.0000   15.000012453.9814   11.9440
    7.5000  -45.0000   15.000011940.0635   11.9806
   -7.5000  -37.5000   15.000012627.8438   11.9325
    0.0000  -37.5000   15.000013183.6309   11.9525
    7.5000  -37.5000   15.000012590.1670   11.9865
   -7.5000  -30.0000   15.000013785.1846   11.9381
    0.0000  -30.0000   15.000014411.0576   11.9532
    7.5000  -30.0000   15.000013690.9072   11.9826
   -7.5000  -22.5000   15.000014841.2012   11.9372
    0.0000  -22.5000   15.000015610.0176   11.9443
    7.5000  -22.5000   15.000014679.4629   11.9711
   -7.5000  -15.0000   15.000015709.8281   11.9312
    0.0000  -15.0000   15.000016490.7578   11.9357
    7.5000  -15.0000   15.000015487.2432   11.9642
   -7.5000   -7.5000   15.000016263.2393   11.9255
    0.0000   -7.5000   15.000017001.4238   11.9359
    7.5000   -7.5000   15.000016001.2441   11.9695
   -7.5000    0.0000   15.000016387.5938   11.9259
    0.0000    0.0000   15.000017124.5684   11.9438
    7.5000    0.0000   15.000016135.9756   11.9804
   -7.5000    7.5000   15.000015374.3887   11.9325
    0.0000    7.5000   15.000016052.3135   11.9525
    7.5000    7.5000   15.000015151.1318   11.9865
   -7.5000   15.0000   15.000014281.1133   11.9416
    0.0000   15.0000   15.000014892.1982   11.9568
    7.5000   15.0000   15.000014100.3291   11.9863
   -7.5000   22.5000   15.000013164.5107   11.9748
    0.0000   22.5000   15.000013699.7227   11.9821
    7.5000   22.5000   15.000013020.8799   12.0096
   -7.5000   30.0000   15.000012052.4023   11.9262
    0.0000   30.0000   15.000012535.2686   11.9313
    7.5000   30.0000   15.000011918.7939   11.9604
   -7.5000   37.5000   15.000011395.8008   12.0880
    0.0000   37.5000   15.000011867.8496   12.0996
    7.5000   37.5000   15.000011275.8828   12.1350
   -7.5000   45.0000   15.000010325.7949   12.0174
    0.0000   45.0000   15.000010770.1191   12.0397
    7.5000   45.0000   15.000010199.4375   12.0808
   -7.5000  -45.0000   22.500011325.8184   11.9170
    0.0000  -45.0000   22.500011799.4229   11.9340
    7.5000  -45.0000   22.500011274.0732   11.9654
   -7.5000  -37.5000   22.500011966.1758   11.9196
    0.0000  -37.5000   22.500012490.6963   11.9391
    7.5000  -37.5000   22.500011909.3281   11.9697
   -7.5000  -30.0000   22.500013022.3662   11.9256
    0.0000  -30.0000   22.500013622.5908   11.9410
    7.5000  -30.0000   22.500012965.6230   11.9704
   -7.5000  -22.5000   22.500013998.0850   11.9287
    0.0000  -22.5000   22.500014669.1201   11.9365
    7.5000  -22.5000   22.500013902.6934   11.9646
   -7.5000  -15.0000   22.500014724.9512   11.9266
    0.0000  -15.0000   22.500015370.1836   11.9311
    7.5000  -15.0000   22.500014620.0361   11.9593
   -7.5000   -7.5000   22.500015149.1758   11.9206
    0.0000   -7.5000   22.500015755.6523   11.9303
    7.5000   -7.5000   22.500015034.9619   11.9605
   -7.5000    0.0000   22.500015269.1211   11.9168
    0.0000    0.0000   22.500015899.7021   11.9338
    7.5000    0.0000   22.500015166.6045   11.9652
   -7.5000    7.5000   22.500014355.5049   11.9196
    0.0000    7.5000   22.500014944.0283   11.9391
    7.5000    7.5000   22.500014266.4023   11.9697
   -7.5000   15.0000   22.500013396.6924   11.9284
    0.0000   15.0000   22.500013930.2002   11.9439
    7.5000   15.0000   22.500013319.1064   11.9733
   -7.5000   22.5000   22.500012378.4346   11.9681
    0.0000   22.5000   22.500012856.8984   11.9761
    7.5000   22.5000   22.500012295.1328   12.0051
   -7.5000   30.0000   22.500011352.1299   11.9224
    0.0000   30.0000   22.500011785.2129   11.9277
    7.5000   30.0000   22.500011251.7959   11.9569
   -7.5000   37.5000   22.500010758.2930   12.0777
    0.0000   37.5000   22.500011160.9307   12.0893
    7.5000   37.5000   22.500010628.3770   12.1220
   -7.5000   45.0000   22.5000 9738.3232   12.0076
    0.0000   45.0000   22.500010124.6104   12.0291
    7.5000   45.0000   22.5000 9621.1553   12.0654
   -7.5000  -45.0000   30.000010602.6465   12.0035
    0.0000  -45.0000   30.000011084.7451   12.0179
    7.5000  -45.0000   30.000010557.2266   12.0424
   -7.5000  -37.5000   30.000011156.9414   12.0017
    0.0000  -37.5000   30.000011653.2178   12.0180
    7.5000  -37.5000   30.000011108.1035   12.0421
   -7.5000  -30.0000   30.000012076.6543   12.0056
    0.0000  -30.0000   30.000012614.0566   12.0179
    7.5000  -30.0000   30.000012031.7695   12.0421
   -7.5000  -22.5000   30.000012909.6973   12.0113
    0.0000  -22.5000   30.000013484.0664   12.0165
    7.5000  -22.5000   30.000012855.6797   12.0403
   -7.5000  -15.0000   30.000013536.8477   12.0134
    0.0000  -15.0000   30.000014090.7148   12.0159
    7.5000  -15.0000   30.000013489.7148   12.0395
   -7.5000   -7.5000   30.000013980.5703   12.0094
    0.0000   -7.5000   30.000014540.0303   12.0169
    7.5000   -7.5000   30.000013905.9609   12.0413
   -7.5000    0.0000   30.000014210.1992   12.0033
    0.0000    0.0000   30.000014803.7900   12.0177
    7.5000    0.0000   30.000014110.2373   12.0422
   -7.5000    7.5000   30.000013377.4229   12.0016
    0.0000    7.5000   30.000013926.3271   12.0179
    7.5000    7.5000   30.000013288.0752   12.0421
   -7.5000   15.0000   30.000012457.8506   12.0080
    0.0000   15.0000   30.000012959.7861   12.0202
    7.5000   15.0000   30.000012373.3936   12.0446
   -7.5000   22.5000   30.000011494.9580   12.0534
    0.0000   22.5000   30.000011962.1973   12.0589
    7.5000   22.5000   30.000011430.8516   12.0837
   -7.5000   30.0000   30.000010543.4805   12.0087
    0.0000   30.0000   30.000010954.5918   12.0120
    7.5000   30.0000   30.000010449.5371   12.0368
   -7.5000   37.5000   30.0000 9972.4814   12.1659
    0.0000   37.5000   30.000010367.2529   12.1755
    7.5000   37.5000   30.0000 9870.8027   12.2033
   -7.5000   45.0000   30.0000 9031.6045   12.1003
    0.0000   45.0000   30.0000 9388.1855   12.1198
    7.5000   45.0000   30.0000 8928.6338   12.1501
   -7.5000  -45.0000   37.500010281.9238   12.1714
    0.0000  -45.0000   37.500010731.1855   12.1842
    7.5000  -45.0000   37.500010228.1025   12.2069
   -7.5000  -37.5000   37.500010752.4053   12.1703
    0.0000  -37.5000   37.500011235.9268   12.1837
    7.5000  -37.5000   37.500010708.6045   12.2040
   -7.5000  -30.0000   37.500011588.0361   12.1727
    0.0000  -30.0000   37.500012116.5498   12.1810
    7.5000  -30.0000   37.500011553.0742   12.1987
   -7.5000  -22.5000   37.500012330.1738   12.1762
    0.0000  -22.5000   37.500012884.5527   12.1781
    7.5000  -22.5000   37.500012282.0527   12.1945
   -7.5000  -15.0000   37.500012906.2197   12.1772
    0.0000  -15.0000   37.500013449.4688   12.1777
    7.5000  -15.0000   37.500012846.0557   12.1959
   -7.5000   -7.5000   37.500013377.7129   12.1745
    0.0000   -7.5000   37.500013923.8066   12.1810
    7.5000   -7.5000   37.500013296.0928   12.2027
   -7.5000    0.0000   37.500013647.5508   12.1712
    0.0000    0.0000   37.500014224.4014   12.1840
    7.5000    0.0000   37.500013542.0996   12.2066
   -7.5000    7.5000   37.500012861.3359   12.1703
    0.0000    7.5000   37.500013385.7725   12.1837
    7.5000    7.5000   37.500012753.1816   12.2040
   -7.5000   15.0000   37.500011958.5107   12.1754
    0.0000   15.0000   37.500012438.4541   12.1837
    7.5000   15.0000   37.500011854.5420   12.2015
   -7.5000   22.5000   37.500011029.4844   12.2197
    0.0000   22.5000   37.500011501.9795   12.2218
    7.5000   22.5000   37.500010960.2891   12.2390
   -7.5000   30.0000   37.500010114.2520   12.1717
    0.0000   30.0000   37.500010528.4229   12.1728
    7.5000   30.0000   37.500010026.5371   12.1921
   -7.5000   37.5000   37.5000 9565.3516   12.3392
    0.0000   37.5000   37.5000 9953.1240   12.3471
    7.5000   37.5000   37.5000 9476.7686   12.3723
   -7.5000   45.0000   37.5000 8648.6465   12.2793
    0.0000   45.0000   37.5000 8979.8320   12.2980
    7.5000   45.0000   37.5000 8544.5566   12.3268
   -7.5000  -45.0000   45.0000 9482.9678   12.3637
    0.0000  -45.0000   45.0000 9922.4541   12.3777
    7.5000  -45.0000   45.0000 9451.5352   12.4054
   -7.5000  -37.5000   45.0000 9899.1543   12.3663
    0.0000  -37.5000   45.000010362.0771   12.3803
    7.5000  -37.5000   45.0000 9870.0205   12.4033
   -7.5000  -30.0000   45.000010640.4678   12.3679
    0.0000  -30.0000   45.000011131.7793   12.3751
    7.5000  -30.0000   45.000010619.5635   12.3915
   -7.5000  -22.5000   45.000011280.2109   12.3670
    0.0000  -22.5000   45.000011802.3105   12.3669
    7.5000  -22.5000   45.000011242.5908   12.3806
   -7.5000  -15.0000   45.000011784.9785   12.3641
    0.0000  -15.0000   45.000012320.5420   12.3634
    7.5000  -15.0000   45.000011739.0527   12.3809
   -7.5000   -7.5000   45.000012228.6484   12.3620
    0.0000   -7.5000   45.000012762.0664   12.3689
    7.5000   -7.5000   45.000012156.5137   12.3937
   -7.5000    0.0000   45.000012486.5527   12.3635
    0.0000    0.0000   45.000013020.7041   12.3775
    7.5000    0.0000   45.000012388.9932   12.4052
   -7.5000    7.5000   45.000011797.7334   12.3663
    0.0000    7.5000   45.000012289.7988   12.3802
    7.5000    7.5000   45.000011694.6826   12.4033
   -7.5000   15.0000   45.000010951.0664   12.3713
    0.0000   15.0000   45.000011411.5791   12.3786
    7.5000   15.0000   45.000010866.3535   12.3953
   -7.5000   22.5000   45.000010094.7178   12.4104
    0.0000   22.5000   45.000010526.4951   12.4103
    7.5000   22.5000   45.000010034.5430   12.4245
   -7.5000   30.0000   45.0000 9263.5244   12.3598
    0.0000   30.0000   45.0000 9645.9883   12.3594
    7.5000   30.0000   45.0000 9200.9805   12.3776
   -7.5000   37.5000   45.0000 8764.8740   12.5411
    0.0000   37.5000   45.0000 9121.0547   12.5486
    7.5000   37.5000   45.0000 8688.8789   12.5763
   -7.5000   45.0000   45.0000 7920.5962   12.4924
    0.0000   45.0000   45.0000 8229.4678   12.5126
    7.5000   45.0000   45.0000 7833.3418   12.5464

---------------------------------------------------------------------
imgreg_4dfp /opt/freesurfer/average/711-2C_as_mni_average_305 /opt/freesurfer/average/711-2B_as_mni_average_305_mask talsrcimg_g11 none talsrcimg_to_711-2C_as_mni_average_305_t4 4355
---------------------------------------------------------------------

freesurfer imgreg_4dfp.c
/opt/freesurfer/average/711-2C_as_mni_average_305.4dfp.img
       256       256       256         1
  1.000000  1.000000  1.000000
orientation T byte_order littleendian
Reading image: /opt/freesurfer/average/711-2C_as_mni_average_305.4dfp.img
dimensions:      256       256       256
mmppix:       1.0000   -1.0000   -1.0000
center:     128.0000 -129.0000 -129.0000
/opt/freesurfer/average/711-2B_as_mni_average_305_mask.4dfp.img
       256       256       256         1
  1.000000  1.000000  1.000000
orientation T byte_order littleendian
Reading mask: /opt/freesurfer/average/711-2B_as_mni_average_305_mask.4dfp.img (2306576 pixels)
talsrcimg_g11.4dfp.img
       256       256       256         1
  1.000000  1.000000  1.000000
orientation T byte_order littleendian
Reading image: talsrcimg_g11.4dfp.img
dimensions:      256       256       256
mmppix:       1.0000   -1.0000   -1.0000
center:     128.0000 -129.0000 -129.0000
rotation matrix determinant  1.000000
image alignment mode   4355 decimal     1103 hex
   -7.5000  -45.0000  -45.0000 2278.5869   11.7173
    0.0000  -45.0000  -45.0000 2275.9446   11.7480
    7.5000  -45.0000  -45.0000 2258.8396   11.8875
   -7.5000  -37.5000  -45.0000 2312.7773   11.3547
    0.0000  -37.5000  -45.0000 2312.9060   11.3781
    7.5000  -37.5000  -45.0000 2291.6777   11.4993
   -7.5000  -30.0000  -45.0000 2332.3586   11.0247
    0.0000  -30.0000  -45.0000 2338.7366   11.0597
    7.5000  -30.0000  -45.0000 2309.2917   11.1926
   -7.5000  -22.5000  -45.0000 2354.0347   10.7585
    0.0000  -22.5000  -45.0000 2360.8127   10.7812
    7.5000  -22.5000  -45.0000 2325.0564   10.9118
   -7.5000  -15.0000  -45.0000 2371.9961   10.5604
    0.0000  -15.0000  -45.0000 2375.7910   10.5730
    7.5000  -15.0000  -45.0000 2337.5676   10.7104
   -7.5000   -7.5000  -45.0000 2386.2195   10.5579
    0.0000   -7.5000  -45.0000 2391.5874   10.5548
    7.5000   -7.5000  -45.0000 2349.1113   10.7307
   -7.5000    0.0000  -45.0000 2372.1050   10.7801
    0.0000    0.0000  -45.0000 2381.2395   10.7904
    7.5000    0.0000  -45.0000 2336.5281   10.9696
   -7.5000    7.5000  -45.0000 2336.2046   11.1916
    0.0000    7.5000  -45.0000 2345.2556   11.2046
    7.5000    7.5000  -45.0000 2307.6394   11.3600
   -7.5000   15.0000  -45.0000 2285.5095   11.7526
    0.0000   15.0000  -45.0000 2294.7341   11.7450
    7.5000   15.0000  -45.0000 2256.5122   11.9098
   -7.5000   22.5000  -45.0000 2215.8799   12.5298
    0.0000   22.5000  -45.0000 2223.7400   12.4910
    7.5000   22.5000  -45.0000 2190.2014   12.6727
   -7.5000   30.0000  -45.0000 2123.6274   13.6026
    0.0000   30.0000  -45.0000 2129.5806   13.5480
    7.5000   30.0000  -45.0000 2100.4004   13.7652
   -7.5000   37.5000  -45.0000 2016.4003   15.0934
    0.0000   37.5000  -45.0000 2022.5028   15.0704
    7.5000   37.5000  -45.0000 1990.5181   15.3077
   -7.5000   45.0000  -45.0000 1895.5931   17.1591
    0.0000   45.0000  -45.0000 1905.3486   17.1217
    7.5000   45.0000  -45.0000 1872.3057   17.3701
   -7.5000  -45.0000  -37.5000 2371.2019   10.9622
    0.0000  -45.0000  -37.5000 2372.5676   10.9820
    7.5000  -45.0000  -37.5000 2347.7532   11.1026
   -7.5000  -37.5000  -37.5000 2403.1116   10.5941
    0.0000  -37.5000  -37.5000 2407.8330   10.6101
    7.5000  -37.5000  -37.5000 2381.8716   10.7194
   -7.5000  -30.0000  -37.5000 2425.2825   10.2810
    0.0000  -30.0000  -37.5000 2430.3843   10.3093
    7.5000  -30.0000  -37.5000 2401.1138   10.4252
   -7.5000  -22.5000  -37.5000 2448.6787    9.9899
    0.0000  -22.5000  -37.5000 2454.8059   10.0007
    7.5000  -22.5000  -37.5000 2419.6462   10.1329
   -7.5000  -15.0000  -37.5000 2464.6597    9.8060
    0.0000  -15.0000  -37.5000 2470.4900    9.8127
    7.5000  -15.0000  -37.5000 2433.7571    9.9506
   -7.5000   -7.5000  -37.5000 2479.9709    9.8083
    0.0000   -7.5000  -37.5000 2484.9150    9.7949
    7.5000   -7.5000  -37.5000 2447.2073    9.9541
   -7.5000    0.0000  -37.5000 2468.4319   10.0115
    0.0000    0.0000  -37.5000 2477.9277   10.0161
    7.5000    0.0000  -37.5000 2436.1626   10.1647
   -7.5000    7.5000  -37.5000 2436.3687   10.3721
    0.0000    7.5000  -37.5000 2444.5774   10.3934
    7.5000    7.5000  -37.5000 2407.6555   10.5325
   -7.5000   15.0000  -37.5000 2383.2686   10.8724
    0.0000   15.0000  -37.5000 2393.1294   10.8932
    7.5000   15.0000  -37.5000 2351.8611   11.0273
   -7.5000   22.5000  -37.5000 2308.7852   11.5785
    0.0000   22.5000  -37.5000 2322.1223   11.5714
    7.5000   22.5000  -37.5000 2280.7556   11.7137
   -7.5000   30.0000  -37.5000 2204.6323   12.5719
    0.0000   30.0000  -37.5000 2218.1731   12.5534
    7.5000   30.0000  -37.5000 2185.7847   12.7274
   -7.5000   37.5000  -37.5000 2093.7305   13.9588
    0.0000   37.5000  -37.5000 2103.2200   13.9314
    7.5000   37.5000  -37.5000 2068.3896   14.1095
   -7.5000   45.0000  -37.5000 1968.1715   15.7824
    0.0000   45.0000  -37.5000 1976.3621   15.7768
    7.5000   45.0000  -37.5000 1941.8505   15.9505
   -7.5000  -45.0000  -30.0000 2496.2390   10.5632
    0.0000  -45.0000  -30.0000 2498.8655   10.5674
    7.5000  -45.0000  -30.0000 2471.7205   10.7214
   -7.5000  -37.5000  -30.0000 2531.5747   10.1879
    0.0000  -37.5000  -30.0000 2537.2739   10.1898
    7.5000  -37.5000  -30.0000 2510.4565   10.3173
   -7.5000  -30.0000  -30.0000 2556.0457    9.8902
    0.0000  -30.0000  -30.0000 2565.7058    9.9027
    7.5000  -30.0000  -30.0000 2538.3459   10.0124
   -7.5000  -22.5000  -30.0000 2584.6072    9.5953
    0.0000  -22.5000  -30.0000 2593.0735    9.6053
    7.5000  -22.5000  -30.0000 2561.0994    9.7107
   -7.5000  -15.0000  -30.0000 2605.9238    9.4336
    0.0000  -15.0000  -30.0000 2613.2405    9.4355
    7.5000  -15.0000  -30.0000 2576.9141    9.5510
   -7.5000   -7.5000  -30.0000 2620.4124    9.4203
    0.0000   -7.5000  -30.0000 2626.7341    9.4307
    7.5000   -7.5000  -30.0000 2589.0393    9.5443
   -7.5000    0.0000  -30.0000 2612.0457    9.5979
    0.0000    0.0000  -30.0000 2622.5847    9.6163
    7.5000    0.0000  -30.0000 2579.5420    9.7368
   -7.5000    7.5000  -30.0000 2583.7473    9.9543
    0.0000    7.5000  -30.0000 2593.7683    9.9581
    7.5000    7.5000  -30.0000 2554.9741   10.0724
   -7.5000   15.0000  -30.0000 2527.1760   10.4445
    0.0000   15.0000  -30.0000 2535.9285   10.4619
    7.5000   15.0000  -30.0000 2497.1772   10.5823
   -7.5000   22.5000  -30.0000 2441.2903   11.1163
    0.0000   22.5000  -30.0000 2453.4551   11.1202
    7.5000   22.5000  -30.0000 2417.0264   11.2549
   -7.5000   30.0000  -30.0000 2329.4258   12.0750
    0.0000   30.0000  -30.0000 2343.7498   12.0503
    7.5000   30.0000  -30.0000 2311.7024   12.2094
   -7.5000   37.5000  -30.0000 2206.0129   13.3747
    0.0000   37.5000  -30.0000 2219.8948   13.3484
    7.5000   37.5000  -30.0000 2188.2258   13.5206
   -7.5000   45.0000  -30.0000 2068.1101   15.0748
    0.0000   45.0000  -30.0000 2080.1731   15.0783
    7.5000   45.0000  -30.0000 2052.0415   15.2561
   -7.5000  -45.0000  -22.5000 2586.7134   10.0878
    0.0000  -45.0000  -22.5000 2594.8401   10.0648
    7.5000  -45.0000  -22.5000 2568.4817   10.2517
   -7.5000  -37.5000  -22.5000 2632.3042    9.6565
    0.0000  -37.5000  -22.5000 2642.7563    9.6491
    7.5000  -37.5000  -22.5000 2618.0330    9.7987
   -7.5000  -30.0000  -22.5000 2667.2214    9.3665
    0.0000  -30.0000  -22.5000 2676.5376    9.3513
    7.5000  -30.0000  -22.5000 2649.8438    9.4552
   -7.5000  -22.5000  -22.5000 2694.8032    9.1297
    0.0000  -22.5000  -22.5000 2706.6228    9.1224
    7.5000  -22.5000  -22.5000 2668.3242    9.2135
   -7.5000  -15.0000  -22.5000 2720.5864    8.9715
    0.0000  -15.0000  -22.5000 2736.5186    8.9708
    7.5000  -15.0000  -22.5000 2688.1699    9.0691
   -7.5000   -7.5000  -22.5000 2741.4985    8.9626
    0.0000   -7.5000  -22.5000 2752.6931    8.9771
    7.5000   -7.5000  -22.5000 2706.0811    9.0855
   -7.5000    0.0000  -22.5000 2735.0183    9.1338
    0.0000    0.0000  -22.5000 2749.7312    9.1480
    7.5000    0.0000  -22.5000 2704.0312    9.2585
   -7.5000    7.5000  -22.5000 2705.3203    9.4637
    0.0000    7.5000  -22.5000 2718.9929    9.4674
    7.5000    7.5000  -22.5000 2682.0020    9.5722
   -7.5000   15.0000  -22.5000 2643.0400    9.9507
    0.0000   15.0000  -22.5000 2656.3027    9.9538
    7.5000   15.0000  -22.5000 2620.6912   10.0618
   -7.5000   22.5000  -22.5000 2549.8215   10.6167
    0.0000   22.5000  -22.5000 2564.5518   10.5957
    7.5000   22.5000  -22.5000 2532.8215   10.7192
   -7.5000   30.0000  -22.5000 2424.5410   11.5470
    0.0000   30.0000  -22.5000 2442.4163   11.4971
    7.5000   30.0000  -22.5000 2411.1096   11.6559
   -7.5000   37.5000  -22.5000 2293.1802   12.7634
    0.0000   37.5000  -22.5000 2306.8987   12.7383
    7.5000   37.5000  -22.5000 2279.2698   12.9153
   -7.5000   45.0000  -22.5000 2150.4360   14.3817
    0.0000   45.0000  -22.5000 2162.4529   14.3611
    7.5000   45.0000  -22.5000 2137.3674   14.5852
   -7.5000  -45.0000  -15.0000 2647.5664    9.6491
    0.0000  -45.0000  -15.0000 2654.4905    9.6381
    7.5000  -45.0000  -15.0000 2625.1594    9.8173
   -7.5000  -37.5000  -15.0000 2702.3896    9.1831
    0.0000  -37.5000  -15.0000 2714.6392    9.1709
    7.5000  -37.5000  -15.0000 2682.8926    9.3133
   -7.5000  -30.0000  -15.0000 2745.0435    8.8749
    0.0000  -30.0000  -15.0000 2758.6072    8.8468
    7.5000  -30.0000  -15.0000 2726.5222    8.9638
   -7.5000  -22.5000  -15.0000 2773.0955    8.6551
    0.0000  -22.5000  -15.0000 2790.1560    8.6308
    7.5000  -22.5000  -15.0000 2752.0764    8.7520
   -7.5000  -15.0000  -15.0000 2804.2307    8.5366
    0.0000  -15.0000  -15.0000 2823.3645    8.5170
    7.5000  -15.0000  -15.0000 2773.7278    8.6510
   -7.5000   -7.5000  -15.0000 2831.6365    8.5344
    0.0000   -7.5000  -15.0000 2847.2800    8.5243
    7.5000   -7.5000  -15.0000 2794.9365    8.6795
   -7.5000    0.0000  -15.0000 2825.2534    8.7056
    0.0000    0.0000  -15.0000 2846.2878    8.6806
    7.5000    0.0000  -15.0000 2797.8999    8.8338
   -7.5000    7.5000  -15.0000 2790.0701    9.0278
    0.0000    7.5000  -15.0000 2810.8650    9.0037
    7.5000    7.5000  -15.0000 2768.6506    9.1319
   -7.5000   15.0000  -15.0000 2718.8491    9.4875
    0.0000   15.0000  -15.0000 2738.7144    9.4621
    7.5000   15.0000  -15.0000 2703.3691    9.6024
   -7.5000   22.5000  -15.0000 2622.9360   10.1362
    0.0000   22.5000  -15.0000 2640.8132   10.1050
    7.5000   22.5000  -15.0000 2605.2458   10.2597
   -7.5000   30.0000  -15.0000 2496.1548   11.0326
    0.0000   30.0000  -15.0000 2512.9163   11.0074
    7.5000   30.0000  -15.0000 2474.6497   11.1750
   -7.5000   37.5000  -15.0000 2357.4304   12.2377
    0.0000   37.5000  -15.0000 2372.7378   12.2263
    7.5000   37.5000  -15.0000 2341.5120   12.4012
   -7.5000   45.0000  -15.0000 2208.6108   13.7824
    0.0000   45.0000  -15.0000 2216.8914   13.7980
    7.5000   45.0000  -15.0000 2189.0706   14.0007
   -7.5000  -45.0000   -7.5000 2688.1738    9.3166
    0.0000  -45.0000   -7.5000 2691.6780    9.2846
    7.5000  -45.0000   -7.5000 2652.9846    9.4818
   -7.5000  -37.5000   -7.5000 2748.3318    8.8181
    0.0000  -37.5000   -7.5000 2759.7261    8.7727
    7.5000  -37.5000   -7.5000 2723.2703    8.9436
   -7.5000  -30.0000   -7.5000 2794.9045    8.4942
    0.0000  -30.0000   -7.5000 2809.4575    8.4395
    7.5000  -30.0000   -7.5000 2770.2380    8.5878
   -7.5000  -22.5000   -7.5000 2832.1177    8.2721
    0.0000  -22.5000   -7.5000 2851.5564    8.2149
    7.5000  -22.5000   -7.5000 2811.2036    8.3646
   -7.5000  -15.0000   -7.5000 2863.7080    8.1916
    0.0000  -15.0000   -7.5000 2888.5730    8.1340
    7.5000  -15.0000   -7.5000 2835.3123    8.2927
   -7.5000   -7.5000   -7.5000 2894.7576    8.1932
    0.0000   -7.5000   -7.5000 2920.0681    8.1386
    7.5000   -7.5000   -7.5000 2860.9397    8.3512
   -7.5000    0.0000   -7.5000 2888.5078    8.3425
    0.0000    0.0000   -7.5000 2913.6924    8.2916
    7.5000    0.0000   -7.5000 2861.4353    8.5031
   -7.5000    7.5000   -7.5000 2849.0508    8.6378
    0.0000    7.5000   -7.5000 2870.1353    8.6007
    7.5000    7.5000   -7.5000 2824.9636    8.7718
   -7.5000   15.0000   -7.5000 2774.3379    9.0946
    0.0000   15.0000   -7.5000 2794.9702    9.0477
    7.5000   15.0000   -7.5000 2751.5315    9.2085
   -7.5000   22.5000   -7.5000 2670.5706    9.7534
    0.0000   22.5000   -7.5000 2689.4346    9.6983
    7.5000   22.5000   -7.5000 2646.7800    9.8568
   -7.5000   30.0000   -7.5000 2540.0869   10.6754
    0.0000   30.0000   -7.5000 2556.9824   10.6248
    7.5000   30.0000   -7.5000 2516.1174   10.7892
   -7.5000   37.5000   -7.5000 2400.2632   11.8573
    0.0000   37.5000   -7.5000 2416.8535   11.8162
    7.5000   37.5000   -7.5000 2378.1055   12.0135
   -7.5000   45.0000   -7.5000 2247.5037   13.3685
    0.0000   45.0000   -7.5000 2253.5591   13.3767
    7.5000   45.0000   -7.5000 2225.9844   13.5944
   -7.5000  -45.0000    0.0000 2700.9233    9.1086
    0.0000  -45.0000    0.0000 2706.9971    9.0735
    7.5000  -45.0000    0.0000 2670.2646    9.2878
   -7.5000  -37.5000    0.0000 2766.1829    8.5764
    0.0000  -37.5000    0.0000 2776.7893    8.5305
    7.5000  -37.5000    0.0000 2743.5813    8.7304
   -7.5000  -30.0000    0.0000 2819.4509    8.2393
    0.0000  -30.0000    0.0000 2833.7317    8.1743
    7.5000  -30.0000    0.0000 2803.5264    8.3569
   -7.5000  -22.5000    0.0000 2867.1335    8.0536
    0.0000  -22.5000    0.0000 2891.4238    7.9637
    7.5000  -22.5000    0.0000 2852.2588    8.1526
   -7.5000  -15.0000    0.0000 2907.2148    8.0386
    0.0000  -15.0000    0.0000 2937.2944    7.9566
    7.5000  -15.0000    0.0000 2883.7146    8.1051
   -7.5000   -7.5000    0.0000 2938.4380    8.0776
    0.0000   -7.5000    0.0000 2978.9844    8.0138
    7.5000   -7.5000    0.0000 2908.3984    8.1772
   -7.5000    0.0000    0.0000 2929.5979    8.1411
    0.0000    0.0000    0.0000 2962.7534    8.0803
    7.5000    0.0000    0.0000 2903.0134    8.2673
   -7.5000    7.5000    0.0000 2880.6230    8.3955
    0.0000    7.5000    0.0000 2902.5007    8.3270
    7.5000    7.5000    0.0000 2856.6038    8.5055
   -7.5000   15.0000    0.0000 2801.4712    8.8411
    0.0000   15.0000    0.0000 2822.1299    8.7660
    7.5000   15.0000    0.0000 2783.1501    8.9278
   -7.5000   22.5000    0.0000 2691.9385    9.5174
    0.0000   22.5000    0.0000 2712.8992    9.4396
    7.5000   22.5000    0.0000 2672.4009    9.5838
   -7.5000   30.0000    0.0000 2559.3618   10.4362
    0.0000   30.0000    0.0000 2575.0298   10.3794
    7.5000   30.0000    0.0000 2539.4482   10.5257
   -7.5000   37.5000    0.0000 2416.3149   11.6023
    0.0000   37.5000    0.0000 2428.8472   11.5850
    7.5000   37.5000    0.0000 2395.9924   11.7306
   -7.5000   45.0000    0.0000 2266.6035   13.1014
    0.0000   45.0000    0.0000 2275.4165   13.1021
    7.5000   45.0000    0.0000 2244.5215   13.2812
   -7.5000  -45.0000    7.5000 2687.4907    9.0381
    0.0000  -45.0000    7.5000 2701.3545    8.9772
    7.5000  -45.0000    7.5000 2671.6357    9.2546
   -7.5000  -37.5000    7.5000 2760.3252    8.5063
    0.0000  -37.5000    7.5000 2773.4395    8.4298
    7.5000  -37.5000    7.5000 2749.3057    8.6670
   -7.5000  -30.0000    7.5000 2828.8032    8.1468
    0.0000  -30.0000    7.5000 2848.1709    8.0750
    7.5000  -30.0000    7.5000 2818.6436    8.2748
   -7.5000  -22.5000    7.5000 2881.8303    8.0065
    0.0000  -22.5000    7.5000 2909.8572    7.9263
    7.5000  -22.5000    7.5000 2869.4414    8.0685
   -7.5000  -15.0000    7.5000 2933.5100    7.9981
    0.0000  -15.0000    7.5000 2965.2793    7.9328
    7.5000  -15.0000    7.5000 2912.5115    8.0168
   -7.5000   -7.5000    7.5000 2965.3762    8.0486
    0.0000   -7.5000    7.5000 3012.0415    7.9867
    7.5000   -7.5000    7.5000 2936.8853    8.0708
   -7.5000    0.0000    7.5000 2950.3640    8.1192
    0.0000    0.0000    7.5000 2992.6057    8.0543
    7.5000    0.0000    7.5000 2926.2869    8.1881
   -7.5000    7.5000    7.5000 2893.4917    8.3248
    0.0000    7.5000    7.5000 2921.2905    8.2627
    7.5000    7.5000    7.5000 2873.7776    8.4140
   -7.5000   15.0000    7.5000 2811.5454    8.7468
    0.0000   15.0000    7.5000 2833.3413    8.6668
    7.5000   15.0000    7.5000 2797.4805    8.8259
   -7.5000   22.5000    7.5000 2698.4744    9.4085
    0.0000   22.5000    7.5000 2716.8896    9.3285
    7.5000   22.5000    7.5000 2685.3660    9.4814
   -7.5000   30.0000    7.5000 2562.6672   10.3138
    0.0000   30.0000    7.5000 2581.1292   10.2546
    7.5000   30.0000    7.5000 2551.3594   10.4099
   -7.5000   37.5000    7.5000 2418.8594   11.4830
    0.0000   37.5000    7.5000 2432.1924   11.4529
    7.5000   37.5000    7.5000 2405.8896   11.6306
   -7.5000   45.0000    7.5000 2264.6453   12.9651
    0.0000   45.0000    7.5000 2275.3384   12.9595
    7.5000   45.0000    7.5000 2245.3469   13.1579
   -7.5000  -45.0000   15.0000 2664.2495    9.1699
    0.0000  -45.0000   15.0000 2676.0720    9.0828
    7.5000  -45.0000   15.0000 2647.9111    9.3607
   -7.5000  -37.5000   15.0000 2738.3567    8.6193
    0.0000  -37.5000   15.0000 2753.1177    8.5333
    7.5000  -37.5000   15.0000 2724.5068    8.7503
   -7.5000  -30.0000   15.0000 2808.5950    8.2855
    0.0000  -30.0000   15.0000 2834.6279    8.2016
    7.5000  -30.0000   15.0000 2799.0952    8.3797
   -7.5000  -22.5000   15.0000 2880.6521    8.1083
    0.0000  -22.5000   15.0000 2914.0432    8.0024
    7.5000  -22.5000   15.0000 2866.7874    8.1495
   -7.5000  -15.0000   15.0000 2933.9453    8.0269
    0.0000  -15.0000   15.0000 2977.0103    7.9514
    7.5000  -15.0000   15.0000 2920.8823    8.0654
   -7.5000   -7.5000   15.0000 2962.8784    8.0253
    0.0000   -7.5000   15.0000 3015.9839    7.9289
    7.5000   -7.5000   15.0000 2946.0349    8.0828
   -7.5000    0.0000   15.0000 2940.0522    8.1466
    0.0000    0.0000   15.0000 2986.3855    8.0224
    7.5000    0.0000   15.0000 2921.8271    8.2131
   -7.5000    7.5000   15.0000 2878.4006    8.4377
    0.0000    7.5000   15.0000 2910.9778    8.3412
    7.5000    7.5000   15.0000 2862.7766    8.5095
   -7.5000   15.0000   15.0000 2793.2310    8.8957
    0.0000   15.0000   15.0000 2813.1924    8.8221
    7.5000   15.0000   15.0000 2778.8142    8.9650
   -7.5000   22.5000   15.0000 2681.1047    9.5310
    0.0000   22.5000   15.0000 2697.8320    9.4632
    7.5000   22.5000   15.0000 2669.7957    9.6026
   -7.5000   30.0000   15.0000 2550.5718   10.3857
    0.0000   30.0000   15.0000 2567.1702   10.3137
    7.5000   30.0000   15.0000 2542.7612   10.4867
   -7.5000   37.5000   15.0000 2406.2063   11.4971
    0.0000   37.5000   15.0000 2421.0044   11.4479
    7.5000   37.5000   15.0000 2395.3594   11.6275
   -7.5000   45.0000   15.0000 2247.5059   12.9396
    0.0000   45.0000   15.0000 2261.9343   12.9372
    7.5000   45.0000   15.0000 2234.8049   13.1163
   -7.5000  -45.0000   22.5000 2632.6169    9.4529
    0.0000  -45.0000   22.5000 2649.4856    9.3567
    7.5000  -45.0000   22.5000 2619.2136    9.6086
   -7.5000  -37.5000   22.5000 2703.9670    8.9080
    0.0000  -37.5000   22.5000 2725.0232    8.8139
    7.5000  -37.5000   22.5000 2694.5872    9.0193
   -7.5000  -30.0000   22.5000 2778.6184    8.5352
    0.0000  -30.0000   22.5000 2806.0227    8.4324
    7.5000  -30.0000   22.5000 2771.4749    8.6114
   -7.5000  -22.5000   22.5000 2855.6355    8.2974
    0.0000  -22.5000   22.5000 2890.2661    8.1917
    7.5000  -22.5000   22.5000 2844.5635    8.3628
   -7.5000  -15.0000   22.5000 2902.7690    8.1993
    0.0000  -15.0000   22.5000 2950.2051    8.0806
    7.5000  -15.0000   22.5000 2897.8442    8.2513
   -7.5000   -7.5000   22.5000 2928.2559    8.1690
    0.0000   -7.5000   22.5000 2968.7246    8.0258
    7.5000   -7.5000   22.5000 2915.4053    8.2443
   -7.5000    0.0000   22.5000 2905.9329    8.3065
    0.0000    0.0000   22.5000 2943.5857    8.1988
    7.5000    0.0000   22.5000 2887.7273    8.4106
   -7.5000    7.5000   22.5000 2840.3625    8.6461
    0.0000    7.5000   22.5000 2873.6953    8.5508
    7.5000    7.5000   22.5000 2830.9287    8.7326
   -7.5000   15.0000   22.5000 2754.4497    9.1481
    0.0000   15.0000   22.5000 2779.3142    9.0441
    7.5000   15.0000   22.5000 2747.8271    9.2069
   -7.5000   22.5000   22.5000 2642.7498    9.8119
    0.0000   22.5000   22.5000 2666.2046    9.7158
    7.5000   22.5000   22.5000 2639.9719    9.8790
   -7.5000   30.0000   22.5000 2516.1838   10.6702
    0.0000   30.0000   22.5000 2536.0952   10.6087
    7.5000   30.0000   22.5000 2514.3564   10.7621
   -7.5000   37.5000   22.5000 2378.0188   11.7302
    0.0000   37.5000   22.5000 2394.5134   11.7008
    7.5000   37.5000   22.5000 2368.3228   11.8545
   -7.5000   45.0000   22.5000 2216.1948   13.1560
    0.0000   45.0000   22.5000 2235.7896   13.1612
    7.5000   45.0000   22.5000 2208.4585   13.2981
   -7.5000  -45.0000   30.0000 2589.1790    9.9046
    0.0000  -45.0000   30.0000 2611.8350    9.7937
    7.5000  -45.0000   30.0000 2577.8613   10.0323
   -7.5000  -37.5000   30.0000 2662.6348    9.2831
    0.0000  -37.5000   30.0000 2688.0239    9.1836
    7.5000  -37.5000   30.0000 2653.7615    9.4017
   -7.5000  -30.0000   30.0000 2733.9121    8.8626
    0.0000  -30.0000   30.0000 2762.7832    8.7571
    7.5000  -30.0000   30.0000 2727.9607    8.9502
   -7.5000  -22.5000   30.0000 2808.4026    8.6126
    0.0000  -22.5000   30.0000 2840.2144    8.5097
    7.5000  -22.5000   30.0000 2802.0054    8.6787
   -7.5000  -15.0000   30.0000 2848.3015    8.5188
    0.0000  -15.0000   30.0000 2890.0439    8.3683
    7.5000  -15.0000   30.0000 2846.9521    8.5710
   -7.5000   -7.5000   30.0000 2864.6606    8.5203
    0.0000   -7.5000   30.0000 2897.6670    8.3916
    7.5000   -7.5000   30.0000 2856.2280    8.6033
   -7.5000    0.0000   30.0000 2843.4673    8.7255
    0.0000    0.0000   30.0000 2880.9475    8.6421
    7.5000    0.0000   30.0000 2832.3550    8.8239
   -7.5000    7.5000   30.0000 2781.3301    9.0750
    0.0000    7.5000   30.0000 2815.8708    8.9994
    7.5000    7.5000   30.0000 2775.8831    9.1565
   -7.5000   15.0000   30.0000 2699.0952    9.5506
    0.0000   15.0000   30.0000 2725.3516    9.4723
    7.5000   15.0000   30.0000 2694.0818    9.6202
   -7.5000   22.5000   30.0000 2592.2791   10.1787
    0.0000   22.5000   30.0000 2620.6887   10.0920
    7.5000   22.5000   30.0000 2595.5637   10.2474
   -7.5000   30.0000   30.0000 2465.4365   11.0460
    0.0000   30.0000   30.0000 2493.5591   10.9774
    7.5000   30.0000   30.0000 2465.5071   11.1174
   -7.5000   37.5000   30.0000 2331.6687   12.1321
    0.0000   37.5000   30.0000 2353.7134   12.0777
    7.5000   37.5000   30.0000 2325.8108   12.2133
   -7.5000   45.0000   30.0000 2172.6689   13.5411
    0.0000   45.0000   30.0000 2191.5952   13.5119
    7.5000   45.0000   30.0000 2167.5903   13.6596
   -7.5000  -45.0000   37.5000 2541.2502   10.4577
    0.0000  -45.0000   37.5000 2564.3276   10.3346
    7.5000  -45.0000   37.5000 2532.0696   10.5561
   -7.5000  -37.5000   37.5000 2608.5820    9.7602
    0.0000  -37.5000   37.5000 2638.4004    9.6453
    7.5000  -37.5000   37.5000 2605.3599    9.8695
   -7.5000  -30.0000   37.5000 2678.0361    9.3198
    0.0000  -30.0000   37.5000 2710.8828    9.2143
    7.5000  -30.0000   37.5000 2677.2781    9.4105
   -7.5000  -22.5000   37.5000 2743.0977    9.0619
    0.0000  -22.5000   37.5000 2778.7412    8.9450
    7.5000  -22.5000   37.5000 2741.0212    9.1114
   -7.5000  -15.0000   37.5000 2782.7800    8.9561
    0.0000  -15.0000   37.5000 2822.5352    8.8100
    7.5000  -15.0000   37.5000 2780.5566    8.9999
   -7.5000   -7.5000   37.5000 2792.9478    9.0141
    0.0000   -7.5000   37.5000 2822.9260    8.9182
    7.5000   -7.5000   37.5000 2786.5229    9.0797
   -7.5000    0.0000   37.5000 2765.2676    9.2720
    0.0000    0.0000   37.5000 2802.0442    9.1883
    7.5000    0.0000   37.5000 2760.3208    9.3523
   -7.5000    7.5000   37.5000 2706.2639    9.6393
    0.0000    7.5000   37.5000 2738.9180    9.5599
    7.5000    7.5000   37.5000 2704.0605    9.7110
   -7.5000   15.0000   37.5000 2629.6826   10.1050
    0.0000   15.0000   37.5000 2658.3708   10.0236
    7.5000   15.0000   37.5000 2625.4971   10.1662
   -7.5000   22.5000   37.5000 2531.5176   10.7263
    0.0000   22.5000   37.5000 2563.1875   10.6246
    7.5000   22.5000   37.5000 2533.3101   10.7766
   -7.5000   30.0000   37.5000 2409.5383   11.5854
    0.0000   30.0000   37.5000 2438.7686   11.4846
    7.5000   30.0000   37.5000 2414.7275   11.6040
   -7.5000   37.5000   37.5000 2275.3367   12.6468
    0.0000   37.5000   37.5000 2298.4915   12.5874
    7.5000   37.5000   37.5000 2275.5288   12.6805
   -7.5000   45.0000   37.5000 2118.8362   14.0637
    0.0000   45.0000   37.5000 2138.1528   14.0188
    7.5000   45.0000   37.5000 2113.4951   14.1324
   -7.5000  -45.0000   45.0000 2475.4224   11.1191
    0.0000  -45.0000   45.0000 2506.5020   11.0130
    7.5000  -45.0000   45.0000 2474.3291   11.2300
   -7.5000  -37.5000   45.0000 2546.0256   10.3928
    0.0000  -37.5000   45.0000 2580.3376   10.2997
    7.5000  -37.5000   45.0000 2550.1382   10.4907
   -7.5000  -30.0000   45.0000 2612.4133    9.9147
    0.0000  -30.0000   45.0000 2650.7031    9.8104
    7.5000  -30.0000   45.0000 2618.1399    9.9891
   -7.5000  -22.5000   45.0000 2669.8506    9.6357
    0.0000  -22.5000   45.0000 2712.7151    9.5139
    7.5000  -22.5000   45.0000 2675.5110    9.6849
   -7.5000  -15.0000   45.0000 2701.4304    9.5224
    0.0000  -15.0000   45.0000 2741.2842    9.4215
    7.5000  -15.0000   45.0000 2701.4253    9.5675
   -7.5000   -7.5000   45.0000 2704.5105    9.6149
    0.0000   -7.5000   45.0000 2737.4099    9.5317
    7.5000   -7.5000   45.0000 2700.7705    9.6700
   -7.5000    0.0000   45.0000 2674.8572    9.8897
    0.0000    0.0000   45.0000 2709.9666    9.8113
    7.5000    0.0000   45.0000 2671.4407    9.9558
   -7.5000    7.5000   45.0000 2623.9878   10.2698
    0.0000    7.5000   45.0000 2656.2510   10.1956
    7.5000    7.5000   45.0000 2621.4136   10.3325
   -7.5000   15.0000   45.0000 2548.9905   10.7476
    0.0000   15.0000   45.0000 2579.8159   10.6547
    7.5000   15.0000   45.0000 2548.6619   10.7786
   -7.5000   22.5000   45.0000 2457.3691   11.3453
    0.0000   22.5000   45.0000 2484.2419   11.2493
    7.5000   22.5000   45.0000 2458.6760   11.3705
   -7.5000   30.0000   45.0000 2343.5520   12.1850
    0.0000   30.0000   45.0000 2367.9827   12.0914
    7.5000   30.0000   45.0000 2345.1106   12.1936
   -7.5000   37.5000   45.0000 2205.2300   13.2585
    0.0000   37.5000   45.0000 2230.3076   13.1911
    7.5000   37.5000   45.0000 2204.2534   13.3063
   -7.5000   45.0000   45.0000 2054.0894   14.6578
    0.0000   45.0000   45.0000 2073.8586   14.5991
    7.5000   45.0000   45.0000 2048.3125   14.7613

---------------------------------------------------------------------
imgreg_4dfp /opt/freesurfer/average/711-2C_as_mni_average_305 /opt/freesurfer/average/711-2B_as_mni_average_305_mask talsrcimg_g11 none talsrcimg_to_711-2C_as_mni_average_305_t4 1283
---------------------------------------------------------------------

freesurfer imgreg_4dfp.c
/opt/freesurfer/average/711-2C_as_mni_average_305.4dfp.img
       256       256       256         1
  1.000000  1.000000  1.000000
orientation T byte_order littleendian
Reading image: /opt/freesurfer/average/711-2C_as_mni_average_305.4dfp.img
dimensions:      256       256       256
mmppix:       1.0000   -1.0000   -1.0000
center:     128.0000 -129.0000 -129.0000
/opt/freesurfer/average/711-2B_as_mni_average_305_mask.4dfp.img
       256       256       256         1
  1.000000  1.000000  1.000000
orientation T byte_order littleendian
Reading mask: /opt/freesurfer/average/711-2B_as_mni_average_305_mask.4dfp.img (2306576 pixels)
talsrcimg_g11.4dfp.img
       256       256       256         1
  1.000000  1.000000  1.000000
orientation T byte_order littleendian
Reading image: talsrcimg_g11.4dfp.img
dimensions:      256       256       256
mmppix:       1.0000   -1.0000   -1.0000
center:     128.0000 -129.0000 -129.0000
rotation matrix determinant  1.000000
fimgreg.f
image alignment mode   1283 decimal      503 hex
parameters
    0.0000   -7.5000   15.0000    0.0000    0.0000    0.0000
eta,q 0.94443  7.96691
niter,ni,del,rscale     5    3   12.0000    1.2000
parameter  3  0.735757 ->  0.500000 qaram    1.1500
parameter  4  2.125952 ->  0.500000 qaram    1.1500
parameters
   -0.6818   -6.1321   11.5500   -3.4500   -1.7994    0.1803
eta,q 0.95306  7.97752
  0.0675  0.0684  0.0527  0.0463  0.0510  0.0538
  0.0602  0.0634  0.0524  0.0471  0.0481  0.0508
  0.0561  0.0585  0.0531  0.0492  0.0469  0.0481
  0.0560  0.0554  0.0550  0.0523  0.0477  0.0470
  0.0592  0.0552  0.0577  0.0562  0.0504  0.0476
  0.0653  0.0574  0.0614  0.0595  0.0544  0.0500
  0.0733  0.0608  0.0664  0.0626  0.0596  0.0533
niter,ni,del,rscale     6    3   12.0000    1.2000
parameter  4  0.631594 ->  0.500000 qaram    1.3225
parameters
   -0.2373   -5.6210   10.0580   -7.4175   -2.3459    0.4664
eta,q 0.95626  8.04535
  0.0657  0.0610  0.0506  0.0452  0.0504  0.0511
  0.0561  0.0546  0.0472  0.0441  0.0468  0.0475
  0.0494  0.0492  0.0461  0.0440  0.0441  0.0448
  0.0469  0.0470  0.0469  0.0462  0.0439  0.0437
  0.0484  0.0477  0.0484  0.0497  0.0457  0.0445
  0.0530  0.0513  0.0513  0.0547  0.0487  0.0467
  0.0606  0.0573  0.0563  0.0586  0.0530  0.0498
niter,ni,del,rscale     6    3   12.0000    1.2000
parameters
    0.0238   -4.9517    9.3452   -8.5866   -2.4628    0.7371
eta,q 0.95666  8.04528
  0.0630  0.0574  0.0503  0.0485  0.0517  0.0506
  0.0537  0.0512  0.0460  0.0455  0.0475  0.0472
  0.0465  0.0466  0.0434  0.0438  0.0442  0.0445
  0.0437  0.0437  0.0434  0.0431  0.0434  0.0434
  0.0453  0.0438  0.0452  0.0445  0.0448  0.0441
  0.0510  0.0474  0.0484  0.0482  0.0479  0.0464
  0.0604  0.0530  0.0537  0.0538  0.0523  0.0495
niter,ni,del,rscale     5    3   12.0000    1.2000
parameters
    0.0559   -4.6425    8.9994   -9.1343   -2.4448    0.8584
eta,q 0.95667  8.04454
  0.0623  0.0543  0.0519  0.0489  0.0523  0.0502
  0.0525  0.0490  0.0468  0.0456  0.0479  0.0468
  0.0455  0.0453  0.0438  0.0438  0.0445  0.0442
  0.0433  0.0433  0.0432  0.0432  0.0433  0.0433
  0.0454  0.0440  0.0449  0.0435  0.0444  0.0443
  0.0521  0.0474  0.0483  0.0464  0.0477  0.0465
  0.0620  0.0526  0.0535  0.0516  0.0524  0.0496
niter,ni,del,rscale     4    3   12.0000    1.2000
parameters
    0.0203   -4.4516    8.8307   -9.4210   -2.4204    0.9080
eta,q 0.95671  8.04424
  0.0622  0.0532  0.0529  0.0491  0.0524  0.0500
  0.0523  0.0482  0.0472  0.0456  0.0480  0.0466
  0.0453  0.0449  0.0441  0.0437  0.0446  0.0440
  0.0433  0.0433  0.0433  0.0432  0.0433  0.0433
  0.0456  0.0439  0.0447  0.0433  0.0443  0.0443
  0.0525  0.0472  0.0483  0.0458  0.0477  0.0466
  0.0627  0.0524  0.0534  0.0507  0.0525  0.0496
niter,ni,del,rscale     3    3   12.0000    1.2000
parameters
   -0.0033   -4.3408    8.7226   -9.5929   -2.4007    0.9349
eta,q 0.95673  8.04377
  0.0624  0.0527  0.0533  0.0492  0.0525  0.0499
  0.0524  0.0478  0.0474  0.0455  0.0481  0.0465
  0.0454  0.0448  0.0441  0.0436  0.0447  0.0440
  0.0433  0.0433  0.0433  0.0433  0.0433  0.0433
  0.0455  0.0438  0.0447  0.0432  0.0443  0.0444
  0.0525  0.0471  0.0483  0.0455  0.0477  0.0466
  0.0627  0.0524  0.0534  0.0503  0.0526  0.0495
niter,ni,del,rscale     2    3   12.0000    1.2000
parameters
   -0.0185   -4.2665    8.6589   -9.7025   -2.3868    0.9421
eta,q 0.95673  8.04344
  0.0624  0.0524  0.0535  0.0492  0.0525  0.0498
  0.0524  0.0477  0.0476  0.0455  0.0481  0.0464
  0.0454  0.0447  0.0442  0.0435  0.0447  0.0439
  0.0433  0.0433  0.0433  0.0433  0.0433  0.0433
  0.0454  0.0438  0.0447  0.0432  0.0443  0.0444
  0.0524  0.0470  0.0484  0.0453  0.0478  0.0466
  0.0627  0.0525  0.0534  0.0500  0.0527  0.0495
niter,ni,del,rscale     1    3   12.0000    1.2000
parameters
   -0.0283   -4.2200    8.6183   -9.7714   -2.3767    0.9428
eta,q 0.95674  8.04318
  0.0625  0.0522  0.0537  0.0493  0.0525  0.0498
  0.0525  0.0476  0.0476  0.0454  0.0481  0.0463
  0.0454  0.0447  0.0442  0.0435  0.0447  0.0439
  0.0433  0.0433  0.0433  0.0433  0.0433  0.0433
  0.0454  0.0438  0.0446  0.0432  0.0443  0.0444
  0.0524  0.0470  0.0484  0.0452  0.0478  0.0466
  0.0627  0.0525  0.0535  0.0499  0.0527  0.0495
registration optimization eta report
parameter search radius
    6.0000    6.0000    6.9000    7.9350    6.0000    6.0000
100000*second partial in parameter space
       54.       25.       22.       11.       26.       17.
  0.0625  0.0522  0.0537  0.0493  0.0525  0.0498
  0.0525  0.0476  0.0476  0.0454  0.0481  0.0463
  0.0454  0.0447  0.0442  0.0435  0.0447  0.0439
  0.0433  0.0433  0.0433  0.0433  0.0433  0.0433
  0.0454  0.0438  0.0446  0.0432  0.0443  0.0444
  0.0524  0.0470  0.0484  0.0452  0.0478  0.0466
  0.0627  0.0525  0.0535  0.0499  0.0527  0.0495
   -0.0283   -4.2200    8.6183   -9.7714   -2.3767    0.9428
eta,q 0.95674  8.04318

---------------------------------------------------------------------
imgreg_4dfp /opt/freesurfer/average/711-2C_as_mni_average_305 /opt/freesurfer/average/711-2B_as_mni_average_305_mask talsrcimg_g11 none talsrcimg_to_711-2C_as_mni_average_305_t4 3335
---------------------------------------------------------------------

freesurfer imgreg_4dfp.c
/opt/freesurfer/average/711-2C_as_mni_average_305.4dfp.img
       256       256       256         1
  1.000000  1.000000  1.000000
orientation T byte_order littleendian
Reading image: /opt/freesurfer/average/711-2C_as_mni_average_305.4dfp.img
dimensions:      256       256       256
mmppix:       1.0000   -1.0000   -1.0000
center:     128.0000 -129.0000 -129.0000
/opt/freesurfer/average/711-2B_as_mni_average_305_mask.4dfp.img
       256       256       256         1
  1.000000  1.000000  1.000000
orientation T byte_order littleendian
Reading mask: /opt/freesurfer/average/711-2B_as_mni_average_305_mask.4dfp.img (2306576 pixels)
talsrcimg_g11.4dfp.img
       256       256       256         1
  1.000000  1.000000  1.000000
orientation T byte_order littleendian
Reading image: talsrcimg_g11.4dfp.img
dimensions:      256       256       256
mmppix:       1.0000   -1.0000   -1.0000
center:     128.0000 -129.0000 -129.0000
fimgreg.f
image alignment mode   3335 decimal      D07 hex
parameters
   -0.0283   -4.2200    8.6183   -0.0995   -1.4757   -1.5355
   -2.3252    3.8069    1.6440   17.0368   -4.1469  -16.9572
eta,q 0.95884  8.01472
niter,ni,del,rscale     5    3    5.0000    1.2000
parameter  4  1.848826 ->  0.500000 qaram    1.1500
parameter 12  0.976149 ->  0.500000 qaram    1.1500
parameters
   -0.2221   -4.3024    8.8862   -4.2395   -2.3299   -1.7095
   -1.3126    4.4722    2.1085   14.6974   -1.6308  -21.0972
eta,q 0.96390  7.86917
  0.0436  0.0431  0.0427  0.0356  0.0388  0.0391  0.0409  0.0421  0.0390  0.0379  0.0382  0.0360
  0.0421  0.0420  0.0419  0.0368  0.0381  0.0380  0.0392  0.0398  0.0381  0.0373  0.0377  0.0360
  0.0413  0.0413  0.0414  0.0388  0.0375  0.0373  0.0379  0.0380  0.0375  0.0371  0.0373  0.0364
  0.0412  0.0411  0.0411  0.0411  0.0373  0.0373  0.0373  0.0372  0.0372  0.0372  0.0370  0.0370
  0.0417  0.0414  0.0412  0.0437  0.0377  0.0377  0.0374  0.0375  0.0373  0.0379  0.0370  0.0378
  0.0428  0.0422  0.0415  0.0468  0.0386  0.0382  0.0381  0.0386  0.0378  0.0390  0.0370  0.0389
  0.0445  0.0434  0.0422  0.0505  0.0400  0.0391  0.0394  0.0407  0.0386  0.0406  0.0373  0.0401
niter,ni,del,rscale     6    3    5.0000    1.2000
parameter  4  1.264002 ->  0.500000 qaram    1.3225
parameters
   -0.1241   -4.2547    8.8309   -9.0005   -3.2200   -2.3504
   -1.0083    4.2545    1.6744   14.8962   -1.5286  -24.1340
eta,q 0.96693  7.64303
  0.0397  0.0384  0.0375  0.0324  0.0342  0.0353  0.0361  0.0372  0.0345  0.0350  0.0344  0.0337
  0.0378  0.0371  0.0367  0.0331  0.0339  0.0340  0.0346  0.0352  0.0338  0.0340  0.0338  0.0332
  0.0366  0.0363  0.0362  0.0343  0.0336  0.0333  0.0337  0.0338  0.0334  0.0335  0.0334  0.0331
  0.0361  0.0361  0.0361  0.0361  0.0334  0.0334  0.0333  0.0333  0.0333  0.0333  0.0333  0.0333
  0.0364  0.0364  0.0363  0.0385  0.0335  0.0341  0.0335  0.0339  0.0335  0.0334  0.0334  0.0339
  0.0374  0.0371  0.0368  0.0413  0.0340  0.0348  0.0343  0.0355  0.0340  0.0338  0.0338  0.0349
  0.0392  0.0382  0.0376  0.0447  0.0351  0.0355  0.0357  0.0378  0.0348  0.0348  0.0344  0.0361
niter,ni,del,rscale     6    3    5.0000    1.2000
parameter  4  0.543072 ->  0.500000 qaram    1.5209
parameters
    0.0335   -3.8205    8.6401  -14.4756   -5.1752   -3.0647
   -1.5907    4.2113    0.7397   16.4414   -2.2342  -25.3190
eta,q 0.96843  7.30320
  0.0371  0.0359  0.0344  0.0327  0.0323  0.0340  0.0341  0.0365  0.0329  0.0340  0.0325  0.0327
  0.0351  0.0345  0.0335  0.0319  0.0320  0.0326  0.0327  0.0340  0.0321  0.0328  0.0320  0.0321
  0.0337  0.0335  0.0331  0.0320  0.0318  0.0318  0.0318  0.0322  0.0317  0.0320  0.0316  0.0317
  0.0331  0.0330  0.0330  0.0330  0.0318  0.0318  0.0317  0.0317  0.0317  0.0316  0.0316  0.0316
  0.0333  0.0330  0.0333  0.0347  0.0321  0.0326  0.0323  0.0324  0.0320  0.0316  0.0318  0.0319
  0.0343  0.0335  0.0339  0.0372  0.0327  0.0336  0.0334  0.0341  0.0327  0.0319  0.0323  0.0326
  0.0362  0.0344  0.0349  0.0403  0.0337  0.0345  0.0349  0.0366  0.0336  0.0326  0.0329  0.0337
niter,ni,del,rscale     6    3    5.0000    1.2000
parameters
   -0.0558   -3.0918    8.3200  -14.4862   -7.2913   -3.7274
   -1.5988    4.2516    0.8018   18.5758   -2.3487  -26.0268
eta,q 0.96894  7.22407
  0.0350  0.0347  0.0326  0.0365  0.0318  0.0337  0.0341  0.0362  0.0328  0.0340  0.0322  0.0325
  0.0331  0.0332  0.0318  0.0337  0.0313  0.0322  0.0325  0.0336  0.0319  0.0327  0.0315  0.0317
  0.0319  0.0322  0.0314  0.0319  0.0313  0.0313  0.0315  0.0318  0.0314  0.0318  0.0312  0.0312
  0.0316  0.0316  0.0314  0.0314  0.0314  0.0313  0.0312  0.0312  0.0312  0.0312  0.0311  0.0311
  0.0321  0.0314  0.0318  0.0321  0.0316  0.0321  0.0316  0.0319  0.0314  0.0311  0.0312  0.0313
  0.0335  0.0317  0.0324  0.0338  0.0322  0.0332  0.0326  0.0336  0.0319  0.0313  0.0316  0.0320
  0.0355  0.0323  0.0334  0.0364  0.0330  0.0342  0.0340  0.0361  0.0327  0.0319  0.0322  0.0331
niter,ni,del,rscale     5    3    5.0000    1.2000
parameters
   -0.0758   -2.2914    7.8998  -15.0302   -9.5050   -4.3672
   -1.7933    4.2915    0.8829   20.1018   -2.8811  -26.7861
eta,q 0.96961  7.11298
  0.0347  0.0343  0.0319  0.0354  0.0312  0.0331  0.0333  0.0356  0.0324  0.0337  0.0313  0.0318
  0.0327  0.0328  0.0312  0.0328  0.0306  0.0317  0.0318  0.0329  0.0313  0.0323  0.0308  0.0310
  0.0315  0.0317  0.0308  0.0311  0.0306  0.0307  0.0308  0.0311  0.0307  0.0312  0.0305  0.0305
  0.0311  0.0311  0.0309  0.0308  0.0308  0.0306  0.0305  0.0305  0.0305  0.0305  0.0304  0.0304
  0.0315  0.0309  0.0312  0.0317  0.0311  0.0313  0.0310  0.0312  0.0307  0.0304  0.0306  0.0307
  0.0328  0.0311  0.0320  0.0336  0.0317  0.0326  0.0321  0.0329  0.0313  0.0309  0.0310  0.0314
  0.0348  0.0317  0.0330  0.0363  0.0325  0.0337  0.0336  0.0354  0.0322  0.0319  0.0316  0.0325
niter,ni,del,rscale     4    3    5.0000    1.2000
parameters
   -0.0874   -1.6740    7.5663  -15.5375  -10.5240   -4.8049
   -1.9317    4.3412    1.2227   21.1415   -3.2966  -27.2851
eta,q 0.96996  7.05177
  0.0340  0.0337  0.0314  0.0350  0.0312  0.0328  0.0330  0.0351  0.0322  0.0333  0.0310  0.0315
  0.0320  0.0321  0.0307  0.0324  0.0304  0.0314  0.0314  0.0325  0.0311  0.0318  0.0304  0.0308
  0.0308  0.0310  0.0303  0.0306  0.0301  0.0304  0.0304  0.0307  0.0304  0.0307  0.0301  0.0302
  0.0304  0.0304  0.0303  0.0302  0.0302  0.0301  0.0301  0.0301  0.0301  0.0301  0.0300  0.0300
  0.0308  0.0303  0.0306  0.0312  0.0305  0.0308  0.0305  0.0308  0.0303  0.0302  0.0302  0.0303
  0.0321  0.0307  0.0313  0.0331  0.0311  0.0321  0.0316  0.0325  0.0309  0.0309  0.0306  0.0310
  0.0341  0.0314  0.0323  0.0357  0.0318  0.0333  0.0331  0.0349  0.0318  0.0319  0.0312  0.0320
niter,ni,del,rscale     3    3    5.0000    1.2000
parameters
   -0.1067   -1.2958    7.3055  -15.7868  -11.1707   -5.1480
   -2.0288    4.3517    1.4109   21.7760   -3.4637  -27.5455
eta,q 0.97008  7.01396
  0.0336  0.0329  0.0313  0.0350  0.0312  0.0326  0.0328  0.0349  0.0320  0.0330  0.0309  0.0315
  0.0317  0.0314  0.0305  0.0323  0.0304  0.0313  0.0312  0.0323  0.0309  0.0315  0.0303  0.0307
  0.0305  0.0305  0.0301  0.0305  0.0299  0.0303  0.0302  0.0305  0.0302  0.0304  0.0300  0.0301
  0.0300  0.0300  0.0300  0.0300  0.0300  0.0299  0.0299  0.0299  0.0299  0.0299  0.0299  0.0299
  0.0305  0.0301  0.0303  0.0309  0.0303  0.0305  0.0304  0.0306  0.0301  0.0301  0.0301  0.0302
  0.0317  0.0306  0.0310  0.0327  0.0308  0.0318  0.0314  0.0323  0.0308  0.0309  0.0304  0.0308
  0.0337  0.0315  0.0319  0.0353  0.0315  0.0330  0.0329  0.0348  0.0317  0.0320  0.0310  0.0317
niter,ni,del,rscale     2    3    5.0000    1.2000
parameters
   -0.1266   -1.0551    7.0976  -15.9209  -11.5772   -5.4553
   -2.0755    4.3266    1.4634   22.1608   -3.5095  -27.6723
eta,q 0.97015  6.98796
  0.0334  0.0325  0.0312  0.0350  0.0312  0.0326  0.0328  0.0348  0.0318  0.0328  0.0309  0.0314
  0.0315  0.0311  0.0304  0.0323  0.0304  0.0312  0.0312  0.0322  0.0307  0.0313  0.0303  0.0306
  0.0303  0.0302  0.0300  0.0305  0.0299  0.0302  0.0302  0.0304  0.0301  0.0303  0.0299  0.0301
  0.0299  0.0299  0.0299  0.0299  0.0299  0.0299  0.0298  0.0299  0.0299  0.0299  0.0298  0.0298
  0.0303  0.0301  0.0302  0.0307  0.0302  0.0304  0.0303  0.0306  0.0301  0.0301  0.0300  0.0301
  0.0316  0.0306  0.0308  0.0326  0.0307  0.0317  0.0313  0.0323  0.0307  0.0310  0.0303  0.0307
  0.0335  0.0316  0.0317  0.0351  0.0314  0.0329  0.0328  0.0348  0.0317  0.0322  0.0309  0.0316
niter,ni,del,rscale     1    3    5.0000    1.2000
parameters
   -0.1414   -0.8992    6.9279  -15.9865  -11.8229   -5.7243
   -2.0874    4.2950    1.4636   22.4093   -3.5277  -27.7266
eta,q 0.97018  6.97070
  0.0333  0.0322  0.0312  0.0350  0.0313  0.0325  0.0328  0.0347  0.0318  0.0327  0.0308  0.0314
  0.0314  0.0309  0.0304  0.0323  0.0304  0.0312  0.0312  0.0321  0.0307  0.0312  0.0303  0.0306
  0.0303  0.0301  0.0299  0.0305  0.0299  0.0302  0.0301  0.0304  0.0300  0.0302  0.0299  0.0300
  0.0298  0.0298  0.0298  0.0298  0.0298  0.0298  0.0298  0.0298  0.0298  0.0298  0.0298  0.0298
  0.0303  0.0300  0.0301  0.0307  0.0302  0.0303  0.0302  0.0305  0.0301  0.0301  0.0300  0.0300
  0.0315  0.0306  0.0307  0.0325  0.0307  0.0316  0.0313  0.0323  0.0307  0.0310  0.0303  0.0306
  0.0334  0.0316  0.0316  0.0350  0.0313  0.0329  0.0327  0.0347  0.0317  0.0322  0.0308  0.0315
registration optimization eta report
parameter search radius
    2.4000    2.4000    2.4000   10.9503    7.2000    7.2000
    7.2000    7.2000    7.2000    7.2000    7.2000    8.2800
100000*second partial in parameter space
       61.       36.       26.        4.        3.        5.
        6.        9.        4.        5.        2.        2.
  0.0333  0.0322  0.0312  0.0350  0.0313  0.0325  0.0328  0.0347  0.0318  0.0327  0.0308  0.0314
  0.0314  0.0309  0.0304  0.0323  0.0304  0.0312  0.0312  0.0321  0.0307  0.0312  0.0303  0.0306
  0.0303  0.0301  0.0299  0.0305  0.0299  0.0302  0.0301  0.0304  0.0300  0.0302  0.0299  0.0300
  0.0298  0.0298  0.0298  0.0298  0.0298  0.0298  0.0298  0.0298  0.0298  0.0298  0.0298  0.0298
  0.0303  0.0300  0.0301  0.0307  0.0302  0.0303  0.0302  0.0305  0.0301  0.0301  0.0300  0.0300
  0.0315  0.0306  0.0307  0.0325  0.0307  0.0316  0.0313  0.0323  0.0307  0.0310  0.0303  0.0306
  0.0334  0.0316  0.0316  0.0350  0.0313  0.0329  0.0327  0.0347  0.0317  0.0322  0.0308  0.0315
   -0.1414   -0.8992    6.9279  -15.9865  -11.8229   -5.7243
   -2.0874    4.2950    1.4636   22.4093   -3.5277  -27.7266
eta,q 0.97018  6.97070

---------------------------------------------------------------------
imgreg_4dfp /opt/freesurfer/average/711-2C_as_mni_average_305 /opt/freesurfer/average/711-2B_as_mni_average_305_mask talsrcimg_g11 none talsrcimg_to_711-2C_as_mni_average_305_t4 2311
---------------------------------------------------------------------

freesurfer imgreg_4dfp.c
/opt/freesurfer/average/711-2C_as_mni_average_305.4dfp.img
       256       256       256         1
  1.000000  1.000000  1.000000
orientation T byte_order littleendian
Reading image: /opt/freesurfer/average/711-2C_as_mni_average_305.4dfp.img
dimensions:      256       256       256
mmppix:       1.0000   -1.0000   -1.0000
center:     128.0000 -129.0000 -129.0000
/opt/freesurfer/average/711-2B_as_mni_average_305_mask.4dfp.img
       256       256       256         1
  1.000000  1.000000  1.000000
orientation T byte_order littleendian
Reading mask: /opt/freesurfer/average/711-2B_as_mni_average_305_mask.4dfp.img (2306576 pixels)
talsrcimg_g11.4dfp.img
       256       256       256         1
  1.000000  1.000000  1.000000
orientation T byte_order littleendian
Reading image: talsrcimg_g11.4dfp.img
dimensions:      256       256       256
mmppix:       1.0000   -1.0000   -1.0000
center:     128.0000 -129.0000 -129.0000
fimgreg.f
image alignment mode   2311 decimal      907 hex
parameters
   -0.1414   -0.8992    6.9279  -15.9865  -11.8229   -5.7243
   -2.0874    4.2950    1.4636   22.4093   -3.5277  -27.7266
eta,q 0.97017  6.97070
niter,ni,del,rscale     5    3    5.0000    0.8000
parameters
   -0.1534   -0.8282    6.7695  -16.1811  -12.2345   -5.9027
   -2.1652    4.2150    1.3905   22.4657   -3.6037  -27.6181
eta,q 0.97021  6.94124
  0.0314  0.0308  0.0304  0.0309  0.0304  0.0312  0.0311  0.0321  0.0307  0.0311  0.0302  0.0304
  0.0305  0.0303  0.0300  0.0303  0.0300  0.0305  0.0304  0.0308  0.0302  0.0304  0.0300  0.0301
  0.0300  0.0299  0.0298  0.0299  0.0298  0.0300  0.0299  0.0300  0.0299  0.0300  0.0298  0.0299
  0.0298  0.0298  0.0298  0.0298  0.0298  0.0298  0.0298  0.0298  0.0298  0.0298  0.0298  0.0298
  0.0300  0.0299  0.0300  0.0300  0.0300  0.0300  0.0300  0.0301  0.0299  0.0299  0.0299  0.0299
  0.0306  0.0302  0.0302  0.0305  0.0303  0.0306  0.0305  0.0310  0.0302  0.0304  0.0300  0.0301
  0.0315  0.0307  0.0306  0.0311  0.0306  0.0315  0.0312  0.0322  0.0307  0.0311  0.0303  0.0304
niter,ni,del,rscale     4    3    5.0000    0.7000
parameters
   -0.1642   -0.7313    6.6581  -16.2443  -12.4458   -6.0228
   -2.1640    4.1875    1.3695   22.5758   -3.6062  -27.6288
eta,q 0.97022  6.92823
  0.0310  0.0306  0.0302  0.0307  0.0303  0.0309  0.0309  0.0316  0.0305  0.0309  0.0301  0.0303
  0.0303  0.0302  0.0300  0.0302  0.0300  0.0304  0.0303  0.0306  0.0301  0.0303  0.0299  0.0300
  0.0299  0.0299  0.0298  0.0299  0.0298  0.0300  0.0299  0.0300  0.0299  0.0299  0.0298  0.0298
  0.0298  0.0298  0.0298  0.0298  0.0298  0.0298  0.0298  0.0298  0.0298  0.0298  0.0298  0.0298
  0.0299  0.0298  0.0299  0.0299  0.0299  0.0299  0.0299  0.0300  0.0299  0.0299  0.0298  0.0298
  0.0304  0.0301  0.0301  0.0303  0.0301  0.0304  0.0303  0.0307  0.0301  0.0302  0.0299  0.0300
  0.0311  0.0304  0.0304  0.0308  0.0304  0.0311  0.0308  0.0316  0.0305  0.0308  0.0301  0.0303
niter,ni,del,rscale     3    3    5.0000    0.6000
parameters
   -0.1712   -0.6664    6.5832  -16.2737  -12.5856   -6.0795
   -2.1691    4.1686    1.3539   22.6728   -3.6149  -27.6214
eta,q 0.97022  6.92122
  0.0307  0.0304  0.0301  0.0305  0.0302  0.0307  0.0306  0.0312  0.0303  0.0306  0.0300  0.0301
  0.0302  0.0301  0.0299  0.0301  0.0300  0.0302  0.0301  0.0304  0.0300  0.0302  0.0299  0.0299
  0.0299  0.0299  0.0298  0.0299  0.0298  0.0299  0.0299  0.0299  0.0298  0.0299  0.0298  0.0298
  0.0298  0.0298  0.0298  0.0298  0.0298  0.0298  0.0298  0.0298  0.0298  0.0298  0.0298  0.0298
  0.0299  0.0298  0.0298  0.0299  0.0299  0.0299  0.0299  0.0300  0.0298  0.0299  0.0298  0.0298
  0.0302  0.0300  0.0300  0.0301  0.0300  0.0302  0.0301  0.0304  0.0300  0.0301  0.0299  0.0299
  0.0307  0.0303  0.0302  0.0305  0.0302  0.0308  0.0306  0.0312  0.0303  0.0305  0.0300  0.0301
niter,ni,del,rscale     2    3    5.0000    0.5000
parameters
   -0.1783   -0.6237    6.5357  -16.3022  -12.7163   -6.0975
   -2.1796    4.1456    1.3425   22.7305   -3.6229  -27.6203
eta,q 0.97022  6.91541
  0.0304  0.0302  0.0300  0.0303  0.0301  0.0304  0.0303  0.0308  0.0301  0.0304  0.0300  0.0300
  0.0301  0.0300  0.0299  0.0300  0.0299  0.0301  0.0300  0.0302  0.0299  0.0300  0.0299  0.0299
  0.0298  0.0298  0.0298  0.0298  0.0298  0.0299  0.0298  0.0299  0.0298  0.0299  0.0298  0.0298
  0.0298  0.0298  0.0298  0.0298  0.0298  0.0298  0.0298  0.0298  0.0298  0.0298  0.0298  0.0298
  0.0298  0.0298  0.0298  0.0298  0.0298  0.0298  0.0298  0.0299  0.0298  0.0298  0.0298  0.0298
  0.0301  0.0299  0.0299  0.0300  0.0300  0.0301  0.0300  0.0302  0.0299  0.0300  0.0299  0.0299
  0.0304  0.0301  0.0301  0.0303  0.0301  0.0305  0.0303  0.0308  0.0301  0.0303  0.0300  0.0300
niter,ni,del,rscale     1    3    5.0000    0.4000
parameters
   -0.1837   -0.5903    6.5069  -16.3209  -12.7878   -6.0884
   -2.1810    4.1320    1.3372   22.7805   -3.6581  -27.6126
eta,q 0.97022  6.91300
  0.0302  0.0300  0.0299  0.0301  0.0300  0.0302  0.0301  0.0304  0.0300  0.0302  0.0299  0.0299
  0.0300  0.0299  0.0298  0.0299  0.0299  0.0300  0.0299  0.0301  0.0299  0.0300  0.0298  0.0299
  0.0298  0.0298  0.0298  0.0298  0.0298  0.0298  0.0298  0.0298  0.0298  0.0298  0.0298  0.0298
  0.0298  0.0298  0.0298  0.0298  0.0298  0.0298  0.0298  0.0298  0.0298  0.0298  0.0298  0.0298
  0.0298  0.0298  0.0298  0.0298  0.0298  0.0298  0.0298  0.0299  0.0298  0.0298  0.0298  0.0298
  0.0300  0.0299  0.0299  0.0299  0.0299  0.0300  0.0299  0.0301  0.0299  0.0299  0.0298  0.0298
  0.0302  0.0300  0.0300  0.0301  0.0300  0.0302  0.0301  0.0304  0.0300  0.0301  0.0299  0.0299
registration optimization eta report
parameter search radius
    0.8000    0.8000    0.8000    2.4000    2.4000    2.4000
    2.4000    2.4000    2.4000    2.4000    2.4000    2.4000
100000*second partial in parameter space
       64.       37.       26.        6.        4.        8.
        6.       11.        4.        6.        2.        3.
  0.0302  0.0300  0.0299  0.0301  0.0300  0.0302  0.0301  0.0304  0.0300  0.0302  0.0299  0.0299
  0.0300  0.0299  0.0298  0.0299  0.0299  0.0300  0.0299  0.0301  0.0299  0.0300  0.0298  0.0299
  0.0298  0.0298  0.0298  0.0298  0.0298  0.0298  0.0298  0.0298  0.0298  0.0298  0.0298  0.0298
  0.0298  0.0298  0.0298  0.0298  0.0298  0.0298  0.0298  0.0298  0.0298  0.0298  0.0298  0.0298
  0.0298  0.0298  0.0298  0.0298  0.0298  0.0298  0.0298  0.0299  0.0298  0.0298  0.0298  0.0298
  0.0300  0.0299  0.0299  0.0299  0.0299  0.0300  0.0299  0.0301  0.0299  0.0299  0.0298  0.0298
  0.0302  0.0300  0.0300  0.0301  0.0300  0.0302  0.0301  0.0304  0.0300  0.0301  0.0299  0.0299
   -0.1837   -0.5903    6.5069  -16.3209  -12.7878   -6.0884
   -2.1810    4.1320    1.3372   22.7805   -3.6581  -27.6126
eta,q 0.97022  6.91300

---------------------------------------------------------------------
imgreg_4dfp /opt/freesurfer/average/711-2C_as_mni_average_305 /opt/freesurfer/average/711-2B_as_mni_average_305_mask talsrcimg_g11 none talsrcimg_to_711-2C_as_mni_average_305_t4 2311
---------------------------------------------------------------------

freesurfer imgreg_4dfp.c
/opt/freesurfer/average/711-2C_as_mni_average_305.4dfp.img
       256       256       256         1
  1.000000  1.000000  1.000000
orientation T byte_order littleendian
Reading image: /opt/freesurfer/average/711-2C_as_mni_average_305.4dfp.img
dimensions:      256       256       256
mmppix:       1.0000   -1.0000   -1.0000
center:     128.0000 -129.0000 -129.0000
/opt/freesurfer/average/711-2B_as_mni_average_305_mask.4dfp.img
       256       256       256         1
  1.000000  1.000000  1.000000
orientation T byte_order littleendian
Reading mask: /opt/freesurfer/average/711-2B_as_mni_average_305_mask.4dfp.img (2306576 pixels)
talsrcimg_g11.4dfp.img
       256       256       256         1
  1.000000  1.000000  1.000000
orientation T byte_order littleendian
Reading image: talsrcimg_g11.4dfp.img
dimensions:      256       256       256
mmppix:       1.0000   -1.0000   -1.0000
center:     128.0000 -129.0000 -129.0000
fimgreg.f
image alignment mode   2311 decimal      907 hex
parameters
   -0.1837   -0.5903    6.5069  -16.3209  -12.7878   -6.0884
   -2.1810    4.1320    1.3372   22.7805   -3.6581  -27.6126
eta,q 0.97022  6.91300
niter,ni,del,rscale     5    3    5.0000    0.8000
parameters
   -0.1905   -0.5535    6.5069  -16.3093  -12.6536   -6.3017
   -2.1282    4.1613    1.3921   22.8335   -3.6136  -27.6596
eta,q 0.97022  6.91246
  0.0314  0.0308  0.0304  0.0310  0.0306  0.0312  0.0312  0.0322  0.0307  0.0311  0.0302  0.0304
  0.0305  0.0302  0.0301  0.0303  0.0301  0.0305  0.0304  0.0309  0.0302  0.0304  0.0300  0.0301
  0.0300  0.0299  0.0299  0.0299  0.0299  0.0300  0.0299  0.0301  0.0299  0.0300  0.0298  0.0298
  0.0298  0.0298  0.0298  0.0298  0.0298  0.0298  0.0298  0.0298  0.0298  0.0298  0.0298  0.0298
  0.0300  0.0299  0.0299  0.0299  0.0299  0.0300  0.0299  0.0301  0.0299  0.0299  0.0298  0.0299
  0.0305  0.0302  0.0301  0.0304  0.0301  0.0306  0.0304  0.0309  0.0302  0.0304  0.0300  0.0301
  0.0314  0.0307  0.0304  0.0310  0.0305  0.0315  0.0311  0.0321  0.0307  0.0311  0.0302  0.0304
niter,ni,del,rscale     4    3    5.0000    0.7000
parameters
   -0.1909   -0.5534    6.4316  -16.3042  -12.6681   -6.3555
   -2.1524    4.1447    1.3649   22.8620   -3.6293  -27.6585
eta,q 0.97022  6.91089
  0.0310  0.0305  0.0302  0.0307  0.0304  0.0310  0.0308  0.0316  0.0305  0.0308  0.0301  0.0302
  0.0303  0.0301  0.0300  0.0302  0.0300  0.0304  0.0302  0.0306  0.0301  0.0303  0.0299  0.0300
  0.0299  0.0299  0.0298  0.0299  0.0298  0.0300  0.0299  0.0300  0.0299  0.0299  0.0298  0.0298
  0.0298  0.0298  0.0298  0.0298  0.0298  0.0298  0.0298  0.0298  0.0298  0.0298  0.0298  0.0298
  0.0299  0.0299  0.0299  0.0299  0.0299  0.0299  0.0299  0.0300  0.0299  0.0299  0.0298  0.0298
  0.0303  0.0301  0.0300  0.0302  0.0301  0.0304  0.0303  0.0307  0.0301  0.0303  0.0299  0.0300
  0.0310  0.0305  0.0303  0.0307  0.0304  0.0311  0.0308  0.0316  0.0305  0.0308  0.0301  0.0302
niter,ni,del,rscale     3    3    5.0000    0.6000
parameters
   -0.1917   -0.5377    6.3963  -16.3275  -12.7640   -6.3469
   -2.1642    4.1380    1.3395   22.8930   -3.6568  -27.6487
eta,q 0.97022  6.90709
  0.0307  0.0303  0.0301  0.0305  0.0302  0.0307  0.0306  0.0312  0.0303  0.0306  0.0300  0.0301
  0.0302  0.0300  0.0299  0.0301  0.0300  0.0302  0.0301  0.0304  0.0300  0.0302  0.0299  0.0299
  0.0299  0.0298  0.0298  0.0299  0.0298  0.0299  0.0299  0.0299  0.0298  0.0299  0.0298  0.0298
  0.0298  0.0298  0.0298  0.0298  0.0298  0.0298  0.0298  0.0298  0.0298  0.0298  0.0298  0.0298
  0.0299  0.0298  0.0298  0.0299  0.0299  0.0299  0.0299  0.0300  0.0298  0.0299  0.0298  0.0298
  0.0302  0.0300  0.0300  0.0301  0.0300  0.0302  0.0301  0.0304  0.0300  0.0301  0.0299  0.0299
  0.0307  0.0303  0.0302  0.0305  0.0302  0.0307  0.0306  0.0312  0.0303  0.0305  0.0300  0.0301
niter,ni,del,rscale     2    3    5.0000    0.5000
parameters
   -0.1920   -0.5205    6.3907  -16.3418  -12.8350   -6.3049
   -2.1750    4.1319    1.3497   22.9050   -3.6751  -27.6300
eta,q 0.97022  6.90532
  0.0304  0.0302  0.0300  0.0303  0.0301  0.0304  0.0303  0.0308  0.0301  0.0303  0.0300  0.0300
  0.0301  0.0300  0.0299  0.0300  0.0299  0.0301  0.0300  0.0302  0.0299  0.0300  0.0298  0.0299
  0.0299  0.0298  0.0298  0.0298  0.0298  0.0299  0.0298  0.0299  0.0298  0.0298  0.0298  0.0298
  0.0298  0.0298  0.0298  0.0298  0.0298  0.0298  0.0298  0.0298  0.0298  0.0298  0.0298  0.0298
  0.0298  0.0298  0.0298  0.0298  0.0298  0.0298  0.0298  0.0299  0.0298  0.0298  0.0298  0.0298
  0.0301  0.0299  0.0299  0.0300  0.0299  0.0301  0.0300  0.0302  0.0299  0.0300  0.0299  0.0299
  0.0304  0.0301  0.0300  0.0303  0.0301  0.0304  0.0303  0.0308  0.0301  0.0303  0.0300  0.0300
niter,ni,del,rscale     1    3    5.0000    0.4000
parameters
   -0.1906   -0.5150    6.3947  -16.3508  -12.8764   -6.2478
   -2.1840    4.1189    1.3366   22.9066   -3.6707  -27.6346
eta,q 0.97022  6.90530
  0.0302  0.0300  0.0299  0.0301  0.0300  0.0302  0.0301  0.0304  0.0300  0.0301  0.0299  0.0299
  0.0300  0.0299  0.0299  0.0299  0.0299  0.0300  0.0299  0.0300  0.0299  0.0299  0.0298  0.0298
  0.0298  0.0298  0.0298  0.0298  0.0298  0.0298  0.0298  0.0298  0.0298  0.0298  0.0298  0.0298
  0.0298  0.0298  0.0298  0.0298  0.0298  0.0298  0.0298  0.0298  0.0298  0.0298  0.0298  0.0298
  0.0298  0.0298  0.0298  0.0298  0.0298  0.0298  0.0298  0.0299  0.0298  0.0298  0.0298  0.0298
  0.0300  0.0299  0.0299  0.0299  0.0299  0.0300  0.0299  0.0301  0.0299  0.0299  0.0298  0.0298
  0.0302  0.0300  0.0299  0.0301  0.0300  0.0302  0.0301  0.0304  0.0300  0.0301  0.0299  0.0299
registration optimization eta report
parameter search radius
    0.8000    0.8000    0.8000    2.4000    2.4000    2.4000
    2.4000    2.4000    2.4000    2.4000    2.4000    2.4000
100000*second partial in parameter space
       63.       38.       26.        6.        4.        8.
        6.       11.        4.        6.        2.        3.
  0.0302  0.0300  0.0299  0.0301  0.0300  0.0302  0.0301  0.0304  0.0300  0.0301  0.0299  0.0299
  0.0300  0.0299  0.0299  0.0299  0.0299  0.0300  0.0299  0.0300  0.0299  0.0299  0.0298  0.0298
  0.0298  0.0298  0.0298  0.0298  0.0298  0.0298  0.0298  0.0298  0.0298  0.0298  0.0298  0.0298
  0.0298  0.0298  0.0298  0.0298  0.0298  0.0298  0.0298  0.0298  0.0298  0.0298  0.0298  0.0298
  0.0298  0.0298  0.0298  0.0298  0.0298  0.0298  0.0298  0.0299  0.0298  0.0298  0.0298  0.0298
  0.0300  0.0299  0.0299  0.0299  0.0299  0.0300  0.0299  0.0301  0.0299  0.0299  0.0298  0.0298
  0.0302  0.0300  0.0299  0.0301  0.0300  0.0302  0.0301  0.0304  0.0300  0.0301  0.0299  0.0299
   -0.1906   -0.5150    6.3947  -16.3508  -12.8764   -6.2478
   -2.1840    4.1189    1.3366   22.9066   -3.6707  -27.6346
eta,q 0.97022  6.90530

---------------------------------------------------------------------
compute_vox2vox talsrcimg talsrcimg_to_711-2C_as_mni_average_305_t4 /opt/freesurfer/average/711-2C_as_mni_average_305
---------------------------------------------------------------------

freesurfer compute_vox2vox.c
Reading: talsrcimg.4dfp.ifh
Reading: talsrcimg_to_711-2C_as_mni_average_305_t4
Reading: /opt/freesurfer/average/711-2C_as_mni_average_305.4dfp.ifh
Writing: talsrcimg_to_711-2C_as_mni_average_305_t4_vox2vox.txt

start time Fri Mar 13 22:48:44 CET 2026
end		time Fri Mar 13 22:50:13 CET 2026

mpr2mni305 success

avi2talxfm orig_nu.mgz /opt/freesurfer/average/mni305.cor.mgz talsrcimg_to_711-2C_as_mni_average_305_t4_vox2vox.txt transforms/talairach.auto.xfm
avi2talxfm done
mv -f /out/sourcedata/freesurfer/sub-v2s7x29671_ses-1/mri/talsrcimg_to_711-2C_as_mni_average_305_t4_vox2vox.txt /out/sourcedata/freesurfer/sub-v2s7x29671_ses-1/mri/transforms/talsrcimg_to_711-2C_as_mni_average_305_t4_vox2vox.txt
lta_convert --src orig_nu.mgz --trg /opt/freesurfer/average/mni305.cor.mgz --inxfm transforms/talairach.auto.xfm --outlta transforms/talairach.auto.xfm.lta --subject fsaverage
7.3.2

--src: orig_nu.mgz src image (geometry).
--trg: /opt/freesurfer/average/mni305.cor.mgz trg image (geometry).
--inmni: transforms/talairach.auto.xfm input MNI/XFM transform.
--outlta: transforms/talairach.auto.xfm.lta output LTA.
--s: fsaverage subject name
 LTA read, type : 1
 1.19284  -0.05542   0.01232   18.94170;
 0.03834   0.98814   0.31439  -37.91796;
-0.02838  -0.25895   1.06495  -35.81909;
 0.00000   0.00000   0.00000   1.00000;
setting subject to fsaverage
Writing  LTA to file transforms/talairach.auto.xfm.lta...
lta_convert successful.
 
 
Started at Fri Mar 13 22:48:44 CET 2026
Ended   at Fri Mar 13 22:50:13 CET 2026
talairach_avi done
