/out/sourcedata/freesurfer/sub-v2s7x29662_ses-1/mri
/opt/freesurfer/bin/talairach_avi
--i orig_nu.mgz --xfm transforms/talairach.auto.xfm
talairach_avi 7.3.2
Linux dna056 5.14.0-427.37.1.el9_4.x86_64 #1 SMP PREEMPT_DYNAMIC Fri Sep 13 12:41:50 EDT 2024 x86_64 x86_64 x86_64 GNU/Linux
Fri Mar 13 22:19:58 CET 2026
mri_convert orig_nu.mgz talsrcimg.img 
reading from orig_nu.mgz...
TR=0.00, TE=0.00, TI=0.00, flip angle=0.00
i_ras = (-1, 0, 0)
j_ras = (0, 0, -1)
k_ras = (0, 1, 0)
writing to talsrcimg.img...
Analyze Output Matrix
-1.00000   0.00000   0.00000   120.66725;
 0.00000   0.00000   1.00000  -112.04414;
 0.00000  -1.00000   0.00000   158.22282;
 0.00000   0.00000   0.00000   1.00000;
--------------------
INFO: set hdr.hist.orient to -1
mpr2mni305 talsrcimg
Fri Mar 13 22:19:59 CET 2026
/opt/freesurfer/bin/mpr2mni305 talsrcimg
mpr2mni305 7.3.2
target=711-2C_as_mni_average_305

---------------------------------------------------------------------
analyzeto4dfp talsrcimg -O0 -y
---------------------------------------------------------------------

freesurfer ifh2hdr.c
Fri Mar 13 22:19:59 2026
Writing: talsrcimg.4dfp.hdr
freesurfer analyzeto4dfp.c
Reading: talsrcimg.hdr
header size 348 bytes
hdr.dime.datatype	offset=70	value=2
hdr.dime.bitpix		offset=72	value=8
hdr.hist.orient		offset=252	value=-1
dimensionality     4
dimensions       256       256       256         1
Reading: talsrcimg.img
Writing: talsrcimg.4dfp.img
Writing: talsrcimg.4dfp.ifh
ifh2hdr talsrcimg -r0to255
ori=2

---------------------------------------------------------------------
gauss_4dfp talsrcimg 1.1
---------------------------------------------------------------------

freesurfer gauss_4dfp.c
Reading: talsrcimg.4dfp.img
Writing: talsrcimg_g11.4dfp.img
image dimensions 256 256 256 padded to 288 288 288
processing volume 1freesurfer ifh2hdr.c
Fri Mar 13 22:20:01 2026
Writing: talsrcimg_g11.4dfp.hdr

Writing: talsrcimg_g11.4dfp.ifh
including: talsrcimg.4dfp.img.rec in talsrcimg_g11.4dfp.img.rec

---------------------------------------------------------------------
imgreg_4dfp /opt/freesurfer/average/711-2C_as_mni_average_305 none talsrcimg_g11 none talsrcimg_to_711-2C_as_mni_average_305_t4 4355
---------------------------------------------------------------------

freesurfer imgreg_4dfp.c
/opt/freesurfer/average/711-2C_as_mni_average_305.4dfp.img
       256       256       256         1
  1.000000  1.000000  1.000000
orientation T byte_order littleendian
Reading image: /opt/freesurfer/average/711-2C_as_mni_average_305.4dfp.img
dimensions:      256       256       256
mmppix:       1.0000   -1.0000   -1.0000
center:     128.0000 -129.0000 -129.0000
talsrcimg_g11.4dfp.img
       256       256       256         1
  1.000000  1.000000  1.000000
orientation T byte_order littleendian
Reading image: talsrcimg_g11.4dfp.img
dimensions:      256       256       256
mmppix:       1.0000   -1.0000   -1.0000
center:     128.0000 -129.0000 -129.0000
t4_read: open error in t4_sub.f l:  41 t4_file(1:l)talsrcimg_to_711-2C_as_mni_average_305_t4 
t4_read: transform initialized to I4
rotation matrix determinant  1.000000
image alignment mode   4355 decimal     1103 hex
   -7.5000  -45.0000  -45.0000 8058.5400   11.9723
    0.0000  -45.0000  -45.0000 8332.0557   11.9327
    7.5000  -45.0000  -45.0000 7910.0537   11.9330
   -7.5000  -37.5000  -45.0000 8453.3652   12.0079
    0.0000  -37.5000  -45.0000 8739.3740   11.9630
    7.5000  -37.5000  -45.0000 8286.0615   11.9576
   -7.5000  -30.0000  -45.0000 9119.4531   12.0110
    0.0000  -30.0000  -45.0000 9431.4697   11.9595
    7.5000  -30.0000  -45.0000 8924.3789   11.9567
   -7.5000  -22.5000  -45.0000 9781.6748   11.9708
    0.0000  -22.5000  -45.000010120.3213   11.9181
    7.5000  -22.5000  -45.0000 9559.9678   11.9260
   -7.5000  -15.0000  -45.000010362.7373   11.9341
    0.0000  -15.0000  -45.000010719.8652   11.8859
    7.5000  -15.0000  -45.000010122.2666   11.9002
   -7.5000   -7.5000  -45.000010897.7197   11.9386
    0.0000   -7.5000  -45.000011266.4561   11.8969
    7.5000   -7.5000  -45.000010633.1240   11.9063
   -7.5000    0.0000  -45.000011226.4795   11.9723
    0.0000    0.0000  -45.000011601.7832   11.9327
    7.5000    0.0000  -45.000010968.4443   11.9330
   -7.5000    7.5000  -45.000010561.9902   12.0079
    0.0000    7.5000  -45.000010920.4697   11.9630
    7.5000    7.5000  -45.000010325.2373   11.9576
   -7.5000   15.0000  -45.0000 9788.4180   12.0110
    0.0000   15.0000  -45.000010136.0352   11.9595
    7.5000   15.0000  -45.0000 9573.8594   11.9567
   -7.5000   22.5000  -45.0000 9025.1904   11.9691
    0.0000   22.5000  -45.0000 9345.3965   11.9165
    7.5000   22.5000  -45.0000 8790.7607   11.9243
   -7.5000   30.0000  -45.0000 8307.1768   11.7751
    0.0000   30.0000  -45.0000 8592.5586   11.7276
    7.5000   30.0000  -45.0000 8073.9390   11.7417
   -7.5000   37.5000  -45.0000 7930.9053   11.8172
    0.0000   37.5000  -45.0000 8188.5068   11.7751
    7.5000   37.5000  -45.0000 7675.1851   11.7846
   -7.5000   45.0000  -45.0000 7295.0659   11.6753
    0.0000   45.0000  -45.0000 7503.4077   11.6346
    7.5000   45.0000  -45.0000 7019.1353   11.6351
   -7.5000  -45.0000  -37.5000 8653.1650   11.9297
    0.0000  -45.0000  -37.5000 8939.7432   11.8901
    7.5000  -45.0000  -37.5000 8459.9160   11.8919
   -7.5000  -37.5000  -37.5000 9073.0215   11.9634
    0.0000  -37.5000  -37.5000 9378.8945   11.9194
    7.5000  -37.5000  -37.5000 8886.5146   11.9168
   -7.5000  -30.0000  -37.5000 9769.1201   11.9675
    0.0000  -30.0000  -37.500010119.7617   11.9184
    7.5000  -30.0000  -37.5000 9577.5947   11.9171
   -7.5000  -22.5000  -37.500010429.4688   11.9332
    0.0000  -22.5000  -37.500010811.0801   11.8833
    7.5000  -22.5000  -37.500010216.2227   11.8893
   -7.5000  -15.0000  -37.500011052.8848   11.8996
    0.0000  -15.0000  -37.500011433.2539   11.8530
    7.5000  -15.0000  -37.500010766.6152   11.8637
   -7.5000   -7.5000  -37.500011605.3447   11.9001
    0.0000   -7.5000  -37.500011974.8379   11.8589
    7.5000   -7.5000  -37.500011288.8672   11.8666
   -7.5000    0.0000  -37.500011965.5693   11.9296
    0.0000    0.0000  -37.500012342.8008   11.8901
    7.5000    0.0000  -37.500011641.8359   11.8918
   -7.5000    7.5000  -37.500011338.7041   11.9634
    0.0000    7.5000  -37.500011700.5654   11.9194
    7.5000    7.5000  -37.500011029.8350   11.9168
   -7.5000   15.0000  -37.500010535.3877   11.9675
    0.0000   15.0000  -37.500010875.1816   11.9184
    7.5000   15.0000  -37.500010226.2578   11.9171
   -7.5000   22.5000  -37.5000 9654.3242   11.9316
    0.0000   22.5000  -37.5000 9985.3613   11.8816
    7.5000   22.5000  -37.5000 9388.0381   11.8876
   -7.5000   30.0000  -37.5000 8840.3672   11.7411
    0.0000   30.0000  -37.5000 9136.7432   11.6951
    7.5000   30.0000  -37.5000 8575.1611   11.7057
   -7.5000   37.5000  -37.5000 8435.8213   11.7778
    0.0000   37.5000  -37.5000 8680.6240   11.7362
    7.5000   37.5000  -37.5000 8141.4175   11.7442
   -7.5000   45.0000  -37.5000 7705.3848   11.6296
    0.0000   45.0000  -37.5000 7914.6831   11.5894
    7.5000   45.0000  -37.5000 7422.9277   11.5916
   -7.5000  -45.0000  -30.0000 9398.4180   12.4346
    0.0000  -45.0000  -30.0000 9690.4844   12.3925
    7.5000  -45.0000  -30.0000 9174.7646   12.3967
   -7.5000  -37.5000  -30.0000 9879.3301   12.4702
    0.0000  -37.5000  -30.000010195.6484   12.4217
    7.5000  -37.5000  -30.0000 9633.0645   12.4225
   -7.5000  -30.0000  -30.000010645.1738   12.4775
    0.0000  -30.0000  -30.000010989.8467   12.4222
    7.5000  -30.0000  -30.000010375.8799   12.4216
   -7.5000  -22.5000  -30.000011351.6836   12.4455
    0.0000  -22.5000  -30.000011713.5742   12.3897
    7.5000  -22.5000  -30.000011044.4238   12.3925
   -7.5000  -15.0000  -30.000012013.9355   12.4092
    0.0000  -15.0000  -30.000012382.3750   12.3587
    7.5000  -15.0000  -30.000011668.0000   12.3646
   -7.5000   -7.5000  -30.000012575.4102   12.4054
    0.0000   -7.5000  -30.000012945.5205   12.3619
    7.5000   -7.5000  -30.000012189.0586   12.3679
   -7.5000    0.0000  -30.000012931.2598   12.4345
    0.0000    0.0000  -30.000013299.7510   12.3925
    7.5000    0.0000  -30.000012535.3203   12.3967
   -7.5000    7.5000  -30.000012303.8975   12.4702
    0.0000    7.5000  -30.000012657.3838   12.4217
    7.5000    7.5000  -30.000011890.7432   12.4225
   -7.5000   15.0000  -30.000011450.8945   12.4775
    0.0000   15.0000  -30.000011785.3584   12.4222
    7.5000   15.0000  -30.000011072.0117   12.4216
   -7.5000   22.5000  -30.000010453.9707   12.4425
    0.0000   22.5000  -30.000010789.4756   12.3867
    7.5000   22.5000  -30.000010150.3682   12.3895
   -7.5000   30.0000  -30.0000 9529.1973   12.2450
    0.0000   30.0000  -30.0000 9837.5410   12.1952
    7.5000   30.0000  -30.0000 9236.0283   12.2010
   -7.5000   37.5000  -30.0000 9053.8525   12.2775
    0.0000   37.5000  -30.0000 9331.9619   12.2338
    7.5000   37.5000  -30.0000 8744.8770   12.2403
   -7.5000   45.0000  -30.0000 8274.2715   12.1265
    0.0000   45.0000  -30.0000 8488.5068   12.0845
    7.5000   45.0000  -30.0000 7955.7856   12.0896
   -7.5000  -45.0000  -22.500010126.7637   12.8669
    0.0000  -45.0000  -22.500010420.4932   12.8234
    7.5000  -45.0000  -22.5000 9862.4893   12.8284
   -7.5000  -37.5000  -22.500010654.0674   12.9053
    0.0000  -37.5000  -22.500010975.7207   12.8519
    7.5000  -37.5000  -22.500010355.3291   12.8530
   -7.5000  -30.0000  -22.500011486.9609   12.9131
    0.0000  -30.0000  -22.500011838.5918   12.8493
    7.5000  -30.0000  -22.500011176.7100   12.8479
   -7.5000  -22.5000  -22.500012285.4238   12.8770
    0.0000  -22.5000  -22.500012665.8184   12.8129
    7.5000  -22.5000  -22.500011945.5801   12.8141
   -7.5000  -15.0000  -22.500013009.7012   12.8356
    0.0000  -15.0000  -22.500013391.7266   12.7801
    7.5000  -15.0000  -22.500012622.1367   12.7848
   -7.5000   -7.5000  -22.500013552.7910   12.8333
    0.0000   -7.5000  -22.500013922.3447   12.7880
    7.5000   -7.5000  -22.500013114.6709   12.7940
   -7.5000    0.0000  -22.500013905.5771   12.8668
    0.0000    0.0000  -22.500014281.4395   12.8234
    7.5000    0.0000  -22.500013443.7051   12.8284
   -7.5000    7.5000  -22.500013236.5361   12.9053
    0.0000    7.5000  -22.500013596.8086   12.8519
    7.5000    7.5000  -22.500012772.1045   12.8530
   -7.5000   15.0000  -22.500012355.1357   12.9131
    0.0000   15.0000  -22.500012702.9043   12.8493
    7.5000   15.0000  -22.500011908.5635   12.8479
   -7.5000   22.5000  -22.500011302.2568   12.8731
    0.0000   22.5000  -22.500011647.9287   12.8090
    7.5000   22.5000  -22.500010910.6250   12.8101
   -7.5000   30.0000  -22.500010233.4961   12.6678
    0.0000   30.0000  -22.500010572.6270   12.6129
    7.5000   30.0000  -22.5000 9921.2480   12.6176
   -7.5000   37.5000  -22.5000 9683.4805   12.7026
    0.0000   37.5000  -22.5000 9993.4180   12.6574
    7.5000   37.5000  -22.5000 9379.5732   12.6639
   -7.5000   45.0000  -22.5000 8823.9219   12.5572
    0.0000   45.0000  -22.5000 9094.6865   12.5140
    7.5000   45.0000  -22.5000 8500.3184   12.5202
   -7.5000  -45.0000  -15.000010846.7881   13.1697
    0.0000  -45.0000  -15.000011150.6953   13.1257
    7.5000  -45.0000  -15.000010561.8330   13.1294
   -7.5000  -37.5000  -15.000011402.0889   13.2106
    0.0000  -37.5000  -15.000011740.1992   13.1551
    7.5000  -37.5000  -15.000011097.3213   13.1536
   -7.5000  -30.0000  -15.000012334.2852   13.2168
    0.0000  -30.0000  -15.000012690.9883   13.1488
    7.5000  -30.0000  -15.000011996.6182   13.1460
   -7.5000  -22.5000  -15.000013214.6445   13.1733
    0.0000  -22.5000  -15.000013596.3369   13.1048
    7.5000  -22.5000  -15.000012830.9541   13.1077
   -7.5000  -15.0000  -15.000014026.7070   13.1277
    0.0000  -15.0000  -15.000014397.6885   13.0694
    7.5000  -15.0000  -15.000013536.8340   13.0779
   -7.5000   -7.5000  -15.000014585.2686   13.1303
    0.0000   -7.5000  -15.000014943.3027   13.0840
    7.5000   -7.5000  -15.000014043.2080   13.0919
   -7.5000    0.0000  -15.000014927.1602   13.1697
    0.0000    0.0000  -15.000015319.8955   13.1257
    7.5000    0.0000  -15.000014353.3379   13.1294
   -7.5000    7.5000  -15.000014176.2236   13.2106
    0.0000    7.5000  -15.000014550.0166   13.1551
    7.5000    7.5000  -15.000013635.3525   13.1536
   -7.5000   15.0000  -15.000013218.7393   13.2168
    0.0000   15.0000  -15.000013581.5420   13.1488
    7.5000   15.0000  -15.000012731.6191   13.1460
   -7.5000   22.5000  -15.000012114.5713   13.1686
    0.0000   22.5000  -15.000012483.5928   13.1001
    7.5000   22.5000  -15.000011712.3604   13.1031
   -7.5000   30.0000  -15.000010953.0430   12.9579
    0.0000   30.0000  -15.000011299.6768   12.9003
    7.5000   30.0000  -15.000010644.9590   12.9087
   -7.5000   37.5000  -15.000010332.5674   12.9995
    0.0000   37.5000  -15.000010644.4521   12.9533
    7.5000   37.5000  -15.000010018.6289   12.9616
   -7.5000   45.0000  -15.0000 9388.2754   12.8640
    0.0000   45.0000  -15.0000 9660.7705   12.8199
    7.5000   45.0000  -15.0000 9054.0645   12.8244
   -7.5000  -45.0000   -7.500011605.4541   13.3122
    0.0000  -45.0000   -7.500011954.3281   13.2682
    7.5000  -45.0000   -7.500011317.9824   13.2696
   -7.5000  -37.5000   -7.500012205.5117   13.3537
    0.0000  -37.5000   -7.500012560.3320   13.3004
    7.5000  -37.5000   -7.500011875.3438   13.2953
   -7.5000  -30.0000   -7.500013235.1533   13.3578
    0.0000  -30.0000   -7.500013635.8633   13.2938
    7.5000  -30.0000   -7.500012857.4102   13.2902
   -7.5000  -22.5000   -7.500014196.8125   13.3102
    0.0000  -22.5000   -7.500014601.1895   13.2453
    7.5000  -22.5000   -7.500013733.2178   13.2521
   -7.5000  -15.0000   -7.500014964.0986   13.2649
    0.0000  -15.0000   -7.500015381.4082   13.2083
    7.5000  -15.0000   -7.500014442.9619   13.2224
   -7.5000   -7.5000   -7.500015575.0645   13.2709
    0.0000   -7.5000   -7.500015969.6289   13.2246
    7.5000   -7.5000   -7.500014978.6338   13.2347
   -7.5000    0.0000   -7.500015986.0029   13.3122
    0.0000    0.0000   -7.500016384.8984   13.2682
    7.5000    0.0000   -7.500015279.7666   13.2695
   -7.5000    7.5000   -7.500015147.4443   13.3537
    0.0000    7.5000   -7.500015562.1826   13.3004
    7.5000    7.5000   -7.500014526.4863   13.2953
   -7.5000   15.0000   -7.500014107.4912   13.3578
    0.0000   15.0000   -7.500014527.2617   13.2938
    7.5000   15.0000   -7.500013607.8545   13.2902
   -7.5000   22.5000   -7.500012911.5732   13.3040
    0.0000   22.5000   -7.500013309.2275   13.2392
    7.5000   22.5000   -7.500012516.9863   13.2460
   -7.5000   30.0000   -7.500011699.0938   13.0930
    0.0000   30.0000   -7.500012064.5234   13.0371
    7.5000   30.0000   -7.500011382.8350   13.0510
   -7.5000   37.5000   -7.500011048.0381   13.1400
    0.0000   37.5000   -7.500011349.3096   13.0934
    7.5000   37.5000   -7.500010694.5469   13.1037
   -7.5000   45.0000   -7.500010014.5635   13.0098
    0.0000   45.0000   -7.500010276.7324   12.9649
    7.5000   45.0000   -7.5000 9659.1895   12.9667
   -7.5000  -45.0000    0.000012313.8994   13.3343
    0.0000  -45.0000    0.000012694.7275   13.2904
    7.5000  -45.0000    0.000011983.4014   13.2907
   -7.5000  -37.5000    0.000013000.1387   13.3745
    0.0000  -37.5000    0.000013375.2295   13.3247
    7.5000  -37.5000    0.000012621.6865   13.3186
   -7.5000  -30.0000    0.000014097.0186   13.3780
    0.0000  -30.0000    0.000014508.4658   13.3211
    7.5000  -30.0000    0.000013648.0332   13.3179
   -7.5000  -22.5000    0.000015076.7949   13.3329
    0.0000  -22.5000    0.000015534.0215   13.2748
    7.5000  -22.5000    0.000014571.4180   13.2835
   -7.5000  -15.0000    0.000015842.1816   13.2913
    0.0000  -15.0000    0.000016286.2344   13.2382
    7.5000  -15.0000    0.000015279.0098   13.2542
   -7.5000   -7.5000    0.000016487.0352   13.2962
    0.0000   -7.5000    0.000016886.3770   13.2502
    7.5000   -7.5000    0.000015818.7012   13.2606
   -7.5000    0.0000    0.000016911.6094   13.3342
    0.0000    0.0000    0.000017327.5664   13.2904
    7.5000    0.0000    0.000016175.8027   13.2907
   -7.5000    7.5000    0.000016020.8057   13.3745
    0.0000    7.5000    0.000016433.1367   13.3247
    7.5000    7.5000    0.000015365.6426   13.3186
   -7.5000   15.0000    0.000014905.8711   13.3780
    0.0000   15.0000    0.000015332.1328   13.3211
    7.5000   15.0000    0.000014371.7373   13.3179
   -7.5000   22.5000    0.000013642.5947   13.3267
    0.0000   22.5000    0.000014076.9150   13.2687
    7.5000   22.5000    0.000013224.0928   13.2774
   -7.5000   30.0000    0.000012383.2510   13.1194
    0.0000   30.0000    0.000012791.5586   13.0670
    7.5000   30.0000    0.000012019.6084   13.0828
   -7.5000   37.5000    0.000011713.6260   13.1660
    0.0000   37.5000    0.000012074.7422   13.1194
    7.5000   37.5000    0.000011333.9014   13.1300
   -7.5000   45.0000    0.000010603.6543   13.0333
    0.0000   45.0000    0.000010890.2256   12.9881
    7.5000   45.0000    0.000010218.2979   12.9885
   -7.5000  -45.0000    7.500012048.6641   13.3414
    0.0000  -45.0000    7.500012409.2256   13.2971
    7.5000  -45.0000    7.500011678.9092   13.2990
   -7.5000  -37.5000    7.500012731.7910   13.3799
    0.0000  -37.5000    7.500013108.4980   13.3307
    7.5000  -37.5000    7.500012331.7529   13.3278
   -7.5000  -30.0000    7.500013875.2168   13.3852
    0.0000  -30.0000    7.500014262.5352   13.3304
    7.5000  -30.0000    7.500013366.9951   13.3288
   -7.5000  -22.5000    7.500014884.7803   13.3468
    0.0000  -22.5000    7.500015310.0850   13.2909
    7.5000  -22.5000    7.500014292.1064   13.2976
   -7.5000  -15.0000    7.500015628.2832   13.3084
    0.0000  -15.0000    7.500016041.5391   13.2563
    7.5000  -15.0000    7.500015025.0391   13.2681
   -7.5000   -7.5000    7.500016220.9043   13.3082
    0.0000   -7.5000    7.500016615.3164   13.2621
    7.5000   -7.5000    7.500015590.1221   13.2706
   -7.5000    0.0000    7.500016565.8125   13.3414
    0.0000    0.0000    7.500016986.3008   13.2971
    7.5000    0.0000    7.500015893.3438   13.2990
   -7.5000    7.5000    7.500015634.9141   13.3799
    0.0000    7.5000    7.500016066.9912   13.3307
    7.5000    7.5000    7.500015016.0293   13.3278
   -7.5000   15.0000    7.500014562.8359   13.3852
    0.0000   15.0000    7.500015001.3271   13.3304
    7.5000   15.0000    7.500014014.4238   13.3288
   -7.5000   22.5000    7.500013360.3252   13.3406
    0.0000   22.5000    7.500013779.2939   13.2848
    7.5000   22.5000    7.500012886.9492   13.2915
   -7.5000   30.0000    7.500012173.9355   13.1362
    0.0000   30.0000    7.500012544.4033   13.0848
    7.5000   30.0000    7.500011750.6045   13.0965
   -7.5000   37.5000    7.500011516.8486   13.1766
    0.0000   37.5000    7.500011839.3174   13.1300
    7.5000   37.5000    7.500011108.8008   13.1388
   -7.5000   45.0000    7.500010419.3564   13.0364
    0.0000   45.0000    7.500010679.4307   12.9912
    7.5000   45.0000    7.500010002.1709   12.9936
   -7.5000  -45.0000   15.000011618.5283   13.3526
    0.0000  -45.0000   15.000011953.2988   13.3074
    7.5000  -45.0000   15.000011288.3379   13.3119
   -7.5000  -37.5000   15.000012237.8281   13.3909
    0.0000  -37.5000   15.000012571.4746   13.3388
    7.5000  -37.5000   15.000011879.3818   13.3397
   -7.5000  -30.0000   15.000013445.8418   13.3986
    0.0000  -30.0000   15.000013796.2432   13.3393
    7.5000  -30.0000   15.000012905.2852   13.3387
   -7.5000  -22.5000   15.000014612.1562   13.3643
    0.0000  -22.5000   15.000015012.2246   13.3044
    7.5000  -22.5000   15.000013918.4951   13.3074
   -7.5000  -15.0000   15.000015421.5361   13.3253
    0.0000  -15.0000   15.000015883.2139   13.2710
    7.5000  -15.0000   15.000014779.6904   13.2774
   -7.5000   -7.5000   15.000015926.3271   13.3213
    0.0000   -7.5000   15.000016403.0156   13.2745
    7.5000   -7.5000   15.000015336.0566   13.2809
   -7.5000    0.0000   15.000016167.9678   13.3525
    0.0000    0.0000   15.000016607.4102   13.3074
    7.5000    0.0000   15.000015516.3564   13.3119
   -7.5000    7.5000   15.000015152.4873   13.3909
    0.0000    7.5000   15.000015546.4521   13.3388
    7.5000    7.5000   15.000014496.6240   13.3397
   -7.5000   15.0000   15.000014078.4834   13.3986
    0.0000   15.0000   15.000014445.4238   13.3393
    7.5000   15.0000   15.000013469.1650   13.3387
   -7.5000   22.5000   15.000012924.3779   13.3581
    0.0000   22.5000   15.000013254.8057   13.2983
    7.5000   22.5000   15.000012390.6396   13.3013
   -7.5000   30.0000   15.000011775.8809   13.1529
    0.0000   30.0000   15.000012065.0430   13.0993
    7.5000   30.0000   15.000011316.1943   13.1056
   -7.5000   37.5000   15.000011125.6328   13.1878
    0.0000   37.5000   15.000011393.2129   13.1409
    7.5000   37.5000   15.000010687.0254   13.1478
   -7.5000   45.0000   15.000010047.2373   13.0429
    0.0000   45.0000   15.000010276.7461   12.9977
    7.5000   45.0000   15.0000 9602.4355   13.0032
   -7.5000  -45.0000   22.500011128.6875   13.3568
    0.0000  -45.0000   22.500011507.9180   13.3117
    7.5000  -45.0000   22.500010886.4453   13.3169
   -7.5000  -37.5000   22.500011674.8271   13.3967
    0.0000  -37.5000   22.500012054.8740   13.3413
    7.5000  -37.5000   22.500011403.0850   13.3425
   -7.5000  -30.0000   22.500012804.6230   13.4048
    0.0000  -30.0000   22.500013177.6279   13.3386
    7.5000  -30.0000   22.500012312.9678   13.3372
   -7.5000  -22.5000   22.500014055.6016   13.3674
    0.0000  -22.5000   22.500014445.9814   13.3009
    7.5000  -22.5000   22.500013265.7998   13.3020
   -7.5000  -15.0000   22.500015012.5928   13.3244
    0.0000  -15.0000   22.500015415.9209   13.2667
    7.5000  -15.0000   22.500014162.4053   13.2717
   -7.5000   -7.5000   22.500015615.9219   13.3220
    0.0000   -7.5000   22.500015990.5869   13.2750
    7.5000   -7.5000   22.500014729.9053   13.2812
   -7.5000    0.0000   22.500015774.0723   13.3568
    0.0000    0.0000   22.500016094.4463   13.3117
    7.5000    0.0000   22.500014886.5957   13.3169
   -7.5000    7.5000   22.500014633.4629   13.3967
    0.0000    7.5000   22.500014937.5283   13.3413
    7.5000    7.5000   22.500013873.6963   13.3425
   -7.5000   15.0000   22.500013460.4160   13.4048
    0.0000   15.0000   22.500013776.7891   13.3386
    7.5000   15.0000   22.500012853.2598   13.3372
   -7.5000   22.5000   22.500012331.3018   13.3612
    0.0000   22.5000   22.500012648.9482   13.2947
    7.5000   22.5000   22.500011852.0518   13.2959
   -7.5000   30.0000   22.500011241.3438   13.1520
    0.0000   30.0000   22.500011529.7930   13.0951
    7.5000   30.0000   22.500010827.2607   13.0999
   -7.5000   37.5000   22.500010660.7656   13.1881
    0.0000   37.5000   22.500010908.1338   13.1413
    7.5000   37.5000   22.500010233.8262   13.1480
   -7.5000   45.0000   22.5000 9600.7598   13.0466
    0.0000   45.0000   22.5000 9809.3223   13.0018
    7.5000   45.0000   22.5000 9199.7461   13.0082
   -7.5000  -45.0000   30.000010612.1494   13.3509
    0.0000  -45.0000   30.000010973.0498   13.3063
    7.5000  -45.0000   30.000010336.6270   13.3100
   -7.5000  -37.5000   30.000011164.8809   13.3923
    0.0000  -37.5000   30.000011505.9678   13.3361
    7.5000  -37.5000   30.000010833.0576   13.3345
   -7.5000  -30.0000   30.000012160.7598   13.3986
    0.0000  -30.0000   30.000012506.6670   13.3297
    7.5000  -30.0000   30.000011662.6436   13.3268
   -7.5000  -22.5000   30.000013142.9668   13.3545
    0.0000  -22.5000   30.000013501.1992   13.2850
    7.5000  -22.5000   30.000012535.7412   13.2880
   -7.5000  -15.0000   30.000013980.1836   13.3083
    0.0000  -15.0000   30.000014332.5557   13.2491
    7.5000  -15.0000   30.000013371.1230   13.2577
   -7.5000   -7.5000   30.000014615.9043   13.3109
    0.0000   -7.5000   30.000014940.8613   13.2640
    7.5000   -7.5000   30.000013951.7939   13.2720
   -7.5000    0.0000   30.000014867.9902   13.3509
    0.0000    0.0000   30.000015184.6182   13.3063
    7.5000    0.0000   30.000014147.1016   13.3100
   -7.5000    7.5000   30.000013881.9863   13.3923
    0.0000    7.5000   30.000014187.1797   13.3361
    7.5000    7.5000   30.000013251.6279   13.3345
   -7.5000   15.0000   30.000012750.6602   13.3986
    0.0000   15.0000   30.000013086.4551   13.3297
    7.5000   15.0000   30.000012270.9121   13.3268
   -7.5000   22.5000   30.000011681.2812   13.3483
    0.0000   22.5000   30.000011997.2510   13.2789
    7.5000   22.5000   30.000011270.8252   13.2818
   -7.5000   30.0000   30.000010619.1797   13.1361
    0.0000   30.0000   30.000010917.8770   13.0777
    7.5000   30.0000   30.000010264.4111   13.0862
   -7.5000   37.5000   30.000010014.9072   13.1783
    0.0000   37.5000   30.000010283.9619   13.1315
    7.5000   37.5000   30.0000 9666.6846   13.1399
   -7.5000   45.0000   30.0000 8981.3916   13.0444
    0.0000   45.0000   30.0000 9206.9336   12.9996
    7.5000   45.0000   30.0000 8694.4287   13.0043
   -7.5000  -45.0000   37.500010385.3604   13.3443
    0.0000  -45.0000   37.500010731.6299   13.3001
    7.5000  -45.0000   37.500010099.5117   13.3014
   -7.5000  -37.5000   37.500010897.9219   13.3858
    0.0000  -37.5000   37.500011248.8350   13.3324
    7.5000  -37.5000   37.500010575.0195   13.3272
   -7.5000  -30.0000   37.500011799.8896   13.3900
    0.0000  -30.0000   37.500012169.3574   13.3258
    7.5000  -30.0000   37.500011397.7568   13.3221
   -7.5000  -22.5000   37.500012631.8896   13.3423
    0.0000  -22.5000   37.500013026.6787   13.2772
    7.5000  -22.5000   37.500012233.0879   13.2839
   -7.5000  -15.0000   37.500013343.2090   13.2970
    0.0000  -15.0000   37.500013754.3721   13.2401
    7.5000  -15.0000   37.500012984.3955   13.2542
   -7.5000   -7.5000   37.500013915.3252   13.3029
    0.0000   -7.5000   37.500014339.6748   13.2564
    7.5000   -7.5000   37.500013528.8633   13.2665
   -7.5000    0.0000   37.500014200.2666   13.3442
    0.0000    0.0000   37.500014626.7041   13.3001
    7.5000    0.0000   37.500013755.7266   13.3014
   -7.5000    7.5000   37.500013364.4121   13.3858
    0.0000    7.5000   37.500013746.1357   13.3324
    7.5000    7.5000   37.500012912.6982   13.3272
   -7.5000   15.0000   37.500012350.8818   13.3900
    0.0000   15.0000   37.500012742.1846   13.3258
    7.5000   15.0000   37.500011973.0439   13.3221
   -7.5000   22.5000   37.500011351.7842   13.3362
    0.0000   22.5000   37.500011702.8838   13.2711
    7.5000   22.5000   37.500011005.0654   13.2778
   -7.5000   30.0000   37.500010340.8057   13.1250
    0.0000   30.0000   37.500010658.0898   13.0688
    7.5000   30.0000   37.500010021.4688   13.0827
   -7.5000   37.5000   37.5000 9708.4658   13.1720
    0.0000   37.5000   37.5000 9983.7461   13.1253
    7.5000   37.5000   37.5000 9414.7676   13.1355
   -7.5000   45.0000   37.5000 8695.3281   13.0422
    0.0000   45.0000   37.5000 8926.7656   12.9971
    7.5000   45.0000   37.5000 8459.0254   12.9988
   -7.5000  -45.0000   45.0000 9665.3086   13.4044
    0.0000  -45.0000   45.0000 9993.5146   13.3591
    7.5000  -45.0000   45.0000 9420.2500   13.3591
   -7.5000  -37.5000   45.000010155.7754   13.4445
    0.0000  -37.5000   45.000010499.8135   13.3936
    7.5000  -37.5000   45.0000 9880.9824   13.3871
   -7.5000  -30.0000   45.000010949.1885   13.4475
    0.0000  -30.0000   45.000011324.7266   13.3899
    7.5000  -30.0000   45.000010650.2676   13.3865
   -7.5000  -22.5000   45.000011703.1758   13.4018
    0.0000  -22.5000   45.000012090.5898   13.3431
    7.5000  -22.5000   45.000011408.8789   13.3521
   -7.5000  -15.0000   45.000012332.9326   13.3603
    0.0000  -15.0000   45.000012729.2949   13.3062
    7.5000  -15.0000   45.000012043.3047   13.3228
   -7.5000   -7.5000   45.000012849.3564   13.3658
    0.0000   -7.5000   45.000013250.5820   13.3185
    7.5000   -7.5000   45.000012554.7119   13.3291
   -7.5000    0.0000   45.000013133.5898   13.4044
    0.0000    0.0000   45.000013540.4971   13.3591
    7.5000    0.0000   45.000012786.0645   13.3591
   -7.5000    7.5000   45.000012380.0342   13.4445
    0.0000    7.5000   45.000012733.5908   13.3936
    7.5000    7.5000   45.000012030.9180   13.3871
   -7.5000   15.0000   45.000011442.5801   13.4475
    0.0000   15.0000   45.000011803.4307   13.3899
    7.5000   15.0000   45.000011135.9023   13.3865
   -7.5000   22.5000   45.000010521.8643   13.3955
    0.0000   22.5000   45.000010884.6738   13.3369
    7.5000   22.5000   45.000010248.7314   13.3459
   -7.5000   30.0000   45.0000 9597.1025   13.1863
    0.0000   30.0000   45.0000 9929.5420   13.1330
    7.5000   30.0000   45.0000 9347.3945   13.1493
   -7.5000   37.5000   45.0000 8990.3076   13.2342
    0.0000   37.5000   45.0000 9287.5967   13.1864
    7.5000   37.5000   45.0000 8766.5752   13.1971
   -7.5000   45.0000   45.0000 8032.0430   13.1100
    0.0000   45.0000   45.0000 8303.6045   13.0633
    7.5000   45.0000   45.0000 7850.5601   13.0634

---------------------------------------------------------------------
imgreg_4dfp /opt/freesurfer/average/711-2C_as_mni_average_305 /opt/freesurfer/average/711-2B_as_mni_average_305_mask talsrcimg_g11 none talsrcimg_to_711-2C_as_mni_average_305_t4 4355
---------------------------------------------------------------------

freesurfer imgreg_4dfp.c
/opt/freesurfer/average/711-2C_as_mni_average_305.4dfp.img
       256       256       256         1
  1.000000  1.000000  1.000000
orientation T byte_order littleendian
Reading image: /opt/freesurfer/average/711-2C_as_mni_average_305.4dfp.img
dimensions:      256       256       256
mmppix:       1.0000   -1.0000   -1.0000
center:     128.0000 -129.0000 -129.0000
/opt/freesurfer/average/711-2B_as_mni_average_305_mask.4dfp.img
       256       256       256         1
  1.000000  1.000000  1.000000
orientation T byte_order littleendian
Reading mask: /opt/freesurfer/average/711-2B_as_mni_average_305_mask.4dfp.img (2306576 pixels)
talsrcimg_g11.4dfp.img
       256       256       256         1
  1.000000  1.000000  1.000000
orientation T byte_order littleendian
Reading image: talsrcimg_g11.4dfp.img
dimensions:      256       256       256
mmppix:       1.0000   -1.0000   -1.0000
center:     128.0000 -129.0000 -129.0000
rotation matrix determinant  1.000000
image alignment mode   4355 decimal     1103 hex
   -7.5000  -45.0000  -45.0000 2079.4429   13.6697
    0.0000  -45.0000  -45.0000 2075.4939   13.7141
    7.5000  -45.0000  -45.0000 2054.3704   14.0083
   -7.5000  -37.5000  -45.0000 2126.1978   13.0875
    0.0000  -37.5000  -45.0000 2122.8376   13.1353
    7.5000  -37.5000  -45.0000 2095.5613   13.4168
   -7.5000  -30.0000  -45.0000 2155.5496   12.6011
    0.0000  -30.0000  -45.0000 2148.2832   12.6707
    7.5000  -30.0000  -45.0000 2117.5969   12.9091
   -7.5000  -22.5000  -45.0000 2169.4055   12.3327
    0.0000  -22.5000  -45.0000 2162.8157   12.3713
    7.5000  -22.5000  -45.0000 2135.6670   12.6551
   -7.5000  -15.0000  -45.0000 2169.4753   12.2763
    0.0000  -15.0000  -45.0000 2162.6936   12.3182
    7.5000  -15.0000  -45.0000 2134.2273   12.6111
   -7.5000   -7.5000  -45.0000 2159.1775   12.4301
    0.0000   -7.5000  -45.0000 2152.7571   12.4715
    7.5000   -7.5000  -45.0000 2124.1277   12.7809
   -7.5000    0.0000  -45.0000 2132.1848   12.8498
    0.0000    0.0000  -45.0000 2123.3706   12.8779
    7.5000    0.0000  -45.0000 2095.5500   13.1866
   -7.5000    7.5000  -45.0000 2089.8162   13.4266
    0.0000    7.5000  -45.0000 2081.8423   13.4908
    7.5000    7.5000  -45.0000 2054.7273   13.7851
   -7.5000   15.0000  -45.0000 2032.4839   14.2125
    0.0000   15.0000  -45.0000 2023.7141   14.2770
    7.5000   15.0000  -45.0000 1992.4263   14.5999
   -7.5000   22.5000  -45.0000 1965.6979   15.2683
    0.0000   22.5000  -45.0000 1955.0999   15.3131
    7.5000   22.5000  -45.0000 1921.5232   15.6853
   -7.5000   30.0000  -45.0000 1873.3971   16.6810
    0.0000   30.0000  -45.0000 1862.1321   16.7676
    7.5000   30.0000  -45.0000 1834.6102   17.1708
   -7.5000   37.5000  -45.0000 1769.6233   18.7497
    0.0000   37.5000  -45.0000 1759.0414   18.8142
    7.5000   37.5000  -45.0000 1732.5267   19.2574
   -7.5000   45.0000  -45.0000 1658.9598   21.6712
    0.0000   45.0000  -45.0000 1647.4061   21.7031
    7.5000   45.0000  -45.0000 1621.9636   22.1464
   -7.5000  -45.0000  -37.5000 2194.6755   12.5656
    0.0000  -45.0000  -37.5000 2185.3838   12.5989
    7.5000  -45.0000  -37.5000 2157.2502   12.8356
   -7.5000  -37.5000  -37.5000 2238.6719   12.0213
    0.0000  -37.5000  -37.5000 2235.6597   12.0501
    7.5000  -37.5000  -37.5000 2208.1338   12.2932
   -7.5000  -30.0000  -37.5000 2256.3181   11.6378
    0.0000  -30.0000  -37.5000 2253.6509   11.6712
    7.5000  -30.0000  -37.5000 2226.3550   11.9076
   -7.5000  -22.5000  -37.5000 2264.8406   11.4204
    0.0000  -22.5000  -37.5000 2260.1521   11.4495
    7.5000  -22.5000  -37.5000 2235.2864   11.6970
   -7.5000  -15.0000  -37.5000 2268.3018   11.3155
    0.0000  -15.0000  -37.5000 2262.2422   11.3404
    7.5000  -15.0000  -37.5000 2232.4224   11.5847
   -7.5000   -7.5000  -37.5000 2270.4329   11.3743
    0.0000   -7.5000  -37.5000 2258.7830   11.4003
    7.5000   -7.5000  -37.5000 2227.5439   11.6573
   -7.5000    0.0000  -37.5000 2251.5249   11.6976
    0.0000    0.0000  -37.5000 2234.1384   11.7289
    7.5000    0.0000  -37.5000 2203.8408   12.0101
   -7.5000    7.5000  -37.5000 2207.4087   12.2316
    0.0000    7.5000  -37.5000 2194.1208   12.2685
    7.5000    7.5000  -37.5000 2163.2175   12.5586
   -7.5000   15.0000  -37.5000 2143.5837   12.9870
    0.0000   15.0000  -37.5000 2133.3433   13.0343
    7.5000   15.0000  -37.5000 2094.7366   13.3111
   -7.5000   22.5000  -37.5000 2066.2925   13.9513
    0.0000   22.5000  -37.5000 2058.3975   13.9953
    7.5000   22.5000  -37.5000 2021.4547   14.3139
   -7.5000   30.0000  -37.5000 1972.0784   15.2003
    0.0000   30.0000  -37.5000 1962.6582   15.2971
    7.5000   30.0000  -37.5000 1929.5999   15.6799
   -7.5000   37.5000  -37.5000 1868.8438   17.0955
    0.0000   37.5000  -37.5000 1850.3934   17.1621
    7.5000   37.5000  -37.5000 1819.5725   17.5291
   -7.5000   45.0000  -37.5000 1740.5781   19.6864
    0.0000   45.0000  -37.5000 1725.2213   19.7139
    7.5000   45.0000  -37.5000 1703.3085   20.0369
   -7.5000  -45.0000  -30.0000 2346.5610   11.9614
    0.0000  -45.0000  -30.0000 2334.0894   11.9680
    7.5000  -45.0000  -30.0000 2297.9751   12.1739
   -7.5000  -37.5000  -30.0000 2393.4773   11.4479
    0.0000  -37.5000  -30.0000 2382.7708   11.4496
    7.5000  -37.5000  -30.0000 2348.0967   11.6656
   -7.5000  -30.0000  -30.0000 2408.0867   11.1356
    0.0000  -30.0000  -30.0000 2396.7297   11.1456
    7.5000  -30.0000  -30.0000 2364.3660   11.3712
   -7.5000  -22.5000  -30.0000 2414.5508   10.9182
    0.0000  -22.5000  -30.0000 2402.1145   10.9359
    7.5000  -22.5000  -30.0000 2367.0090   11.1467
   -7.5000  -15.0000  -30.0000 2419.4900   10.7996
    0.0000  -15.0000  -30.0000 2405.3484   10.7904
    7.5000  -15.0000  -30.0000 2371.7207   11.0044
   -7.5000   -7.5000  -30.0000 2420.3325   10.8098
    0.0000   -7.5000  -30.0000 2405.8542   10.8038
    7.5000   -7.5000  -30.0000 2369.5745   11.0737
   -7.5000    0.0000  -30.0000 2399.7422   11.0707
    0.0000    0.0000  -30.0000 2379.5513   11.0914
    7.5000    0.0000  -30.0000 2347.6875   11.3828
   -7.5000    7.5000  -30.0000 2360.4900   11.5899
    0.0000    7.5000  -30.0000 2342.7356   11.5946
    7.5000    7.5000  -30.0000 2299.8809   11.8869
   -7.5000   15.0000  -30.0000 2288.7749   12.3245
    0.0000   15.0000  -30.0000 2273.2422   12.3303
    7.5000   15.0000  -30.0000 2228.2036   12.6279
   -7.5000   22.5000  -30.0000 2204.9583   13.2544
    0.0000   22.5000  -30.0000 2194.1667   13.2617
    7.5000   22.5000  -30.0000 2149.7878   13.5812
   -7.5000   30.0000  -30.0000 2107.4351   14.4638
    0.0000   30.0000  -30.0000 2092.7793   14.4926
    7.5000   30.0000  -30.0000 2052.2029   14.8427
   -7.5000   37.5000  -30.0000 1995.0011   16.2020
    0.0000   37.5000  -30.0000 1976.9713   16.2008
    7.5000   37.5000  -30.0000 1938.4094   16.5492
   -7.5000   45.0000  -30.0000 1858.0764   18.5582
    0.0000   45.0000  -30.0000 1837.7458   18.5389
    7.5000   45.0000  -30.0000 1811.2867   18.8636
   -7.5000  -45.0000  -22.5000 2456.3789   11.3486
    0.0000  -45.0000  -22.5000 2437.9612   11.3422
    7.5000  -45.0000  -22.5000 2402.4094   11.5413
   -7.5000  -37.5000  -22.5000 2507.0891   10.7985
    0.0000  -37.5000  -22.5000 2492.1768   10.7956
    7.5000  -37.5000  -22.5000 2453.0664   10.9938
   -7.5000  -30.0000  -22.5000 2523.7041   10.4963
    0.0000  -30.0000  -22.5000 2513.6538   10.4681
    7.5000  -30.0000  -22.5000 2477.8953   10.6834
   -7.5000  -22.5000  -22.5000 2543.8706   10.2718
    0.0000  -22.5000  -22.5000 2531.1160   10.2519
    7.5000  -22.5000  -22.5000 2492.2173   10.4632
   -7.5000  -15.0000  -22.5000 2548.0520   10.1667
    0.0000  -15.0000  -22.5000 2534.5664   10.1352
    7.5000  -15.0000  -22.5000 2500.8831   10.3625
   -7.5000   -7.5000  -22.5000 2550.9468   10.1846
    0.0000   -7.5000  -22.5000 2534.3757   10.1608
    7.5000   -7.5000  -22.5000 2494.3706   10.4022
   -7.5000    0.0000  -22.5000 2528.3230   10.4171
    0.0000    0.0000  -22.5000 2506.5183   10.4147
    7.5000    0.0000  -22.5000 2465.6897   10.6827
   -7.5000    7.5000  -22.5000 2487.7878   10.8962
    0.0000    7.5000  -22.5000 2468.0977   10.8789
    7.5000    7.5000  -22.5000 2420.2615   11.1474
   -7.5000   15.0000  -22.5000 2416.8684   11.5773
    0.0000   15.0000  -22.5000 2397.4104   11.5550
    7.5000   15.0000  -22.5000 2345.8240   11.8317
   -7.5000   22.5000  -22.5000 2329.1345   12.4341
    0.0000   22.5000  -22.5000 2314.2417   12.4267
    7.5000   22.5000  -22.5000 2259.1440   12.6986
   -7.5000   30.0000  -22.5000 2214.7468   13.5700
    0.0000   30.0000  -22.5000 2202.4392   13.5949
    7.5000   30.0000  -22.5000 2153.9612   13.8787
   -7.5000   37.5000  -22.5000 2087.5789   15.1846
    0.0000   37.5000  -22.5000 2073.3201   15.1965
    7.5000   37.5000  -22.5000 2032.3629   15.4579
   -7.5000   45.0000  -22.5000 1951.1953   17.3191
    0.0000   45.0000  -22.5000 1940.8832   17.3596
    7.5000   45.0000  -22.5000 1894.4089   17.6277
   -7.5000  -45.0000  -15.0000 2515.0847   10.7838
    0.0000  -45.0000  -15.0000 2500.5054   10.7822
    7.5000  -45.0000  -15.0000 2465.4219   11.0082
   -7.5000  -37.5000  -15.0000 2575.3142   10.2135
    0.0000  -37.5000  -15.0000 2564.7710   10.1873
    7.5000  -37.5000  -15.0000 2528.9868   10.3857
   -7.5000  -30.0000  -15.0000 2610.0815    9.8430
    0.0000  -30.0000  -15.0000 2601.0818    9.7954
    7.5000  -30.0000  -15.0000 2570.3164   10.0044
   -7.5000  -22.5000  -15.0000 2639.8257    9.6008
    0.0000  -22.5000  -15.0000 2627.6733    9.5610
    7.5000  -22.5000  -15.0000 2590.7756    9.7782
   -7.5000  -15.0000  -15.0000 2660.8340    9.5129
    0.0000  -15.0000  -15.0000 2644.7009    9.4666
    7.5000  -15.0000  -15.0000 2600.2244    9.6569
   -7.5000   -7.5000  -15.0000 2666.6477    9.5430
    0.0000   -7.5000  -15.0000 2648.2402    9.5072
    7.5000   -7.5000  -15.0000 2599.2109    9.7108
   -7.5000    0.0000  -15.0000 2642.5637    9.7923
    0.0000    0.0000  -15.0000 2621.5310    9.7751
    7.5000    0.0000  -15.0000 2570.0896    9.9841
   -7.5000    7.5000  -15.0000 2594.3506   10.2234
    0.0000    7.5000  -15.0000 2576.2888   10.1951
    7.5000    7.5000  -15.0000 2521.9797   10.4379
   -7.5000   15.0000  -15.0000 2518.8506   10.8354
    0.0000   15.0000  -15.0000 2500.1350   10.8068
    7.5000   15.0000  -15.0000 2444.7949   11.0737
   -7.5000   22.5000  -15.0000 2421.1926   11.6402
    0.0000   22.5000  -15.0000 2410.6841   11.6080
    7.5000   22.5000  -15.0000 2356.3645   11.8727
   -7.5000   30.0000  -15.0000 2298.7844   12.7147
    0.0000   30.0000  -15.0000 2291.1926   12.6824
    7.5000   30.0000  -15.0000 2247.0151   12.9807
   -7.5000   37.5000  -15.0000 2160.4685   14.2197
    0.0000   37.5000  -15.0000 2150.3906   14.2122
    7.5000   37.5000  -15.0000 2113.5718   14.4961
   -7.5000   45.0000  -15.0000 2011.8628   16.1866
    0.0000   45.0000  -15.0000 2002.7123   16.2001
    7.5000   45.0000  -15.0000 1962.7745   16.5388
   -7.5000  -45.0000   -7.5000 2552.3687   10.3037
    0.0000  -45.0000   -7.5000 2545.3699   10.2976
    7.5000  -45.0000   -7.5000 2510.5415   10.5480
   -7.5000  -37.5000   -7.5000 2619.8052    9.6962
    0.0000  -37.5000   -7.5000 2612.4441    9.6789
    7.5000  -37.5000   -7.5000 2579.4844    9.9080
   -7.5000  -30.0000   -7.5000 2677.6050    9.2659
    0.0000  -30.0000   -7.5000 2674.3127    9.2323
    7.5000  -30.0000   -7.5000 2636.8560    9.4446
   -7.5000  -22.5000   -7.5000 2722.3738    8.9638
    0.0000  -22.5000   -7.5000 2713.5984    8.9329
    7.5000  -22.5000   -7.5000 2670.1301    9.1377
   -7.5000  -15.0000   -7.5000 2752.4353    8.8427
    0.0000  -15.0000   -7.5000 2736.3018    8.8055
    7.5000  -15.0000   -7.5000 2687.7659    9.0032
   -7.5000   -7.5000   -7.5000 2764.8801    8.9115
    0.0000   -7.5000   -7.5000 2742.7900    8.8887
    7.5000   -7.5000   -7.5000 2688.8687    9.0898
   -7.5000    0.0000   -7.5000 2746.6560    9.1846
    0.0000    0.0000   -7.5000 2729.2810    9.1605
    7.5000    0.0000   -7.5000 2665.0823    9.3573
   -7.5000    7.5000   -7.5000 2690.8335    9.5688
    0.0000    7.5000   -7.5000 2676.6709    9.5493
    7.5000    7.5000   -7.5000 2614.4937    9.7847
   -7.5000   15.0000   -7.5000 2603.9766   10.1451
    0.0000   15.0000   -7.5000 2589.2390   10.1123
    7.5000   15.0000   -7.5000 2534.6772   10.3804
   -7.5000   22.5000   -7.5000 2496.2056   10.9353
    0.0000   22.5000   -7.5000 2486.4775   10.8699
    7.5000   22.5000   -7.5000 2438.5461   11.1578
   -7.5000   30.0000   -7.5000 2366.6599   11.9739
    0.0000   30.0000   -7.5000 2361.8108   11.8826
    7.5000   30.0000   -7.5000 2320.8167   12.2087
   -7.5000   37.5000   -7.5000 2225.7043   13.3817
    0.0000   37.5000   -7.5000 2214.3562   13.3355
    7.5000   37.5000   -7.5000 2177.4578   13.6592
   -7.5000   45.0000   -7.5000 2068.6997   15.2473
    0.0000   45.0000   -7.5000 2052.3760   15.2154
    7.5000   45.0000   -7.5000 2018.4296   15.5890
   -7.5000  -45.0000    0.0000 2578.7637    9.9339
    0.0000  -45.0000    0.0000 2571.9705    9.9333
    7.5000  -45.0000    0.0000 2538.6221   10.1891
   -7.5000  -37.5000    0.0000 2665.3940    9.3289
    0.0000  -37.5000    0.0000 2656.3079    9.3094
    7.5000  -37.5000    0.0000 2619.6836    9.5468
   -7.5000  -30.0000    0.0000 2735.5859    8.8427
    0.0000  -30.0000    0.0000 2727.4932    8.8210
    7.5000  -30.0000    0.0000 2683.5090    9.0497
   -7.5000  -22.5000    0.0000 2796.2817    8.4820
    0.0000  -22.5000    0.0000 2787.2961    8.4618
    7.5000  -22.5000    0.0000 2735.9336    8.6898
   -7.5000  -15.0000    0.0000 2835.2334    8.3070
    0.0000  -15.0000    0.0000 2818.8086    8.2863
    7.5000  -15.0000    0.0000 2758.7495    8.5448
   -7.5000   -7.5000    0.0000 2854.7617    8.3866
    0.0000   -7.5000    0.0000 2830.2417    8.3774
    7.5000   -7.5000    0.0000 2765.4722    8.6333
   -7.5000    0.0000    0.0000 2831.6792    8.6804
    0.0000    0.0000    0.0000 2814.5381    8.6490
    7.5000    0.0000    0.0000 2743.6230    8.8996
   -7.5000    7.5000    0.0000 2769.0100    9.0691
    0.0000    7.5000    0.0000 2755.0461    9.0395
    7.5000    7.5000    0.0000 2691.0845    9.3092
   -7.5000   15.0000    0.0000 2671.0996    9.6116
    0.0000   15.0000    0.0000 2660.3704    9.5883
    7.5000   15.0000    0.0000 2603.5576    9.8945
   -7.5000   22.5000    0.0000 2559.8867   10.3864
    0.0000   22.5000    0.0000 2553.5654   10.3433
    7.5000   22.5000    0.0000 2497.6313   10.6588
   -7.5000   30.0000    0.0000 2426.0527   11.3940
    0.0000   30.0000    0.0000 2420.6335   11.3539
    7.5000   30.0000    0.0000 2368.0366   11.6924
   -7.5000   37.5000    0.0000 2277.1833   12.7436
    0.0000   37.5000    0.0000 2269.1401   12.7177
    7.5000   37.5000    0.0000 2221.6670   13.0778
   -7.5000   45.0000    0.0000 2111.0347   14.5327
    0.0000   45.0000    0.0000 2098.8018   14.5340
    7.5000   45.0000    0.0000 2061.9443   14.8990
   -7.5000  -45.0000    7.5000 2592.3191    9.6945
    0.0000  -45.0000    7.5000 2582.8906    9.6948
    7.5000  -45.0000    7.5000 2538.6746    9.9839
   -7.5000  -37.5000    7.5000 2694.0908    9.0300
    0.0000  -37.5000    7.5000 2682.9717    9.0197
    7.5000  -37.5000    7.5000 2638.0681    9.2853
   -7.5000  -30.0000    7.5000 2779.5757    8.5542
    0.0000  -30.0000    7.5000 2767.9460    8.5424
    7.5000  -30.0000    7.5000 2712.5127    8.7872
   -7.5000  -22.5000    7.5000 2855.9939    8.2025
    0.0000  -22.5000    7.5000 2843.3574    8.1792
    7.5000  -22.5000    7.5000 2780.8562    8.4085
   -7.5000  -15.0000    7.5000 2912.8948    7.9802
    0.0000  -15.0000    7.5000 2892.5117    7.9733
    7.5000  -15.0000    7.5000 2819.5540    8.2653
   -7.5000   -7.5000    7.5000 2938.9626    8.0274
    0.0000   -7.5000    7.5000 2909.7131    8.0329
    7.5000   -7.5000    7.5000 2827.9517    8.3677
   -7.5000    0.0000    7.5000 2902.0696    8.3164
    0.0000    0.0000    7.5000 2883.0601    8.3070
    7.5000    0.0000    7.5000 2799.1418    8.6205
   -7.5000    7.5000    7.5000 2830.2971    8.7039
    0.0000    7.5000    7.5000 2817.7881    8.7071
    7.5000    7.5000    7.5000 2742.3333    9.0144
   -7.5000   15.0000    7.5000 2729.3857    9.2263
    0.0000   15.0000    7.5000 2720.1309    9.2511
    7.5000   15.0000    7.5000 2653.6072    9.5562
   -7.5000   22.5000    7.5000 2607.4753    9.9974
    0.0000   22.5000    7.5000 2600.0796   10.0274
    7.5000   22.5000    7.5000 2542.0496   10.3388
   -7.5000   30.0000    7.5000 2467.3342   11.0322
    0.0000   30.0000    7.5000 2457.7476   11.0410
    7.5000   30.0000    7.5000 2407.7356   11.3739
   -7.5000   37.5000    7.5000 2318.0750   12.3466
    0.0000   37.5000    7.5000 2305.9370   12.3503
    7.5000   37.5000    7.5000 2259.7676   12.7311
   -7.5000   45.0000    7.5000 2147.9238   14.0513
    0.0000   45.0000    7.5000 2133.2368   14.1021
    7.5000   45.0000    7.5000 2091.9229   14.4766
   -7.5000  -45.0000   15.0000 2585.8145    9.5677
    0.0000  -45.0000   15.0000 2574.2639    9.5471
    7.5000  -45.0000   15.0000 2528.8013    9.9195
   -7.5000  -37.5000   15.0000 2689.8979    8.8637
    0.0000  -37.5000   15.0000 2676.1218    8.8375
    7.5000  -37.5000   15.0000 2627.4722    9.1756
   -7.5000  -30.0000   15.0000 2796.4641    8.3870
    0.0000  -30.0000   15.0000 2782.2888    8.3650
    7.5000  -30.0000   15.0000 2722.5930    8.6647
   -7.5000  -22.5000   15.0000 2889.4565    8.0871
    0.0000  -22.5000   15.0000 2878.9946    8.0538
    7.5000  -22.5000   15.0000 2804.7334    8.3198
   -7.5000  -15.0000   15.0000 2965.8118    7.9010
    0.0000  -15.0000   15.0000 2948.8557    7.9232
    7.5000  -15.0000   15.0000 2858.9736    8.2119
   -7.5000   -7.5000   15.0000 2997.5959    7.9070
    0.0000   -7.5000   15.0000 2970.9741    7.9425
    7.5000   -7.5000   15.0000 2868.7051    8.2576
   -7.5000    0.0000   15.0000 2954.5403    8.1019
    0.0000    0.0000   15.0000 2924.6008    8.1419
    7.5000    0.0000   15.0000 2831.3147    8.4730
   -7.5000    7.5000   15.0000 2859.9734    8.5026
    0.0000    7.5000   15.0000 2839.1182    8.5210
    7.5000    7.5000   15.0000 2766.7783    8.8385
   -7.5000   15.0000   15.0000 2751.2424    9.0627
    0.0000   15.0000   15.0000 2739.8313    9.0592
    7.5000   15.0000   15.0000 2677.0142    9.3793
   -7.5000   22.5000   15.0000 2624.6067    9.8497
    0.0000   22.5000   15.0000 2616.5322    9.8263
    7.5000   22.5000   15.0000 2561.3845   10.1476
   -7.5000   30.0000   15.0000 2485.7744   10.8645
    0.0000   30.0000   15.0000 2476.7749   10.8394
    7.5000   30.0000   15.0000 2427.4031   11.1678
   -7.5000   37.5000   15.0000 2326.7749   12.1712
    0.0000   37.5000   15.0000 2316.2290   12.1658
    7.5000   37.5000   15.0000 2273.1904   12.4950
   -7.5000   45.0000   15.0000 2158.0459   13.8748
    0.0000   45.0000   15.0000 2146.1077   13.8830
    7.5000   45.0000   15.0000 2104.6362   14.2581
   -7.5000  -45.0000   22.5000 2566.9844    9.5447
    0.0000  -45.0000   22.5000 2560.7227    9.5583
    7.5000  -45.0000   22.5000 2519.5598    9.9971
   -7.5000  -37.5000   22.5000 2667.9612    8.8409
    0.0000  -37.5000   22.5000 2661.5088    8.8480
    7.5000  -37.5000   22.5000 2616.2532    9.2313
   -7.5000  -30.0000   22.5000 2779.9326    8.3686
    0.0000  -30.0000   22.5000 2769.7480    8.3582
    7.5000  -30.0000   22.5000 2710.9875    8.6674
   -7.5000  -22.5000   22.5000 2886.6687    8.1438
    0.0000  -22.5000   22.5000 2872.7393    8.1042
    7.5000  -22.5000   22.5000 2797.6577    8.3572
   -7.5000  -15.0000   22.5000 2977.7292    8.0390
    0.0000  -15.0000   22.5000 2956.2051    8.0106
    7.5000  -15.0000   22.5000 2861.0640    8.2466
   -7.5000   -7.5000   22.5000 3008.0530    8.0329
    0.0000   -7.5000   22.5000 2977.7412    8.0356
    7.5000   -7.5000   22.5000 2871.9397    8.3169
   -7.5000    0.0000   22.5000 2954.7463    8.1624
    0.0000    0.0000   22.5000 2928.2700    8.1781
    7.5000    0.0000   22.5000 2835.6790    8.4960
   -7.5000    7.5000   22.5000 2855.7639    8.5310
    0.0000    7.5000   22.5000 2841.4465    8.5284
    7.5000    7.5000   22.5000 2768.7983    8.8445
   -7.5000   15.0000   22.5000 2742.7996    9.0752
    0.0000   15.0000   22.5000 2733.7532    9.0514
    7.5000   15.0000   22.5000 2677.7283    9.3771
   -7.5000   22.5000   22.5000 2613.5415    9.8318
    0.0000   22.5000   22.5000 2606.8335    9.8131
    7.5000   22.5000   22.5000 2563.7524   10.1125
   -7.5000   30.0000   22.5000 2477.9231   10.8314
    0.0000   30.0000   22.5000 2468.6484   10.8128
    7.5000   30.0000   22.5000 2427.3281   11.1153
   -7.5000   37.5000   22.5000 2324.1428   12.1324
    0.0000   37.5000   22.5000 2312.9485   12.1260
    7.5000   37.5000   22.5000 2273.6404   12.4571
   -7.5000   45.0000   22.5000 2150.9031   13.8232
    0.0000   45.0000   22.5000 2138.8049   13.7978
    7.5000   45.0000   22.5000 2102.0381   14.1642
   -7.5000  -45.0000   30.0000 2540.7729    9.7778
    0.0000  -45.0000   30.0000 2535.9626    9.7958
    7.5000  -45.0000   30.0000 2498.5266   10.2189
   -7.5000  -37.5000   30.0000 2639.1079    9.0949
    0.0000  -37.5000   30.0000 2630.9497    9.0911
    7.5000  -37.5000   30.0000 2590.6094    9.4530
   -7.5000  -30.0000   30.0000 2743.6018    8.5877
    0.0000  -30.0000   30.0000 2733.4343    8.5563
    7.5000  -30.0000   30.0000 2679.8257    8.8541
   -7.5000  -22.5000   30.0000 2837.7698    8.3218
    0.0000  -22.5000   30.0000 2826.1917    8.2956
    7.5000  -22.5000   30.0000 2761.4492    8.5359
   -7.5000  -15.0000   30.0000 2921.3455    8.1638
    0.0000  -15.0000   30.0000 2902.3015    8.1635
    7.5000  -15.0000   30.0000 2826.3923    8.4286
   -7.5000   -7.5000   30.0000 2946.0024    8.2016
    0.0000   -7.5000   30.0000 2925.2395    8.1833
    7.5000   -7.5000   30.0000 2843.9751    8.5004
   -7.5000    0.0000   30.0000 2901.7036    8.4329
    0.0000    0.0000   30.0000 2884.6328    8.3987
    7.5000    0.0000   30.0000 2803.2957    8.6995
   -7.5000    7.5000   30.0000 2821.5667    8.8305
    0.0000    7.5000   30.0000 2806.5984    8.7960
    7.5000    7.5000   30.0000 2739.5015    9.0819
   -7.5000   15.0000   30.0000 2708.6135    9.3310
    0.0000   15.0000   30.0000 2698.2324    9.2996
    7.5000   15.0000   30.0000 2648.1340    9.6013
   -7.5000   22.5000   30.0000 2581.9126   10.0248
    0.0000   22.5000   30.0000 2576.4600    9.9796
    7.5000   22.5000   30.0000 2536.1870   10.2869
   -7.5000   30.0000   30.0000 2449.1946   10.9501
    0.0000   30.0000   30.0000 2442.6133   10.8916
    7.5000   30.0000   30.0000 2403.6741   11.2185
   -7.5000   37.5000   30.0000 2294.9229   12.1780
    0.0000   37.5000   30.0000 2290.0950   12.1433
    7.5000   37.5000   30.0000 2251.6731   12.4762
   -7.5000   45.0000   30.0000 2121.4155   13.8297
    0.0000   45.0000   30.0000 2114.1348   13.8120
    7.5000   45.0000   30.0000 2088.1572   14.1758
   -7.5000  -45.0000   37.5000 2512.0728   10.1738
    0.0000  -45.0000   37.5000 2501.1418   10.1997
    7.5000  -45.0000   37.5000 2466.7786   10.6152
   -7.5000  -37.5000   37.5000 2605.0554    9.4364
    0.0000  -37.5000   37.5000 2596.1055    9.4165
    7.5000  -37.5000   37.5000 2554.6990    9.7937
   -7.5000  -30.0000   37.5000 2699.9443    8.9074
    0.0000  -30.0000   37.5000 2689.8650    8.8866
    7.5000  -30.0000   37.5000 2639.5242    9.2185
   -7.5000  -22.5000   37.5000 2780.9180    8.5955
    0.0000  -22.5000   37.5000 2770.5129    8.5871
    7.5000  -22.5000   37.5000 2710.2109    8.8812
   -7.5000  -15.0000   37.5000 2841.0732    8.4198
    0.0000  -15.0000   37.5000 2826.5923    8.4211
    7.5000  -15.0000   37.5000 2760.0059    8.7638
   -7.5000   -7.5000   37.5000 2855.5312    8.5077
    0.0000   -7.5000   37.5000 2838.2170    8.4999
    7.5000   -7.5000   37.5000 2777.1482    8.8228
   -7.5000    0.0000   37.5000 2820.5312    8.7764
    0.0000    0.0000   37.5000 2809.1924    8.7483
    7.5000    0.0000   37.5000 2744.9998    9.0394
   -7.5000    7.5000   37.5000 2758.2346    9.1759
    0.0000    7.5000   37.5000 2742.8340    9.1424
    7.5000    7.5000   37.5000 2683.0725    9.4168
   -7.5000   15.0000   37.5000 2654.3225    9.6961
    0.0000   15.0000   37.5000 2647.1213    9.6654
    7.5000   15.0000   37.5000 2597.7964    9.9474
   -7.5000   22.5000   37.5000 2536.0225   10.3668
    0.0000   22.5000   37.5000 2528.5498   10.3243
    7.5000   22.5000   37.5000 2486.5669   10.6408
   -7.5000   30.0000   37.5000 2405.3525   11.2557
    0.0000   30.0000   37.5000 2398.9944   11.1893
    7.5000   30.0000   37.5000 2359.5281   11.5196
   -7.5000   37.5000   37.5000 2251.2207   12.4417
    0.0000   37.5000   37.5000 2246.4971   12.3902
    7.5000   37.5000   37.5000 2214.3657   12.7384
   -7.5000   45.0000   37.5000 2084.8145   14.0577
    0.0000   45.0000   37.5000 2082.5764   14.0142
    7.5000   45.0000   37.5000 2057.3191   14.4185
   -7.5000  -45.0000   45.0000 2463.5845   10.6944
    0.0000  -45.0000   45.0000 2451.3171   10.7334
    7.5000  -45.0000   45.0000 2414.3213   11.1691
   -7.5000  -37.5000   45.0000 2558.7686    9.9099
    0.0000  -37.5000   45.0000 2549.4275    9.9113
    7.5000  -37.5000   45.0000 2503.8914   10.2988
   -7.5000  -30.0000   45.0000 2640.5950    9.3360
    0.0000  -30.0000   45.0000 2633.0103    9.3294
    7.5000  -30.0000   45.0000 2580.1848    9.6976
   -7.5000  -22.5000   45.0000 2707.4348    9.0119
    0.0000  -22.5000   45.0000 2701.5122    9.0108
    7.5000  -22.5000   45.0000 2640.8386    9.3687
   -7.5000  -15.0000   45.0000 2750.3313    8.8792
    0.0000  -15.0000   45.0000 2740.7393    8.8808
    7.5000  -15.0000   45.0000 2679.4575    9.2334
   -7.5000   -7.5000   45.0000 2752.6492    9.0013
    0.0000   -7.5000   45.0000 2742.9426    8.9920
    7.5000   -7.5000   45.0000 2693.3870    9.3201
   -7.5000    0.0000   45.0000 2719.0959    9.2743
    0.0000    0.0000   45.0000 2710.6638    9.2405
    7.5000    0.0000   45.0000 2657.0872    9.5365
   -7.5000    7.5000   45.0000 2666.5635    9.6619
    0.0000    7.5000   45.0000 2651.2520    9.6325
    7.5000    7.5000   45.0000 2606.1221    9.9188
   -7.5000   15.0000   45.0000 2578.5137   10.1549
    0.0000   15.0000   45.0000 2567.4688   10.1276
    7.5000   15.0000   45.0000 2524.7317   10.4381
   -7.5000   22.5000   45.0000 2471.5190   10.8243
    0.0000   22.5000   45.0000 2468.6318   10.7891
    7.5000   22.5000   45.0000 2425.6804   11.0923
   -7.5000   30.0000   45.0000 2343.4177   11.7179
    0.0000   30.0000   45.0000 2341.5881   11.6751
    7.5000   30.0000   45.0000 2304.0916   11.9688
   -7.5000   37.5000   45.0000 2196.6533   12.9131
    0.0000   37.5000   45.0000 2189.8518   12.8850
    7.5000   37.5000   45.0000 2162.7998   13.1918
   -7.5000   45.0000   45.0000 2038.3927   14.5014
    0.0000   45.0000   45.0000 2034.1572   14.4918
    7.5000   45.0000   45.0000 2009.7205   14.8391

---------------------------------------------------------------------
imgreg_4dfp /opt/freesurfer/average/711-2C_as_mni_average_305 /opt/freesurfer/average/711-2B_as_mni_average_305_mask talsrcimg_g11 none talsrcimg_to_711-2C_as_mni_average_305_t4 1283
---------------------------------------------------------------------

freesurfer imgreg_4dfp.c
/opt/freesurfer/average/711-2C_as_mni_average_305.4dfp.img
       256       256       256         1
  1.000000  1.000000  1.000000
orientation T byte_order littleendian
Reading image: /opt/freesurfer/average/711-2C_as_mni_average_305.4dfp.img
dimensions:      256       256       256
mmppix:       1.0000   -1.0000   -1.0000
center:     128.0000 -129.0000 -129.0000
/opt/freesurfer/average/711-2B_as_mni_average_305_mask.4dfp.img
       256       256       256         1
  1.000000  1.000000  1.000000
orientation T byte_order littleendian
Reading mask: /opt/freesurfer/average/711-2B_as_mni_average_305_mask.4dfp.img (2306576 pixels)
talsrcimg_g11.4dfp.img
       256       256       256         1
  1.000000  1.000000  1.000000
orientation T byte_order littleendian
Reading image: talsrcimg_g11.4dfp.img
dimensions:      256       256       256
mmppix:       1.0000   -1.0000   -1.0000
center:     128.0000 -129.0000 -129.0000
rotation matrix determinant  1.000000
fimgreg.f
image alignment mode   1283 decimal      503 hex
parameters
   -7.5000   -7.5000   22.5000    0.0000    0.0000    0.0000
eta,q 0.94407  8.03746
niter,ni,del,rscale     5    3   12.0000    1.2000
parameter  4  2.700661 ->  0.500000 qaram    1.1500
parameters
   -5.0624   -8.3345   19.9351   -3.4500    0.9674    0.7950
eta,q 0.95096  7.95651
  0.0801  0.0627  0.0580  0.0468  0.0617  0.0543
  0.0709  0.0597  0.0555  0.0491  0.0563  0.0514
  0.0642  0.0569  0.0542  0.0519  0.0520  0.0501
  0.0584  0.0555  0.0559  0.0546  0.0498  0.0493
  0.0553  0.0566  0.0608  0.0576  0.0495  0.0489
  0.0566  0.0622  0.0666  0.0615  0.0518  0.0496
  0.0614  0.0708  0.0728  0.0657  0.0563  0.0524
niter,ni,del,rscale     5    3   12.0000    1.2000
parameter  4  1.697864 ->  0.500000 qaram    1.3225
parameters
   -5.2718   -7.4612   18.7678   -7.4175    1.0958    0.7416
eta,q 0.95693  7.89357
  0.0646  0.0601  0.0551  0.0416  0.0540  0.0502
  0.0566  0.0537  0.0503  0.0424  0.0486  0.0468
  0.0504  0.0502  0.0489  0.0453  0.0446  0.0441
  0.0490  0.0489  0.0488  0.0487  0.0431  0.0431
  0.0529  0.0488  0.0511  0.0523  0.0443  0.0437
  0.0587  0.0499  0.0560  0.0566  0.0481  0.0465
  0.0657  0.0551  0.0625  0.0615  0.0531  0.0509
niter,ni,del,rscale     5    3   12.0000    1.2000
parameters
   -5.4284   -6.0802   18.2691   -9.9439    1.3580    0.6238
eta,q 0.95988  7.85850
  0.0614  0.0596  0.0532  0.0462  0.0525  0.0475
  0.0525  0.0532  0.0463  0.0414  0.0462  0.0438
  0.0453  0.0472  0.0427  0.0401  0.0416  0.0412
  0.0431  0.0430  0.0424  0.0422  0.0401  0.0401
  0.0473  0.0426  0.0450  0.0460  0.0414  0.0410
  0.0542  0.0442  0.0499  0.0507  0.0452  0.0439
  0.0626  0.0505  0.0563  0.0570  0.0502  0.0484
niter,ni,del,rscale     4    3   12.0000    1.2000
parameters
   -5.5637   -5.7072   18.2274  -10.0261    1.4570    0.5886
eta,q 0.95984  7.85646
  0.0582  0.0568  0.0536  0.0512  0.0519  0.0476
  0.0493  0.0496  0.0462  0.0457  0.0457  0.0439
  0.0422  0.0428  0.0418  0.0412  0.0415  0.0413
  0.0401  0.0400  0.0402  0.0402  0.0401  0.0402
  0.0443  0.0419  0.0415  0.0424  0.0417  0.0409
  0.0508  0.0464  0.0469  0.0461  0.0456  0.0437
  0.0591  0.0536  0.0538  0.0512  0.0507  0.0481
niter,ni,del,rscale     3    3   12.0000    1.2000
parameters
   -5.5896   -5.6601   18.2270  -10.0560    1.4816    0.5799
eta,q 0.95984  7.85625
  0.0585  0.0555  0.0538  0.0512  0.0516  0.0476
  0.0496  0.0482  0.0464  0.0459  0.0455  0.0440
  0.0425  0.0419  0.0419  0.0413  0.0414  0.0413
  0.0402  0.0401  0.0402  0.0402  0.0402  0.0402
  0.0440  0.0426  0.0415  0.0423  0.0418  0.0409
  0.0501  0.0476  0.0468  0.0460  0.0458  0.0437
  0.0581  0.0549  0.0537  0.0511  0.0510  0.0480
registration optimization eta report
parameter search radius
    6.0000    6.0000    6.0000    7.9350    6.0000    6.0000
100000*second partial in parameter space
       48.       41.       38.       17.       31.       21.
  0.0585  0.0555  0.0538  0.0512  0.0516  0.0476
  0.0496  0.0482  0.0464  0.0459  0.0455  0.0440
  0.0425  0.0419  0.0419  0.0413  0.0414  0.0413
  0.0402  0.0401  0.0402  0.0402  0.0402  0.0402
  0.0440  0.0426  0.0415  0.0423  0.0418  0.0409
  0.0501  0.0476  0.0468  0.0460  0.0458  0.0437
  0.0581  0.0549  0.0537  0.0511  0.0510  0.0480
   -5.5896   -5.6601   18.2270  -10.0560    1.4816    0.5799
eta,q 0.95984  7.85625

---------------------------------------------------------------------
imgreg_4dfp /opt/freesurfer/average/711-2C_as_mni_average_305 /opt/freesurfer/average/711-2B_as_mni_average_305_mask talsrcimg_g11 none talsrcimg_to_711-2C_as_mni_average_305_t4 3335
---------------------------------------------------------------------

freesurfer imgreg_4dfp.c
/opt/freesurfer/average/711-2C_as_mni_average_305.4dfp.img
       256       256       256         1
  1.000000  1.000000  1.000000
orientation T byte_order littleendian
Reading image: /opt/freesurfer/average/711-2C_as_mni_average_305.4dfp.img
dimensions:      256       256       256
mmppix:       1.0000   -1.0000   -1.0000
center:     128.0000 -129.0000 -129.0000
/opt/freesurfer/average/711-2B_as_mni_average_305_mask.4dfp.img
       256       256       256         1
  1.000000  1.000000  1.000000
orientation T byte_order littleendian
Reading mask: /opt/freesurfer/average/711-2B_as_mni_average_305_mask.4dfp.img (2306576 pixels)
talsrcimg_g11.4dfp.img
       256       256       256         1
  1.000000  1.000000  1.000000
orientation T byte_order littleendian
Reading image: talsrcimg_g11.4dfp.img
dimensions:      256       256       256
mmppix:       1.0000   -1.0000   -1.0000
center:     128.0000 -129.0000 -129.0000
fimgreg.f
image alignment mode   3335 decimal      D07 hex
parameters
   -5.5896   -5.6601   18.2270   -0.0386   -1.5367   -1.5692
   -0.5452   -2.7225    1.0118   17.4344    2.5856  -17.4552
eta,q 0.96067  7.86488
niter,ni,del,rscale     5    3    5.0000    1.2000
parameter  4  2.208648 ->  0.500000 qaram    1.1500
parameter  5  1.128397 ->  0.500000 qaram    1.1500
parameter  6  0.579712 ->  0.500000 qaram    1.1500
parameter 12 -0.740598 -> -0.500000 qaram    1.1500
parameters
   -5.8576   -5.6373   18.0332   -4.1786   -5.6767   -5.7092
    0.6437   -1.9095    2.4844   16.4215    2.4755  -13.3152
eta,q 0.97046  7.64872
  0.0417  0.0419  0.0411  0.0323  0.0317  0.0318  0.0346  0.0381  0.0339  0.0331  0.0320  0.0341
  0.0402  0.0405  0.0400  0.0337  0.0322  0.0309  0.0328  0.0347  0.0323  0.0314  0.0311  0.0326
  0.0394  0.0396  0.0394  0.0363  0.0332  0.0308  0.0314  0.0321  0.0311  0.0305  0.0305  0.0313
  0.0393  0.0393  0.0393  0.0392  0.0344  0.0324  0.0308  0.0307  0.0305  0.0305  0.0304  0.0304
  0.0399  0.0395  0.0396  0.0424  0.0361  0.0360  0.0307  0.0308  0.0305  0.0313  0.0306  0.0297
  0.0411  0.0404  0.0405  0.0461  0.0386  0.0408  0.0314  0.0326  0.0310  0.0329  0.0312  0.0295
  0.0430  0.0419  0.0418  0.0502  0.0413  0.0455  0.0328  0.0356  0.0319  0.0349  0.0321  0.0297
niter,ni,del,rscale     7    3    5.0000    1.2000
parameters
   -5.7431   -5.5142   17.5777   -7.6933   -5.8483   -6.8825
    0.2328   -1.5842    2.8728   15.5843    2.6667  -11.3518
eta,q 0.97154  7.54079
  0.0343  0.0327  0.0310  0.0305  0.0311  0.0318  0.0313  0.0343  0.0309  0.0310  0.0298  0.0315
  0.0319  0.0310  0.0300  0.0290  0.0296  0.0304  0.0298  0.0314  0.0297  0.0296  0.0291  0.0302
  0.0302  0.0299  0.0295  0.0284  0.0288  0.0292  0.0289  0.0294  0.0290  0.0287  0.0287  0.0292
  0.0295  0.0295  0.0295  0.0294  0.0284  0.0284  0.0287  0.0287  0.0287  0.0287  0.0286  0.0286
  0.0299  0.0298  0.0301  0.0319  0.0288  0.0287  0.0292  0.0291  0.0289  0.0293  0.0287  0.0285
  0.0312  0.0307  0.0312  0.0349  0.0296  0.0313  0.0304  0.0307  0.0295  0.0306  0.0291  0.0289
  0.0336  0.0321  0.0327  0.0388  0.0315  0.0365  0.0319  0.0334  0.0305  0.0322  0.0297  0.0297
niter,ni,del,rscale     6    3    5.0000    1.2000
parameters
   -5.6610   -5.4803   17.7326   -8.1569   -5.5420   -7.0323
   -0.0121   -1.4840    2.8185   15.1864    2.8370  -10.9563
eta,q 0.97149  7.52912
  0.0331  0.0313  0.0306  0.0324  0.0314  0.0324  0.0313  0.0337  0.0305  0.0312  0.0297  0.0308
  0.0307  0.0297  0.0295  0.0308  0.0299  0.0306  0.0298  0.0310  0.0294  0.0297  0.0291  0.0297
  0.0291  0.0288  0.0288  0.0293  0.0290  0.0294  0.0288  0.0292  0.0287  0.0288  0.0287  0.0289
  0.0285  0.0285  0.0285  0.0285  0.0285  0.0285  0.0285  0.0285  0.0285  0.0285  0.0285  0.0285
  0.0289  0.0288  0.0286  0.0290  0.0287  0.0283  0.0290  0.0290  0.0288  0.0291  0.0286  0.0287
  0.0303  0.0297  0.0291  0.0311  0.0295  0.0297  0.0301  0.0307  0.0295  0.0302  0.0290  0.0293
  0.0325  0.0310  0.0302  0.0339  0.0312  0.0339  0.0317  0.0335  0.0306  0.0318  0.0296  0.0305
niter,ni,del,rscale     5    3    5.0000    1.2000
parameters
   -5.6396   -5.5444   17.7752   -8.2482   -5.4510   -7.0277
   -0.0522   -1.4700    2.7800   15.0356    2.8913  -10.8192
eta,q 0.97150  7.52819
  0.0329  0.0311  0.0305  0.0326  0.0313  0.0324  0.0315  0.0336  0.0306  0.0315  0.0297  0.0307
  0.0305  0.0296  0.0294  0.0310  0.0298  0.0306  0.0299  0.0308  0.0294  0.0299  0.0290  0.0296
  0.0290  0.0287  0.0287  0.0295  0.0289  0.0294  0.0289  0.0291  0.0287  0.0288  0.0287  0.0288
  0.0285  0.0285  0.0285  0.0285  0.0285  0.0285  0.0285  0.0285  0.0285  0.0285  0.0285  0.0285
  0.0290  0.0289  0.0287  0.0288  0.0288  0.0282  0.0289  0.0290  0.0288  0.0290  0.0286  0.0287
  0.0304  0.0299  0.0293  0.0307  0.0295  0.0295  0.0300  0.0307  0.0295  0.0301  0.0290  0.0294
  0.0327  0.0313  0.0303  0.0334  0.0313  0.0336  0.0315  0.0336  0.0306  0.0317  0.0297  0.0306
niter,ni,del,rscale     4    3    5.0000    1.2000
parameters
   -5.6370   -5.5711   17.7908   -8.2653   -5.4237   -7.0299
   -0.0531   -1.4682    2.7710   14.9766    2.9018  -10.7652
eta,q 0.97150  7.52792
  0.0328  0.0312  0.0304  0.0327  0.0313  0.0324  0.0315  0.0335  0.0306  0.0315  0.0297  0.0306
  0.0304  0.0297  0.0294  0.0311  0.0298  0.0306  0.0299  0.0308  0.0294  0.0299  0.0290  0.0296
  0.0290  0.0287  0.0287  0.0295  0.0289  0.0294  0.0289  0.0291  0.0287  0.0289  0.0286  0.0288
  0.0285  0.0285  0.0285  0.0285  0.0285  0.0285  0.0285  0.0285  0.0285  0.0285  0.0285  0.0285
  0.0290  0.0289  0.0287  0.0288  0.0288  0.0282  0.0289  0.0290  0.0288  0.0289  0.0286  0.0287
  0.0305  0.0298  0.0293  0.0306  0.0296  0.0295  0.0299  0.0307  0.0295  0.0300  0.0290  0.0295
  0.0328  0.0312  0.0304  0.0333  0.0314  0.0336  0.0315  0.0336  0.0306  0.0316  0.0297  0.0306
niter,ni,del,rscale     3    3    5.0000    1.2000
parameters
   -5.6378   -5.5820   17.7963   -8.2665   -5.4177   -7.0341
   -0.0533   -1.4698    2.7619   14.9517    2.9156  -10.7407
eta,q 0.97150  7.52771
  0.0328  0.0313  0.0304  0.0327  0.0312  0.0324  0.0315  0.0335  0.0306  0.0316  0.0297  0.0306
  0.0304  0.0297  0.0294  0.0311  0.0298  0.0306  0.0299  0.0308  0.0294  0.0300  0.0290  0.0295
  0.0290  0.0288  0.0287  0.0295  0.0289  0.0294  0.0289  0.0291  0.0287  0.0289  0.0286  0.0288
  0.0285  0.0285  0.0285  0.0285  0.0285  0.0285  0.0285  0.0285  0.0285  0.0285  0.0285  0.0285
  0.0290  0.0289  0.0287  0.0288  0.0288  0.0282  0.0289  0.0290  0.0288  0.0289  0.0286  0.0287
  0.0305  0.0298  0.0293  0.0306  0.0296  0.0295  0.0299  0.0307  0.0295  0.0300  0.0290  0.0295
  0.0328  0.0312  0.0304  0.0333  0.0314  0.0336  0.0315  0.0336  0.0306  0.0316  0.0297  0.0307
registration optimization eta report
parameter search radius
    2.4000    2.4000    2.4000    8.2800    8.2800    8.2800
    7.2000    7.2000    7.2000    7.2000    7.2000    8.2800
100000*second partial in parameter space
       74.       47.       33.        6.        4.        7.
        6.       10.        4.        6.        2.        3.
  0.0328  0.0313  0.0304  0.0327  0.0312  0.0324  0.0315  0.0335  0.0306  0.0316  0.0297  0.0306
  0.0304  0.0297  0.0294  0.0311  0.0298  0.0306  0.0299  0.0308  0.0294  0.0300  0.0290  0.0295
  0.0290  0.0288  0.0287  0.0295  0.0289  0.0294  0.0289  0.0291  0.0287  0.0289  0.0286  0.0288
  0.0285  0.0285  0.0285  0.0285  0.0285  0.0285  0.0285  0.0285  0.0285  0.0285  0.0285  0.0285
  0.0290  0.0289  0.0287  0.0288  0.0288  0.0282  0.0289  0.0290  0.0288  0.0289  0.0286  0.0287
  0.0305  0.0298  0.0293  0.0306  0.0296  0.0295  0.0299  0.0307  0.0295  0.0300  0.0290  0.0295
  0.0328  0.0312  0.0304  0.0333  0.0314  0.0336  0.0315  0.0336  0.0306  0.0316  0.0297  0.0307
   -5.6378   -5.5820   17.7963   -8.2665   -5.4177   -7.0341
   -0.0533   -1.4698    2.7619   14.9517    2.9156  -10.7407
eta,q 0.97150  7.52771

---------------------------------------------------------------------
imgreg_4dfp /opt/freesurfer/average/711-2C_as_mni_average_305 /opt/freesurfer/average/711-2B_as_mni_average_305_mask talsrcimg_g11 none talsrcimg_to_711-2C_as_mni_average_305_t4 2311
---------------------------------------------------------------------

freesurfer imgreg_4dfp.c
/opt/freesurfer/average/711-2C_as_mni_average_305.4dfp.img
       256       256       256         1
  1.000000  1.000000  1.000000
orientation T byte_order littleendian
Reading image: /opt/freesurfer/average/711-2C_as_mni_average_305.4dfp.img
dimensions:      256       256       256
mmppix:       1.0000   -1.0000   -1.0000
center:     128.0000 -129.0000 -129.0000
/opt/freesurfer/average/711-2B_as_mni_average_305_mask.4dfp.img
       256       256       256         1
  1.000000  1.000000  1.000000
orientation T byte_order littleendian
Reading mask: /opt/freesurfer/average/711-2B_as_mni_average_305_mask.4dfp.img (2306576 pixels)
talsrcimg_g11.4dfp.img
       256       256       256         1
  1.000000  1.000000  1.000000
orientation T byte_order littleendian
Reading image: talsrcimg_g11.4dfp.img
dimensions:      256       256       256
mmppix:       1.0000   -1.0000   -1.0000
center:     128.0000 -129.0000 -129.0000
fimgreg.f
image alignment mode   2311 decimal      907 hex
parameters
   -5.6378   -5.5820   17.7963   -8.2665   -5.4177   -7.0341
   -0.0533   -1.4698    2.7619   14.9517    2.9156  -10.7407
eta,q 0.97150  7.52771
niter,ni,del,rscale     5    3    5.0000    0.8000
parameters
   -5.6456   -5.6292   17.8121   -7.6852   -5.2322   -5.4996
   -0.0735   -1.5657    2.6870   14.7920    2.6763  -11.1987
eta,q 0.97188  7.59485
  0.0304  0.0297  0.0294  0.0306  0.0294  0.0302  0.0296  0.0307  0.0291  0.0297  0.0287  0.0287
  0.0294  0.0290  0.0289  0.0297  0.0289  0.0295  0.0288  0.0292  0.0286  0.0288  0.0284  0.0284
  0.0287  0.0286  0.0286  0.0290  0.0286  0.0289  0.0283  0.0284  0.0282  0.0282  0.0282  0.0282
  0.0285  0.0285  0.0285  0.0285  0.0284  0.0284  0.0281  0.0281  0.0281  0.0281  0.0281  0.0281
  0.0287  0.0287  0.0286  0.0285  0.0285  0.0281  0.0283  0.0285  0.0283  0.0284  0.0282  0.0283
  0.0294  0.0291  0.0289  0.0290  0.0288  0.0282  0.0288  0.0294  0.0286  0.0290  0.0285  0.0286
  0.0305  0.0298  0.0293  0.0300  0.0293  0.0289  0.0296  0.0309  0.0292  0.0298  0.0288  0.0290
niter,ni,del,rscale     4    3    5.0000    0.7000
parameters
   -5.6686   -5.6677   17.8352   -7.5764   -5.4900   -5.5172
   -0.0146   -1.5752    2.7169   14.8239    2.6118  -11.1934
eta,q 0.97189  7.59058
  0.0297  0.0291  0.0289  0.0298  0.0288  0.0293  0.0293  0.0302  0.0289  0.0294  0.0286  0.0287
  0.0288  0.0285  0.0285  0.0290  0.0284  0.0288  0.0286  0.0290  0.0285  0.0287  0.0283  0.0284
  0.0283  0.0282  0.0282  0.0284  0.0281  0.0284  0.0283  0.0283  0.0282  0.0282  0.0282  0.0282
  0.0281  0.0281  0.0281  0.0281  0.0281  0.0281  0.0281  0.0281  0.0281  0.0281  0.0281  0.0281
  0.0283  0.0283  0.0282  0.0282  0.0283  0.0281  0.0282  0.0283  0.0282  0.0283  0.0282  0.0282
  0.0289  0.0286  0.0284  0.0288  0.0285  0.0285  0.0286  0.0290  0.0285  0.0287  0.0283  0.0284
  0.0298  0.0292  0.0288  0.0298  0.0289  0.0296  0.0292  0.0302  0.0289  0.0293  0.0286  0.0287
niter,ni,del,rscale     3    3    5.0000    0.6000
parameters
   -5.6729   -5.6655   17.8447   -7.4862   -5.5601   -5.3014
   -0.0200   -1.5907    2.7068   14.7647    2.5956  -11.3054
eta,q 0.97193  7.59716
  0.0293  0.0289  0.0287  0.0294  0.0286  0.0291  0.0289  0.0296  0.0287  0.0290  0.0284  0.0285
  0.0286  0.0284  0.0284  0.0288  0.0283  0.0287  0.0285  0.0287  0.0283  0.0285  0.0282  0.0282
  0.0282  0.0282  0.0282  0.0283  0.0282  0.0283  0.0282  0.0282  0.0281  0.0281  0.0281  0.0281
  0.0281  0.0281  0.0281  0.0281  0.0281  0.0281  0.0281  0.0281  0.0281  0.0281  0.0281  0.0281
  0.0282  0.0282  0.0282  0.0282  0.0282  0.0281  0.0282  0.0283  0.0281  0.0282  0.0281  0.0281
  0.0287  0.0284  0.0283  0.0286  0.0284  0.0283  0.0285  0.0288  0.0284  0.0286  0.0282  0.0283
  0.0293  0.0289  0.0286  0.0294  0.0287  0.0290  0.0289  0.0296  0.0287  0.0290  0.0284  0.0285
niter,ni,del,rscale     2    3    5.0000    0.5000
parameters
   -5.6815   -5.6713   17.8485   -7.4236   -5.6428   -5.0969
   -0.0233   -1.5981    2.6842   14.7086    2.6038  -11.4121
eta,q 0.97195  7.60247
  0.0289  0.0286  0.0285  0.0290  0.0285  0.0288  0.0287  0.0292  0.0285  0.0287  0.0283  0.0283
  0.0284  0.0283  0.0282  0.0285  0.0282  0.0285  0.0283  0.0285  0.0282  0.0283  0.0282  0.0282
  0.0282  0.0281  0.0281  0.0282  0.0281  0.0282  0.0281  0.0282  0.0281  0.0281  0.0281  0.0281
  0.0281  0.0281  0.0281  0.0281  0.0281  0.0281  0.0281  0.0281  0.0281  0.0281  0.0280  0.0280
  0.0282  0.0281  0.0281  0.0281  0.0281  0.0280  0.0281  0.0282  0.0281  0.0282  0.0281  0.0281
  0.0285  0.0283  0.0282  0.0284  0.0283  0.0283  0.0283  0.0286  0.0283  0.0284  0.0282  0.0282
  0.0289  0.0286  0.0285  0.0290  0.0285  0.0287  0.0287  0.0292  0.0285  0.0287  0.0283  0.0284
niter,ni,del,rscale     1    3    5.0000    0.4000
parameters
   -5.6904   -5.6725   17.8591   -7.3763   -5.7422   -4.9016
   -0.0140   -1.6011    2.6414   14.6437    2.6405  -11.5268
eta,q 0.97196  7.60666
  0.0286  0.0284  0.0283  0.0287  0.0283  0.0286  0.0284  0.0288  0.0283  0.0285  0.0282  0.0282
  0.0283  0.0282  0.0282  0.0284  0.0282  0.0283  0.0282  0.0283  0.0281  0.0282  0.0281  0.0281
  0.0281  0.0281  0.0281  0.0281  0.0281  0.0282  0.0281  0.0281  0.0281  0.0281  0.0281  0.0280
  0.0281  0.0281  0.0281  0.0281  0.0281  0.0280  0.0280  0.0280  0.0280  0.0280  0.0280  0.0280
  0.0281  0.0281  0.0281  0.0281  0.0281  0.0280  0.0281  0.0281  0.0281  0.0281  0.0280  0.0281
  0.0283  0.0282  0.0282  0.0283  0.0282  0.0282  0.0282  0.0284  0.0282  0.0283  0.0281  0.0281
  0.0286  0.0284  0.0283  0.0287  0.0283  0.0285  0.0284  0.0288  0.0283  0.0285  0.0282  0.0282
registration optimization eta report
parameter search radius
    0.8000    0.8000    0.8000    2.4000    2.4000    2.4000
    2.4000    2.4000    2.4000    2.4000    2.4000    2.4000
100000*second partial in parameter space
       85.       54.       39.       11.        5.        8.
        7.       13.        5.        8.        3.        3.
  0.0286  0.0284  0.0283  0.0287  0.0283  0.0286  0.0284  0.0288  0.0283  0.0285  0.0282  0.0282
  0.0283  0.0282  0.0282  0.0284  0.0282  0.0283  0.0282  0.0283  0.0281  0.0282  0.0281  0.0281
  0.0281  0.0281  0.0281  0.0281  0.0281  0.0282  0.0281  0.0281  0.0281  0.0281  0.0281  0.0280
  0.0281  0.0281  0.0281  0.0281  0.0281  0.0280  0.0280  0.0280  0.0280  0.0280  0.0280  0.0280
  0.0281  0.0281  0.0281  0.0281  0.0281  0.0280  0.0281  0.0281  0.0281  0.0281  0.0280  0.0281
  0.0283  0.0282  0.0282  0.0283  0.0282  0.0282  0.0282  0.0284  0.0282  0.0283  0.0281  0.0281
  0.0286  0.0284  0.0283  0.0287  0.0283  0.0285  0.0284  0.0288  0.0283  0.0285  0.0282  0.0282
   -5.6904   -5.6725   17.8591   -7.3763   -5.7422   -4.9016
   -0.0140   -1.6011    2.6414   14.6437    2.6405  -11.5268
eta,q 0.97196  7.60666

---------------------------------------------------------------------
imgreg_4dfp /opt/freesurfer/average/711-2C_as_mni_average_305 /opt/freesurfer/average/711-2B_as_mni_average_305_mask talsrcimg_g11 none talsrcimg_to_711-2C_as_mni_average_305_t4 2311
---------------------------------------------------------------------

freesurfer imgreg_4dfp.c
/opt/freesurfer/average/711-2C_as_mni_average_305.4dfp.img
       256       256       256         1
  1.000000  1.000000  1.000000
orientation T byte_order littleendian
Reading image: /opt/freesurfer/average/711-2C_as_mni_average_305.4dfp.img
dimensions:      256       256       256
mmppix:       1.0000   -1.0000   -1.0000
center:     128.0000 -129.0000 -129.0000
/opt/freesurfer/average/711-2B_as_mni_average_305_mask.4dfp.img
       256       256       256         1
  1.000000  1.000000  1.000000
orientation T byte_order littleendian
Reading mask: /opt/freesurfer/average/711-2B_as_mni_average_305_mask.4dfp.img (2306576 pixels)
talsrcimg_g11.4dfp.img
       256       256       256         1
  1.000000  1.000000  1.000000
orientation T byte_order littleendian
Reading image: talsrcimg_g11.4dfp.img
dimensions:      256       256       256
mmppix:       1.0000   -1.0000   -1.0000
center:     128.0000 -129.0000 -129.0000
fimgreg.f
image alignment mode   2311 decimal      907 hex
parameters
   -5.6904   -5.6725   17.8591   -7.3763   -5.7422   -4.9016
   -0.0140   -1.6011    2.6414   14.6437    2.6405  -11.5268
eta,q 0.97196  7.60666
niter,ni,del,rscale     5    3    5.0000    0.8000
parameters
   -5.6900   -5.6422   17.8657   -7.5966   -5.6025   -5.6027
    0.0273   -1.5801    2.7281   14.9485    2.5769  -11.1961
eta,q 0.97188  7.58513
  0.0302  0.0295  0.0291  0.0300  0.0291  0.0293  0.0296  0.0308  0.0292  0.0300  0.0287  0.0290
  0.0290  0.0287  0.0285  0.0290  0.0285  0.0288  0.0288  0.0293  0.0286  0.0290  0.0284  0.0285
  0.0283  0.0282  0.0281  0.0283  0.0282  0.0283  0.0283  0.0284  0.0282  0.0284  0.0282  0.0282
  0.0280  0.0280  0.0280  0.0280  0.0280  0.0280  0.0281  0.0281  0.0281  0.0281  0.0281  0.0281
  0.0283  0.0282  0.0281  0.0283  0.0282  0.0282  0.0283  0.0284  0.0282  0.0283  0.0282  0.0282
  0.0290  0.0286  0.0285  0.0292  0.0285  0.0291  0.0288  0.0293  0.0286  0.0288  0.0284  0.0284
  0.0302  0.0293  0.0291  0.0305  0.0289  0.0310  0.0296  0.0307  0.0291  0.0295  0.0288  0.0288
niter,ni,del,rscale     4    3    5.0000    0.7000
parameters
   -5.6718   -5.6422   17.8455   -7.5454   -5.5317   -5.5132
   -0.0104   -1.5735    2.7395   14.8511    2.5831  -11.2274
eta,q 0.97189  7.59046
  0.0298  0.0292  0.0288  0.0298  0.0289  0.0293  0.0292  0.0302  0.0289  0.0293  0.0286  0.0287
  0.0289  0.0286  0.0284  0.0290  0.0285  0.0288  0.0286  0.0290  0.0285  0.0286  0.0283  0.0284
  0.0283  0.0282  0.0282  0.0284  0.0282  0.0284  0.0282  0.0283  0.0282  0.0282  0.0282  0.0282
  0.0281  0.0281  0.0281  0.0281  0.0281  0.0281  0.0281  0.0281  0.0281  0.0281  0.0281  0.0281
  0.0283  0.0282  0.0282  0.0282  0.0282  0.0281  0.0282  0.0284  0.0282  0.0283  0.0282  0.0282
  0.0288  0.0286  0.0285  0.0288  0.0285  0.0285  0.0286  0.0290  0.0285  0.0287  0.0283  0.0284
  0.0297  0.0291  0.0289  0.0298  0.0288  0.0295  0.0293  0.0302  0.0289  0.0294  0.0286  0.0287
niter,ni,del,rscale     3    3    5.0000    0.6000
parameters
   -5.6727   -5.6605   17.8436   -7.4788   -5.5651   -5.3042
   -0.0210   -1.5875    2.7148   14.7733    2.5948  -11.3154
eta,q 0.97192  7.59716
  0.0293  0.0288  0.0287  0.0294  0.0287  0.0291  0.0289  0.0296  0.0287  0.0290  0.0284  0.0285
  0.0286  0.0284  0.0283  0.0288  0.0284  0.0287  0.0285  0.0287  0.0283  0.0285  0.0282  0.0283
  0.0282  0.0282  0.0282  0.0283  0.0282  0.0283  0.0282  0.0282  0.0281  0.0281  0.0281  0.0281
  0.0281  0.0281  0.0281  0.0281  0.0281  0.0281  0.0281  0.0281  0.0281  0.0281  0.0281  0.0281
  0.0282  0.0282  0.0282  0.0282  0.0282  0.0281  0.0282  0.0283  0.0281  0.0282  0.0281  0.0281
  0.0286  0.0285  0.0284  0.0286  0.0284  0.0283  0.0285  0.0288  0.0284  0.0286  0.0282  0.0283
  0.0293  0.0289  0.0287  0.0294  0.0287  0.0290  0.0289  0.0296  0.0287  0.0290  0.0284  0.0285
niter,ni,del,rscale     2    3    5.0000    0.5000
parameters
   -5.6811   -5.6689   17.8465   -7.4239   -5.6431   -5.0972
   -0.0255   -1.5963    2.6811   14.7065    2.6239  -11.4146
eta,q 0.97195  7.60247
  0.0289  0.0286  0.0285  0.0290  0.0285  0.0288  0.0286  0.0292  0.0285  0.0287  0.0283  0.0283
  0.0284  0.0283  0.0282  0.0285  0.0283  0.0285  0.0283  0.0285  0.0282  0.0283  0.0282  0.0282
  0.0282  0.0281  0.0281  0.0282  0.0281  0.0282  0.0281  0.0282  0.0281  0.0281  0.0281  0.0281
  0.0281  0.0281  0.0281  0.0281  0.0281  0.0281  0.0280  0.0280  0.0281  0.0281  0.0280  0.0281
  0.0282  0.0281  0.0281  0.0281  0.0281  0.0280  0.0281  0.0282  0.0281  0.0282  0.0281  0.0281
  0.0285  0.0283  0.0282  0.0285  0.0283  0.0283  0.0283  0.0285  0.0283  0.0284  0.0282  0.0282
  0.0289  0.0286  0.0285  0.0290  0.0285  0.0287  0.0287  0.0292  0.0285  0.0288  0.0283  0.0284
niter,ni,del,rscale     1    3    5.0000    0.4000
parameters
   -5.6895   -5.6730   17.8544   -7.3688   -5.7351   -4.9021
   -0.0187   -1.6070    2.6399   14.6439    2.6429  -11.5348
eta,q 0.97197  7.60698
  0.0286  0.0284  0.0283  0.0287  0.0283  0.0286  0.0284  0.0288  0.0283  0.0285  0.0282  0.0282
  0.0283  0.0282  0.0282  0.0284  0.0282  0.0283  0.0282  0.0283  0.0281  0.0282  0.0281  0.0281
  0.0281  0.0281  0.0281  0.0281  0.0281  0.0282  0.0281  0.0281  0.0281  0.0281  0.0281  0.0280
  0.0280  0.0281  0.0281  0.0281  0.0281  0.0280  0.0280  0.0280  0.0280  0.0280  0.0280  0.0280
  0.0281  0.0281  0.0281  0.0281  0.0281  0.0280  0.0281  0.0281  0.0281  0.0281  0.0281  0.0281
  0.0283  0.0282  0.0282  0.0283  0.0282  0.0282  0.0282  0.0284  0.0282  0.0283  0.0281  0.0281
  0.0286  0.0284  0.0283  0.0287  0.0283  0.0285  0.0284  0.0288  0.0283  0.0285  0.0282  0.0282
registration optimization eta report
parameter search radius
    0.8000    0.8000    0.8000    2.4000    2.4000    2.4000
    2.4000    2.4000    2.4000    2.4000    2.4000    2.4000
100000*second partial in parameter space
       85.       54.       39.       11.        5.        8.
        7.       13.        5.        8.        3.        3.
  0.0286  0.0284  0.0283  0.0287  0.0283  0.0286  0.0284  0.0288  0.0283  0.0285  0.0282  0.0282
  0.0283  0.0282  0.0282  0.0284  0.0282  0.0283  0.0282  0.0283  0.0281  0.0282  0.0281  0.0281
  0.0281  0.0281  0.0281  0.0281  0.0281  0.0282  0.0281  0.0281  0.0281  0.0281  0.0281  0.0280
  0.0280  0.0281  0.0281  0.0281  0.0281  0.0280  0.0280  0.0280  0.0280  0.0280  0.0280  0.0280
  0.0281  0.0281  0.0281  0.0281  0.0281  0.0280  0.0281  0.0281  0.0281  0.0281  0.0281  0.0281
  0.0283  0.0282  0.0282  0.0283  0.0282  0.0282  0.0282  0.0284  0.0282  0.0283  0.0281  0.0281
  0.0286  0.0284  0.0283  0.0287  0.0283  0.0285  0.0284  0.0288  0.0283  0.0285  0.0282  0.0282
   -5.6895   -5.6730   17.8544   -7.3688   -5.7351   -4.9021
   -0.0187   -1.6070    2.6399   14.6439    2.6429  -11.5348
eta,q 0.97197  7.60698

---------------------------------------------------------------------
compute_vox2vox talsrcimg talsrcimg_to_711-2C_as_mni_average_305_t4 /opt/freesurfer/average/711-2C_as_mni_average_305
---------------------------------------------------------------------

freesurfer compute_vox2vox.c
Reading: talsrcimg.4dfp.ifh
Reading: talsrcimg_to_711-2C_as_mni_average_305_t4
Reading: /opt/freesurfer/average/711-2C_as_mni_average_305.4dfp.ifh
Writing: talsrcimg_to_711-2C_as_mni_average_305_t4_vox2vox.txt

start time Fri Mar 13 22:19:59 CET 2026
end		time Fri Mar 13 22:21:30 CET 2026

mpr2mni305 success

avi2talxfm orig_nu.mgz /opt/freesurfer/average/mni305.cor.mgz talsrcimg_to_711-2C_as_mni_average_305_t4_vox2vox.txt transforms/talairach.auto.xfm
avi2talxfm done
mv -f /out/sourcedata/freesurfer/sub-v2s7x29662_ses-1/mri/talsrcimg_to_711-2C_as_mni_average_305_t4_vox2vox.txt /out/sourcedata/freesurfer/sub-v2s7x29662_ses-1/mri/transforms/talsrcimg_to_711-2C_as_mni_average_305_t4_vox2vox.txt
lta_convert --src orig_nu.mgz --trg /opt/freesurfer/average/mni305.cor.mgz --inxfm transforms/talairach.auto.xfm --outlta transforms/talairach.auto.xfm.lta --subject fsaverage
7.3.2

--src: orig_nu.mgz src image (geometry).
--trg: /opt/freesurfer/average/mni305.cor.mgz trg image (geometry).
--inmni: transforms/talairach.auto.xfm input MNI/XFM transform.
--outlta: transforms/talairach.auto.xfm.lta output LTA.
--s: fsaverage subject name
 LTA read, type : 1
 1.07897   0.01786   0.00240   14.46912;
-0.03303   1.03155   0.12622  -39.31265;
-0.02509  -0.16075   1.04116  -19.43604;
 0.00000   0.00000   0.00000   1.00000;
setting subject to fsaverage
Writing  LTA to file transforms/talairach.auto.xfm.lta...
lta_convert successful.
 
 
Started at Fri Mar 13 22:19:58 CET 2026
Ended   at Fri Mar 13 22:21:30 CET 2026
talairach_avi done
