/out/sourcedata/freesurfer/sub-v2s7x29665_ses-1/mri
/opt/freesurfer/bin/talairach_avi
--i orig_nu.mgz --xfm transforms/talairach.auto.xfm
talairach_avi 7.3.2
Linux dna038 5.14.0-427.37.1.el9_4.x86_64 #1 SMP PREEMPT_DYNAMIC Fri Sep 13 12:41:50 EDT 2024 x86_64 x86_64 x86_64 GNU/Linux
Fri Mar 13 22:25:38 CET 2026
mri_convert orig_nu.mgz talsrcimg.img 
reading from orig_nu.mgz...
TR=0.00, TE=0.00, TI=0.00, flip angle=0.00
i_ras = (-1, 0, 0)
j_ras = (0, 0, -1)
k_ras = (0, 1, 0)
writing to talsrcimg.img...
Analyze Output Matrix
-1.00000   0.00000   0.00000   143.41826;
 0.00000   0.00000   1.00000  -125.46864;
 0.00000  -1.00000   0.00000   141.93375;
 0.00000   0.00000   0.00000   1.00000;
--------------------
INFO: set hdr.hist.orient to -1
mpr2mni305 talsrcimg
Fri Mar 13 22:25:39 CET 2026
/opt/freesurfer/bin/mpr2mni305 talsrcimg
mpr2mni305 7.3.2
target=711-2C_as_mni_average_305

---------------------------------------------------------------------
analyzeto4dfp talsrcimg -O0 -y
---------------------------------------------------------------------

freesurfer ifh2hdr.c
Fri Mar 13 22:25:39 2026
Writing: talsrcimg.4dfp.hdr
freesurfer analyzeto4dfp.c
Reading: talsrcimg.hdr
header size 348 bytes
hdr.dime.datatype	offset=70	value=2
hdr.dime.bitpix		offset=72	value=8
hdr.hist.orient		offset=252	value=-1
dimensionality     4
dimensions       256       256       256         1
Reading: talsrcimg.img
Writing: talsrcimg.4dfp.img
Writing: talsrcimg.4dfp.ifh
ifh2hdr talsrcimg -r0to245
ori=2

---------------------------------------------------------------------
gauss_4dfp talsrcimg 1.1
---------------------------------------------------------------------

freesurfer gauss_4dfp.c
Reading: talsrcimg.4dfp.img
Writing: talsrcimg_g11.4dfp.img
image dimensions 256 256 256 padded to 288 288 288
processing volume 1freesurfer ifh2hdr.c
Fri Mar 13 22:25:41 2026
Writing: talsrcimg_g11.4dfp.hdr

Writing: talsrcimg_g11.4dfp.ifh
including: talsrcimg.4dfp.img.rec in talsrcimg_g11.4dfp.img.rec

---------------------------------------------------------------------
imgreg_4dfp /opt/freesurfer/average/711-2C_as_mni_average_305 none talsrcimg_g11 none talsrcimg_to_711-2C_as_mni_average_305_t4 4355
---------------------------------------------------------------------

freesurfer imgreg_4dfp.c
/opt/freesurfer/average/711-2C_as_mni_average_305.4dfp.img
       256       256       256         1
  1.000000  1.000000  1.000000
orientation T byte_order littleendian
Reading image: /opt/freesurfer/average/711-2C_as_mni_average_305.4dfp.img
dimensions:      256       256       256
mmppix:       1.0000   -1.0000   -1.0000
center:     128.0000 -129.0000 -129.0000
talsrcimg_g11.4dfp.img
       256       256       256         1
  1.000000  1.000000  1.000000
orientation T byte_order littleendian
Reading image: talsrcimg_g11.4dfp.img
dimensions:      256       256       256
mmppix:       1.0000   -1.0000   -1.0000
center:     128.0000 -129.0000 -129.0000
t4_read: open error in t4_sub.f l:  41 t4_file(1:l)talsrcimg_to_711-2C_as_mni_average_305_t4 
t4_read: transform initialized to I4
rotation matrix determinant  1.000000
image alignment mode   4355 decimal     1103 hex
   -7.5000  -45.0000  -45.0000 8646.4414   14.4041
    0.0000  -45.0000  -45.0000 9026.2451   14.3891
    7.5000  -45.0000  -45.0000 8637.7402   14.3419
   -7.5000  -37.5000  -45.0000 8972.4150   14.3783
    0.0000  -37.5000  -45.0000 9392.2168   14.3729
    7.5000  -37.5000  -45.0000 8961.1777   14.3262
   -7.5000  -30.0000  -45.0000 9552.5508   14.3772
    0.0000  -30.0000  -45.0000 9996.0479   14.3769
    7.5000  -30.0000  -45.0000 9557.7393   14.3273
   -7.5000  -22.5000  -45.000010098.0098   14.4028
    0.0000  -22.5000  -45.000010552.5479   14.3965
    7.5000  -22.5000  -45.000010086.3994   14.3436
   -7.5000  -15.0000  -45.000010554.7490   14.4279
    0.0000  -15.0000  -45.000010999.6094   14.4118
    7.5000  -15.0000  -45.000010504.0244   14.3580
   -7.5000   -7.5000  -45.000010917.9180   14.4280
    0.0000   -7.5000  -45.000011352.8281   14.4082
    7.5000   -7.5000  -45.000010878.6621   14.3572
   -7.5000    0.0000  -45.000011082.0439   14.4041
    0.0000    0.0000  -45.000011579.9365   14.3891
    7.5000    0.0000  -45.000011104.0713   14.3419
   -7.5000    7.5000  -45.000010435.9922   14.3783
    0.0000    7.5000  -45.000010897.4551   14.3729
    7.5000    7.5000  -45.000010449.4131   14.3262
   -7.5000   15.0000  -45.0000 9665.1328   14.3772
    0.0000   15.0000  -45.000010052.1230   14.3769
    7.5000   15.0000  -45.0000 9650.4805   14.3273
   -7.5000   22.5000  -45.0000 8852.7588   14.4009
    0.0000   22.5000  -45.0000 9201.8672   14.3946
    7.5000   22.5000  -45.0000 8821.2959   14.3418
   -7.5000   30.0000  -45.0000 8074.4824   14.2733
    0.0000   30.0000  -45.0000 8410.5371   14.2574
    7.5000   30.0000  -45.0000 8032.3237   14.2041
   -7.5000   37.5000  -45.0000 7619.5835   14.4112
    0.0000   37.5000  -45.0000 7939.1387   14.3925
    7.5000   37.5000  -45.0000 7587.4126   14.3420
   -7.5000   45.0000  -45.0000 6895.0972   14.2794
    0.0000   45.0000  -45.0000 7179.7207   14.2650
    7.5000   45.0000  -45.0000 6845.4697   14.2169
   -7.5000  -45.0000  -37.5000 9186.8945   14.3420
    0.0000  -45.0000  -37.5000 9635.7764   14.3340
    7.5000  -45.0000  -37.5000 9169.2451   14.2884
   -7.5000  -37.5000  -37.5000 9489.7334   14.3179
    0.0000  -37.5000  -37.5000 9979.9805   14.3215
    7.5000  -37.5000  -37.5000 9481.2939   14.2766
   -7.5000  -30.0000  -37.500010105.4346   14.3256
    0.0000  -30.0000  -37.500010595.7061   14.3332
    7.5000  -30.0000  -37.500010110.4482   14.2860
   -7.5000  -22.5000  -37.500010679.0146   14.3596
    0.0000  -22.5000  -37.500011196.6885   14.3575
    7.5000  -22.5000  -37.500010669.0605   14.3078
   -7.5000  -15.0000  -37.500011134.0918   14.3850
    0.0000  -15.0000  -37.500011657.7998   14.3705
    7.5000  -15.0000  -37.500011090.2461   14.3197
   -7.5000   -7.5000  -37.500011459.7949   14.3750
    0.0000   -7.5000  -37.500012007.9180   14.3586
    7.5000   -7.5000  -37.500011433.9863   14.3097
   -7.5000    0.0000  -37.500011687.3350   14.3420
    0.0000    0.0000  -37.500012286.1338   14.3340
    7.5000    0.0000  -37.500011707.8311   14.2884
   -7.5000    7.5000  -37.500011019.6475   14.3179
    0.0000    7.5000  -37.500011573.5713   14.3215
    7.5000    7.5000  -37.500011043.0723   14.2766
   -7.5000   15.0000  -37.500010154.1455   14.3256
    0.0000   15.0000  -37.500010631.1436   14.3332
    7.5000   15.0000  -37.500010186.1309   14.2860
   -7.5000   22.5000  -37.5000 9267.7812   14.3578
    0.0000   22.5000  -37.5000 9688.3291   14.3556
    7.5000   22.5000  -37.5000 9281.7686   14.3059
   -7.5000   30.0000  -37.5000 8434.0742   14.2317
    0.0000   30.0000  -37.5000 8836.4287   14.2175
    7.5000   30.0000  -37.5000 8449.3320   14.1671
   -7.5000   37.5000  -37.5000 7969.3643   14.3566
    0.0000   37.5000  -37.5000 8341.5879   14.3411
    7.5000   37.5000  -37.5000 7946.9136   14.2924
   -7.5000   45.0000  -37.5000 7203.1592   14.2127
    0.0000   45.0000  -37.5000 7514.1865   14.2063
    7.5000   45.0000  -37.5000 7155.9585   14.1590
   -7.5000  -45.0000  -30.0000 9895.8418   14.9166
    0.0000  -45.0000  -30.000010386.6006   14.9095
    7.5000  -45.0000  -30.0000 9870.6582   14.8607
   -7.5000  -37.5000  -30.000010229.0811   14.8986
    0.0000  -37.5000  -30.000010744.6416   14.9025
    7.5000  -37.5000  -30.000010198.8975   14.8538
   -7.5000  -30.0000  -30.000010911.9766   14.9112
    0.0000  -30.0000  -30.000011453.5234   14.9202
    7.5000  -30.0000  -30.000010897.6064   14.8713
   -7.5000  -22.5000  -30.000011482.5039   14.9447
    0.0000  -22.5000  -30.000012089.2920   14.9460
    7.5000  -22.5000  -30.000011455.6299   14.8968
   -7.5000  -15.0000  -30.000011921.6240   14.9659
    0.0000  -15.0000  -30.000012538.1445   14.9556
    7.5000  -15.0000  -30.000011893.4170   14.9062
   -7.5000   -7.5000  -30.000012213.8369   14.9505
    0.0000   -7.5000  -30.000012876.9121   14.9370
    7.5000   -7.5000  -30.000012219.0889   14.8876
   -7.5000    0.0000  -30.000012537.5986   14.9166
    0.0000    0.0000  -30.000013202.8750   14.9095
    7.5000    0.0000  -30.000012540.9512   14.8607
   -7.5000    7.5000  -30.000011845.8096   14.8986
    0.0000    7.5000  -30.000012444.5352   14.9025
    7.5000    7.5000  -30.000011848.3438   14.8538
   -7.5000   15.0000  -30.000010878.6094   14.9112
    0.0000   15.0000  -30.000011440.5928   14.9202
    7.5000   15.0000  -30.000010899.8740   14.8713
   -7.5000   22.5000  -30.0000 9888.9492   14.9413
    0.0000   22.5000  -30.000010360.5762   14.9425
    7.5000   22.5000  -30.0000 9889.0381   14.8934
   -7.5000   30.0000  -30.0000 8950.8232   14.8105
    0.0000   30.0000  -30.0000 9414.7012   14.8004
    7.5000   30.0000  -30.0000 8979.6660   14.7513
   -7.5000   37.5000  -30.0000 8441.7256   14.9344
    0.0000   37.5000  -30.0000 8867.6680   14.9214
    7.5000   37.5000  -30.0000 8466.5117   14.8721
   -7.5000   45.0000  -30.0000 7600.9863   14.7937
    0.0000   45.0000  -30.0000 7960.4487   14.7887
    7.5000   45.0000  -30.0000 7586.0103   14.7375
   -7.5000  -45.0000  -22.500010623.1992   15.4190
    0.0000  -45.0000  -22.500011165.2041   15.4035
    7.5000  -45.0000  -22.500010613.6191   15.3505
   -7.5000  -37.5000  -22.500010985.7393   15.4000
    0.0000  -37.5000  -22.500011547.1074   15.3929
    7.5000  -37.5000  -22.500010965.2441   15.3397
   -7.5000  -30.0000  -22.500011713.8516   15.4051
    0.0000  -30.0000  -22.500012323.6865   15.4063
    7.5000  -30.0000  -22.500011677.7188   15.3540
   -7.5000  -22.5000  -22.500012331.6875   15.4319
    0.0000  -22.5000  -22.500013009.6953   15.4316
    7.5000  -22.5000  -22.500012291.5361   15.3805
   -7.5000  -15.0000  -22.500012754.3047   15.4536
    0.0000  -15.0000  -22.500013489.3125   15.4454
    7.5000  -15.0000  -22.500012735.4336   15.3946
   -7.5000   -7.5000  -22.500013068.5225   15.4461
    0.0000   -7.5000  -22.500013802.0986   15.4309
    7.5000   -7.5000  -22.500013076.4238   15.3790
   -7.5000    0.0000  -22.500013391.9570   15.4190
    0.0000    0.0000  -22.500014137.6523   15.4035
    7.5000    0.0000  -22.500013382.4043   15.3505
   -7.5000    7.5000  -22.500012673.6719   15.4000
    0.0000    7.5000  -22.500013346.6230   15.3929
    7.5000    7.5000  -22.500012662.1514   15.3397
   -7.5000   15.0000  -22.500011679.1670   15.4051
    0.0000   15.0000  -22.500012270.0938   15.4063
    7.5000   15.0000  -22.500011647.3555   15.3540
   -7.5000   22.5000  -22.500010554.4971   15.4273
    0.0000   22.5000  -22.500011085.1846   15.4270
    7.5000   22.5000  -22.500010548.2480   15.3759
   -7.5000   30.0000  -22.5000 9526.1504   15.2973
    0.0000   30.0000  -22.500010018.7051   15.2891
    7.5000   30.0000  -22.5000 9545.4824   15.2385
   -7.5000   37.5000  -22.5000 8938.3457   15.4351
    0.0000   37.5000  -22.5000 9399.0918   15.4202
    7.5000   37.5000  -22.5000 8963.9062   15.3685
   -7.5000   45.0000  -22.5000 8037.8960   15.3085
    0.0000   45.0000  -22.5000 8429.0176   15.2945
    7.5000   45.0000  -22.5000 8027.6919   15.2393
   -7.5000  -45.0000  -15.000011359.7529   15.7784
    0.0000  -45.0000  -15.000011942.1631   15.7537
    7.5000  -45.0000  -15.000011348.9199   15.6982
   -7.5000  -37.5000  -15.000011754.2275   15.7550
    0.0000  -37.5000  -15.000012355.3887   15.7365
    7.5000  -37.5000  -15.000011749.6250   15.6811
   -7.5000  -30.0000  -15.000012508.9287   15.7498
    0.0000  -30.0000  -15.000013155.9189   15.7411
    7.5000  -30.0000  -15.000012470.6670   15.6858
   -7.5000  -22.5000  -15.000013183.8613   15.7692
    0.0000  -22.5000  -15.000013894.5088   15.7634
    7.5000  -22.5000  -15.000013135.4580   15.7082
   -7.5000  -15.0000  -15.000013664.8105   15.7933
    0.0000  -15.0000  -15.000014468.4951   15.7825
    7.5000  -15.0000  -15.000013636.9297   15.7272
   -7.5000   -7.5000  -15.000014003.2549   15.7973
    0.0000   -7.5000  -15.000014802.8154   15.7772
    7.5000   -7.5000  -15.000013972.8018   15.7219
   -7.5000    0.0000  -15.000014286.2500   15.7784
    0.0000    0.0000  -15.000015073.1973   15.7537
    7.5000    0.0000  -15.000014259.3809   15.6982
   -7.5000    7.5000  -15.000013503.0830   15.7550
    0.0000    7.5000  -15.000014215.8057   15.7365
    7.5000    7.5000  -15.000013466.1523   15.6811
   -7.5000   15.0000  -15.000012460.3037   15.7498
    0.0000   15.0000  -15.000013098.5625   15.7411
    7.5000   15.0000  -15.000012422.4756   15.6858
   -7.5000   22.5000  -15.000011257.2666   15.7639
    0.0000   22.5000  -15.000011831.4785   15.7581
    7.5000   22.5000  -15.000011247.4551   15.7029
   -7.5000   30.0000  -15.000010165.4609   15.6349
    0.0000   30.0000  -15.000010678.6172   15.6240
    7.5000   30.0000  -15.000010167.7207   15.5689
   -7.5000   37.5000  -15.0000 9489.3203   15.7894
    0.0000   37.5000  -15.0000 9964.9912   15.7697
    7.5000   37.5000  -15.0000 9491.2910   15.7149
   -7.5000   45.0000  -15.0000 8495.4990   15.6786
    0.0000   45.0000  -15.0000 8931.2754   15.6542
    7.5000   45.0000  -15.0000 8488.1191   15.5973
   -7.5000  -45.0000   -7.500012105.3604   15.9488
    0.0000  -45.0000   -7.500012765.4297   15.9239
    7.5000  -45.0000   -7.500012127.7070   15.8692
   -7.5000  -37.5000   -7.500012542.1982   15.9203
    0.0000  -37.5000   -7.500013212.4717   15.9028
    7.5000  -37.5000   -7.500012563.0381   15.8488
   -7.5000  -30.0000   -7.500013348.4932   15.9119
    0.0000  -30.0000   -7.500014044.0518   15.9029
    7.5000  -30.0000   -7.500013332.9697   15.8472
   -7.5000  -22.5000   -7.500014069.6836   15.9328
    0.0000  -22.5000   -7.500014820.1504   15.9242
    7.5000  -22.5000   -7.500014030.1445   15.8661
   -7.5000  -15.0000   -7.500014639.0479   15.9603
    0.0000  -15.0000   -7.500015447.3271   15.9452
    7.5000  -15.0000   -7.500014574.8828   15.8861
   -7.5000   -7.5000   -7.500014987.6816   15.9679
    0.0000   -7.5000   -7.500015808.8945   15.9450
    7.5000   -7.5000   -7.500014933.2979   15.8877
   -7.5000    0.0000   -7.500015226.0371   15.9488
    0.0000    0.0000   -7.500016060.3252   15.9239
    7.5000    0.0000   -7.500015195.6416   15.8692
   -7.5000    7.5000   -7.500014337.3740   15.9203
    0.0000    7.5000   -7.500015083.9521   15.9028
    7.5000    7.5000   -7.500014323.5566   15.8488
   -7.5000   15.0000   -7.500013274.8887   15.9119
    0.0000   15.0000   -7.500013967.4463   15.9029
    7.5000   15.0000   -7.500013277.7705   15.8472
   -7.5000   22.5000   -7.500012021.6387   15.9257
    0.0000   22.5000   -7.500012664.7842   15.9170
    7.5000   22.5000   -7.500012025.5498   15.8590
   -7.5000   30.0000   -7.500010880.7275   15.7968
    0.0000   30.0000   -7.500011430.7334   15.7817
    7.5000   30.0000   -7.500010855.7383   15.7231
   -7.5000   37.5000   -7.500010145.3447   15.9568
    0.0000   37.5000   -7.500010671.1621   15.9348
    7.5000   37.5000   -7.500010119.8340   15.8781
   -7.5000   45.0000   -7.5000 9043.2031   15.8485
    0.0000   45.0000   -7.5000 9485.1367   15.8235
    7.5000   45.0000   -7.5000 9006.7842   15.7679
   -7.5000  -45.0000    0.000012767.3184   15.9795
    0.0000  -45.0000    0.000013388.1934   15.9624
    7.5000  -45.0000    0.000012809.6133   15.9104
   -7.5000  -37.5000    0.000013273.6045   15.9492
    0.0000  -37.5000    0.000013947.8184   15.9430
    7.5000  -37.5000    0.000013321.9238   15.8921
   -7.5000  -30.0000    0.000014144.7100   15.9469
    0.0000  -30.0000    0.000014862.3428   15.9469
    7.5000  -30.0000    0.000014198.4541   15.8928
   -7.5000  -22.5000    0.000014887.8818   15.9762
    0.0000  -22.5000    0.000015633.0723   15.9696
    7.5000  -22.5000    0.000014902.3145   15.9116
   -7.5000  -15.0000    0.000015495.9141   16.0057
    0.0000  -15.0000    0.000016252.1260   15.9879
    7.5000  -15.0000    0.000015469.4111   15.9283
   -7.5000   -7.5000    0.000015874.2490   16.0066
    0.0000   -7.5000    0.000016684.8359   15.9843
    7.5000   -7.5000    0.000015888.2822   15.9277
   -7.5000    0.0000    0.000016161.2754   15.9795
    0.0000    0.0000    0.000016967.9453   15.9624
    7.5000    0.0000    0.000016147.4082   15.9104
   -7.5000    7.5000    0.000015192.9258   15.9492
    0.0000    7.5000    0.000015956.8789   15.9430
    7.5000    7.5000    0.000015155.7305   15.8921
   -7.5000   15.0000    0.000014061.0996   15.9469
    0.0000   15.0000    0.000014790.1250   15.9469
    7.5000   15.0000    0.000014023.0527   15.8928
   -7.5000   22.5000    0.000012794.0781   15.9689
    0.0000   22.5000    0.000013499.5273   15.9624
    7.5000   22.5000    0.000012759.6182   15.9044
   -7.5000   30.0000    0.000011575.8770   15.8399
    0.0000   30.0000    0.000012185.6787   15.8224
    7.5000   30.0000    0.000011519.6230   15.7634
   -7.5000   37.5000    0.000010791.8730   15.9924
    0.0000   37.5000    0.000011377.0596   15.9714
    7.5000   37.5000    0.000010737.1855   15.9153
   -7.5000   45.0000    0.0000 9567.6475   15.8743
    0.0000   45.0000    0.000010064.1260   15.8578
    7.5000   45.0000    0.0000 9501.7988   15.8046
   -7.5000  -45.0000    7.500012376.1514   15.9923
    0.0000  -45.0000    7.500012966.0645   15.9835
    7.5000  -45.0000    7.500012436.6436   15.9328
   -7.5000  -37.5000    7.500012988.6543   15.9663
    0.0000  -37.5000    7.500013646.8789   15.9705
    7.5000  -37.5000    7.500013060.6748   15.9205
   -7.5000  -30.0000    7.500014011.9219   15.9749
    0.0000  -30.0000    7.500014754.6289   15.9835
    7.5000  -30.0000    7.500014130.3750   15.9310
   -7.5000  -22.5000    7.500014868.8574   16.0119
    0.0000  -22.5000    7.500015589.2500   16.0097
    7.5000  -22.5000    7.500014955.1514   15.9542
   -7.5000  -15.0000    7.500015425.4561   16.0392
    0.0000  -15.0000    7.500016095.3975   16.0232
    7.5000  -15.0000    7.500015428.3486   15.9665
   -7.5000   -7.5000    7.500015717.3232   16.0282
    0.0000   -7.5000    7.500016406.9941   16.0100
    7.5000   -7.5000    7.500015679.5459   15.9555
   -7.5000    0.0000    7.500015895.7354   15.9923
    0.0000    0.0000    7.500016629.6875   15.9835
    7.5000    0.0000    7.500015795.8916   15.9328
   -7.5000    7.5000    7.500014895.3174   15.9663
    0.0000    7.5000    7.500015617.8574   15.9705
    7.5000    7.5000    7.500014764.0029   15.9205
   -7.5000   15.0000    7.500013752.3535   15.9749
    0.0000   15.0000    7.500014459.1514   15.9835
    7.5000   15.0000    7.500013617.1572   15.9310
   -7.5000   22.5000    7.500012549.2119   16.0046
    0.0000   22.5000    7.500013214.9463   16.0024
    7.5000   22.5000    7.500012445.5967   15.9469
   -7.5000   30.0000    7.500011341.3428   15.8743
    0.0000   30.0000    7.500011944.0752   15.8586
    7.5000   30.0000    7.500011242.1338   15.8023
   -7.5000   37.5000    7.500010576.8379   16.0131
    0.0000   37.5000    7.500011161.2920   15.9960
    7.5000   37.5000    7.500010512.7070   15.9417
   -7.5000   45.0000    7.5000 9377.5391   15.8837
    0.0000   45.0000    7.5000 9885.4756   15.8767
    7.5000   45.0000    7.5000 9323.1270   15.8239
   -7.5000  -45.0000   15.000011899.6104   16.0049
    0.0000  -45.0000   15.000012377.4688   15.9972
    7.5000  -45.0000   15.000011986.2441   15.9449
   -7.5000  -37.5000   15.000012532.3184   15.9846
    0.0000  -37.5000   15.000013191.6494   15.9887
    7.5000  -37.5000   15.000012615.9629   15.9365
   -7.5000  -30.0000   15.000013733.8672   15.9977
    0.0000  -30.0000   15.000014640.9170   16.0074
    7.5000  -30.0000   15.000013744.4268   15.9549
   -7.5000  -22.5000   15.000014727.1318   16.0344
    0.0000  -22.5000   15.000015621.9473   16.0357
    7.5000  -22.5000   15.000014602.4883   15.9830
   -7.5000  -15.0000   15.000015216.6797   16.0581
    0.0000  -15.0000   15.000015998.3594   16.0471
    7.5000  -15.0000   15.000015063.6094   15.9940
   -7.5000   -7.5000   15.000015379.0537   16.0418
    0.0000   -7.5000   15.000016103.3037   16.0273
    7.5000   -7.5000   15.000015244.1650   15.9743
   -7.5000    0.0000   15.000015400.2441   16.0049
    0.0000    0.0000   15.000016134.4902   15.9972
    7.5000    0.0000   15.000015263.6182   15.9449
   -7.5000    7.5000   15.000014356.5439   15.9846
    0.0000    7.5000   15.000015011.7656   15.9887
    7.5000    7.5000   15.000014240.8604   15.9365
   -7.5000   15.0000   15.000013283.4180   15.9977
    0.0000   15.0000   15.000013875.2842   16.0074
    7.5000   15.0000   15.000013152.7256   15.9549
   -7.5000   22.5000   15.000012114.1055   16.0271
    0.0000   22.5000   15.000012692.0723   16.0285
    7.5000   22.5000   15.000012013.0156   15.9758
   -7.5000   30.0000   15.000010950.0576   15.8960
    0.0000   30.0000   15.000011504.9043   15.8852
    7.5000   30.0000   15.000010879.2627   15.8325
   -7.5000   37.5000   15.000010190.1123   16.0291
    0.0000   37.5000   15.000010769.1055   16.0152
    7.5000   37.5000   15.000010144.6621   15.9623
   -7.5000   45.0000   15.0000 9041.6689   15.8983
    0.0000   45.0000   15.0000 9552.7666   15.8929
    7.5000   45.0000   15.0000 8994.9355   15.8379
   -7.5000  -45.0000   22.500011444.7920   16.0061
    0.0000  -45.0000   22.500011999.7383   15.9899
    7.5000  -45.0000   22.500011465.7998   15.9349
   -7.5000  -37.5000   22.500012017.1279   15.9863
    0.0000  -37.5000   22.500012754.5195   15.9789
    7.5000  -37.5000   22.500012017.3730   15.9237
   -7.5000  -30.0000   22.500013049.8975   15.9917
    0.0000  -30.0000   22.500013915.2031   15.9929
    7.5000  -30.0000   22.500013026.1670   15.9386
   -7.5000  -22.5000   22.500013887.8828   16.0195
    0.0000  -22.5000   22.500014688.3047   16.0191
    7.5000  -22.5000   22.500013807.8711   15.9661
   -7.5000  -15.0000   22.500014403.5361   16.0420
    0.0000  -15.0000   22.500015159.9053   16.0335
    7.5000  -15.0000   22.500014322.5322   15.9808
   -7.5000   -7.5000   22.500014701.7695   16.0342
    0.0000   -7.5000   22.500015441.0859   16.0184
    7.5000   -7.5000   22.500014617.4688   15.9645
   -7.5000    0.0000   22.500014767.4326   16.0061
    0.0000    0.0000   22.500015502.2090   15.9899
    7.5000    0.0000   22.500014679.4590   15.9349
   -7.5000    7.5000   22.500013678.8184   15.9863
    0.0000    7.5000   22.500014363.5879   15.9789
    7.5000    7.5000   22.500013633.0410   15.9237
   -7.5000   15.0000   22.500012629.9463   15.9917
    0.0000   15.0000   22.500013218.7812   15.9929
    7.5000   15.0000   22.500012572.5879   15.9386
   -7.5000   22.5000   22.500011523.0684   16.0123
    0.0000   22.5000   22.500012056.7686   16.0119
    7.5000   22.5000   22.500011460.7998   15.9589
   -7.5000   30.0000   22.500010416.6201   15.8820
    0.0000   30.0000   22.500010901.6113   15.8735
    7.5000   30.0000   22.500010372.3789   15.8210
   -7.5000   37.5000   22.5000 9689.7158   16.0250
    0.0000   37.5000   22.500010166.7578   16.0095
    7.5000   37.5000   22.5000 9652.4053   15.9559
   -7.5000   45.0000   22.5000 8629.3154   15.9051
    0.0000   45.0000   22.5000 9068.3389   15.8905
    7.5000   45.0000   22.5000 8582.2979   15.8332
   -7.5000  -45.0000   30.000010782.5039   15.9991
    0.0000  -45.0000   30.000011324.0215   15.9739
    7.5000  -45.0000   30.000010758.3652   15.9176
   -7.5000  -37.5000   30.000011243.5322   15.9753
    0.0000  -37.5000   30.000011877.4316   15.9565
    7.5000  -37.5000   30.000011246.6455   15.9002
   -7.5000  -30.0000   30.000012092.7373   15.9700
    0.0000  -30.0000   30.000012721.3457   15.9611
    7.5000  -30.0000   30.000012130.5977   15.9049
   -7.5000  -22.5000   30.000012773.8184   15.9897
    0.0000  -22.5000   30.000013345.8281   15.9837
    7.5000  -22.5000   30.000012810.5312   15.9277
   -7.5000  -15.0000   30.000013298.4668   16.0142
    0.0000  -15.0000   30.000013860.1465   16.0031
    7.5000  -15.0000   30.000013335.7354   15.9469
   -7.5000   -7.5000   30.000013646.7715   16.0183
    0.0000   -7.5000   30.000014280.5010   15.9978
    7.5000   -7.5000   30.000013668.5234   15.9416
   -7.5000    0.0000   30.000013816.8535   15.9991
    0.0000    0.0000   30.000014482.6182   15.9739
    7.5000    0.0000   30.000013807.6689   15.9176
   -7.5000    7.5000   30.000012837.1748   15.9753
    0.0000    7.5000   30.000013443.2998   15.9565
    7.5000    7.5000   30.000012848.7139   15.9002
   -7.5000   15.0000   30.000011857.1123   15.9700
    0.0000   15.0000   30.000012415.5312   15.9611
    7.5000   15.0000   30.000011853.1914   15.9049
   -7.5000   22.5000   30.000010820.2090   15.9826
    0.0000   22.5000   30.000011313.3516   15.9766
    7.5000   22.5000   30.000010792.3105   15.9206
   -7.5000   30.0000   30.0000 9746.8750   15.8535
    0.0000   30.0000   30.000010194.0947   15.8424
    7.5000   30.0000   30.0000 9727.5459   15.7865
   -7.5000   37.5000   30.0000 9062.6006   16.0102
    0.0000   37.5000   30.0000 9468.2725   15.9902
    7.5000   37.5000   30.0000 9035.7285   15.9345
   -7.5000   45.0000   30.0000 8082.9980   15.9022
    0.0000   45.0000   30.0000 8443.8516   15.8773
    7.5000   45.0000   30.0000 8030.3525   15.8196
   -7.5000  -45.0000   37.500010401.0820   16.1432
    0.0000  -45.0000   37.500010941.9492   16.1174
    7.5000  -45.0000   37.500010412.2930   16.0612
   -7.5000  -37.5000   37.500010809.9072   16.1142
    0.0000  -37.5000   37.500011382.3672   16.0960
    7.5000  -37.5000   37.500010871.5010   16.0401
   -7.5000  -30.0000   37.500011586.9775   16.1061
    0.0000  -30.0000   37.500012112.0049   16.0965
    7.5000  -30.0000   37.500011640.0498   16.0387
   -7.5000  -22.5000   37.500012226.3369   16.1276
    0.0000  -22.5000   37.500012727.0078   16.1185
    7.5000  -22.5000   37.500012289.9141   16.0584
   -7.5000  -15.0000   37.500012728.8496   16.1556
    0.0000  -15.0000   37.500013261.2041   16.1399
    7.5000  -15.0000   37.500012789.4619   16.0790
   -7.5000   -7.5000   37.500013087.8184   16.1630
    0.0000   -7.5000   37.500013633.4756   16.1393
    7.5000   -7.5000   37.500013132.4795   16.0804
   -7.5000    0.0000   37.500013335.3926   16.1432
    0.0000    0.0000   37.500013911.9512   16.1174
    7.5000    0.0000   37.500013361.0830   16.0612
   -7.5000    7.5000   37.500012416.5225   16.1142
    0.0000    7.5000   37.500012971.9482   16.0960
    7.5000    7.5000   37.500012442.7119   16.0401
   -7.5000   15.0000   37.500011483.6719   16.1061
    0.0000   15.0000   37.500011983.7578   16.0965
    7.5000   15.0000   37.500011485.3633   16.0387
   -7.5000   22.5000   37.500010462.7402   16.1204
    0.0000   22.5000   37.500010933.2949   16.1112
    7.5000   22.5000   37.500010453.7080   16.0512
   -7.5000   30.0000   37.5000 9417.8682   15.9909
    0.0000   30.0000   37.5000 9829.3008   15.9753
    7.5000   30.0000   37.5000 9408.9355   15.9149
   -7.5000   37.5000   37.5000 8734.4170   16.1542
    0.0000   37.5000   37.5000 9118.3896   16.1315
    7.5000   37.5000   37.5000 8728.9434   16.0731
   -7.5000   45.0000   37.5000 7810.3135   16.0480
    0.0000   45.0000   37.5000 8139.5913   16.0220
    7.5000   45.0000   37.5000 7788.5083   15.9648
   -7.5000  -45.0000   45.0000 9512.7295   16.3122
    0.0000  -45.0000   45.000010031.9785   16.2946
    7.5000  -45.0000   45.0000 9566.5508   16.2394
   -7.5000  -37.5000   45.0000 9889.7139   16.2832
    0.0000  -37.5000   45.000010430.0645   16.2768
    7.5000  -37.5000   45.0000 9978.1309   16.2223
   -7.5000  -30.0000   45.000010598.6025   16.2826
    0.0000  -30.0000   45.000011099.0205   16.2821
    7.5000  -30.0000   45.000010650.8096   16.2240
   -7.5000  -22.5000   45.000011176.1006   16.3119
    0.0000  -22.5000   45.000011660.6699   16.3045
    7.5000  -22.5000   45.000011228.2236   16.2423
   -7.5000  -15.0000   45.000011639.6846   16.3400
    0.0000  -15.0000   45.000012152.7793   16.3212
    7.5000  -15.0000   45.000011703.9111   16.2576
   -7.5000   -7.5000   45.000011968.3105   16.3396
    0.0000   -7.5000   45.000012490.6201   16.3164
    7.5000   -7.5000   45.000012043.5645   16.2563
   -7.5000    0.0000   45.000012256.4238   16.3122
    0.0000    0.0000   45.000012794.0439   16.2946
    7.5000    0.0000   45.000012282.4570   16.2394
   -7.5000    7.5000   45.000011470.0352   16.2832
    0.0000    7.5000   45.000011972.1719   16.2768
    7.5000    7.5000   45.000011488.2861   16.2223
   -7.5000   15.0000   45.000010603.2139   16.2826
    0.0000   15.0000   45.000011084.4756   16.2821
    7.5000   15.0000   45.000010628.8359   16.2240
   -7.5000   22.5000   45.0000 9639.3438   16.3044
    0.0000   22.5000   45.000010081.0723   16.2970
    7.5000   22.5000   45.0000 9647.6582   16.2349
   -7.5000   30.0000   45.0000 8677.7686   16.1705
    0.0000   30.0000   45.0000 9049.0068   16.1520
    7.5000   30.0000   45.0000 8660.1543   16.0890
   -7.5000   37.5000   45.0000 8053.5776   16.3292
    0.0000   37.5000   45.0000 8414.2441   16.3074
    7.5000   37.5000   45.0000 8062.6226   16.2477
   -7.5000   45.0000   45.0000 7212.5586   16.2257
    0.0000   45.0000   45.0000 7503.6104   16.2088
    7.5000   45.0000   45.0000 7207.0645   16.1522

---------------------------------------------------------------------
imgreg_4dfp /opt/freesurfer/average/711-2C_as_mni_average_305 /opt/freesurfer/average/711-2B_as_mni_average_305_mask talsrcimg_g11 none talsrcimg_to_711-2C_as_mni_average_305_t4 4355
---------------------------------------------------------------------

freesurfer imgreg_4dfp.c
/opt/freesurfer/average/711-2C_as_mni_average_305.4dfp.img
       256       256       256         1
  1.000000  1.000000  1.000000
orientation T byte_order littleendian
Reading image: /opt/freesurfer/average/711-2C_as_mni_average_305.4dfp.img
dimensions:      256       256       256
mmppix:       1.0000   -1.0000   -1.0000
center:     128.0000 -129.0000 -129.0000
/opt/freesurfer/average/711-2B_as_mni_average_305_mask.4dfp.img
       256       256       256         1
  1.000000  1.000000  1.000000
orientation T byte_order littleendian
Reading mask: /opt/freesurfer/average/711-2B_as_mni_average_305_mask.4dfp.img (2306576 pixels)
talsrcimg_g11.4dfp.img
       256       256       256         1
  1.000000  1.000000  1.000000
orientation T byte_order littleendian
Reading image: talsrcimg_g11.4dfp.img
dimensions:      256       256       256
mmppix:       1.0000   -1.0000   -1.0000
center:     128.0000 -129.0000 -129.0000
rotation matrix determinant  1.000000
image alignment mode   4355 decimal     1103 hex
   -7.5000  -45.0000  -45.0000 2179.1934   14.2427
    0.0000  -45.0000  -45.0000 2198.9802   14.1668
    7.5000  -45.0000  -45.0000 2178.3806   14.2901
   -7.5000  -37.5000  -45.0000 2209.4023   13.7255
    0.0000  -37.5000  -45.0000 2229.9863   13.6518
    7.5000  -37.5000  -45.0000 2207.8469   13.7399
   -7.5000  -30.0000  -45.0000 2217.1909   13.5074
    0.0000  -30.0000  -45.0000 2235.9514   13.3933
    7.5000  -30.0000  -45.0000 2220.5356   13.4631
   -7.5000  -22.5000  -45.0000 2216.9819   13.5038
    0.0000  -22.5000  -45.0000 2240.0515   13.3383
    7.5000  -22.5000  -45.0000 2221.4734   13.4127
   -7.5000  -15.0000  -45.0000 2213.4866   13.6422
    0.0000  -15.0000  -45.0000 2237.8108   13.5051
    7.5000  -15.0000  -45.0000 2211.6438   13.5911
   -7.5000   -7.5000  -45.0000 2193.2190   14.0927
    0.0000   -7.5000  -45.0000 2214.7734   13.9362
    7.5000   -7.5000  -45.0000 2193.9634   14.0302
   -7.5000    0.0000  -45.0000 2136.7827   14.7607
    0.0000    0.0000  -45.0000 2167.8669   14.5835
    7.5000    0.0000  -45.0000 2149.0596   14.6746
   -7.5000    7.5000  -45.0000 2074.5142   15.7030
    0.0000    7.5000  -45.0000 2103.7292   15.5260
    7.5000    7.5000  -45.0000 2081.6138   15.6080
   -7.5000   15.0000  -45.0000 1993.7148   17.0507
    0.0000   15.0000  -45.0000 2017.2288   16.8090
    7.5000   15.0000  -45.0000 1996.9587   16.8994
   -7.5000   22.5000  -45.0000 1890.8070   18.8625
    0.0000   22.5000  -45.0000 1910.6057   18.5832
    7.5000   22.5000  -45.0000 1893.9735   18.7156
   -7.5000   30.0000  -45.0000 1777.7521   21.3800
    0.0000   30.0000  -45.0000 1801.0690   21.0471
    7.5000   30.0000  -45.0000 1781.3109   21.1836
   -7.5000   37.5000  -45.0000 1660.0107   24.7729
    0.0000   37.5000  -45.0000 1678.7026   24.3602
    7.5000   37.5000  -45.0000 1668.1243   24.5051
   -7.5000   45.0000  -45.0000 1540.9740   29.6605
    0.0000   45.0000  -45.0000 1558.9641   29.0401
    7.5000   45.0000  -45.0000 1537.5903   29.3263
   -7.5000  -45.0000  -37.5000 2281.2981   13.2580
    0.0000  -45.0000  -37.5000 2303.0867   13.2236
    7.5000  -45.0000  -37.5000 2278.2002   13.2785
   -7.5000  -37.5000  -37.5000 2310.7009   12.7294
    0.0000  -37.5000  -37.5000 2337.0850   12.7156
    7.5000  -37.5000  -37.5000 2308.8376   12.7470
   -7.5000  -30.0000  -37.5000 2313.8413   12.5102
    0.0000  -30.0000  -37.5000 2340.6702   12.4820
    7.5000  -30.0000  -37.5000 2318.0312   12.4769
   -7.5000  -22.5000  -37.5000 2314.5469   12.5032
    0.0000  -22.5000  -37.5000 2340.2131   12.3993
    7.5000  -22.5000  -37.5000 2322.1118   12.4286
   -7.5000  -15.0000  -37.5000 2310.9832   12.6111
    0.0000  -15.0000  -37.5000 2334.8862   12.5308
    7.5000  -15.0000  -37.5000 2313.8459   12.5784
   -7.5000   -7.5000  -37.5000 2284.7856   13.0171
    0.0000   -7.5000  -37.5000 2315.1458   12.9336
    7.5000   -7.5000  -37.5000 2296.0154   12.9748
   -7.5000    0.0000  -37.5000 2235.0667   13.6366
    0.0000    0.0000  -37.5000 2266.6934   13.5105
    7.5000    0.0000  -37.5000 2245.6758   13.5793
   -7.5000    7.5000  -37.5000 2169.2776   14.4807
    0.0000    7.5000  -37.5000 2202.6584   14.3565
    7.5000    7.5000  -37.5000 2182.2461   14.4061
   -7.5000   15.0000  -37.5000 2079.8005   15.6453
    0.0000   15.0000  -37.5000 2107.5557   15.4833
    7.5000   15.0000  -37.5000 2093.2275   15.5462
   -7.5000   22.5000  -37.5000 1973.5613   17.2736
    0.0000   22.5000  -37.5000 1995.7469   17.1137
    7.5000   22.5000  -37.5000 1982.1185   17.1913
   -7.5000   30.0000  -37.5000 1853.3899   19.5423
    0.0000   30.0000  -37.5000 1884.5720   19.3367
    7.5000   30.0000  -37.5000 1865.9773   19.3857
   -7.5000   37.5000  -37.5000 1727.9358   22.5643
    0.0000   37.5000  -37.5000 1757.9789   22.3274
    7.5000   37.5000  -37.5000 1738.1462   22.3943
   -7.5000   45.0000  -37.5000 1604.7213   26.7459
    0.0000   45.0000  -37.5000 1618.8710   26.2937
    7.5000   45.0000  -37.5000 1600.1670   26.4727
   -7.5000  -45.0000  -30.0000 2413.7625   12.7716
    0.0000  -45.0000  -30.0000 2437.9597   12.7637
    7.5000  -45.0000  -30.0000 2411.3860   12.7540
   -7.5000  -37.5000  -30.0000 2448.4448   12.2601
    0.0000  -37.5000  -30.0000 2474.1492   12.2581
    7.5000  -37.5000  -30.0000 2445.1929   12.2430
   -7.5000  -30.0000  -30.0000 2459.5361   12.0272
    0.0000  -30.0000  -30.0000 2488.9297   12.0044
    7.5000  -30.0000  -30.0000 2462.0625   12.0014
   -7.5000  -22.5000  -30.0000 2453.7056   12.0288
    0.0000  -22.5000  -30.0000 2486.9592   11.9873
    7.5000  -22.5000  -30.0000 2463.6052   11.9747
   -7.5000  -15.0000  -30.0000 2444.0757   12.1531
    0.0000  -15.0000  -30.0000 2472.7446   12.1094
    7.5000  -15.0000  -30.0000 2456.3474   12.1056
   -7.5000   -7.5000  -30.0000 2416.8337   12.4796
    0.0000   -7.5000  -30.0000 2455.9590   12.4239
    7.5000   -7.5000  -30.0000 2436.2219   12.4464
   -7.5000    0.0000  -30.0000 2377.4314   13.0326
    0.0000    0.0000  -30.0000 2414.0234   12.9426
    7.5000    0.0000  -30.0000 2391.5381   12.9597
   -7.5000    7.5000  -30.0000 2306.4563   13.8222
    0.0000    7.5000  -30.0000 2338.6985   13.7088
    7.5000    7.5000  -30.0000 2318.5388   13.7304
   -7.5000   15.0000  -30.0000 2207.6433   14.9069
    0.0000   15.0000  -30.0000 2240.3547   14.7998
    7.5000   15.0000  -30.0000 2219.8074   14.8448
   -7.5000   22.5000  -30.0000 2093.8779   16.4376
    0.0000   22.5000  -30.0000 2119.2041   16.3251
    7.5000   22.5000  -30.0000 2099.6157   16.3697
   -7.5000   30.0000  -30.0000 1962.9840   18.5386
    0.0000   30.0000  -30.0000 1996.5813   18.3661
    7.5000   30.0000  -30.0000 1974.9460   18.4168
   -7.5000   37.5000  -30.0000 1834.2500   21.2988
    0.0000   37.5000  -30.0000 1865.8090   21.1039
    7.5000   37.5000  -30.0000 1848.0861   21.2349
   -7.5000   45.0000  -30.0000 1689.8727   25.1211
    0.0000   45.0000  -30.0000 1714.3412   24.7827
    7.5000   45.0000  -30.0000 1694.1340   24.9597
   -7.5000  -45.0000  -22.5000 2513.1594   12.1588
    0.0000  -45.0000  -22.5000 2542.2300   12.1531
    7.5000  -45.0000  -22.5000 2515.5479   12.1265
   -7.5000  -37.5000  -22.5000 2554.4375   11.6715
    0.0000  -37.5000  -22.5000 2579.5845   11.6669
    7.5000  -37.5000  -22.5000 2558.2852   11.6195
   -7.5000  -30.0000  -22.5000 2578.6389   11.4352
    0.0000  -30.0000  -22.5000 2606.7156   11.4073
    7.5000  -30.0000  -22.5000 2579.5347   11.3671
   -7.5000  -22.5000  -22.5000 2579.6802   11.4254
    0.0000  -22.5000  -22.5000 2612.8875   11.4137
    7.5000  -22.5000  -22.5000 2586.6304   11.3542
   -7.5000  -15.0000  -22.5000 2564.5803   11.5492
    0.0000  -15.0000  -22.5000 2602.7844   11.5300
    7.5000  -15.0000  -22.5000 2575.6436   11.4925
   -7.5000   -7.5000  -22.5000 2541.7725   11.8528
    0.0000   -7.5000  -22.5000 2583.5994   11.8001
    7.5000   -7.5000  -22.5000 2559.9097   11.7892
   -7.5000    0.0000  -22.5000 2497.1638   12.3516
    0.0000    0.0000  -22.5000 2541.0645   12.2845
    7.5000    0.0000  -22.5000 2510.6133   12.2856
   -7.5000    7.5000  -22.5000 2419.3040   13.0935
    0.0000    7.5000  -22.5000 2458.8762   13.0036
    7.5000    7.5000  -22.5000 2435.3262   13.0086
   -7.5000   15.0000  -22.5000 2321.9285   14.0909
    0.0000   15.0000  -22.5000 2350.8203   13.9830
    7.5000   15.0000  -22.5000 2325.8069   14.0412
   -7.5000   22.5000  -22.5000 2200.3362   15.5259
    0.0000   22.5000  -22.5000 2225.5740   15.3655
    7.5000   22.5000  -22.5000 2203.3716   15.4263
   -7.5000   30.0000  -22.5000 2058.7844   17.4472
    0.0000   30.0000  -22.5000 2087.3030   17.2864
    7.5000   30.0000  -22.5000 2071.8208   17.3244
   -7.5000   37.5000  -22.5000 1913.0355   20.0152
    0.0000   37.5000  -22.5000 1939.2701   19.8207
    7.5000   37.5000  -22.5000 1927.5901   19.8310
   -7.5000   45.0000  -22.5000 1761.1979   23.5348
    0.0000   45.0000  -22.5000 1782.9398   23.2172
    7.5000   45.0000  -22.5000 1771.3463   23.2966
   -7.5000  -45.0000  -15.0000 2576.4194   11.5924
    0.0000  -45.0000  -15.0000 2603.9204   11.5337
    7.5000  -45.0000  -15.0000 2581.5286   11.5392
   -7.5000  -37.5000  -15.0000 2628.0430   11.0628
    0.0000  -37.5000  -15.0000 2655.5457   11.0268
    7.5000  -37.5000  -15.0000 2641.7998   10.9871
   -7.5000  -30.0000  -15.0000 2660.1204   10.7908
    0.0000  -30.0000  -15.0000 2695.1152   10.7593
    7.5000  -30.0000  -15.0000 2669.7061   10.7131
   -7.5000  -22.5000  -15.0000 2675.4817   10.7699
    0.0000  -22.5000  -15.0000 2711.4697   10.7404
    7.5000  -22.5000  -15.0000 2677.6970   10.6864
   -7.5000  -15.0000  -15.0000 2666.2983   10.9215
    0.0000  -15.0000  -15.0000 2712.5579   10.9023
    7.5000  -15.0000  -15.0000 2676.3516   10.8619
   -7.5000   -7.5000  -15.0000 2646.9651   11.2482
    0.0000   -7.5000  -15.0000 2690.7590   11.1739
    7.5000   -7.5000  -15.0000 2658.8838   11.1790
   -7.5000    0.0000  -15.0000 2594.7427   11.7129
    0.0000    0.0000  -15.0000 2637.1902   11.6299
    7.5000    0.0000  -15.0000 2608.5720   11.6258
   -7.5000    7.5000  -15.0000 2514.6511   12.4111
    0.0000    7.5000  -15.0000 2557.9233   12.3051
    7.5000    7.5000  -15.0000 2524.9727   12.3104
   -7.5000   15.0000  -15.0000 2406.0571   13.3413
    0.0000   15.0000  -15.0000 2438.5576   13.2342
    7.5000   15.0000  -15.0000 2411.9773   13.2431
   -7.5000   22.5000  -15.0000 2274.8601   14.6832
    0.0000   22.5000  -15.0000 2301.6865   14.5402
    7.5000   22.5000  -15.0000 2281.5063   14.5319
   -7.5000   30.0000  -15.0000 2131.2251   16.4899
    0.0000   30.0000  -15.0000 2157.9866   16.3330
    7.5000   30.0000  -15.0000 2140.7712   16.3565
   -7.5000   37.5000  -15.0000 1973.0098   18.9094
    0.0000   37.5000  -15.0000 1993.0076   18.6709
    7.5000   37.5000  -15.0000 1979.5065   18.6976
   -7.5000   45.0000  -15.0000 1816.2631   22.0999
    0.0000   45.0000  -15.0000 1836.6593   21.7582
    7.5000   45.0000  -15.0000 1821.7985   21.8265
   -7.5000  -45.0000   -7.5000 2618.3171   11.0775
    0.0000  -45.0000   -7.5000 2655.1743   11.0459
    7.5000  -45.0000   -7.5000 2629.1865   11.0727
   -7.5000  -37.5000   -7.5000 2687.2842   10.4923
    0.0000  -37.5000   -7.5000 2725.0684   10.4562
    7.5000  -37.5000   -7.5000 2701.3633   10.4700
   -7.5000  -30.0000   -7.5000 2727.0979   10.2131
    0.0000  -30.0000   -7.5000 2765.3606   10.1325
    7.5000  -30.0000   -7.5000 2735.4746   10.1623
   -7.5000  -22.5000   -7.5000 2750.4954   10.1474
    0.0000  -22.5000   -7.5000 2791.3843   10.0862
    7.5000  -22.5000   -7.5000 2757.0962   10.0890
   -7.5000  -15.0000   -7.5000 2750.3318   10.3448
    0.0000  -15.0000   -7.5000 2796.2388   10.2735
    7.5000  -15.0000   -7.5000 2756.3811   10.2728
   -7.5000   -7.5000   -7.5000 2723.6948   10.6954
    0.0000   -7.5000   -7.5000 2770.0842   10.6017
    7.5000   -7.5000   -7.5000 2735.6365   10.5976
   -7.5000    0.0000   -7.5000 2664.6733   11.1291
    0.0000    0.0000   -7.5000 2710.0715   11.0479
    7.5000    0.0000   -7.5000 2679.6777   11.0416
   -7.5000    7.5000   -7.5000 2582.7290   11.7592
    0.0000    7.5000   -7.5000 2622.3225   11.6616
    7.5000    7.5000   -7.5000 2594.7263   11.6891
   -7.5000   15.0000   -7.5000 2467.6699   12.6445
    0.0000   15.0000   -7.5000 2503.6750   12.5445
    7.5000   15.0000   -7.5000 2480.8745   12.5860
   -7.5000   22.5000   -7.5000 2327.9089   13.9488
    0.0000   22.5000   -7.5000 2362.8838   13.8050
    7.5000   22.5000   -7.5000 2338.4453   13.8451
   -7.5000   30.0000   -7.5000 2183.9333   15.6964
    0.0000   30.0000   -7.5000 2207.8037   15.5617
    7.5000   30.0000   -7.5000 2193.3687   15.5702
   -7.5000   37.5000   -7.5000 2019.5938   18.0224
    0.0000   37.5000   -7.5000 2043.8048   17.7710
    7.5000   37.5000   -7.5000 2026.8845   17.8244
   -7.5000   45.0000   -7.5000 1857.7858   20.9926
    0.0000   45.0000   -7.5000 1871.7891   20.7102
    7.5000   45.0000   -7.5000 1859.2010   20.7663
   -7.5000  -45.0000    0.0000 2632.7825   10.7815
    0.0000  -45.0000    0.0000 2668.6277   10.6869
    7.5000  -45.0000    0.0000 2645.8625   10.7823
   -7.5000  -37.5000    0.0000 2725.7964   10.1641
    0.0000  -37.5000    0.0000 2763.0144   10.0603
    7.5000  -37.5000    0.0000 2737.7671   10.1499
   -7.5000  -30.0000    0.0000 2774.7998    9.8471
    0.0000  -30.0000    0.0000 2817.1199    9.7422
    7.5000  -30.0000    0.0000 2788.6150    9.8375
   -7.5000  -22.5000    0.0000 2804.7764    9.7624
    0.0000  -22.5000    0.0000 2852.8914    9.6394
    7.5000  -22.5000    0.0000 2816.0713    9.7441
   -7.5000  -15.0000    0.0000 2805.5732    9.9658
    0.0000  -15.0000    0.0000 2857.1267    9.8174
    7.5000  -15.0000    0.0000 2818.3425    9.9250
   -7.5000   -7.5000    0.0000 2777.6665   10.2969
    0.0000   -7.5000    0.0000 2824.7922   10.1706
    7.5000   -7.5000    0.0000 2797.6482   10.2418
   -7.5000    0.0000    0.0000 2719.3921   10.7112
    0.0000    0.0000    0.0000 2762.2759   10.5800
    7.5000    0.0000    0.0000 2739.3696   10.6542
   -7.5000    7.5000    0.0000 2628.5356   11.3008
    0.0000    7.5000    0.0000 2669.9568   11.1707
    7.5000    7.5000    0.0000 2644.3098   11.2775
   -7.5000   15.0000    0.0000 2507.1978   12.2093
    0.0000   15.0000    0.0000 2546.4917   12.0820
    7.5000   15.0000    0.0000 2520.3352   12.1909
   -7.5000   22.5000    0.0000 2365.0181   13.5219
    0.0000   22.5000    0.0000 2407.7144   13.3877
    7.5000   22.5000    0.0000 2381.6394   13.4776
   -7.5000   30.0000    0.0000 2217.5293   15.2119
    0.0000   30.0000    0.0000 2249.9800   15.0234
    7.5000   30.0000    0.0000 2228.8809   15.1328
   -7.5000   37.5000    0.0000 2055.8618   17.3774
    0.0000   37.5000    0.0000 2088.8730   17.1786
    7.5000   37.5000    0.0000 2063.9043   17.2614
   -7.5000   45.0000    0.0000 1880.6156   20.1699
    0.0000   45.0000    0.0000 1907.2859   19.8958
    7.5000   45.0000    0.0000 1888.8708   20.0106
   -7.5000  -45.0000    7.5000 2629.9167   10.6520
    0.0000  -45.0000    7.5000 2662.7896   10.4991
    7.5000  -45.0000    7.5000 2642.4702   10.6304
   -7.5000  -37.5000    7.5000 2740.1284   10.0770
    0.0000  -37.5000    7.5000 2779.6206    9.9485
    7.5000  -37.5000    7.5000 2755.5125   10.0536
   -7.5000  -30.0000    7.5000 2807.6321    9.8187
    0.0000  -30.0000    7.5000 2855.5859    9.6963
    7.5000  -30.0000    7.5000 2830.5693    9.7879
   -7.5000  -22.5000    7.5000 2857.0032    9.7339
    0.0000  -22.5000    7.5000 2915.6990    9.5647
    7.5000  -22.5000    7.5000 2881.8584    9.7267
   -7.5000  -15.0000    7.5000 2857.3804    9.8526
    0.0000  -15.0000    7.5000 2915.6062    9.6613
    7.5000  -15.0000    7.5000 2873.6067    9.8317
   -7.5000   -7.5000    7.5000 2817.7766   10.0817
    0.0000   -7.5000    7.5000 2864.7881    9.9102
    7.5000   -7.5000    7.5000 2832.6570   10.0393
   -7.5000    0.0000    7.5000 2749.0061   10.4443
    0.0000    0.0000    7.5000 2791.6389   10.2847
    7.5000    0.0000    7.5000 2768.8838   10.3868
   -7.5000    7.5000    7.5000 2656.9807   11.0379
    0.0000    7.5000    7.5000 2698.8098   10.9013
    7.5000    7.5000    7.5000 2673.6292   11.0050
   -7.5000   15.0000    7.5000 2525.3938   11.9944
    0.0000   15.0000    7.5000 2565.3513   11.8765
    7.5000   15.0000    7.5000 2537.1108   11.9493
   -7.5000   22.5000    7.5000 2391.0676   13.3204
    0.0000   22.5000    7.5000 2427.3643   13.1956
    7.5000   22.5000    7.5000 2405.7610   13.2286
   -7.5000   30.0000    7.5000 2239.0327   14.9382
    0.0000   30.0000    7.5000 2272.4756   14.8195
    7.5000   30.0000    7.5000 2253.9680   14.8561
   -7.5000   37.5000    7.5000 2073.8132   17.0650
    0.0000   37.5000    7.5000 2112.6096   16.8620
    7.5000   37.5000    7.5000 2092.6025   16.9170
   -7.5000   45.0000    7.5000 1897.1775   19.7646
    0.0000   45.0000    7.5000 1929.5105   19.4849
    7.5000   45.0000    7.5000 1912.9528   19.5744
   -7.5000  -45.0000   15.0000 2612.2876   10.7125
    0.0000  -45.0000   15.0000 2638.5881   10.5244
    7.5000  -45.0000   15.0000 2625.6072   10.7114
   -7.5000  -37.5000   15.0000 2724.3574   10.1822
    0.0000  -37.5000   15.0000 2764.1279   10.0435
    7.5000  -37.5000   15.0000 2737.5078   10.1616
   -7.5000  -30.0000   15.0000 2815.5303    9.9280
    0.0000  -30.0000   15.0000 2869.1765    9.8693
    7.5000  -30.0000   15.0000 2828.7705    9.8925
   -7.5000  -22.5000   15.0000 2885.7163    9.8659
    0.0000  -22.5000   15.0000 2953.9905    9.8039
    7.5000  -22.5000   15.0000 2893.3367    9.7964
   -7.5000  -15.0000   15.0000 2887.8066    9.9051
    0.0000  -15.0000   15.0000 2954.7842    9.7751
    7.5000  -15.0000   15.0000 2899.1787    9.8303
   -7.5000   -7.5000   15.0000 2837.7480   10.0323
    0.0000   -7.5000   15.0000 2888.5996    9.8666
    7.5000   -7.5000   15.0000 2850.4968    9.9962
   -7.5000    0.0000   15.0000 2753.9182   10.3711
    0.0000    0.0000   15.0000 2798.7686   10.2222
    7.5000    0.0000   15.0000 2769.6870   10.3404
   -7.5000    7.5000   15.0000 2656.0449   10.9797
    0.0000    7.5000   15.0000 2693.0408   10.8341
    7.5000    7.5000   15.0000 2673.6189   10.9219
   -7.5000   15.0000   15.0000 2530.7429   11.9110
    0.0000   15.0000   15.0000 2561.7261   11.7781
    7.5000   15.0000   15.0000 2541.0151   11.8497
   -7.5000   22.5000   15.0000 2393.7646   13.2416
    0.0000   22.5000   15.0000 2424.6499   13.1167
    7.5000   22.5000   15.0000 2406.5183   13.1323
   -7.5000   30.0000   15.0000 2240.0496   14.8907
    0.0000   30.0000   15.0000 2273.7295   14.7704
    7.5000   30.0000   15.0000 2256.1133   14.7707
   -7.5000   37.5000   15.0000 2071.5122   16.8758
    0.0000   37.5000   15.0000 2113.9858   16.7652
    7.5000   37.5000   15.0000 2090.2090   16.7463
   -7.5000   45.0000   15.0000 1895.9631   19.5277
    0.0000   45.0000   15.0000 1929.8140   19.3543
    7.5000   45.0000   15.0000 1912.2328   19.3564
   -7.5000  -45.0000   22.5000 2579.2644   10.9947
    0.0000  -45.0000   22.5000 2607.9294   10.8809
    7.5000  -45.0000   22.5000 2583.2151   11.0034
   -7.5000  -37.5000   22.5000 2691.9434   10.4335
    0.0000  -37.5000   22.5000 2734.3523   10.3339
    7.5000  -37.5000   22.5000 2698.6433   10.3990
   -7.5000  -30.0000   22.5000 2787.9763   10.1215
    0.0000  -30.0000   22.5000 2847.3574   10.0553
    7.5000  -30.0000   22.5000 2802.1396   10.0665
   -7.5000  -22.5000   22.5000 2864.2520    9.9907
    0.0000  -22.5000   22.5000 2931.8237    9.8871
    7.5000  -22.5000   22.5000 2866.3218    9.9369
   -7.5000  -15.0000   22.5000 2876.3567    9.9935
    0.0000  -15.0000   22.5000 2934.8533    9.8370
    7.5000  -15.0000   22.5000 2879.1365    9.9366
   -7.5000   -7.5000   22.5000 2831.7539   10.1895
    0.0000   -7.5000   22.5000 2882.2439   10.0584
    7.5000   -7.5000   22.5000 2837.5540   10.1632
   -7.5000    0.0000   22.5000 2739.2195   10.5893
    0.0000    0.0000   22.5000 2781.4417   10.4849
    7.5000    0.0000   22.5000 2748.3081   10.5722
   -7.5000    7.5000   22.5000 2627.3982   11.1760
    0.0000    7.5000   22.5000 2663.4585   11.0640
    7.5000    7.5000   22.5000 2643.6138   11.1308
   -7.5000   15.0000   22.5000 2507.9758   12.0645
    0.0000   15.0000   22.5000 2536.9182   11.9243
    7.5000   15.0000   22.5000 2523.1614   11.9696
   -7.5000   22.5000   22.5000 2376.7200   13.2961
    0.0000   22.5000   22.5000 2405.5278   13.1617
    7.5000   22.5000   22.5000 2388.9453   13.1665
   -7.5000   30.0000   22.5000 2225.6223   14.8586
    0.0000   30.0000   22.5000 2255.6104   14.7368
    7.5000   30.0000   22.5000 2241.3040   14.7266
   -7.5000   37.5000   22.5000 2057.3394   16.8477
    0.0000   37.5000   22.5000 2088.5691   16.7146
    7.5000   37.5000   22.5000 2071.7327   16.7302
   -7.5000   45.0000   22.5000 1882.6580   19.4890
    0.0000   45.0000   22.5000 1917.0009   19.3239
    7.5000   45.0000   22.5000 1896.2704   19.3350
   -7.5000  -45.0000   30.0000 2534.5208   11.4718
    0.0000  -45.0000   30.0000 2567.3684   11.3356
    7.5000  -45.0000   30.0000 2538.2698   11.4408
   -7.5000  -37.5000   30.0000 2643.9395   10.8270
    0.0000  -37.5000   30.0000 2684.6033   10.6758
    7.5000  -37.5000   30.0000 2651.2461   10.7814
   -7.5000  -30.0000   30.0000 2740.7039   10.4173
    0.0000  -30.0000   30.0000 2792.4683   10.2781
    7.5000  -30.0000   30.0000 2754.2959   10.3673
   -7.5000  -22.5000   30.0000 2801.8538   10.2223
    0.0000  -22.5000   30.0000 2857.0071   10.0171
    7.5000  -22.5000   30.0000 2812.6787   10.1998
   -7.5000  -15.0000   30.0000 2819.3176   10.2221
    0.0000  -15.0000   30.0000 2870.5095   10.0278
    7.5000  -15.0000   30.0000 2831.1687   10.1990
   -7.5000   -7.5000   30.0000 2789.1816   10.4604
    0.0000   -7.5000   30.0000 2839.4004   10.3155
    7.5000   -7.5000   30.0000 2795.1970   10.4426
   -7.5000    0.0000   30.0000 2700.0564   10.9408
    0.0000    0.0000   30.0000 2745.9399   10.8147
    7.5000    0.0000   30.0000 2705.9644   10.9060
   -7.5000    7.5000   30.0000 2581.1296   11.5947
    0.0000    7.5000   30.0000 2617.5522   11.4697
    7.5000    7.5000   30.0000 2597.1331   11.5240
   -7.5000   15.0000   30.0000 2465.3008   12.4368
    0.0000   15.0000   30.0000 2501.0994   12.3042
    7.5000   15.0000   30.0000 2481.2024   12.3528
   -7.5000   22.5000   30.0000 2339.5222   13.5815
    0.0000   22.5000   30.0000 2368.9751   13.4435
    7.5000   22.5000   30.0000 2354.7603   13.4536
   -7.5000   30.0000   30.0000 2189.8418   15.0513
    0.0000   30.0000   30.0000 2218.3796   14.9294
    7.5000   30.0000   30.0000 2203.2053   14.9114
   -7.5000   37.5000   30.0000 2025.1426   17.0490
    0.0000   37.5000   30.0000 2048.9937   16.8568
    7.5000   37.5000   30.0000 2037.8582   16.8558
   -7.5000   45.0000   30.0000 1859.3094   19.6552
    0.0000   45.0000   30.0000 1884.9396   19.3639
    7.5000   45.0000   30.0000 1872.1694   19.3880
   -7.5000  -45.0000   37.5000 2485.7615   12.0756
    0.0000  -45.0000   37.5000 2525.1895   11.9330
    7.5000  -45.0000   37.5000 2486.7239   12.0811
   -7.5000  -37.5000   37.5000 2592.7202   11.3456
    0.0000  -37.5000   37.5000 2634.6160   11.1883
    7.5000  -37.5000   37.5000 2600.0840   11.3175
   -7.5000  -30.0000   37.5000 2678.7805   10.8732
    0.0000  -30.0000   37.5000 2724.1643   10.6739
    7.5000  -30.0000   37.5000 2688.9507   10.8524
   -7.5000  -22.5000   37.5000 2730.1975   10.6285
    0.0000  -22.5000   37.5000 2774.0146   10.4131
    7.5000  -22.5000   37.5000 2744.7603   10.6016
   -7.5000  -15.0000   37.5000 2742.3723   10.6764
    0.0000  -15.0000   37.5000 2783.3833   10.4880
    7.5000  -15.0000   37.5000 2758.8284   10.6276
   -7.5000   -7.5000   37.5000 2709.7812   10.9291
    0.0000   -7.5000   37.5000 2754.0920   10.7680
    7.5000   -7.5000   37.5000 2724.7896   10.8777
   -7.5000    0.0000   37.5000 2635.3047   11.4097
    0.0000    0.0000   37.5000 2680.5288   11.2619
    7.5000    0.0000   37.5000 2647.4275   11.3654
   -7.5000    7.5000   37.5000 2528.1863   12.0676
    0.0000    7.5000   37.5000 2568.4949   11.9338
    7.5000    7.5000   37.5000 2543.7036   12.0169
   -7.5000   15.0000   37.5000 2414.7307   12.9410
    0.0000   15.0000   37.5000 2450.7720   12.7953
    7.5000   15.0000   37.5000 2431.5288   12.8743
   -7.5000   22.5000   37.5000 2285.9336   14.0682
    0.0000   22.5000   37.5000 2320.1602   13.9197
    7.5000   22.5000   37.5000 2304.2498   13.9431
   -7.5000   30.0000   37.5000 2138.6230   15.5257
    0.0000   30.0000   37.5000 2163.2751   15.3292
    7.5000   30.0000   37.5000 2154.4067   15.3262
   -7.5000   37.5000   37.5000 1976.8617   17.4416
    0.0000   37.5000   37.5000 2001.5609   17.2169
    7.5000   37.5000   37.5000 1995.1411   17.1967
   -7.5000   45.0000   37.5000 1824.1143   20.0388
    0.0000   45.0000   37.5000 1844.5881   19.6660
    7.5000   45.0000   37.5000 1836.0322   19.7645
   -7.5000  -45.0000   45.0000 2425.5493   12.8113
    0.0000  -45.0000   45.0000 2467.7996   12.6579
    7.5000  -45.0000   45.0000 2429.5366   12.7974
   -7.5000  -37.5000   45.0000 2525.5242   11.9869
    0.0000  -37.5000   45.0000 2572.2827   11.8288
    7.5000  -37.5000   45.0000 2534.8274   12.0037
   -7.5000  -30.0000   45.0000 2604.1934   11.4927
    0.0000  -30.0000   45.0000 2653.7068   11.2933
    7.5000  -30.0000   45.0000 2613.1763   11.4988
   -7.5000  -22.5000   45.0000 2654.9102   11.2035
    0.0000  -22.5000   45.0000 2696.5537   11.0183
    7.5000  -22.5000   45.0000 2665.8918   11.1729
   -7.5000  -15.0000   45.0000 2654.0657   11.2835
    0.0000  -15.0000   45.0000 2693.7158   11.1099
    7.5000  -15.0000   45.0000 2668.9441   11.2375
   -7.5000   -7.5000   45.0000 2614.0015   11.5663
    0.0000   -7.5000   45.0000 2654.0710   11.3948
    7.5000   -7.5000   45.0000 2635.1343   11.5048
   -7.5000    0.0000   45.0000 2547.3052   12.0340
    0.0000    0.0000   45.0000 2593.2141   11.8571
    7.5000    0.0000   45.0000 2560.9912   11.9778
   -7.5000    7.5000   45.0000 2458.1577   12.6708
    0.0000    7.5000   45.0000 2502.4424   12.4940
    7.5000    7.5000   45.0000 2472.2314   12.6067
   -7.5000   15.0000   45.0000 2351.7754   13.5209
    0.0000   15.0000   45.0000 2391.6423   13.3831
    7.5000   15.0000   45.0000 2372.6682   13.4689
   -7.5000   22.5000   45.0000 2223.7534   14.6890
    0.0000   22.5000   45.0000 2258.8472   14.5456
    7.5000   22.5000   45.0000 2248.6729   14.5411
   -7.5000   30.0000   45.0000 2073.1138   16.1793
    0.0000   30.0000   45.0000 2101.5059   16.0045
    7.5000   30.0000   45.0000 2093.8340   15.9774
   -7.5000   37.5000   45.0000 1922.9993   18.0431
    0.0000   37.5000   45.0000 1953.6653   17.8187
    7.5000   37.5000   45.0000 1942.2601   17.8710
   -7.5000   45.0000   45.0000 1782.0479   20.6101
    0.0000   45.0000   45.0000 1802.7357   20.2815
    7.5000   45.0000   45.0000 1795.6743   20.4383

---------------------------------------------------------------------
imgreg_4dfp /opt/freesurfer/average/711-2C_as_mni_average_305 /opt/freesurfer/average/711-2B_as_mni_average_305_mask talsrcimg_g11 none talsrcimg_to_711-2C_as_mni_average_305_t4 1283
---------------------------------------------------------------------

freesurfer imgreg_4dfp.c
/opt/freesurfer/average/711-2C_as_mni_average_305.4dfp.img
       256       256       256         1
  1.000000  1.000000  1.000000
orientation T byte_order littleendian
Reading image: /opt/freesurfer/average/711-2C_as_mni_average_305.4dfp.img
dimensions:      256       256       256
mmppix:       1.0000   -1.0000   -1.0000
center:     128.0000 -129.0000 -129.0000
/opt/freesurfer/average/711-2B_as_mni_average_305_mask.4dfp.img
       256       256       256         1
  1.000000  1.000000  1.000000
orientation T byte_order littleendian
Reading mask: /opt/freesurfer/average/711-2B_as_mni_average_305_mask.4dfp.img (2306576 pixels)
talsrcimg_g11.4dfp.img
       256       256       256         1
  1.000000  1.000000  1.000000
orientation T byte_order littleendian
Reading image: talsrcimg_g11.4dfp.img
dimensions:      256       256       256
mmppix:       1.0000   -1.0000   -1.0000
center:     128.0000 -129.0000 -129.0000
rotation matrix determinant  1.000000
fimgreg.f
image alignment mode   1283 decimal      503 hex
parameters
    0.0000  -15.0000   15.0000    0.0000    0.0000    0.0000
eta,q 0.92638  9.71506
niter,ni,del,rscale     5    3   12.0000    1.2000
parameter  2  0.690570 ->  0.500000 qaram    1.1500
parameter  4  1.128314 ->  0.500000 qaram    1.1500
parameters
    0.5630  -18.4500   15.5959   -3.4500   -0.6575   -0.9276
eta,q 0.93815  9.77375
  0.0889  0.0692  0.0772  0.0612  0.0699  0.0666
  0.0837  0.0673  0.0735  0.0618  0.0653  0.0638
  0.0774  0.0681  0.0695  0.0636  0.0621  0.0623
  0.0723  0.0713  0.0668  0.0662  0.0622  0.0618
  0.0723  0.0765  0.0669  0.0703  0.0651  0.0630
  0.0776  0.0824  0.0702  0.0753  0.0685  0.0664
  0.0861  0.0888  0.0748  0.0801  0.0728  0.0718
niter,ni,del,rscale     6    3   12.0000    1.2000
parameter  4  0.575906 ->  0.500000 qaram    1.3225
parameters
    0.5654  -17.4632   15.2001   -7.4175   -0.2369   -1.4352
eta,q 0.94057  9.73825
  0.0799  0.0818  0.0710  0.0604  0.0703  0.0653
  0.0726  0.0720  0.0660  0.0595  0.0649  0.0617
  0.0655  0.0657  0.0628  0.0602  0.0612  0.0598
  0.0619  0.0619  0.0615  0.0616  0.0594  0.0595
  0.0645  0.0627  0.0628  0.0643  0.0606  0.0605
  0.0714  0.0675  0.0680  0.0692  0.0632  0.0634
  0.0810  0.0726  0.0743  0.0756  0.0676  0.0678
niter,ni,del,rscale     6    3   12.0000    1.2000
parameters
    0.3257  -15.8898   14.6945   -8.5784   -0.1585   -1.5783
eta,q 0.94103  9.76641
  0.0773  0.0810  0.0684  0.0661  0.0682  0.0646
  0.0690  0.0708  0.0638  0.0612  0.0633  0.0614
  0.0624  0.0632  0.0602  0.0595  0.0605  0.0597
  0.0594  0.0595  0.0591  0.0591  0.0589  0.0589
  0.0631  0.0597  0.0614  0.0618  0.0601  0.0592
  0.0710  0.0630  0.0661  0.0653  0.0629  0.0616
  0.0803  0.0671  0.0721  0.0708  0.0678  0.0655
niter,ni,del,rscale     5    3   12.0000    1.2000
parameters
    0.1944  -15.3941   14.4765   -8.9267   -0.0490   -1.7124
eta,q 0.94076  9.77607
  0.0768  0.0749  0.0685  0.0686  0.0680  0.0644
  0.0686  0.0660  0.0639  0.0627  0.0634  0.0612
  0.0625  0.0600  0.0605  0.0599  0.0608  0.0598
  0.0590  0.0590  0.0592  0.0592  0.0593  0.0592
  0.0615  0.0605  0.0607  0.0611  0.0601  0.0594
  0.0694  0.0643  0.0646  0.0648  0.0629  0.0615
  0.0791  0.0698  0.0702  0.0695  0.0677  0.0651
niter,ni,del,rscale     4    3   12.0000    1.2000
parameters
    0.1203  -15.2784   14.4211   -9.0675    0.0402   -1.7811
eta,q 0.94067  9.77716
  0.0770  0.0732  0.0689  0.0693  0.0678  0.0645
  0.0688  0.0645  0.0641  0.0633  0.0634  0.0613
  0.0627  0.0593  0.0605  0.0601  0.0610  0.0598
  0.0592  0.0593  0.0593  0.0593  0.0594  0.0593
  0.0613  0.0608  0.0606  0.0610  0.0601  0.0596
  0.0690  0.0652  0.0641  0.0646  0.0629  0.0614
  0.0788  0.0709  0.0695  0.0692  0.0677  0.0650
niter,ni,del,rscale     3    3   12.0000    1.2000
parameters
    0.0756  -15.2228   14.4136   -9.1359    0.1013   -1.8249
eta,q 0.94062  9.77792
  0.0772  0.0730  0.0691  0.0695  0.0676  0.0646
  0.0689  0.0642  0.0641  0.0636  0.0634  0.0613
  0.0628  0.0592  0.0605  0.0601  0.0610  0.0598
  0.0593  0.0594  0.0594  0.0594  0.0594  0.0594
  0.0613  0.0609  0.0606  0.0610  0.0602  0.0596
  0.0688  0.0654  0.0639  0.0646  0.0630  0.0614
  0.0786  0.0710  0.0693  0.0691  0.0677  0.0649
niter,ni,del,rscale     2    3   12.0000    1.2000
parameters
    0.0465  -15.1907   14.4138   -9.1797    0.1416   -1.8534
eta,q 0.94060  9.77821
  0.0773  0.0729  0.0691  0.0696  0.0676  0.0647
  0.0690  0.0641  0.0641  0.0637  0.0634  0.0613
  0.0628  0.0592  0.0605  0.0601  0.0611  0.0598
  0.0594  0.0594  0.0594  0.0594  0.0594  0.0594
  0.0613  0.0609  0.0606  0.0610  0.0602  0.0597
  0.0687  0.0655  0.0639  0.0646  0.0630  0.0614
  0.0785  0.0710  0.0692  0.0691  0.0678  0.0649
registration optimization eta report
parameter search radius
    6.0000    6.9000    6.0000    7.9350    6.0000    6.0000
100000*second partial in parameter space
       50.       27.       27.       16.       22.       15.
  0.0773  0.0729  0.0691  0.0696  0.0676  0.0647
  0.0690  0.0641  0.0641  0.0637  0.0634  0.0613
  0.0628  0.0592  0.0605  0.0601  0.0611  0.0598
  0.0594  0.0594  0.0594  0.0594  0.0594  0.0594
  0.0613  0.0609  0.0606  0.0610  0.0602  0.0597
  0.0687  0.0655  0.0639  0.0646  0.0630  0.0614
  0.0785  0.0710  0.0692  0.0691  0.0678  0.0649
    0.0465  -15.1907   14.4138   -9.1797    0.1416   -1.8534
eta,q 0.94060  9.77821

---------------------------------------------------------------------
imgreg_4dfp /opt/freesurfer/average/711-2C_as_mni_average_305 /opt/freesurfer/average/711-2B_as_mni_average_305_mask talsrcimg_g11 none talsrcimg_to_711-2C_as_mni_average_305_t4 3335
---------------------------------------------------------------------

freesurfer imgreg_4dfp.c
/opt/freesurfer/average/711-2C_as_mni_average_305.4dfp.img
       256       256       256         1
  1.000000  1.000000  1.000000
orientation T byte_order littleendian
Reading image: /opt/freesurfer/average/711-2C_as_mni_average_305.4dfp.img
dimensions:      256       256       256
mmppix:       1.0000   -1.0000   -1.0000
center:     128.0000 -129.0000 -129.0000
/opt/freesurfer/average/711-2B_as_mni_average_305_mask.4dfp.img
       256       256       256         1
  1.000000  1.000000  1.000000
orientation T byte_order littleendian
Reading mask: /opt/freesurfer/average/711-2B_as_mni_average_305_mask.4dfp.img (2306576 pixels)
talsrcimg_g11.4dfp.img
       256       256       256         1
  1.000000  1.000000  1.000000
orientation T byte_order littleendian
Reading image: talsrcimg_g11.4dfp.img
dimensions:      256       256       256
mmppix:       1.0000   -1.0000   -1.0000
center:     128.0000 -129.0000 -129.0000
fimgreg.f
image alignment mode   3335 decimal      D07 hex
parameters
    0.0465  -15.1907   14.4138   -0.0526   -1.3336   -1.2810
    3.2322    0.2721   -3.2342   15.9527    0.2472  -15.9531
eta,q 0.94373  9.70816
niter,ni,del,rscale     5    3    5.0000    1.2000
parameter  4  2.171884 ->  0.500000 qaram    1.1500
parameter  5  2.313406 ->  0.500000 qaram    1.1500
parameters
   -0.2809  -15.0610   14.4653   -4.1926   -5.4736   -3.0553
    5.1416   -0.0096   -1.4434   13.9641    1.2356  -18.2434
eta,q 0.95400  9.44286
  0.0586  0.0586  0.0582  0.0484  0.0451  0.0484  0.0517  0.0518  0.0492  0.0483  0.0474  0.0469
  0.0570  0.0574  0.0571  0.0504  0.0465  0.0475  0.0497  0.0489  0.0480  0.0468  0.0468  0.0462
  0.0563  0.0566  0.0564  0.0530  0.0485  0.0470  0.0480  0.0471  0.0471  0.0462  0.0464  0.0460
  0.0563  0.0562  0.0562  0.0562  0.0510  0.0469  0.0469  0.0467  0.0466  0.0465  0.0462  0.0462
  0.0569  0.0564  0.0564  0.0596  0.0538  0.0475  0.0467  0.0475  0.0466  0.0478  0.0462  0.0468
  0.0582  0.0571  0.0570  0.0636  0.0568  0.0492  0.0472  0.0495  0.0469  0.0496  0.0464  0.0478
  0.0603  0.0582  0.0581  0.0683  0.0602  0.0528  0.0485  0.0526  0.0475  0.0519  0.0469  0.0490
niter,ni,del,rscale     6    3    5.0000    1.2000
parameter  4  1.449813 ->  0.500000 qaram    1.3225
parameter  5  1.072148 ->  0.500000 qaram    1.3225
parameters
   -0.2683  -14.8710   14.4444   -8.9536  -10.2346   -3.2747
    5.2170   -0.3427   -1.8613   13.9534    0.0812  -19.9174
eta,q 0.96087  9.11596
  0.0502  0.0495  0.0479  0.0404  0.0388  0.0416  0.0432  0.0446  0.0413  0.0428  0.0400  0.0402
  0.0479  0.0477  0.0468  0.0416  0.0391  0.0402  0.0411  0.0416  0.0402  0.0408  0.0395  0.0395
  0.0464  0.0465  0.0462  0.0434  0.0402  0.0394  0.0398  0.0397  0.0395  0.0397  0.0392  0.0391
  0.0460  0.0460  0.0460  0.0460  0.0420  0.0393  0.0393  0.0393  0.0393  0.0393  0.0393  0.0392
  0.0465  0.0462  0.0462  0.0494  0.0447  0.0396  0.0397  0.0402  0.0397  0.0397  0.0395  0.0397
  0.0478  0.0471  0.0469  0.0532  0.0477  0.0403  0.0410  0.0424  0.0405  0.0409  0.0400  0.0406
  0.0501  0.0485  0.0480  0.0576  0.0511  0.0419  0.0431  0.0456  0.0418  0.0427  0.0406  0.0418
niter,ni,del,rscale     7    3    5.0000    1.2000
parameter  4  0.648421 ->  0.500000 qaram    1.5209
parameters
   -0.1034  -14.4777   14.7583  -14.4288  -14.4822   -3.8864
    4.7655   -0.2724   -2.7701   14.2211    0.8903  -20.0288
eta,q 0.96375  8.64451
  0.0446  0.0436  0.0416  0.0376  0.0376  0.0386  0.0399  0.0424  0.0382  0.0399  0.0378  0.0379
  0.0418  0.0414  0.0403  0.0371  0.0366  0.0371  0.0378  0.0394  0.0370  0.0379  0.0371  0.0370
  0.0399  0.0399  0.0394  0.0376  0.0365  0.0364  0.0366  0.0372  0.0364  0.0367  0.0365  0.0364
  0.0391  0.0391  0.0390  0.0390  0.0372  0.0364  0.0364  0.0363  0.0363  0.0363  0.0363  0.0362
  0.0394  0.0391  0.0391  0.0414  0.0387  0.0370  0.0371  0.0370  0.0369  0.0366  0.0363  0.0365
  0.0408  0.0399  0.0396  0.0451  0.0414  0.0378  0.0386  0.0391  0.0379  0.0377  0.0366  0.0371
  0.0433  0.0414  0.0405  0.0495  0.0449  0.0392  0.0407  0.0423  0.0393  0.0394  0.0373  0.0380
niter,ni,del,rscale     7    3    5.0000    1.2000
parameters
   -0.2221  -14.0356   15.0700  -15.6994  -15.1795   -3.7849
    4.8773   -0.3635   -2.9763   14.7827    1.1371  -20.1159
eta,q 0.96402  8.55986
  0.0408  0.0408  0.0386  0.0407  0.0394  0.0387  0.0401  0.0419  0.0384  0.0398  0.0373  0.0376
  0.0382  0.0385  0.0374  0.0378  0.0373  0.0371  0.0380  0.0388  0.0370  0.0378  0.0366  0.0367
  0.0366  0.0370  0.0366  0.0363  0.0362  0.0362  0.0365  0.0367  0.0362  0.0365  0.0362  0.0362
  0.0363  0.0362  0.0362  0.0361  0.0360  0.0360  0.0360  0.0360  0.0360  0.0360  0.0360  0.0360
  0.0370  0.0362  0.0362  0.0373  0.0367  0.0364  0.0365  0.0368  0.0364  0.0362  0.0361  0.0362
  0.0388  0.0370  0.0367  0.0398  0.0381  0.0372  0.0378  0.0390  0.0373  0.0371  0.0365  0.0368
  0.0417  0.0383  0.0376  0.0434  0.0404  0.0384  0.0399  0.0422  0.0386  0.0387  0.0372  0.0377
niter,ni,del,rscale     6    3    5.0000    1.2000
parameters
   -0.2515  -13.8212   15.0174  -15.8283  -15.5101   -3.8780
    4.9391   -0.3901   -3.0443   15.1646    1.2408  -20.2370
eta,q 0.96406  8.53912
  0.0408  0.0398  0.0378  0.0418  0.0395  0.0385  0.0400  0.0419  0.0384  0.0395  0.0372  0.0375
  0.0381  0.0378  0.0368  0.0385  0.0375  0.0370  0.0379  0.0388  0.0370  0.0375  0.0365  0.0366
  0.0365  0.0365  0.0362  0.0365  0.0362  0.0361  0.0364  0.0367  0.0362  0.0364  0.0361  0.0361
  0.0360  0.0360  0.0360  0.0360  0.0360  0.0359  0.0359  0.0359  0.0359  0.0359  0.0359  0.0359
  0.0366  0.0362  0.0362  0.0367  0.0365  0.0364  0.0364  0.0367  0.0363  0.0362  0.0361  0.0362
  0.0383  0.0371  0.0369  0.0388  0.0378  0.0373  0.0378  0.0389  0.0372  0.0371  0.0365  0.0367
  0.0410  0.0386  0.0380  0.0420  0.0400  0.0384  0.0399  0.0420  0.0384  0.0387  0.0371  0.0376
niter,ni,del,rscale     5    3    5.0000    1.2000
parameters
   -0.2596  -13.6954   14.9418  -15.9040  -15.7415   -3.9894
    4.9641   -0.3988   -3.0692   15.4295    1.3029  -20.3086
eta,q 0.96409  8.52288
  0.0408  0.0394  0.0377  0.0418  0.0395  0.0385  0.0399  0.0418  0.0384  0.0393  0.0371  0.0375
  0.0381  0.0376  0.0367  0.0385  0.0375  0.0369  0.0378  0.0388  0.0370  0.0374  0.0365  0.0366
  0.0365  0.0364  0.0361  0.0365  0.0362  0.0361  0.0364  0.0367  0.0362  0.0363  0.0361  0.0361
  0.0359  0.0359  0.0359  0.0359  0.0359  0.0359  0.0359  0.0359  0.0359  0.0359  0.0359  0.0359
  0.0365  0.0362  0.0362  0.0366  0.0365  0.0363  0.0364  0.0367  0.0363  0.0362  0.0360  0.0361
  0.0382  0.0372  0.0369  0.0387  0.0377  0.0372  0.0378  0.0388  0.0371  0.0372  0.0364  0.0367
  0.0409  0.0387  0.0380  0.0419  0.0398  0.0384  0.0399  0.0419  0.0383  0.0387  0.0371  0.0375
niter,ni,del,rscale     4    3    5.0000    1.2000
parameters
   -0.2633  -13.5992   14.8740  -15.9591  -15.9348   -4.1041
    4.9792   -0.4080   -3.0823   15.6407    1.3496  -20.3731
eta,q 0.96410  8.50862
  0.0408  0.0393  0.0377  0.0418  0.0395  0.0384  0.0399  0.0418  0.0383  0.0392  0.0371  0.0375
  0.0381  0.0375  0.0367  0.0385  0.0375  0.0369  0.0378  0.0388  0.0370  0.0373  0.0365  0.0366
  0.0365  0.0363  0.0361  0.0365  0.0362  0.0360  0.0364  0.0367  0.0361  0.0363  0.0360  0.0361
  0.0359  0.0359  0.0359  0.0359  0.0359  0.0359  0.0359  0.0359  0.0359  0.0359  0.0359  0.0359
  0.0365  0.0362  0.0361  0.0366  0.0364  0.0363  0.0364  0.0367  0.0362  0.0362  0.0360  0.0361
  0.0381  0.0372  0.0368  0.0386  0.0377  0.0372  0.0378  0.0388  0.0371  0.0372  0.0364  0.0367
  0.0408  0.0387  0.0379  0.0418  0.0397  0.0384  0.0399  0.0419  0.0383  0.0387  0.0371  0.0375
niter,ni,del,rscale     3    3    5.0000    1.2000
parameters
   -0.2673  -13.5156   14.8110  -16.0096  -16.1179   -4.2247
    4.9938   -0.4164   -3.1029   15.8333    1.3998  -20.4151
eta,q 0.96411  8.49446
  0.0408  0.0392  0.0377  0.0418  0.0394  0.0384  0.0399  0.0418  0.0383  0.0391  0.0371  0.0374
  0.0381  0.0374  0.0367  0.0385  0.0375  0.0369  0.0378  0.0388  0.0370  0.0373  0.0364  0.0366
  0.0365  0.0363  0.0361  0.0365  0.0362  0.0360  0.0364  0.0366  0.0361  0.0362  0.0360  0.0361
  0.0359  0.0359  0.0359  0.0359  0.0359  0.0359  0.0359  0.0359  0.0359  0.0359  0.0359  0.0359
  0.0365  0.0362  0.0361  0.0366  0.0364  0.0363  0.0364  0.0366  0.0362  0.0362  0.0360  0.0361
  0.0381  0.0372  0.0368  0.0386  0.0376  0.0372  0.0378  0.0388  0.0370  0.0371  0.0364  0.0366
  0.0408  0.0387  0.0379  0.0418  0.0397  0.0384  0.0398  0.0418  0.0383  0.0387  0.0370  0.0374
niter,ni,del,rscale     2    3    5.0000    1.2000
parameters
   -0.2697  -13.4355   14.7457  -16.0618  -16.2979   -4.3499
    5.0081   -0.4258   -3.1207   16.0234    1.4500  -20.4375
eta,q 0.96412  8.47996
  0.0407  0.0392  0.0376  0.0417  0.0393  0.0384  0.0398  0.0418  0.0383  0.0390  0.0370  0.0374
  0.0381  0.0374  0.0367  0.0385  0.0375  0.0369  0.0378  0.0387  0.0370  0.0373  0.0364  0.0366
  0.0364  0.0363  0.0361  0.0365  0.0362  0.0360  0.0364  0.0366  0.0361  0.0362  0.0360  0.0361
  0.0359  0.0359  0.0359  0.0359  0.0359  0.0359  0.0359  0.0359  0.0359  0.0359  0.0359  0.0359
  0.0364  0.0362  0.0361  0.0366  0.0364  0.0363  0.0364  0.0366  0.0362  0.0362  0.0360  0.0361
  0.0381  0.0372  0.0368  0.0386  0.0376  0.0372  0.0378  0.0388  0.0370  0.0371  0.0364  0.0366
  0.0408  0.0387  0.0379  0.0418  0.0396  0.0384  0.0398  0.0418  0.0382  0.0386  0.0370  0.0374
niter,ni,del,rscale     1    3    5.0000    1.2000
parameters
   -0.2721  -13.3507   14.6761  -16.1149  -16.5022   -4.4947
    5.0180   -0.4345   -3.1400   16.2305    1.5024  -20.4437
eta,q 0.96414  8.46348
  0.0407  0.0391  0.0376  0.0417  0.0392  0.0384  0.0398  0.0417  0.0382  0.0390  0.0370  0.0374
  0.0381  0.0374  0.0366  0.0384  0.0374  0.0369  0.0377  0.0387  0.0369  0.0372  0.0364  0.0365
  0.0364  0.0363  0.0361  0.0364  0.0362  0.0360  0.0364  0.0366  0.0361  0.0362  0.0360  0.0360
  0.0359  0.0359  0.0359  0.0359  0.0359  0.0359  0.0359  0.0359  0.0359  0.0359  0.0359  0.0359
  0.0364  0.0362  0.0361  0.0366  0.0364  0.0363  0.0363  0.0366  0.0362  0.0362  0.0360  0.0361
  0.0381  0.0372  0.0368  0.0386  0.0376  0.0372  0.0377  0.0387  0.0370  0.0371  0.0364  0.0366
  0.0407  0.0386  0.0378  0.0417  0.0395  0.0384  0.0398  0.0418  0.0382  0.0386  0.0370  0.0374
registration optimization eta report
parameter search radius
    2.4000    2.4000    2.4000   10.9503    9.5220    7.2000
    7.2000    7.2000    7.2000    7.2000    7.2000    7.2000
100000*second partial in parameter space
       84.       52.       32.        5.        4.        5.
        8.       11.        4.        6.        2.        3.
  0.0407  0.0391  0.0376  0.0417  0.0392  0.0384  0.0398  0.0417  0.0382  0.0390  0.0370  0.0374
  0.0381  0.0374  0.0366  0.0384  0.0374  0.0369  0.0377  0.0387  0.0369  0.0372  0.0364  0.0365
  0.0364  0.0363  0.0361  0.0364  0.0362  0.0360  0.0364  0.0366  0.0361  0.0362  0.0360  0.0360
  0.0359  0.0359  0.0359  0.0359  0.0359  0.0359  0.0359  0.0359  0.0359  0.0359  0.0359  0.0359
  0.0364  0.0362  0.0361  0.0366  0.0364  0.0363  0.0363  0.0366  0.0362  0.0362  0.0360  0.0361
  0.0381  0.0372  0.0368  0.0386  0.0376  0.0372  0.0377  0.0387  0.0370  0.0371  0.0364  0.0366
  0.0407  0.0386  0.0378  0.0417  0.0395  0.0384  0.0398  0.0418  0.0382  0.0386  0.0370  0.0374
   -0.2721  -13.3507   14.6761  -16.1149  -16.5022   -4.4947
    5.0180   -0.4345   -3.1400   16.2305    1.5024  -20.4437
eta,q 0.96414  8.46348

---------------------------------------------------------------------
imgreg_4dfp /opt/freesurfer/average/711-2C_as_mni_average_305 /opt/freesurfer/average/711-2B_as_mni_average_305_mask talsrcimg_g11 none talsrcimg_to_711-2C_as_mni_average_305_t4 2311
---------------------------------------------------------------------

freesurfer imgreg_4dfp.c
/opt/freesurfer/average/711-2C_as_mni_average_305.4dfp.img
       256       256       256         1
  1.000000  1.000000  1.000000
orientation T byte_order littleendian
Reading image: /opt/freesurfer/average/711-2C_as_mni_average_305.4dfp.img
dimensions:      256       256       256
mmppix:       1.0000   -1.0000   -1.0000
center:     128.0000 -129.0000 -129.0000
/opt/freesurfer/average/711-2B_as_mni_average_305_mask.4dfp.img
       256       256       256         1
  1.000000  1.000000  1.000000
orientation T byte_order littleendian
Reading mask: /opt/freesurfer/average/711-2B_as_mni_average_305_mask.4dfp.img (2306576 pixels)
talsrcimg_g11.4dfp.img
       256       256       256         1
  1.000000  1.000000  1.000000
orientation T byte_order littleendian
Reading image: talsrcimg_g11.4dfp.img
dimensions:      256       256       256
mmppix:       1.0000   -1.0000   -1.0000
center:     128.0000 -129.0000 -129.0000
fimgreg.f
image alignment mode   2311 decimal      907 hex
parameters
   -0.2721  -13.3507   14.6761  -16.1149  -16.5022   -4.4947
    5.0180   -0.4345   -3.1400   16.2305    1.5024  -20.4437
eta,q 0.96414  8.46348
niter,ni,del,rscale     5    3    5.0000    0.8000
parameters
   -0.2721  -13.2843   14.6041  -16.2861  -16.7360   -4.9032
    5.0277   -0.4574   -3.2165   16.2238    1.5887  -20.4949
eta,q 0.96417  8.42581
  0.0381  0.0374  0.0366  0.0369  0.0367  0.0369  0.0377  0.0387  0.0369  0.0371  0.0364  0.0365
  0.0368  0.0365  0.0362  0.0363  0.0362  0.0362  0.0367  0.0371  0.0363  0.0364  0.0361  0.0361
  0.0361  0.0360  0.0359  0.0359  0.0359  0.0359  0.0361  0.0361  0.0359  0.0359  0.0359  0.0359
  0.0359  0.0359  0.0359  0.0359  0.0359  0.0359  0.0358  0.0358  0.0358  0.0358  0.0358  0.0358
  0.0361  0.0360  0.0360  0.0360  0.0360  0.0361  0.0360  0.0362  0.0360  0.0360  0.0359  0.0359
  0.0368  0.0364  0.0363  0.0364  0.0364  0.0365  0.0367  0.0372  0.0364  0.0364  0.0360  0.0362
  0.0381  0.0371  0.0368  0.0370  0.0369  0.0372  0.0377  0.0387  0.0369  0.0371  0.0363  0.0365
niter,ni,del,rscale     4    3    5.0000    0.7000
parameters
   -0.2730  -13.2059   14.4734  -16.3628  -16.9844   -5.2419
    5.0514   -0.4898   -3.2832   16.4147    1.6656  -20.4879
eta,q 0.96420  8.39729
  0.0375  0.0370  0.0363  0.0366  0.0365  0.0366  0.0372  0.0380  0.0366  0.0369  0.0362  0.0363
  0.0366  0.0364  0.0360  0.0362  0.0361  0.0361  0.0365  0.0368  0.0362  0.0363  0.0360  0.0360
  0.0360  0.0360  0.0359  0.0359  0.0359  0.0358  0.0360  0.0360  0.0359  0.0359  0.0359  0.0359
  0.0358  0.0358  0.0358  0.0358  0.0358  0.0358  0.0358  0.0358  0.0358  0.0358  0.0358  0.0358
  0.0360  0.0359  0.0359  0.0359  0.0359  0.0360  0.0360  0.0361  0.0359  0.0359  0.0358  0.0359
  0.0366  0.0362  0.0362  0.0362  0.0362  0.0363  0.0364  0.0368  0.0362  0.0362  0.0360  0.0360
  0.0375  0.0367  0.0366  0.0367  0.0366  0.0369  0.0372  0.0380  0.0367  0.0367  0.0362  0.0363
niter,ni,del,rscale     3    3    5.0000    0.6000
parameters
   -0.2748  -13.0790   14.3176  -16.4928  -17.3909   -5.6456
    5.0785   -0.5242   -3.3409   16.7447    1.7630  -20.4431
eta,q 0.96424  8.35672
  0.0370  0.0367  0.0361  0.0364  0.0362  0.0363  0.0368  0.0374  0.0364  0.0366  0.0360  0.0361
  0.0363  0.0362  0.0359  0.0360  0.0359  0.0360  0.0363  0.0365  0.0360  0.0362  0.0359  0.0359
  0.0359  0.0359  0.0358  0.0358  0.0358  0.0358  0.0359  0.0359  0.0358  0.0359  0.0358  0.0358
  0.0358  0.0358  0.0358  0.0358  0.0358  0.0358  0.0358  0.0358  0.0358  0.0358  0.0358  0.0358
  0.0359  0.0358  0.0359  0.0359  0.0359  0.0359  0.0359  0.0360  0.0358  0.0358  0.0358  0.0358
  0.0364  0.0360  0.0361  0.0361  0.0361  0.0362  0.0362  0.0365  0.0361  0.0360  0.0359  0.0359
  0.0370  0.0364  0.0364  0.0364  0.0364  0.0366  0.0368  0.0374  0.0364  0.0363  0.0360  0.0361
niter,ni,del,rscale     2    3    5.0000    0.5000
parameters
   -0.2761  -12.8700   14.0965  -16.6969  -18.0569   -6.2213
    5.1238   -0.5729   -3.4143   17.3999    1.8761  -20.2190
eta,q 0.96437  8.29405
  0.0366  0.0365  0.0359  0.0361  0.0359  0.0360  0.0364  0.0368  0.0361  0.0364  0.0358  0.0359
  0.0361  0.0361  0.0358  0.0359  0.0358  0.0358  0.0360  0.0361  0.0358  0.0360  0.0357  0.0358
  0.0359  0.0359  0.0357  0.0358  0.0357  0.0357  0.0358  0.0358  0.0357  0.0358  0.0357  0.0357
  0.0358  0.0358  0.0357  0.0357  0.0357  0.0357  0.0357  0.0357  0.0357  0.0357  0.0356  0.0356
  0.0359  0.0357  0.0358  0.0358  0.0358  0.0358  0.0357  0.0358  0.0357  0.0357  0.0357  0.0357
  0.0361  0.0358  0.0360  0.0360  0.0360  0.0361  0.0360  0.0362  0.0359  0.0357  0.0357  0.0357
  0.0366  0.0361  0.0362  0.0362  0.0362  0.0364  0.0364  0.0368  0.0361  0.0359  0.0358  0.0359
niter,ni,del,rscale     1    3    5.0000    0.4000
parameter  5  0.569608 ->  0.500000 qaram    1.1500
parameter 10 -0.534546 -> -0.500000 qaram    1.1500
parameters
   -0.2787  -12.4761   13.6991  -17.0805  -19.4369   -7.1978
    5.1793   -0.6465   -3.4563   18.7799    1.8678  -19.7568
eta,q 0.96474  8.17424
  0.0362  0.0363  0.0356  0.0357  0.0355  0.0355  0.0358  0.0360  0.0356  0.0361  0.0354  0.0355
  0.0359  0.0360  0.0355  0.0356  0.0354  0.0354  0.0356  0.0356  0.0355  0.0358  0.0353  0.0354
  0.0357  0.0358  0.0355  0.0355  0.0354  0.0354  0.0354  0.0354  0.0354  0.0355  0.0353  0.0353
  0.0356  0.0356  0.0356  0.0355  0.0355  0.0354  0.0354  0.0354  0.0354  0.0354  0.0353  0.0353
  0.0357  0.0356  0.0357  0.0356  0.0356  0.0356  0.0354  0.0355  0.0354  0.0353  0.0353  0.0353
  0.0359  0.0356  0.0358  0.0357  0.0358  0.0358  0.0355  0.0357  0.0355  0.0353  0.0353  0.0353
  0.0362  0.0356  0.0360  0.0359  0.0360  0.0360  0.0358  0.0361  0.0356  0.0353  0.0354  0.0353
niter,ni,del,rscale     2    3    5.0000    0.5000
parameter  2 -0.766529 -> -0.500000 qaram    1.1500
parameter  3  0.662315 ->  0.500000 qaram    1.1500
parameter  5  0.521196 ->  0.500000 qaram    1.3225
parameters
   -0.2675  -11.9011   13.1241  -17.5477  -21.4206   -8.2017
    5.1520   -0.5987   -3.2256   20.0867    1.5826  -18.9785
eta,q 0.96552  8.00921
  0.0361  0.0365  0.0349  0.0352  0.0348  0.0349  0.0352  0.0357  0.0352  0.0361  0.0347  0.0348
  0.0356  0.0360  0.0348  0.0349  0.0347  0.0347  0.0349  0.0351  0.0349  0.0354  0.0346  0.0346
  0.0354  0.0356  0.0349  0.0348  0.0347  0.0346  0.0347  0.0347  0.0347  0.0349  0.0345  0.0345
  0.0353  0.0353  0.0350  0.0348  0.0348  0.0347  0.0346  0.0346  0.0346  0.0346  0.0345  0.0345
  0.0353  0.0350  0.0351  0.0349  0.0351  0.0349  0.0347  0.0347  0.0347  0.0345  0.0345  0.0345
  0.0356  0.0350  0.0354  0.0351  0.0354  0.0352  0.0349  0.0351  0.0348  0.0346  0.0346  0.0345
  0.0360  0.0350  0.0357  0.0354  0.0358  0.0356  0.0353  0.0356  0.0350  0.0348  0.0347  0.0346
niter,ni,del,rscale     4    3    5.0000    0.7000
parameter  2 -0.507959 -> -0.500000 qaram    1.3225
parameters
   -0.2186  -10.9754   12.3996  -17.9618  -22.9825   -9.3173
    4.9726   -0.4590   -3.0311   21.2787    1.1285  -18.0911
eta,q 0.96633  7.86419
  0.0361  0.0372  0.0342  0.0348  0.0345  0.0344  0.0349  0.0359  0.0348  0.0364  0.0340  0.0342
  0.0352  0.0360  0.0340  0.0343  0.0341  0.0340  0.0343  0.0348  0.0343  0.0351  0.0338  0.0339
  0.0347  0.0351  0.0340  0.0340  0.0339  0.0338  0.0339  0.0341  0.0339  0.0343  0.0337  0.0338
  0.0345  0.0345  0.0341  0.0340  0.0340  0.0339  0.0338  0.0338  0.0338  0.0338  0.0337  0.0337
  0.0346  0.0342  0.0344  0.0342  0.0344  0.0342  0.0340  0.0340  0.0339  0.0337  0.0338  0.0337
  0.0351  0.0342  0.0349  0.0346  0.0351  0.0347  0.0344  0.0346  0.0342  0.0340  0.0339  0.0337
  0.0359  0.0345  0.0355  0.0351  0.0360  0.0354  0.0351  0.0357  0.0346  0.0347  0.0341  0.0339
niter,ni,del,rscale     4    3    5.0000    0.7000
parameters
   -0.1270  -10.6194   11.8918  -18.0875  -23.6210  -10.1641
    4.7858   -0.2659   -2.8706   21.7069    0.7094  -17.4961
eta,q 0.96652  7.79235
  0.0353  0.0361  0.0339  0.0345  0.0345  0.0341  0.0345  0.0357  0.0345  0.0355  0.0338  0.0339
  0.0345  0.0349  0.0336  0.0340  0.0340  0.0337  0.0340  0.0345  0.0340  0.0344  0.0336  0.0337
  0.0339  0.0341  0.0336  0.0336  0.0336  0.0335  0.0336  0.0338  0.0336  0.0338  0.0335  0.0336
  0.0337  0.0337  0.0336  0.0336  0.0336  0.0335  0.0335  0.0335  0.0335  0.0335  0.0335  0.0335
  0.0338  0.0337  0.0338  0.0337  0.0338  0.0338  0.0337  0.0337  0.0336  0.0336  0.0335  0.0335
  0.0342  0.0340  0.0342  0.0341  0.0343  0.0342  0.0341  0.0343  0.0339  0.0341  0.0337  0.0336
  0.0350  0.0347  0.0347  0.0346  0.0352  0.0348  0.0348  0.0353  0.0344  0.0349  0.0339  0.0337
niter,ni,del,rscale     3    3    5.0000    0.6000
parameters
   -0.0435  -10.4200   11.5658  -18.1424  -23.9374  -10.7627
    4.6255   -0.1260   -2.7943   21.9273    0.5530  -17.1310
eta,q 0.96659  7.75217
  0.0347  0.0351  0.0337  0.0342  0.0343  0.0339  0.0342  0.0350  0.0341  0.0348  0.0336  0.0337
  0.0340  0.0342  0.0335  0.0338  0.0338  0.0336  0.0337  0.0341  0.0337  0.0340  0.0335  0.0335
  0.0336  0.0337  0.0334  0.0335  0.0335  0.0334  0.0335  0.0336  0.0335  0.0336  0.0334  0.0335
  0.0335  0.0335  0.0335  0.0334  0.0334  0.0334  0.0334  0.0334  0.0334  0.0334  0.0334  0.0334
  0.0335  0.0335  0.0336  0.0335  0.0336  0.0336  0.0335  0.0336  0.0335  0.0335  0.0334  0.0334
  0.0338  0.0338  0.0338  0.0338  0.0339  0.0339  0.0338  0.0340  0.0337  0.0339  0.0335  0.0335
  0.0344  0.0344  0.0342  0.0342  0.0345  0.0343  0.0343  0.0348  0.0341  0.0345  0.0337  0.0336
niter,ni,del,rscale     2    3    5.0000    0.5000
parameters
    0.0146  -10.3094   11.3487  -18.1689  -24.0904  -11.1511
    4.5325   -0.0513   -2.7903   22.0497    0.4597  -16.8864
eta,q 0.96662  7.72962
  0.0342  0.0344  0.0336  0.0339  0.0340  0.0337  0.0339  0.0345  0.0339  0.0343  0.0335  0.0336
  0.0338  0.0339  0.0335  0.0336  0.0337  0.0335  0.0336  0.0339  0.0336  0.0338  0.0335  0.0335
  0.0335  0.0335  0.0334  0.0334  0.0335  0.0334  0.0334  0.0335  0.0334  0.0335  0.0334  0.0334
  0.0334  0.0334  0.0334  0.0334  0.0334  0.0334  0.0334  0.0334  0.0334  0.0334  0.0334  0.0334
  0.0335  0.0335  0.0335  0.0335  0.0335  0.0335  0.0335  0.0335  0.0334  0.0335  0.0334  0.0334
  0.0337  0.0337  0.0336  0.0336  0.0337  0.0337  0.0337  0.0338  0.0336  0.0337  0.0335  0.0334
  0.0341  0.0341  0.0338  0.0339  0.0341  0.0339  0.0340  0.0343  0.0339  0.0342  0.0336  0.0335
niter,ni,del,rscale     1    3    5.0000    0.4000
parameters
    0.0483  -10.2499   11.2252  -18.1836  -24.1718  -11.3745
    4.4843   -0.0071   -2.7713   22.1193    0.4354  -16.7548
eta,q 0.96663  7.71721
  0.0339  0.0340  0.0335  0.0337  0.0338  0.0336  0.0337  0.0340  0.0337  0.0339  0.0335  0.0335
  0.0336  0.0337  0.0334  0.0335  0.0336  0.0335  0.0335  0.0337  0.0335  0.0336  0.0334  0.0334
  0.0334  0.0335  0.0334  0.0334  0.0334  0.0334  0.0334  0.0334  0.0334  0.0334  0.0334  0.0334
  0.0334  0.0334  0.0334  0.0334  0.0334  0.0334  0.0334  0.0334  0.0334  0.0334  0.0334  0.0334
  0.0334  0.0334  0.0334  0.0334  0.0334  0.0334  0.0334  0.0334  0.0334  0.0334  0.0334  0.0334
  0.0336  0.0336  0.0335  0.0335  0.0336  0.0335  0.0335  0.0336  0.0335  0.0336  0.0334  0.0334
  0.0338  0.0339  0.0336  0.0337  0.0338  0.0337  0.0338  0.0340  0.0337  0.0339  0.0335  0.0335
registration optimization eta report
parameter search radius
    0.8000    1.0580    0.9200    2.4000    3.1740    2.4000
    2.4000    2.4000    2.4000    2.7600    2.4000    2.4000
100000*second partial in parameter space
       73.       49.       24.        6.        4.        5.
        6.       11.        5.        7.        2.        2.
  0.0339  0.0340  0.0335  0.0337  0.0338  0.0336  0.0337  0.0340  0.0337  0.0339  0.0335  0.0335
  0.0336  0.0337  0.0334  0.0335  0.0336  0.0335  0.0335  0.0337  0.0335  0.0336  0.0334  0.0334
  0.0334  0.0335  0.0334  0.0334  0.0334  0.0334  0.0334  0.0334  0.0334  0.0334  0.0334  0.0334
  0.0334  0.0334  0.0334  0.0334  0.0334  0.0334  0.0334  0.0334  0.0334  0.0334  0.0334  0.0334
  0.0334  0.0334  0.0334  0.0334  0.0334  0.0334  0.0334  0.0334  0.0334  0.0334  0.0334  0.0334
  0.0336  0.0336  0.0335  0.0335  0.0336  0.0335  0.0335  0.0336  0.0335  0.0336  0.0334  0.0334
  0.0338  0.0339  0.0336  0.0337  0.0338  0.0337  0.0338  0.0340  0.0337  0.0339  0.0335  0.0335
    0.0483  -10.2499   11.2252  -18.1836  -24.1718  -11.3745
    4.4843   -0.0071   -2.7713   22.1193    0.4354  -16.7548
eta,q 0.96663  7.71721

---------------------------------------------------------------------
imgreg_4dfp /opt/freesurfer/average/711-2C_as_mni_average_305 /opt/freesurfer/average/711-2B_as_mni_average_305_mask talsrcimg_g11 none talsrcimg_to_711-2C_as_mni_average_305_t4 2311
---------------------------------------------------------------------

freesurfer imgreg_4dfp.c
/opt/freesurfer/average/711-2C_as_mni_average_305.4dfp.img
       256       256       256         1
  1.000000  1.000000  1.000000
orientation T byte_order littleendian
Reading image: /opt/freesurfer/average/711-2C_as_mni_average_305.4dfp.img
dimensions:      256       256       256
mmppix:       1.0000   -1.0000   -1.0000
center:     128.0000 -129.0000 -129.0000
/opt/freesurfer/average/711-2B_as_mni_average_305_mask.4dfp.img
       256       256       256         1
  1.000000  1.000000  1.000000
orientation T byte_order littleendian
Reading mask: /opt/freesurfer/average/711-2B_as_mni_average_305_mask.4dfp.img (2306576 pixels)
talsrcimg_g11.4dfp.img
       256       256       256         1
  1.000000  1.000000  1.000000
orientation T byte_order littleendian
Reading image: talsrcimg_g11.4dfp.img
dimensions:      256       256       256
mmppix:       1.0000   -1.0000   -1.0000
center:     128.0000 -129.0000 -129.0000
fimgreg.f
image alignment mode   2311 decimal      907 hex
parameters
    0.0483  -10.2499   11.2252  -18.1836  -24.1718  -11.3745
    4.4843   -0.0071   -2.7713   22.1193    0.4354  -16.7548
eta,q 0.96663  7.71722
niter,ni,del,rscale     5    3    5.0000    0.8000
parameters
    0.0581  -10.1871   11.1027  -18.1211  -24.3299  -11.6185
    4.4363    0.0218   -2.7116   22.2491    0.3164  -16.8713
eta,q 0.96663  7.70741
  0.0352  0.0347  0.0339  0.0348  0.0343  0.0343  0.0348  0.0359  0.0346  0.0350  0.0338  0.0338
  0.0342  0.0340  0.0336  0.0340  0.0338  0.0338  0.0340  0.0345  0.0339  0.0341  0.0336  0.0335
  0.0336  0.0335  0.0334  0.0335  0.0335  0.0335  0.0335  0.0337  0.0335  0.0336  0.0334  0.0334
  0.0334  0.0334  0.0334  0.0334  0.0334  0.0334  0.0334  0.0334  0.0334  0.0334  0.0334  0.0334
  0.0336  0.0335  0.0335  0.0335  0.0335  0.0335  0.0335  0.0337  0.0335  0.0335  0.0334  0.0334
  0.0342  0.0339  0.0337  0.0340  0.0338  0.0339  0.0340  0.0345  0.0339  0.0340  0.0336  0.0336
  0.0352  0.0345  0.0341  0.0347  0.0344  0.0345  0.0349  0.0358  0.0345  0.0348  0.0339  0.0338
niter,ni,del,rscale     4    3    5.0000    0.7000
parameters
    0.0769  -10.1420   11.0218  -18.1472  -24.3480  -11.7484
    4.4158    0.0509   -2.7116   22.3217    0.3125  -16.8347
eta,q 0.96662  7.70167
  0.0348  0.0344  0.0338  0.0344  0.0341  0.0341  0.0345  0.0354  0.0343  0.0346  0.0337  0.0337
  0.0340  0.0338  0.0335  0.0338  0.0337  0.0337  0.0339  0.0343  0.0338  0.0340  0.0335  0.0335
  0.0336  0.0335  0.0334  0.0335  0.0335  0.0334  0.0335  0.0336  0.0335  0.0335  0.0334  0.0334
  0.0334  0.0334  0.0334  0.0334  0.0334  0.0334  0.0334  0.0334  0.0334  0.0334  0.0334  0.0334
  0.0335  0.0335  0.0334  0.0335  0.0334  0.0335  0.0335  0.0336  0.0335  0.0335  0.0334  0.0334
  0.0340  0.0338  0.0336  0.0339  0.0337  0.0338  0.0339  0.0342  0.0338  0.0339  0.0335  0.0335
  0.0348  0.0342  0.0339  0.0344  0.0341  0.0342  0.0345  0.0353  0.0343  0.0345  0.0337  0.0337
niter,ni,del,rscale     3    3    5.0000    0.6000
parameters
    0.0881  -10.1265   10.9828  -18.1623  -24.3521  -11.8164
    4.4124    0.0637   -2.7238   22.3350    0.3386  -16.7505
eta,q 0.96663  7.69801
  0.0344  0.0341  0.0337  0.0341  0.0339  0.0339  0.0342  0.0348  0.0340  0.0343  0.0336  0.0336
  0.0338  0.0337  0.0335  0.0337  0.0336  0.0336  0.0337  0.0340  0.0337  0.0338  0.0335  0.0335
  0.0335  0.0334  0.0334  0.0335  0.0334  0.0334  0.0335  0.0335  0.0334  0.0335  0.0334  0.0334
  0.0334  0.0334  0.0334  0.0334  0.0334  0.0334  0.0334  0.0334  0.0334  0.0334  0.0334  0.0334
  0.0335  0.0335  0.0334  0.0335  0.0334  0.0334  0.0335  0.0335  0.0335  0.0335  0.0334  0.0334
  0.0338  0.0337  0.0335  0.0337  0.0336  0.0336  0.0337  0.0340  0.0337  0.0338  0.0335  0.0335
  0.0344  0.0340  0.0337  0.0341  0.0339  0.0340  0.0342  0.0348  0.0340  0.0343  0.0336  0.0336
niter,ni,del,rscale     2    3    5.0000    0.5000
parameters
    0.0944  -10.1195   10.9706  -18.1849  -24.3517  -11.8367
    4.4095    0.0611   -2.7367   22.3299    0.3561  -16.6930
eta,q 0.96663  7.69579
  0.0341  0.0339  0.0336  0.0339  0.0337  0.0338  0.0339  0.0344  0.0338  0.0340  0.0336  0.0335
  0.0337  0.0336  0.0335  0.0336  0.0335  0.0336  0.0336  0.0338  0.0336  0.0337  0.0335  0.0335
  0.0335  0.0334  0.0334  0.0334  0.0334  0.0334  0.0334  0.0335  0.0334  0.0334  0.0334  0.0334
  0.0334  0.0334  0.0334  0.0334  0.0334  0.0334  0.0334  0.0334  0.0334  0.0334  0.0334  0.0334
  0.0334  0.0334  0.0334  0.0334  0.0334  0.0334  0.0334  0.0335  0.0334  0.0334  0.0334  0.0334
  0.0337  0.0336  0.0335  0.0336  0.0335  0.0336  0.0336  0.0338  0.0336  0.0337  0.0334  0.0334
  0.0341  0.0338  0.0336  0.0339  0.0337  0.0338  0.0340  0.0344  0.0338  0.0340  0.0336  0.0335
niter,ni,del,rscale     1    3    5.0000    0.4000
parameters
    0.0987  -10.1242   10.9681  -18.1854  -24.3299  -11.8337
    4.4109    0.0554   -2.7600   22.3068    0.4028  -16.6161
eta,q 0.96663  7.69584
  0.0338  0.0337  0.0335  0.0337  0.0336  0.0336  0.0337  0.0340  0.0337  0.0338  0.0335  0.0335
  0.0336  0.0335  0.0334  0.0335  0.0335  0.0335  0.0335  0.0337  0.0335  0.0335  0.0334  0.0334
  0.0334  0.0334  0.0334  0.0334  0.0334  0.0334  0.0334  0.0334  0.0334  0.0334  0.0334  0.0334
  0.0334  0.0334  0.0334  0.0334  0.0334  0.0334  0.0334  0.0334  0.0334  0.0334  0.0334  0.0334
  0.0334  0.0334  0.0334  0.0334  0.0334  0.0334  0.0334  0.0335  0.0334  0.0334  0.0334  0.0334
  0.0336  0.0335  0.0334  0.0335  0.0335  0.0335  0.0335  0.0337  0.0335  0.0336  0.0334  0.0334
  0.0338  0.0337  0.0335  0.0337  0.0336  0.0336  0.0337  0.0340  0.0337  0.0338  0.0335  0.0335
registration optimization eta report
parameter search radius
    0.8000    0.8000    0.8000    2.4000    2.4000    2.4000
    2.4000    2.4000    2.4000    2.4000    2.4000    2.4000
100000*second partial in parameter space
       72.       48.       22.        6.        4.        4.
        6.       11.        5.        7.        2.        2.
  0.0338  0.0337  0.0335  0.0337  0.0336  0.0336  0.0337  0.0340  0.0337  0.0338  0.0335  0.0335
  0.0336  0.0335  0.0334  0.0335  0.0335  0.0335  0.0335  0.0337  0.0335  0.0335  0.0334  0.0334
  0.0334  0.0334  0.0334  0.0334  0.0334  0.0334  0.0334  0.0334  0.0334  0.0334  0.0334  0.0334
  0.0334  0.0334  0.0334  0.0334  0.0334  0.0334  0.0334  0.0334  0.0334  0.0334  0.0334  0.0334
  0.0334  0.0334  0.0334  0.0334  0.0334  0.0334  0.0334  0.0335  0.0334  0.0334  0.0334  0.0334
  0.0336  0.0335  0.0334  0.0335  0.0335  0.0335  0.0335  0.0337  0.0335  0.0336  0.0334  0.0334
  0.0338  0.0337  0.0335  0.0337  0.0336  0.0336  0.0337  0.0340  0.0337  0.0338  0.0335  0.0335
    0.0987  -10.1242   10.9681  -18.1854  -24.3299  -11.8337
    4.4109    0.0554   -2.7600   22.3068    0.4028  -16.6161
eta,q 0.96663  7.69584

---------------------------------------------------------------------
compute_vox2vox talsrcimg talsrcimg_to_711-2C_as_mni_average_305_t4 /opt/freesurfer/average/711-2C_as_mni_average_305
---------------------------------------------------------------------

freesurfer compute_vox2vox.c
Reading: talsrcimg.4dfp.ifh
Reading: talsrcimg_to_711-2C_as_mni_average_305_t4
Reading: /opt/freesurfer/average/711-2C_as_mni_average_305.4dfp.ifh
Writing: talsrcimg_to_711-2C_as_mni_average_305_t4_vox2vox.txt

start time Fri Mar 13 22:25:39 CET 2026
end		time Fri Mar 13 22:27:06 CET 2026

mpr2mni305 success

avi2talxfm orig_nu.mgz /opt/freesurfer/average/mni305.cor.mgz talsrcimg_to_711-2C_as_mni_average_305_t4_vox2vox.txt transforms/talairach.auto.xfm
avi2talxfm done
mv -f /out/sourcedata/freesurfer/sub-v2s7x29665_ses-1/mri/talsrcimg_to_711-2C_as_mni_average_305_t4_vox2vox.txt /out/sourcedata/freesurfer/sub-v2s7x29665_ses-1/mri/transforms/talsrcimg_to_711-2C_as_mni_average_305_t4_vox2vox.txt
lta_convert --src orig_nu.mgz --trg /opt/freesurfer/average/mni305.cor.mgz --inxfm transforms/talairach.auto.xfm --outlta transforms/talairach.auto.xfm.lta --subject fsaverage
7.3.2

--src: orig_nu.mgz src image (geometry).
--trg: /opt/freesurfer/average/mni305.cor.mgz trg image (geometry).
--inmni: transforms/talairach.auto.xfm input MNI/XFM transform.
--outlta: transforms/talairach.auto.xfm.lta output LTA.
--s: fsaverage subject name
 LTA read, type : 1
 1.21992   0.01632  -0.06753  -17.74007;
 0.00266   1.07456   0.23580  -16.20717;
 0.04371  -0.31617   1.24955   0.12296;
 0.00000   0.00000   0.00000   1.00000;
setting subject to fsaverage
Writing  LTA to file transforms/talairach.auto.xfm.lta...
lta_convert successful.
 
 
Started at Fri Mar 13 22:25:38 CET 2026
Ended   at Fri Mar 13 22:27:06 CET 2026
talairach_avi done
