status file for recon-all
Fri Mar 13 23:22:08 CET 2026
#@# Tessellate lh Fri Mar 13 23:22:08 CET 2026
#@# Smooth1 lh Fri Mar 13 23:22:12 CET 2026
#@# Inflation1 lh Fri Mar 13 23:22:14 CET 2026
#@# QSphere lh Fri Mar 13 23:22:24 CET 2026
#@# Fix Topology lh Fri Mar 13 23:23:27 CET 2026
#@# Smooth2 lh Fri Mar 13 23:27:55 CET 2026
#@# Inflation2 lh Fri Mar 13 23:27:57 CET 2026
#@# Curv .H and .K lh Fri Mar 13 23:28:08 CET 2026
#@# Sphere lh Fri Mar 13 23:28:49 CET 2026
#@# Surf Reg lh Fri Mar 13 23:30:19 CET 2026
#@# Jacobian white lh Fri Mar 13 23:32:54 CET 2026
#@# AvgCurv lh Fri Mar 13 23:32:54 CET 2026
#@# Cortical Parc lh Fri Mar 13 23:32:55 CET 2026
#@# white curv lh Fri Mar 13 23:38:15 CET 2026
#@# white area lh Fri Mar 13 23:38:17 CET 2026
#@# pial curv lh Fri Mar 13 23:38:17 CET 2026
#@# pial area lh Fri Mar 13 23:38:19 CET 2026
#@# thickness lh Fri Mar 13 23:38:19 CET 2026
#@# area and vertex vol lh Fri Mar 13 23:38:45 CET 2026
#@# Curvature Stats lh Fri Mar 13 23:38:46 CET 2026
#@# Cortical Parc 2 lh Fri Mar 13 23:38:49 CET 2026
#@# Cortical Parc 3 lh Fri Mar 13 23:39:00 CET 2026
#@# WM/GM Contrast lh Fri Mar 13 23:39:09 CET 2026
recon-all -s sub-v2s7x29656_ses-1 finished without error at Fri Mar 13 23:39:12 CET 2026



#New# invocation of recon-all 



status file for recon-all
Fri Mar 13 23:59:48 CET 2026
#@# white curv lh Fri Mar 13 23:59:48 CET 2026
#@# white area lh Fri Mar 13 23:59:48 CET 2026
#@# pial curv lh Fri Mar 13 23:59:48 CET 2026
#@# pial area lh Fri Mar 13 23:59:48 CET 2026
#@# thickness lh Fri Mar 13 23:59:49 CET 2026
#@# area and vertex vol lh Fri Mar 13 23:59:49 CET 2026
#@# Parcellation Stats lh Fri Mar 13 23:59:49 CET 2026
#@# Parcellation Stats 2 lh Sat Mar 14 00:00:04 CET 2026
#@# Parcellation Stats 3 lh Sat Mar 14 00:00:12 CET 2026
#@# BA_exvivo Labels lh Sat Mar 14 00:00:19 CET 2026
recon-all -s sub-v2s7x29656_ses-1 finished without error at Sat Mar 14 00:02:38 CET 2026
