status file for recon-all
Fri Mar 13 23:39:16 CET 2026
#@# Tessellate rh Fri Mar 13 23:39:16 CET 2026
#@# Smooth1 rh Fri Mar 13 23:39:20 CET 2026
#@# Inflation1 rh Fri Mar 13 23:39:22 CET 2026
#@# QSphere rh Fri Mar 13 23:39:32 CET 2026
#@# Fix Topology rh Fri Mar 13 23:40:28 CET 2026
#@# Smooth2 rh Fri Mar 13 23:45:32 CET 2026
#@# Inflation2 rh Fri Mar 13 23:45:35 CET 2026
#@# Curv .H and .K rh Fri Mar 13 23:45:45 CET 2026
#@# Sphere rh Fri Mar 13 23:46:26 CET 2026
#@# Surf Reg rh Fri Mar 13 23:47:35 CET 2026
#@# Jacobian white rh Fri Mar 13 23:50:12 CET 2026
#@# AvgCurv rh Fri Mar 13 23:50:13 CET 2026
#@# Cortical Parc rh Fri Mar 13 23:50:13 CET 2026
#@# white curv rh Fri Mar 13 23:55:27 CET 2026
#@# white area rh Fri Mar 13 23:55:28 CET 2026
#@# pial curv rh Fri Mar 13 23:55:29 CET 2026
#@# pial area rh Fri Mar 13 23:55:30 CET 2026
#@# thickness rh Fri Mar 13 23:55:31 CET 2026
#@# area and vertex vol rh Fri Mar 13 23:55:56 CET 2026
#@# Curvature Stats rh Fri Mar 13 23:55:58 CET 2026
#@# Cortical Parc 2 rh Fri Mar 13 23:56:00 CET 2026
#@# Cortical Parc 3 rh Fri Mar 13 23:56:11 CET 2026
#@# WM/GM Contrast rh Fri Mar 13 23:56:20 CET 2026
recon-all -s sub-v2s7x29656_ses-1 finished without error at Fri Mar 13 23:56:23 CET 2026



#New# invocation of recon-all 



status file for recon-all
Sat Mar 14 00:02:41 CET 2026
#@# white curv rh Sat Mar 14 00:02:41 CET 2026
#@# white area rh Sat Mar 14 00:02:41 CET 2026
#@# pial curv rh Sat Mar 14 00:02:41 CET 2026
#@# pial area rh Sat Mar 14 00:02:41 CET 2026
#@# thickness rh Sat Mar 14 00:02:41 CET 2026
#@# area and vertex vol rh Sat Mar 14 00:02:41 CET 2026
#@# Parcellation Stats rh Sat Mar 14 00:02:41 CET 2026
#@# Parcellation Stats 2 rh Sat Mar 14 00:02:57 CET 2026
#@# Parcellation Stats 3 rh Sat Mar 14 00:03:04 CET 2026
#@# BA_exvivo Labels rh Sat Mar 14 00:03:11 CET 2026
recon-all -s sub-v2s7x29656_ses-1 finished without error at Sat Mar 14 00:05:25 CET 2026
