status file for recon-all
Fri Mar 13 21:43:44 CET 2026
#@# MotionCor Fri Mar 13 21:43:46 CET 2026
#@# Talairach Fri Mar 13 21:43:56 CET 2026
#@# Talairach Failure Detection Fri Mar 13 21:48:22 CET 2026
#@# Nu Intensity Correction Fri Mar 13 21:48:22 CET 2026
#@# Intensity Normalization Fri Mar 13 21:51:35 CET 2026
recon-all -s sub-v2s7x29656_ses-1 finished without error at Fri Mar 13 21:53:02 CET 2026



#New# invocation of recon-all 



status file for recon-all
Fri Mar 13 22:05:38 CET 2026
#@# EM Registration Fri Mar 13 22:05:38 CET 2026
recon-all -s sub-v2s7x29656_ses-1 finished without error at Fri Mar 13 22:07:11 CET 2026



#New# invocation of recon-all 



status file for recon-all
Fri Mar 13 22:07:12 CET 2026
#@# CA Normalize Fri Mar 13 22:07:12 CET 2026
#@# CA Reg Fri Mar 13 22:08:32 CET 2026
#@# SubCort Seg Fri Mar 13 22:51:30 CET 2026
#@# CC Seg Fri Mar 13 23:16:13 CET 2026
#@# Merge ASeg Fri Mar 13 23:16:56 CET 2026
#@# Intensity Normalization2 Fri Mar 13 23:16:56 CET 2026
#@# Mask BFS Fri Mar 13 23:19:07 CET 2026
#@# WM Segmentation Fri Mar 13 23:19:08 CET 2026
#@# Fill Fri Mar 13 23:20:59 CET 2026
recon-all -s sub-v2s7x29656_ses-1 finished without error at Fri Mar 13 23:22:02 CET 2026



#New# invocation of recon-all 



status file for recon-all
Fri Mar 13 23:56:28 CET 2026
#@# white curv lh Fri Mar 13 23:56:28 CET 2026
#@# white area lh Fri Mar 13 23:56:28 CET 2026
#@# pial curv lh Fri Mar 13 23:56:28 CET 2026
#@# pial area lh Fri Mar 13 23:56:28 CET 2026
#@# thickness lh Fri Mar 13 23:56:28 CET 2026
#@# area and vertex vol lh Fri Mar 13 23:56:28 CET 2026
#@# white curv rh Fri Mar 13 23:56:28 CET 2026
#@# white area rh Fri Mar 13 23:56:28 CET 2026
#@# pial curv rh Fri Mar 13 23:56:28 CET 2026
#@# pial area rh Fri Mar 13 23:56:28 CET 2026
#@# thickness rh Fri Mar 13 23:56:28 CET 2026
#@# area and vertex vol rh Fri Mar 13 23:56:28 CET 2026
#@# Cortical ribbon mask Fri Mar 13 23:56:28 CET 2026
recon-all -s sub-v2s7x29656_ses-1 finished without error at Fri Mar 13 23:59:44 CET 2026



#New# invocation of recon-all 



status file for recon-all
Sat Mar 14 00:05:29 CET 2026
#@# white curv lh Sat Mar 14 00:05:29 CET 2026
#@# white area lh Sat Mar 14 00:05:29 CET 2026
#@# pial curv lh Sat Mar 14 00:05:29 CET 2026
#@# pial area lh Sat Mar 14 00:05:29 CET 2026
#@# thickness lh Sat Mar 14 00:05:29 CET 2026
#@# area and vertex vol lh Sat Mar 14 00:05:29 CET 2026
#@# white curv rh Sat Mar 14 00:05:29 CET 2026
#@# white area rh Sat Mar 14 00:05:29 CET 2026
#@# pial curv rh Sat Mar 14 00:05:29 CET 2026
#@# pial area rh Sat Mar 14 00:05:29 CET 2026
#@# thickness rh Sat Mar 14 00:05:29 CET 2026
#@# area and vertex vol rh Sat Mar 14 00:05:29 CET 2026
#@# Curvature Stats lh Sat Mar 14 00:05:29 CET 2026
#@# Curvature Stats rh Sat Mar 14 00:05:31 CET 2026
#@# Relabel Hypointensities Sat Mar 14 00:05:33 CET 2026
#@# APas-to-ASeg Sat Mar 14 00:05:48 CET 2026
#@# AParc-to-ASeg aparc Sat Mar 14 00:05:54 CET 2026
#@# AParc-to-ASeg aparc.a2009s Sat Mar 14 00:06:16 CET 2026
#@# AParc-to-ASeg aparc.DKTatlas Sat Mar 14 00:06:39 CET 2026
#@# WMParc Sat Mar 14 00:07:01 CET 2026
#@# ASeg Stats Sat Mar 14 00:10:36 CET 2026
recon-all -s sub-v2s7x29656_ses-1 finished without error at Sat Mar 14 00:11:07 CET 2026
