status file for recon-all
Sat Mar 14 01:30:35 CET 2026
#@# Tessellate rh Sat Mar 14 01:30:35 CET 2026
#@# Smooth1 rh Sat Mar 14 01:30:39 CET 2026
#@# Inflation1 rh Sat Mar 14 01:30:41 CET 2026
#@# QSphere rh Sat Mar 14 01:30:52 CET 2026
#@# Fix Topology rh Sat Mar 14 01:31:57 CET 2026
#@# Smooth2 rh Sat Mar 14 01:37:27 CET 2026
#@# Inflation2 rh Sat Mar 14 01:37:29 CET 2026
#@# Curv .H and .K rh Sat Mar 14 01:37:41 CET 2026
#@# Sphere rh Sat Mar 14 01:38:25 CET 2026
#@# Surf Reg rh Sat Mar 14 01:41:22 CET 2026
#@# Jacobian white rh Sat Mar 14 01:44:37 CET 2026
#@# AvgCurv rh Sat Mar 14 01:44:37 CET 2026
#@# Cortical Parc rh Sat Mar 14 01:44:38 CET 2026
#@# white curv rh Sat Mar 14 01:49:55 CET 2026
#@# white area rh Sat Mar 14 01:49:56 CET 2026
#@# pial curv rh Sat Mar 14 01:49:57 CET 2026
#@# pial area rh Sat Mar 14 01:49:58 CET 2026
#@# thickness rh Sat Mar 14 01:49:59 CET 2026
#@# area and vertex vol rh Sat Mar 14 01:50:27 CET 2026
#@# Curvature Stats rh Sat Mar 14 01:50:28 CET 2026
#@# Cortical Parc 2 rh Sat Mar 14 01:50:30 CET 2026
#@# Cortical Parc 3 rh Sat Mar 14 01:50:42 CET 2026
#@# WM/GM Contrast rh Sat Mar 14 01:50:52 CET 2026
recon-all -s sub-v2s7x29795_ses-1 finished without error at Sat Mar 14 01:50:55 CET 2026



#New# invocation of recon-all 



status file for recon-all
Sat Mar 14 01:57:32 CET 2026
#@# white curv rh Sat Mar 14 01:57:32 CET 2026
#@# white area rh Sat Mar 14 01:57:32 CET 2026
#@# pial curv rh Sat Mar 14 01:57:32 CET 2026
#@# pial area rh Sat Mar 14 01:57:32 CET 2026
#@# thickness rh Sat Mar 14 01:57:32 CET 2026
#@# area and vertex vol rh Sat Mar 14 01:57:32 CET 2026
#@# Parcellation Stats rh Sat Mar 14 01:57:32 CET 2026
#@# Parcellation Stats 2 rh Sat Mar 14 01:57:49 CET 2026
#@# Parcellation Stats 3 rh Sat Mar 14 01:57:58 CET 2026
#@# BA_exvivo Labels rh Sat Mar 14 01:58:06 CET 2026
recon-all -s sub-v2s7x29795_ses-1 finished without error at Sat Mar 14 02:00:27 CET 2026
