status file for recon-all
Fri Mar 13 23:22:40 CET 2026
#@# MotionCor Fri Mar 13 23:22:42 CET 2026
#@# Talairach Fri Mar 13 23:22:52 CET 2026
#@# Talairach Failure Detection Fri Mar 13 23:27:18 CET 2026
#@# Nu Intensity Correction Fri Mar 13 23:27:18 CET 2026
#@# Intensity Normalization Fri Mar 13 23:30:31 CET 2026
recon-all -s sub-v2s7x29795_ses-1 finished without error at Fri Mar 13 23:31:53 CET 2026



#New# invocation of recon-all 



status file for recon-all
Fri Mar 13 23:44:46 CET 2026
#@# EM Registration Fri Mar 13 23:44:46 CET 2026
recon-all -s sub-v2s7x29795_ses-1 finished without error at Fri Mar 13 23:46:18 CET 2026



#New# invocation of recon-all 



status file for recon-all
Fri Mar 13 23:46:22 CET 2026
#@# CA Normalize Fri Mar 13 23:46:22 CET 2026
#@# CA Reg Fri Mar 13 23:47:40 CET 2026
#@# SubCort Seg Sat Mar 14 00:36:24 CET 2026
#@# CC Seg Sat Mar 14 01:04:49 CET 2026
#@# Merge ASeg Sat Mar 14 01:05:24 CET 2026
#@# Intensity Normalization2 Sat Mar 14 01:05:24 CET 2026
#@# Mask BFS Sat Mar 14 01:07:30 CET 2026
#@# WM Segmentation Sat Mar 14 01:07:31 CET 2026
#@# Fill Sat Mar 14 01:09:27 CET 2026
recon-all -s sub-v2s7x29795_ses-1 finished without error at Sat Mar 14 01:10:30 CET 2026



#New# invocation of recon-all 



status file for recon-all
Sat Mar 14 01:51:01 CET 2026
#@# white curv lh Sat Mar 14 01:51:01 CET 2026
#@# white area lh Sat Mar 14 01:51:01 CET 2026
#@# pial curv lh Sat Mar 14 01:51:01 CET 2026
#@# pial area lh Sat Mar 14 01:51:01 CET 2026
#@# thickness lh Sat Mar 14 01:51:01 CET 2026
#@# area and vertex vol lh Sat Mar 14 01:51:01 CET 2026
#@# white curv rh Sat Mar 14 01:51:01 CET 2026
#@# white area rh Sat Mar 14 01:51:01 CET 2026
#@# pial curv rh Sat Mar 14 01:51:01 CET 2026
#@# pial area rh Sat Mar 14 01:51:01 CET 2026
#@# thickness rh Sat Mar 14 01:51:01 CET 2026
#@# area and vertex vol rh Sat Mar 14 01:51:01 CET 2026
#@# Cortical ribbon mask Sat Mar 14 01:51:01 CET 2026
recon-all -s sub-v2s7x29795_ses-1 finished without error at Sat Mar 14 01:54:28 CET 2026



#New# invocation of recon-all 



status file for recon-all
Sat Mar 14 02:00:31 CET 2026
#@# white curv lh Sat Mar 14 02:00:31 CET 2026
#@# white area lh Sat Mar 14 02:00:31 CET 2026
#@# pial curv lh Sat Mar 14 02:00:31 CET 2026
#@# pial area lh Sat Mar 14 02:00:31 CET 2026
#@# thickness lh Sat Mar 14 02:00:31 CET 2026
#@# area and vertex vol lh Sat Mar 14 02:00:31 CET 2026
#@# white curv rh Sat Mar 14 02:00:31 CET 2026
#@# white area rh Sat Mar 14 02:00:31 CET 2026
#@# pial curv rh Sat Mar 14 02:00:31 CET 2026
#@# pial area rh Sat Mar 14 02:00:31 CET 2026
#@# thickness rh Sat Mar 14 02:00:31 CET 2026
#@# area and vertex vol rh Sat Mar 14 02:00:31 CET 2026
#@# Curvature Stats lh Sat Mar 14 02:00:31 CET 2026
#@# Curvature Stats rh Sat Mar 14 02:00:33 CET 2026
#@# Relabel Hypointensities Sat Mar 14 02:00:35 CET 2026
#@# APas-to-ASeg Sat Mar 14 02:00:50 CET 2026
#@# AParc-to-ASeg aparc Sat Mar 14 02:00:57 CET 2026
#@# AParc-to-ASeg aparc.a2009s Sat Mar 14 02:01:23 CET 2026
#@# AParc-to-ASeg aparc.DKTatlas Sat Mar 14 02:01:47 CET 2026
#@# WMParc Sat Mar 14 02:02:12 CET 2026
#@# ASeg Stats Sat Mar 14 02:06:03 CET 2026
recon-all -s sub-v2s7x29795_ses-1 finished without error at Sat Mar 14 02:06:35 CET 2026
