status file for recon-all
Sat Mar 14 00:36:24 CET 2026
#@# Tessellate lh Sat Mar 14 00:36:24 CET 2026
#@# Smooth1 lh Sat Mar 14 00:36:28 CET 2026
#@# Inflation1 lh Sat Mar 14 00:36:31 CET 2026
#@# QSphere lh Sat Mar 14 00:36:48 CET 2026
#@# Fix Topology lh Sat Mar 14 00:38:04 CET 2026
#@# Smooth2 lh Sat Mar 14 00:46:18 CET 2026
#@# Inflation2 lh Sat Mar 14 00:46:21 CET 2026
#@# Curv .H and .K lh Sat Mar 14 00:46:36 CET 2026
#@# Sphere lh Sat Mar 14 00:47:24 CET 2026
#@# Surf Reg lh Sat Mar 14 00:50:53 CET 2026
#@# Jacobian white lh Sat Mar 14 00:55:06 CET 2026
#@# AvgCurv lh Sat Mar 14 00:55:07 CET 2026
#@# Cortical Parc lh Sat Mar 14 00:55:08 CET 2026
#@# white curv lh Sat Mar 14 01:01:38 CET 2026
#@# white area lh Sat Mar 14 01:01:40 CET 2026
#@# pial curv lh Sat Mar 14 01:01:41 CET 2026
#@# pial area lh Sat Mar 14 01:01:43 CET 2026
#@# thickness lh Sat Mar 14 01:01:43 CET 2026
#@# area and vertex vol lh Sat Mar 14 01:02:13 CET 2026
#@# Curvature Stats lh Sat Mar 14 01:02:15 CET 2026
#@# Cortical Parc 2 lh Sat Mar 14 01:02:17 CET 2026
#@# Cortical Parc 3 lh Sat Mar 14 01:02:30 CET 2026
#@# WM/GM Contrast lh Sat Mar 14 01:02:41 CET 2026
recon-all -s sub-v2s7x29671_ses-1 finished without error at Sat Mar 14 01:02:45 CET 2026



#New# invocation of recon-all 



status file for recon-all
Sat Mar 14 01:35:07 CET 2026
#@# white curv lh Sat Mar 14 01:35:07 CET 2026
#@# white area lh Sat Mar 14 01:35:07 CET 2026
#@# pial curv lh Sat Mar 14 01:35:07 CET 2026
#@# pial area lh Sat Mar 14 01:35:07 CET 2026
#@# thickness lh Sat Mar 14 01:35:07 CET 2026
#@# area and vertex vol lh Sat Mar 14 01:35:07 CET 2026
#@# Parcellation Stats lh Sat Mar 14 01:35:07 CET 2026
#@# Parcellation Stats 2 lh Sat Mar 14 01:35:27 CET 2026
#@# Parcellation Stats 3 lh Sat Mar 14 01:35:38 CET 2026
#@# BA_exvivo Labels lh Sat Mar 14 01:35:48 CET 2026
recon-all -s sub-v2s7x29671_ses-1 finished without error at Sat Mar 14 01:38:45 CET 2026
