status file for recon-all
Fri Mar 13 22:45:38 CET 2026
#@# MotionCor Fri Mar 13 22:45:40 CET 2026
#@# Talairach Fri Mar 13 22:45:50 CET 2026
#@# Talairach Failure Detection Fri Mar 13 22:50:15 CET 2026
#@# Nu Intensity Correction Fri Mar 13 22:50:15 CET 2026
#@# Intensity Normalization Fri Mar 13 22:53:29 CET 2026
recon-all -s sub-v2s7x29671_ses-1 finished without error at Fri Mar 13 22:54:58 CET 2026



#New# invocation of recon-all 



status file for recon-all
Fri Mar 13 23:08:40 CET 2026
#@# EM Registration Fri Mar 13 23:08:40 CET 2026
recon-all -s sub-v2s7x29671_ses-1 finished without error at Fri Mar 13 23:11:33 CET 2026



#New# invocation of recon-all 



status file for recon-all
Fri Mar 13 23:11:34 CET 2026
#@# CA Normalize Fri Mar 13 23:11:34 CET 2026
#@# CA Reg Fri Mar 13 23:12:55 CET 2026
#@# SubCort Seg Sat Mar 14 00:02:05 CET 2026
#@# CC Seg Sat Mar 14 00:30:23 CET 2026
#@# Merge ASeg Sat Mar 14 00:31:00 CET 2026
#@# Intensity Normalization2 Sat Mar 14 00:31:00 CET 2026
#@# Mask BFS Sat Mar 14 00:33:13 CET 2026
#@# WM Segmentation Sat Mar 14 00:33:13 CET 2026
#@# Fill Sat Mar 14 00:35:18 CET 2026
recon-all -s sub-v2s7x29671_ses-1 finished without error at Sat Mar 14 00:36:19 CET 2026



#New# invocation of recon-all 



status file for recon-all
Sat Mar 14 01:29:50 CET 2026
#@# white curv lh Sat Mar 14 01:29:50 CET 2026
#@# white area lh Sat Mar 14 01:29:50 CET 2026
#@# pial curv lh Sat Mar 14 01:29:50 CET 2026
#@# pial area lh Sat Mar 14 01:29:50 CET 2026
#@# thickness lh Sat Mar 14 01:29:50 CET 2026
#@# area and vertex vol lh Sat Mar 14 01:29:50 CET 2026
#@# white curv rh Sat Mar 14 01:29:50 CET 2026
#@# white area rh Sat Mar 14 01:29:50 CET 2026
#@# pial curv rh Sat Mar 14 01:29:50 CET 2026
#@# pial area rh Sat Mar 14 01:29:50 CET 2026
#@# thickness rh Sat Mar 14 01:29:50 CET 2026
#@# area and vertex vol rh Sat Mar 14 01:29:50 CET 2026
#@# Cortical ribbon mask Sat Mar 14 01:29:50 CET 2026
recon-all -s sub-v2s7x29671_ses-1 finished without error at Sat Mar 14 01:35:02 CET 2026



#New# invocation of recon-all 



status file for recon-all
Sat Mar 14 01:42:35 CET 2026
#@# white curv lh Sat Mar 14 01:42:35 CET 2026
#@# white area lh Sat Mar 14 01:42:35 CET 2026
#@# pial curv lh Sat Mar 14 01:42:35 CET 2026
#@# pial area lh Sat Mar 14 01:42:35 CET 2026
#@# thickness lh Sat Mar 14 01:42:35 CET 2026
#@# area and vertex vol lh Sat Mar 14 01:42:35 CET 2026
#@# white curv rh Sat Mar 14 01:42:35 CET 2026
#@# white area rh Sat Mar 14 01:42:35 CET 2026
#@# pial curv rh Sat Mar 14 01:42:35 CET 2026
#@# pial area rh Sat Mar 14 01:42:35 CET 2026
#@# thickness rh Sat Mar 14 01:42:35 CET 2026
#@# area and vertex vol rh Sat Mar 14 01:42:35 CET 2026
#@# Curvature Stats lh Sat Mar 14 01:42:35 CET 2026
#@# Curvature Stats rh Sat Mar 14 01:42:38 CET 2026
#@# Relabel Hypointensities Sat Mar 14 01:42:41 CET 2026
#@# APas-to-ASeg Sat Mar 14 01:42:58 CET 2026
#@# AParc-to-ASeg aparc Sat Mar 14 01:43:07 CET 2026
#@# AParc-to-ASeg aparc.a2009s Sat Mar 14 01:43:50 CET 2026
#@# AParc-to-ASeg aparc.DKTatlas Sat Mar 14 01:44:33 CET 2026
#@# WMParc Sat Mar 14 01:45:17 CET 2026
#@# ASeg Stats Sat Mar 14 01:49:32 CET 2026
recon-all -s sub-v2s7x29671_ses-1 finished without error at Sat Mar 14 01:50:16 CET 2026
