status file for recon-all
Fri Mar 13 23:08:39 CET 2026
#@# MotionCor Fri Mar 13 23:08:40 CET 2026
#@# Talairach Fri Mar 13 23:08:46 CET 2026
#@# Talairach Failure Detection Fri Mar 13 23:11:36 CET 2026
#@# Nu Intensity Correction Fri Mar 13 23:11:36 CET 2026
#@# Intensity Normalization Fri Mar 13 23:14:21 CET 2026
recon-all -s sub-v2s7x29679_ses-1 finished without error at Fri Mar 13 23:15:22 CET 2026



#New# invocation of recon-all 



status file for recon-all
Fri Mar 13 23:26:40 CET 2026
#@# EM Registration Fri Mar 13 23:26:40 CET 2026
recon-all -s sub-v2s7x29679_ses-1 finished without error at Fri Mar 13 23:28:13 CET 2026



#New# invocation of recon-all 



status file for recon-all
Fri Mar 13 23:28:14 CET 2026
#@# CA Normalize Fri Mar 13 23:28:14 CET 2026
#@# CA Reg Fri Mar 13 23:29:07 CET 2026
#@# SubCort Seg Sat Mar 14 00:18:38 CET 2026
#@# CC Seg Sat Mar 14 00:38:25 CET 2026
#@# Merge ASeg Sat Mar 14 00:38:52 CET 2026
#@# Intensity Normalization2 Sat Mar 14 00:38:52 CET 2026
#@# Mask BFS Sat Mar 14 00:40:18 CET 2026
#@# WM Segmentation Sat Mar 14 00:40:19 CET 2026
#@# Fill Sat Mar 14 00:41:57 CET 2026
recon-all -s sub-v2s7x29679_ses-1 finished without error at Sat Mar 14 00:42:34 CET 2026



#New# invocation of recon-all 



status file for recon-all
Sat Mar 14 01:26:41 CET 2026
#@# white curv lh Sat Mar 14 01:26:41 CET 2026
#@# white area lh Sat Mar 14 01:26:41 CET 2026
#@# pial curv lh Sat Mar 14 01:26:41 CET 2026
#@# pial area lh Sat Mar 14 01:26:41 CET 2026
#@# thickness lh Sat Mar 14 01:26:41 CET 2026
#@# area and vertex vol lh Sat Mar 14 01:26:41 CET 2026
#@# white curv rh Sat Mar 14 01:26:41 CET 2026
#@# white area rh Sat Mar 14 01:26:41 CET 2026
#@# pial curv rh Sat Mar 14 01:26:41 CET 2026
#@# pial area rh Sat Mar 14 01:26:41 CET 2026
#@# thickness rh Sat Mar 14 01:26:41 CET 2026
#@# area and vertex vol rh Sat Mar 14 01:26:41 CET 2026
#@# Cortical ribbon mask Sat Mar 14 01:26:41 CET 2026
recon-all -s sub-v2s7x29679_ses-1 finished without error at Sat Mar 14 01:30:24 CET 2026



#New# invocation of recon-all 



status file for recon-all
Sat Mar 14 01:36:03 CET 2026
#@# white curv lh Sat Mar 14 01:36:03 CET 2026
#@# white area lh Sat Mar 14 01:36:03 CET 2026
#@# pial curv lh Sat Mar 14 01:36:03 CET 2026
#@# pial area lh Sat Mar 14 01:36:03 CET 2026
#@# thickness lh Sat Mar 14 01:36:03 CET 2026
#@# area and vertex vol lh Sat Mar 14 01:36:03 CET 2026
#@# white curv rh Sat Mar 14 01:36:03 CET 2026
#@# white area rh Sat Mar 14 01:36:03 CET 2026
#@# pial curv rh Sat Mar 14 01:36:03 CET 2026
#@# pial area rh Sat Mar 14 01:36:03 CET 2026
#@# thickness rh Sat Mar 14 01:36:03 CET 2026
#@# area and vertex vol rh Sat Mar 14 01:36:03 CET 2026
#@# Curvature Stats lh Sat Mar 14 01:36:03 CET 2026
#@# Curvature Stats rh Sat Mar 14 01:36:05 CET 2026
#@# Relabel Hypointensities Sat Mar 14 01:36:07 CET 2026
#@# APas-to-ASeg Sat Mar 14 01:36:18 CET 2026
#@# AParc-to-ASeg aparc Sat Mar 14 01:36:25 CET 2026
#@# AParc-to-ASeg aparc.a2009s Sat Mar 14 01:36:47 CET 2026
#@# AParc-to-ASeg aparc.DKTatlas Sat Mar 14 01:37:11 CET 2026
#@# WMParc Sat Mar 14 01:37:33 CET 2026
#@# ASeg Stats Sat Mar 14 01:39:24 CET 2026
recon-all -s sub-v2s7x29679_ses-1 finished without error at Sat Mar 14 01:39:43 CET 2026
