status file for recon-all
Sat Mar 14 01:05:38 CET 2026
#@# Tessellate rh Sat Mar 14 01:05:38 CET 2026
#@# Smooth1 rh Sat Mar 14 01:05:41 CET 2026
#@# Inflation1 rh Sat Mar 14 01:05:43 CET 2026
#@# QSphere rh Sat Mar 14 01:05:56 CET 2026
#@# Fix Topology rh Sat Mar 14 01:07:20 CET 2026
#@# Smooth2 rh Sat Mar 14 01:11:35 CET 2026
#@# Inflation2 rh Sat Mar 14 01:11:37 CET 2026
#@# Curv .H and .K rh Sat Mar 14 01:11:50 CET 2026
#@# Sphere rh Sat Mar 14 01:12:29 CET 2026
#@# Surf Reg rh Sat Mar 14 01:16:05 CET 2026
#@# Jacobian white rh Sat Mar 14 01:19:49 CET 2026
#@# AvgCurv rh Sat Mar 14 01:19:50 CET 2026
#@# Cortical Parc rh Sat Mar 14 01:19:51 CET 2026
#@# white curv rh Sat Mar 14 01:25:50 CET 2026
#@# white area rh Sat Mar 14 01:25:51 CET 2026
#@# pial curv rh Sat Mar 14 01:25:52 CET 2026
#@# pial area rh Sat Mar 14 01:25:53 CET 2026
#@# thickness rh Sat Mar 14 01:25:54 CET 2026
#@# area and vertex vol rh Sat Mar 14 01:26:14 CET 2026
#@# Curvature Stats rh Sat Mar 14 01:26:15 CET 2026
#@# Cortical Parc 2 rh Sat Mar 14 01:26:17 CET 2026
#@# Cortical Parc 3 rh Sat Mar 14 01:26:28 CET 2026
#@# WM/GM Contrast rh Sat Mar 14 01:26:35 CET 2026
recon-all -s sub-v2s7x29679_ses-1 finished without error at Sat Mar 14 01:26:38 CET 2026



#New# invocation of recon-all 



status file for recon-all
Sat Mar 14 01:33:15 CET 2026
#@# white curv rh Sat Mar 14 01:33:15 CET 2026
#@# white area rh Sat Mar 14 01:33:15 CET 2026
#@# pial curv rh Sat Mar 14 01:33:15 CET 2026
#@# pial area rh Sat Mar 14 01:33:15 CET 2026
#@# thickness rh Sat Mar 14 01:33:15 CET 2026
#@# area and vertex vol rh Sat Mar 14 01:33:15 CET 2026
#@# Parcellation Stats rh Sat Mar 14 01:33:15 CET 2026
#@# Parcellation Stats 2 rh Sat Mar 14 01:33:32 CET 2026
#@# Parcellation Stats 3 rh Sat Mar 14 01:33:40 CET 2026
#@# BA_exvivo Labels rh Sat Mar 14 01:33:49 CET 2026
recon-all -s sub-v2s7x29679_ses-1 finished without error at Sat Mar 14 01:35:59 CET 2026
