status file for recon-all
Sat Mar 14 00:42:39 CET 2026
#@# Tessellate lh Sat Mar 14 00:42:39 CET 2026
#@# Smooth1 lh Sat Mar 14 00:42:41 CET 2026
#@# Inflation1 lh Sat Mar 14 00:42:43 CET 2026
#@# QSphere lh Sat Mar 14 00:42:58 CET 2026
#@# Fix Topology lh Sat Mar 14 00:44:20 CET 2026
#@# Smooth2 lh Sat Mar 14 00:48:44 CET 2026
#@# Inflation2 lh Sat Mar 14 00:48:47 CET 2026
#@# Curv .H and .K lh Sat Mar 14 00:49:00 CET 2026
#@# Sphere lh Sat Mar 14 00:49:37 CET 2026
#@# Surf Reg lh Sat Mar 14 00:54:42 CET 2026
#@# Jacobian white lh Sat Mar 14 00:58:44 CET 2026
#@# AvgCurv lh Sat Mar 14 00:58:45 CET 2026
#@# Cortical Parc lh Sat Mar 14 00:58:46 CET 2026
#@# white curv lh Sat Mar 14 01:04:46 CET 2026
#@# white area lh Sat Mar 14 01:04:48 CET 2026
#@# pial curv lh Sat Mar 14 01:04:48 CET 2026
#@# pial area lh Sat Mar 14 01:04:50 CET 2026
#@# thickness lh Sat Mar 14 01:04:50 CET 2026
#@# area and vertex vol lh Sat Mar 14 01:05:10 CET 2026
#@# Curvature Stats lh Sat Mar 14 01:05:11 CET 2026
#@# Cortical Parc 2 lh Sat Mar 14 01:05:13 CET 2026
#@# Cortical Parc 3 lh Sat Mar 14 01:05:23 CET 2026
#@# WM/GM Contrast lh Sat Mar 14 01:05:32 CET 2026
recon-all -s sub-v2s7x29679_ses-1 finished without error at Sat Mar 14 01:05:35 CET 2026



#New# invocation of recon-all 



status file for recon-all
Sat Mar 14 01:30:29 CET 2026
#@# white curv lh Sat Mar 14 01:30:30 CET 2026
#@# white area lh Sat Mar 14 01:30:30 CET 2026
#@# pial curv lh Sat Mar 14 01:30:30 CET 2026
#@# pial area lh Sat Mar 14 01:30:30 CET 2026
#@# thickness lh Sat Mar 14 01:30:30 CET 2026
#@# area and vertex vol lh Sat Mar 14 01:30:30 CET 2026
#@# Parcellation Stats lh Sat Mar 14 01:30:30 CET 2026
#@# Parcellation Stats 2 lh Sat Mar 14 01:30:46 CET 2026
#@# Parcellation Stats 3 lh Sat Mar 14 01:30:54 CET 2026
#@# BA_exvivo Labels lh Sat Mar 14 01:31:02 CET 2026
recon-all -s sub-v2s7x29679_ses-1 finished without error at Sat Mar 14 01:33:13 CET 2026
