/out/sourcedata/freesurfer/sub-v2s7x29668_ses-1/mri
/opt/freesurfer/bin/talairach_avi
--i orig_nu.mgz --xfm transforms/talairach.auto.xfm
talairach_avi 7.3.2
Linux dna082 5.14.0-427.37.1.el9_4.x86_64 #1 SMP PREEMPT_DYNAMIC Fri Sep 13 12:41:50 EDT 2024 x86_64 x86_64 x86_64 GNU/Linux
Fri Mar 13 22:29:36 CET 2026
mri_convert orig_nu.mgz talsrcimg.img 
reading from orig_nu.mgz...
TR=0.00, TE=0.00, TI=0.00, flip angle=0.00
i_ras = (-1, 0, 0)
j_ras = (0, 0, -1)
k_ras = (0, 1, 0)
writing to talsrcimg.img...
Analyze Output Matrix
-1.00000   0.00000   0.00000   127.99635;
 0.00000   0.00000   1.00000  -136.05988;
 0.00000  -1.00000   0.00000   138.60280;
 0.00000   0.00000   0.00000   1.00000;
--------------------
INFO: set hdr.hist.orient to -1
mpr2mni305 talsrcimg
Fri Mar 13 22:29:36 CET 2026
/opt/freesurfer/bin/mpr2mni305 talsrcimg
mpr2mni305 7.3.2
target=711-2C_as_mni_average_305

---------------------------------------------------------------------
analyzeto4dfp talsrcimg -O0 -y
---------------------------------------------------------------------

freesurfer ifh2hdr.c
Fri Mar 13 22:29:36 2026
Writing: talsrcimg.4dfp.hdr
freesurfer analyzeto4dfp.c
Reading: talsrcimg.hdr
header size 348 bytes
hdr.dime.datatype	offset=70	value=2
hdr.dime.bitpix		offset=72	value=8
hdr.hist.orient		offset=252	value=-1
dimensionality     4
dimensions       256       256       256         1
Reading: talsrcimg.img
Writing: talsrcimg.4dfp.img
Writing: talsrcimg.4dfp.ifh
ifh2hdr talsrcimg -r0to236
ori=2

---------------------------------------------------------------------
gauss_4dfp talsrcimg 1.1
---------------------------------------------------------------------

freesurfer gauss_4dfp.c
Reading: talsrcimg.4dfp.img
Writing: talsrcimg_g11.4dfp.img
image dimensions 256 256 256 padded to 288 288 288
processing volume 1freesurfer ifh2hdr.c
Fri Mar 13 22:29:38 2026
Writing: talsrcimg_g11.4dfp.hdr

Writing: talsrcimg_g11.4dfp.ifh
including: talsrcimg.4dfp.img.rec in talsrcimg_g11.4dfp.img.rec

---------------------------------------------------------------------
imgreg_4dfp /opt/freesurfer/average/711-2C_as_mni_average_305 none talsrcimg_g11 none talsrcimg_to_711-2C_as_mni_average_305_t4 4355
---------------------------------------------------------------------

freesurfer imgreg_4dfp.c
/opt/freesurfer/average/711-2C_as_mni_average_305.4dfp.img
       256       256       256         1
  1.000000  1.000000  1.000000
orientation T byte_order littleendian
Reading image: /opt/freesurfer/average/711-2C_as_mni_average_305.4dfp.img
dimensions:      256       256       256
mmppix:       1.0000   -1.0000   -1.0000
center:     128.0000 -129.0000 -129.0000
talsrcimg_g11.4dfp.img
       256       256       256         1
  1.000000  1.000000  1.000000
orientation T byte_order littleendian
Reading image: talsrcimg_g11.4dfp.img
dimensions:      256       256       256
mmppix:       1.0000   -1.0000   -1.0000
center:     128.0000 -129.0000 -129.0000
t4_read: open error in t4_sub.f l:  41 t4_file(1:l)talsrcimg_to_711-2C_as_mni_average_305_t4 
t4_read: transform initialized to I4
rotation matrix determinant  1.000000
image alignment mode   4355 decimal     1103 hex
   -7.5000  -45.0000  -45.0000 7937.7222   18.5386
    0.0000  -45.0000  -45.0000 8297.4141   18.5755
    7.5000  -45.0000  -45.0000 7930.4263   18.5727
   -7.5000  -37.5000  -45.0000 8414.3789   18.4998
    0.0000  -37.5000  -45.0000 8782.2373   18.5333
    7.5000  -37.5000  -45.0000 8402.9600   18.5395
   -7.5000  -30.0000  -45.0000 9129.7383   18.4648
    0.0000  -30.0000  -45.0000 9550.1943   18.4906
    7.5000  -30.0000  -45.0000 9135.9404   18.4846
   -7.5000  -22.5000  -45.0000 9830.8818   18.4730
    0.0000  -22.5000  -45.000010313.7285   18.4942
    7.5000  -22.5000  -45.0000 9843.0820   18.4635
   -7.5000  -15.0000  -45.000010455.4111   18.5108
    0.0000  -15.0000  -45.000010941.8467   18.5353
    7.5000  -15.0000  -45.000010450.5596   18.4929
   -7.5000   -7.5000  -45.000010992.9805   18.5414
    0.0000   -7.5000  -45.000011465.2969   18.5738
    7.5000   -7.5000  -45.000010988.8086   18.5471
   -7.5000    0.0000  -45.000011436.6572   18.5386
    0.0000    0.0000  -45.000011884.1592   18.5755
    7.5000    0.0000  -45.000011399.2119   18.5727
   -7.5000    7.5000  -45.000010969.3545   18.4998
    0.0000    7.5000  -45.000011368.4785   18.5333
    7.5000    7.5000  -45.000010902.9922   18.5395
   -7.5000   15.0000  -45.000010374.7930   18.4648
    0.0000   15.0000  -45.000010772.6328   18.4906
    7.5000   15.0000  -45.000010326.3057   18.4846
   -7.5000   22.5000  -45.0000 9787.0098   18.4705
    0.0000   22.5000  -45.000010153.1221   18.4917
    7.5000   22.5000  -45.0000 9740.8223   18.4610
   -7.5000   30.0000  -45.0000 9054.6836   18.2641
    0.0000   30.0000  -45.0000 9377.8662   18.2883
    7.5000   30.0000  -45.0000 9000.4043   18.2464
   -7.5000   37.5000  -45.0000 8596.7109   18.2944
    0.0000   37.5000  -45.0000 8872.2393   18.3263
    7.5000   37.5000  -45.0000 8529.4463   18.2999
   -7.5000   45.0000  -45.0000 7834.5894   17.8653
    0.0000   45.0000  -45.0000 8095.9722   17.9007
    7.5000   45.0000  -45.0000 7761.4893   17.8980
   -7.5000  -45.0000  -37.5000 8433.5410   18.5020
    0.0000  -45.0000  -37.5000 8831.8457   18.5401
    7.5000  -45.0000  -37.5000 8441.6826   18.5293
   -7.5000  -37.5000  -37.5000 8912.0850   18.4636
    0.0000  -37.5000  -37.5000 9339.3955   18.4966
    7.5000  -37.5000  -37.5000 8905.4707   18.4947
   -7.5000  -30.0000  -37.5000 9666.5928   18.4380
    0.0000  -30.0000  -37.500010142.4775   18.4603
    7.5000  -30.0000  -37.5000 9655.9844   18.4485
   -7.5000  -22.5000  -37.500010384.2344   18.4558
    0.0000  -22.5000  -37.500010901.4082   18.4719
    7.5000  -22.5000  -37.500010356.7139   18.4383
   -7.5000  -15.0000  -37.500011019.9424   18.4938
    0.0000  -15.0000  -37.500011565.0430   18.5147
    7.5000  -15.0000  -37.500010983.4395   18.4697
   -7.5000   -7.5000  -37.500011590.4023   18.5144
    0.0000   -7.5000  -37.500012128.2305   18.5465
    7.5000   -7.5000  -37.500011552.6494   18.5144
   -7.5000    0.0000  -37.500012026.0371   18.5020
    0.0000    0.0000  -37.500012569.4658   18.5401
    7.5000    0.0000  -37.500011991.8467   18.5293
   -7.5000    7.5000  -37.500011501.8057   18.4636
    0.0000    7.5000  -37.500012000.7910   18.4966
    7.5000    7.5000  -37.500011450.5576   18.4947
   -7.5000   15.0000  -37.500010894.3154   18.4380
    0.0000   15.0000  -37.500011395.2812   18.4603
    7.5000   15.0000  -37.500010861.4600   18.4485
   -7.5000   22.5000  -37.500010252.6494   18.4533
    0.0000   22.5000  -37.500010733.9492   18.4694
    7.5000   22.5000  -37.500010238.6504   18.4358
   -7.5000   30.0000  -37.5000 9473.6055   18.2474
    0.0000   30.0000  -37.5000 9883.6406   18.2680
    7.5000   30.0000  -37.5000 9443.3711   18.2236
   -7.5000   37.5000  -37.5000 8966.1738   18.2677
    0.0000   37.5000  -37.5000 9308.4570   18.2994
    7.5000   37.5000  -37.5000 8928.4951   18.2677
   -7.5000   45.0000  -37.5000 8180.2007   17.8267
    0.0000   45.0000  -37.5000 8469.2979   17.8632
    7.5000   45.0000  -37.5000 8110.8311   17.8526
   -7.5000  -45.0000  -30.0000 9056.7988   19.2675
    0.0000  -45.0000  -30.0000 9488.4404   19.3043
    7.5000  -45.0000  -30.0000 9053.5127   19.2870
   -7.5000  -37.5000  -30.0000 9552.0303   19.2300
    0.0000  -37.5000  -30.000010022.6602   19.2617
    7.5000  -37.5000  -30.0000 9537.4688   19.2542
   -7.5000  -30.0000  -30.000010359.4688   19.2169
    0.0000  -30.0000  -30.000010893.7305   19.2379
    7.5000  -30.0000  -30.000010358.0029   19.2224
   -7.5000  -22.5000  -30.000011107.4014   19.2461
    0.0000  -22.5000  -30.000011684.2422   19.2611
    7.5000  -22.5000  -30.000011080.2959   19.2252
   -7.5000  -15.0000  -30.000011780.7822   19.2847
    0.0000  -15.0000  -30.000012407.1621   19.3046
    7.5000  -15.0000  -30.000011735.8018   19.2568
   -7.5000   -7.5000  -30.000012393.1426   19.2929
    0.0000   -7.5000  -30.000013068.9912   19.3239
    7.5000   -7.5000  -30.000012340.9873   19.2867
   -7.5000    0.0000  -30.000012859.0225   19.2675
    0.0000    0.0000  -30.000013533.0723   19.3043
    7.5000    0.0000  -30.000012804.5469   19.2870
   -7.5000    7.5000  -30.000012278.8486   19.2300
    0.0000    7.5000  -30.000012911.5498   19.2617
    7.5000    7.5000  -30.000012223.7275   19.2542
   -7.5000   15.0000  -30.000011635.0908   19.2169
    0.0000   15.0000  -30.000012247.7227   19.2379
    7.5000   15.0000  -30.000011592.9990   19.2224
   -7.5000   22.5000  -30.000010935.4912   19.2415
    0.0000   22.5000  -30.000011471.2012   19.2565
    7.5000   22.5000  -30.000010893.3838   19.2206
   -7.5000   30.0000  -30.000010063.2129   19.0295
    0.0000   30.0000  -30.000010514.7939   19.0491
    7.5000   30.0000  -30.000010011.8164   19.0020
   -7.5000   37.5000  -30.0000 9506.6816   19.0377
    0.0000   37.5000  -30.0000 9900.4092   19.0683
    7.5000   37.5000  -30.0000 9451.6523   19.0315
   -7.5000   45.0000  -30.0000 8645.9238   18.5800
    0.0000   45.0000  -30.0000 8993.3965   18.6154
    7.5000   45.0000  -30.0000 8582.5049   18.5983
   -7.5000  -45.0000  -22.5000 9703.8154   19.9301
    0.0000  -45.0000  -22.500010177.6006   19.9622
    7.5000  -45.0000  -22.5000 9663.5088   19.9463
   -7.5000  -37.5000  -22.500010236.3359   19.8929
    0.0000  -37.5000  -22.500010747.3896   19.9221
    7.5000  -37.5000  -22.500010204.5322   19.9168
   -7.5000  -30.0000  -22.500011068.7881   19.8840
    0.0000  -30.0000  -22.500011657.9033   19.9059
    7.5000  -30.0000  -22.500011057.9639   19.8921
   -7.5000  -22.5000  -22.500011852.0283   19.9161
    0.0000  -22.5000  -22.500012479.4834   19.9340
    7.5000  -22.5000  -22.500011813.2139   19.8986
   -7.5000  -15.0000  -22.500012541.9492   19.9557
    0.0000  -15.0000  -22.500013219.3145   19.9770
    7.5000  -15.0000  -22.500012491.8545   19.9289
   -7.5000   -7.5000  -22.500013179.3564   19.9607
    0.0000   -7.5000  -22.500013912.5762   19.9889
    7.5000   -7.5000  -22.500013127.5098   19.9517
   -7.5000    0.0000  -22.500013652.2773   19.9300
    0.0000    0.0000  -22.500014453.4717   19.9622
    7.5000    0.0000  -22.500013601.5127   19.9463
   -7.5000    7.5000  -22.500013058.1875   19.8929
    0.0000    7.5000  -22.500013819.4473   19.9221
    7.5000    7.5000  -22.500013000.4199   19.9168
   -7.5000   15.0000  -22.500012348.6875   19.8840
    0.0000   15.0000  -22.500013063.4756   19.9059
    7.5000   15.0000  -22.500012312.6963   19.8921
   -7.5000   22.5000  -22.500011579.5947   19.9099
    0.0000   22.5000  -22.500012175.7334   19.9279
    7.5000   22.5000  -22.500011507.6719   19.8925
   -7.5000   30.0000  -22.500010645.5801   19.6947
    0.0000   30.0000  -22.500011158.3711   19.7157
    7.5000   30.0000  -22.500010589.9912   19.6682
   -7.5000   37.5000  -22.500010017.3477   19.6996
    0.0000   37.5000  -22.500010464.4414   19.7275
    7.5000   37.5000  -22.5000 9968.5391   19.6908
   -7.5000   45.0000  -22.5000 9128.2383   19.2395
    0.0000   45.0000  -22.5000 9512.5801   19.2707
    7.5000   45.0000  -22.5000 9047.5420   19.2548
   -7.5000  -45.0000  -15.000010325.8818   20.4181
    0.0000  -45.0000  -15.000010819.5801   20.4488
    7.5000  -45.0000  -15.000010293.6416   20.4406
   -7.5000  -37.5000  -15.000010901.6250   20.3801
    0.0000  -37.5000  -15.000011454.4385   20.4100
    7.5000  -37.5000  -15.000010879.4141   20.4132
   -7.5000  -30.0000  -15.000011742.9414   20.3635
    0.0000  -30.0000  -15.000012366.6299   20.3894
    7.5000  -30.0000  -15.000011750.1738   20.3818
   -7.5000  -22.5000  -15.000012543.3516   20.3883
    0.0000  -22.5000  -15.000013184.0908   20.4118
    7.5000  -22.5000  -15.000012504.9131   20.3793
   -7.5000  -15.0000  -15.000013241.3838   20.4284
    0.0000  -15.0000  -15.000013971.8320   20.4536
    7.5000  -15.0000  -15.000013228.0908   20.4072
   -7.5000   -7.5000  -15.000013904.5596   20.4417
    0.0000   -7.5000  -15.000014725.3291   20.4700
    7.5000   -7.5000  -15.000013891.4336   20.4373
   -7.5000    0.0000  -15.000014437.8584   20.4181
    0.0000    0.0000  -15.000015340.9219   20.4488
    7.5000    0.0000  -15.000014426.6504   20.4406
   -7.5000    7.5000  -15.000013806.0547   20.3801
    0.0000    7.5000  -15.000014656.7588   20.4100
    7.5000    7.5000  -15.000013766.3682   20.4132
   -7.5000   15.0000  -15.000013027.9258   20.3635
    0.0000   15.0000  -15.000013811.4678   20.3894
    7.5000   15.0000  -15.000012987.4287   20.3818
   -7.5000   22.5000  -15.000012151.6553   20.3811
    0.0000   22.5000  -15.000012839.5840   20.4045
    7.5000   22.5000  -15.000012103.4434   20.3720
   -7.5000   30.0000  -15.000011168.2959   20.1641
    0.0000   30.0000  -15.000011771.0908   20.1889
    7.5000   30.0000  -15.000011130.7441   20.1431
   -7.5000   37.5000  -15.000010547.3066   20.1772
    0.0000   37.5000  -15.000011058.0938   20.2051
    7.5000   37.5000  -15.000010510.5693   20.1729
   -7.5000   45.0000  -15.0000 9597.1895   19.7266
    0.0000   45.0000  -15.000010046.2686   19.7564
    7.5000   45.0000  -15.0000 9544.5527   19.7482
   -7.5000  -45.0000   -7.500010935.8809   20.6672
    0.0000  -45.0000   -7.500011461.9883   20.7029
    7.5000  -45.0000   -7.500010951.0146   20.7022
   -7.5000  -37.5000   -7.500011532.3613   20.6267
    0.0000  -37.5000   -7.500012121.1211   20.6614
    7.5000  -37.5000   -7.500011569.6846   20.6714
   -7.5000  -30.0000   -7.500012465.1250   20.5949
    0.0000  -30.0000   -7.500013128.7793   20.6249
    7.5000  -30.0000   -7.500012507.2197   20.6219
   -7.5000  -22.5000   -7.500013289.2891   20.6073
    0.0000  -22.5000   -7.500013970.6162   20.6344
    7.5000  -22.5000   -7.500013292.4990   20.6038
   -7.5000  -15.0000   -7.500014012.7705   20.6480
    0.0000  -15.0000   -7.500014757.8057   20.6768
    7.5000  -15.0000   -7.500014018.9668   20.6324
   -7.5000   -7.5000   -7.500014679.7930   20.6761
    0.0000   -7.5000   -7.500015489.6055   20.7090
    7.5000   -7.5000   -7.500014671.2998   20.6813
   -7.5000    0.0000   -7.500015251.9834   20.6672
    0.0000    0.0000   -7.500016143.9414   20.7029
    7.5000    0.0000   -7.500015237.4883   20.7022
   -7.5000    7.5000   -7.500014545.1816   20.6267
    0.0000    7.5000   -7.500015415.3936   20.6614
    7.5000    7.5000   -7.500014554.5137   20.6714
   -7.5000   15.0000   -7.500013728.4580   20.5949
    0.0000   15.0000   -7.500014529.5156   20.6249
    7.5000   15.0000   -7.500013717.6035   20.6219
   -7.5000   22.5000   -7.500012760.9951   20.5978
    0.0000   22.5000   -7.500013500.5039   20.6248
    7.5000   22.5000   -7.500012741.6035   20.5943
   -7.5000   30.0000   -7.500011753.8516   20.3802
    0.0000   30.0000   -7.500012423.3672   20.4087
    7.5000   30.0000   -7.500011747.0586   20.3648
   -7.5000   37.5000   -7.500011133.1494   20.4080
    0.0000   37.5000   -7.500011723.3916   20.4404
    7.5000   37.5000   -7.500011127.8486   20.4131
   -7.5000   45.0000   -7.500010109.4922   19.9684
    0.0000   45.0000   -7.500010605.3779   20.0028
    7.5000   45.0000   -7.500010093.4756   20.0021
   -7.5000  -45.0000    0.000011445.4463   20.7131
    0.0000  -45.0000    0.000011996.6992   20.7544
    7.5000  -45.0000    0.000011500.1455   20.7517
   -7.5000  -37.5000    0.000012067.8398   20.6699
    0.0000  -37.5000    0.000012670.3916   20.7074
    7.5000  -37.5000    0.000012126.7500   20.7148
   -7.5000  -30.0000    0.000013088.6094   20.6309
    0.0000  -30.0000    0.000013749.3750   20.6600
    7.5000  -30.0000    0.000013131.1250   20.6539
   -7.5000  -22.5000    0.000014020.6963   20.6402
    0.0000  -22.5000    0.000014717.7812   20.6642
    7.5000  -22.5000    0.000014047.9678   20.6306
   -7.5000  -15.0000    0.000014756.6260   20.6823
    0.0000  -15.0000    0.000015511.2256   20.7099
    7.5000  -15.0000    0.000014824.9678   20.6633
   -7.5000   -7.5000    0.000015418.3672   20.7163
    0.0000   -7.5000    0.000016183.5898   20.7526
    7.5000   -7.5000    0.000015465.7910   20.7234
   -7.5000    0.0000    0.000015998.3535   20.7131
    0.0000    0.0000    0.000016806.1172   20.7543
    7.5000    0.0000    0.000016054.5381   20.7517
   -7.5000    7.5000    0.000015271.2168   20.6699
    0.0000    7.5000    0.000016049.2393   20.7074
    7.5000    7.5000    0.000015336.1875   20.7148
   -7.5000   15.0000    0.000014402.6611   20.6309
    0.0000   15.0000    0.000015193.5850   20.6600
    7.5000   15.0000    0.000014440.2236   20.6539
   -7.5000   22.5000    0.000013389.4668   20.6307
    0.0000   22.5000    0.000014154.1523   20.6547
    7.5000   22.5000    0.000013383.7510   20.6211
   -7.5000   30.0000    0.000012377.5811   20.4146
    0.0000   30.0000    0.000013051.4785   20.4419
    7.5000   30.0000    0.000012338.6152   20.3959
   -7.5000   37.5000    0.000011758.8994   20.4482
    0.0000   37.5000    0.000012357.6094   20.4841
    7.5000   37.5000    0.000011711.8721   20.4552
   -7.5000   45.0000    0.000010664.0547   20.0077
    0.0000   45.0000    0.000011152.6250   20.0475
    7.5000   45.0000    0.000010602.3564   20.0449
   -7.5000  -45.0000    7.500011073.5732   20.7036
    0.0000  -45.0000    7.500011558.2031   20.7462
    7.5000  -45.0000    7.500011098.7998   20.7341
   -7.5000  -37.5000    7.500011655.0332   20.6607
    0.0000  -37.5000    7.500012180.0654   20.6976
    7.5000  -37.5000    7.500011680.5293   20.6955
   -7.5000  -30.0000    7.500012684.4365   20.6321
    0.0000  -30.0000    7.500013297.8018   20.6571
    7.5000  -30.0000    7.500012687.2129   20.6439
   -7.5000  -22.5000    7.500013752.8418   20.6520
    0.0000  -22.5000    7.500014405.0996   20.6701
    7.5000  -22.5000    7.500013766.4170   20.6325
   -7.5000  -15.0000    7.500014602.6621   20.6945
    0.0000  -15.0000    7.500015268.4160   20.7178
    7.5000  -15.0000    7.500014665.8799   20.6675
   -7.5000   -7.5000    7.500015190.2139   20.7174
    0.0000   -7.5000    7.500015783.5664   20.7533
    7.5000   -7.5000    7.500015220.9795   20.7174
   -7.5000    0.0000    7.500015678.0166   20.7036
    0.0000    0.0000    7.500016290.3633   20.7462
    7.5000    0.0000    7.500015686.4180   20.7341
   -7.5000    7.5000    7.500014963.4238   20.6607
    0.0000    7.5000    7.500015585.0078   20.6976
    7.5000    7.5000    7.500014954.7471   20.6955
   -7.5000   15.0000    7.500014168.7627   20.6321
    0.0000   15.0000    7.500014828.0674   20.6571
    7.5000   15.0000    7.500014073.3994   20.6439
   -7.5000   22.5000    7.500013144.6924   20.6425
    0.0000   22.5000    7.500013806.1377   20.6606
    7.5000   22.5000    7.500013016.3467   20.6230
   -7.5000   30.0000    7.500012117.2588   20.4266
    0.0000   30.0000    7.500012719.4180   20.4497
    7.5000   30.0000    7.500011956.0635   20.4000
   -7.5000   37.5000    7.500011520.5840   20.4493
    0.0000   37.5000    7.500012074.9453   20.4848
    7.5000   37.5000    7.500011398.6807   20.4493
   -7.5000   45.0000    7.500010427.3584   19.9949
    0.0000   45.0000    7.500010893.9297   20.0358
    7.5000   45.0000    7.500010300.6885   20.0240
   -7.5000  -45.0000   15.000010553.7666   20.6901
    0.0000  -45.0000   15.000010989.7275   20.7296
    7.5000  -45.0000   15.000010559.9053   20.7111
   -7.5000  -37.5000   15.000011125.3613   20.6499
    0.0000  -37.5000   15.000011540.1758   20.6839
    7.5000  -37.5000   15.000011145.1348   20.6758
   -7.5000  -30.0000   15.000012162.8174   20.6358
    0.0000  -30.0000   15.000012671.5723   20.6584
    7.5000  -30.0000   15.000012186.7344   20.6416
   -7.5000  -22.5000   15.000013322.4209   20.6671
    0.0000  -22.5000   15.000013974.4033   20.6833
    7.5000  -22.5000   15.000013324.3555   20.6447
   -7.5000  -15.0000   15.000014323.8379   20.7086
    0.0000  -15.0000   15.000014912.7959   20.7300
    7.5000  -15.0000   15.000014248.2471   20.6786
   -7.5000   -7.5000   15.000014989.3789   20.7174
    0.0000   -7.5000   15.000015519.2227   20.7507
    7.5000   -7.5000   15.000014813.1953   20.7108
   -7.5000    0.0000   15.000015426.8164   20.6901
    0.0000    0.0000   15.000015975.8232   20.7296
    7.5000    0.0000   15.000015190.2812   20.7111
   -7.5000    7.5000   15.000014630.5439   20.6499
    0.0000    7.5000   15.000015172.3145   20.6839
    7.5000    7.5000   15.000014386.1299   20.6758
   -7.5000   15.0000   15.000013794.5225   20.6358
    0.0000   15.0000   15.000014339.5254   20.6584
    7.5000   15.0000   15.000013510.7988   20.6416
   -7.5000   22.5000   15.000012748.8613   20.6576
    0.0000   22.5000   15.000013258.7432   20.6737
    7.5000   22.5000   15.000012475.4053   20.6352
   -7.5000   30.0000   15.000011657.5068   20.4406
    0.0000   30.0000   15.000012130.0859   20.4617
    7.5000   30.0000   15.000011423.8096   20.4110
   -7.5000   37.5000   15.000011058.3203   20.4493
    0.0000   37.5000   15.000011524.8691   20.4822
    7.5000   37.5000   15.000010896.5459   20.4427
   -7.5000   45.0000   15.0000 9985.9746   19.9842
    0.0000   45.0000   15.000010428.0234   20.0223
    7.5000   45.0000   15.0000 9857.8584   20.0039
   -7.5000  -45.0000   22.5000 9969.7588   20.6890
    0.0000  -45.0000   22.500010396.1328   20.7224
    7.5000  -45.0000   22.5000 9980.6387   20.7059
   -7.5000  -37.5000   22.500010551.3350   20.6504
    0.0000  -37.5000   22.500010996.3232   20.6808
    7.5000  -37.5000   22.500010516.8311   20.6753
   -7.5000  -30.0000   22.500011619.2227   20.6412
    0.0000  -30.0000   22.500012192.0703   20.6639
    7.5000  -30.0000   22.500011511.7637   20.6496
   -7.5000  -22.5000   22.500012746.9609   20.6745
    0.0000  -22.5000   22.500013399.2568   20.6931
    7.5000  -22.5000   22.500012588.5400   20.6563
   -7.5000  -15.0000   22.500013625.4531   20.7156
    0.0000  -15.0000   22.500014216.2744   20.7378
    7.5000  -15.0000   22.500013376.2559   20.6878
   -7.5000   -7.5000   22.500014265.8604   20.7208
    0.0000   -7.5000   22.500014830.0557   20.7501
    7.5000   -7.5000   22.500013954.2061   20.7115
   -7.5000    0.0000   22.500014705.5332   20.6890
    0.0000    0.0000   22.500015362.2783   20.7224
    7.5000    0.0000   22.500014416.5264   20.7059
   -7.5000    7.5000   22.500013940.0068   20.6504
    0.0000    7.5000   22.500014561.3799   20.6808
    7.5000    7.5000   22.500013686.7178   20.6753
   -7.5000   15.0000   22.500013100.1328   20.6412
    0.0000   15.0000   22.500013669.1670   20.6639
    7.5000   15.0000   22.500012865.8623   20.6496
   -7.5000   22.5000   22.500012064.3477   20.6650
    0.0000   22.5000   22.500012587.1494   20.6835
    7.5000   22.5000   22.500011859.0146   20.6468
   -7.5000   30.0000   22.500011018.8330   20.4475
    0.0000   30.0000   22.500011476.5742   20.4694
    7.5000   30.0000   22.500010840.5254   20.4200
   -7.5000   37.5000   22.500010436.6377   20.4527
    0.0000   37.5000   22.500010849.0371   20.4816
    7.5000   37.5000   22.500010300.9980   20.4435
   -7.5000   45.0000   22.5000 9458.5039   19.9895
    0.0000   45.0000   22.5000 9809.9854   20.0218
    7.5000   45.0000   22.5000 9331.8486   20.0054
   -7.5000  -45.0000   30.0000 9363.6816   20.6992
    0.0000  -45.0000   30.0000 9830.4443   20.7304
    7.5000  -45.0000   30.0000 9352.0088   20.7221
   -7.5000  -37.5000   30.0000 9931.6826   20.6607
    0.0000  -37.5000   30.000010414.8711   20.6911
    7.5000  -37.5000   30.0000 9885.3389   20.6943
   -7.5000  -30.0000   30.000010890.6680   20.6439
    0.0000  -30.0000   30.000011459.4844   20.6702
    7.5000  -30.0000   30.000010814.0557   20.6625
   -7.5000  -22.5000   30.000011774.8770   20.6691
    0.0000  -22.5000   30.000012370.1992   20.6929
    7.5000  -22.5000   30.000011715.7812   20.6599
   -7.5000  -15.0000   30.000012484.8535   20.7098
    0.0000  -15.0000   30.000012999.0811   20.7353
    7.5000  -15.0000   30.000012376.7715   20.6882
   -7.5000   -7.5000   30.000013012.0459   20.7232
    0.0000   -7.5000   30.000013555.8584   20.7519
    7.5000   -7.5000   30.000012915.1865   20.7188
   -7.5000    0.0000   30.000013425.7295   20.6992
    0.0000    0.0000   30.000014039.4375   20.7304
    7.5000    0.0000   30.000013374.8994   20.7221
   -7.5000    7.5000   30.000012822.8301   20.6607
    0.0000    7.5000   30.000013371.6895   20.6911
    7.5000    7.5000   30.000012754.0508   20.6943
   -7.5000   15.0000   30.000012118.4854   20.6439
    0.0000   15.0000   30.000012647.8311   20.6702
    7.5000   15.0000   30.000012043.7715   20.6625
   -7.5000   22.5000   30.000011238.5967   20.6596
    0.0000   22.5000   30.000011713.4609   20.6834
    7.5000   22.5000   30.000011120.8447   20.6504
   -7.5000   30.0000   30.000010295.9297   20.4417
    0.0000   30.0000   30.000010747.7432   20.4669
    7.5000   30.0000   30.000010180.2031   20.4205
   -7.5000   37.5000   30.0000 9734.2461   20.4550
    0.0000   37.5000   30.000010130.1006   20.4834
    7.5000   37.5000   30.0000 9618.1211   20.4507
   -7.5000   45.0000   30.0000 8787.8916   20.0035
    0.0000   45.0000   30.0000 9131.6504   20.0337
    7.5000   45.0000   30.0000 8685.1787   20.0255
   -7.5000  -45.0000   37.5000 8930.5098   20.7388
    0.0000  -45.0000   37.5000 9379.8926   20.7747
    7.5000  -45.0000   37.5000 8921.0615   20.7739
   -7.5000  -37.5000   37.5000 9447.3945   20.6981
    0.0000  -37.5000   37.5000 9922.3857   20.7330
    7.5000  -37.5000   37.5000 9428.8486   20.7429
   -7.5000  -30.0000   37.500010326.2686   20.6662
    0.0000  -30.0000   37.500010872.3770   20.6964
    7.5000  -30.0000   37.500010321.0615   20.6933
   -7.5000  -22.5000   37.500011109.9121   20.6787
    0.0000  -22.5000   37.500011657.2949   20.7059
    7.5000  -22.5000   37.500011096.7256   20.6751
   -7.5000  -15.0000   37.500011779.9580   20.7196
    0.0000  -15.0000   37.500012283.5186   20.7485
    7.5000  -15.0000   37.500011739.1855   20.7038
   -7.5000   -7.5000   37.500012347.5059   20.7478
    0.0000   -7.5000   37.500012871.9570   20.7808
    7.5000   -7.5000   37.500012322.7832   20.7529
   -7.5000    0.0000   37.500012766.2080   20.7388
    0.0000    0.0000   37.500013307.0098   20.7747
    7.5000    0.0000   37.500012739.7773   20.7738
   -7.5000    7.5000   37.500012182.8887   20.6981
    0.0000    7.5000   37.500012689.9287   20.7330
    7.5000    7.5000   37.500012148.9082   20.7429
   -7.5000   15.0000   37.500011529.7979   20.6662
    0.0000   15.0000   37.500012027.4824   20.6964
    7.5000   15.0000   37.500011508.7754   20.6933
   -7.5000   22.5000   37.500010730.2656   20.6692
    0.0000   22.5000   37.500011182.6396   20.6964
    7.5000   22.5000   37.500010683.8340   20.6656
   -7.5000   30.0000   37.5000 9842.5146   20.4515
    0.0000   30.0000   37.500010270.6953   20.4800
    7.5000   30.0000   37.5000 9792.9316   20.4359
   -7.5000   37.5000   37.5000 9341.0166   20.4793
    0.0000   37.5000   37.5000 9690.1807   20.5119
    7.5000   37.5000   37.5000 9256.0117   20.4844
   -7.5000   45.0000   37.5000 8441.2666   20.0392
    0.0000   45.0000   37.5000 8751.7588   20.0738
    7.5000   45.0000   37.5000 8344.7500   20.0729
   -7.5000  -45.0000   45.0000 8116.1875   21.0724
    0.0000  -45.0000   45.0000 8505.5479   21.1170
    7.5000  -45.0000   45.0000 8126.2847   21.1134
   -7.5000  -37.5000   45.0000 8598.9473   21.0264
    0.0000  -37.5000   45.0000 9037.4229   21.0673
    7.5000  -37.5000   45.0000 8619.4170   21.0742
   -7.5000  -30.0000   45.0000 9391.6025   20.9844
    0.0000  -30.0000   45.0000 9903.3662   21.0162
    7.5000  -30.0000   45.0000 9414.5801   21.0094
   -7.5000  -22.5000   45.000010131.2314   20.9937
    0.0000  -22.5000   45.000010670.2031   21.0198
    7.5000  -22.5000   45.000010145.4111   20.9848
   -7.5000  -15.0000   45.000010791.5508   21.0383
    0.0000  -15.0000   45.000011305.0322   21.0681
    7.5000  -15.0000   45.000010774.1777   21.0197
   -7.5000   -7.5000   45.000011345.8096   21.0751
    0.0000   -7.5000   45.000011853.6387   21.1142
    7.5000   -7.5000   45.000011321.5742   21.0834
   -7.5000    0.0000   45.000011708.9531   21.0724
    0.0000    0.0000   45.000012221.4473   21.1169
    7.5000    0.0000   45.000011681.5859   21.1134
   -7.5000    7.5000   45.000011188.8887   21.0264
    0.0000    7.5000   45.000011646.2861   21.0673
    7.5000    7.5000   45.000011160.6484   21.0742
   -7.5000   15.0000   45.000010625.8418   20.9844
    0.0000   15.0000   45.000011069.5010   21.0162
    7.5000   15.0000   45.000010598.4795   21.0094
   -7.5000   22.5000   45.0000 9905.2188   20.9840
    0.0000   22.5000   45.000010339.4121   21.0100
    7.5000   22.5000   45.0000 9877.4297   20.9751
   -7.5000   30.0000   45.0000 9098.2744   20.7643
    0.0000   30.0000   45.0000 9465.2275   20.7937
    7.5000   30.0000   45.0000 9065.1631   20.7459
   -7.5000   37.5000   45.0000 8634.2373   20.8006
    0.0000   37.5000   45.0000 8941.3340   20.8391
    7.5000   37.5000   45.0000 8574.7734   20.8088
   -7.5000   45.0000   45.0000 7825.2681   20.3651
    0.0000   45.0000   45.0000 8086.7485   20.4080
    7.5000   45.0000   45.0000 7747.2754   20.4046

---------------------------------------------------------------------
imgreg_4dfp /opt/freesurfer/average/711-2C_as_mni_average_305 /opt/freesurfer/average/711-2B_as_mni_average_305_mask talsrcimg_g11 none talsrcimg_to_711-2C_as_mni_average_305_t4 4355
---------------------------------------------------------------------

freesurfer imgreg_4dfp.c
/opt/freesurfer/average/711-2C_as_mni_average_305.4dfp.img
       256       256       256         1
  1.000000  1.000000  1.000000
orientation T byte_order littleendian
Reading image: /opt/freesurfer/average/711-2C_as_mni_average_305.4dfp.img
dimensions:      256       256       256
mmppix:       1.0000   -1.0000   -1.0000
center:     128.0000 -129.0000 -129.0000
/opt/freesurfer/average/711-2B_as_mni_average_305_mask.4dfp.img
       256       256       256         1
  1.000000  1.000000  1.000000
orientation T byte_order littleendian
Reading mask: /opt/freesurfer/average/711-2B_as_mni_average_305_mask.4dfp.img (2306576 pixels)
talsrcimg_g11.4dfp.img
       256       256       256         1
  1.000000  1.000000  1.000000
orientation T byte_order littleendian
Reading image: talsrcimg_g11.4dfp.img
dimensions:      256       256       256
mmppix:       1.0000   -1.0000   -1.0000
center:     128.0000 -129.0000 -129.0000
rotation matrix determinant  1.000000
image alignment mode   4355 decimal     1103 hex
   -7.5000  -45.0000  -45.0000 2032.9956   18.8121
    0.0000  -45.0000  -45.0000 2043.8081   18.7643
    7.5000  -45.0000  -45.0000 2023.6133   18.8945
   -7.5000  -37.5000  -45.0000 2113.8232   17.3851
    0.0000  -37.5000  -45.0000 2122.4124   17.3482
    7.5000  -37.5000  -45.0000 2104.6519   17.4931
   -7.5000  -30.0000  -45.0000 2162.1519   16.3702
    0.0000  -30.0000  -45.0000 2179.3926   16.3414
    7.5000  -30.0000  -45.0000 2159.1826   16.4918
   -7.5000  -22.5000  -45.0000 2202.1013   15.8202
    0.0000  -22.5000  -45.0000 2221.7488   15.7476
    7.5000  -22.5000  -45.0000 2196.1794   15.9364
   -7.5000  -15.0000  -45.0000 2214.8896   15.6947
    0.0000  -15.0000  -45.0000 2237.2153   15.6125
    7.5000  -15.0000  -45.0000 2208.3015   15.7422
   -7.5000   -7.5000  -45.0000 2215.9958   15.7890
    0.0000   -7.5000  -45.0000 2232.1997   15.6552
    7.5000   -7.5000  -45.0000 2203.2817   15.8199
   -7.5000    0.0000  -45.0000 2198.0867   16.1237
    0.0000    0.0000  -45.0000 2213.6750   15.9605
    7.5000    0.0000  -45.0000 2182.4536   16.1833
   -7.5000    7.5000  -45.0000 2153.9312   16.8150
    0.0000    7.5000  -45.0000 2172.3281   16.6577
    7.5000    7.5000  -45.0000 2140.5688   16.8790
   -7.5000   15.0000  -45.0000 2090.6833   17.7900
    0.0000   15.0000  -45.0000 2115.4893   17.6280
    7.5000   15.0000  -45.0000 2080.9004   17.8505
   -7.5000   22.5000  -45.0000 2023.4985   19.0920
    0.0000   22.5000  -45.0000 2041.4489   18.8973
    7.5000   22.5000  -45.0000 2012.3875   19.1779
   -7.5000   30.0000  -45.0000 1919.3757   20.8685
    0.0000   30.0000  -45.0000 1938.1890   20.6901
    7.5000   30.0000  -45.0000 1913.5560   21.0265
   -7.5000   37.5000  -45.0000 1817.3849   23.4138
    0.0000   37.5000  -45.0000 1827.8285   23.2306
    7.5000   37.5000  -45.0000 1808.5428   23.6263
   -7.5000   45.0000  -45.0000 1702.9253   26.9179
    0.0000   45.0000  -45.0000 1718.2026   26.7361
    7.5000   45.0000  -45.0000 1692.6116   27.0506
   -7.5000  -45.0000  -37.5000 2119.9502   17.6744
    0.0000  -45.0000  -37.5000 2127.3115   17.7003
    7.5000  -45.0000  -37.5000 2112.8877   17.7205
   -7.5000  -37.5000  -37.5000 2204.6272   16.2601
    0.0000  -37.5000  -37.5000 2212.8999   16.2990
    7.5000  -37.5000  -37.5000 2197.6165   16.3802
   -7.5000  -30.0000  -37.5000 2259.6113   15.2711
    0.0000  -30.0000  -37.5000 2278.1584   15.3031
    7.5000  -30.0000  -37.5000 2250.2771   15.3976
   -7.5000  -22.5000  -37.5000 2297.8289   14.7128
    0.0000  -22.5000  -37.5000 2318.5383   14.7085
    7.5000  -22.5000  -37.5000 2286.8186   14.8042
   -7.5000  -15.0000  -37.5000 2312.2512   14.5403
    0.0000  -15.0000  -37.5000 2338.5942   14.4589
    7.5000  -15.0000  -37.5000 2301.7292   14.5385
   -7.5000   -7.5000  -37.5000 2315.1018   14.5897
    0.0000   -7.5000  -37.5000 2333.6355   14.5165
    7.5000   -7.5000  -37.5000 2300.5203   14.5998
   -7.5000    0.0000  -37.5000 2299.5396   14.8889
    0.0000    0.0000  -37.5000 2317.6899   14.7840
    7.5000    0.0000  -37.5000 2286.4189   14.9022
   -7.5000    7.5000  -37.5000 2257.8291   15.4944
    0.0000    7.5000  -37.5000 2276.8098   15.3783
    7.5000    7.5000  -37.5000 2250.3086   15.5378
   -7.5000   15.0000  -37.5000 2193.9634   16.3621
    0.0000   15.0000  -37.5000 2219.3882   16.2502
    7.5000   15.0000  -37.5000 2190.0010   16.4126
   -7.5000   22.5000  -37.5000 2118.1685   17.5749
    0.0000   22.5000  -37.5000 2142.0962   17.3991
    7.5000   22.5000  -37.5000 2111.1431   17.6124
   -7.5000   30.0000  -37.5000 2012.7119   19.2107
    0.0000   30.0000  -37.5000 2030.8300   19.0081
    7.5000   30.0000  -37.5000 2002.2533   19.2978
   -7.5000   37.5000  -37.5000 1899.0297   21.4425
    0.0000   37.5000  -37.5000 1911.0669   21.2642
    7.5000   37.5000  -37.5000 1888.0039   21.5630
   -7.5000   45.0000  -37.5000 1783.7899   24.5414
    0.0000   45.0000  -37.5000 1799.5459   24.3682
    7.5000   45.0000  -37.5000 1767.2207   24.6788
   -7.5000  -45.0000  -30.0000 2237.6733   17.2249
    0.0000  -45.0000  -30.0000 2246.1367   17.2683
    7.5000  -45.0000  -30.0000 2228.3391   17.2605
   -7.5000  -37.5000  -30.0000 2326.3628   15.7944
    0.0000  -37.5000  -30.0000 2341.9050   15.8554
    7.5000  -37.5000  -30.0000 2314.9438   15.8526
   -7.5000  -30.0000  -30.0000 2395.3308   14.7511
    0.0000  -30.0000  -30.0000 2414.5210   14.7829
    7.5000  -30.0000  -30.0000 2385.3018   14.8550
   -7.5000  -22.5000  -30.0000 2438.8716   14.1828
    0.0000  -22.5000  -30.0000 2456.4661   14.2098
    7.5000  -22.5000  -30.0000 2421.9385   14.2566
   -7.5000  -15.0000  -30.0000 2456.0076   13.9832
    0.0000  -15.0000  -30.0000 2478.4260   13.9665
    7.5000  -15.0000  -30.0000 2439.9160   14.0149
   -7.5000   -7.5000  -30.0000 2454.3638   14.0498
    0.0000   -7.5000  -30.0000 2483.5593   14.0350
    7.5000   -7.5000  -30.0000 2440.6711   14.0727
   -7.5000    0.0000  -30.0000 2439.6531   14.3323
    0.0000    0.0000  -30.0000 2464.7505   14.2751
    7.5000    0.0000  -30.0000 2426.4238   14.3366
   -7.5000    7.5000  -30.0000 2402.4746   14.8864
    0.0000    7.5000  -30.0000 2425.5110   14.8333
    7.5000    7.5000  -30.0000 2390.8901   14.9182
   -7.5000   15.0000  -30.0000 2340.8916   15.6671
    0.0000   15.0000  -30.0000 2369.4602   15.6307
    7.5000   15.0000  -30.0000 2330.0049   15.7557
   -7.5000   22.5000  -30.0000 2258.1431   16.7698
    0.0000   22.5000  -30.0000 2279.3735   16.6883
    7.5000   22.5000  -30.0000 2244.0217   16.8303
   -7.5000   30.0000  -30.0000 2142.9294   18.2799
    0.0000   30.0000  -30.0000 2157.5669   18.1519
    7.5000   30.0000  -30.0000 2127.1707   18.3255
   -7.5000   37.5000  -30.0000 2016.9344   20.3666
    0.0000   37.5000  -30.0000 2027.7185   20.2184
    7.5000   37.5000  -30.0000 1998.2142   20.4040
   -7.5000   45.0000  -30.0000 1888.0490   23.1302
    0.0000   45.0000  -30.0000 1910.9351   23.0259
    7.5000   45.0000  -30.0000 1870.7008   23.2226
   -7.5000  -45.0000  -22.5000 2330.1196   16.6128
    0.0000  -45.0000  -22.5000 2341.3870   16.6894
    7.5000  -45.0000  -22.5000 2314.0964   16.6660
   -7.5000  -37.5000  -22.5000 2427.0007   15.2680
    0.0000  -37.5000  -22.5000 2439.4690   15.3179
    7.5000  -37.5000  -22.5000 2412.7358   15.3250
   -7.5000  -30.0000  -22.5000 2500.9619   14.1828
    0.0000  -30.0000  -22.5000 2521.8962   14.2301
    7.5000  -30.0000  -22.5000 2487.1440   14.2485
   -7.5000  -22.5000  -22.5000 2553.8267   13.5873
    0.0000  -22.5000  -22.5000 2571.1479   13.6202
    7.5000  -22.5000  -22.5000 2535.6575   13.6338
   -7.5000  -15.0000  -22.5000 2579.3840   13.3382
    0.0000  -15.0000  -22.5000 2597.9890   13.3544
    7.5000  -15.0000  -22.5000 2563.0151   13.3406
   -7.5000   -7.5000  -22.5000 2577.5642   13.4119
    0.0000   -7.5000  -22.5000 2601.0315   13.4307
    7.5000   -7.5000  -22.5000 2560.3772   13.4425
   -7.5000    0.0000  -22.5000 2553.6248   13.6915
    0.0000    0.0000  -22.5000 2583.8159   13.6983
    7.5000    0.0000  -22.5000 2539.8955   13.7452
   -7.5000    7.5000  -22.5000 2520.4905   14.2034
    0.0000    7.5000  -22.5000 2550.4202   14.2062
    7.5000    7.5000  -22.5000 2509.3315   14.2553
   -7.5000   15.0000  -22.5000 2456.1846   14.9295
    0.0000   15.0000  -22.5000 2486.9165   14.8997
    7.5000   15.0000  -22.5000 2444.5012   14.9902
   -7.5000   22.5000  -22.5000 2373.6279   15.9286
    0.0000   22.5000  -22.5000 2394.1921   15.8694
    7.5000   22.5000  -22.5000 2354.5139   16.0055
   -7.5000   30.0000  -22.5000 2251.2773   17.3444
    0.0000   30.0000  -22.5000 2268.8267   17.2363
    7.5000   30.0000  -22.5000 2239.2690   17.3631
   -7.5000   37.5000  -22.5000 2110.9216   19.2978
    0.0000   37.5000  -22.5000 2123.2439   19.1189
    7.5000   37.5000  -22.5000 2099.2004   19.2880
   -7.5000   45.0000  -22.5000 1978.2864   21.8579
    0.0000   45.0000  -22.5000 1992.7885   21.6895
    7.5000   45.0000  -22.5000 1957.5441   21.9193
   -7.5000  -45.0000  -15.0000 2378.9648   16.0931
    0.0000  -45.0000  -15.0000 2392.5559   16.1017
    7.5000  -45.0000  -15.0000 2369.1606   16.1771
   -7.5000  -37.5000  -15.0000 2480.6040   14.7336
    0.0000  -37.5000  -15.0000 2495.8979   14.7533
    7.5000  -37.5000  -15.0000 2468.7820   14.7990
   -7.5000  -30.0000  -15.0000 2560.3845   13.6689
    0.0000  -30.0000  -15.0000 2578.3813   13.6936
    7.5000  -30.0000  -15.0000 2550.1177   13.7406
   -7.5000  -22.5000  -15.0000 2627.2073   12.9823
    0.0000  -22.5000  -15.0000 2642.1675   12.9882
    7.5000  -22.5000  -15.0000 2608.2249   13.0267
   -7.5000  -15.0000  -15.0000 2661.1833   12.6980
    0.0000  -15.0000  -15.0000 2683.5151   12.7033
    7.5000  -15.0000  -15.0000 2648.4041   12.6979
   -7.5000   -7.5000  -15.0000 2670.2148   12.7428
    0.0000   -7.5000  -15.0000 2700.7632   12.7649
    7.5000   -7.5000  -15.0000 2656.5271   12.7728
   -7.5000    0.0000  -15.0000 2648.7590   13.0672
    0.0000    0.0000  -15.0000 2685.9705   13.0647
    7.5000    0.0000  -15.0000 2636.7480   13.1193
   -7.5000    7.5000  -15.0000 2616.0115   13.5529
    0.0000    7.5000  -15.0000 2649.2429   13.5426
    7.5000    7.5000  -15.0000 2601.0054   13.6134
   -7.5000   15.0000  -15.0000 2547.3906   14.2405
    0.0000   15.0000  -15.0000 2579.6313   14.2271
    7.5000   15.0000  -15.0000 2535.0911   14.2932
   -7.5000   22.5000  -15.0000 2451.4607   15.1817
    0.0000   22.5000  -15.0000 2480.5667   15.1326
    7.5000   22.5000  -15.0000 2438.5630   15.2312
   -7.5000   30.0000  -15.0000 2327.4517   16.4736
    0.0000   30.0000  -15.0000 2353.0789   16.4069
    7.5000   30.0000  -15.0000 2323.3577   16.4984
   -7.5000   37.5000  -15.0000 2185.7437   18.3402
    0.0000   37.5000  -15.0000 2199.1174   18.2168
    7.5000   37.5000  -15.0000 2178.7034   18.3684
   -7.5000   45.0000  -15.0000 2043.2095   20.7819
    0.0000   45.0000  -15.0000 2055.5264   20.6043
    7.5000   45.0000  -15.0000 2025.3700   20.8770
   -7.5000  -45.0000   -7.5000 2403.0063   15.6311
    0.0000  -45.0000   -7.5000 2419.6265   15.5891
    7.5000  -45.0000   -7.5000 2401.8635   15.7362
   -7.5000  -37.5000   -7.5000 2509.4622   14.2501
    0.0000  -37.5000   -7.5000 2530.5007   14.2175
    7.5000  -37.5000   -7.5000 2507.0503   14.3502
   -7.5000  -30.0000   -7.5000 2597.5586   13.2388
    0.0000  -30.0000   -7.5000 2622.6726   13.2071
    7.5000  -30.0000   -7.5000 2593.4409   13.3056
   -7.5000  -22.5000   -7.5000 2678.4609   12.5002
    0.0000  -22.5000   -7.5000 2702.8237   12.4464
    7.5000  -22.5000   -7.5000 2664.5564   12.5528
   -7.5000  -15.0000   -7.5000 2725.3450   12.1206
    0.0000  -15.0000   -7.5000 2751.6011   12.0814
    7.5000  -15.0000   -7.5000 2708.4368   12.1582
   -7.5000   -7.5000   -7.5000 2744.8643   12.1334
    0.0000   -7.5000   -7.5000 2773.7893   12.1090
    7.5000   -7.5000   -7.5000 2732.3879   12.1874
   -7.5000    0.0000   -7.5000 2731.8679   12.4534
    0.0000    0.0000   -7.5000 2768.9509   12.4150
    7.5000    0.0000   -7.5000 2720.3672   12.4982
   -7.5000    7.5000   -7.5000 2687.1929   12.9553
    0.0000    7.5000   -7.5000 2728.4253   12.9039
    7.5000    7.5000   -7.5000 2680.9006   12.9910
   -7.5000   15.0000   -7.5000 2615.7808   13.6340
    0.0000   15.0000   -7.5000 2653.4546   13.5870
    7.5000   15.0000   -7.5000 2606.2615   13.6844
   -7.5000   22.5000   -7.5000 2511.7158   14.5361
    0.0000   22.5000   -7.5000 2551.0046   14.4587
    7.5000   22.5000   -7.5000 2507.6309   14.6011
   -7.5000   30.0000   -7.5000 2384.2239   15.7428
    0.0000   30.0000   -7.5000 2415.6768   15.6864
    7.5000   30.0000   -7.5000 2384.1609   15.8243
   -7.5000   37.5000   -7.5000 2240.0676   17.5321
    0.0000   37.5000   -7.5000 2263.4348   17.4509
    7.5000   37.5000   -7.5000 2237.0200   17.6263
   -7.5000   45.0000   -7.5000 2079.7664   19.8786
    0.0000   45.0000   -7.5000 2100.7253   19.6939
    7.5000   45.0000   -7.5000 2076.6895   19.9599
   -7.5000  -45.0000    0.0000 2401.3003   15.3475
    0.0000  -45.0000    0.0000 2425.0945   15.2786
    7.5000  -45.0000    0.0000 2409.7129   15.5029
   -7.5000  -37.5000    0.0000 2518.2537   13.9722
    0.0000  -37.5000    0.0000 2542.9988   13.9039
    7.5000  -37.5000    0.0000 2517.8503   14.1002
   -7.5000  -30.0000    0.0000 2616.4233   12.9713
    0.0000  -30.0000    0.0000 2641.2183   12.8900
    7.5000  -30.0000    0.0000 2612.3608   13.0410
   -7.5000  -22.5000    0.0000 2709.8191   12.2518
    0.0000  -22.5000    0.0000 2741.6938   12.1398
    7.5000  -22.5000    0.0000 2699.9663   12.3056
   -7.5000  -15.0000    0.0000 2765.3906   11.7915
    0.0000  -15.0000    0.0000 2802.5273   11.6843
    7.5000  -15.0000    0.0000 2757.5339   11.8916
   -7.5000   -7.5000    0.0000 2792.2646   11.7489
    0.0000   -7.5000    0.0000 2827.4990   11.6474
    7.5000   -7.5000    0.0000 2784.5015   11.8464
   -7.5000    0.0000    0.0000 2783.1040   12.0341
    0.0000    0.0000    0.0000 2817.8130   11.9465
    7.5000    0.0000    0.0000 2782.0798   12.1308
   -7.5000    7.5000    0.0000 2739.2634   12.5344
    0.0000    7.5000    0.0000 2772.5198   12.4713
    7.5000    7.5000    0.0000 2737.9180   12.6367
   -7.5000   15.0000    0.0000 2660.7966   13.1911
    0.0000   15.0000    0.0000 2699.5278   13.1254
    7.5000   15.0000    0.0000 2656.5442   13.2966
   -7.5000   22.5000    0.0000 2549.6770   14.0875
    0.0000   22.5000    0.0000 2590.8201   14.0282
    7.5000   22.5000    0.0000 2544.3149   14.2023
   -7.5000   30.0000    0.0000 2422.2283   15.2848
    0.0000   30.0000    0.0000 2449.2444   15.2268
    7.5000   30.0000    0.0000 2415.1836   15.4066
   -7.5000   37.5000    0.0000 2276.6501   16.9695
    0.0000   37.5000    0.0000 2297.3237   16.9268
    7.5000   37.5000    0.0000 2268.3220   17.1357
   -7.5000   45.0000    0.0000 2113.1838   19.2311
    0.0000   45.0000    0.0000 2136.3252   19.1605
    7.5000   45.0000    0.0000 2109.9558   19.4364
   -7.5000  -45.0000    7.5000 2388.4851   15.3343
    0.0000  -45.0000    7.5000 2408.5984   15.1580
    7.5000  -45.0000    7.5000 2390.5249   15.4257
   -7.5000  -37.5000    7.5000 2511.4551   13.9524
    0.0000  -37.5000    7.5000 2533.4128   13.7717
    7.5000  -37.5000    7.5000 2506.7649   14.0285
   -7.5000  -30.0000    7.5000 2618.5520   12.9411
    0.0000  -30.0000    7.5000 2643.7300   12.7481
    7.5000  -30.0000    7.5000 2616.0859   12.9509
   -7.5000  -22.5000    7.5000 2718.8967   12.2743
    0.0000  -22.5000    7.5000 2751.4136   12.0830
    7.5000  -22.5000    7.5000 2714.2810   12.2639
   -7.5000  -15.0000    7.5000 2793.2427   11.8958
    0.0000  -15.0000    7.5000 2835.7620   11.6671
    7.5000  -15.0000    7.5000 2790.0676   11.9334
   -7.5000   -7.5000    7.5000 2824.1938   11.7200
    0.0000   -7.5000    7.5000 2864.0837   11.5062
    7.5000   -7.5000    7.5000 2817.4734   11.8251
   -7.5000    0.0000    7.5000 2817.8970   11.9002
    0.0000    0.0000    7.5000 2853.8120   11.7209
    7.5000    0.0000    7.5000 2812.3508   11.9956
   -7.5000    7.5000    7.5000 2769.7913   12.3508
    0.0000    7.5000    7.5000 2797.2361   12.2077
    7.5000    7.5000    7.5000 2763.4912   12.4164
   -7.5000   15.0000    7.5000 2691.0159   13.0084
    0.0000   15.0000    7.5000 2717.9497   12.8872
    7.5000   15.0000    7.5000 2677.5291   13.0612
   -7.5000   22.5000    7.5000 2572.3284   13.9501
    0.0000   22.5000    7.5000 2605.1208   13.8221
    7.5000   22.5000    7.5000 2559.9485   13.9915
   -7.5000   30.0000    7.5000 2441.4910   15.1881
    0.0000   30.0000    7.5000 2464.0413   15.0961
    7.5000   30.0000    7.5000 2427.1194   15.2256
   -7.5000   37.5000    7.5000 2294.2175   16.8398
    0.0000   37.5000    7.5000 2314.9641   16.7221
    7.5000   37.5000    7.5000 2285.8716   16.8983
   -7.5000   45.0000    7.5000 2129.2925   19.0959
    0.0000   45.0000    7.5000 2153.8635   18.9411
    7.5000   45.0000    7.5000 2125.7798   19.1970
   -7.5000  -45.0000   15.0000 2346.4202   15.5241
    0.0000  -45.0000   15.0000 2366.2231   15.2385
    7.5000  -45.0000   15.0000 2344.1917   15.5897
   -7.5000  -37.5000   15.0000 2474.8765   14.1248
    0.0000  -37.5000   15.0000 2493.3716   13.8388
    7.5000  -37.5000   15.0000 2474.8994   14.1814
   -7.5000  -30.0000   15.0000 2587.5474   13.1295
    0.0000  -30.0000   15.0000 2612.4387   12.8599
    7.5000  -30.0000   15.0000 2594.9392   13.1538
   -7.5000  -22.5000   15.0000 2699.2637   12.5857
    0.0000  -22.5000   15.0000 2734.8679   12.3189
    7.5000  -22.5000   15.0000 2704.1296   12.5698
   -7.5000  -15.0000   15.0000 2789.9336   12.2490
    0.0000  -15.0000   15.0000 2836.8494   12.0144
    7.5000  -15.0000   15.0000 2789.3101   12.2182
   -7.5000   -7.5000   15.0000 2833.8218   12.0637
    0.0000   -7.5000   15.0000 2879.3455   11.8323
    7.5000   -7.5000   15.0000 2820.4016   12.0450
   -7.5000    0.0000   15.0000 2822.8411   12.0729
    0.0000    0.0000   15.0000 2862.3677   11.8504
    7.5000    0.0000   15.0000 2812.2185   12.0571
   -7.5000    7.5000   15.0000 2766.2087   12.3884
    0.0000    7.5000   15.0000 2797.3848   12.2162
    7.5000    7.5000   15.0000 2760.0701   12.3585
   -7.5000   15.0000   15.0000 2688.4739   13.0055
    0.0000   15.0000   15.0000 2712.2366   12.8649
    7.5000   15.0000   15.0000 2668.4497   12.9920
   -7.5000   22.5000   15.0000 2565.5132   14.0063
    0.0000   22.5000   15.0000 2591.1204   13.8553
    7.5000   22.5000   15.0000 2550.1157   13.9495
   -7.5000   30.0000   15.0000 2423.1135   15.3120
    0.0000   30.0000   15.0000 2446.4324   15.2130
    7.5000   30.0000   15.0000 2413.8337   15.2819
   -7.5000   37.5000   15.0000 2277.3020   16.9349
    0.0000   37.5000   15.0000 2297.8560   16.8287
    7.5000   37.5000   15.0000 2273.8975   16.9195
   -7.5000   45.0000   15.0000 2117.4685   19.0571
    0.0000   45.0000   15.0000 2143.1316   18.9417
    7.5000   45.0000   15.0000 2110.9685   19.0746
   -7.5000  -45.0000   22.5000 2296.8098   15.9809
    0.0000  -45.0000   22.5000 2319.6704   15.6634
    7.5000  -45.0000   22.5000 2297.4055   16.0287
   -7.5000  -37.5000   22.5000 2422.1672   14.6462
    0.0000  -37.5000   22.5000 2448.6743   14.3504
    7.5000  -37.5000   22.5000 2424.2412   14.6374
   -7.5000  -30.0000   22.5000 2541.4036   13.7060
    0.0000  -30.0000   22.5000 2579.2549   13.4687
    7.5000  -30.0000   22.5000 2538.7649   13.6725
   -7.5000  -22.5000   22.5000 2656.4045   13.1502
    0.0000  -22.5000   22.5000 2700.8059   12.9358
    7.5000  -22.5000   22.5000 2653.5183   13.0616
   -7.5000  -15.0000   22.5000 2745.6499   12.7188
    0.0000  -15.0000   22.5000 2795.0840   12.5227
    7.5000  -15.0000   22.5000 2739.9854   12.6429
   -7.5000   -7.5000   22.5000 2797.3403   12.4974
    0.0000   -7.5000   22.5000 2839.2205   12.2620
    7.5000   -7.5000   22.5000 2785.9233   12.4030
   -7.5000    0.0000   22.5000 2790.4609   12.4827
    0.0000    0.0000   22.5000 2834.9248   12.3449
    7.5000    0.0000   22.5000 2785.9834   12.4123
   -7.5000    7.5000   22.5000 2737.0771   12.7345
    0.0000    7.5000   22.5000 2776.3413   12.6520
    7.5000    7.5000   22.5000 2732.0371   12.7019
   -7.5000   15.0000   22.5000 2644.5596   13.3036
    0.0000   15.0000   22.5000 2675.8013   13.2121
    7.5000   15.0000   22.5000 2633.3479   13.2936
   -7.5000   22.5000   22.5000 2529.1724   14.2369
    0.0000   22.5000   22.5000 2558.8933   14.1193
    7.5000   22.5000   22.5000 2519.7871   14.1929
   -7.5000   30.0000   22.5000 2389.5422   15.5208
    0.0000   30.0000   22.5000 2415.8159   15.4115
    7.5000   30.0000   22.5000 2389.1860   15.5220
   -7.5000   37.5000   22.5000 2246.5098   17.1642
    0.0000   37.5000   22.5000 2263.2466   17.0313
    7.5000   37.5000   22.5000 2245.6953   17.1565
   -7.5000   45.0000   22.5000 2086.9224   19.2737
    0.0000   45.0000   22.5000 2110.5322   19.0639
    7.5000   45.0000   22.5000 2084.0540   19.2694
   -7.5000  -45.0000   30.0000 2245.5630   16.9642
    0.0000  -45.0000   30.0000 2269.5120   16.7507
    7.5000  -45.0000   30.0000 2242.4817   17.0365
   -7.5000  -37.5000   30.0000 2365.6440   15.5204
    0.0000  -37.5000   30.0000 2399.4541   15.2910
    7.5000  -37.5000   30.0000 2365.6260   15.5461
   -7.5000  -30.0000   30.0000 2483.6306   14.4998
    0.0000  -30.0000   30.0000 2518.2944   14.2868
    7.5000  -30.0000   30.0000 2478.4270   14.4593
   -7.5000  -22.5000   30.0000 2586.6797   13.7554
    0.0000  -22.5000   30.0000 2628.1355   13.5828
    7.5000  -22.5000   30.0000 2587.1741   13.7249
   -7.5000  -15.0000   30.0000 2674.2869   13.2377
    0.0000  -15.0000   30.0000 2717.4836   12.9972
    7.5000  -15.0000   30.0000 2671.2764   13.2070
   -7.5000   -7.5000   30.0000 2722.7170   12.9575
    0.0000   -7.5000   30.0000 2764.4387   12.7460
    7.5000   -7.5000   30.0000 2719.6956   12.9095
   -7.5000    0.0000   30.0000 2715.7244   13.0175
    0.0000    0.0000   30.0000 2760.3552   12.8766
    7.5000    0.0000   30.0000 2721.0613   13.0077
   -7.5000    7.5000   30.0000 2667.9541   13.3241
    0.0000    7.5000   30.0000 2706.8262   13.1970
    7.5000    7.5000   30.0000 2669.6328   13.3296
   -7.5000   15.0000   30.0000 2571.7947   13.9110
    0.0000   15.0000   30.0000 2611.4453   13.8200
    7.5000   15.0000   30.0000 2576.0549   13.9206
   -7.5000   22.5000   30.0000 2469.6604   14.8182
    0.0000   22.5000   30.0000 2505.0178   14.7340
    7.5000   22.5000   30.0000 2464.7183   14.7922
   -7.5000   30.0000   30.0000 2346.2188   16.0737
    0.0000   30.0000   30.0000 2382.3857   15.9632
    7.5000   30.0000   30.0000 2344.9065   16.0578
   -7.5000   37.5000   30.0000 2201.3091   17.6951
    0.0000   37.5000   30.0000 2220.5845   17.5921
    7.5000   37.5000   30.0000 2199.6201   17.7263
   -7.5000   45.0000   30.0000 2040.1921   19.7443
    0.0000   45.0000   30.0000 2062.9897   19.5485
    7.5000   45.0000   30.0000 2041.0680   19.7536
   -7.5000  -45.0000   37.5000 2185.6411   18.2433
    0.0000  -45.0000   37.5000 2213.0859   18.0175
    7.5000  -45.0000   37.5000 2186.6257   18.2304
   -7.5000  -37.5000   37.5000 2304.3489   16.5846
    0.0000  -37.5000   37.5000 2338.6643   16.3826
    7.5000  -37.5000   37.5000 2308.4526   16.5827
   -7.5000  -30.0000   37.5000 2415.2297   15.4293
    0.0000  -30.0000   37.5000 2451.8184   15.2231
    7.5000  -30.0000   37.5000 2415.6941   15.4011
   -7.5000  -22.5000   37.5000 2510.9795   14.5721
    0.0000  -22.5000   37.5000 2551.7795   14.3406
    7.5000  -22.5000   37.5000 2513.5247   14.5276
   -7.5000  -15.0000   37.5000 2591.6206   13.9765
    0.0000  -15.0000   37.5000 2629.4827   13.7486
    7.5000  -15.0000   37.5000 2590.6558   13.9399
   -7.5000   -7.5000   37.5000 2637.3203   13.7186
    0.0000   -7.5000   37.5000 2670.4395   13.5426
    7.5000   -7.5000   37.5000 2637.2246   13.6880
   -7.5000    0.0000   37.5000 2623.8982   13.7876
    0.0000    0.0000   37.5000 2658.9419   13.6379
    7.5000    0.0000   37.5000 2627.1331   13.7893
   -7.5000    7.5000   37.5000 2576.7593   14.0938
    0.0000    7.5000   37.5000 2610.1248   13.9575
    7.5000    7.5000   37.5000 2581.4541   14.1001
   -7.5000   15.0000   37.5000 2488.5723   14.6864
    0.0000   15.0000   37.5000 2531.2383   14.5711
    7.5000   15.0000   37.5000 2502.9102   14.6720
   -7.5000   22.5000   37.5000 2395.1167   15.5927
    0.0000   22.5000   37.5000 2436.0413   15.4742
    7.5000   22.5000   37.5000 2400.3926   15.5719
   -7.5000   30.0000   37.5000 2287.3594   16.7973
    0.0000   30.0000   37.5000 2328.8250   16.6620
    7.5000   30.0000   37.5000 2292.5034   16.7707
   -7.5000   37.5000   37.5000 2151.3313   18.3802
    0.0000   37.5000   37.5000 2170.4932   18.2470
    7.5000   37.5000   37.5000 2151.9663   18.3840
   -7.5000   45.0000   37.5000 1990.1206   20.4864
    0.0000   45.0000   37.5000 2010.8969   20.2526
    7.5000   45.0000   37.5000 1992.9713   20.4897
   -7.5000  -45.0000   45.0000 2115.9133   19.7198
    0.0000  -45.0000   45.0000 2143.4177   19.4904
    7.5000  -45.0000   45.0000 2120.6577   19.6767
   -7.5000  -37.5000   45.0000 2231.2617   17.8841
    0.0000  -37.5000   45.0000 2266.5828   17.7066
    7.5000  -37.5000   45.0000 2237.0151   17.8937
   -7.5000  -30.0000   45.0000 2337.9517   16.5351
    0.0000  -30.0000   45.0000 2377.5144   16.3556
    7.5000  -30.0000   45.0000 2342.4441   16.5482
   -7.5000  -22.5000   45.0000 2425.8137   15.6074
    0.0000  -22.5000   45.0000 2472.5266   15.3971
    7.5000  -22.5000   45.0000 2431.9688   15.5930
   -7.5000  -15.0000   45.0000 2502.7178   14.9912
    0.0000  -15.0000   45.0000 2541.3843   14.7780
    7.5000  -15.0000   45.0000 2502.0234   14.9471
   -7.5000   -7.5000   45.0000 2541.1990   14.7251
    0.0000   -7.5000   45.0000 2573.8291   14.5621
    7.5000   -7.5000   45.0000 2541.1418   14.7019
   -7.5000    0.0000   45.0000 2519.3374   14.7645
    0.0000    0.0000   45.0000 2552.0339   14.6162
    7.5000    0.0000   45.0000 2523.6802   14.7674
   -7.5000    7.5000   45.0000 2471.2727   15.1038
    0.0000    7.5000   45.0000 2500.8530   14.9472
    7.5000    7.5000   45.0000 2479.4868   15.0846
   -7.5000   15.0000   45.0000 2398.9226   15.6881
    0.0000   15.0000   45.0000 2437.0667   15.5198
    7.5000   15.0000   45.0000 2409.9543   15.6400
   -7.5000   22.5000   45.0000 2314.5483   16.5858
    0.0000   22.5000   45.0000 2358.6565   16.4333
    7.5000   22.5000   45.0000 2326.4854   16.5227
   -7.5000   30.0000   45.0000 2217.8311   17.7978
    0.0000   30.0000   45.0000 2250.4517   17.5896
    7.5000   30.0000   45.0000 2225.1780   17.7302
   -7.5000   37.5000   45.0000 2091.5125   19.3335
    0.0000   37.5000   45.0000 2109.7781   19.1526
    7.5000   37.5000   45.0000 2093.2178   19.3353
   -7.5000   45.0000   45.0000 1946.2234   21.4297
    0.0000   45.0000   45.0000 1955.9943   21.2604
    7.5000   45.0000   45.0000 1943.3136   21.4745

---------------------------------------------------------------------
imgreg_4dfp /opt/freesurfer/average/711-2C_as_mni_average_305 /opt/freesurfer/average/711-2B_as_mni_average_305_mask talsrcimg_g11 none talsrcimg_to_711-2C_as_mni_average_305_t4 1283
---------------------------------------------------------------------

freesurfer imgreg_4dfp.c
/opt/freesurfer/average/711-2C_as_mni_average_305.4dfp.img
       256       256       256         1
  1.000000  1.000000  1.000000
orientation T byte_order littleendian
Reading image: /opt/freesurfer/average/711-2C_as_mni_average_305.4dfp.img
dimensions:      256       256       256
mmppix:       1.0000   -1.0000   -1.0000
center:     128.0000 -129.0000 -129.0000
/opt/freesurfer/average/711-2B_as_mni_average_305_mask.4dfp.img
       256       256       256         1
  1.000000  1.000000  1.000000
orientation T byte_order littleendian
Reading mask: /opt/freesurfer/average/711-2B_as_mni_average_305_mask.4dfp.img (2306576 pixels)
talsrcimg_g11.4dfp.img
       256       256       256         1
  1.000000  1.000000  1.000000
orientation T byte_order littleendian
Reading image: talsrcimg_g11.4dfp.img
dimensions:      256       256       256
mmppix:       1.0000   -1.0000   -1.0000
center:     128.0000 -129.0000 -129.0000
rotation matrix determinant  1.000000
fimgreg.f
image alignment mode   1283 decimal      503 hex
parameters
    0.0000   -7.5000   15.0000    0.0000    0.0000    0.0000
eta,q 0.90374 11.75657
niter,ni,del,rscale     5    3   12.0000    1.2000
parameter  2 -0.541363 -> -0.500000 qaram    1.1500
parameter  4-14.059871 ->  0.500000 qaram    1.1500
parameter  5 -1.293548 -> -0.500000 qaram    1.1500
parameters
    0.0204   -4.0500   14.5904   -3.4500    3.4500    1.2347
eta,q 0.91348 11.71493
  0.1057  0.1117  0.1003  0.0843  0.0921  0.0952
  0.1023  0.1069  0.0983  0.0877  0.0906  0.0910
  0.1003  0.1024  0.0974  0.0924  0.0899  0.0884
  0.0988  0.0987  0.0969  0.0966  0.0889  0.0869
  0.0992  0.0973  0.0969  0.0996  0.0874  0.0866
  0.1017  0.0965  0.0982  0.1035  0.0867  0.0877
  0.1064  0.0990  0.1025  0.1074  0.0873  0.0904
niter,ni,del,rscale     7    3   12.0000    1.2000
parameter  4  1.392056 ->  0.500000 qaram    1.3225
parameters
   -1.0005   -3.9611   13.8978   -7.4175    2.7470    0.6955
eta,q 0.91868 11.68056
  0.0949  0.1035  0.0921  0.0789  0.0847  0.0842
  0.0892  0.0982  0.0897  0.0801  0.0826  0.0815
  0.0863  0.0907  0.0867  0.0819  0.0818  0.0813
  0.0865  0.0861  0.0860  0.0859  0.0807  0.0811
  0.0892  0.0873  0.0875  0.0914  0.0803  0.0804
  0.0951  0.0962  0.0908  0.0969  0.0830  0.0821
  0.1034  0.1046  0.0973  0.1019  0.0890  0.0867
niter,ni,del,rscale     7    3   12.0000    1.2000
parameter  4  0.583755 ->  0.500000 qaram    1.5209
parameters
   -1.0342   -3.1866   13.1780  -11.9801    2.9309    1.4211
eta,q 0.92370 11.63400
  0.0904  0.0992  0.0876  0.0785  0.0845  0.0827
  0.0844  0.0926  0.0839  0.0767  0.0818  0.0793
  0.0814  0.0858  0.0803  0.0775  0.0784  0.0774
  0.0813  0.0813  0.0807  0.0802  0.0766  0.0765
  0.0827  0.0811  0.0825  0.0830  0.0769  0.0762
  0.0850  0.0860  0.0864  0.0895  0.0801  0.0773
  0.0899  0.0945  0.0922  0.0965  0.0849  0.0805
niter,ni,del,rscale     7    3   12.0000    1.2000
parameters
   -1.0783   -1.8774   12.0428  -13.6464    3.0796    1.3952
eta,q 0.92760 11.55697
  0.0891  0.0976  0.0833  0.0821  0.0820  0.0782
  0.0822  0.0879  0.0775  0.0764  0.0791  0.0748
  0.0774  0.0809  0.0737  0.0728  0.0753  0.0732
  0.0763  0.0763  0.0751  0.0737  0.0725  0.0724
  0.0785  0.0756  0.0793  0.0788  0.0731  0.0726
  0.0825  0.0801  0.0843  0.0822  0.0770  0.0747
  0.0891  0.0863  0.0910  0.0898  0.0829  0.0786
niter,ni,del,rscale     6    3   12.0000    1.2000
parameters
   -1.2121   -1.2361   11.7332  -14.6256    3.1418    1.4284
eta,q 0.92872 11.52813
  0.0866  0.0924  0.0843  0.0830  0.0813  0.0773
  0.0792  0.0838  0.0789  0.0778  0.0784  0.0739
  0.0734  0.0769  0.0731  0.0721  0.0745  0.0722
  0.0724  0.0723  0.0720  0.0718  0.0713  0.0713
  0.0752  0.0738  0.0753  0.0769  0.0719  0.0714
  0.0799  0.0797  0.0803  0.0816  0.0762  0.0735
  0.0876  0.0866  0.0868  0.0872  0.0830  0.0777
niter,ni,del,rscale     5    3   12.0000    1.2000
parameters
   -1.3471   -0.7935   11.4981  -15.4167    3.1825    1.3140
eta,q 0.92953 11.51720
  0.0861  0.0905  0.0834  0.0831  0.0813  0.0765
  0.0782  0.0823  0.0782  0.0784  0.0782  0.0732
  0.0721  0.0754  0.0726  0.0722  0.0737  0.0714
  0.0713  0.0712  0.0709  0.0708  0.0705  0.0704
  0.0743  0.0730  0.0739  0.0758  0.0713  0.0707
  0.0793  0.0797  0.0789  0.0815  0.0759  0.0731
  0.0867  0.0864  0.0857  0.0869  0.0832  0.0776
niter,ni,del,rscale     4    3   12.0000    1.2000
parameters
   -1.4052   -0.4418   11.2302  -16.1020    3.2397    1.1409
eta,q 0.92993 11.51045
  0.0861  0.0889  0.0826  0.0832  0.0816  0.0761
  0.0779  0.0814  0.0777  0.0786  0.0780  0.0728
  0.0716  0.0748  0.0723  0.0727  0.0732  0.0710
  0.0705  0.0704  0.0703  0.0702  0.0701  0.0700
  0.0734  0.0729  0.0732  0.0748  0.0712  0.0705
  0.0785  0.0793  0.0784  0.0813  0.0759  0.0728
  0.0860  0.0858  0.0855  0.0871  0.0830  0.0774
niter,ni,del,rscale     3    3   12.0000    1.2000
parameters
   -1.4096   -0.1675   10.9246  -16.6857    3.3201    0.9623
eta,q 0.92994 11.50398
  0.0861  0.0874  0.0821  0.0834  0.0819  0.0759
  0.0779  0.0807  0.0775  0.0790  0.0780  0.0727
  0.0715  0.0743  0.0723  0.0730  0.0729  0.0708
  0.0701  0.0701  0.0700  0.0700  0.0701  0.0700
  0.0727  0.0731  0.0729  0.0740  0.0714  0.0705
  0.0779  0.0788  0.0783  0.0810  0.0760  0.0727
  0.0858  0.0853  0.0855  0.0874  0.0829  0.0771
niter,ni,del,rscale     2    3   12.0000    1.2000
parameters
   -1.3877    0.0596   10.5986  -17.1926    3.4258    0.8278
eta,q 0.92975 11.49251
  0.0863  0.0864  0.0817  0.0838  0.0822  0.0759
  0.0782  0.0803  0.0775  0.0794  0.0780  0.0727
  0.0717  0.0738  0.0728  0.0732  0.0727  0.0709
  0.0701  0.0701  0.0701  0.0702  0.0703  0.0703
  0.0725  0.0731  0.0727  0.0736  0.0718  0.0707
  0.0778  0.0783  0.0782  0.0807  0.0762  0.0727
  0.0859  0.0850  0.0856  0.0878  0.0826  0.0769
niter,ni,del,rscale     1    3   12.0000    1.2000
parameters
   -1.3549    0.2370   10.2754  -17.6227    3.5231    0.7513
eta,q 0.92937 11.48008
  0.0867  0.0858  0.0814  0.0842  0.0824  0.0762
  0.0786  0.0799  0.0776  0.0799  0.0778  0.0730
  0.0719  0.0733  0.0733  0.0735  0.0725  0.0712
  0.0703  0.0703  0.0703  0.0705  0.0706  0.0706
  0.0727  0.0731  0.0725  0.0733  0.0721  0.0709
  0.0781  0.0780  0.0781  0.0804  0.0764  0.0729
  0.0862  0.0849  0.0856  0.0882  0.0825  0.0768
registration optimization eta report
parameter search radius
    6.0000    6.9000    6.0000    9.1253    6.9000    6.0000
100000*second partial in parameter space
       45.       30.       35.       18.       24.       17.
  0.0867  0.0858  0.0814  0.0842  0.0824  0.0762
  0.0786  0.0799  0.0776  0.0799  0.0778  0.0730
  0.0719  0.0733  0.0733  0.0735  0.0725  0.0712
  0.0703  0.0703  0.0703  0.0705  0.0706  0.0706
  0.0727  0.0731  0.0725  0.0733  0.0721  0.0709
  0.0781  0.0780  0.0781  0.0804  0.0764  0.0729
  0.0862  0.0849  0.0856  0.0882  0.0825  0.0768
   -1.3549    0.2370   10.2754  -17.6227    3.5231    0.7513
eta,q 0.92937 11.48008

---------------------------------------------------------------------
imgreg_4dfp /opt/freesurfer/average/711-2C_as_mni_average_305 /opt/freesurfer/average/711-2B_as_mni_average_305_mask talsrcimg_g11 none talsrcimg_to_711-2C_as_mni_average_305_t4 3335
---------------------------------------------------------------------

freesurfer imgreg_4dfp.c
/opt/freesurfer/average/711-2C_as_mni_average_305.4dfp.img
       256       256       256         1
  1.000000  1.000000  1.000000
orientation T byte_order littleendian
Reading image: /opt/freesurfer/average/711-2C_as_mni_average_305.4dfp.img
dimensions:      256       256       256
mmppix:       1.0000   -1.0000   -1.0000
center:     128.0000 -129.0000 -129.0000
/opt/freesurfer/average/711-2B_as_mni_average_305_mask.4dfp.img
       256       256       256         1
  1.000000  1.000000  1.000000
orientation T byte_order littleendian
Reading mask: /opt/freesurfer/average/711-2B_as_mni_average_305_mask.4dfp.img (2306576 pixels)
talsrcimg_g11.4dfp.img
       256       256       256         1
  1.000000  1.000000  1.000000
orientation T byte_order littleendian
Reading image: talsrcimg_g11.4dfp.img
dimensions:      256       256       256
mmppix:       1.0000   -1.0000   -1.0000
center:     128.0000 -129.0000 -129.0000
fimgreg.f
image alignment mode   3335 decimal      D07 hex
parameters
   -1.3549    0.2370   10.2754   -0.1976   -4.6767   -4.8730
    0.6105   -6.2531    1.3088   30.1953    6.1450  -30.2175
eta,q 0.92761 11.47484
niter,ni,del,rscale     5    3    5.0000    1.2000
parameter  2 -0.579089 -> -0.500000 qaram    1.1500
parameter  4  3.854347 ->  0.500000 qaram    1.1500
parameter  5  6.070931 ->  0.500000 qaram    1.1500
parameter  6  1.158263 ->  0.500000 qaram    1.1500
parameter  8 -0.612623 -> -0.500000 qaram    1.1500
parameters
   -1.5163    1.6170   10.7383   -4.3376   -8.8167   -9.0130
    0.3817   -2.1131    3.1215   27.8032    5.1276  -26.6396
eta,q 0.95019 11.13944
  0.0743  0.0755  0.0739  0.0612  0.0537  0.0528  0.0559  0.0639  0.0540  0.0522  0.0519  0.0555
  0.0732  0.0741  0.0729  0.0640  0.0574  0.0530  0.0544  0.0599  0.0526  0.0509  0.0509  0.0533
  0.0725  0.0731  0.0722  0.0676  0.0612  0.0548  0.0536  0.0563  0.0516  0.0504  0.0504  0.0515
  0.0724  0.0724  0.0718  0.0718  0.0649  0.0585  0.0533  0.0533  0.0511  0.0509  0.0504  0.0503
  0.0727  0.0720  0.0718  0.0759  0.0691  0.0633  0.0537  0.0515  0.0510  0.0523  0.0508  0.0498
  0.0735  0.0718  0.0721  0.0803  0.0737  0.0682  0.0547  0.0512  0.0512  0.0544  0.0517  0.0499
  0.0750  0.0721  0.0728  0.0852  0.0783  0.0736  0.0562  0.0526  0.0521  0.0576  0.0530  0.0504
niter,ni,del,rscale     7    3    5.0000    1.2000
parameter  4  1.309555 ->  0.500000 qaram    1.3225
parameter  5  3.370044 ->  0.500000 qaram    1.3225
parameter 12  0.548776 ->  0.500000 qaram    1.1500
parameters
   -1.0620    1.1753    9.7120   -9.0986  -13.5777  -12.4675
    0.7206   -1.6040    2.5985   26.5019    6.4993  -30.7796
eta,q 0.96279 10.78248
  0.0553  0.0518  0.0500  0.0427  0.0353  0.0395  0.0422  0.0466  0.0403  0.0403  0.0392  0.0377
  0.0527  0.0505  0.0492  0.0435  0.0375  0.0384  0.0399  0.0422  0.0389  0.0389  0.0385  0.0372
  0.0508  0.0497  0.0491  0.0456  0.0405  0.0378  0.0384  0.0391  0.0380  0.0380  0.0380  0.0373
  0.0498  0.0496  0.0496  0.0490  0.0440  0.0383  0.0379  0.0379  0.0378  0.0378  0.0378  0.0378
  0.0497  0.0503  0.0507  0.0534  0.0478  0.0411  0.0382  0.0384  0.0383  0.0386  0.0378  0.0386
  0.0506  0.0518  0.0523  0.0583  0.0515  0.0463  0.0395  0.0409  0.0395  0.0405  0.0380  0.0397
  0.0523  0.0539  0.0545  0.0636  0.0557  0.0519  0.0414  0.0448  0.0411  0.0435  0.0384  0.0411
niter,ni,del,rscale     7    3    5.0000    1.2000
parameter  3  0.538944 ->  0.500000 qaram    1.1500
parameter  4  0.566768 ->  0.500000 qaram    1.5209
parameter  5  0.818278 ->  0.500000 qaram    1.5209
parameters
   -0.8713    0.9875    8.3320  -14.5738  -19.0528  -14.3876
    0.8126   -1.6625    2.2858   26.6834    5.3796  -32.6285
eta,q 0.96799 10.21378
  0.0430  0.0414  0.0370  0.0356  0.0326  0.0347  0.0363  0.0395  0.0350  0.0357  0.0328  0.0336
  0.0400  0.0389  0.0365  0.0352  0.0321  0.0330  0.0341  0.0356  0.0335  0.0339  0.0324  0.0325
  0.0380  0.0375  0.0366  0.0354  0.0329  0.0323  0.0327  0.0330  0.0325  0.0327  0.0322  0.0320
  0.0372  0.0372  0.0372  0.0365  0.0352  0.0322  0.0322  0.0322  0.0322  0.0322  0.0322  0.0322
  0.0375  0.0380  0.0382  0.0392  0.0389  0.0330  0.0326  0.0332  0.0326  0.0325  0.0324  0.0329
  0.0390  0.0398  0.0398  0.0437  0.0432  0.0360  0.0340  0.0358  0.0338  0.0335  0.0328  0.0341
  0.0414  0.0426  0.0417  0.0491  0.0475  0.0403  0.0361  0.0396  0.0356  0.0355  0.0335  0.0355
niter,ni,del,rscale     7    3    5.0000    1.2000
parameters
   -0.7826    1.5697    8.2354  -15.1093  -21.4773  -14.9131
    0.8466   -1.5975    2.2011   27.4866    5.3555  -33.2053
eta,q 0.96846 10.05833
  0.0370  0.0391  0.0342  0.0369  0.0357  0.0352  0.0355  0.0390  0.0347  0.0356  0.0325  0.0336
  0.0344  0.0358  0.0328  0.0338  0.0333  0.0330  0.0335  0.0351  0.0330  0.0336  0.0320  0.0324
  0.0327  0.0333  0.0320  0.0321  0.0318  0.0319  0.0321  0.0326  0.0319  0.0323  0.0317  0.0317
  0.0320  0.0320  0.0318  0.0318  0.0317  0.0316  0.0316  0.0316  0.0316  0.0316  0.0316  0.0316
  0.0324  0.0319  0.0321  0.0322  0.0336  0.0317  0.0321  0.0325  0.0320  0.0317  0.0317  0.0320
  0.0339  0.0329  0.0331  0.0342  0.0374  0.0334  0.0334  0.0350  0.0331  0.0326  0.0320  0.0329
  0.0364  0.0349  0.0346  0.0384  0.0421  0.0368  0.0354  0.0387  0.0348  0.0342  0.0325  0.0341
niter,ni,del,rscale     6    3    5.0000    1.2000
parameters
   -0.7587    1.8849    8.1119  -15.1226  -22.1312  -15.0626
    0.8509   -1.5511    2.1264   27.9973    5.4371  -33.3929
eta,q 0.96850 10.03271
  0.0363  0.0375  0.0338  0.0370  0.0371  0.0354  0.0354  0.0388  0.0346  0.0351  0.0325  0.0336
  0.0338  0.0345  0.0325  0.0338  0.0344  0.0332  0.0333  0.0350  0.0329  0.0333  0.0320  0.0324
  0.0321  0.0325  0.0317  0.0319  0.0323  0.0319  0.0320  0.0324  0.0319  0.0321  0.0316  0.0317
  0.0315  0.0315  0.0315  0.0315  0.0315  0.0315  0.0315  0.0315  0.0315  0.0315  0.0315  0.0315
  0.0320  0.0318  0.0318  0.0319  0.0322  0.0316  0.0320  0.0324  0.0320  0.0317  0.0316  0.0318
  0.0336  0.0330  0.0328  0.0335  0.0349  0.0329  0.0334  0.0350  0.0330  0.0327  0.0319  0.0326
  0.0362  0.0353  0.0342  0.0372  0.0393  0.0361  0.0353  0.0386  0.0347  0.0343  0.0324  0.0338
niter,ni,del,rscale     5    3    5.0000    1.2000
parameters
   -0.7398    2.0089    8.0347  -15.1591  -22.3754  -15.1236
    0.8415   -1.5178    2.0729   28.2324    5.5216  -33.4621
eta,q 0.96848 10.02168
  0.0363  0.0368  0.0339  0.0369  0.0374  0.0354  0.0353  0.0387  0.0346  0.0349  0.0325  0.0337
  0.0337  0.0340  0.0325  0.0337  0.0346  0.0332  0.0333  0.0350  0.0329  0.0331  0.0320  0.0325
  0.0321  0.0322  0.0317  0.0319  0.0325  0.0319  0.0320  0.0324  0.0319  0.0320  0.0316  0.0317
  0.0315  0.0315  0.0315  0.0315  0.0315  0.0315  0.0315  0.0315  0.0315  0.0315  0.0315  0.0315
  0.0320  0.0320  0.0318  0.0320  0.0320  0.0315  0.0320  0.0324  0.0319  0.0318  0.0316  0.0318
  0.0336  0.0335  0.0327  0.0335  0.0344  0.0329  0.0333  0.0349  0.0330  0.0328  0.0319  0.0326
  0.0361  0.0358  0.0341  0.0371  0.0387  0.0360  0.0353  0.0386  0.0346  0.0345  0.0324  0.0337
niter,ni,del,rscale     4    3    5.0000    1.2000
parameters
   -0.7295    2.0647    7.9970  -15.1740  -22.4860  -15.1575
    0.8360   -1.5000    2.0417   28.3372    5.5723  -33.4776
eta,q 0.96848 10.01611
  0.0362  0.0365  0.0339  0.0369  0.0375  0.0354  0.0353  0.0387  0.0346  0.0347  0.0325  0.0337
  0.0337  0.0338  0.0326  0.0338  0.0347  0.0332  0.0333  0.0349  0.0330  0.0331  0.0320  0.0325
  0.0321  0.0321  0.0318  0.0319  0.0326  0.0319  0.0320  0.0324  0.0319  0.0320  0.0316  0.0318
  0.0315  0.0315  0.0315  0.0315  0.0315  0.0315  0.0315  0.0315  0.0315  0.0315  0.0315  0.0315
  0.0320  0.0321  0.0318  0.0320  0.0320  0.0315  0.0320  0.0324  0.0319  0.0319  0.0317  0.0318
  0.0336  0.0336  0.0327  0.0335  0.0342  0.0328  0.0334  0.0350  0.0330  0.0329  0.0320  0.0326
  0.0362  0.0361  0.0341  0.0371  0.0384  0.0360  0.0353  0.0386  0.0346  0.0346  0.0324  0.0336
niter,ni,del,rscale     3    3    5.0000    1.2000
parameters
   -0.7243    2.0898    7.9770  -15.1818  -22.5328  -15.1782
    0.8320   -1.4927    2.0234   28.3854    5.5993  -33.4836
eta,q 0.96846 10.01343
  0.0362  0.0364  0.0340  0.0369  0.0375  0.0354  0.0353  0.0387  0.0346  0.0347  0.0325  0.0337
  0.0337  0.0338  0.0326  0.0338  0.0348  0.0333  0.0333  0.0349  0.0330  0.0330  0.0320  0.0325
  0.0321  0.0321  0.0318  0.0319  0.0326  0.0319  0.0320  0.0324  0.0319  0.0319  0.0316  0.0318
  0.0315  0.0315  0.0315  0.0315  0.0315  0.0315  0.0315  0.0315  0.0315  0.0315  0.0315  0.0315
  0.0320  0.0321  0.0318  0.0320  0.0319  0.0315  0.0320  0.0324  0.0319  0.0319  0.0317  0.0318
  0.0336  0.0337  0.0327  0.0335  0.0342  0.0328  0.0334  0.0350  0.0330  0.0329  0.0320  0.0326
  0.0362  0.0362  0.0340  0.0371  0.0383  0.0359  0.0353  0.0386  0.0346  0.0346  0.0324  0.0336
registration optimization eta report
parameter search radius
    2.4000    2.7600    2.7600   10.9503   10.9503    8.2800
    7.2000    8.2800    7.2000    7.2000    7.2000    8.2800
100000*second partial in parameter space
       81.       62.       32.        5.        5.        6.
        7.       10.        6.        6.        2.        3.
  0.0362  0.0364  0.0340  0.0369  0.0375  0.0354  0.0353  0.0387  0.0346  0.0347  0.0325  0.0337
  0.0337  0.0338  0.0326  0.0338  0.0348  0.0333  0.0333  0.0349  0.0330  0.0330  0.0320  0.0325
  0.0321  0.0321  0.0318  0.0319  0.0326  0.0319  0.0320  0.0324  0.0319  0.0319  0.0316  0.0318
  0.0315  0.0315  0.0315  0.0315  0.0315  0.0315  0.0315  0.0315  0.0315  0.0315  0.0315  0.0315
  0.0320  0.0321  0.0318  0.0320  0.0319  0.0315  0.0320  0.0324  0.0319  0.0319  0.0317  0.0318
  0.0336  0.0337  0.0327  0.0335  0.0342  0.0328  0.0334  0.0350  0.0330  0.0329  0.0320  0.0326
  0.0362  0.0362  0.0340  0.0371  0.0383  0.0359  0.0353  0.0386  0.0346  0.0346  0.0324  0.0336
   -0.7243    2.0898    7.9770  -15.1818  -22.5328  -15.1782
    0.8320   -1.4927    2.0234   28.3854    5.5993  -33.4836
eta,q 0.96846 10.01343

---------------------------------------------------------------------
imgreg_4dfp /opt/freesurfer/average/711-2C_as_mni_average_305 /opt/freesurfer/average/711-2B_as_mni_average_305_mask talsrcimg_g11 none talsrcimg_to_711-2C_as_mni_average_305_t4 2311
---------------------------------------------------------------------

freesurfer imgreg_4dfp.c
/opt/freesurfer/average/711-2C_as_mni_average_305.4dfp.img
       256       256       256         1
  1.000000  1.000000  1.000000
orientation T byte_order littleendian
Reading image: /opt/freesurfer/average/711-2C_as_mni_average_305.4dfp.img
dimensions:      256       256       256
mmppix:       1.0000   -1.0000   -1.0000
center:     128.0000 -129.0000 -129.0000
/opt/freesurfer/average/711-2B_as_mni_average_305_mask.4dfp.img
       256       256       256         1
  1.000000  1.000000  1.000000
orientation T byte_order littleendian
Reading mask: /opt/freesurfer/average/711-2B_as_mni_average_305_mask.4dfp.img (2306576 pixels)
talsrcimg_g11.4dfp.img
       256       256       256         1
  1.000000  1.000000  1.000000
orientation T byte_order littleendian
Reading image: talsrcimg_g11.4dfp.img
dimensions:      256       256       256
mmppix:       1.0000   -1.0000   -1.0000
center:     128.0000 -129.0000 -129.0000
fimgreg.f
image alignment mode   2311 decimal      907 hex
parameters
   -0.7243    2.0898    7.9770  -15.1818  -22.5328  -15.1782
    0.8320   -1.4927    2.0234   28.3854    5.5993  -33.4836
eta,q 0.96846 10.01343
niter,ni,del,rscale     5    3    5.0000    0.8000
parameters
   -0.7141    2.0745    7.9855  -15.2861  -21.6917  -14.3958
    0.7942   -1.5229    2.0578   28.5187    5.3095  -33.6835
eta,q 0.96857 10.09759
  0.0337  0.0332  0.0324  0.0323  0.0332  0.0328  0.0332  0.0340  0.0329  0.0330  0.0318  0.0322
  0.0325  0.0323  0.0319  0.0318  0.0324  0.0321  0.0322  0.0326  0.0321  0.0322  0.0316  0.0318
  0.0318  0.0317  0.0316  0.0315  0.0318  0.0317  0.0316  0.0317  0.0316  0.0316  0.0315  0.0315
  0.0315  0.0315  0.0315  0.0315  0.0315  0.0315  0.0314  0.0314  0.0314  0.0314  0.0314  0.0314
  0.0317  0.0318  0.0316  0.0317  0.0315  0.0314  0.0316  0.0318  0.0316  0.0316  0.0315  0.0316
  0.0325  0.0323  0.0319  0.0319  0.0318  0.0315  0.0323  0.0327  0.0321  0.0320  0.0317  0.0319
  0.0336  0.0332  0.0324  0.0323  0.0324  0.0322  0.0333  0.0341  0.0329  0.0328  0.0319  0.0323
niter,ni,del,rscale     4    3    5.0000    0.7000
parameters
   -0.7112    1.9702    8.0483  -14.9640  -21.5258  -14.1334
    0.8252   -1.5541    2.1634   28.4507    5.1165  -33.7435
eta,q 0.96861 10.13869
  0.0331  0.0325  0.0322  0.0321  0.0325  0.0323  0.0328  0.0334  0.0326  0.0325  0.0317  0.0321
  0.0322  0.0319  0.0318  0.0317  0.0319  0.0318  0.0321  0.0323  0.0319  0.0319  0.0315  0.0317
  0.0316  0.0315  0.0315  0.0315  0.0316  0.0316  0.0316  0.0316  0.0315  0.0315  0.0314  0.0315
  0.0314  0.0314  0.0314  0.0314  0.0314  0.0314  0.0314  0.0314  0.0314  0.0314  0.0314  0.0314
  0.0316  0.0316  0.0315  0.0315  0.0315  0.0313  0.0315  0.0317  0.0315  0.0315  0.0315  0.0315
  0.0322  0.0321  0.0317  0.0316  0.0318  0.0315  0.0320  0.0323  0.0319  0.0319  0.0316  0.0317
  0.0331  0.0329  0.0320  0.0319  0.0324  0.0322  0.0328  0.0334  0.0325  0.0326  0.0317  0.0321
niter,ni,del,rscale     3    3    5.0000    0.6000
parameters
   -0.7129    1.9253    8.0916  -14.9113  -21.4326  -13.8794
    0.8378   -1.5900    2.2173   28.4385    4.9878  -33.7951
eta,q 0.96863 10.15931
  0.0326  0.0323  0.0320  0.0318  0.0322  0.0320  0.0324  0.0328  0.0322  0.0322  0.0316  0.0319
  0.0319  0.0318  0.0316  0.0315  0.0318  0.0317  0.0319  0.0320  0.0318  0.0317  0.0315  0.0316
  0.0315  0.0315  0.0315  0.0314  0.0315  0.0315  0.0315  0.0315  0.0315  0.0315  0.0314  0.0314
  0.0314  0.0314  0.0314  0.0314  0.0314  0.0314  0.0314  0.0314  0.0314  0.0314  0.0314  0.0314
  0.0315  0.0315  0.0314  0.0314  0.0315  0.0313  0.0315  0.0316  0.0315  0.0315  0.0314  0.0314
  0.0319  0.0319  0.0316  0.0316  0.0317  0.0315  0.0318  0.0321  0.0317  0.0318  0.0315  0.0316
  0.0326  0.0324  0.0319  0.0317  0.0321  0.0319  0.0324  0.0329  0.0322  0.0322  0.0316  0.0319
niter,ni,del,rscale     2    3    5.0000    0.5000
parameters
   -0.7152    1.9028    8.1240  -14.8572  -21.3760  -13.6080
    0.8552   -1.6319    2.2540   28.4740    4.9025  -33.8454
eta,q 0.96866 10.18000
  0.0322  0.0320  0.0318  0.0316  0.0319  0.0318  0.0321  0.0324  0.0319  0.0320  0.0315  0.0317
  0.0317  0.0316  0.0315  0.0315  0.0316  0.0316  0.0317  0.0318  0.0316  0.0316  0.0314  0.0315
  0.0314  0.0314  0.0314  0.0314  0.0314  0.0315  0.0314  0.0314  0.0314  0.0314  0.0314  0.0314
  0.0314  0.0314  0.0314  0.0314  0.0314  0.0314  0.0313  0.0313  0.0313  0.0313  0.0313  0.0313
  0.0314  0.0315  0.0314  0.0314  0.0314  0.0313  0.0314  0.0315  0.0314  0.0314  0.0314  0.0314
  0.0317  0.0317  0.0315  0.0315  0.0316  0.0314  0.0317  0.0318  0.0316  0.0316  0.0314  0.0315
  0.0322  0.0321  0.0317  0.0316  0.0319  0.0317  0.0321  0.0324  0.0319  0.0319  0.0315  0.0317
niter,ni,del,rscale     1    3    5.0000    0.4000
parameters
   -0.7181    1.8903    8.1592  -14.7988  -21.3539  -13.3051
    0.8802   -1.6604    2.2871   28.5218    4.8375  -33.8660
eta,q 0.96868 10.20005
  0.0319  0.0318  0.0316  0.0315  0.0317  0.0316  0.0318  0.0320  0.0317  0.0317  0.0314  0.0316
  0.0316  0.0315  0.0315  0.0314  0.0315  0.0315  0.0315  0.0316  0.0315  0.0315  0.0314  0.0314
  0.0314  0.0314  0.0314  0.0314  0.0314  0.0314  0.0314  0.0314  0.0314  0.0314  0.0313  0.0313
  0.0313  0.0313  0.0313  0.0313  0.0313  0.0313  0.0313  0.0313  0.0313  0.0313  0.0313  0.0313
  0.0314  0.0314  0.0314  0.0314  0.0314  0.0313  0.0314  0.0314  0.0314  0.0314  0.0313  0.0314
  0.0316  0.0315  0.0314  0.0314  0.0315  0.0314  0.0315  0.0316  0.0315  0.0315  0.0314  0.0315
  0.0319  0.0318  0.0316  0.0315  0.0317  0.0316  0.0318  0.0320  0.0317  0.0317  0.0315  0.0316
registration optimization eta report
parameter search radius
    0.8000    0.8000    0.8000    2.4000    2.4000    2.4000
    2.4000    2.4000    2.4000    2.4000    2.4000    2.4000
100000*second partial in parameter space
       85.       68.       38.        3.        6.        5.
        8.       12.        7.        7.        2.        5.
  0.0319  0.0318  0.0316  0.0315  0.0317  0.0316  0.0318  0.0320  0.0317  0.0317  0.0314  0.0316
  0.0316  0.0315  0.0315  0.0314  0.0315  0.0315  0.0315  0.0316  0.0315  0.0315  0.0314  0.0314
  0.0314  0.0314  0.0314  0.0314  0.0314  0.0314  0.0314  0.0314  0.0314  0.0314  0.0313  0.0313
  0.0313  0.0313  0.0313  0.0313  0.0313  0.0313  0.0313  0.0313  0.0313  0.0313  0.0313  0.0313
  0.0314  0.0314  0.0314  0.0314  0.0314  0.0313  0.0314  0.0314  0.0314  0.0314  0.0313  0.0314
  0.0316  0.0315  0.0314  0.0314  0.0315  0.0314  0.0315  0.0316  0.0315  0.0315  0.0314  0.0315
  0.0319  0.0318  0.0316  0.0315  0.0317  0.0316  0.0318  0.0320  0.0317  0.0317  0.0315  0.0316
   -0.7181    1.8903    8.1592  -14.7988  -21.3539  -13.3051
    0.8802   -1.6604    2.2871   28.5218    4.8375  -33.8660
eta,q 0.96868 10.20005

---------------------------------------------------------------------
imgreg_4dfp /opt/freesurfer/average/711-2C_as_mni_average_305 /opt/freesurfer/average/711-2B_as_mni_average_305_mask talsrcimg_g11 none talsrcimg_to_711-2C_as_mni_average_305_t4 2311
---------------------------------------------------------------------

freesurfer imgreg_4dfp.c
/opt/freesurfer/average/711-2C_as_mni_average_305.4dfp.img
       256       256       256         1
  1.000000  1.000000  1.000000
orientation T byte_order littleendian
Reading image: /opt/freesurfer/average/711-2C_as_mni_average_305.4dfp.img
dimensions:      256       256       256
mmppix:       1.0000   -1.0000   -1.0000
center:     128.0000 -129.0000 -129.0000
/opt/freesurfer/average/711-2B_as_mni_average_305_mask.4dfp.img
       256       256       256         1
  1.000000  1.000000  1.000000
orientation T byte_order littleendian
Reading mask: /opt/freesurfer/average/711-2B_as_mni_average_305_mask.4dfp.img (2306576 pixels)
talsrcimg_g11.4dfp.img
       256       256       256         1
  1.000000  1.000000  1.000000
orientation T byte_order littleendian
Reading image: talsrcimg_g11.4dfp.img
dimensions:      256       256       256
mmppix:       1.0000   -1.0000   -1.0000
center:     128.0000 -129.0000 -129.0000
fimgreg.f
image alignment mode   2311 decimal      907 hex
parameters
   -0.7181    1.8903    8.1592  -14.7988  -21.3539  -13.3051
    0.8802   -1.6604    2.2871   28.5218    4.8375  -33.8660
eta,q 0.96869 10.20004
niter,ni,del,rscale     5    3    5.0000    0.8000
parameters
   -0.7306    1.8893    8.2303  -14.4274  -21.4353  -13.9856
    0.8647   -1.6033    2.2991   28.2978    5.0208  -33.7332
eta,q 0.96861 10.18092
  0.0334  0.0331  0.0324  0.0322  0.0327  0.0323  0.0332  0.0341  0.0329  0.0327  0.0319  0.0323
  0.0323  0.0321  0.0318  0.0317  0.0319  0.0318  0.0322  0.0326  0.0321  0.0320  0.0316  0.0318
  0.0315  0.0315  0.0315  0.0314  0.0315  0.0315  0.0316  0.0317  0.0316  0.0315  0.0314  0.0315
  0.0313  0.0313  0.0313  0.0313  0.0313  0.0313  0.0314  0.0314  0.0314  0.0314  0.0314  0.0314
  0.0315  0.0315  0.0314  0.0314  0.0315  0.0314  0.0316  0.0317  0.0316  0.0316  0.0314  0.0315
  0.0323  0.0321  0.0317  0.0315  0.0319  0.0321  0.0322  0.0326  0.0321  0.0321  0.0316  0.0318
  0.0335  0.0330  0.0322  0.0319  0.0328  0.0335  0.0332  0.0339  0.0328  0.0330  0.0318  0.0322
niter,ni,del,rscale     4    3    5.0000    0.7000
parameters
   -0.7145    1.8892    8.1426  -14.7832  -21.3979  -14.0377
    0.8334   -1.5872    2.2404   28.3207    5.0271  -33.7268
eta,q 0.96862 10.15789
  0.0331  0.0327  0.0320  0.0318  0.0324  0.0322  0.0328  0.0334  0.0325  0.0325  0.0317  0.0321
  0.0322  0.0320  0.0316  0.0315  0.0319  0.0318  0.0320  0.0323  0.0319  0.0319  0.0315  0.0317
  0.0316  0.0315  0.0314  0.0314  0.0315  0.0315  0.0315  0.0316  0.0315  0.0315  0.0314  0.0315
  0.0314  0.0314  0.0314  0.0314  0.0314  0.0314  0.0314  0.0314  0.0314  0.0314  0.0314  0.0314
  0.0315  0.0315  0.0315  0.0315  0.0315  0.0313  0.0315  0.0316  0.0315  0.0315  0.0314  0.0315
  0.0321  0.0320  0.0318  0.0317  0.0318  0.0316  0.0320  0.0323  0.0319  0.0319  0.0315  0.0317
  0.0330  0.0327  0.0322  0.0320  0.0324  0.0324  0.0328  0.0334  0.0325  0.0325  0.0317  0.0321
niter,ni,del,rscale     3    3    5.0000    0.6000
parameters
   -0.7168    1.8948    8.1191  -14.8480  -21.3748  -13.8649
    0.8423   -1.6066    2.2402   28.3907    4.9633  -33.7893
eta,q 0.96863 10.16577
  0.0326  0.0324  0.0319  0.0318  0.0321  0.0320  0.0324  0.0329  0.0322  0.0322  0.0316  0.0319
  0.0319  0.0318  0.0316  0.0315  0.0317  0.0317  0.0318  0.0320  0.0317  0.0318  0.0315  0.0316
  0.0315  0.0315  0.0314  0.0314  0.0315  0.0315  0.0315  0.0315  0.0315  0.0315  0.0314  0.0314
  0.0314  0.0314  0.0314  0.0314  0.0314  0.0314  0.0314  0.0314  0.0314  0.0314  0.0314  0.0314
  0.0315  0.0315  0.0315  0.0314  0.0315  0.0313  0.0315  0.0316  0.0315  0.0314  0.0314  0.0314
  0.0319  0.0318  0.0316  0.0316  0.0317  0.0315  0.0318  0.0321  0.0317  0.0317  0.0315  0.0316
  0.0326  0.0323  0.0319  0.0318  0.0321  0.0320  0.0324  0.0329  0.0322  0.0322  0.0316  0.0319
niter,ni,del,rscale     2    3    5.0000    0.5000
parameters
   -0.7181    1.8930    8.1311  -14.8503  -21.3558  -13.6036
    0.8541   -1.6338    2.2565   28.4545    4.8988  -33.8328
eta,q 0.96866 10.18108
  0.0322  0.0320  0.0318  0.0316  0.0319  0.0318  0.0321  0.0324  0.0319  0.0320  0.0315  0.0317
  0.0317  0.0317  0.0315  0.0315  0.0316  0.0316  0.0317  0.0318  0.0316  0.0316  0.0314  0.0315
  0.0314  0.0314  0.0314  0.0314  0.0314  0.0315  0.0314  0.0314  0.0314  0.0314  0.0314  0.0314
  0.0314  0.0314  0.0314  0.0314  0.0314  0.0314  0.0313  0.0313  0.0313  0.0313  0.0313  0.0313
  0.0314  0.0315  0.0314  0.0314  0.0314  0.0313  0.0314  0.0315  0.0314  0.0314  0.0314  0.0314
  0.0317  0.0317  0.0315  0.0315  0.0316  0.0314  0.0317  0.0318  0.0316  0.0316  0.0314  0.0315
  0.0322  0.0320  0.0317  0.0316  0.0319  0.0317  0.0321  0.0324  0.0319  0.0319  0.0315  0.0317
niter,ni,del,rscale     1    3    5.0000    0.4000
parameters
   -0.7165    1.8873    8.1585  -14.8041  -21.3510  -13.3304
    0.8790   -1.6592    2.2934   28.5104    4.8095  -33.8591
eta,q 0.96868 10.19827
  0.0319  0.0318  0.0316  0.0315  0.0317  0.0316  0.0318  0.0320  0.0317  0.0317  0.0314  0.0316
  0.0316  0.0315  0.0315  0.0314  0.0315  0.0315  0.0315  0.0316  0.0315  0.0315  0.0314  0.0314
  0.0314  0.0314  0.0314  0.0313  0.0314  0.0314  0.0314  0.0314  0.0314  0.0314  0.0313  0.0313
  0.0313  0.0313  0.0313  0.0313  0.0313  0.0313  0.0313  0.0313  0.0313  0.0313  0.0313  0.0313
  0.0314  0.0314  0.0314  0.0314  0.0314  0.0313  0.0314  0.0314  0.0314  0.0314  0.0313  0.0314
  0.0316  0.0315  0.0314  0.0314  0.0315  0.0314  0.0315  0.0316  0.0315  0.0315  0.0314  0.0314
  0.0319  0.0318  0.0316  0.0315  0.0317  0.0316  0.0318  0.0320  0.0317  0.0317  0.0315  0.0316
registration optimization eta report
parameter search radius
    0.8000    0.8000    0.8000    2.4000    2.4000    2.4000
    2.4000    2.4000    2.4000    2.4000    2.4000    2.4000
100000*second partial in parameter space
       85.       68.       39.        3.        6.        5.
        8.       12.        7.        7.        2.        5.
  0.0319  0.0318  0.0316  0.0315  0.0317  0.0316  0.0318  0.0320  0.0317  0.0317  0.0314  0.0316
  0.0316  0.0315  0.0315  0.0314  0.0315  0.0315  0.0315  0.0316  0.0315  0.0315  0.0314  0.0314
  0.0314  0.0314  0.0314  0.0313  0.0314  0.0314  0.0314  0.0314  0.0314  0.0314  0.0313  0.0313
  0.0313  0.0313  0.0313  0.0313  0.0313  0.0313  0.0313  0.0313  0.0313  0.0313  0.0313  0.0313
  0.0314  0.0314  0.0314  0.0314  0.0314  0.0313  0.0314  0.0314  0.0314  0.0314  0.0313  0.0314
  0.0316  0.0315  0.0314  0.0314  0.0315  0.0314  0.0315  0.0316  0.0315  0.0315  0.0314  0.0314
  0.0319  0.0318  0.0316  0.0315  0.0317  0.0316  0.0318  0.0320  0.0317  0.0317  0.0315  0.0316
   -0.7165    1.8873    8.1585  -14.8041  -21.3510  -13.3304
    0.8790   -1.6592    2.2934   28.5104    4.8095  -33.8591
eta,q 0.96868 10.19827

---------------------------------------------------------------------
compute_vox2vox talsrcimg talsrcimg_to_711-2C_as_mni_average_305_t4 /opt/freesurfer/average/711-2C_as_mni_average_305
---------------------------------------------------------------------

freesurfer compute_vox2vox.c
Reading: talsrcimg.4dfp.ifh
Reading: talsrcimg_to_711-2C_as_mni_average_305_t4
Reading: /opt/freesurfer/average/711-2C_as_mni_average_305.4dfp.ifh
Writing: talsrcimg_to_711-2C_as_mni_average_305_t4_vox2vox.txt

start time Fri Mar 13 22:29:36 CET 2026
end		time Fri Mar 13 22:29:50 CET 2026

mpr2mni305 success

avi2talxfm orig_nu.mgz /opt/freesurfer/average/mni305.cor.mgz talsrcimg_to_711-2C_as_mni_average_305_t4_vox2vox.txt transforms/talairach.auto.xfm
avi2talxfm done
mv -f /out/sourcedata/freesurfer/sub-v2s7x29668_ses-1/mri/talsrcimg_to_711-2C_as_mni_average_305_t4_vox2vox.txt /out/sourcedata/freesurfer/sub-v2s7x29668_ses-1/mri/transforms/talsrcimg_to_711-2C_as_mni_average_305_t4_vox2vox.txt
lta_convert --src orig_nu.mgz --trg /opt/freesurfer/average/mni305.cor.mgz --inxfm transforms/talairach.auto.xfm --outlta transforms/talairach.auto.xfm.lta --subject fsaverage
7.3.2

--src: orig_nu.mgz src image (geometry).
--trg: /opt/freesurfer/average/mni305.cor.mgz trg image (geometry).
--inmni: transforms/talairach.auto.xfm input MNI/XFM transform.
--outlta: transforms/talairach.auto.xfm.lta output LTA.
--s: fsaverage subject name
 LTA read, type : 1
 1.17252   0.02344  -0.00301   2.04918;
-0.06870   1.00930   0.43528  -6.21913;
-0.00929  -0.36656   1.11377  -12.77718;
 0.00000   0.00000   0.00000   1.00000;
setting subject to fsaverage
Writing  LTA to file transforms/talairach.auto.xfm.lta...
lta_convert successful.
 
 
Started at Fri Mar 13 22:29:36 CET 2026
Ended   at Fri Mar 13 22:29:50 CET 2026
talairach_avi done
