status file for recon-all
Sat Mar 14 00:25:21 CET 2026
#@# Tessellate rh Sat Mar 14 00:25:21 CET 2026
#@# Smooth1 rh Sat Mar 14 00:25:25 CET 2026
#@# Inflation1 rh Sat Mar 14 00:25:28 CET 2026
#@# QSphere rh Sat Mar 14 00:25:41 CET 2026
#@# Fix Topology rh Sat Mar 14 00:26:43 CET 2026
#@# Smooth2 rh Sat Mar 14 00:40:35 CET 2026
#@# Inflation2 rh Sat Mar 14 00:40:37 CET 2026
#@# Curv .H and .K rh Sat Mar 14 00:40:50 CET 2026
#@# Sphere rh Sat Mar 14 00:41:35 CET 2026
#@# Surf Reg rh Sat Mar 14 00:47:15 CET 2026
#@# Jacobian white rh Sat Mar 14 00:51:56 CET 2026
#@# AvgCurv rh Sat Mar 14 00:51:57 CET 2026
#@# Cortical Parc rh Sat Mar 14 00:51:58 CET 2026
#@# white curv rh Sat Mar 14 00:58:08 CET 2026
#@# white area rh Sat Mar 14 00:58:10 CET 2026
#@# pial curv rh Sat Mar 14 00:58:11 CET 2026
#@# pial area rh Sat Mar 14 00:58:12 CET 2026
#@# thickness rh Sat Mar 14 00:58:13 CET 2026
#@# area and vertex vol rh Sat Mar 14 00:58:42 CET 2026
#@# Curvature Stats rh Sat Mar 14 00:58:43 CET 2026
#@# Cortical Parc 2 rh Sat Mar 14 00:58:46 CET 2026
#@# Cortical Parc 3 rh Sat Mar 14 00:58:59 CET 2026
#@# WM/GM Contrast rh Sat Mar 14 00:59:09 CET 2026
recon-all -s sub-v2s7x29659_ses-1 finished without error at Sat Mar 14 00:59:12 CET 2026



#New# invocation of recon-all 



status file for recon-all
Sat Mar 14 01:06:58 CET 2026
#@# white curv rh Sat Mar 14 01:06:58 CET 2026
#@# white area rh Sat Mar 14 01:06:58 CET 2026
#@# pial curv rh Sat Mar 14 01:06:58 CET 2026
#@# pial area rh Sat Mar 14 01:06:58 CET 2026
#@# thickness rh Sat Mar 14 01:06:58 CET 2026
#@# area and vertex vol rh Sat Mar 14 01:06:58 CET 2026
#@# Parcellation Stats rh Sat Mar 14 01:06:58 CET 2026
#@# Parcellation Stats 2 rh Sat Mar 14 01:07:16 CET 2026
#@# Parcellation Stats 3 rh Sat Mar 14 01:07:24 CET 2026
#@# BA_exvivo Labels rh Sat Mar 14 01:07:33 CET 2026
recon-all -s sub-v2s7x29659_ses-1 finished without error at Sat Mar 14 01:10:04 CET 2026
