status file for recon-all
Fri Mar 13 22:03:11 CET 2026
#@# MotionCor Fri Mar 13 22:03:13 CET 2026
#@# Talairach Fri Mar 13 22:03:23 CET 2026
#@# Talairach Failure Detection Fri Mar 13 22:07:47 CET 2026
#@# Nu Intensity Correction Fri Mar 13 22:07:47 CET 2026
#@# Intensity Normalization Fri Mar 13 22:11:02 CET 2026
recon-all -s sub-v2s7x29659_ses-1 finished without error at Fri Mar 13 22:12:26 CET 2026



#New# invocation of recon-all 



status file for recon-all
Fri Mar 13 22:25:17 CET 2026
#@# EM Registration Fri Mar 13 22:25:17 CET 2026
recon-all -s sub-v2s7x29659_ses-1 finished without error at Fri Mar 13 22:27:17 CET 2026



#New# invocation of recon-all 



status file for recon-all
Fri Mar 13 22:27:19 CET 2026
#@# CA Normalize Fri Mar 13 22:27:19 CET 2026
#@# CA Reg Fri Mar 13 22:28:37 CET 2026
#@# SubCort Seg Fri Mar 13 23:14:21 CET 2026
#@# CC Seg Fri Mar 13 23:43:15 CET 2026
#@# Merge ASeg Fri Mar 13 23:43:55 CET 2026
#@# Intensity Normalization2 Fri Mar 13 23:43:55 CET 2026
#@# Mask BFS Fri Mar 13 23:45:59 CET 2026
#@# WM Segmentation Fri Mar 13 23:46:00 CET 2026
#@# Fill Fri Mar 13 23:48:03 CET 2026
recon-all -s sub-v2s7x29659_ses-1 finished without error at Fri Mar 13 23:49:04 CET 2026



#New# invocation of recon-all 



status file for recon-all
Sat Mar 14 00:59:18 CET 2026
#@# white curv lh Sat Mar 14 00:59:18 CET 2026
#@# white area lh Sat Mar 14 00:59:18 CET 2026
#@# pial curv lh Sat Mar 14 00:59:18 CET 2026
#@# pial area lh Sat Mar 14 00:59:18 CET 2026
#@# thickness lh Sat Mar 14 00:59:18 CET 2026
#@# area and vertex vol lh Sat Mar 14 00:59:18 CET 2026
#@# white curv rh Sat Mar 14 00:59:18 CET 2026
#@# white area rh Sat Mar 14 00:59:18 CET 2026
#@# pial curv rh Sat Mar 14 00:59:18 CET 2026
#@# pial area rh Sat Mar 14 00:59:18 CET 2026
#@# thickness rh Sat Mar 14 00:59:18 CET 2026
#@# area and vertex vol rh Sat Mar 14 00:59:18 CET 2026
#@# Cortical ribbon mask Sat Mar 14 00:59:18 CET 2026
recon-all -s sub-v2s7x29659_ses-1 finished without error at Sat Mar 14 01:03:46 CET 2026



#New# invocation of recon-all 



status file for recon-all
Sat Mar 14 01:10:08 CET 2026
#@# white curv lh Sat Mar 14 01:10:08 CET 2026
#@# white area lh Sat Mar 14 01:10:08 CET 2026
#@# pial curv lh Sat Mar 14 01:10:08 CET 2026
#@# pial area lh Sat Mar 14 01:10:08 CET 2026
#@# thickness lh Sat Mar 14 01:10:08 CET 2026
#@# area and vertex vol lh Sat Mar 14 01:10:08 CET 2026
#@# white curv rh Sat Mar 14 01:10:08 CET 2026
#@# white area rh Sat Mar 14 01:10:08 CET 2026
#@# pial curv rh Sat Mar 14 01:10:08 CET 2026
#@# pial area rh Sat Mar 14 01:10:08 CET 2026
#@# thickness rh Sat Mar 14 01:10:08 CET 2026
#@# area and vertex vol rh Sat Mar 14 01:10:08 CET 2026
#@# Curvature Stats lh Sat Mar 14 01:10:08 CET 2026
#@# Curvature Stats rh Sat Mar 14 01:10:11 CET 2026
#@# Relabel Hypointensities Sat Mar 14 01:10:14 CET 2026
#@# APas-to-ASeg Sat Mar 14 01:10:29 CET 2026
#@# AParc-to-ASeg aparc Sat Mar 14 01:10:37 CET 2026
#@# AParc-to-ASeg aparc.a2009s Sat Mar 14 01:11:14 CET 2026
#@# AParc-to-ASeg aparc.DKTatlas Sat Mar 14 01:11:47 CET 2026
#@# WMParc Sat Mar 14 01:12:26 CET 2026
#@# ASeg Stats Sat Mar 14 01:16:09 CET 2026
recon-all -s sub-v2s7x29659_ses-1 finished without error at Sat Mar 14 01:16:49 CET 2026
