status file for recon-all
Fri Mar 13 23:49:09 CET 2026
#@# Tessellate lh Fri Mar 13 23:49:09 CET 2026
#@# Smooth1 lh Fri Mar 13 23:49:13 CET 2026
#@# Inflation1 lh Fri Mar 13 23:49:16 CET 2026
#@# QSphere lh Fri Mar 13 23:49:30 CET 2026
#@# Fix Topology lh Fri Mar 13 23:50:27 CET 2026
#@# Smooth2 lh Sat Mar 14 00:06:35 CET 2026
#@# Inflation2 lh Sat Mar 14 00:06:38 CET 2026
#@# Curv .H and .K lh Sat Mar 14 00:06:51 CET 2026
#@# Sphere lh Sat Mar 14 00:07:36 CET 2026
#@# Surf Reg lh Sat Mar 14 00:11:20 CET 2026
#@# Jacobian white lh Sat Mar 14 00:16:15 CET 2026
#@# AvgCurv lh Sat Mar 14 00:16:16 CET 2026
#@# Cortical Parc lh Sat Mar 14 00:16:17 CET 2026
#@# white curv lh Sat Mar 14 00:24:16 CET 2026
#@# white area lh Sat Mar 14 00:24:18 CET 2026
#@# pial curv lh Sat Mar 14 00:24:19 CET 2026
#@# pial area lh Sat Mar 14 00:24:20 CET 2026
#@# thickness lh Sat Mar 14 00:24:21 CET 2026
#@# area and vertex vol lh Sat Mar 14 00:24:49 CET 2026
#@# Curvature Stats lh Sat Mar 14 00:24:51 CET 2026
#@# Cortical Parc 2 lh Sat Mar 14 00:24:53 CET 2026
#@# Cortical Parc 3 lh Sat Mar 14 00:25:05 CET 2026
#@# WM/GM Contrast lh Sat Mar 14 00:25:15 CET 2026
recon-all -s sub-v2s7x29659_ses-1 finished without error at Sat Mar 14 00:25:19 CET 2026



#New# invocation of recon-all 



status file for recon-all
Sat Mar 14 01:03:50 CET 2026
#@# white curv lh Sat Mar 14 01:03:50 CET 2026
#@# white area lh Sat Mar 14 01:03:50 CET 2026
#@# pial curv lh Sat Mar 14 01:03:50 CET 2026
#@# pial area lh Sat Mar 14 01:03:50 CET 2026
#@# thickness lh Sat Mar 14 01:03:50 CET 2026
#@# area and vertex vol lh Sat Mar 14 01:03:50 CET 2026
#@# Parcellation Stats lh Sat Mar 14 01:03:50 CET 2026
#@# Parcellation Stats 2 lh Sat Mar 14 01:04:08 CET 2026
#@# Parcellation Stats 3 lh Sat Mar 14 01:04:17 CET 2026
#@# BA_exvivo Labels lh Sat Mar 14 01:04:25 CET 2026
recon-all -s sub-v2s7x29659_ses-1 finished without error at Sat Mar 14 01:06:56 CET 2026
