status file for recon-all
Sat Mar 14 00:37:21 CET 2026
#@# Tessellate rh Sat Mar 14 00:37:21 CET 2026
#@# Smooth1 rh Sat Mar 14 00:37:24 CET 2026
#@# Inflation1 rh Sat Mar 14 00:37:26 CET 2026
#@# QSphere rh Sat Mar 14 00:37:39 CET 2026
#@# Fix Topology rh Sat Mar 14 00:39:55 CET 2026
#@# Smooth2 rh Sat Mar 14 00:50:24 CET 2026
#@# Inflation2 rh Sat Mar 14 00:50:26 CET 2026
#@# Curv .H and .K rh Sat Mar 14 00:50:39 CET 2026
#@# Sphere rh Sat Mar 14 00:51:20 CET 2026
#@# Surf Reg rh Sat Mar 14 00:59:10 CET 2026
#@# Jacobian white rh Sat Mar 14 01:07:38 CET 2026
#@# AvgCurv rh Sat Mar 14 01:07:38 CET 2026
#@# Cortical Parc rh Sat Mar 14 01:07:39 CET 2026
#@# white curv rh Sat Mar 14 01:14:29 CET 2026
#@# white area rh Sat Mar 14 01:14:30 CET 2026
#@# pial curv rh Sat Mar 14 01:14:31 CET 2026
#@# pial area rh Sat Mar 14 01:14:32 CET 2026
#@# thickness rh Sat Mar 14 01:14:33 CET 2026
#@# area and vertex vol rh Sat Mar 14 01:14:57 CET 2026
#@# Curvature Stats rh Sat Mar 14 01:14:58 CET 2026
#@# Cortical Parc 2 rh Sat Mar 14 01:15:00 CET 2026
#@# Cortical Parc 3 rh Sat Mar 14 01:15:11 CET 2026
#@# WM/GM Contrast rh Sat Mar 14 01:15:19 CET 2026
recon-all -s sub-v2s7x29666_ses-1 finished without error at Sat Mar 14 01:15:21 CET 2026



#New# invocation of recon-all 



status file for recon-all
Sat Mar 14 01:22:44 CET 2026
#@# white curv rh Sat Mar 14 01:22:44 CET 2026
#@# white area rh Sat Mar 14 01:22:44 CET 2026
#@# pial curv rh Sat Mar 14 01:22:44 CET 2026
#@# pial area rh Sat Mar 14 01:22:44 CET 2026
#@# thickness rh Sat Mar 14 01:22:44 CET 2026
#@# area and vertex vol rh Sat Mar 14 01:22:44 CET 2026
#@# Parcellation Stats rh Sat Mar 14 01:22:44 CET 2026
#@# Parcellation Stats 2 rh Sat Mar 14 01:23:01 CET 2026
#@# Parcellation Stats 3 rh Sat Mar 14 01:23:10 CET 2026
#@# BA_exvivo Labels rh Sat Mar 14 01:23:19 CET 2026
recon-all -s sub-v2s7x29666_ses-1 finished without error at Sat Mar 14 01:25:28 CET 2026
