status file for recon-all
Sat Mar 14 01:57:48 CET 2026
#@# Tessellate rh Sat Mar 14 01:57:48 CET 2026
#@# Smooth1 rh Sat Mar 14 01:57:52 CET 2026
#@# Inflation1 rh Sat Mar 14 01:57:55 CET 2026
#@# QSphere rh Sat Mar 14 01:58:09 CET 2026
#@# Fix Topology rh Sat Mar 14 01:59:29 CET 2026
#@# Smooth2 rh Sat Mar 14 02:11:39 CET 2026
#@# Inflation2 rh Sat Mar 14 02:11:42 CET 2026
#@# Curv .H and .K rh Sat Mar 14 02:11:56 CET 2026
#@# Sphere rh Sat Mar 14 02:12:43 CET 2026
#@# Surf Reg rh Sat Mar 14 02:16:46 CET 2026
#@# Jacobian white rh Sat Mar 14 02:21:14 CET 2026
#@# AvgCurv rh Sat Mar 14 02:21:15 CET 2026
#@# Cortical Parc rh Sat Mar 14 02:21:16 CET 2026
#@# white curv rh Sat Mar 14 02:27:08 CET 2026
#@# white area rh Sat Mar 14 02:27:09 CET 2026
#@# pial curv rh Sat Mar 14 02:27:10 CET 2026
#@# pial area rh Sat Mar 14 02:27:12 CET 2026
#@# thickness rh Sat Mar 14 02:27:12 CET 2026
#@# area and vertex vol rh Sat Mar 14 02:27:42 CET 2026
#@# Curvature Stats rh Sat Mar 14 02:27:43 CET 2026
#@# Cortical Parc 2 rh Sat Mar 14 02:27:46 CET 2026
#@# Cortical Parc 3 rh Sat Mar 14 02:27:58 CET 2026
#@# WM/GM Contrast rh Sat Mar 14 02:28:08 CET 2026
recon-all -s sub-v2s7x29799_ses-1 finished without error at Sat Mar 14 02:28:11 CET 2026



#New# invocation of recon-all 



status file for recon-all
Sat Mar 14 02:38:07 CET 2026
#@# white curv rh Sat Mar 14 02:38:07 CET 2026
#@# white area rh Sat Mar 14 02:38:07 CET 2026
#@# pial curv rh Sat Mar 14 02:38:07 CET 2026
#@# pial area rh Sat Mar 14 02:38:07 CET 2026
#@# thickness rh Sat Mar 14 02:38:07 CET 2026
#@# area and vertex vol rh Sat Mar 14 02:38:07 CET 2026
#@# Parcellation Stats rh Sat Mar 14 02:38:07 CET 2026
#@# Parcellation Stats 2 rh Sat Mar 14 02:38:26 CET 2026
#@# Parcellation Stats 3 rh Sat Mar 14 02:38:35 CET 2026
#@# BA_exvivo Labels rh Sat Mar 14 02:38:45 CET 2026
recon-all -s sub-v2s7x29799_ses-1 finished without error at Sat Mar 14 02:41:21 CET 2026
