status file for recon-all
Sat Mar 14 01:24:10 CET 2026
#@# Tessellate lh Sat Mar 14 01:24:10 CET 2026
#@# Smooth1 lh Sat Mar 14 01:24:13 CET 2026
#@# Inflation1 lh Sat Mar 14 01:24:16 CET 2026
#@# QSphere lh Sat Mar 14 01:24:29 CET 2026
#@# Fix Topology lh Sat Mar 14 01:25:29 CET 2026
#@# Smooth2 lh Sat Mar 14 01:37:08 CET 2026
#@# Inflation2 lh Sat Mar 14 01:37:11 CET 2026
#@# Curv .H and .K lh Sat Mar 14 01:37:25 CET 2026
#@# Sphere lh Sat Mar 14 01:38:12 CET 2026
#@# Surf Reg lh Sat Mar 14 01:43:59 CET 2026
#@# Jacobian white lh Sat Mar 14 01:47:58 CET 2026
#@# AvgCurv lh Sat Mar 14 01:47:59 CET 2026
#@# Cortical Parc lh Sat Mar 14 01:48:00 CET 2026
#@# white curv lh Sat Mar 14 01:56:38 CET 2026
#@# white area lh Sat Mar 14 01:56:39 CET 2026
#@# pial curv lh Sat Mar 14 01:56:40 CET 2026
#@# pial area lh Sat Mar 14 01:56:42 CET 2026
#@# thickness lh Sat Mar 14 01:56:42 CET 2026
#@# area and vertex vol lh Sat Mar 14 01:57:13 CET 2026
#@# Curvature Stats lh Sat Mar 14 01:57:14 CET 2026
#@# Cortical Parc 2 lh Sat Mar 14 01:57:17 CET 2026
#@# Cortical Parc 3 lh Sat Mar 14 01:57:30 CET 2026
#@# WM/GM Contrast lh Sat Mar 14 01:57:42 CET 2026
recon-all -s sub-v2s7x29799_ses-1 finished without error at Sat Mar 14 01:57:45 CET 2026



#New# invocation of recon-all 



status file for recon-all
Sat Mar 14 02:34:48 CET 2026
#@# white curv lh Sat Mar 14 02:34:48 CET 2026
#@# white area lh Sat Mar 14 02:34:48 CET 2026
#@# pial curv lh Sat Mar 14 02:34:48 CET 2026
#@# pial area lh Sat Mar 14 02:34:48 CET 2026
#@# thickness lh Sat Mar 14 02:34:48 CET 2026
#@# area and vertex vol lh Sat Mar 14 02:34:48 CET 2026
#@# Parcellation Stats lh Sat Mar 14 02:34:48 CET 2026
#@# Parcellation Stats 2 lh Sat Mar 14 02:35:07 CET 2026
#@# Parcellation Stats 3 lh Sat Mar 14 02:35:16 CET 2026
#@# BA_exvivo Labels lh Sat Mar 14 02:35:25 CET 2026
recon-all -s sub-v2s7x29799_ses-1 finished without error at Sat Mar 14 02:38:03 CET 2026
