status file for recon-all
Sat Mar 14 01:13:40 CET 2026
#@# Tessellate rh Sat Mar 14 01:13:40 CET 2026
#@# Smooth1 rh Sat Mar 14 01:13:43 CET 2026
#@# Inflation1 rh Sat Mar 14 01:13:45 CET 2026
#@# QSphere rh Sat Mar 14 01:13:58 CET 2026
#@# Fix Topology rh Sat Mar 14 01:14:43 CET 2026
#@# Smooth2 rh Sat Mar 14 01:29:57 CET 2026
#@# Inflation2 rh Sat Mar 14 01:29:59 CET 2026
#@# Curv .H and .K rh Sat Mar 14 01:30:14 CET 2026
#@# Sphere rh Sat Mar 14 01:30:49 CET 2026
#@# Surf Reg rh Sat Mar 14 01:35:33 CET 2026
#@# Jacobian white rh Sat Mar 14 01:42:01 CET 2026
#@# AvgCurv rh Sat Mar 14 01:42:01 CET 2026
#@# Cortical Parc rh Sat Mar 14 01:42:02 CET 2026
#@# white curv rh Sat Mar 14 01:50:36 CET 2026
#@# white area rh Sat Mar 14 01:50:37 CET 2026
#@# pial curv rh Sat Mar 14 01:50:38 CET 2026
#@# pial area rh Sat Mar 14 01:50:39 CET 2026
#@# thickness rh Sat Mar 14 01:50:40 CET 2026
#@# area and vertex vol rh Sat Mar 14 01:50:57 CET 2026
#@# Curvature Stats rh Sat Mar 14 01:50:58 CET 2026
#@# Cortical Parc 2 rh Sat Mar 14 01:51:00 CET 2026
#@# Cortical Parc 3 rh Sat Mar 14 01:51:09 CET 2026
#@# WM/GM Contrast rh Sat Mar 14 01:51:16 CET 2026
recon-all -s sub-v2s7x29798_ses-1 finished without error at Sat Mar 14 01:51:19 CET 2026



#New# invocation of recon-all 



status file for recon-all
Sat Mar 14 01:56:41 CET 2026
#@# white curv rh Sat Mar 14 01:56:41 CET 2026
#@# white area rh Sat Mar 14 01:56:41 CET 2026
#@# pial curv rh Sat Mar 14 01:56:41 CET 2026
#@# pial area rh Sat Mar 14 01:56:41 CET 2026
#@# thickness rh Sat Mar 14 01:56:41 CET 2026
#@# area and vertex vol rh Sat Mar 14 01:56:41 CET 2026
#@# Parcellation Stats rh Sat Mar 14 01:56:41 CET 2026
#@# Parcellation Stats 2 rh Sat Mar 14 01:56:55 CET 2026
#@# Parcellation Stats 3 rh Sat Mar 14 01:57:02 CET 2026
#@# BA_exvivo Labels rh Sat Mar 14 01:57:09 CET 2026
recon-all -s sub-v2s7x29798_ses-1 finished without error at Sat Mar 14 01:59:01 CET 2026
