status file for recon-all
Fri Mar 13 23:26:40 CET 2026
#@# MotionCor Fri Mar 13 23:26:42 CET 2026
#@# Talairach Fri Mar 13 23:26:47 CET 2026
#@# Talairach Failure Detection Fri Mar 13 23:29:38 CET 2026
#@# Nu Intensity Correction Fri Mar 13 23:29:38 CET 2026
#@# Intensity Normalization Fri Mar 13 23:32:25 CET 2026
recon-all -s sub-v2s7x29798_ses-1 finished without error at Fri Mar 13 23:33:31 CET 2026



#New# invocation of recon-all 



status file for recon-all
Fri Mar 13 23:44:29 CET 2026
#@# EM Registration Fri Mar 13 23:44:29 CET 2026
recon-all -s sub-v2s7x29798_ses-1 finished without error at Fri Mar 13 23:46:15 CET 2026



#New# invocation of recon-all 



status file for recon-all
Fri Mar 13 23:46:17 CET 2026
#@# CA Normalize Fri Mar 13 23:46:17 CET 2026
#@# CA Reg Fri Mar 13 23:47:08 CET 2026
#@# SubCort Seg Sat Mar 14 00:25:15 CET 2026
#@# CC Seg Sat Mar 14 00:45:26 CET 2026
#@# Merge ASeg Sat Mar 14 00:45:48 CET 2026
#@# Intensity Normalization2 Sat Mar 14 00:45:48 CET 2026
#@# Mask BFS Sat Mar 14 00:47:13 CET 2026
#@# WM Segmentation Sat Mar 14 00:47:14 CET 2026
#@# Fill Sat Mar 14 00:48:50 CET 2026
recon-all -s sub-v2s7x29798_ses-1 finished without error at Sat Mar 14 00:49:28 CET 2026



#New# invocation of recon-all 



status file for recon-all
Sat Mar 14 01:51:24 CET 2026
#@# white curv lh Sat Mar 14 01:51:24 CET 2026
#@# white area lh Sat Mar 14 01:51:24 CET 2026
#@# pial curv lh Sat Mar 14 01:51:24 CET 2026
#@# pial area lh Sat Mar 14 01:51:24 CET 2026
#@# thickness lh Sat Mar 14 01:51:24 CET 2026
#@# area and vertex vol lh Sat Mar 14 01:51:25 CET 2026
#@# white curv rh Sat Mar 14 01:51:25 CET 2026
#@# white area rh Sat Mar 14 01:51:25 CET 2026
#@# pial curv rh Sat Mar 14 01:51:25 CET 2026
#@# pial area rh Sat Mar 14 01:51:25 CET 2026
#@# thickness rh Sat Mar 14 01:51:25 CET 2026
#@# area and vertex vol rh Sat Mar 14 01:51:25 CET 2026
#@# Cortical ribbon mask Sat Mar 14 01:51:25 CET 2026
recon-all -s sub-v2s7x29798_ses-1 finished without error at Sat Mar 14 01:54:07 CET 2026



#New# invocation of recon-all 



status file for recon-all
Sat Mar 14 01:59:05 CET 2026
#@# white curv lh Sat Mar 14 01:59:05 CET 2026
#@# white area lh Sat Mar 14 01:59:05 CET 2026
#@# pial curv lh Sat Mar 14 01:59:05 CET 2026
#@# pial area lh Sat Mar 14 01:59:05 CET 2026
#@# thickness lh Sat Mar 14 01:59:05 CET 2026
#@# area and vertex vol lh Sat Mar 14 01:59:05 CET 2026
#@# white curv rh Sat Mar 14 01:59:05 CET 2026
#@# white area rh Sat Mar 14 01:59:05 CET 2026
#@# pial curv rh Sat Mar 14 01:59:05 CET 2026
#@# pial area rh Sat Mar 14 01:59:05 CET 2026
#@# thickness rh Sat Mar 14 01:59:05 CET 2026
#@# area and vertex vol rh Sat Mar 14 01:59:05 CET 2026
#@# Curvature Stats lh Sat Mar 14 01:59:05 CET 2026
#@# Curvature Stats rh Sat Mar 14 01:59:07 CET 2026
#@# Relabel Hypointensities Sat Mar 14 01:59:09 CET 2026
#@# APas-to-ASeg Sat Mar 14 01:59:19 CET 2026
#@# AParc-to-ASeg aparc Sat Mar 14 01:59:25 CET 2026
#@# AParc-to-ASeg aparc.a2009s Sat Mar 14 01:59:39 CET 2026
#@# AParc-to-ASeg aparc.DKTatlas Sat Mar 14 01:59:58 CET 2026
#@# WMParc Sat Mar 14 02:00:19 CET 2026
#@# ASeg Stats Sat Mar 14 02:02:04 CET 2026
recon-all -s sub-v2s7x29798_ses-1 finished without error at Sat Mar 14 02:02:23 CET 2026
