status file for recon-all
Sat Mar 14 00:10:12 CET 2026
#@# Tessellate lh Sat Mar 14 00:10:12 CET 2026
#@# Smooth1 lh Sat Mar 14 00:10:16 CET 2026
#@# Inflation1 lh Sat Mar 14 00:10:19 CET 2026
#@# QSphere lh Sat Mar 14 00:10:31 CET 2026
#@# Fix Topology lh Sat Mar 14 00:11:34 CET 2026
#@# Smooth2 lh Sat Mar 14 00:17:03 CET 2026
#@# Inflation2 lh Sat Mar 14 00:17:05 CET 2026
#@# Curv .H and .K lh Sat Mar 14 00:17:18 CET 2026
#@# Sphere lh Sat Mar 14 00:18:01 CET 2026
#@# Surf Reg lh Sat Mar 14 00:21:14 CET 2026
#@# Jacobian white lh Sat Mar 14 00:24:45 CET 2026
#@# AvgCurv lh Sat Mar 14 00:24:46 CET 2026
#@# Cortical Parc lh Sat Mar 14 00:24:47 CET 2026
#@# white curv lh Sat Mar 14 00:30:50 CET 2026
#@# white area lh Sat Mar 14 00:30:51 CET 2026
#@# pial curv lh Sat Mar 14 00:30:52 CET 2026
#@# pial area lh Sat Mar 14 00:30:54 CET 2026
#@# thickness lh Sat Mar 14 00:30:54 CET 2026
#@# area and vertex vol lh Sat Mar 14 00:31:24 CET 2026
#@# Curvature Stats lh Sat Mar 14 00:31:25 CET 2026
#@# Cortical Parc 2 lh Sat Mar 14 00:31:27 CET 2026
#@# Cortical Parc 3 lh Sat Mar 14 00:31:40 CET 2026
#@# WM/GM Contrast lh Sat Mar 14 00:31:49 CET 2026
recon-all -s sub-v2s7x29662_ses-1 finished without error at Sat Mar 14 00:31:53 CET 2026



#New# invocation of recon-all 



status file for recon-all
Sat Mar 14 01:15:22 CET 2026
#@# white curv lh Sat Mar 14 01:15:22 CET 2026
#@# white area lh Sat Mar 14 01:15:22 CET 2026
#@# pial curv lh Sat Mar 14 01:15:22 CET 2026
#@# pial area lh Sat Mar 14 01:15:22 CET 2026
#@# thickness lh Sat Mar 14 01:15:22 CET 2026
#@# area and vertex vol lh Sat Mar 14 01:15:22 CET 2026
#@# Parcellation Stats lh Sat Mar 14 01:15:22 CET 2026
#@# Parcellation Stats 2 lh Sat Mar 14 01:15:40 CET 2026
#@# Parcellation Stats 3 lh Sat Mar 14 01:15:50 CET 2026
#@# BA_exvivo Labels lh Sat Mar 14 01:15:58 CET 2026
recon-all -s sub-v2s7x29662_ses-1 finished without error at Sat Mar 14 01:18:49 CET 2026
