status file for recon-all
Sat Mar 14 00:31:55 CET 2026
#@# Tessellate rh Sat Mar 14 00:31:55 CET 2026
#@# Smooth1 rh Sat Mar 14 00:31:59 CET 2026
#@# Inflation1 rh Sat Mar 14 00:32:02 CET 2026
#@# QSphere rh Sat Mar 14 00:32:14 CET 2026
#@# Fix Topology rh Sat Mar 14 00:33:13 CET 2026
#@# Smooth2 rh Sat Mar 14 00:42:58 CET 2026
#@# Inflation2 rh Sat Mar 14 00:43:01 CET 2026
#@# Curv .H and .K rh Sat Mar 14 00:43:13 CET 2026
#@# Sphere rh Sat Mar 14 00:44:02 CET 2026
#@# Surf Reg rh Sat Mar 14 00:50:10 CET 2026
#@# Jacobian white rh Sat Mar 14 00:56:06 CET 2026
#@# AvgCurv rh Sat Mar 14 00:56:07 CET 2026
#@# Cortical Parc rh Sat Mar 14 00:56:08 CET 2026
#@# white curv rh Sat Mar 14 01:10:27 CET 2026
#@# white area rh Sat Mar 14 01:10:29 CET 2026
#@# pial curv rh Sat Mar 14 01:10:30 CET 2026
#@# pial area rh Sat Mar 14 01:10:32 CET 2026
#@# thickness rh Sat Mar 14 01:10:32 CET 2026
#@# area and vertex vol rh Sat Mar 14 01:11:00 CET 2026
#@# Curvature Stats rh Sat Mar 14 01:11:02 CET 2026
#@# Cortical Parc 2 rh Sat Mar 14 01:11:04 CET 2026
#@# Cortical Parc 3 rh Sat Mar 14 01:11:20 CET 2026
#@# WM/GM Contrast rh Sat Mar 14 01:11:31 CET 2026
recon-all -s sub-v2s7x29662_ses-1 finished without error at Sat Mar 14 01:11:34 CET 2026



#New# invocation of recon-all 



status file for recon-all
Sat Mar 14 01:18:51 CET 2026
#@# white curv rh Sat Mar 14 01:18:51 CET 2026
#@# white area rh Sat Mar 14 01:18:51 CET 2026
#@# pial curv rh Sat Mar 14 01:18:51 CET 2026
#@# pial area rh Sat Mar 14 01:18:51 CET 2026
#@# thickness rh Sat Mar 14 01:18:51 CET 2026
#@# area and vertex vol rh Sat Mar 14 01:18:51 CET 2026
#@# Parcellation Stats rh Sat Mar 14 01:18:51 CET 2026
#@# Parcellation Stats 2 rh Sat Mar 14 01:19:09 CET 2026
#@# Parcellation Stats 3 rh Sat Mar 14 01:19:18 CET 2026
#@# BA_exvivo Labels rh Sat Mar 14 01:19:27 CET 2026
recon-all -s sub-v2s7x29662_ses-1 finished without error at Sat Mar 14 01:22:16 CET 2026
