status file for recon-all
Fri Mar 13 22:16:52 CET 2026
#@# MotionCor Fri Mar 13 22:16:54 CET 2026
#@# Talairach Fri Mar 13 22:17:03 CET 2026
#@# Talairach Failure Detection Fri Mar 13 22:21:32 CET 2026
#@# Nu Intensity Correction Fri Mar 13 22:21:32 CET 2026
#@# Intensity Normalization Fri Mar 13 22:24:48 CET 2026
recon-all -s sub-v2s7x29662_ses-1 finished without error at Fri Mar 13 22:26:17 CET 2026



#New# invocation of recon-all 



status file for recon-all
Fri Mar 13 22:39:32 CET 2026
#@# EM Registration Fri Mar 13 22:39:32 CET 2026
recon-all -s sub-v2s7x29662_ses-1 finished without error at Fri Mar 13 22:41:56 CET 2026



#New# invocation of recon-all 



status file for recon-all
Fri Mar 13 22:41:58 CET 2026
#@# CA Normalize Fri Mar 13 22:41:58 CET 2026
#@# CA Reg Fri Mar 13 22:43:18 CET 2026
#@# SubCort Seg Fri Mar 13 23:36:22 CET 2026
#@# CC Seg Sat Mar 14 00:04:21 CET 2026
#@# Merge ASeg Sat Mar 14 00:04:56 CET 2026
#@# Intensity Normalization2 Sat Mar 14 00:04:56 CET 2026
#@# Mask BFS Sat Mar 14 00:07:08 CET 2026
#@# WM Segmentation Sat Mar 14 00:07:09 CET 2026
#@# Fill Sat Mar 14 00:09:02 CET 2026
recon-all -s sub-v2s7x29662_ses-1 finished without error at Sat Mar 14 00:10:07 CET 2026



#New# invocation of recon-all 



status file for recon-all
Sat Mar 14 01:11:41 CET 2026
#@# white curv lh Sat Mar 14 01:11:41 CET 2026
#@# white area lh Sat Mar 14 01:11:41 CET 2026
#@# pial curv lh Sat Mar 14 01:11:41 CET 2026
#@# pial area lh Sat Mar 14 01:11:41 CET 2026
#@# thickness lh Sat Mar 14 01:11:41 CET 2026
#@# area and vertex vol lh Sat Mar 14 01:11:41 CET 2026
#@# white curv rh Sat Mar 14 01:11:41 CET 2026
#@# white area rh Sat Mar 14 01:11:41 CET 2026
#@# pial curv rh Sat Mar 14 01:11:41 CET 2026
#@# pial area rh Sat Mar 14 01:11:41 CET 2026
#@# thickness rh Sat Mar 14 01:11:41 CET 2026
#@# area and vertex vol rh Sat Mar 14 01:11:41 CET 2026
#@# Cortical ribbon mask Sat Mar 14 01:11:41 CET 2026
recon-all -s sub-v2s7x29662_ses-1 finished without error at Sat Mar 14 01:15:16 CET 2026



#New# invocation of recon-all 



status file for recon-all
Sat Mar 14 01:22:21 CET 2026
#@# white curv lh Sat Mar 14 01:22:21 CET 2026
#@# white area lh Sat Mar 14 01:22:21 CET 2026
#@# pial curv lh Sat Mar 14 01:22:21 CET 2026
#@# pial area lh Sat Mar 14 01:22:22 CET 2026
#@# thickness lh Sat Mar 14 01:22:22 CET 2026
#@# area and vertex vol lh Sat Mar 14 01:22:22 CET 2026
#@# white curv rh Sat Mar 14 01:22:22 CET 2026
#@# white area rh Sat Mar 14 01:22:22 CET 2026
#@# pial curv rh Sat Mar 14 01:22:22 CET 2026
#@# pial area rh Sat Mar 14 01:22:22 CET 2026
#@# thickness rh Sat Mar 14 01:22:22 CET 2026
#@# area and vertex vol rh Sat Mar 14 01:22:22 CET 2026
#@# Curvature Stats lh Sat Mar 14 01:22:22 CET 2026
#@# Curvature Stats rh Sat Mar 14 01:22:24 CET 2026
#@# Relabel Hypointensities Sat Mar 14 01:22:27 CET 2026
#@# APas-to-ASeg Sat Mar 14 01:22:42 CET 2026
#@# AParc-to-ASeg aparc Sat Mar 14 01:22:51 CET 2026
#@# AParc-to-ASeg aparc.a2009s Sat Mar 14 01:23:19 CET 2026
#@# AParc-to-ASeg aparc.DKTatlas Sat Mar 14 01:23:49 CET 2026
#@# WMParc Sat Mar 14 01:24:19 CET 2026
#@# ASeg Stats Sat Mar 14 01:28:11 CET 2026
recon-all -s sub-v2s7x29662_ses-1 finished without error at Sat Mar 14 01:28:49 CET 2026
