status file for recon-all
Fri Mar 13 23:12:40 CET 2026
#@# MotionCor Fri Mar 13 23:12:42 CET 2026
#@# Talairach Fri Mar 13 23:12:53 CET 2026
#@# Talairach Failure Detection Fri Mar 13 23:17:16 CET 2026
#@# Nu Intensity Correction Fri Mar 13 23:17:16 CET 2026
#@# Intensity Normalization Fri Mar 13 23:20:32 CET 2026
recon-all -s sub-v2s7x29794_ses-1 finished without error at Fri Mar 13 23:22:18 CET 2026



#New# invocation of recon-all 



status file for recon-all
Fri Mar 13 23:36:23 CET 2026
#@# EM Registration Fri Mar 13 23:36:23 CET 2026
recon-all -s sub-v2s7x29794_ses-1 finished without error at Fri Mar 13 23:38:00 CET 2026



#New# invocation of recon-all 



status file for recon-all
Fri Mar 13 23:38:03 CET 2026
#@# CA Normalize Fri Mar 13 23:38:03 CET 2026
#@# CA Reg Fri Mar 13 23:39:21 CET 2026
#@# SubCort Seg Sat Mar 14 00:25:23 CET 2026
#@# CC Seg Sat Mar 14 00:55:17 CET 2026
#@# Merge ASeg Sat Mar 14 00:55:54 CET 2026
#@# Intensity Normalization2 Sat Mar 14 00:55:54 CET 2026
#@# Mask BFS Sat Mar 14 00:58:01 CET 2026
#@# WM Segmentation Sat Mar 14 00:58:02 CET 2026
#@# Fill Sat Mar 14 01:00:07 CET 2026
recon-all -s sub-v2s7x29794_ses-1 finished without error at Sat Mar 14 01:01:09 CET 2026



#New# invocation of recon-all 



status file for recon-all
Sat Mar 14 02:01:56 CET 2026
#@# white curv lh Sat Mar 14 02:01:56 CET 2026
#@# white area lh Sat Mar 14 02:01:56 CET 2026
#@# pial curv lh Sat Mar 14 02:01:56 CET 2026
#@# pial area lh Sat Mar 14 02:01:56 CET 2026
#@# thickness lh Sat Mar 14 02:01:56 CET 2026
#@# area and vertex vol lh Sat Mar 14 02:01:56 CET 2026
#@# white curv rh Sat Mar 14 02:01:56 CET 2026
#@# white area rh Sat Mar 14 02:01:56 CET 2026
#@# pial curv rh Sat Mar 14 02:01:56 CET 2026
#@# pial area rh Sat Mar 14 02:01:56 CET 2026
#@# thickness rh Sat Mar 14 02:01:56 CET 2026
#@# area and vertex vol rh Sat Mar 14 02:01:56 CET 2026
#@# Cortical ribbon mask Sat Mar 14 02:01:56 CET 2026
recon-all -s sub-v2s7x29794_ses-1 finished without error at Sat Mar 14 02:08:07 CET 2026



#New# invocation of recon-all 



status file for recon-all
Sat Mar 14 02:15:46 CET 2026
#@# white curv lh Sat Mar 14 02:15:46 CET 2026
#@# white area lh Sat Mar 14 02:15:46 CET 2026
#@# pial curv lh Sat Mar 14 02:15:46 CET 2026
#@# pial area lh Sat Mar 14 02:15:46 CET 2026
#@# thickness lh Sat Mar 14 02:15:46 CET 2026
#@# area and vertex vol lh Sat Mar 14 02:15:46 CET 2026
#@# white curv rh Sat Mar 14 02:15:46 CET 2026
#@# white area rh Sat Mar 14 02:15:46 CET 2026
#@# pial curv rh Sat Mar 14 02:15:46 CET 2026
#@# pial area rh Sat Mar 14 02:15:46 CET 2026
#@# thickness rh Sat Mar 14 02:15:46 CET 2026
#@# area and vertex vol rh Sat Mar 14 02:15:46 CET 2026
#@# Curvature Stats lh Sat Mar 14 02:15:46 CET 2026
#@# Curvature Stats rh Sat Mar 14 02:15:50 CET 2026
#@# Relabel Hypointensities Sat Mar 14 02:15:53 CET 2026
#@# APas-to-ASeg Sat Mar 14 02:16:11 CET 2026
#@# AParc-to-ASeg aparc Sat Mar 14 02:16:22 CET 2026
#@# AParc-to-ASeg aparc.a2009s Sat Mar 14 02:17:13 CET 2026
#@# AParc-to-ASeg aparc.DKTatlas Sat Mar 14 02:18:01 CET 2026
#@# WMParc Sat Mar 14 02:18:47 CET 2026
#@# ASeg Stats Sat Mar 14 02:23:04 CET 2026
recon-all -s sub-v2s7x29794_ses-1 finished without error at Sat Mar 14 02:23:43 CET 2026
