status file for recon-all
Sat Mar 14 01:01:12 CET 2026
#@# Tessellate lh Sat Mar 14 01:01:12 CET 2026
#@# Smooth1 lh Sat Mar 14 01:01:16 CET 2026
#@# Inflation1 lh Sat Mar 14 01:01:19 CET 2026
#@# QSphere lh Sat Mar 14 01:01:32 CET 2026
#@# Fix Topology lh Sat Mar 14 01:02:40 CET 2026
#@# Smooth2 lh Sat Mar 14 01:12:50 CET 2026
#@# Inflation2 lh Sat Mar 14 01:12:53 CET 2026
#@# Curv .H and .K lh Sat Mar 14 01:13:08 CET 2026
#@# Sphere lh Sat Mar 14 01:14:05 CET 2026
#@# Surf Reg lh Sat Mar 14 01:18:24 CET 2026
#@# Jacobian white lh Sat Mar 14 01:24:13 CET 2026
#@# AvgCurv lh Sat Mar 14 01:24:14 CET 2026
#@# Cortical Parc lh Sat Mar 14 01:24:15 CET 2026
#@# white curv lh Sat Mar 14 01:31:50 CET 2026
#@# white area lh Sat Mar 14 01:31:52 CET 2026
#@# pial curv lh Sat Mar 14 01:31:53 CET 2026
#@# pial area lh Sat Mar 14 01:31:55 CET 2026
#@# thickness lh Sat Mar 14 01:31:56 CET 2026
#@# area and vertex vol lh Sat Mar 14 01:32:30 CET 2026
#@# Curvature Stats lh Sat Mar 14 01:32:32 CET 2026
#@# Cortical Parc 2 lh Sat Mar 14 01:32:34 CET 2026
#@# Cortical Parc 3 lh Sat Mar 14 01:32:50 CET 2026
#@# WM/GM Contrast lh Sat Mar 14 01:33:01 CET 2026
recon-all -s sub-v2s7x29794_ses-1 finished without error at Sat Mar 14 01:33:04 CET 2026



#New# invocation of recon-all 



status file for recon-all
Sat Mar 14 02:08:12 CET 2026
#@# white curv lh Sat Mar 14 02:08:12 CET 2026
#@# white area lh Sat Mar 14 02:08:12 CET 2026
#@# pial curv lh Sat Mar 14 02:08:12 CET 2026
#@# pial area lh Sat Mar 14 02:08:12 CET 2026
#@# thickness lh Sat Mar 14 02:08:12 CET 2026
#@# area and vertex vol lh Sat Mar 14 02:08:12 CET 2026
#@# Parcellation Stats lh Sat Mar 14 02:08:13 CET 2026
#@# Parcellation Stats 2 lh Sat Mar 14 02:08:37 CET 2026
#@# Parcellation Stats 3 lh Sat Mar 14 02:08:49 CET 2026
#@# BA_exvivo Labels lh Sat Mar 14 02:09:01 CET 2026
recon-all -s sub-v2s7x29794_ses-1 finished without error at Sat Mar 14 02:11:55 CET 2026
