status file for recon-all
Sat Mar 14 01:33:06 CET 2026
#@# Tessellate rh Sat Mar 14 01:33:06 CET 2026
#@# Smooth1 rh Sat Mar 14 01:33:11 CET 2026
#@# Inflation1 rh Sat Mar 14 01:33:14 CET 2026
#@# QSphere rh Sat Mar 14 01:33:28 CET 2026
#@# Fix Topology rh Sat Mar 14 01:35:14 CET 2026
#@# Smooth2 rh Sat Mar 14 01:42:01 CET 2026
#@# Inflation2 rh Sat Mar 14 01:42:04 CET 2026
#@# Curv .H and .K rh Sat Mar 14 01:42:20 CET 2026
#@# Sphere rh Sat Mar 14 01:43:18 CET 2026
#@# Surf Reg rh Sat Mar 14 01:47:43 CET 2026
#@# Jacobian white rh Sat Mar 14 01:53:26 CET 2026
#@# AvgCurv rh Sat Mar 14 01:53:27 CET 2026
#@# Cortical Parc rh Sat Mar 14 01:53:28 CET 2026
#@# white curv rh Sat Mar 14 02:00:39 CET 2026
#@# white area rh Sat Mar 14 02:00:41 CET 2026
#@# pial curv rh Sat Mar 14 02:00:42 CET 2026
#@# pial area rh Sat Mar 14 02:00:44 CET 2026
#@# thickness rh Sat Mar 14 02:00:45 CET 2026
#@# area and vertex vol rh Sat Mar 14 02:01:18 CET 2026
#@# Curvature Stats rh Sat Mar 14 02:01:20 CET 2026
#@# Cortical Parc 2 rh Sat Mar 14 02:01:23 CET 2026
#@# Cortical Parc 3 rh Sat Mar 14 02:01:38 CET 2026
#@# WM/GM Contrast rh Sat Mar 14 02:01:49 CET 2026
recon-all -s sub-v2s7x29794_ses-1 finished without error at Sat Mar 14 02:01:52 CET 2026



#New# invocation of recon-all 



status file for recon-all
Sat Mar 14 02:11:58 CET 2026
#@# white curv rh Sat Mar 14 02:11:58 CET 2026
#@# white area rh Sat Mar 14 02:11:58 CET 2026
#@# pial curv rh Sat Mar 14 02:11:58 CET 2026
#@# pial area rh Sat Mar 14 02:11:58 CET 2026
#@# thickness rh Sat Mar 14 02:11:58 CET 2026
#@# area and vertex vol rh Sat Mar 14 02:11:58 CET 2026
#@# Parcellation Stats rh Sat Mar 14 02:11:58 CET 2026
#@# Parcellation Stats 2 rh Sat Mar 14 02:12:23 CET 2026
#@# Parcellation Stats 3 rh Sat Mar 14 02:12:36 CET 2026
#@# BA_exvivo Labels rh Sat Mar 14 02:12:47 CET 2026
recon-all -s sub-v2s7x29794_ses-1 finished without error at Sat Mar 14 02:15:41 CET 2026
