status file for recon-all
Sat Mar 14 01:56:16 CET 2026
#@# Tessellate rh Sat Mar 14 01:56:16 CET 2026
#@# Smooth1 rh Sat Mar 14 01:56:20 CET 2026
#@# Inflation1 rh Sat Mar 14 01:56:23 CET 2026
#@# QSphere rh Sat Mar 14 01:56:37 CET 2026
#@# Fix Topology rh Sat Mar 14 01:57:51 CET 2026
#@# Smooth2 rh Sat Mar 14 02:17:54 CET 2026
#@# Inflation2 rh Sat Mar 14 02:17:57 CET 2026
#@# Curv .H and .K rh Sat Mar 14 02:18:11 CET 2026
#@# Sphere rh Sat Mar 14 02:19:09 CET 2026
#@# Surf Reg rh Sat Mar 14 02:23:20 CET 2026
#@# Jacobian white rh Sat Mar 14 02:28:43 CET 2026
#@# AvgCurv rh Sat Mar 14 02:28:44 CET 2026
#@# Cortical Parc rh Sat Mar 14 02:28:44 CET 2026
#@# white curv rh Sat Mar 14 02:35:23 CET 2026
#@# white area rh Sat Mar 14 02:35:25 CET 2026
#@# pial curv rh Sat Mar 14 02:35:26 CET 2026
#@# pial area rh Sat Mar 14 02:35:28 CET 2026
#@# thickness rh Sat Mar 14 02:35:29 CET 2026
#@# area and vertex vol rh Sat Mar 14 02:36:04 CET 2026
#@# Curvature Stats rh Sat Mar 14 02:36:06 CET 2026
#@# Cortical Parc 2 rh Sat Mar 14 02:36:09 CET 2026
#@# Cortical Parc 3 rh Sat Mar 14 02:36:25 CET 2026
#@# WM/GM Contrast rh Sat Mar 14 02:36:36 CET 2026
recon-all -s sub-v2s7x29796_ses-1 finished without error at Sat Mar 14 02:36:40 CET 2026



#New# invocation of recon-all 



status file for recon-all
Sat Mar 14 02:46:31 CET 2026
#@# white curv rh Sat Mar 14 02:46:31 CET 2026
#@# white area rh Sat Mar 14 02:46:31 CET 2026
#@# pial curv rh Sat Mar 14 02:46:31 CET 2026
#@# pial area rh Sat Mar 14 02:46:31 CET 2026
#@# thickness rh Sat Mar 14 02:46:31 CET 2026
#@# area and vertex vol rh Sat Mar 14 02:46:31 CET 2026
#@# Parcellation Stats rh Sat Mar 14 02:46:31 CET 2026
#@# Parcellation Stats 2 rh Sat Mar 14 02:46:56 CET 2026
#@# Parcellation Stats 3 rh Sat Mar 14 02:47:08 CET 2026
#@# BA_exvivo Labels rh Sat Mar 14 02:47:21 CET 2026
recon-all -s sub-v2s7x29796_ses-1 finished without error at Sat Mar 14 02:50:13 CET 2026
