status file for recon-all
Fri Mar 13 22:24:49 CET 2026
#@# MotionCor Fri Mar 13 22:24:51 CET 2026
#@# Talairach Fri Mar 13 22:24:57 CET 2026
#@# Talairach Failure Detection Fri Mar 13 22:27:46 CET 2026
#@# Nu Intensity Correction Fri Mar 13 22:27:46 CET 2026
#@# Intensity Normalization Fri Mar 13 22:30:32 CET 2026
recon-all -s sub-v2s7x29667_ses-1 finished without error at Fri Mar 13 22:31:46 CET 2026



#New# invocation of recon-all 



status file for recon-all
Fri Mar 13 22:43:59 CET 2026
#@# EM Registration Fri Mar 13 22:43:59 CET 2026
recon-all -s sub-v2s7x29667_ses-1 finished without error at Fri Mar 13 22:45:40 CET 2026



#New# invocation of recon-all 



status file for recon-all
Fri Mar 13 22:45:42 CET 2026
#@# CA Normalize Fri Mar 13 22:45:42 CET 2026
#@# CA Reg Fri Mar 13 22:46:34 CET 2026
#@# SubCort Seg Fri Mar 13 23:40:13 CET 2026
#@# CC Seg Sat Mar 14 00:03:06 CET 2026
#@# Merge ASeg Sat Mar 14 00:03:34 CET 2026
#@# Intensity Normalization2 Sat Mar 14 00:03:35 CET 2026
#@# Mask BFS Sat Mar 14 00:05:04 CET 2026
#@# WM Segmentation Sat Mar 14 00:05:04 CET 2026
#@# Fill Sat Mar 14 00:06:35 CET 2026
recon-all -s sub-v2s7x29667_ses-1 finished without error at Sat Mar 14 00:07:14 CET 2026



#New# invocation of recon-all 



status file for recon-all
Sat Mar 14 00:58:25 CET 2026
#@# white curv lh Sat Mar 14 00:58:25 CET 2026
#@# white area lh Sat Mar 14 00:58:25 CET 2026
#@# pial curv lh Sat Mar 14 00:58:25 CET 2026
#@# pial area lh Sat Mar 14 00:58:25 CET 2026
#@# thickness lh Sat Mar 14 00:58:25 CET 2026
#@# area and vertex vol lh Sat Mar 14 00:58:25 CET 2026
#@# white curv rh Sat Mar 14 00:58:25 CET 2026
#@# white area rh Sat Mar 14 00:58:25 CET 2026
#@# pial curv rh Sat Mar 14 00:58:25 CET 2026
#@# pial area rh Sat Mar 14 00:58:25 CET 2026
#@# thickness rh Sat Mar 14 00:58:25 CET 2026
#@# area and vertex vol rh Sat Mar 14 00:58:25 CET 2026
#@# Cortical ribbon mask Sat Mar 14 00:58:25 CET 2026
recon-all -s sub-v2s7x29667_ses-1 finished without error at Sat Mar 14 01:02:01 CET 2026



#New# invocation of recon-all 



status file for recon-all
Sat Mar 14 01:08:09 CET 2026
#@# white curv lh Sat Mar 14 01:08:09 CET 2026
#@# white area lh Sat Mar 14 01:08:09 CET 2026
#@# pial curv lh Sat Mar 14 01:08:09 CET 2026
#@# pial area lh Sat Mar 14 01:08:09 CET 2026
#@# thickness lh Sat Mar 14 01:08:09 CET 2026
#@# area and vertex vol lh Sat Mar 14 01:08:09 CET 2026
#@# white curv rh Sat Mar 14 01:08:09 CET 2026
#@# white area rh Sat Mar 14 01:08:09 CET 2026
#@# pial curv rh Sat Mar 14 01:08:09 CET 2026
#@# pial area rh Sat Mar 14 01:08:09 CET 2026
#@# thickness rh Sat Mar 14 01:08:09 CET 2026
#@# area and vertex vol rh Sat Mar 14 01:08:09 CET 2026
#@# Curvature Stats lh Sat Mar 14 01:08:09 CET 2026
#@# Curvature Stats rh Sat Mar 14 01:08:11 CET 2026
#@# Relabel Hypointensities Sat Mar 14 01:08:13 CET 2026
#@# APas-to-ASeg Sat Mar 14 01:08:24 CET 2026
#@# AParc-to-ASeg aparc Sat Mar 14 01:08:32 CET 2026
#@# AParc-to-ASeg aparc.a2009s Sat Mar 14 01:08:57 CET 2026
#@# AParc-to-ASeg aparc.DKTatlas Sat Mar 14 01:09:19 CET 2026
#@# WMParc Sat Mar 14 01:09:41 CET 2026
#@# ASeg Stats Sat Mar 14 01:12:03 CET 2026
recon-all -s sub-v2s7x29667_ses-1 finished without error at Sat Mar 14 01:12:21 CET 2026
