status file for recon-all
Sat Mar 14 00:31:33 CET 2026
#@# Tessellate rh Sat Mar 14 00:31:33 CET 2026
#@# Smooth1 rh Sat Mar 14 00:31:35 CET 2026
#@# Inflation1 rh Sat Mar 14 00:31:38 CET 2026
#@# QSphere rh Sat Mar 14 00:31:53 CET 2026
#@# Fix Topology rh Sat Mar 14 00:33:11 CET 2026
#@# Smooth2 rh Sat Mar 14 00:39:42 CET 2026
#@# Inflation2 rh Sat Mar 14 00:39:44 CET 2026
#@# Curv .H and .K rh Sat Mar 14 00:39:59 CET 2026
#@# Sphere rh Sat Mar 14 00:40:41 CET 2026
#@# Surf Reg rh Sat Mar 14 00:42:49 CET 2026
#@# Jacobian white rh Sat Mar 14 00:49:54 CET 2026
#@# AvgCurv rh Sat Mar 14 00:49:55 CET 2026
#@# Cortical Parc rh Sat Mar 14 00:49:56 CET 2026
#@# white curv rh Sat Mar 14 00:57:28 CET 2026
#@# white area rh Sat Mar 14 00:57:29 CET 2026
#@# pial curv rh Sat Mar 14 00:57:30 CET 2026
#@# pial area rh Sat Mar 14 00:57:32 CET 2026
#@# thickness rh Sat Mar 14 00:57:32 CET 2026
#@# area and vertex vol rh Sat Mar 14 00:57:55 CET 2026
#@# Curvature Stats rh Sat Mar 14 00:57:56 CET 2026
#@# Cortical Parc 2 rh Sat Mar 14 00:57:58 CET 2026
#@# Cortical Parc 3 rh Sat Mar 14 00:58:09 CET 2026
#@# WM/GM Contrast rh Sat Mar 14 00:58:18 CET 2026
recon-all -s sub-v2s7x29667_ses-1 finished without error at Sat Mar 14 00:58:21 CET 2026



#New# invocation of recon-all 



status file for recon-all
Sat Mar 14 01:05:07 CET 2026
#@# white curv rh Sat Mar 14 01:05:07 CET 2026
#@# white area rh Sat Mar 14 01:05:07 CET 2026
#@# pial curv rh Sat Mar 14 01:05:07 CET 2026
#@# pial area rh Sat Mar 14 01:05:07 CET 2026
#@# thickness rh Sat Mar 14 01:05:07 CET 2026
#@# area and vertex vol rh Sat Mar 14 01:05:07 CET 2026
#@# Parcellation Stats rh Sat Mar 14 01:05:07 CET 2026
#@# Parcellation Stats 2 rh Sat Mar 14 01:05:25 CET 2026
#@# Parcellation Stats 3 rh Sat Mar 14 01:05:35 CET 2026
#@# BA_exvivo Labels rh Sat Mar 14 01:05:44 CET 2026
recon-all -s sub-v2s7x29667_ses-1 finished without error at Sat Mar 14 01:08:05 CET 2026
