status file for recon-all
Sat Mar 14 00:07:20 CET 2026
#@# Tessellate lh Sat Mar 14 00:07:20 CET 2026
#@# Smooth1 lh Sat Mar 14 00:07:23 CET 2026
#@# Inflation1 lh Sat Mar 14 00:07:25 CET 2026
#@# QSphere lh Sat Mar 14 00:07:41 CET 2026
#@# Fix Topology lh Sat Mar 14 00:08:56 CET 2026
#@# Smooth2 lh Sat Mar 14 00:14:57 CET 2026
#@# Inflation2 lh Sat Mar 14 00:15:00 CET 2026
#@# Curv .H and .K lh Sat Mar 14 00:15:16 CET 2026
#@# Sphere lh Sat Mar 14 00:16:00 CET 2026
#@# Surf Reg lh Sat Mar 14 00:18:40 CET 2026
#@# Jacobian white lh Sat Mar 14 00:23:06 CET 2026
#@# AvgCurv lh Sat Mar 14 00:23:07 CET 2026
#@# Cortical Parc lh Sat Mar 14 00:23:08 CET 2026
#@# white curv lh Sat Mar 14 00:30:37 CET 2026
#@# white area lh Sat Mar 14 00:30:38 CET 2026
#@# pial curv lh Sat Mar 14 00:30:39 CET 2026
#@# pial area lh Sat Mar 14 00:30:41 CET 2026
#@# thickness lh Sat Mar 14 00:30:41 CET 2026
#@# area and vertex vol lh Sat Mar 14 00:31:04 CET 2026
#@# Curvature Stats lh Sat Mar 14 00:31:05 CET 2026
#@# Cortical Parc 2 lh Sat Mar 14 00:31:07 CET 2026
#@# Cortical Parc 3 lh Sat Mar 14 00:31:19 CET 2026
#@# WM/GM Contrast lh Sat Mar 14 00:31:27 CET 2026
recon-all -s sub-v2s7x29667_ses-1 finished without error at Sat Mar 14 00:31:30 CET 2026



#New# invocation of recon-all 



status file for recon-all
Sat Mar 14 01:02:05 CET 2026
#@# white curv lh Sat Mar 14 01:02:05 CET 2026
#@# white area lh Sat Mar 14 01:02:05 CET 2026
#@# pial curv lh Sat Mar 14 01:02:05 CET 2026
#@# pial area lh Sat Mar 14 01:02:05 CET 2026
#@# thickness lh Sat Mar 14 01:02:05 CET 2026
#@# area and vertex vol lh Sat Mar 14 01:02:05 CET 2026
#@# Parcellation Stats lh Sat Mar 14 01:02:05 CET 2026
#@# Parcellation Stats 2 lh Sat Mar 14 01:02:24 CET 2026
#@# Parcellation Stats 3 lh Sat Mar 14 01:02:33 CET 2026
#@# BA_exvivo Labels lh Sat Mar 14 01:02:42 CET 2026
recon-all -s sub-v2s7x29667_ses-1 finished without error at Sat Mar 14 01:05:05 CET 2026
