/out/sourcedata/freesurfer/sub-v2s7x29799_ses-1/mri
/opt/freesurfer/bin/talairach_avi
--i orig_nu.mgz --xfm transforms/talairach.auto.xfm
talairach_avi 7.3.2
Linux dna060 5.14.0-427.37.1.el9_4.x86_64 #1 SMP PREEMPT_DYNAMIC Fri Sep 13 12:41:50 EDT 2024 x86_64 x86_64 x86_64 GNU/Linux
Fri Mar 13 23:31:41 CET 2026
mri_convert orig_nu.mgz talsrcimg.img 
reading from orig_nu.mgz...
TR=0.00, TE=0.00, TI=0.00, flip angle=0.00
i_ras = (-1, 0, 0)
j_ras = (0, 0, -1)
k_ras = (0, 1, 0)
writing to talsrcimg.img...
Analyze Output Matrix
-1.00000   0.00000   0.00000   142.59689;
 0.00000   0.00000   1.00000  -121.81404;
 0.00000  -1.00000   0.00000   152.94669;
 0.00000   0.00000   0.00000   1.00000;
--------------------
INFO: set hdr.hist.orient to -1
mpr2mni305 talsrcimg
Fri Mar 13 23:31:42 CET 2026
/opt/freesurfer/bin/mpr2mni305 talsrcimg
mpr2mni305 7.3.2
target=711-2C_as_mni_average_305

---------------------------------------------------------------------
analyzeto4dfp talsrcimg -O0 -y
---------------------------------------------------------------------

freesurfer ifh2hdr.c
Fri Mar 13 23:31:42 2026
Writing: talsrcimg.4dfp.hdr
freesurfer analyzeto4dfp.c
Reading: talsrcimg.hdr
header size 348 bytes
hdr.dime.datatype	offset=70	value=2
hdr.dime.bitpix		offset=72	value=8
hdr.hist.orient		offset=252	value=-1
dimensionality     4
dimensions       256       256       256         1
Reading: talsrcimg.img
Writing: talsrcimg.4dfp.img
Writing: talsrcimg.4dfp.ifh
ifh2hdr talsrcimg -r0to246
ori=2

---------------------------------------------------------------------
gauss_4dfp talsrcimg 1.1
---------------------------------------------------------------------

freesurfer gauss_4dfp.c
Reading: talsrcimg.4dfp.img
Writing: talsrcimg_g11.4dfp.img
image dimensions 256 256 256 padded to 288 288 288
processing volume 1freesurfer ifh2hdr.c
Fri Mar 13 23:31:44 2026
Writing: talsrcimg_g11.4dfp.hdr

Writing: talsrcimg_g11.4dfp.ifh
including: talsrcimg.4dfp.img.rec in talsrcimg_g11.4dfp.img.rec

---------------------------------------------------------------------
imgreg_4dfp /opt/freesurfer/average/711-2C_as_mni_average_305 none talsrcimg_g11 none talsrcimg_to_711-2C_as_mni_average_305_t4 4355
---------------------------------------------------------------------

freesurfer imgreg_4dfp.c
/opt/freesurfer/average/711-2C_as_mni_average_305.4dfp.img
       256       256       256         1
  1.000000  1.000000  1.000000
orientation T byte_order littleendian
Reading image: /opt/freesurfer/average/711-2C_as_mni_average_305.4dfp.img
dimensions:      256       256       256
mmppix:       1.0000   -1.0000   -1.0000
center:     128.0000 -129.0000 -129.0000
talsrcimg_g11.4dfp.img
       256       256       256         1
  1.000000  1.000000  1.000000
orientation T byte_order littleendian
Reading image: talsrcimg_g11.4dfp.img
dimensions:      256       256       256
mmppix:       1.0000   -1.0000   -1.0000
center:     128.0000 -129.0000 -129.0000
t4_read: open error in t4_sub.f l:  41 t4_file(1:l)talsrcimg_to_711-2C_as_mni_average_305_t4 
t4_read: transform initialized to I4
rotation matrix determinant  1.000000
image alignment mode   4355 decimal     1103 hex
   -7.5000  -45.0000  -45.0000 8158.9038   12.6870
    0.0000  -45.0000  -45.0000 8572.9385   12.7200
    7.5000  -45.0000  -45.0000 8361.1523   12.7450
   -7.5000  -37.5000  -45.0000 8504.3223   12.6764
    0.0000  -37.5000  -45.0000 8946.1113   12.7083
    7.5000  -37.5000  -45.0000 8734.6855   12.7311
   -7.5000  -30.0000  -45.0000 9178.2891   12.6818
    0.0000  -30.0000  -45.0000 9665.7090   12.6995
    7.5000  -30.0000  -45.0000 9438.4482   12.7114
   -7.5000  -22.5000  -45.0000 9788.4004   12.7002
    0.0000  -22.5000  -45.000010352.9141   12.7036
    7.5000  -22.5000  -45.000010085.4307   12.7062
   -7.5000  -15.0000  -45.000010228.4902   12.7137
    0.0000  -15.0000  -45.000010797.9434   12.7165
    7.5000  -15.0000  -45.000010555.3789   12.7196
   -7.5000   -7.5000  -45.000010588.1035   12.7059
    0.0000   -7.5000  -45.000011197.3359   12.7241
    7.5000   -7.5000  -45.000010901.1377   12.7387
   -7.5000    0.0000  -45.000010802.6299   12.6870
    0.0000    0.0000  -45.000011401.0693   12.7200
    7.5000    0.0000  -45.000011107.9365   12.7450
   -7.5000    7.5000  -45.000010098.2969   12.6764
    0.0000    7.5000  -45.000010657.8301   12.7083
    7.5000    7.5000  -45.000010358.1113   12.7311
   -7.5000   15.0000  -45.0000 9300.8828   12.6818
    0.0000   15.0000  -45.0000 9841.4473   12.6995
    7.5000   15.0000  -45.0000 9543.2490   12.7114
   -7.5000   22.5000  -45.0000 8529.3721   12.6985
    0.0000   22.5000  -45.0000 9018.6816   12.7018
    7.5000   22.5000  -45.0000 8764.5908   12.7045
   -7.5000   30.0000  -45.0000 7806.4019   12.5453
    0.0000   30.0000  -45.0000 8290.2051   12.5481
    7.5000   30.0000  -45.0000 8062.9746   12.5511
   -7.5000   37.5000  -45.0000 7420.3403   12.6422
    0.0000   37.5000  -45.0000 7906.2627   12.6605
    7.5000   37.5000  -45.0000 7687.6479   12.6753
   -7.5000   45.0000  -45.0000 6782.3281   12.5369
    0.0000   45.0000  -45.0000 7214.4028   12.5702
    7.5000   45.0000  -45.0000 6991.8223   12.5963
   -7.5000  -45.0000  -37.5000 8660.8701   12.5472
    0.0000  -45.0000  -37.5000 9107.8066   12.5771
    7.5000  -45.0000  -37.5000 8892.6230   12.6000
   -7.5000  -37.5000  -37.5000 8996.9512   12.5324
    0.0000  -37.5000  -37.5000 9477.9600   12.5612
    7.5000  -37.5000  -37.5000 9262.0508   12.5792
   -7.5000  -30.0000  -37.5000 9668.8818   12.5278
    0.0000  -30.0000  -37.500010218.6895   12.5446
    7.5000  -30.0000  -37.5000 9981.1211   12.5512
   -7.5000  -22.5000  -37.500010332.6934   12.5406
    0.0000  -22.5000  -37.500010924.9160   12.5453
    7.5000  -22.5000  -37.500010674.8750   12.5449
   -7.5000  -15.0000  -37.500010816.0977   12.5580
    0.0000  -15.0000  -37.500011413.2305   12.5622
    7.5000  -15.0000  -37.500011190.1484   12.5648
   -7.5000   -7.5000  -37.500011177.1270   12.5599
    0.0000   -7.5000  -37.500011802.0225   12.5773
    7.5000   -7.5000  -37.500011541.8975   12.5918
   -7.5000    0.0000  -37.500011403.3965   12.5472
    0.0000    0.0000  -37.500012036.1152   12.5771
    7.5000    0.0000  -37.500011774.2441   12.5999
   -7.5000    7.5000  -37.500010698.2754   12.5324
    0.0000    7.5000  -37.500011286.6279   12.5612
    7.5000    7.5000  -37.500011030.3926   12.5792
   -7.5000   15.0000  -37.5000 9858.3389   12.5278
    0.0000   15.0000  -37.500010412.3799   12.5446
    7.5000   15.0000  -37.500010153.2666   12.5512
   -7.5000   22.5000  -37.5000 9036.3135   12.5389
    0.0000   22.5000  -37.5000 9522.7969   12.5436
    7.5000   22.5000  -37.5000 9296.9121   12.5431
   -7.5000   30.0000  -37.5000 8263.6729   12.3916
    0.0000   30.0000  -37.5000 8748.3486   12.3958
    7.5000   30.0000  -37.5000 8525.5527   12.3983
   -7.5000   37.5000  -37.5000 7837.9072   12.4950
    0.0000   37.5000  -37.5000 8319.7979   12.5122
    7.5000   37.5000  -37.5000 8085.4399   12.5266
   -7.5000   45.0000  -37.5000 7139.9155   12.3968
    0.0000   45.0000  -37.5000 7553.6143   12.4267
    7.5000   45.0000  -37.5000 7316.0068   12.4501
   -7.5000  -45.0000  -30.0000 9374.1953   13.0027
    0.0000  -45.0000  -30.0000 9875.8428   13.0281
    7.5000  -45.0000  -30.0000 9641.0098   13.0473
   -7.5000  -37.5000  -30.0000 9719.6689   12.9917
    0.0000  -37.5000  -30.000010262.1348   13.0172
    7.5000  -37.5000  -30.000010039.4395   13.0310
   -7.5000  -30.0000  -30.000010426.9209   12.9853
    0.0000  -30.0000  -30.000011021.5957   13.0016
    7.5000  -30.0000  -30.000010770.9102   13.0034
   -7.5000  -22.5000  -30.000011135.5615   12.9925
    0.0000  -22.5000  -30.000011783.0410   12.9982
    7.5000  -22.5000  -30.000011531.0371   12.9926
   -7.5000  -15.0000  -30.000011651.3105   13.0059
    0.0000  -15.0000  -30.000012325.0137   13.0100
    7.5000  -15.0000  -30.000012081.7422   13.0077
   -7.5000   -7.5000  -30.000011990.3398   13.0096
    0.0000   -7.5000  -30.000012684.5703   13.0243
    7.5000   -7.5000  -30.000012411.0527   13.0347
   -7.5000    0.0000  -30.000012242.5264   13.0027
    0.0000    0.0000  -30.000012940.1816   13.0281
    7.5000    0.0000  -30.000012698.1396   13.0472
   -7.5000    7.5000  -30.000011514.1348   12.9917
    0.0000    7.5000  -30.000012174.4180   13.0172
    7.5000    7.5000  -30.000011954.4648   13.0310
   -7.5000   15.0000  -30.000010623.5088   12.9853
    0.0000   15.0000  -30.000011214.2510   13.0016
    7.5000   15.0000  -30.000010992.7373   13.0034
   -7.5000   22.5000  -30.0000 9718.5352   12.9894
    0.0000   22.5000  -30.000010253.0059   12.9950
    7.5000   22.5000  -30.000010036.7910   12.9895
   -7.5000   30.0000  -30.0000 8888.8359   12.8347
    0.0000   30.0000  -30.0000 9386.8662   12.8387
    7.5000   30.0000  -30.0000 9178.9951   12.8365
   -7.5000   37.5000  -30.0000 8420.3115   12.9410
    0.0000   37.5000  -30.0000 8910.4600   12.9555
    7.5000   37.5000  -30.0000 8673.4746   12.9660
   -7.5000   45.0000  -30.0000 7655.2939   12.8535
    0.0000   45.0000  -30.0000 8081.7773   12.8787
    7.5000   45.0000  -30.0000 7848.4009   12.8980
   -7.5000  -45.0000  -22.500010123.8496   13.4112
    0.0000  -45.0000  -22.500010696.3389   13.4354
    7.5000  -45.0000  -22.500010437.8164   13.4535
   -7.5000  -37.5000  -22.500010510.4814   13.4053
    0.0000  -37.5000  -22.500011091.9678   13.4303
    7.5000  -37.5000  -22.500010844.9629   13.4447
   -7.5000  -30.0000  -22.500011252.8389   13.4023
    0.0000  -30.0000  -22.500011903.7051   13.4185
    7.5000  -30.0000  -22.500011608.3975   13.4209
   -7.5000  -22.5000  -22.500011998.5762   13.4079
    0.0000  -22.5000  -22.500012683.4082   13.4126
    7.5000  -22.5000  -22.500012416.1357   13.4059
   -7.5000  -15.0000  -22.500012512.3086   13.4159
    0.0000  -15.0000  -22.500013258.3457   13.4183
    7.5000  -15.0000  -22.500012967.1035   13.4132
   -7.5000   -7.5000  -22.500012867.8965   13.4161
    0.0000   -7.5000  -22.500013625.0918   13.4292
    7.5000   -7.5000  -22.500013327.4814   13.4368
   -7.5000    0.0000  -22.500013174.4102   13.4112
    0.0000    0.0000  -22.500013937.4756   13.4354
    7.5000    0.0000  -22.500013659.1885   13.4535
   -7.5000    7.5000  -22.500012414.8564   13.4053
    0.0000    7.5000  -22.500013154.6553   13.4303
    7.5000    7.5000  -22.500012885.4385   13.4447
   -7.5000   15.0000  -22.500011453.2354   13.4023
    0.0000   15.0000  -22.500012099.5234   13.4185
    7.5000   15.0000  -22.500011879.5635   13.4209
   -7.5000   22.5000  -22.500010448.3701   13.4037
    0.0000   22.5000  -22.500011017.5791   13.4085
    7.5000   22.5000  -22.500010787.2012   13.4018
   -7.5000   30.0000  -22.5000 9549.0752   13.2412
    0.0000   30.0000  -22.500010060.4092   13.2435
    7.5000   30.0000  -22.5000 9853.0244   13.2385
   -7.5000   37.5000  -22.5000 9061.3633   13.3459
    0.0000   37.5000  -22.5000 9543.8125   13.3591
    7.5000   37.5000  -22.5000 9317.7148   13.3674
   -7.5000   45.0000  -22.5000 8198.8193   13.2640
    0.0000   45.0000  -22.5000 8634.4961   13.2882
    7.5000   45.0000  -22.5000 8415.8457   13.3065
   -7.5000  -45.0000  -15.000010875.3516   13.7308
    0.0000  -45.0000  -15.000011519.7939   13.7582
    7.5000  -45.0000  -15.000011210.9727   13.7789
   -7.5000  -37.5000  -15.000011315.7002   13.7290
    0.0000  -37.5000  -15.000011960.9648   13.7570
    7.5000  -37.5000  -15.000011676.1924   13.7758
   -7.5000  -30.0000  -15.000012128.8633   13.7325
    0.0000  -30.0000  -15.000012826.3564   13.7493
    7.5000  -30.0000  -15.000012490.9209   13.7560
   -7.5000  -22.5000  -15.000012927.6973   13.7404
    0.0000  -22.5000  -15.000013660.6670   13.7433
    7.5000  -22.5000  -15.000013360.8281   13.7391
   -7.5000  -15.0000  -15.000013493.3008   13.7443
    0.0000  -15.0000  -15.000014276.0527   13.7450
    7.5000  -15.0000  -15.000013955.9883   13.7407
   -7.5000   -7.5000  -15.000013869.5303   13.7381
    0.0000   -7.5000  -15.000014684.8486   13.7521
    7.5000   -7.5000  -15.000014362.3252   13.7607
   -7.5000    0.0000  -15.000014174.9141   13.7307
    0.0000    0.0000  -15.000015001.5771   13.7582
    7.5000    0.0000  -15.000014689.5459   13.7788
   -7.5000    7.5000  -15.000013387.0488   13.7290
    0.0000    7.5000  -15.000014188.7471   13.7570
    7.5000    7.5000  -15.000013872.0723   13.7758
   -7.5000   15.0000  -15.000012373.3164   13.7325
    0.0000   15.0000  -15.000013070.3936   13.7493
    7.5000   15.0000  -15.000012809.5850   13.7560
   -7.5000   22.5000  -15.000011261.7139   13.7355
    0.0000   22.5000  -15.000011867.7920   13.7385
    7.5000   22.5000  -15.000011595.2822   13.7342
   -7.5000   30.0000  -15.000010273.7207   13.5672
    0.0000   30.0000  -15.000010793.7803   13.5678
    7.5000   30.0000  -15.000010552.5049   13.5636
   -7.5000   37.5000  -15.0000 9728.2168   13.6684
    0.0000   37.5000  -15.000010227.8984   13.6828
    7.5000   37.5000  -15.0000 9984.3203   13.6923
   -7.5000   45.0000  -15.0000 8766.3896   13.5858
    0.0000   45.0000  -15.0000 9237.1660   13.6135
    7.5000   45.0000  -15.0000 9008.5010   13.6348
   -7.5000  -45.0000   -7.500011714.4014   13.8747
    0.0000  -45.0000   -7.500012409.8604   13.9076
    7.5000  -45.0000   -7.500012092.2832   13.9325
   -7.5000  -37.5000   -7.500012216.8516   13.8706
    0.0000  -37.5000   -7.500012919.9814   13.9030
    7.5000  -37.5000   -7.500012596.2139   13.9263
   -7.5000  -30.0000   -7.500013075.5117   13.8777
    0.0000  -30.0000   -7.500013838.3369   13.8955
    7.5000  -30.0000   -7.500013463.6963   13.9068
   -7.5000  -22.5000   -7.500013950.6289   13.8911
    0.0000  -22.5000   -7.500014755.7568   13.8935
    7.5000  -22.5000   -7.500014407.7686   13.8938
   -7.5000  -15.0000   -7.500014598.5928   13.8979
    0.0000  -15.0000   -7.500015453.6162   13.8990
    7.5000  -15.0000   -7.500015093.8105   13.8991
   -7.5000   -7.5000   -7.500014993.4531   13.8884
    0.0000   -7.5000   -7.500015884.4160   13.9056
    7.5000   -7.5000   -7.500015529.1982   13.9183
   -7.5000    0.0000   -7.500015269.8496   13.8747
    0.0000    0.0000   -7.500016175.2676   13.9076
    7.5000    0.0000   -7.500015818.8008   13.9325
   -7.5000    7.5000   -7.500014443.5820   13.8706
    0.0000    7.5000   -7.500015272.5459   13.9030
    7.5000    7.5000   -7.500014933.3066   13.9263
   -7.5000   15.0000   -7.500013349.7393   13.8777
    0.0000   15.0000   -7.500014089.6680   13.8955
    7.5000   15.0000   -7.500013774.5039   13.9068
   -7.5000   22.5000   -7.500012122.4600   13.8847
    0.0000   22.5000   -7.500012771.5859   13.8871
    7.5000   22.5000   -7.500012492.4014   13.8874
   -7.5000   30.0000   -7.500011080.1006   13.7186
    0.0000   30.0000   -7.500011644.4209   13.7196
    7.5000   30.0000   -7.500011393.0635   13.7197
   -7.5000   37.5000   -7.500010446.6963   13.8195
    0.0000   37.5000   -7.500011003.8535   13.8371
    7.5000   37.5000   -7.500010743.4775   13.8504
   -7.5000   45.0000   -7.5000 9376.2822   13.7306
    0.0000   45.0000   -7.5000 9892.1377   13.7640
    7.5000   45.0000   -7.5000 9637.5938   13.7900
   -7.5000  -45.0000    0.000012467.7803   13.8869
    0.0000  -45.0000    0.000013249.9912   13.9226
    7.5000  -45.0000    0.000012895.7305   13.9495
   -7.5000  -37.5000    0.000013049.1885   13.8766
    0.0000  -37.5000    0.000013867.2422   13.9108
    7.5000  -37.5000    0.000013493.4736   13.9347
   -7.5000  -30.0000    0.000013974.1201   13.8809
    0.0000  -30.0000    0.000014857.1875   13.8995
    7.5000  -30.0000    0.000014456.8223   13.9114
   -7.5000  -22.5000    0.000014921.4453   13.8981
    0.0000  -22.5000    0.000015827.3447   13.9014
    7.5000  -22.5000    0.000015441.7363   13.9038
   -7.5000  -15.0000    0.000015608.1348   13.9115
    0.0000  -15.0000    0.000016573.4492   13.9145
    7.5000  -15.0000    0.000016169.1270   13.9180
   -7.5000   -7.5000    0.000016032.1035   13.9046
    0.0000   -7.5000    0.000017060.7148   13.9243
    7.5000   -7.5000    0.000016678.6035   13.9404
   -7.5000    0.0000    0.000016300.1387   13.8868
    0.0000    0.0000    0.000017323.3320   13.9225
    7.5000    0.0000    0.000016963.6621   13.9495
   -7.5000    7.5000    0.000015384.7080   13.8766
    0.0000    7.5000    0.000016324.9707   13.9108
    7.5000    7.5000    0.000015977.5352   13.9347
   -7.5000   15.0000    0.000014248.9814   13.8809
    0.0000   15.0000    0.000015088.4033   13.8995
    7.5000   15.0000    0.000014765.3262   13.9114
   -7.5000   22.5000    0.000012962.8701   13.8917
    0.0000   22.5000    0.000013702.4629   13.8950
    7.5000   22.5000    0.000013429.3691   13.8974
   -7.5000   30.0000    0.000011837.5576   13.7325
    0.0000   30.0000    0.000012518.0811   13.7354
    7.5000   30.0000    0.000012256.6973   13.7390
   -7.5000   37.5000    0.000011165.4951   13.8378
    0.0000   37.5000    0.000011805.5361   13.8576
    7.5000   37.5000    0.000011540.4951   13.8739
   -7.5000   45.0000    0.0000 9988.0654   13.7466
    0.0000   45.0000    0.000010564.4404   13.7827
    7.5000   45.0000    0.000010323.9912   13.8107
   -7.5000  -45.0000    7.500012246.0215   13.8892
    0.0000  -45.0000    7.500013044.0596   13.9218
    7.5000  -45.0000    7.500012706.6748   13.9464
   -7.5000  -37.5000    7.500012846.2910   13.8754
    0.0000  -37.5000    7.500013750.4932   13.9070
    7.5000  -37.5000    7.500013377.9902   13.9266
   -7.5000  -30.0000    7.500013819.3135   13.8729
    0.0000  -30.0000    7.500014847.5742   13.8914
    7.5000  -30.0000    7.500014465.3789   13.8987
   -7.5000  -22.5000    7.500014774.7080   13.8870
    0.0000  -22.5000    7.500015850.4131   13.8924
    7.5000  -22.5000    7.500015462.2041   13.8916
   -7.5000  -15.0000    7.500015453.4980   13.9039
    0.0000  -15.0000    7.500016588.3379   13.9085
    7.5000  -15.0000    7.500016163.1953   13.9108
   -7.5000   -7.5000    7.500015878.7568   13.9035
    0.0000   -7.5000    7.500017076.1309   13.9224
    7.5000   -7.5000    7.500016675.6426   13.9376
   -7.5000    0.0000    7.500016098.8535   13.8892
    0.0000    0.0000    7.500017358.2324   13.9218
    7.5000    0.0000    7.500016988.7930   13.9464
   -7.5000    7.5000    7.500015172.2822   13.8754
    0.0000    7.5000    7.500016314.6133   13.9070
    7.5000    7.5000    7.500015961.0625   13.9266
   -7.5000   15.0000    7.500014054.1924   13.8729
    0.0000   15.0000    7.500015043.3916   13.8914
    7.5000   15.0000    7.500014732.5186   13.8987
   -7.5000   22.5000    7.500012819.7881   13.8806
    0.0000   22.5000    7.500013666.6611   13.8860
    7.5000   22.5000    7.500013398.7168   13.8852
   -7.5000   30.0000    7.500011703.9131   13.7250
    0.0000   30.0000    7.500012503.0967   13.7296
    7.5000   30.0000    7.500012247.9453   13.7318
   -7.5000   37.5000    7.500011040.9404   13.8358
    0.0000   37.5000    7.500011781.5000   13.8545
    7.5000   37.5000    7.500011530.6182   13.8697
   -7.5000   45.0000    7.5000 9889.8506   13.7509
    0.0000   45.0000    7.500010491.6514   13.7836
    7.5000   45.0000    7.500010271.7178   13.8089
   -7.5000  -45.0000   15.000011854.1426   13.9058
    0.0000  -45.0000   15.000012712.0215   13.9331
    7.5000  -45.0000   15.000012394.1357   13.9535
   -7.5000  -37.5000   15.000012463.8496   13.8939
    0.0000  -37.5000   15.000013482.2314   13.9213
    7.5000  -37.5000   15.000013199.3994   13.9362
   -7.5000  -30.0000   15.000013420.1270   13.8875
    0.0000  -30.0000   15.000014741.6660   13.9051
    7.5000  -30.0000   15.000014502.9629   13.9075
   -7.5000  -22.5000   15.000014438.0430   13.8959
    0.0000  -22.5000   15.000015902.4395   13.9021
    7.5000  -22.5000   15.000015703.6895   13.8966
   -7.5000  -15.0000   15.000015104.5264   13.9104
    0.0000  -15.0000   15.000016635.2402   13.9149
    7.5000  -15.0000   15.000016311.1201   13.9128
   -7.5000   -7.5000   15.000015524.1543   13.9138
    0.0000   -7.5000   15.000017007.2324   13.9296
    7.5000   -7.5000   15.000016640.5469   13.9408
   -7.5000    0.0000   15.000015651.5322   13.9058
    0.0000    0.0000   15.000017104.9727   13.9331
    7.5000    0.0000   15.000016707.2930   13.9534
   -7.5000    7.5000   15.000014724.2783   13.8939
    0.0000    7.5000   15.000015992.1738   13.9213
    7.5000    7.5000   15.000015602.3525   13.9362
   -7.5000   15.0000   15.000013660.1650   13.8875
    0.0000   15.0000   15.000014712.7920   13.9051
    7.5000   15.0000   15.000014382.3174   13.9075
   -7.5000   22.5000   15.000012484.0322   13.8895
    0.0000   22.5000   15.000013370.3418   13.8956
    7.5000   22.5000   15.000013105.8857   13.8902
   -7.5000   30.0000   15.000011386.5801   13.7312
    0.0000   30.0000   15.000012202.0410   13.7357
    7.5000   30.0000   15.000011935.3145   13.7336
   -7.5000   37.5000   15.000010767.1660   13.8440
    0.0000   37.5000   15.000011500.8252   13.8596
    7.5000   37.5000   15.000011259.0537   13.8709
   -7.5000   45.0000   15.0000 9640.9756   13.7669
    0.0000   45.0000   15.000010239.3643   13.7941
    7.5000   45.0000   15.000010044.9551   13.8147
   -7.5000  -45.0000   22.500011330.8701   13.9200
    0.0000  -45.0000   22.500012214.8193   13.9451
    7.5000  -45.0000   22.500011993.9150   13.9639
   -7.5000  -37.5000   22.500011888.5723   13.9139
    0.0000  -37.5000   22.500012931.9844   13.9398
    7.5000  -37.5000   22.500012725.5029   13.9547
   -7.5000  -30.0000   22.500012825.2480   13.9108
    0.0000  -30.0000   22.500014154.4893   13.9276
    7.5000  -30.0000   22.500014035.8877   13.9301
   -7.5000  -22.5000   22.500013824.8887   13.9166
    0.0000  -22.5000   22.500015486.0098   13.9215
    7.5000  -22.5000   22.500015375.0547   13.9146
   -7.5000  -15.0000   22.500014613.7676   13.9250
    0.0000  -15.0000   22.500016281.3887   13.9274
    7.5000  -15.0000   22.500016012.8135   13.9222
   -7.5000   -7.5000   22.500014999.8672   13.9251
    0.0000   -7.5000   22.500016464.3711   13.9387
    7.5000   -7.5000   22.500016115.8818   13.9467
   -7.5000    0.0000   22.500015077.5430   13.9200
    0.0000    0.0000   22.500016403.9473   13.9451
    7.5000    0.0000   22.500016023.6523   13.9639
   -7.5000    7.5000   22.500014129.4033   13.9139
    0.0000    7.5000   22.500015261.4844   13.9398
    7.5000    7.5000   22.500014907.6270   13.9547
   -7.5000   15.0000   22.500013115.3213   13.9108
    0.0000   15.0000   22.500014070.0898   13.9276
    7.5000   15.0000   22.500013732.5273   13.9301
   -7.5000   22.5000   22.500012016.3105   13.9102
    0.0000   22.5000   22.500012857.6152   13.9151
    7.5000   22.5000   22.500012560.7383   13.9082
   -7.5000   30.0000   22.500010973.1123   13.7455
    0.0000   30.0000   22.500011752.1797   13.7480
    7.5000   30.0000   22.500011472.9131   13.7428
   -7.5000   37.5000   22.500010393.9082   13.8542
    0.0000   37.5000   22.500011084.4736   13.8679
    7.5000   37.5000   22.500010817.2129   13.8765
   -7.5000   45.0000   22.5000 9292.0537   13.7791
    0.0000   45.0000   22.5000 9896.2188   13.8043
    7.5000   45.0000   22.5000 9667.3008   13.8232
   -7.5000  -45.0000   30.000010719.3115   13.9199
    0.0000  -45.0000   30.000011534.8779   13.9477
    7.5000  -45.0000   30.000011287.0596   13.9686
   -7.5000  -37.5000   30.000011242.9102   13.9181
    0.0000  -37.5000   30.000012169.0244   13.9465
    7.5000  -37.5000   30.000011938.6270   13.9655
   -7.5000  -30.0000   30.000012145.6719   13.9217
    0.0000  -30.0000   30.000013265.5361   13.9386
    7.5000  -30.0000   30.000013064.7236   13.9455
   -7.5000  -22.5000   30.000013087.4004   13.9297
    0.0000  -22.5000   30.000014361.4277   13.9326
    7.5000  -22.5000   30.000014139.2881   13.9284
   -7.5000  -15.0000   30.000013815.6045   13.9337
    0.0000  -15.0000   30.000015031.5234   13.9343
    7.5000  -15.0000   30.000014666.8408   13.9300
   -7.5000   -7.5000   30.000014234.7139   13.9274
    0.0000   -7.5000   30.000015351.0840   13.9415
    7.5000   -7.5000   30.000014975.4043   13.9502
   -7.5000    0.0000   30.000014338.1396   13.9199
    0.0000    0.0000   30.000015493.9990   13.9477
    7.5000    0.0000   30.000015100.3486   13.9686
   -7.5000    7.5000   30.000013400.8428   13.9181
    0.0000    7.5000   30.000014437.6113   13.9465
    7.5000    7.5000   30.000014059.5156   13.9655
   -7.5000   15.0000   30.000012445.0596   13.9217
    0.0000   15.0000   30.000013337.7236   13.9386
    7.5000   15.0000   30.000012981.1543   13.9455
   -7.5000   22.5000   30.000011405.3828   13.9232
    0.0000   22.5000   30.000012200.8740   13.9262
    7.5000   22.5000   30.000011873.7588   13.9219
   -7.5000   30.0000   30.000010395.4629   13.7541
    0.0000   30.0000   30.000011130.6631   13.7547
    7.5000   30.0000   30.000010848.3750   13.7505
   -7.5000   37.5000   30.0000 9834.7930   13.8567
    0.0000   37.5000   30.000010467.9180   13.8713
    7.5000   37.5000   30.000010220.3838   13.8809
   -7.5000   45.0000   30.0000 8810.4980   13.7766
    0.0000   45.0000   30.0000 9371.6406   13.8047
    7.5000   45.0000   30.0000 9120.2646   13.8263
   -7.5000  -45.0000   37.500010406.3564   13.9518
    0.0000  -45.0000   37.500011109.6299   13.9851
    7.5000  -45.0000   37.500010861.4609   14.0103
   -7.5000  -37.5000   37.500010917.8281   13.9476
    0.0000  -37.5000   37.500011719.8027   13.9804
    7.5000  -37.5000   37.500011456.9102   14.0039
   -7.5000  -30.0000   37.500011825.8574   13.9546
    0.0000  -30.0000   37.500012774.9453   13.9727
    7.5000  -30.0000   37.500012508.8438   13.9842
   -7.5000  -22.5000   37.500012731.8213   13.9682
    0.0000  -22.5000   37.500013721.0762   13.9706
    7.5000  -22.5000   37.500013397.2598   13.9710
   -7.5000  -15.0000   37.500013435.7637   13.9751
    0.0000  -15.0000   37.500014343.3359   13.9762
    7.5000  -15.0000   37.500013909.2266   13.9763
   -7.5000   -7.5000   37.500013837.6064   13.9656
    0.0000   -7.5000   37.500014728.2871   13.9830
    7.5000   -7.5000   37.500014313.1748   13.9959
   -7.5000    0.0000   37.500014053.8760   13.9517
    0.0000    0.0000   37.500015029.9619   13.9851
    7.5000    0.0000   37.500014618.0889   14.0103
   -7.5000    7.5000   37.500013170.2061   13.9476
    0.0000    7.5000   37.500014077.2559   13.9804
    7.5000    7.5000   37.500013680.4834   14.0039
   -7.5000   15.0000   37.500012207.8975   13.9546
    0.0000   15.0000   37.500013040.6572   13.9727
    7.5000   15.0000   37.500012663.1709   13.9842
   -7.5000   22.5000   37.500011163.5664   13.9617
    0.0000   22.5000   37.500011926.4941   13.9642
    7.5000   22.5000   37.500011584.5391   13.9646
   -7.5000   30.0000   37.500010165.9238   13.7951
    0.0000   30.0000   37.500010875.4102   13.7962
    7.5000   30.0000   37.500010584.2627   13.7964
   -7.5000   37.5000   37.5000 9589.5625   13.8970
    0.0000   37.5000   37.500010188.5205   13.9149
    7.5000   37.5000   37.5000 9931.1787   13.9284
   -7.5000   45.0000   37.5000 8590.4365   13.8093
    0.0000   45.0000   37.5000 9101.8721   13.8431
    7.5000   45.0000   37.5000 8853.5391   13.8694
   -7.5000  -45.0000   45.0000 9641.9150   14.0872
    0.0000  -45.0000   45.000010249.5537   14.1244
    7.5000  -45.0000   45.000010026.0488   14.1524
   -7.5000  -37.5000   45.000010147.1836   14.0763
    0.0000  -37.5000   45.000010818.0176   14.1117
    7.5000  -37.5000   45.000010562.5234   14.1363
   -7.5000  -30.0000   45.000010986.2832   14.0804
    0.0000  -30.0000   45.000011769.8213   14.0996
    7.5000  -30.0000   45.000011479.9648   14.1120
   -7.5000  -22.5000   45.000011807.8721   14.0982
    0.0000  -22.5000   45.000012585.6973   14.1017
    7.5000  -22.5000   45.000012230.8193   14.1046
   -7.5000  -15.0000   45.000012459.8730   14.1124
    0.0000  -15.0000   45.000013186.7109   14.1157
    7.5000  -15.0000   45.000012759.7490   14.1201
   -7.5000   -7.5000   45.000012887.6816   14.1056
    0.0000   -7.5000   45.000013645.6602   14.1264
    7.5000   -7.5000   45.000013240.0723   14.1436
   -7.5000    0.0000   45.000013153.6680   14.0872
    0.0000    0.0000   45.000013956.6357   14.1244
    7.5000    0.0000   45.000013535.9512   14.1524
   -7.5000    7.5000   45.000012349.8604   14.0763
    0.0000    7.5000   45.000013108.3184   14.1117
    7.5000    7.5000   45.000012701.0215   14.1363
   -7.5000   15.0000   45.000011439.4902   14.0804
    0.0000   15.0000   45.000012145.3887   14.0996
    7.5000   15.0000   45.000011790.8936   14.1120
   -7.5000   22.5000   45.000010451.2510   14.0916
    0.0000   22.5000   45.000011121.7266   14.0951
    7.5000   22.5000   45.000010802.4531   14.0980
   -7.5000   30.0000   45.0000 9509.0332   13.9296
    0.0000   30.0000   45.000010127.6875   13.9329
    7.5000   30.0000   45.0000 9850.6270   13.9372
   -7.5000   37.5000   45.0000 8965.3223   14.0389
    0.0000   37.5000   45.0000 9480.6963   14.0598
    7.5000   37.5000   45.0000 9220.5244   14.0772
   -7.5000   45.0000   45.0000 8023.5635   13.9586
    0.0000   45.0000   45.0000 8472.2246   13.9962
    7.5000   45.0000   45.0000 8212.4775   14.0254

---------------------------------------------------------------------
imgreg_4dfp /opt/freesurfer/average/711-2C_as_mni_average_305 /opt/freesurfer/average/711-2B_as_mni_average_305_mask talsrcimg_g11 none talsrcimg_to_711-2C_as_mni_average_305_t4 4355
---------------------------------------------------------------------

freesurfer imgreg_4dfp.c
/opt/freesurfer/average/711-2C_as_mni_average_305.4dfp.img
       256       256       256         1
  1.000000  1.000000  1.000000
orientation T byte_order littleendian
Reading image: /opt/freesurfer/average/711-2C_as_mni_average_305.4dfp.img
dimensions:      256       256       256
mmppix:       1.0000   -1.0000   -1.0000
center:     128.0000 -129.0000 -129.0000
/opt/freesurfer/average/711-2B_as_mni_average_305_mask.4dfp.img
       256       256       256         1
  1.000000  1.000000  1.000000
orientation T byte_order littleendian
Reading mask: /opt/freesurfer/average/711-2B_as_mni_average_305_mask.4dfp.img (2306576 pixels)
talsrcimg_g11.4dfp.img
       256       256       256         1
  1.000000  1.000000  1.000000
orientation T byte_order littleendian
Reading image: talsrcimg_g11.4dfp.img
dimensions:      256       256       256
mmppix:       1.0000   -1.0000   -1.0000
center:     128.0000 -129.0000 -129.0000
rotation matrix determinant  1.000000
image alignment mode   4355 decimal     1103 hex
   -7.5000  -45.0000  -37.5000 2264.2354   13.4662
    0.0000  -45.0000  -37.5000 2288.8433   13.2486
    7.5000  -45.0000  -37.5000 2298.5925   13.2776
   -7.5000  -37.5000  -37.5000 2284.5664   13.0427
    0.0000  -37.5000  -37.5000 2308.1025   12.7907
    7.5000  -37.5000  -37.5000 2324.4028   12.8180
   -7.5000  -30.0000  -37.5000 2290.7375   12.8594
    0.0000  -30.0000  -37.5000 2320.5459   12.6005
    7.5000  -30.0000  -37.5000 2332.6289   12.6045
   -7.5000  -22.5000  -37.5000 2293.6289   12.8887
    0.0000  -22.5000  -37.5000 2320.3022   12.6330
    7.5000  -22.5000  -37.5000 2330.9441   12.6427
   -7.5000  -15.0000  -37.5000 2287.0354   13.1472
    0.0000  -15.0000  -37.5000 2313.7778   12.8305
    7.5000  -15.0000  -37.5000 2329.4482   12.8572
   -7.5000   -7.5000  -37.5000 2263.3843   13.4948
    0.0000   -7.5000  -37.5000 2292.8274   13.1941
    7.5000   -7.5000  -37.5000 2309.4006   13.1718
   -7.5000    0.0000  -37.5000 2221.8870   14.0449
    0.0000    0.0000  -37.5000 2252.9871   13.7223
    7.5000    0.0000  -37.5000 2271.4514   13.7111
   -7.5000    7.5000  -37.5000 2165.7959   14.7506
    0.0000    7.5000  -37.5000 2199.6111   14.4460
    7.5000    7.5000  -37.5000 2214.7742   14.4476
   -7.5000   15.0000  -37.5000 2096.5186   15.7636
    0.0000   15.0000  -37.5000 2130.7866   15.4518
    7.5000   15.0000  -37.5000 2143.0261   15.4481
   -7.5000   22.5000  -37.5000 2015.4529   17.2353
    0.0000   22.5000  -37.5000 2046.1600   16.8460
    7.5000   22.5000  -37.5000 2061.0662   16.7295
   -7.5000   30.0000  -37.5000 1914.1680   19.1514
    0.0000   30.0000  -37.5000 1953.2089   18.6842
    7.5000   30.0000  -37.5000 1965.0962   18.5687
   -7.5000   37.5000  -37.5000 1808.7230   21.5279
    0.0000   37.5000  -37.5000 1846.0864   21.1293
    7.5000   37.5000  -37.5000 1858.3557   20.9942
   -7.5000   45.0000  -37.5000 1688.4468   24.5836
    0.0000   45.0000  -37.5000 1718.1973   24.0108
    7.5000   45.0000  -37.5000 1724.8887   23.9828
   -7.5000  -45.0000  -30.0000 2407.8882   12.9885
    0.0000  -45.0000  -30.0000 2437.7834   12.7329
    7.5000  -45.0000  -30.0000 2449.6462   12.7627
   -7.5000  -37.5000  -30.0000 2427.9380   12.5175
    0.0000  -37.5000  -30.0000 2460.7947   12.2742
    7.5000  -37.5000  -30.0000 2477.8621   12.2792
   -7.5000  -30.0000  -30.0000 2434.2805   12.2802
    0.0000  -30.0000  -30.0000 2468.2209   12.0207
    7.5000  -30.0000  -30.0000 2486.4006   12.0403
   -7.5000  -22.5000  -30.0000 2436.8513   12.2388
    0.0000  -22.5000  -30.0000 2468.8506   11.9945
    7.5000  -22.5000  -30.0000 2485.7502   12.0136
   -7.5000  -15.0000  -30.0000 2436.0076   12.4289
    0.0000  -15.0000  -30.0000 2467.7952   12.1321
    7.5000  -15.0000  -30.0000 2488.1035   12.1548
   -7.5000   -7.5000  -30.0000 2411.5000   12.7748
    0.0000   -7.5000  -30.0000 2448.7100   12.4741
    7.5000   -7.5000  -30.0000 2468.6641   12.4644
   -7.5000    0.0000  -30.0000 2366.3450   13.3007
    0.0000    0.0000  -30.0000 2407.1777   12.9968
    7.5000    0.0000  -30.0000 2432.0391   13.0195
   -7.5000    7.5000  -30.0000 2306.7688   13.9868
    0.0000    7.5000  -30.0000 2348.0752   13.6806
    7.5000    7.5000  -30.0000 2372.2170   13.7173
   -7.5000   15.0000  -30.0000 2229.6890   14.9385
    0.0000   15.0000  -30.0000 2270.8376   14.6151
    7.5000   15.0000  -30.0000 2293.6951   14.6138
   -7.5000   22.5000  -30.0000 2142.2073   16.2774
    0.0000   22.5000  -30.0000 2183.8787   15.8667
    7.5000   22.5000  -30.0000 2199.2610   15.8218
   -7.5000   30.0000  -30.0000 2034.0961   17.9716
    0.0000   30.0000  -30.0000 2076.9788   17.5605
    7.5000   30.0000  -30.0000 2093.9478   17.4969
   -7.5000   37.5000  -30.0000 1917.1753   20.2326
    0.0000   37.5000  -30.0000 1963.8698   19.9016
    7.5000   37.5000  -30.0000 1979.1084   19.8137
   -7.5000   45.0000  -30.0000 1797.3762   23.1382
    0.0000   45.0000  -30.0000 1831.6311   22.6253
    7.5000   45.0000  -30.0000 1845.7462   22.6016
   -7.5000  -45.0000  -22.5000 2521.5188   12.4304
    0.0000  -45.0000  -22.5000 2559.1287   12.1694
    7.5000  -45.0000  -22.5000 2580.8057   12.1832
   -7.5000  -37.5000  -22.5000 2550.8452   11.9084
    0.0000  -37.5000  -22.5000 2587.2520   11.6604
    7.5000  -37.5000  -22.5000 2601.1624   11.6831
   -7.5000  -30.0000  -22.5000 2560.8916   11.6011
    0.0000  -30.0000  -22.5000 2598.0505   11.3608
    7.5000  -30.0000  -22.5000 2616.1023   11.3674
   -7.5000  -22.5000  -22.5000 2559.2712   11.5766
    0.0000  -22.5000  -22.5000 2594.3186   11.3301
    7.5000  -22.5000  -22.5000 2614.1880   11.3407
   -7.5000  -15.0000  -22.5000 2554.6792   11.7172
    0.0000  -15.0000  -22.5000 2593.3198   11.4581
    7.5000  -15.0000  -22.5000 2609.9150   11.4410
   -7.5000   -7.5000  -22.5000 2532.7722   12.0422
    0.0000   -7.5000  -22.5000 2573.0344   11.7529
    7.5000   -7.5000  -22.5000 2595.7800   11.7385
   -7.5000    0.0000  -22.5000 2491.3091   12.5170
    0.0000    0.0000  -22.5000 2536.1423   12.2264
    7.5000    0.0000  -22.5000 2561.0718   12.2459
   -7.5000    7.5000  -22.5000 2431.1814   13.1811
    0.0000    7.5000  -22.5000 2479.5881   12.8865
    7.5000    7.5000  -22.5000 2502.6333   12.9074
   -7.5000   15.0000  -22.5000 2351.4668   14.0776
    0.0000   15.0000  -22.5000 2398.5605   13.7454
    7.5000   15.0000  -22.5000 2424.8208   13.7425
   -7.5000   22.5000  -22.5000 2255.8462   15.3191
    0.0000   22.5000  -22.5000 2301.5884   14.8841
    7.5000   22.5000  -22.5000 2320.1443   14.8506
   -7.5000   30.0000  -22.5000 2142.7258   16.8974
    0.0000   30.0000  -22.5000 2184.0564   16.5030
    7.5000   30.0000  -22.5000 2206.0159   16.4342
   -7.5000   37.5000  -22.5000 2023.4924   18.9694
    0.0000   37.5000  -22.5000 2062.2463   18.6035
    7.5000   37.5000  -22.5000 2079.0933   18.5735
   -7.5000   45.0000  -22.5000 1891.5708   21.6484
    0.0000   45.0000  -22.5000 1929.6923   21.2469
    7.5000   45.0000  -22.5000 1943.4404   21.2540
   -7.5000  -45.0000  -15.0000 2584.3083   11.8735
    0.0000  -45.0000  -15.0000 2633.5146   11.6254
    7.5000  -45.0000  -15.0000 2655.8374   11.5913
   -7.5000  -37.5000  -15.0000 2625.2344   11.3149
    0.0000  -37.5000  -15.0000 2667.8149   11.0616
    7.5000  -37.5000  -15.0000 2685.3428   11.0584
   -7.5000  -30.0000  -15.0000 2654.1145   10.9753
    0.0000  -30.0000  -15.0000 2693.2932   10.7260
    7.5000  -30.0000  -15.0000 2708.8865   10.7036
   -7.5000  -22.5000  -15.0000 2659.4382   10.9440
    0.0000  -22.5000  -15.0000 2701.4167   10.6718
    7.5000  -22.5000  -15.0000 2720.5974   10.6874
   -7.5000  -15.0000  -15.0000 2653.9734   11.0573
    0.0000  -15.0000  -15.0000 2695.7478   10.7967
    7.5000  -15.0000  -15.0000 2710.4409   10.7860
   -7.5000   -7.5000  -15.0000 2631.5256   11.3548
    0.0000   -7.5000  -15.0000 2676.8967   11.0728
    7.5000   -7.5000  -15.0000 2700.7266   11.0616
   -7.5000    0.0000  -15.0000 2589.4763   11.7944
    0.0000    0.0000  -15.0000 2640.6831   11.5190
    7.5000    0.0000  -15.0000 2663.3987   11.5071
   -7.5000    7.5000  -15.0000 2529.4663   12.4236
    0.0000    7.5000  -15.0000 2584.5593   12.1399
    7.5000    7.5000  -15.0000 2603.2493   12.1384
   -7.5000   15.0000  -15.0000 2451.2683   13.2498
    0.0000   15.0000  -15.0000 2500.9521   12.9304
    7.5000   15.0000  -15.0000 2522.2473   12.9236
   -7.5000   22.5000  -15.0000 2351.4924   14.3894
    0.0000   22.5000  -15.0000 2399.5105   14.0125
    7.5000   22.5000  -15.0000 2413.6309   13.9921
   -7.5000   30.0000  -15.0000 2228.2297   15.9023
    0.0000   30.0000  -15.0000 2268.2302   15.5147
    7.5000   30.0000  -15.0000 2288.6414   15.4422
   -7.5000   37.5000  -15.0000 2097.5640   17.8325
    0.0000   37.5000  -15.0000 2135.5420   17.4254
    7.5000   37.5000  -15.0000 2149.3745   17.4098
   -7.5000   45.0000  -15.0000 1955.9623   20.3487
    0.0000   45.0000  -15.0000 1994.6317   19.9306
    7.5000   45.0000  -15.0000 2006.9987   19.9334
   -7.5000  -45.0000   -7.5000 2624.2034   11.3645
    0.0000  -45.0000   -7.5000 2676.0073   11.1060
    7.5000  -45.0000   -7.5000 2700.8916   11.0235
   -7.5000  -37.5000   -7.5000 2680.8784   10.7784
    0.0000  -37.5000   -7.5000 2726.0925   10.5070
    7.5000  -37.5000   -7.5000 2746.2058   10.4595
   -7.5000  -30.0000   -7.5000 2717.6069   10.4167
    0.0000  -30.0000   -7.5000 2760.1951   10.1442
    7.5000  -30.0000   -7.5000 2780.8123   10.1044
   -7.5000  -22.5000   -7.5000 2734.4282   10.3503
    0.0000  -22.5000   -7.5000 2783.0386   10.0646
    7.5000  -22.5000   -7.5000 2801.8474   10.0667
   -7.5000  -15.0000   -7.5000 2736.0737   10.4519
    0.0000  -15.0000   -7.5000 2785.9272   10.1739
    7.5000  -15.0000   -7.5000 2800.6321   10.1502
   -7.5000   -7.5000   -7.5000 2715.4131   10.7307
    0.0000   -7.5000   -7.5000 2768.5825   10.4377
    7.5000   -7.5000   -7.5000 2790.8884   10.4142
   -7.5000    0.0000   -7.5000 2674.5364   11.1481
    0.0000    0.0000   -7.5000 2730.0364   10.8610
    7.5000    0.0000   -7.5000 2750.4722   10.8315
   -7.5000    7.5000   -7.5000 2616.5732   11.7076
    0.0000    7.5000   -7.5000 2671.9810   11.4223
    7.5000    7.5000   -7.5000 2689.3591   11.4112
   -7.5000   15.0000   -7.5000 2533.3599   12.4665
    0.0000   15.0000   -7.5000 2583.2932   12.1525
    7.5000   15.0000   -7.5000 2601.2949   12.1489
   -7.5000   22.5000   -7.5000 2421.2910   13.5532
    0.0000   22.5000   -7.5000 2471.4246   13.2115
    7.5000   22.5000   -7.5000 2489.5784   13.1816
   -7.5000   30.0000   -7.5000 2299.0112   15.0151
    0.0000   30.0000   -7.5000 2339.4082   14.6330
    7.5000   30.0000   -7.5000 2358.2024   14.6104
   -7.5000   37.5000   -7.5000 2155.6963   16.8649
    0.0000   37.5000   -7.5000 2198.0698   16.4355
    7.5000   37.5000   -7.5000 2211.0989   16.4312
   -7.5000   45.0000   -7.5000 2002.9019   19.1727
    0.0000   45.0000   -7.5000 2042.1440   18.7430
    7.5000   45.0000   -7.5000 2051.2224   18.6949
   -7.5000  -45.0000    0.0000 2652.5254   11.0209
    0.0000  -45.0000    0.0000 2692.5149   10.7491
    7.5000  -45.0000    0.0000 2715.1550   10.6443
   -7.5000  -37.5000    0.0000 2717.3528   10.3925
    0.0000  -37.5000    0.0000 2756.3750   10.1259
    7.5000  -37.5000    0.0000 2778.5762   10.0296
   -7.5000  -30.0000    0.0000 2757.5508   10.0112
    0.0000  -30.0000    0.0000 2799.5122    9.7501
    7.5000  -30.0000    0.0000 2823.4744    9.6773
   -7.5000  -22.5000    0.0000 2786.4214    9.8970
    0.0000  -22.5000    0.0000 2830.5083    9.6159
    7.5000  -22.5000    0.0000 2854.1372    9.5669
   -7.5000  -15.0000    0.0000 2791.7651    9.9830
    0.0000  -15.0000    0.0000 2844.3118    9.6834
    7.5000  -15.0000    0.0000 2864.8921    9.6278
   -7.5000   -7.5000    0.0000 2777.5576   10.2599
    0.0000   -7.5000    0.0000 2836.0005    9.9544
    7.5000   -7.5000    0.0000 2862.2737    9.9006
   -7.5000    0.0000    0.0000 2738.4595   10.6298
    0.0000    0.0000    0.0000 2793.9595   10.3533
    7.5000    0.0000    0.0000 2819.6482   10.3184
   -7.5000    7.5000    0.0000 2680.7500   11.1433
    0.0000    7.5000    0.0000 2731.1309   10.8540
    7.5000    7.5000    0.0000 2754.1396   10.8422
   -7.5000   15.0000    0.0000 2596.3096   11.8823
    0.0000   15.0000    0.0000 2645.4253   11.5450
    7.5000   15.0000    0.0000 2663.5811   11.5520
   -7.5000   22.5000    0.0000 2484.9875   12.9358
    0.0000   22.5000    0.0000 2528.6426   12.5673
    7.5000   22.5000    0.0000 2551.8838   12.5296
   -7.5000   30.0000    0.0000 2354.3093   14.3472
    0.0000   30.0000    0.0000 2396.9011   13.9235
    7.5000   30.0000    0.0000 2417.5950   13.9001
   -7.5000   37.5000    0.0000 2203.2449   16.1136
    0.0000   37.5000    0.0000 2252.4915   15.6837
    7.5000   37.5000    0.0000 2264.4043   15.6707
   -7.5000   45.0000    0.0000 2041.5603   18.3217
    0.0000   45.0000    0.0000 2088.3286   17.8831
    7.5000   45.0000    0.0000 2101.5408   17.8774
   -7.5000  -45.0000    7.5000 2657.3674   10.8615
    0.0000  -45.0000    7.5000 2688.3396   10.6047
    7.5000  -45.0000    7.5000 2711.5986   10.4521
   -7.5000  -37.5000    7.5000 2735.2864   10.2183
    0.0000  -37.5000    7.5000 2766.4976    9.9907
    7.5000  -37.5000    7.5000 2786.9189    9.8570
   -7.5000  -30.0000    7.5000 2789.6104    9.8120
    0.0000  -30.0000    7.5000 2825.1929    9.5971
    7.5000  -30.0000    7.5000 2849.1389    9.4894
   -7.5000  -22.5000    7.5000 2823.5076    9.6264
    0.0000  -22.5000    7.5000 2864.6895    9.3994
    7.5000  -22.5000    7.5000 2894.0686    9.3173
   -7.5000  -15.0000    7.5000 2832.5115    9.6910
    0.0000  -15.0000    7.5000 2892.7532    9.3972
    7.5000  -15.0000    7.5000 2911.0242    9.3261
   -7.5000   -7.5000    7.5000 2829.2222    9.9246
    0.0000   -7.5000    7.5000 2892.7214    9.6425
    7.5000   -7.5000    7.5000 2917.3948    9.5969
   -7.5000    0.0000    7.5000 2789.1182   10.2418
    0.0000    0.0000    7.5000 2853.1777   10.0259
    7.5000    0.0000    7.5000 2878.0713    9.9966
   -7.5000    7.5000    7.5000 2731.3711   10.7295
    0.0000    7.5000    7.5000 2789.0623   10.4894
    7.5000    7.5000    7.5000 2811.2822   10.4756
   -7.5000   15.0000    7.5000 2646.8184   11.4336
    0.0000   15.0000    7.5000 2697.2681   11.1517
    7.5000   15.0000    7.5000 2716.2112   11.1189
   -7.5000   22.5000    7.5000 2536.5938   12.4914
    0.0000   22.5000    7.5000 2579.7844   12.1616
    7.5000   22.5000    7.5000 2601.3770   12.1050
   -7.5000   30.0000    7.5000 2399.3308   13.9236
    0.0000   30.0000    7.5000 2451.5461   13.5215
    7.5000   30.0000    7.5000 2473.3970   13.4793
   -7.5000   37.5000    7.5000 2244.1648   15.6673
    0.0000   37.5000    7.5000 2299.9077   15.2233
    7.5000   37.5000    7.5000 2312.9255   15.2076
   -7.5000   45.0000    7.5000 2081.6946   17.7177
    0.0000   45.0000    7.5000 2125.2073   17.3058
    7.5000   45.0000    7.5000 2145.9312   17.2829
   -7.5000  -45.0000   15.0000 2644.7617   10.9355
    0.0000  -45.0000   15.0000 2676.2412   10.6890
    7.5000  -45.0000   15.0000 2690.0566   10.5412
   -7.5000  -37.5000   15.0000 2737.2092   10.2534
    0.0000  -37.5000   15.0000 2769.2332   10.0767
    7.5000  -37.5000   15.0000 2789.2168    9.9685
   -7.5000  -30.0000   15.0000 2799.6409    9.8147
    0.0000  -30.0000   15.0000 2845.2734    9.6907
    7.5000  -30.0000   15.0000 2875.7983    9.6349
   -7.5000  -22.5000   15.0000 2849.2439    9.5955
    0.0000  -22.5000   15.0000 2899.2720    9.4770
    7.5000  -22.5000   15.0000 2941.0947    9.4688
   -7.5000  -15.0000   15.0000 2859.3000    9.5640
    0.0000  -15.0000   15.0000 2931.3040    9.3716
    7.5000  -15.0000   15.0000 2963.0049    9.3438
   -7.5000   -7.5000   15.0000 2861.5073    9.7343
    0.0000   -7.5000   15.0000 2935.7739    9.5140
    7.5000   -7.5000   15.0000 2960.1555    9.4879
   -7.5000    0.0000   15.0000 2823.3184   10.0045
    0.0000    0.0000   15.0000 2889.3862    9.7848
    7.5000    0.0000   15.0000 2912.1406    9.7659
   -7.5000    7.5000   15.0000 2768.8604   10.4729
    0.0000    7.5000   15.0000 2827.7766   10.2099
    7.5000    7.5000   15.0000 2844.8203   10.1628
   -7.5000   15.0000   15.0000 2679.3293   11.2063
    0.0000   15.0000   15.0000 2729.6187   10.8994
    7.5000   15.0000   15.0000 2747.3726   10.8536
   -7.5000   22.5000   15.0000 2563.4514   12.2525
    0.0000   22.5000   15.0000 2609.7227   11.9124
    7.5000   22.5000   15.0000 2631.8665   11.8845
   -7.5000   30.0000   15.0000 2424.8840   13.6270
    0.0000   30.0000   15.0000 2478.9434   13.2301
    7.5000   30.0000   15.0000 2494.1521   13.2374
   -7.5000   37.5000   15.0000 2277.6736   15.3220
    0.0000   37.5000   15.0000 2328.3611   14.9260
    7.5000   37.5000   15.0000 2339.9592   14.9600
   -7.5000   45.0000   15.0000 2113.0476   17.3626
    0.0000   45.0000   15.0000 2151.7219   16.9682
    7.5000   45.0000   15.0000 2174.4604   16.9842
   -7.5000  -45.0000   22.5000 2620.9673   11.1605
    0.0000  -45.0000   22.5000 2656.1580   10.9518
    7.5000  -45.0000   22.5000 2674.5171   10.8798
   -7.5000  -37.5000   22.5000 2715.0588   10.4431
    0.0000  -37.5000   22.5000 2760.6321   10.2944
    7.5000  -37.5000   22.5000 2785.7166   10.2513
   -7.5000  -30.0000   22.5000 2788.8953    9.9523
    0.0000  -30.0000   22.5000 2850.8381    9.8569
    7.5000  -30.0000   22.5000 2883.3599    9.8443
   -7.5000  -22.5000   22.5000 2862.2026    9.7099
    0.0000  -22.5000   22.5000 2929.8267    9.6659
    7.5000  -22.5000   22.5000 2967.2344    9.6759
   -7.5000  -15.0000   22.5000 2886.8135    9.6994
    0.0000  -15.0000   22.5000 2976.3628    9.5984
    7.5000  -15.0000   22.5000 3011.0095    9.5808
   -7.5000   -7.5000   22.5000 2878.7561    9.7395
    0.0000   -7.5000   22.5000 2957.4451    9.5398
    7.5000   -7.5000   22.5000 2986.9299    9.5262
   -7.5000    0.0000   22.5000 2835.2954    9.9851
    0.0000    0.0000   22.5000 2900.2302    9.7022
    7.5000    0.0000   22.5000 2918.2415    9.6547
   -7.5000    7.5000   22.5000 2782.8340   10.4237
    0.0000    7.5000   22.5000 2837.4045   10.1027
    7.5000    7.5000   22.5000 2854.9814   10.0609
   -7.5000   15.0000   22.5000 2693.6885   11.1451
    0.0000   15.0000   22.5000 2738.5344   10.8043
    7.5000   15.0000   22.5000 2753.3501   10.7611
   -7.5000   22.5000   22.5000 2574.9463   12.1811
    0.0000   22.5000   22.5000 2617.8103   11.7994
    7.5000   22.5000   22.5000 2636.2739   11.7725
   -7.5000   30.0000   22.5000 2437.9272   13.5417
    0.0000   30.0000   22.5000 2484.7092   13.1468
    7.5000   30.0000   22.5000 2500.9287   13.1185
   -7.5000   37.5000   22.5000 2291.2737   15.1884
    0.0000   37.5000   22.5000 2331.3181   14.7948
    7.5000   37.5000   22.5000 2345.7986   14.8208
   -7.5000   45.0000   22.5000 2119.5518   17.2471
    0.0000   45.0000   22.5000 2155.7820   16.8565
    7.5000   45.0000   22.5000 2179.2327   16.8551
   -7.5000  -45.0000   30.0000 2587.2588   11.5287
    0.0000  -45.0000   30.0000 2625.2163   11.2932
    7.5000  -45.0000   30.0000 2643.5776   11.2310
   -7.5000  -37.5000   30.0000 2684.5154   10.7454
    0.0000  -37.5000   30.0000 2738.6057   10.5381
    7.5000  -37.5000   30.0000 2760.0811   10.4876
   -7.5000  -30.0000   30.0000 2772.1775   10.1956
    0.0000  -30.0000   30.0000 2834.7788   10.0377
    7.5000  -30.0000   30.0000 2861.4622   10.0010
   -7.5000  -22.5000   30.0000 2850.4719    9.9173
    0.0000  -22.5000   30.0000 2925.0964    9.7767
    7.5000  -22.5000   30.0000 2961.4263    9.7566
   -7.5000  -15.0000   30.0000 2874.6052    9.8412
    0.0000  -15.0000   30.0000 2967.6255    9.6155
    7.5000  -15.0000   30.0000 2996.2258    9.5507
   -7.5000   -7.5000   30.0000 2869.3806    9.9079
    0.0000   -7.5000   30.0000 2950.9307    9.6017
    7.5000   -7.5000   30.0000 2977.6375    9.5163
   -7.5000    0.0000   30.0000 2820.5767   10.1550
    0.0000    0.0000   30.0000 2894.3728    9.8619
    7.5000    0.0000   30.0000 2918.6814    9.8042
   -7.5000    7.5000   30.0000 2763.2427   10.5841
    0.0000    7.5000   30.0000 2817.4382   10.3193
    7.5000    7.5000   30.0000 2835.7068   10.2782
   -7.5000   15.0000   30.0000 2680.1838   11.3033
    0.0000   15.0000   30.0000 2720.3352   10.9984
    7.5000   15.0000   30.0000 2732.9875   10.9460
   -7.5000   22.5000   30.0000 2562.5398   12.3017
    0.0000   22.5000   30.0000 2604.5879   11.9323
    7.5000   22.5000   30.0000 2618.4983   11.8936
   -7.5000   30.0000   30.0000 2422.6250   13.5917
    0.0000   30.0000   30.0000 2470.2917   13.1774
    7.5000   30.0000   30.0000 2487.4521   13.1545
   -7.5000   37.5000   30.0000 2278.1160   15.2117
    0.0000   37.5000   30.0000 2314.2725   14.7989
    7.5000   37.5000   30.0000 2335.0940   14.8117
   -7.5000   45.0000   30.0000 2108.9690   17.3079
    0.0000   45.0000   30.0000 2143.4275   16.9318
    7.5000   45.0000   30.0000 2160.7153   16.9066
   -7.5000  -45.0000   37.5000 2551.7639   12.0126
    0.0000  -45.0000   37.5000 2590.7319   11.7088
    7.5000  -45.0000   37.5000 2611.3354   11.6049
   -7.5000  -37.5000   37.5000 2651.3660   11.1776
    0.0000  -37.5000   37.5000 2710.2532   10.8897
    7.5000  -37.5000   37.5000 2727.0317   10.8106
   -7.5000  -30.0000   37.5000 2741.5088   10.5677
    0.0000  -30.0000   37.5000 2807.3208   10.3143
    7.5000  -30.0000   37.5000 2828.2163   10.2440
   -7.5000  -22.5000   37.5000 2816.4006   10.2339
    0.0000  -22.5000   37.5000 2888.9561    9.9752
    7.5000  -22.5000   37.5000 2918.1677    9.9176
   -7.5000  -15.0000   37.5000 2841.8562   10.1156
    0.0000  -15.0000   37.5000 2923.3665    9.7701
    7.5000  -15.0000   37.5000 2939.1213    9.6445
   -7.5000   -7.5000   37.5000 2838.5400   10.1769
    0.0000   -7.5000   37.5000 2912.3555    9.8066
    7.5000   -7.5000   37.5000 2940.8496    9.7243
   -7.5000    0.0000   37.5000 2794.0017   10.4475
    0.0000    0.0000   37.5000 2864.3438   10.1685
    7.5000    0.0000   37.5000 2892.0703   10.1167
   -7.5000    7.5000   37.5000 2733.2429   10.9542
    0.0000    7.5000   37.5000 2782.9465   10.6986
    7.5000    7.5000   37.5000 2804.0864   10.6465
   -7.5000   15.0000   37.5000 2643.9824   11.6460
    0.0000   15.0000   37.5000 2685.3887   11.3957
    7.5000   15.0000   37.5000 2698.7427   11.3203
   -7.5000   22.5000   37.5000 2525.7803   12.6123
    0.0000   22.5000   37.5000 2571.3767   12.2825
    7.5000   22.5000   37.5000 2585.4746   12.2394
   -7.5000   30.0000   37.5000 2388.9407   13.8352
    0.0000   30.0000   37.5000 2439.9167   13.4532
    7.5000   30.0000   37.5000 2461.0046   13.4217
   -7.5000   37.5000   37.5000 2247.5547   15.4374
    0.0000   37.5000   37.5000 2281.1826   15.0158
    7.5000   37.5000   37.5000 2305.9309   15.0423
   -7.5000   45.0000   37.5000 2084.2937   17.5030
    0.0000   45.0000   37.5000 2114.7942   17.0821
    7.5000   45.0000   37.5000 2127.6592   17.0667
   -7.5000  -45.0000   45.0000 2508.2493   12.6064
    0.0000  -45.0000   45.0000 2553.3433   12.2293
    7.5000  -45.0000   45.0000 2577.2576   12.1063
   -7.5000  -37.5000   45.0000 2611.9875   11.7147
    0.0000  -37.5000   45.0000 2667.8694   11.3392
    7.5000  -37.5000   45.0000 2688.3621   11.2296
   -7.5000  -30.0000   45.0000 2699.0403   11.0568
    0.0000  -30.0000   45.0000 2759.4348   10.7368
    7.5000  -30.0000   45.0000 2781.6594   10.6356
   -7.5000  -22.5000   45.0000 2763.1763   10.7150
    0.0000  -22.5000   45.0000 2828.3752   10.3648
    7.5000  -22.5000   45.0000 2850.6384   10.2231
   -7.5000  -15.0000   45.0000 2787.6433   10.5720
    0.0000  -15.0000   45.0000 2852.1606   10.1462
    7.5000  -15.0000   45.0000 2870.3977   10.0176
   -7.5000   -7.5000   45.0000 2783.1963   10.6140
    0.0000   -7.5000   45.0000 2852.0859   10.2579
    7.5000   -7.5000   45.0000 2876.1929   10.1797
   -7.5000    0.0000   45.0000 2748.4028   10.9078
    0.0000    0.0000   45.0000 2812.9294   10.6232
    7.5000    0.0000   45.0000 2833.5376   10.5665
   -7.5000    7.5000   45.0000 2686.9944   11.4250
    0.0000    7.5000   45.0000 2736.3955   11.1708
    7.5000    7.5000   45.0000 2753.3408   11.1062
   -7.5000   15.0000   45.0000 2594.9585   12.1364
    0.0000   15.0000   45.0000 2635.8660   11.8438
    7.5000   15.0000   45.0000 2651.5388   11.7940
   -7.5000   22.5000   45.0000 2476.0674   13.0837
    0.0000   22.5000   45.0000 2521.0923   12.7527
    7.5000   22.5000   45.0000 2538.3086   12.7016
   -7.5000   30.0000   45.0000 2344.5042   14.3143
    0.0000   30.0000   45.0000 2389.2949   13.9619
    7.5000   30.0000   45.0000 2410.8997   13.8976
   -7.5000   37.5000   45.0000 2206.9832   15.9012
    0.0000   37.5000   45.0000 2233.6709   15.5020
    7.5000   37.5000   45.0000 2255.3420   15.4987
   -7.5000   45.0000   45.0000 2044.1836   17.9156
    0.0000   45.0000   45.0000 2071.5076   17.4769
    7.5000   45.0000   45.0000 2083.0923   17.4633
   -7.5000  -45.0000   52.5000 2463.7371   13.3510
    0.0000  -45.0000   52.5000 2507.8208   12.8646
    7.5000  -45.0000   52.5000 2530.1338   12.7215
   -7.5000  -37.5000   52.5000 2557.9175   12.3782
    0.0000  -37.5000   52.5000 2610.4128   11.9328
    7.5000  -37.5000   52.5000 2637.1807   11.7974
   -7.5000  -30.0000   52.5000 2635.5154   11.6935
    0.0000  -30.0000   52.5000 2696.7258   11.3191
    7.5000  -30.0000   52.5000 2720.1501   11.1662
   -7.5000  -22.5000   52.5000 2690.3530   11.3199
    0.0000  -22.5000   52.5000 2755.8628   10.8849
    7.5000  -22.5000   52.5000 2776.4617   10.7541
   -7.5000  -15.0000   52.5000 2714.7864   11.1550
    0.0000  -15.0000   52.5000 2776.4297   10.7158
    7.5000  -15.0000   52.5000 2793.6848   10.5871
   -7.5000   -7.5000   52.5000 2709.2920   11.2209
    0.0000   -7.5000   52.5000 2769.0132   10.8611
    7.5000   -7.5000   52.5000 2790.8147   10.7623
   -7.5000    0.0000   52.5000 2678.9536   11.5218
    0.0000    0.0000   52.5000 2734.5354   11.2290
    7.5000    0.0000   52.5000 2752.4072   11.1508
   -7.5000    7.5000   52.5000 2619.7668   12.0198
    0.0000    7.5000   52.5000 2671.9146   11.7321
    7.5000    7.5000   52.5000 2687.1116   11.6671
   -7.5000   15.0000   52.5000 2530.8269   12.7161
    0.0000   15.0000   52.5000 2574.2629   12.3977
    7.5000   15.0000   52.5000 2591.9785   12.3441
   -7.5000   22.5000   52.5000 2422.6477   13.6640
    0.0000   22.5000   52.5000 2466.3770   13.3200
    7.5000   22.5000   52.5000 2488.4426   13.2590
   -7.5000   30.0000   52.5000 2290.9080   14.9224
    0.0000   30.0000   52.5000 2326.8333   14.5311
    7.5000   30.0000   52.5000 2350.7603   14.4895
   -7.5000   37.5000   52.5000 2152.2468   16.5102
    0.0000   37.5000   52.5000 2175.4565   16.0868
    7.5000   37.5000   52.5000 2199.6743   16.0578
   -7.5000   45.0000   52.5000 1998.0192   18.4858
    0.0000   45.0000   52.5000 2027.3038   18.0853
    7.5000   45.0000   52.5000 2036.8522   18.0161

---------------------------------------------------------------------
imgreg_4dfp /opt/freesurfer/average/711-2C_as_mni_average_305 /opt/freesurfer/average/711-2B_as_mni_average_305_mask talsrcimg_g11 none talsrcimg_to_711-2C_as_mni_average_305_t4 1283
---------------------------------------------------------------------

freesurfer imgreg_4dfp.c
/opt/freesurfer/average/711-2C_as_mni_average_305.4dfp.img
       256       256       256         1
  1.000000  1.000000  1.000000
orientation T byte_order littleendian
Reading image: /opt/freesurfer/average/711-2C_as_mni_average_305.4dfp.img
dimensions:      256       256       256
mmppix:       1.0000   -1.0000   -1.0000
center:     128.0000 -129.0000 -129.0000
/opt/freesurfer/average/711-2B_as_mni_average_305_mask.4dfp.img
       256       256       256         1
  1.000000  1.000000  1.000000
orientation T byte_order littleendian
Reading mask: /opt/freesurfer/average/711-2B_as_mni_average_305_mask.4dfp.img (2306576 pixels)
talsrcimg_g11.4dfp.img
       256       256       256         1
  1.000000  1.000000  1.000000
orientation T byte_order littleendian
Reading image: talsrcimg_g11.4dfp.img
dimensions:      256       256       256
mmppix:       1.0000   -1.0000   -1.0000
center:     128.0000 -129.0000 -129.0000
rotation matrix determinant  1.000000
fimgreg.f
image alignment mode   1283 decimal      503 hex
parameters
    7.5000  -15.0000   22.5000    0.0000    0.0000    0.0000
eta,q 0.94445  9.62601
niter,ni,del,rscale     5    3   12.0000    1.2000
parameter  4  2.155334 ->  0.500000 qaram    1.1500
parameters
    6.3328  -15.0788   23.3937   -3.4500    1.5397    1.0409
eta,q 0.94984  9.58468
  0.0624  0.0614  0.0626  0.0486  0.0587  0.0547
  0.0567  0.0564  0.0581  0.0502  0.0546  0.0524
  0.0547  0.0545  0.0558  0.0519  0.0519  0.0509
  0.0548  0.0545  0.0544  0.0542  0.0506  0.0503
  0.0575  0.0555  0.0544  0.0569  0.0502  0.0501
  0.0636  0.0574  0.0558  0.0601  0.0506  0.0505
  0.0718  0.0609  0.0588  0.0631  0.0532  0.0526
niter,ni,del,rscale     5    3   12.0000    1.2000
parameter  4  1.583570 ->  0.500000 qaram    1.3225
parameters
    5.8906  -13.0877   22.7855   -7.4175    1.8122    0.5179
eta,q 0.95466  9.58608
  0.0615  0.0609  0.0555  0.0442  0.0548  0.0504
  0.0552  0.0560  0.0515  0.0450  0.0509  0.0473
  0.0511  0.0525  0.0499  0.0470  0.0472  0.0456
  0.0502  0.0501  0.0497  0.0496  0.0455  0.0454
  0.0521  0.0497  0.0513  0.0531  0.0460  0.0465
  0.0579  0.0497  0.0544  0.0569  0.0491  0.0489
  0.0654  0.0526  0.0574  0.0604  0.0539  0.0523
niter,ni,del,rscale     5    3   12.0000    1.2000
parameters
    5.7091  -12.6312   22.6423  -10.4955    1.8945    0.1727
eta,q 0.95642  9.61240
  0.0608  0.0565  0.0554  0.0469  0.0530  0.0496
  0.0528  0.0504  0.0487  0.0445  0.0483  0.0464
  0.0469  0.0466  0.0457  0.0437  0.0449  0.0441
  0.0453  0.0453  0.0454  0.0454  0.0437  0.0437
  0.0477  0.0463  0.0471  0.0478  0.0448  0.0452
  0.0543  0.0482  0.0508  0.0516  0.0481  0.0478
  0.0626  0.0535  0.0550  0.0563  0.0525  0.0504
niter,ni,del,rscale     4    3   12.0000    1.2000
parameters
    5.6282  -12.0483   22.0940  -10.5429    2.1143    0.2315
eta,q 0.95658  9.60482
  0.0617  0.0573  0.0521  0.0522  0.0530  0.0497
  0.0528  0.0504  0.0461  0.0465  0.0481  0.0466
  0.0459  0.0455  0.0436  0.0440  0.0444  0.0442
  0.0436  0.0436  0.0437  0.0434  0.0434  0.0434
  0.0463  0.0445  0.0459  0.0453  0.0444  0.0444
  0.0534  0.0476  0.0499  0.0476  0.0474  0.0467
  0.0627  0.0527  0.0542  0.0514  0.0515  0.0492
niter,ni,del,rscale     3    3   12.0000    1.2000
parameters
    5.6081  -12.0078   22.0837  -10.5927    2.1277    0.2340
eta,q 0.95660  9.60413
  0.0616  0.0546  0.0542  0.0522  0.0524  0.0496
  0.0527  0.0485  0.0474  0.0465  0.0476  0.0465
  0.0459  0.0446  0.0440  0.0441  0.0442  0.0442
  0.0434  0.0434  0.0434  0.0434  0.0434  0.0434
  0.0458  0.0449  0.0451  0.0453  0.0447  0.0444
  0.0527  0.0483  0.0487  0.0476  0.0478  0.0468
  0.0620  0.0541  0.0531  0.0514  0.0520  0.0493
registration optimization eta report
parameter search radius
    6.0000    6.0000    6.0000    7.9350    6.0000    6.0000
100000*second partial in parameter space
       50.       30.       28.       13.       24.       16.
  0.0616  0.0546  0.0542  0.0522  0.0524  0.0496
  0.0527  0.0485  0.0474  0.0465  0.0476  0.0465
  0.0459  0.0446  0.0440  0.0441  0.0442  0.0442
  0.0434  0.0434  0.0434  0.0434  0.0434  0.0434
  0.0458  0.0449  0.0451  0.0453  0.0447  0.0444
  0.0527  0.0483  0.0487  0.0476  0.0478  0.0468
  0.0620  0.0541  0.0531  0.0514  0.0520  0.0493
    5.6081  -12.0078   22.0837  -10.5927    2.1277    0.2340
eta,q 0.95660  9.60413

---------------------------------------------------------------------
imgreg_4dfp /opt/freesurfer/average/711-2C_as_mni_average_305 /opt/freesurfer/average/711-2B_as_mni_average_305_mask talsrcimg_g11 none talsrcimg_to_711-2C_as_mni_average_305_t4 3335
---------------------------------------------------------------------

freesurfer imgreg_4dfp.c
/opt/freesurfer/average/711-2C_as_mni_average_305.4dfp.img
       256       256       256         1
  1.000000  1.000000  1.000000
orientation T byte_order littleendian
Reading image: /opt/freesurfer/average/711-2C_as_mni_average_305.4dfp.img
dimensions:      256       256       256
mmppix:       1.0000   -1.0000   -1.0000
center:     128.0000 -129.0000 -129.0000
/opt/freesurfer/average/711-2B_as_mni_average_305_mask.4dfp.img
       256       256       256         1
  1.000000  1.000000  1.000000
orientation T byte_order littleendian
Reading mask: /opt/freesurfer/average/711-2B_as_mni_average_305_mask.4dfp.img (2306576 pixels)
talsrcimg_g11.4dfp.img
       256       256       256         1
  1.000000  1.000000  1.000000
orientation T byte_order littleendian
Reading image: talsrcimg_g11.4dfp.img
dimensions:      256       256       256
mmppix:       1.0000   -1.0000   -1.0000
center:     128.0000 -129.0000 -129.0000
fimgreg.f
image alignment mode   3335 decimal      D07 hex
parameters
    5.6081  -12.0078   22.0837   -0.0698   -1.7021   -1.7719
    0.2811   -3.7245    0.4081   18.3675    3.7128  -18.3699
eta,q 0.95968  9.66432
niter,ni,del,rscale     5    3    5.0000    1.2000
parameter  4  1.925109 ->  0.500000 qaram    1.1500
parameter  5  0.704293 ->  0.500000 qaram    1.1500
parameter 12  0.576627 ->  0.500000 qaram    1.1500
parameters
    5.4741  -11.7264   22.3026   -4.2098   -5.8421   -1.9549
    0.8540   -2.8916    0.3314   16.0643    4.4199  -22.5099
eta,q 0.96745  9.51449
  0.0434  0.0441  0.0423  0.0336  0.0340  0.0356  0.0376  0.0391  0.0358  0.0346  0.0343  0.0330
  0.0416  0.0421  0.0413  0.0348  0.0335  0.0346  0.0356  0.0363  0.0345  0.0336  0.0337  0.0326
  0.0406  0.0408  0.0406  0.0370  0.0338  0.0339  0.0341  0.0344  0.0337  0.0332  0.0333  0.0327
  0.0403  0.0403  0.0403  0.0403  0.0353  0.0335  0.0335  0.0335  0.0334  0.0334  0.0331  0.0331
  0.0408  0.0405  0.0404  0.0443  0.0380  0.0334  0.0338  0.0337  0.0337  0.0345  0.0332  0.0339
  0.0421  0.0413  0.0408  0.0484  0.0416  0.0341  0.0348  0.0349  0.0346  0.0362  0.0334  0.0348
  0.0441  0.0426  0.0417  0.0520  0.0449  0.0365  0.0365  0.0370  0.0359  0.0385  0.0339  0.0359
niter,ni,del,rscale     7    3    5.0000    1.2000
parameter  4  0.615628 ->  0.500000 qaram    1.3225
parameters
    5.5779  -11.2204   22.2965   -8.9708   -6.8124   -2.2004
    1.4058   -2.9324    0.6200   16.9662    5.2928  -22.3583
eta,q 0.96902  9.33037
  0.0372  0.0368  0.0342  0.0312  0.0342  0.0334  0.0345  0.0355  0.0333  0.0347  0.0320  0.0335
  0.0347  0.0348  0.0331  0.0309  0.0330  0.0322  0.0329  0.0330  0.0322  0.0329  0.0315  0.0319
  0.0331  0.0333  0.0326  0.0311  0.0318  0.0314  0.0317  0.0315  0.0314  0.0317  0.0312  0.0311
  0.0326  0.0325  0.0324  0.0324  0.0309  0.0311  0.0311  0.0311  0.0311  0.0311  0.0310  0.0310
  0.0330  0.0324  0.0326  0.0351  0.0315  0.0310  0.0313  0.0316  0.0313  0.0311  0.0310  0.0313
  0.0343  0.0330  0.0332  0.0392  0.0339  0.0318  0.0322  0.0332  0.0319  0.0318  0.0312  0.0321
  0.0364  0.0343  0.0341  0.0440  0.0370  0.0344  0.0337  0.0355  0.0330  0.0334  0.0316  0.0331
niter,ni,del,rscale     7    3    5.0000    1.2000
parameters
    5.8226  -10.7438   22.1403  -11.0906   -7.1890   -2.4155
    1.3387   -2.7940    0.4940   17.5355    6.2489  -22.5748
eta,q 0.96910  9.20726
  0.0354  0.0347  0.0321  0.0329  0.0340  0.0332  0.0336  0.0356  0.0325  0.0339  0.0319  0.0330
  0.0332  0.0329  0.0313  0.0316  0.0330  0.0320  0.0322  0.0332  0.0317  0.0325  0.0315  0.0317
  0.0317  0.0316  0.0309  0.0310  0.0319  0.0313  0.0313  0.0316  0.0312  0.0315  0.0311  0.0310
  0.0310  0.0309  0.0308  0.0308  0.0308  0.0310  0.0310  0.0310  0.0310  0.0310  0.0309  0.0309
  0.0311  0.0308  0.0310  0.0315  0.0308  0.0309  0.0313  0.0315  0.0312  0.0310  0.0309  0.0313
  0.0321  0.0314  0.0316  0.0337  0.0327  0.0317  0.0322  0.0330  0.0318  0.0318  0.0311  0.0320
  0.0340  0.0326  0.0325  0.0378  0.0357  0.0341  0.0338  0.0353  0.0327  0.0333  0.0315  0.0330
niter,ni,del,rscale     6    3    5.0000    1.2000
parameters
    5.8982  -10.5440   22.0263  -11.2949   -7.4423   -2.5807
    1.2777   -2.7167    0.1103   17.9692    6.7584  -22.7811
eta,q 0.96908  9.18683
  0.0347  0.0338  0.0323  0.0341  0.0340  0.0333  0.0335  0.0356  0.0323  0.0337  0.0318  0.0330
  0.0327  0.0323  0.0315  0.0324  0.0330  0.0321  0.0322  0.0332  0.0316  0.0324  0.0314  0.0317
  0.0314  0.0313  0.0310  0.0313  0.0320  0.0313  0.0313  0.0316  0.0311  0.0315  0.0311  0.0310
  0.0309  0.0309  0.0309  0.0309  0.0309  0.0310  0.0310  0.0310  0.0310  0.0310  0.0309  0.0309
  0.0312  0.0310  0.0311  0.0309  0.0307  0.0309  0.0312  0.0315  0.0312  0.0311  0.0310  0.0313
  0.0323  0.0317  0.0317  0.0321  0.0325  0.0317  0.0322  0.0331  0.0318  0.0318  0.0312  0.0320
  0.0343  0.0330  0.0325  0.0349  0.0354  0.0340  0.0337  0.0354  0.0327  0.0333  0.0316  0.0330
niter,ni,del,rscale     5    3    5.0000    1.2000
parameters
    5.9172  -10.4309   21.9336  -11.3156   -7.6242   -2.7243
    1.2757   -2.6883   -0.1487   18.2638    7.0908  -22.9337
eta,q 0.96905  9.17741
  0.0345  0.0336  0.0323  0.0342  0.0339  0.0333  0.0335  0.0356  0.0323  0.0336  0.0318  0.0330
  0.0326  0.0322  0.0315  0.0324  0.0329  0.0321  0.0322  0.0332  0.0316  0.0323  0.0314  0.0317
  0.0314  0.0313  0.0311  0.0314  0.0320  0.0313  0.0313  0.0316  0.0311  0.0314  0.0311  0.0311
  0.0309  0.0309  0.0309  0.0309  0.0309  0.0310  0.0310  0.0310  0.0310  0.0310  0.0310  0.0310
  0.0313  0.0311  0.0311  0.0309  0.0306  0.0310  0.0312  0.0315  0.0312  0.0311  0.0310  0.0313
  0.0325  0.0319  0.0317  0.0320  0.0323  0.0317  0.0321  0.0331  0.0317  0.0318  0.0313  0.0320
  0.0345  0.0331  0.0326  0.0347  0.0352  0.0340  0.0336  0.0355  0.0325  0.0334  0.0317  0.0330
niter,ni,del,rscale     4    3    5.0000    1.2000
parameters
    5.9248  -10.3602   21.8506  -11.3429   -7.7532   -2.8579
    1.2714   -2.6748   -0.3464   18.4621    7.3285  -23.0304
eta,q 0.96902  9.16819
  0.0345  0.0334  0.0324  0.0342  0.0339  0.0334  0.0335  0.0356  0.0323  0.0335  0.0318  0.0331
  0.0326  0.0321  0.0316  0.0324  0.0329  0.0321  0.0322  0.0332  0.0316  0.0323  0.0314  0.0318
  0.0314  0.0313  0.0311  0.0314  0.0320  0.0313  0.0313  0.0316  0.0311  0.0314  0.0311  0.0311
  0.0309  0.0310  0.0309  0.0309  0.0309  0.0310  0.0310  0.0310  0.0310  0.0310  0.0310  0.0310
  0.0313  0.0312  0.0312  0.0309  0.0306  0.0310  0.0313  0.0316  0.0312  0.0311  0.0310  0.0313
  0.0325  0.0319  0.0317  0.0320  0.0322  0.0318  0.0321  0.0332  0.0317  0.0319  0.0313  0.0320
  0.0345  0.0332  0.0326  0.0347  0.0351  0.0341  0.0336  0.0356  0.0325  0.0334  0.0318  0.0330
niter,ni,del,rscale     3    3    5.0000    1.2000
parameters
    5.9308  -10.3021   21.7879  -11.3654   -7.8583   -2.9529
    1.2728   -2.6642   -0.5055   18.6163    7.5308  -23.1004
eta,q 0.96900  9.16106
  0.0345  0.0334  0.0324  0.0342  0.0338  0.0334  0.0335  0.0356  0.0323  0.0335  0.0318  0.0331
  0.0326  0.0321  0.0316  0.0325  0.0329  0.0322  0.0322  0.0332  0.0316  0.0323  0.0314  0.0318
  0.0314  0.0313  0.0311  0.0314  0.0320  0.0314  0.0313  0.0316  0.0312  0.0314  0.0311  0.0311
  0.0310  0.0310  0.0310  0.0310  0.0310  0.0310  0.0310  0.0310  0.0310  0.0310  0.0310  0.0310
  0.0313  0.0312  0.0312  0.0310  0.0306  0.0310  0.0313  0.0316  0.0312  0.0312  0.0311  0.0313
  0.0326  0.0320  0.0317  0.0320  0.0322  0.0318  0.0321  0.0332  0.0317  0.0319  0.0313  0.0321
  0.0345  0.0332  0.0326  0.0347  0.0351  0.0340  0.0335  0.0356  0.0324  0.0335  0.0318  0.0330
niter,ni,del,rscale     2    3    5.0000    1.2000
parameters
    5.9331  -10.2563   21.7357  -11.3832   -7.9494   -3.0478
    1.2693   -2.6567   -0.6412   18.7458    7.7110  -23.1563
eta,q 0.96897  9.15445
  0.0345  0.0334  0.0325  0.0342  0.0338  0.0335  0.0335  0.0356  0.0323  0.0335  0.0319  0.0331
  0.0327  0.0321  0.0317  0.0325  0.0329  0.0322  0.0322  0.0333  0.0316  0.0323  0.0315  0.0318
  0.0314  0.0313  0.0312  0.0315  0.0320  0.0314  0.0314  0.0316  0.0312  0.0314  0.0312  0.0312
  0.0310  0.0310  0.0310  0.0310  0.0310  0.0310  0.0310  0.0310  0.0310  0.0310  0.0310  0.0310
  0.0314  0.0312  0.0312  0.0310  0.0306  0.0311  0.0313  0.0316  0.0312  0.0312  0.0311  0.0314
  0.0326  0.0320  0.0317  0.0320  0.0321  0.0318  0.0321  0.0332  0.0317  0.0320  0.0314  0.0321
  0.0346  0.0332  0.0326  0.0347  0.0350  0.0340  0.0336  0.0356  0.0324  0.0335  0.0318  0.0330
niter,ni,del,rscale     1    3    5.0000    1.2000
parameters
    5.9363  -10.2165   21.6915  -11.4021   -8.0256   -3.1205
    1.2642   -2.6489   -0.7642   18.8552    7.8652  -23.2047
eta,q 0.96894  9.14899
  0.0345  0.0333  0.0325  0.0342  0.0338  0.0335  0.0335  0.0357  0.0323  0.0334  0.0319  0.0332
  0.0327  0.0321  0.0317  0.0325  0.0329  0.0322  0.0322  0.0333  0.0316  0.0323  0.0315  0.0319
  0.0315  0.0313  0.0312  0.0315  0.0320  0.0314  0.0314  0.0316  0.0312  0.0315  0.0312  0.0312
  0.0310  0.0310  0.0310  0.0310  0.0310  0.0311  0.0311  0.0311  0.0311  0.0311  0.0311  0.0311
  0.0314  0.0312  0.0312  0.0310  0.0306  0.0311  0.0313  0.0316  0.0312  0.0312  0.0311  0.0314
  0.0326  0.0320  0.0318  0.0320  0.0321  0.0318  0.0322  0.0333  0.0317  0.0320  0.0314  0.0321
  0.0346  0.0332  0.0326  0.0347  0.0349  0.0340  0.0336  0.0357  0.0324  0.0335  0.0319  0.0330
registration optimization eta report
parameter search radius
    2.4000    2.4000    2.4000    9.5220    8.2800    7.2000
    7.2000    7.2000    7.2000    7.2000    7.2000    8.2800
100000*second partial in parameter space
       61.       39.       26.        4.        5.        5.
        5.        9.        2.        5.        2.        3.
  0.0345  0.0333  0.0325  0.0342  0.0338  0.0335  0.0335  0.0357  0.0323  0.0334  0.0319  0.0332
  0.0327  0.0321  0.0317  0.0325  0.0329  0.0322  0.0322  0.0333  0.0316  0.0323  0.0315  0.0319
  0.0315  0.0313  0.0312  0.0315  0.0320  0.0314  0.0314  0.0316  0.0312  0.0315  0.0312  0.0312
  0.0310  0.0310  0.0310  0.0310  0.0310  0.0311  0.0311  0.0311  0.0311  0.0311  0.0311  0.0311
  0.0314  0.0312  0.0312  0.0310  0.0306  0.0311  0.0313  0.0316  0.0312  0.0312  0.0311  0.0314
  0.0326  0.0320  0.0318  0.0320  0.0321  0.0318  0.0322  0.0333  0.0317  0.0320  0.0314  0.0321
  0.0346  0.0332  0.0326  0.0347  0.0349  0.0340  0.0336  0.0357  0.0324  0.0335  0.0319  0.0330
    5.9363  -10.2165   21.6915  -11.4021   -8.0256   -3.1205
    1.2642   -2.6489   -0.7642   18.8552    7.8652  -23.2047
eta,q 0.96894  9.14899

---------------------------------------------------------------------
imgreg_4dfp /opt/freesurfer/average/711-2C_as_mni_average_305 /opt/freesurfer/average/711-2B_as_mni_average_305_mask talsrcimg_g11 none talsrcimg_to_711-2C_as_mni_average_305_t4 2311
---------------------------------------------------------------------

freesurfer imgreg_4dfp.c
/opt/freesurfer/average/711-2C_as_mni_average_305.4dfp.img
       256       256       256         1
  1.000000  1.000000  1.000000
orientation T byte_order littleendian
Reading image: /opt/freesurfer/average/711-2C_as_mni_average_305.4dfp.img
dimensions:      256       256       256
mmppix:       1.0000   -1.0000   -1.0000
center:     128.0000 -129.0000 -129.0000
/opt/freesurfer/average/711-2B_as_mni_average_305_mask.4dfp.img
       256       256       256         1
  1.000000  1.000000  1.000000
orientation T byte_order littleendian
Reading mask: /opt/freesurfer/average/711-2B_as_mni_average_305_mask.4dfp.img (2306576 pixels)
talsrcimg_g11.4dfp.img
       256       256       256         1
  1.000000  1.000000  1.000000
orientation T byte_order littleendian
Reading image: talsrcimg_g11.4dfp.img
dimensions:      256       256       256
mmppix:       1.0000   -1.0000   -1.0000
center:     128.0000 -129.0000 -129.0000
fimgreg.f
image alignment mode   2311 decimal      907 hex
parameters
    5.9363  -10.2165   21.6915  -11.4021   -8.0256   -3.1205
    1.2642   -2.6489   -0.7642   18.8552    7.8652  -23.2047
eta,q 0.96894  9.14900
niter,ni,del,rscale     5    3    5.0000    0.8000
parameters
    5.9579  -10.1783   21.6616  -10.2829   -6.3311   -2.8695
    1.4143   -2.6743   -0.5404   19.1314    7.0971  -23.2974
eta,q 0.96947  9.28196
  0.0327  0.0321  0.0317  0.0319  0.0328  0.0318  0.0321  0.0328  0.0315  0.0322  0.0308  0.0314
  0.0318  0.0315  0.0314  0.0315  0.0323  0.0312  0.0313  0.0316  0.0311  0.0314  0.0306  0.0309
  0.0313  0.0312  0.0311  0.0312  0.0316  0.0307  0.0308  0.0308  0.0307  0.0308  0.0305  0.0306
  0.0311  0.0311  0.0311  0.0311  0.0310  0.0306  0.0306  0.0306  0.0306  0.0306  0.0305  0.0305
  0.0312  0.0311  0.0311  0.0310  0.0306  0.0306  0.0307  0.0308  0.0306  0.0307  0.0306  0.0307
  0.0317  0.0315  0.0314  0.0311  0.0307  0.0309  0.0312  0.0316  0.0309  0.0311  0.0308  0.0310
  0.0326  0.0320  0.0318  0.0314  0.0315  0.0316  0.0320  0.0328  0.0314  0.0319  0.0311  0.0314
niter,ni,del,rscale     4    3    5.0000    0.7000
parameters
    5.9676  -10.2652   21.7475  -10.3355   -6.4428   -2.3567
    1.4543   -2.6988   -0.2152   19.0167    6.5757  -23.4231
eta,q 0.96948  9.29846
  0.0319  0.0315  0.0312  0.0312  0.0320  0.0315  0.0317  0.0322  0.0313  0.0316  0.0307  0.0312
  0.0312  0.0309  0.0308  0.0309  0.0314  0.0310  0.0311  0.0313  0.0309  0.0310  0.0306  0.0308
  0.0307  0.0306  0.0306  0.0306  0.0309  0.0307  0.0307  0.0307  0.0306  0.0307  0.0305  0.0306
  0.0305  0.0305  0.0305  0.0305  0.0305  0.0305  0.0305  0.0305  0.0305  0.0305  0.0305  0.0305
  0.0307  0.0307  0.0306  0.0306  0.0306  0.0305  0.0306  0.0307  0.0306  0.0307  0.0306  0.0306
  0.0311  0.0311  0.0307  0.0308  0.0313  0.0307  0.0310  0.0313  0.0308  0.0311  0.0307  0.0309
  0.0319  0.0317  0.0310  0.0313  0.0324  0.0312  0.0317  0.0322  0.0311  0.0318  0.0309  0.0312
niter,ni,del,rscale     3    3    5.0000    0.6000
parameters
    5.9654  -10.3015   21.8699  -10.0790   -6.3214   -1.9446
    1.4398   -2.7430    0.0287   18.9880    5.9354  -23.4954
eta,q 0.96954  9.33269
  0.0315  0.0313  0.0310  0.0311  0.0318  0.0312  0.0314  0.0317  0.0311  0.0314  0.0306  0.0310
  0.0310  0.0308  0.0308  0.0308  0.0313  0.0308  0.0309  0.0310  0.0308  0.0309  0.0305  0.0307
  0.0306  0.0306  0.0306  0.0306  0.0308  0.0306  0.0306  0.0306  0.0306  0.0306  0.0305  0.0305
  0.0305  0.0305  0.0305  0.0305  0.0305  0.0305  0.0305  0.0305  0.0305  0.0305  0.0305  0.0305
  0.0306  0.0306  0.0305  0.0305  0.0305  0.0305  0.0306  0.0306  0.0305  0.0306  0.0305  0.0305
  0.0310  0.0309  0.0307  0.0307  0.0310  0.0306  0.0309  0.0311  0.0307  0.0309  0.0306  0.0307
  0.0315  0.0314  0.0309  0.0310  0.0318  0.0310  0.0314  0.0317  0.0310  0.0314  0.0308  0.0310
niter,ni,del,rscale     2    3    5.0000    0.5000
parameters
    5.9530  -10.3526   21.9624   -9.8673   -6.1943   -1.5482
    1.4166   -2.8235    0.2368   18.9080    5.3703  -23.5241
eta,q 0.96960  9.36220
  0.0311  0.0310  0.0308  0.0309  0.0315  0.0309  0.0311  0.0312  0.0309  0.0311  0.0305  0.0308
  0.0308  0.0307  0.0306  0.0307  0.0310  0.0307  0.0307  0.0308  0.0306  0.0307  0.0304  0.0306
  0.0305  0.0305  0.0305  0.0305  0.0306  0.0305  0.0305  0.0305  0.0305  0.0305  0.0304  0.0304
  0.0305  0.0305  0.0305  0.0305  0.0305  0.0304  0.0304  0.0304  0.0304  0.0304  0.0304  0.0304
  0.0305  0.0305  0.0305  0.0305  0.0305  0.0304  0.0305  0.0306  0.0304  0.0305  0.0304  0.0305
  0.0308  0.0308  0.0306  0.0306  0.0308  0.0305  0.0307  0.0308  0.0306  0.0308  0.0305  0.0306
  0.0312  0.0311  0.0307  0.0308  0.0314  0.0308  0.0311  0.0313  0.0308  0.0312  0.0306  0.0308
niter,ni,del,rscale     1    3    5.0000    0.4000
parameters
    5.9352  -10.4044   22.0594   -9.6657   -6.1237   -1.1274
    1.3780   -2.9211    0.3754   18.8568    4.9348  -23.5195
eta,q 0.96963  9.39014
  0.0308  0.0307  0.0307  0.0307  0.0311  0.0307  0.0308  0.0309  0.0307  0.0308  0.0304  0.0307
  0.0306  0.0305  0.0305  0.0306  0.0308  0.0306  0.0306  0.0306  0.0305  0.0306  0.0304  0.0305
  0.0305  0.0304  0.0304  0.0305  0.0305  0.0305  0.0304  0.0304  0.0304  0.0304  0.0304  0.0304
  0.0304  0.0304  0.0304  0.0304  0.0304  0.0304  0.0304  0.0304  0.0304  0.0304  0.0304  0.0304
  0.0305  0.0305  0.0304  0.0304  0.0304  0.0304  0.0304  0.0305  0.0304  0.0304  0.0304  0.0304
  0.0306  0.0306  0.0305  0.0305  0.0306  0.0304  0.0306  0.0307  0.0305  0.0306  0.0305  0.0305
  0.0309  0.0308  0.0306  0.0306  0.0311  0.0306  0.0308  0.0310  0.0306  0.0309  0.0305  0.0306
registration optimization eta report
parameter search radius
    0.8000    0.8000    0.8000    2.4000    2.4000    2.4000
    2.4000    2.4000    2.4000    2.4000    2.4000    2.4000
100000*second partial in parameter space
       71.       60.       30.        4.       12.        5.
        8.       10.        5.        9.        2.        5.
  0.0308  0.0307  0.0307  0.0307  0.0311  0.0307  0.0308  0.0309  0.0307  0.0308  0.0304  0.0307
  0.0306  0.0305  0.0305  0.0306  0.0308  0.0306  0.0306  0.0306  0.0305  0.0306  0.0304  0.0305
  0.0305  0.0304  0.0304  0.0305  0.0305  0.0305  0.0304  0.0304  0.0304  0.0304  0.0304  0.0304
  0.0304  0.0304  0.0304  0.0304  0.0304  0.0304  0.0304  0.0304  0.0304  0.0304  0.0304  0.0304
  0.0305  0.0305  0.0304  0.0304  0.0304  0.0304  0.0304  0.0305  0.0304  0.0304  0.0304  0.0304
  0.0306  0.0306  0.0305  0.0305  0.0306  0.0304  0.0306  0.0307  0.0305  0.0306  0.0305  0.0305
  0.0309  0.0308  0.0306  0.0306  0.0311  0.0306  0.0308  0.0310  0.0306  0.0309  0.0305  0.0306
    5.9352  -10.4044   22.0594   -9.6657   -6.1237   -1.1274
    1.3780   -2.9211    0.3754   18.8568    4.9348  -23.5195
eta,q 0.96963  9.39014

---------------------------------------------------------------------
imgreg_4dfp /opt/freesurfer/average/711-2C_as_mni_average_305 /opt/freesurfer/average/711-2B_as_mni_average_305_mask talsrcimg_g11 none talsrcimg_to_711-2C_as_mni_average_305_t4 2311
---------------------------------------------------------------------

freesurfer imgreg_4dfp.c
/opt/freesurfer/average/711-2C_as_mni_average_305.4dfp.img
       256       256       256         1
  1.000000  1.000000  1.000000
orientation T byte_order littleendian
Reading image: /opt/freesurfer/average/711-2C_as_mni_average_305.4dfp.img
dimensions:      256       256       256
mmppix:       1.0000   -1.0000   -1.0000
center:     128.0000 -129.0000 -129.0000
/opt/freesurfer/average/711-2B_as_mni_average_305_mask.4dfp.img
       256       256       256         1
  1.000000  1.000000  1.000000
orientation T byte_order littleendian
Reading mask: /opt/freesurfer/average/711-2B_as_mni_average_305_mask.4dfp.img (2306576 pixels)
talsrcimg_g11.4dfp.img
       256       256       256         1
  1.000000  1.000000  1.000000
orientation T byte_order littleendian
Reading image: talsrcimg_g11.4dfp.img
dimensions:      256       256       256
mmppix:       1.0000   -1.0000   -1.0000
center:     128.0000 -129.0000 -129.0000
fimgreg.f
image alignment mode   2311 decimal      907 hex
parameters
    5.9352  -10.4044   22.0594   -9.6657   -6.1237   -1.1274
    1.3780   -2.9211    0.3754   18.8568    4.9348  -23.5195
eta,q 0.96963  9.39015
niter,ni,del,rscale     5    3    5.0000    0.8000
parameters
    5.8833  -10.4688   22.1880   -9.9999   -6.5728   -1.5133
    1.4401   -2.8530    0.6135   18.5448    5.1297  -23.3052
eta,q 0.96953  9.34175
  0.0320  0.0318  0.0313  0.0312  0.0322  0.0315  0.0320  0.0327  0.0315  0.0319  0.0309  0.0316
  0.0311  0.0310  0.0308  0.0308  0.0314  0.0310  0.0312  0.0315  0.0310  0.0311  0.0307  0.0309
  0.0306  0.0305  0.0305  0.0305  0.0307  0.0306  0.0307  0.0307  0.0306  0.0306  0.0305  0.0306
  0.0304  0.0304  0.0304  0.0304  0.0304  0.0304  0.0305  0.0305  0.0305  0.0305  0.0305  0.0305
  0.0306  0.0306  0.0304  0.0305  0.0306  0.0305  0.0306  0.0307  0.0306  0.0307  0.0305  0.0306
  0.0312  0.0311  0.0307  0.0308  0.0317  0.0310  0.0311  0.0314  0.0309  0.0314  0.0306  0.0309
  0.0323  0.0320  0.0311  0.0316  0.0334  0.0323  0.0319  0.0325  0.0313  0.0324  0.0308  0.0313
niter,ni,del,rscale     4    3    5.0000    0.7000
parameters
    5.9059  -10.4533   22.0929   -9.9429   -6.3948   -1.5555
    1.3533   -2.8229    0.5403   18.5767    5.2607  -23.3291
eta,q 0.96957  9.34827
  0.0318  0.0316  0.0310  0.0311  0.0321  0.0313  0.0316  0.0321  0.0312  0.0317  0.0308  0.0312
  0.0311  0.0310  0.0307  0.0308  0.0315  0.0309  0.0310  0.0312  0.0308  0.0311  0.0306  0.0307
  0.0306  0.0306  0.0305  0.0306  0.0309  0.0306  0.0306  0.0306  0.0305  0.0306  0.0305  0.0305
  0.0305  0.0305  0.0305  0.0305  0.0305  0.0304  0.0304  0.0304  0.0304  0.0304  0.0304  0.0304
  0.0306  0.0306  0.0306  0.0305  0.0305  0.0304  0.0306  0.0306  0.0305  0.0306  0.0305  0.0305
  0.0310  0.0309  0.0308  0.0307  0.0310  0.0307  0.0310  0.0312  0.0308  0.0310  0.0306  0.0308
  0.0318  0.0315  0.0311  0.0312  0.0322  0.0315  0.0317  0.0320  0.0312  0.0317  0.0307  0.0312
niter,ni,del,rscale     3    3    5.0000    0.6000
parameters
    5.9174  -10.4588   22.0883   -9.8520   -6.2464   -1.4213
    1.3415   -2.8475    0.4810   18.6277    5.1806  -23.3591
eta,q 0.96960  9.36327
  0.0314  0.0312  0.0309  0.0310  0.0318  0.0311  0.0313  0.0316  0.0310  0.0314  0.0306  0.0310
  0.0309  0.0308  0.0306  0.0307  0.0312  0.0308  0.0308  0.0309  0.0307  0.0309  0.0305  0.0306
  0.0306  0.0305  0.0305  0.0305  0.0307  0.0305  0.0305  0.0305  0.0305  0.0305  0.0304  0.0304
  0.0304  0.0304  0.0304  0.0304  0.0304  0.0304  0.0304  0.0304  0.0304  0.0304  0.0304  0.0304
  0.0305  0.0305  0.0305  0.0305  0.0304  0.0304  0.0305  0.0306  0.0305  0.0305  0.0304  0.0305
  0.0309  0.0308  0.0306  0.0306  0.0309  0.0306  0.0308  0.0310  0.0307  0.0308  0.0305  0.0307
  0.0314  0.0313  0.0309  0.0310  0.0317  0.0311  0.0313  0.0316  0.0310  0.0314  0.0306  0.0310
niter,ni,del,rscale     2    3    5.0000    0.5000
parameters
    5.9187  -10.4673   22.1136   -9.7171   -6.1549   -1.1961
    1.3346   -2.8933    0.4702   18.6742    4.9812  -23.3918
eta,q 0.96962  9.38205
  0.0311  0.0310  0.0307  0.0308  0.0314  0.0309  0.0310  0.0312  0.0308  0.0311  0.0305  0.0308
  0.0307  0.0306  0.0305  0.0306  0.0309  0.0307  0.0307  0.0307  0.0306  0.0307  0.0304  0.0305
  0.0305  0.0305  0.0304  0.0305  0.0306  0.0305  0.0305  0.0305  0.0304  0.0305  0.0304  0.0304
  0.0304  0.0304  0.0304  0.0304  0.0304  0.0304  0.0304  0.0304  0.0304  0.0304  0.0304  0.0304
  0.0305  0.0305  0.0304  0.0304  0.0304  0.0304  0.0305  0.0305  0.0304  0.0304  0.0304  0.0304
  0.0307  0.0307  0.0305  0.0305  0.0308  0.0305  0.0307  0.0308  0.0306  0.0307  0.0305  0.0306
  0.0311  0.0310  0.0307  0.0308  0.0314  0.0308  0.0311  0.0313  0.0308  0.0311  0.0306  0.0308
niter,ni,del,rscale     1    3    5.0000    0.4000
parameters
    5.9121  -10.4780   22.1637   -9.5611   -6.0976   -0.9172
    1.3252   -2.9678    0.4929   18.7028    4.7517  -23.4078
eta,q 0.96965  9.40219
  0.0308  0.0307  0.0306  0.0306  0.0311  0.0307  0.0308  0.0309  0.0306  0.0309  0.0304  0.0306
  0.0306  0.0305  0.0305  0.0305  0.0307  0.0306  0.0306  0.0306  0.0305  0.0306  0.0304  0.0305
  0.0304  0.0304  0.0304  0.0304  0.0305  0.0304  0.0304  0.0304  0.0304  0.0304  0.0304  0.0304
  0.0304  0.0304  0.0304  0.0304  0.0304  0.0304  0.0304  0.0304  0.0304  0.0304  0.0304  0.0304
  0.0304  0.0304  0.0304  0.0304  0.0304  0.0303  0.0304  0.0304  0.0304  0.0304  0.0304  0.0304
  0.0306  0.0305  0.0305  0.0305  0.0306  0.0304  0.0306  0.0306  0.0305  0.0306  0.0304  0.0305
  0.0308  0.0308  0.0306  0.0306  0.0310  0.0306  0.0308  0.0309  0.0306  0.0308  0.0305  0.0306
registration optimization eta report
parameter search radius
    0.8000    0.8000    0.8000    2.4000    2.4000    2.4000
    2.4000    2.4000    2.4000    2.4000    2.4000    2.4000
100000*second partial in parameter space
       71.       60.       31.        4.       12.        5.
        8.       10.        5.        9.        2.        5.
  0.0308  0.0307  0.0306  0.0306  0.0311  0.0307  0.0308  0.0309  0.0306  0.0309  0.0304  0.0306
  0.0306  0.0305  0.0305  0.0305  0.0307  0.0306  0.0306  0.0306  0.0305  0.0306  0.0304  0.0305
  0.0304  0.0304  0.0304  0.0304  0.0305  0.0304  0.0304  0.0304  0.0304  0.0304  0.0304  0.0304
  0.0304  0.0304  0.0304  0.0304  0.0304  0.0304  0.0304  0.0304  0.0304  0.0304  0.0304  0.0304
  0.0304  0.0304  0.0304  0.0304  0.0304  0.0303  0.0304  0.0304  0.0304  0.0304  0.0304  0.0304
  0.0306  0.0305  0.0305  0.0305  0.0306  0.0304  0.0306  0.0306  0.0305  0.0306  0.0304  0.0305
  0.0308  0.0308  0.0306  0.0306  0.0310  0.0306  0.0308  0.0309  0.0306  0.0308  0.0305  0.0306
    5.9121  -10.4780   22.1637   -9.5611   -6.0976   -0.9172
    1.3252   -2.9678    0.4929   18.7028    4.7517  -23.4078
eta,q 0.96965  9.40219

---------------------------------------------------------------------
compute_vox2vox talsrcimg talsrcimg_to_711-2C_as_mni_average_305_t4 /opt/freesurfer/average/711-2C_as_mni_average_305
---------------------------------------------------------------------

freesurfer compute_vox2vox.c
Reading: talsrcimg.4dfp.ifh
Reading: talsrcimg_to_711-2C_as_mni_average_305_t4
Reading: /opt/freesurfer/average/711-2C_as_mni_average_305.4dfp.ifh
Writing: talsrcimg_to_711-2C_as_mni_average_305_t4_vox2vox.txt

start time Fri Mar 13 23:31:42 CET 2026
end		time Fri Mar 13 23:33:10 CET 2026

mpr2mni305 success

avi2talxfm orig_nu.mgz /opt/freesurfer/average/mni305.cor.mgz talsrcimg_to_711-2C_as_mni_average_305_t4_vox2vox.txt transforms/talairach.auto.xfm
avi2talxfm done
mv -f /out/sourcedata/freesurfer/sub-v2s7x29799_ses-1/mri/talsrcimg_to_711-2C_as_mni_average_305_t4_vox2vox.txt /out/sourcedata/freesurfer/sub-v2s7x29799_ses-1/mri/transforms/talsrcimg_to_711-2C_as_mni_average_305_t4_vox2vox.txt
lta_convert --src orig_nu.mgz --trg /opt/freesurfer/average/mni305.cor.mgz --inxfm transforms/talairach.auto.xfm --outlta transforms/talairach.auto.xfm.lta --subject fsaverage
7.3.2

--src: orig_nu.mgz src image (geometry).
--trg: /opt/freesurfer/average/mni305.cor.mgz trg image (geometry).
--inmni: transforms/talairach.auto.xfm input MNI/XFM transform.
--outlta: transforms/talairach.auto.xfm.lta output LTA.
--s: fsaverage subject name
 LTA read, type : 1
 1.10395   0.03439  -0.00701  -22.41753;
-0.05187   0.96229   0.24061  -30.50919;
 0.00454  -0.19184   1.01705  -8.34816;
 0.00000   0.00000   0.00000   1.00000;
setting subject to fsaverage
Writing  LTA to file transforms/talairach.auto.xfm.lta...
lta_convert successful.
 
 
Started at Fri Mar 13 23:31:41 CET 2026
Ended   at Fri Mar 13 23:33:11 CET 2026
talairach_avi done
