status file for recon-all
Sat Mar 14 00:43:23 CET 2026
#@# Tessellate lh Sat Mar 14 00:43:23 CET 2026
#@# Smooth1 lh Sat Mar 14 00:43:27 CET 2026
#@# Inflation1 lh Sat Mar 14 00:43:29 CET 2026
#@# QSphere lh Sat Mar 14 00:43:39 CET 2026
#@# Fix Topology lh Sat Mar 14 00:44:39 CET 2026
#@# Smooth2 lh Sat Mar 14 00:52:40 CET 2026
#@# Inflation2 lh Sat Mar 14 00:52:43 CET 2026
#@# Curv .H and .K lh Sat Mar 14 00:52:54 CET 2026
#@# Sphere lh Sat Mar 14 00:53:41 CET 2026
#@# Surf Reg lh Sat Mar 14 00:59:08 CET 2026
#@# Jacobian white lh Sat Mar 14 01:04:23 CET 2026
#@# AvgCurv lh Sat Mar 14 01:04:24 CET 2026
#@# Cortical Parc lh Sat Mar 14 01:04:25 CET 2026
#@# white curv lh Sat Mar 14 01:09:10 CET 2026
#@# white area lh Sat Mar 14 01:09:11 CET 2026
#@# pial curv lh Sat Mar 14 01:09:12 CET 2026
#@# pial area lh Sat Mar 14 01:09:14 CET 2026
#@# thickness lh Sat Mar 14 01:09:14 CET 2026
#@# area and vertex vol lh Sat Mar 14 01:09:44 CET 2026
#@# Curvature Stats lh Sat Mar 14 01:09:45 CET 2026
#@# Cortical Parc 2 lh Sat Mar 14 01:09:47 CET 2026
#@# Cortical Parc 3 lh Sat Mar 14 01:10:00 CET 2026
#@# WM/GM Contrast lh Sat Mar 14 01:10:10 CET 2026
recon-all -s sub-v2s7x29677_ses-1 finished without error at Sat Mar 14 01:10:13 CET 2026



#New# invocation of recon-all 



status file for recon-all
Sat Mar 14 01:35:50 CET 2026
#@# white curv lh Sat Mar 14 01:35:50 CET 2026
#@# white area lh Sat Mar 14 01:35:50 CET 2026
#@# pial curv lh Sat Mar 14 01:35:50 CET 2026
#@# pial area lh Sat Mar 14 01:35:50 CET 2026
#@# thickness lh Sat Mar 14 01:35:50 CET 2026
#@# area and vertex vol lh Sat Mar 14 01:35:50 CET 2026
#@# Parcellation Stats lh Sat Mar 14 01:35:50 CET 2026
#@# Parcellation Stats 2 lh Sat Mar 14 01:36:08 CET 2026
#@# Parcellation Stats 3 lh Sat Mar 14 01:36:18 CET 2026
#@# BA_exvivo Labels lh Sat Mar 14 01:36:27 CET 2026
recon-all -s sub-v2s7x29677_ses-1 finished without error at Sat Mar 14 01:38:53 CET 2026
