status file for recon-all
Fri Mar 13 22:59:04 CET 2026
#@# MotionCor Fri Mar 13 22:59:06 CET 2026
#@# Talairach Fri Mar 13 22:59:15 CET 2026
#@# Talairach Failure Detection Fri Mar 13 23:03:40 CET 2026
#@# Nu Intensity Correction Fri Mar 13 23:03:40 CET 2026
#@# Intensity Normalization Fri Mar 13 23:06:53 CET 2026
recon-all -s sub-v2s7x29677_ses-1 finished without error at Fri Mar 13 23:08:15 CET 2026



#New# invocation of recon-all 



status file for recon-all
Fri Mar 13 23:20:56 CET 2026
#@# EM Registration Fri Mar 13 23:20:56 CET 2026
recon-all -s sub-v2s7x29677_ses-1 finished without error at Fri Mar 13 23:22:22 CET 2026



#New# invocation of recon-all 



status file for recon-all
Fri Mar 13 23:22:24 CET 2026
#@# CA Normalize Fri Mar 13 23:22:24 CET 2026
#@# CA Reg Fri Mar 13 23:23:43 CET 2026
#@# SubCort Seg Sat Mar 14 00:09:40 CET 2026
#@# CC Seg Sat Mar 14 00:37:35 CET 2026
#@# Merge ASeg Sat Mar 14 00:38:08 CET 2026
#@# Intensity Normalization2 Sat Mar 14 00:38:08 CET 2026
#@# Mask BFS Sat Mar 14 00:40:19 CET 2026
#@# WM Segmentation Sat Mar 14 00:40:19 CET 2026
#@# Fill Sat Mar 14 00:42:16 CET 2026
recon-all -s sub-v2s7x29677_ses-1 finished without error at Sat Mar 14 00:43:18 CET 2026



#New# invocation of recon-all 



status file for recon-all
Sat Mar 14 01:31:12 CET 2026
#@# white curv lh Sat Mar 14 01:31:12 CET 2026
#@# white area lh Sat Mar 14 01:31:12 CET 2026
#@# pial curv lh Sat Mar 14 01:31:12 CET 2026
#@# pial area lh Sat Mar 14 01:31:12 CET 2026
#@# thickness lh Sat Mar 14 01:31:12 CET 2026
#@# area and vertex vol lh Sat Mar 14 01:31:12 CET 2026
#@# white curv rh Sat Mar 14 01:31:12 CET 2026
#@# white area rh Sat Mar 14 01:31:12 CET 2026
#@# pial curv rh Sat Mar 14 01:31:12 CET 2026
#@# pial area rh Sat Mar 14 01:31:12 CET 2026
#@# thickness rh Sat Mar 14 01:31:12 CET 2026
#@# area and vertex vol rh Sat Mar 14 01:31:12 CET 2026
#@# Cortical ribbon mask Sat Mar 14 01:31:12 CET 2026
recon-all -s sub-v2s7x29677_ses-1 finished without error at Sat Mar 14 01:35:46 CET 2026



#New# invocation of recon-all 



status file for recon-all
Sat Mar 14 01:42:00 CET 2026
#@# white curv lh Sat Mar 14 01:42:00 CET 2026
#@# white area lh Sat Mar 14 01:42:00 CET 2026
#@# pial curv lh Sat Mar 14 01:42:00 CET 2026
#@# pial area lh Sat Mar 14 01:42:00 CET 2026
#@# thickness lh Sat Mar 14 01:42:00 CET 2026
#@# area and vertex vol lh Sat Mar 14 01:42:00 CET 2026
#@# white curv rh Sat Mar 14 01:42:00 CET 2026
#@# white area rh Sat Mar 14 01:42:00 CET 2026
#@# pial curv rh Sat Mar 14 01:42:00 CET 2026
#@# pial area rh Sat Mar 14 01:42:00 CET 2026
#@# thickness rh Sat Mar 14 01:42:00 CET 2026
#@# area and vertex vol rh Sat Mar 14 01:42:00 CET 2026
#@# Curvature Stats lh Sat Mar 14 01:42:00 CET 2026
#@# Curvature Stats rh Sat Mar 14 01:42:03 CET 2026
#@# Relabel Hypointensities Sat Mar 14 01:42:05 CET 2026
#@# APas-to-ASeg Sat Mar 14 01:42:20 CET 2026
#@# AParc-to-ASeg aparc Sat Mar 14 01:42:26 CET 2026
#@# AParc-to-ASeg aparc.a2009s Sat Mar 14 01:42:54 CET 2026
#@# AParc-to-ASeg aparc.DKTatlas Sat Mar 14 01:43:23 CET 2026
#@# WMParc Sat Mar 14 01:43:49 CET 2026
#@# ASeg Stats Sat Mar 14 01:47:36 CET 2026
recon-all -s sub-v2s7x29677_ses-1 finished without error at Sat Mar 14 01:48:09 CET 2026
