status file for recon-all
Sat Mar 14 00:38:37 CET 2026
#@# Tessellate lh Sat Mar 14 00:38:37 CET 2026
#@# Smooth1 lh Sat Mar 14 00:38:40 CET 2026
#@# Inflation1 lh Sat Mar 14 00:38:43 CET 2026
#@# QSphere lh Sat Mar 14 00:38:55 CET 2026
#@# Fix Topology lh Sat Mar 14 00:39:57 CET 2026
#@# Smooth2 lh Sat Mar 14 00:44:14 CET 2026
#@# Inflation2 lh Sat Mar 14 00:44:17 CET 2026
#@# Curv .H and .K lh Sat Mar 14 00:44:29 CET 2026
#@# Sphere lh Sat Mar 14 00:45:06 CET 2026
#@# Surf Reg lh Sat Mar 14 00:47:49 CET 2026
#@# Jacobian white lh Sat Mar 14 00:50:56 CET 2026
#@# AvgCurv lh Sat Mar 14 00:50:57 CET 2026
#@# Cortical Parc lh Sat Mar 14 00:50:57 CET 2026
#@# white curv lh Sat Mar 14 00:56:02 CET 2026
#@# white area lh Sat Mar 14 00:56:03 CET 2026
#@# pial curv lh Sat Mar 14 00:56:04 CET 2026
#@# pial area lh Sat Mar 14 00:56:05 CET 2026
#@# thickness lh Sat Mar 14 00:56:06 CET 2026
#@# area and vertex vol lh Sat Mar 14 00:56:29 CET 2026
#@# Curvature Stats lh Sat Mar 14 00:56:30 CET 2026
#@# Cortical Parc 2 lh Sat Mar 14 00:56:32 CET 2026
#@# Cortical Parc 3 lh Sat Mar 14 00:56:43 CET 2026
#@# WM/GM Contrast lh Sat Mar 14 00:56:51 CET 2026
recon-all -s sub-v2s7x29674_ses-1 finished without error at Sat Mar 14 00:56:53 CET 2026



#New# invocation of recon-all 



status file for recon-all
Sat Mar 14 01:17:37 CET 2026
#@# white curv lh Sat Mar 14 01:17:37 CET 2026
#@# white area lh Sat Mar 14 01:17:37 CET 2026
#@# pial curv lh Sat Mar 14 01:17:37 CET 2026
#@# pial area lh Sat Mar 14 01:17:37 CET 2026
#@# thickness lh Sat Mar 14 01:17:37 CET 2026
#@# area and vertex vol lh Sat Mar 14 01:17:37 CET 2026
#@# Parcellation Stats lh Sat Mar 14 01:17:37 CET 2026
#@# Parcellation Stats 2 lh Sat Mar 14 01:17:50 CET 2026
#@# Parcellation Stats 3 lh Sat Mar 14 01:17:57 CET 2026
#@# BA_exvivo Labels lh Sat Mar 14 01:18:03 CET 2026
recon-all -s sub-v2s7x29674_ses-1 finished without error at Sat Mar 14 01:20:21 CET 2026
