status file for recon-all
Fri Mar 13 22:49:21 CET 2026
#@# MotionCor Fri Mar 13 22:49:23 CET 2026
#@# Talairach Fri Mar 13 22:49:33 CET 2026
#@# Talairach Failure Detection Fri Mar 13 22:53:59 CET 2026
#@# Nu Intensity Correction Fri Mar 13 22:53:59 CET 2026
#@# Intensity Normalization Fri Mar 13 22:57:14 CET 2026
recon-all -s sub-v2s7x29674_ses-1 finished without error at Fri Mar 13 22:59:02 CET 2026



#New# invocation of recon-all 



status file for recon-all
Fri Mar 13 23:11:44 CET 2026
#@# EM Registration Fri Mar 13 23:11:44 CET 2026
recon-all -s sub-v2s7x29674_ses-1 finished without error at Fri Mar 13 23:14:41 CET 2026



#New# invocation of recon-all 



status file for recon-all
Fri Mar 13 23:14:46 CET 2026
#@# CA Normalize Fri Mar 13 23:14:46 CET 2026
#@# CA Reg Fri Mar 13 23:16:05 CET 2026
#@# SubCort Seg Sat Mar 14 00:08:59 CET 2026
#@# CC Seg Sat Mar 14 00:32:59 CET 2026
#@# Merge ASeg Sat Mar 14 00:33:31 CET 2026
#@# Intensity Normalization2 Sat Mar 14 00:33:31 CET 2026
#@# Mask BFS Sat Mar 14 00:35:40 CET 2026
#@# WM Segmentation Sat Mar 14 00:35:40 CET 2026
#@# Fill Sat Mar 14 00:37:28 CET 2026
recon-all -s sub-v2s7x29674_ses-1 finished without error at Sat Mar 14 00:38:33 CET 2026



#New# invocation of recon-all 



status file for recon-all
Sat Mar 14 01:14:17 CET 2026
#@# white curv lh Sat Mar 14 01:14:17 CET 2026
#@# white area lh Sat Mar 14 01:14:17 CET 2026
#@# pial curv lh Sat Mar 14 01:14:17 CET 2026
#@# pial area lh Sat Mar 14 01:14:17 CET 2026
#@# thickness lh Sat Mar 14 01:14:17 CET 2026
#@# area and vertex vol lh Sat Mar 14 01:14:17 CET 2026
#@# white curv rh Sat Mar 14 01:14:17 CET 2026
#@# white area rh Sat Mar 14 01:14:17 CET 2026
#@# pial curv rh Sat Mar 14 01:14:17 CET 2026
#@# pial area rh Sat Mar 14 01:14:17 CET 2026
#@# thickness rh Sat Mar 14 01:14:17 CET 2026
#@# area and vertex vol rh Sat Mar 14 01:14:17 CET 2026
#@# Cortical ribbon mask Sat Mar 14 01:14:17 CET 2026
recon-all -s sub-v2s7x29674_ses-1 finished without error at Sat Mar 14 01:17:34 CET 2026



#New# invocation of recon-all 



status file for recon-all
Sat Mar 14 01:23:11 CET 2026
#@# white curv lh Sat Mar 14 01:23:11 CET 2026
#@# white area lh Sat Mar 14 01:23:11 CET 2026
#@# pial curv lh Sat Mar 14 01:23:11 CET 2026
#@# pial area lh Sat Mar 14 01:23:11 CET 2026
#@# thickness lh Sat Mar 14 01:23:11 CET 2026
#@# area and vertex vol lh Sat Mar 14 01:23:11 CET 2026
#@# white curv rh Sat Mar 14 01:23:11 CET 2026
#@# white area rh Sat Mar 14 01:23:11 CET 2026
#@# pial curv rh Sat Mar 14 01:23:11 CET 2026
#@# pial area rh Sat Mar 14 01:23:11 CET 2026
#@# thickness rh Sat Mar 14 01:23:11 CET 2026
#@# area and vertex vol rh Sat Mar 14 01:23:11 CET 2026
#@# Curvature Stats lh Sat Mar 14 01:23:11 CET 2026
#@# Curvature Stats rh Sat Mar 14 01:23:13 CET 2026
#@# Relabel Hypointensities Sat Mar 14 01:23:16 CET 2026
#@# APas-to-ASeg Sat Mar 14 01:23:29 CET 2026
#@# AParc-to-ASeg aparc Sat Mar 14 01:23:36 CET 2026
#@# AParc-to-ASeg aparc.a2009s Sat Mar 14 01:23:56 CET 2026
#@# AParc-to-ASeg aparc.DKTatlas Sat Mar 14 01:24:15 CET 2026
#@# WMParc Sat Mar 14 01:24:36 CET 2026
#@# ASeg Stats Sat Mar 14 01:28:41 CET 2026
recon-all -s sub-v2s7x29674_ses-1 finished without error at Sat Mar 14 01:29:21 CET 2026
