/out/sourcedata/freesurfer/sub-v2s7x29795_ses-1/mri
/opt/freesurfer/bin/talairach_avi
--i orig_nu.mgz --xfm transforms/talairach.auto.xfm
talairach_avi 7.3.2
Linux dna020 5.14.0-427.37.1.el9_4.x86_64 #1 SMP PREEMPT_DYNAMIC Fri Sep 13 12:41:50 EDT 2024 x86_64 x86_64 x86_64 GNU/Linux
Fri Mar 13 23:25:46 CET 2026
mri_convert orig_nu.mgz talsrcimg.img 
reading from orig_nu.mgz...
TR=0.00, TE=0.00, TI=0.00, flip angle=0.00
i_ras = (-1, 0, 0)
j_ras = (0, 0, -1)
k_ras = (0, 1, 0)
writing to talsrcimg.img...
Analyze Output Matrix
-1.00000   0.00000   0.00000   152.55315;
 0.00000   0.00000   1.00000  -130.48737;
 0.00000  -1.00000   0.00000   147.80219;
 0.00000   0.00000   0.00000   1.00000;
--------------------
INFO: set hdr.hist.orient to -1
mpr2mni305 talsrcimg
Fri Mar 13 23:25:46 CET 2026
/opt/freesurfer/bin/mpr2mni305 talsrcimg
mpr2mni305 7.3.2
target=711-2C_as_mni_average_305

---------------------------------------------------------------------
analyzeto4dfp talsrcimg -O0 -y
---------------------------------------------------------------------

freesurfer ifh2hdr.c
Fri Mar 13 23:25:47 2026
Writing: talsrcimg.4dfp.hdr
freesurfer analyzeto4dfp.c
Reading: talsrcimg.hdr
header size 348 bytes
hdr.dime.datatype	offset=70	value=2
hdr.dime.bitpix		offset=72	value=8
hdr.hist.orient		offset=252	value=-1
dimensionality     4
dimensions       256       256       256         1
Reading: talsrcimg.img
Writing: talsrcimg.4dfp.img
Writing: talsrcimg.4dfp.ifh
ifh2hdr talsrcimg -r0to255
ori=2

---------------------------------------------------------------------
gauss_4dfp talsrcimg 1.1
---------------------------------------------------------------------

freesurfer gauss_4dfp.c
Reading: talsrcimg.4dfp.img
Writing: talsrcimg_g11.4dfp.img
image dimensions 256 256 256 padded to 288 288 288
processing volume 1freesurfer ifh2hdr.c
Fri Mar 13 23:25:48 2026
Writing: talsrcimg_g11.4dfp.hdr

Writing: talsrcimg_g11.4dfp.ifh
including: talsrcimg.4dfp.img.rec in talsrcimg_g11.4dfp.img.rec

---------------------------------------------------------------------
imgreg_4dfp /opt/freesurfer/average/711-2C_as_mni_average_305 none talsrcimg_g11 none talsrcimg_to_711-2C_as_mni_average_305_t4 4355
---------------------------------------------------------------------

freesurfer imgreg_4dfp.c
/opt/freesurfer/average/711-2C_as_mni_average_305.4dfp.img
       256       256       256         1
  1.000000  1.000000  1.000000
orientation T byte_order littleendian
Reading image: /opt/freesurfer/average/711-2C_as_mni_average_305.4dfp.img
dimensions:      256       256       256
mmppix:       1.0000   -1.0000   -1.0000
center:     128.0000 -129.0000 -129.0000
talsrcimg_g11.4dfp.img
       256       256       256         1
  1.000000  1.000000  1.000000
orientation T byte_order littleendian
Reading image: talsrcimg_g11.4dfp.img
dimensions:      256       256       256
mmppix:       1.0000   -1.0000   -1.0000
center:     128.0000 -129.0000 -129.0000
t4_read: open error in t4_sub.f l:  41 t4_file(1:l)talsrcimg_to_711-2C_as_mni_average_305_t4 
t4_read: transform initialized to I4
rotation matrix determinant  1.000000
image alignment mode   4355 decimal     1103 hex
   -7.5000  -45.0000  -45.0000 8295.3223   11.2678
    0.0000  -45.0000  -45.0000 8561.1963   11.2728
    7.5000  -45.0000  -45.0000 8122.0962   11.2844
   -7.5000  -37.5000  -45.0000 8735.0059   11.2906
    0.0000  -37.5000  -45.0000 9009.1064   11.2940
    7.5000  -37.5000  -45.0000 8548.3203   11.2986
   -7.5000  -30.0000  -45.0000 9484.7148   11.3002
    0.0000  -30.0000  -45.0000 9775.8252   11.3029
    7.5000  -30.0000  -45.0000 9270.5518   11.3065
   -7.5000  -22.5000  -45.000010172.5537   11.2834
    0.0000  -22.5000  -45.000010466.4814   11.2870
    7.5000  -22.5000  -45.0000 9931.9180   11.2982
   -7.5000  -15.0000  -45.000010690.8623   11.2598
    0.0000  -15.0000  -45.000010992.5166   11.2651
    7.5000  -15.0000  -45.000010433.5557   11.2837
   -7.5000   -7.5000  -45.000011101.7285   11.2538
    0.0000   -7.5000  -45.000011386.8662   11.2598
    7.5000   -7.5000  -45.000010812.9199   11.2779
   -7.5000    0.0000  -45.000011419.2412   11.2677
    0.0000    0.0000  -45.000011681.9814   11.2728
    7.5000    0.0000  -45.000011106.7598   11.2844
   -7.5000    7.5000  -45.000010853.6738   11.2906
    0.0000    7.5000  -45.000011104.1660   11.2940
    7.5000    7.5000  -45.000010566.6367   11.2986
   -7.5000   15.0000  -45.000010143.6582   11.3002
    0.0000   15.0000  -45.000010394.8193   11.3029
    7.5000   15.0000  -45.0000 9875.6523   11.3065
   -7.5000   22.5000  -45.0000 9350.6279   11.2818
    0.0000   22.5000  -45.0000 9597.6768   11.2854
    7.5000   22.5000  -45.0000 9110.4932   11.2966
   -7.5000   30.0000  -45.0000 8560.3906   11.1104
    0.0000   30.0000  -45.0000 8777.1621   11.1156
    7.5000   30.0000  -45.0000 8336.4033   11.1340
   -7.5000   37.5000  -45.0000 8155.2168   11.1649
    0.0000   37.5000  -45.0000 8334.9277   11.1711
    7.5000   37.5000  -45.0000 7906.6772   11.1894
   -7.5000   45.0000  -45.0000 7473.1602   11.0427
    0.0000   45.0000  -45.0000 7630.8574   11.0487
    7.5000   45.0000  -45.0000 7242.3838   11.0614
   -7.5000  -45.0000  -37.5000 8842.8828   11.2185
    0.0000  -45.0000  -37.5000 9122.1162   11.2222
    7.5000  -45.0000  -37.5000 8649.5693   11.2331
   -7.5000  -37.5000  -37.5000 9301.8438   11.2474
    0.0000  -37.5000  -37.5000 9609.8984   11.2511
    7.5000  -37.5000  -37.5000 9112.4922   11.2547
   -7.5000  -30.0000  -37.500010075.6758   11.2598
    0.0000  -30.0000  -37.500010409.3438   11.2644
    7.5000  -30.0000  -37.5000 9881.3994   11.2685
   -7.5000  -22.5000  -37.500010761.6670   11.2397
    0.0000  -22.5000  -37.500011108.2510   11.2448
    7.5000  -22.5000  -37.500010534.3809   11.2579
   -7.5000  -15.0000  -37.500011314.4277   11.2098
    0.0000  -15.0000  -37.500011661.5947   11.2148
    7.5000  -15.0000  -37.500011042.4443   11.2357
   -7.5000   -7.5000  -37.500011719.0068   11.2010
    0.0000   -7.5000  -37.500012051.3369   11.2055
    7.5000   -7.5000  -37.500011418.8857   11.2246
   -7.5000    0.0000  -37.500012031.1104   11.2185
    0.0000    0.0000  -37.500012346.3311   11.2222
    7.5000    0.0000  -37.500011706.7256   11.2331
   -7.5000    7.5000  -37.500011500.1270   11.2474
    0.0000    7.5000  -37.500011795.9365   11.2511
    7.5000    7.5000  -37.500011185.2285   11.2547
   -7.5000   15.0000  -37.500010753.7812   11.2598
    0.0000   15.0000  -37.500011048.5225   11.2644
    7.5000   15.0000  -37.500010485.8320   11.2685
   -7.5000   22.5000  -37.5000 9909.0830   11.2381
    0.0000   22.5000  -37.500010185.1953   11.2432
    7.5000   22.5000  -37.5000 9669.3223   11.2563
   -7.5000   30.0000  -37.5000 9042.1768   11.0612
    0.0000   30.0000  -37.5000 9281.5869   11.0662
    7.5000   30.0000  -37.5000 8795.3711   11.0869
   -7.5000   37.5000  -37.5000 8591.4951   11.1130
    0.0000   37.5000  -37.5000 8791.4932   11.1177
    7.5000   37.5000  -37.5000 8332.0059   11.1371
   -7.5000   45.0000  -37.5000 7832.1567   10.9947
    0.0000   45.0000  -37.5000 8020.3726   10.9997
    7.5000   45.0000  -37.5000 7614.4639   11.0116
   -7.5000  -45.0000  -30.0000 9602.0166   11.6782
    0.0000  -45.0000  -30.0000 9894.7705   11.6818
    7.5000  -45.0000  -30.0000 9377.6592   11.6925
   -7.5000  -37.5000  -30.000010091.2646   11.7104
    0.0000  -37.5000  -30.000010394.7705   11.7147
    7.5000  -37.5000  -30.0000 9836.1406   11.7198
   -7.5000  -30.0000  -30.000010897.5996   11.7241
    0.0000  -30.0000  -30.000011231.5137   11.7293
    7.5000  -30.0000  -30.000010618.5371   11.7371
   -7.5000  -22.5000  -30.000011621.6055   11.7017
    0.0000  -22.5000  -30.000011960.9277   11.7066
    7.5000  -22.5000  -30.000011329.5879   11.7240
   -7.5000  -15.0000  -30.000012233.4033   11.6683
    0.0000  -15.0000  -30.000012561.8711   11.6725
    7.5000  -15.0000  -30.000011886.1426   11.6965
   -7.5000   -7.5000  -30.000012646.5830   11.6585
    0.0000   -7.5000  -30.000012989.0049   11.6623
    7.5000   -7.5000  -30.000012272.8643   11.6824
   -7.5000    0.0000  -30.000012943.0439   11.6782
    0.0000    0.0000  -30.000013313.5439   11.6817
    7.5000    0.0000  -30.000012576.0000   11.6925
   -7.5000    7.5000  -30.000012392.9131   11.7104
    0.0000    7.5000  -30.000012750.8154   11.7147
    7.5000    7.5000  -30.000012026.0479   11.7198
   -7.5000   15.0000  -30.000011593.1484   11.7241
    0.0000   15.0000  -30.000011944.4307   11.7293
    7.5000   15.0000  -30.000011293.0498   11.7371
   -7.5000   22.5000  -30.000010635.3848   11.6988
    0.0000   22.5000  -30.000010961.0332   11.7038
    7.5000   22.5000  -30.000010391.9551   11.7212
   -7.5000   30.0000  -30.0000 9655.9268   11.5149
    0.0000   30.0000  -30.0000 9951.0703   11.5190
    7.5000   30.0000  -30.0000 9435.1299   11.5428
   -7.5000   37.5000  -30.0000 9162.0420   11.5691
    0.0000   37.5000  -30.0000 9420.2422   11.5732
    7.5000   37.5000  -30.0000 8930.4229   11.5934
   -7.5000   45.0000  -30.0000 8336.1113   11.4561
    0.0000   45.0000  -30.0000 8553.2051   11.4614
    7.5000   45.0000  -30.0000 8122.4966   11.4729
   -7.5000  -45.0000  -22.500010376.1641   12.0767
    0.0000  -45.0000  -22.500010680.7061   12.0820
    7.5000  -45.0000  -22.500010106.7363   12.0931
   -7.5000  -37.5000  -22.500010864.7822   12.1057
    0.0000  -37.5000  -22.500011204.2051   12.1103
    7.5000  -37.5000  -22.500010585.0391   12.1179
   -7.5000  -30.0000  -22.500011697.0293   12.1179
    0.0000  -30.0000  -22.500012069.3105   12.1213
    7.5000  -30.0000  -22.500011393.1709   12.1324
   -7.5000  -22.5000  -22.500012514.0156   12.0970
    0.0000  -22.5000  -22.500012882.6250   12.0999
    7.5000  -22.5000  -22.500012153.6064   12.1192
   -7.5000  -15.0000  -22.500013168.1768   12.0673
    0.0000  -15.0000  -22.500013538.1211   12.0708
    7.5000  -15.0000  -22.500012731.8564   12.0948
   -7.5000   -7.5000  -22.500013610.2480   12.0592
    0.0000   -7.5000  -22.500013990.1738   12.0640
    7.5000   -7.5000  -22.500013143.2100   12.0832
   -7.5000    0.0000  -22.500013941.6152   12.0767
    0.0000    0.0000  -22.500014345.8154   12.0820
    7.5000    0.0000  -22.500013475.1357   12.0931
   -7.5000    7.5000  -22.500013286.0674   12.1057
    0.0000    7.5000  -22.500013667.2158   12.1103
    7.5000    7.5000  -22.500012842.9482   12.1179
   -7.5000   15.0000  -22.500012441.1982   12.1179
    0.0000   15.0000  -22.500012814.5215   12.1213
    7.5000   15.0000  -22.500012053.0381   12.1324
   -7.5000   22.5000  -22.500011398.7070   12.0933
    0.0000   22.5000  -22.500011749.4668   12.0961
    7.5000   22.5000  -22.500011086.8838   12.1155
   -7.5000   30.0000  -22.500010303.1211   11.9104
    0.0000   30.0000  -22.500010623.6553   11.9139
    7.5000   30.0000  -22.500010060.6943   11.9376
   -7.5000   37.5000  -22.5000 9755.4326   11.9689
    0.0000   37.5000  -22.500010047.0068   11.9740
    7.5000   37.5000  -22.5000 9522.9727   11.9934
   -7.5000   45.0000  -22.5000 8871.6748   11.8574
    0.0000   45.0000  -22.5000 9115.6182   11.8643
    7.5000   45.0000  -22.5000 8631.9326   11.8761
   -7.5000  -45.0000  -15.000011114.3652   12.3717
    0.0000  -45.0000  -15.000011443.7686   12.3789
    7.5000  -45.0000  -15.000010800.6553   12.3906
   -7.5000  -37.5000  -15.000011653.9834   12.3950
    0.0000  -37.5000  -15.000012022.5742   12.3995
    7.5000  -37.5000  -15.000011323.6270   12.4083
   -7.5000  -30.0000  -15.000012559.5098   12.4046
    0.0000  -30.0000  -15.000012951.1221   12.4058
    7.5000  -30.0000  -15.000012179.3320   12.4168
   -7.5000  -22.5000  -15.000013428.3320   12.3867
    0.0000  -22.5000  -15.000013823.4717   12.3877
    7.5000  -22.5000  -15.000012962.5273   12.4053
   -7.5000  -15.0000  -15.000014114.1240   12.3630
    0.0000  -15.0000  -15.000014513.1934   12.3668
    7.5000  -15.0000  -15.000013592.8408   12.3884
   -7.5000   -7.5000  -15.000014608.4600   12.3576
    0.0000   -7.5000  -15.000015011.9346   12.3643
    7.5000   -7.5000  -15.000014042.6084   12.3823
   -7.5000    0.0000  -15.000014964.5137   12.3717
    0.0000    0.0000  -15.000015373.9023   12.3789
    7.5000    0.0000  -15.000014382.9229   12.3906
   -7.5000    7.5000  -15.000014174.5898   12.3950
    0.0000    7.5000  -15.000014567.7520   12.3995
    7.5000    7.5000  -15.000013652.5039   12.4083
   -7.5000   15.0000  -15.000013271.0908   12.4046
    0.0000   15.0000  -15.000013636.5684   12.4058
    7.5000   15.0000  -15.000012786.9688   12.4168
   -7.5000   22.5000  -15.000012164.4502   12.3823
    0.0000   22.5000  -15.000012517.9023   12.3833
    7.5000   22.5000  -15.000011771.4805   12.4009
   -7.5000   30.0000  -15.000010996.0166   12.2038
    0.0000   30.0000  -15.000011316.9248   12.2075
    7.5000   30.0000  -15.000010680.0488   12.2289
   -7.5000   37.5000  -15.000010352.4062   12.2662
    0.0000   37.5000  -15.000010668.7500   12.2731
    7.5000   37.5000  -15.000010085.9268   12.2913
   -7.5000   45.0000  -15.0000 9395.0781   12.1534
    0.0000   45.0000  -15.0000 9674.7734   12.1618
    7.5000   45.0000  -15.0000 9137.0928   12.1743
   -7.5000  -45.0000   -7.500011863.0547   12.5250
    0.0000  -45.0000   -7.500012240.3252   12.5322
    7.5000  -45.0000   -7.500011547.4785   12.5449
   -7.5000  -37.5000   -7.500012475.9609   12.5469
    0.0000  -37.5000   -7.500012894.5166   12.5509
    7.5000  -37.5000   -7.500012091.5840   12.5583
   -7.5000  -30.0000   -7.500013453.3779   12.5559
    0.0000  -30.0000   -7.500013874.0186   12.5569
    7.5000  -30.0000   -7.500013006.5977   12.5643
   -7.5000  -22.5000   -7.500014336.2363   12.5389
    0.0000  -22.5000   -7.500014773.9160   12.5406
    7.5000  -22.5000   -7.500013798.2812   12.5546
   -7.5000  -15.0000   -7.500015056.7471   12.5166
    0.0000  -15.0000   -7.500015502.3291   12.5215
    7.5000  -15.0000   -7.500014455.7324   12.5414
   -7.5000   -7.5000   -7.500015627.8037   12.5117
    0.0000   -7.5000   -7.500016067.4609   12.5193
    7.5000   -7.5000   -7.500014967.1660   12.5377
   -7.5000    0.0000   -7.500015987.2881   12.5250
    0.0000    0.0000   -7.500016410.9082   12.5322
    7.5000    0.0000   -7.500015274.3984   12.5449
   -7.5000    7.5000   -7.500015087.7754   12.5469
    0.0000    7.5000   -7.500015484.9072   12.5509
    7.5000    7.5000   -7.500014462.9111   12.5583
   -7.5000   15.0000   -7.500014079.4268   12.5559
    0.0000   15.0000   -7.500014470.6719   12.5569
    7.5000   15.0000   -7.500013546.3389   12.5643
   -7.5000   22.5000   -7.500012906.1025   12.5331
    0.0000   22.5000   -7.500013302.3076   12.5348
    7.5000   22.5000   -7.500012481.9014   12.5488
   -7.5000   30.0000   -7.500011711.0176   12.3549
    0.0000   30.0000   -7.500012054.5586   12.3598
    7.5000   30.0000   -7.500011320.4336   12.3794
   -7.5000   37.5000   -7.500011011.3682   12.4177
    0.0000   37.5000   -7.500011341.6562   12.4254
    7.5000   37.5000   -7.500010666.8877   12.4440
   -7.5000   45.0000   -7.5000 9964.5088   12.3036
    0.0000   45.0000   -7.500010246.0840   12.3117
    7.5000   45.0000   -7.5000 9642.5381   12.3254
   -7.5000  -45.0000    0.000012572.3027   12.5550
    0.0000  -45.0000    0.000012998.3252   12.5607
    7.5000  -45.0000    0.000012213.8916   12.5736
   -7.5000  -37.5000    0.000013231.5625   12.5812
    0.0000  -37.5000    0.000013678.7285   12.5849
    7.5000  -37.5000    0.000012797.5107   12.5901
   -7.5000  -30.0000    0.000014279.3760   12.5923
    0.0000  -30.0000    0.000014729.3779   12.5952
    7.5000  -30.0000    0.000013746.5664   12.5992
   -7.5000  -22.5000    0.000015213.5488   12.5731
    0.0000  -22.5000    0.000015675.0586   12.5771
    7.5000  -22.5000    0.000014585.3477   12.5894
   -7.5000  -15.0000    0.000015929.6699   12.5462
    0.0000  -15.0000    0.000016414.4922   12.5521
    7.5000  -15.0000    0.000015235.0234   12.5726
   -7.5000   -7.5000    0.000016552.9531   12.5392
    0.0000   -7.5000    0.000017002.8320   12.5459
    7.5000   -7.5000    0.000015793.6338   12.5659
   -7.5000    0.0000    0.000016926.2988   12.5550
    0.0000    0.0000    0.000017358.6992   12.5607
    7.5000    0.0000    0.000016110.1289   12.5736
   -7.5000    7.5000    0.000015929.0957   12.5812
    0.0000    7.5000    0.000016328.8662   12.5849
    7.5000    7.5000    0.000015190.3975   12.5901
   -7.5000   15.0000    0.000014834.7773   12.5923
    0.0000   15.0000    0.000015227.9463   12.5952
    7.5000   15.0000    0.000014193.1416   12.5992
   -7.5000   22.5000    0.000013604.0518   12.5673
    0.0000   22.5000    0.000014013.7559   12.5713
    7.5000   22.5000    0.000013100.7080   12.5836
   -7.5000   30.0000    0.000012340.0146   12.3845
    0.0000   30.0000    0.000012700.9287   12.3903
    7.5000   30.0000    0.000011874.7734   12.4106
   -7.5000   37.5000    0.000011617.0693   12.4447
    0.0000   37.5000    0.000011953.2393   12.4516
    7.5000   37.5000    0.000011187.9756   12.4719
   -7.5000   45.0000    0.000010478.3467   12.3322
    0.0000   45.0000    0.000010771.3896   12.3390
    7.5000   45.0000    0.000010112.0498   12.3531
   -7.5000  -45.0000    7.500012308.8594   12.5500
    0.0000  -45.0000    7.500012733.8369   12.5541
    7.5000  -45.0000    7.500011934.4023   12.5663
   -7.5000  -37.5000    7.500012930.3164   12.5824
    0.0000  -37.5000    7.500013353.3086   12.5865
    7.5000  -37.5000    7.500012501.5703   12.5906
   -7.5000  -30.0000    7.500014038.0518   12.5962
    0.0000  -30.0000    7.500014457.4707   12.6015
    7.5000  -30.0000    7.500013466.5322   12.6060
   -7.5000  -22.5000    7.500015061.4180   12.5736
    0.0000  -22.5000    7.500015498.2598   12.5793
    7.5000  -22.5000    7.500014316.3018   12.5940
   -7.5000  -15.0000    7.500015753.9531   12.5400
    0.0000  -15.0000    7.500016195.1436   12.5456
    7.5000  -15.0000    7.500014965.3955   12.5691
   -7.5000   -7.5000    7.500016215.2871   12.5302
    0.0000   -7.5000    7.500016678.9980   12.5353
    7.5000   -7.5000    7.500015455.5439   12.5567
   -7.5000    0.0000    7.500016524.6738   12.5500
    0.0000    0.0000    7.500017004.6348   12.5541
    7.5000    0.0000    7.500015760.1211   12.5663
   -7.5000    7.5000    7.500015565.4688   12.5824
    0.0000    7.5000    7.500015984.6631   12.5865
    7.5000    7.5000    7.500014834.4111   12.5906
   -7.5000   15.0000    7.500014502.8066   12.5962
    0.0000   15.0000    7.500014900.7109   12.6015
    7.5000   15.0000    7.500013832.6875   12.6060
   -7.5000   22.5000    7.500013337.8242   12.5678
    0.0000   22.5000    7.500013715.4004   12.5735
    7.5000   22.5000    7.500012750.2207   12.5882
   -7.5000   30.0000    7.500012096.0791   12.3786
    0.0000   30.0000    7.500012431.7100   12.3842
    7.5000   30.0000    7.500011564.8906   12.4074
   -7.5000   37.5000    7.500011359.7627   12.4366
    0.0000   37.5000    7.500011664.6191   12.4419
    7.5000   37.5000    7.500010873.8994   12.4636
   -7.5000   45.0000    7.500010220.1602   12.3285
    0.0000   45.0000    7.500010482.3271   12.3341
    7.5000   45.0000    7.5000 9789.8496   12.3475
   -7.5000  -45.0000   15.000011880.4883   12.5404
    0.0000  -45.0000   15.000012250.6113   12.5443
    7.5000  -45.0000   15.000011559.7510   12.5558
   -7.5000  -37.5000   15.000012486.0303   12.5750
    0.0000  -37.5000   15.000012868.1426   12.5796
    7.5000  -37.5000   15.000012130.1064   12.5851
   -7.5000  -30.0000   15.000013680.2490   12.5898
    0.0000  -30.0000   15.000014034.0205   12.5953
    7.5000  -30.0000   15.000013097.1104   12.6037
   -7.5000  -22.5000   15.000014763.2178   12.5656
    0.0000  -22.5000   15.000015136.4473   12.5709
    7.5000  -22.5000   15.000013951.3350   12.5897
   -7.5000  -15.0000   15.000015394.2266   12.5298
    0.0000  -15.0000   15.000015823.3555   12.5343
    7.5000  -15.0000   15.000014603.6045   12.5602
   -7.5000   -7.5000   15.000015756.1982   12.5193
    0.0000   -7.5000   15.000016213.6162   12.5234
    7.5000   -7.5000   15.000015054.9512   12.5449
   -7.5000    0.0000   15.000016022.8730   12.5404
    0.0000    0.0000   15.000016454.1465   12.5443
    7.5000    0.0000   15.000015301.3027   12.5558
   -7.5000    7.5000   15.000015097.9316   12.5750
    0.0000    7.5000   15.000015434.6172   12.5796
    7.5000    7.5000   15.000014339.4619   12.5851
   -7.5000   15.0000   15.000014015.0430   12.5898
    0.0000   15.0000   15.000014317.7520   12.5953
    7.5000   15.0000   15.000013299.9482   12.6037
   -7.5000   22.5000   15.000012892.3096   12.5599
    0.0000   22.5000   15.000013198.5762   12.5651
    7.5000   22.5000   15.000012274.6328   12.5839
   -7.5000   30.0000   15.000011692.0762   12.3688
    0.0000   30.0000   15.000011968.3008   12.3732
    7.5000   30.0000   15.000011150.8223   12.3987
   -7.5000   37.5000   15.000010993.4834   12.4269
    0.0000   37.5000   15.000011255.0410   12.4313
    7.5000   37.5000   15.000010489.2725   12.4530
   -7.5000   45.0000   15.0000 9871.0547   12.3219
    0.0000   45.0000   15.000010099.2783   12.3276
    7.5000   45.0000   15.0000 9414.7754   12.3400
   -7.5000  -45.0000   22.500011420.1768   12.5366
    0.0000  -45.0000   22.500011816.3857   12.5421
    7.5000  -45.0000   22.500011137.8379   12.5536
   -7.5000  -37.5000   22.500012034.1309   12.5667
    0.0000  -37.5000   22.500012413.9014   12.5714
    7.5000  -37.5000   22.500011673.7500   12.5794
   -7.5000  -30.0000   22.500013164.8281   12.5793
    0.0000  -30.0000   22.500013521.5137   12.5829
    7.5000  -30.0000   22.500012592.6006   12.5944
   -7.5000  -22.5000   22.500014224.8945   12.5577
    0.0000  -22.5000   22.500014536.2637   12.5606
    7.5000  -22.5000   22.500013398.0566   12.5807
   -7.5000  -15.0000   22.500014982.2061   12.5268
    0.0000  -15.0000   22.500015248.2441   12.5305
    7.5000  -15.0000   22.500014051.5693   12.5554
   -7.5000   -7.5000   22.500015453.2881   12.5184
    0.0000   -7.5000   22.500015687.7334   12.5234
    7.5000   -7.5000   22.500014505.9648   12.5434
   -7.5000    0.0000   22.500015709.7227   12.5366
    0.0000    0.0000   22.500015892.2480   12.5421
    7.5000    0.0000   22.500014739.5244   12.5536
   -7.5000    7.5000   22.500014646.8096   12.5667
    0.0000    7.5000   22.500014825.6768   12.5714
    7.5000    7.5000   22.500013781.8984   12.5794
   -7.5000   15.0000   22.500013446.3027   12.5793
    0.0000   15.0000   22.500013680.2812   12.5829
    7.5000   15.0000   22.500012737.7168   12.5944
   -7.5000   22.5000   22.500012308.4307   12.5519
    0.0000   22.5000   22.500012596.1719   12.5548
    7.5000   22.5000   22.500011728.0059   12.5749
   -7.5000   30.0000   22.500011131.9961   12.3657
    0.0000   30.0000   22.500011442.2080   12.3693
    7.5000   30.0000   22.500010667.1562   12.3939
   -7.5000   37.5000   22.500010453.6855   12.4264
    0.0000   37.5000   22.500010753.8750   12.4317
    7.5000   37.5000   22.500010028.9590   12.4518
   -7.5000   45.0000   22.5000 9347.1992   12.3197
    0.0000   45.0000   22.5000 9613.3545   12.3267
    7.5000   45.0000   22.5000 8981.1055   12.3390
   -7.5000  -45.0000   30.000010928.2305   12.5416
    0.0000  -45.0000   30.000011209.8154   12.5489
    7.5000  -45.0000   30.000010517.5889   12.5608
   -7.5000  -37.5000   30.000011491.8008   12.5652
    0.0000  -37.5000   30.000011768.3975   12.5698
    7.5000  -37.5000   30.000011014.2549   12.5787
   -7.5000  -30.0000   30.000012476.2559   12.5749
    0.0000  -30.0000   30.000012754.4805   12.5762
    7.5000  -30.0000   30.000011853.4238   12.5874
   -7.5000  -22.5000   30.000013312.8066   12.5568
    0.0000  -22.5000   30.000013622.4805   12.5578
    7.5000  -22.5000   30.000012625.8838   12.5757
   -7.5000  -15.0000   30.000013942.6650   12.5328
    0.0000  -15.0000   30.000014281.6416   12.5366
    7.5000  -15.0000   30.000013286.9805   12.5586
   -7.5000   -7.5000   30.000014407.4629   12.5273
    0.0000   -7.5000   30.000014752.5381   12.5341
    7.5000   -7.5000   30.000013747.4375   12.5524
   -7.5000    0.0000   30.000014701.1904   12.5416
    0.0000    0.0000   30.000015040.2646   12.5489
    7.5000    0.0000   30.000014020.5977   12.5608
   -7.5000    7.5000   30.000013768.3994   12.5652
    0.0000    7.5000   30.000014074.7402   12.5698
    7.5000    7.5000   30.000013154.8135   12.5787
   -7.5000   15.0000   30.000012677.5449   12.5749
    0.0000   15.0000   30.000012982.8828   12.5762
    7.5000   15.0000   30.000012138.5791   12.5874
   -7.5000   22.5000   30.000011602.7012   12.5510
    0.0000   22.5000   30.000011905.3057   12.5520
    7.5000   22.5000   30.000011127.0469   12.5699
   -7.5000   30.0000   30.000010504.9922   12.3714
    0.0000   30.0000   30.000010779.2178   12.3752
    7.5000   30.0000   30.000010099.2070   12.3969
   -7.5000   37.5000   30.0000 9842.5254   12.4346
    0.0000   37.5000   30.000010116.3252   12.4417
    7.5000   37.5000   30.0000 9498.7715   12.4601
   -7.5000   45.0000   30.0000 8790.8232   12.3235
    0.0000   45.0000   30.0000 9039.2568   12.3320
    7.5000   45.0000   30.0000 8505.2480   12.3448
   -7.5000  -45.0000   37.500010550.9355   12.5509
    0.0000  -45.0000   37.500010855.4941   12.5581
    7.5000  -45.0000   37.500010193.2832   12.5708
   -7.5000  -37.5000   37.500011062.8428   12.5728
    0.0000  -37.5000   37.500011402.4697   12.5768
    7.5000  -37.5000   37.500010709.5996   12.5843
   -7.5000  -30.0000   37.500011939.7129   12.5819
    0.0000  -30.0000   37.500012311.4053   12.5829
    7.5000  -30.0000   37.500011529.8750   12.5903
   -7.5000  -22.5000   37.500012687.0723   12.5648
    0.0000  -22.5000   37.500013074.9395   12.5665
    7.5000  -22.5000   37.500012285.2705   12.5805
   -7.5000  -15.0000   37.500013275.1934   12.5425
    0.0000  -15.0000   37.500013702.2451   12.5474
    7.5000  -15.0000   37.500012919.4180   12.5673
   -7.5000   -7.5000   37.500013727.4580   12.5376
    0.0000   -7.5000   37.500014172.4453   12.5451
    7.5000   -7.5000   37.500013391.1387   12.5636
   -7.5000    0.0000   37.500014056.2793   12.5509
    0.0000    0.0000   37.500014481.4053   12.5581
    7.5000    0.0000   37.500013692.3711   12.5708
   -7.5000    7.5000   37.500013271.3574   12.5728
    0.0000    7.5000   37.500013637.8477   12.5768
    7.5000    7.5000   37.500012878.5557   12.5843
   -7.5000   15.0000   37.500012281.5977   12.5819
    0.0000   15.0000   37.500012612.1875   12.5829
    7.5000   15.0000   37.500011900.1299   12.5903
   -7.5000   22.5000   37.500011287.8730   12.5590
    0.0000   22.5000   37.500011588.4668   12.5608
    7.5000   22.5000   37.500010886.8037   12.5747
   -7.5000   30.0000   37.500010230.0078   12.3808
    0.0000   30.0000   37.500010503.7568   12.3857
    7.5000   30.0000   37.5000 9851.9014   12.4054
   -7.5000   37.5000   37.5000 9565.9229   12.4437
    0.0000   37.5000   37.5000 9824.3008   12.4514
    7.5000   37.5000   37.5000 9236.9697   12.4701
   -7.5000   45.0000   37.5000 8526.8760   12.3299
    0.0000   45.0000   37.5000 8761.8672   12.3381
    7.5000   45.0000   37.5000 8262.0117   12.3519
   -7.5000  -45.0000   45.0000 9581.9717   12.5234
    0.0000  -45.0000   45.0000 9875.5078   12.5291
    7.5000  -45.0000   45.0000 9348.0449   12.5419
   -7.5000  -37.5000   45.000010071.1006   12.5496
    0.0000  -37.5000   45.000010393.5215   12.5534
    7.5000  -37.5000   45.0000 9840.1289   12.5585
   -7.5000  -30.0000   45.000010870.1426   12.5607
    0.0000  -30.0000   45.000011219.3838   12.5637
    7.5000  -30.0000   45.000010613.7793   12.5677
   -7.5000  -22.5000   45.000011588.4521   12.5415
    0.0000  -22.5000   45.000011940.7607   12.5456
    7.5000  -22.5000   45.000011304.2354   12.5579
   -7.5000  -15.0000   45.000012135.5537   12.5145
    0.0000  -15.0000   45.000012503.5342   12.5204
    7.5000  -15.0000   45.000011863.0947   12.5410
   -7.5000   -7.5000   45.000012598.4473   12.5075
    0.0000   -7.5000   45.000012957.1807   12.5142
    7.5000   -7.5000   45.000012311.5996   12.5342
   -7.5000    0.0000   45.000012941.0723   12.5234
    0.0000    0.0000   45.000013284.4307   12.5291
    7.5000    0.0000   45.000012606.3623   12.5419
   -7.5000    7.5000   45.000012240.5234   12.5496
    0.0000    7.5000   45.000012541.6553   12.5534
    7.5000    7.5000   45.000011885.0371   12.5585
   -7.5000   15.0000   45.000011299.7822   12.5607
    0.0000   15.0000   45.000011592.0391   12.5637
    7.5000   15.0000   45.000010979.4121   12.5677
   -7.5000   22.5000   45.000010366.1631   12.5357
    0.0000   22.5000   45.000010664.2686   12.5397
    7.5000   22.5000   45.000010051.2861   12.5521
   -7.5000   30.0000   45.0000 9405.9873   12.3522
    0.0000   30.0000   45.0000 9675.1230   12.3580
    7.5000   30.0000   45.0000 9115.5469   12.3783
   -7.5000   37.5000   45.0000 8792.3818   12.4124
    0.0000   37.5000   45.0000 9047.5615   12.4194
    7.5000   37.5000   45.0000 8543.0527   12.4397
   -7.5000   45.0000   45.0000 7853.4883   12.3077
    0.0000   45.0000   45.0000 8069.2095   12.3145
    7.5000   45.0000   45.0000 7637.6230   12.3286

---------------------------------------------------------------------
imgreg_4dfp /opt/freesurfer/average/711-2C_as_mni_average_305 /opt/freesurfer/average/711-2B_as_mni_average_305_mask talsrcimg_g11 none talsrcimg_to_711-2C_as_mni_average_305_t4 4355
---------------------------------------------------------------------

freesurfer imgreg_4dfp.c
/opt/freesurfer/average/711-2C_as_mni_average_305.4dfp.img
       256       256       256         1
  1.000000  1.000000  1.000000
orientation T byte_order littleendian
Reading image: /opt/freesurfer/average/711-2C_as_mni_average_305.4dfp.img
dimensions:      256       256       256
mmppix:       1.0000   -1.0000   -1.0000
center:     128.0000 -129.0000 -129.0000
/opt/freesurfer/average/711-2B_as_mni_average_305_mask.4dfp.img
       256       256       256         1
  1.000000  1.000000  1.000000
orientation T byte_order littleendian
Reading mask: /opt/freesurfer/average/711-2B_as_mni_average_305_mask.4dfp.img (2306576 pixels)
talsrcimg_g11.4dfp.img
       256       256       256         1
  1.000000  1.000000  1.000000
orientation T byte_order littleendian
Reading image: talsrcimg_g11.4dfp.img
dimensions:      256       256       256
mmppix:       1.0000   -1.0000   -1.0000
center:     128.0000 -129.0000 -129.0000
rotation matrix determinant  1.000000
image alignment mode   4355 decimal     1103 hex
   -7.5000  -45.0000  -45.0000 2115.6355   12.1442
    0.0000  -45.0000  -45.0000 2112.6118   12.2086
    7.5000  -45.0000  -45.0000 2087.7612   12.4673
   -7.5000  -37.5000  -45.0000 2154.2327   11.6348
    0.0000  -37.5000  -45.0000 2151.1899   11.7030
    7.5000  -37.5000  -45.0000 2124.1963   11.9575
   -7.5000  -30.0000  -45.0000 2179.8882   11.3409
    0.0000  -30.0000  -45.0000 2177.1780   11.3908
    7.5000  -30.0000  -45.0000 2147.2188   11.6549
   -7.5000  -22.5000  -45.0000 2198.2825   11.2000
    0.0000  -22.5000  -45.0000 2190.6304   11.2225
    7.5000  -22.5000  -45.0000 2162.8022   11.5203
   -7.5000  -15.0000  -45.0000 2200.2903   11.2257
    0.0000  -15.0000  -45.0000 2194.4436   11.2452
    7.5000  -15.0000  -45.0000 2162.6204   11.5442
   -7.5000   -7.5000  -45.0000 2190.1094   11.4369
    0.0000   -7.5000  -45.0000 2182.6182   11.4677
    7.5000   -7.5000  -45.0000 2150.1030   11.7735
   -7.5000    0.0000  -45.0000 2157.5564   11.8593
    0.0000    0.0000  -45.0000 2152.1958   11.8931
    7.5000    0.0000  -45.0000 2117.4517   12.2000
   -7.5000    7.5000  -45.0000 2109.7510   12.4635
    0.0000    7.5000  -45.0000 2104.8042   12.4888
    7.5000    7.5000  -45.0000 2071.1794   12.8150
   -7.5000   15.0000  -45.0000 2045.4648   13.2367
    0.0000   15.0000  -45.0000 2039.0889   13.2640
    7.5000   15.0000  -45.0000 2003.3939   13.6514
   -7.5000   22.5000  -45.0000 1965.5469   14.3266
    0.0000   22.5000  -45.0000 1962.5922   14.3805
    7.5000   22.5000  -45.0000 1924.5762   14.8032
   -7.5000   30.0000  -45.0000 1866.1992   15.8569
    0.0000   30.0000  -45.0000 1864.5198   15.9056
    7.5000   30.0000  -45.0000 1827.3710   16.3886
   -7.5000   37.5000  -45.0000 1768.7252   17.9892
    0.0000   37.5000  -45.0000 1760.3971   18.0860
    7.5000   37.5000  -45.0000 1726.5986   18.5334
   -7.5000   45.0000  -45.0000 1660.1665   20.8270
    0.0000   45.0000  -45.0000 1651.6174   20.9011
    7.5000   45.0000  -45.0000 1623.6228   21.3847
   -7.5000  -45.0000  -37.5000 2213.8867   11.1788
    0.0000  -45.0000  -37.5000 2209.8816   11.2539
    7.5000  -45.0000  -37.5000 2180.4939   11.4975
   -7.5000  -37.5000  -37.5000 2256.1853   10.7062
    0.0000  -37.5000  -37.5000 2259.4915   10.7688
    7.5000  -37.5000  -37.5000 2226.8984   11.0017
   -7.5000  -30.0000  -37.5000 2283.2603   10.3851
    0.0000  -30.0000  -37.5000 2286.1240   10.4174
    7.5000  -30.0000  -37.5000 2257.1760   10.6667
   -7.5000  -22.5000  -37.5000 2299.3704   10.2267
    0.0000  -22.5000  -37.5000 2299.2498   10.2543
    7.5000  -22.5000  -37.5000 2265.8413   10.4946
   -7.5000  -15.0000  -37.5000 2305.4773   10.2315
    0.0000  -15.0000  -37.5000 2297.5576   10.2519
    7.5000  -15.0000  -37.5000 2261.1233   10.4893
   -7.5000   -7.5000  -37.5000 2298.0308   10.3907
    0.0000   -7.5000  -37.5000 2290.1167   10.4208
    7.5000   -7.5000  -37.5000 2251.8059   10.6768
   -7.5000    0.0000  -37.5000 2268.0989   10.7669
    0.0000    0.0000  -37.5000 2258.8181   10.7995
    7.5000    0.0000  -37.5000 2220.1304   11.0850
   -7.5000    7.5000  -37.5000 2220.0330   11.3389
    0.0000    7.5000  -37.5000 2210.5862   11.3761
    7.5000    7.5000  -37.5000 2172.7495   11.6660
   -7.5000   15.0000  -37.5000 2146.7786   12.0871
    0.0000   15.0000  -37.5000 2141.9377   12.1176
    7.5000   15.0000  -37.5000 2107.3716   12.4462
   -7.5000   22.5000  -37.5000 2062.4514   13.0580
    0.0000   22.5000  -37.5000 2057.7673   13.0970
    7.5000   22.5000  -37.5000 2022.8436   13.5002
   -7.5000   30.0000  -37.5000 1963.5286   14.4369
    0.0000   30.0000  -37.5000 1952.4646   14.4690
    7.5000   30.0000  -37.5000 1916.0869   14.8998
   -7.5000   37.5000  -37.5000 1854.1355   16.3534
    0.0000   37.5000  -37.5000 1840.1906   16.3768
    7.5000   37.5000  -37.5000 1807.4706   16.8038
   -7.5000   45.0000  -37.5000 1727.7948   18.8946
    0.0000   45.0000  -37.5000 1722.6595   18.9082
    7.5000   45.0000  -37.5000 1697.2162   19.3740
   -7.5000  -45.0000  -30.0000 2360.0818   10.7037
    0.0000  -45.0000  -30.0000 2356.6445   10.7724
    7.5000  -45.0000  -30.0000 2323.2339   10.9901
   -7.5000  -37.5000  -30.0000 2407.2595   10.1942
    0.0000  -37.5000  -30.0000 2402.5723   10.2520
    7.5000  -37.5000  -30.0000 2367.5710   10.4712
   -7.5000  -30.0000  -30.0000 2440.9680    9.8712
    0.0000  -30.0000  -30.0000 2433.3794    9.9277
    7.5000  -30.0000  -30.0000 2395.4177   10.1173
   -7.5000  -22.5000  -30.0000 2451.8560    9.7075
    0.0000  -22.5000  -30.0000 2442.9414    9.7504
    7.5000  -22.5000  -30.0000 2408.5999    9.9616
   -7.5000  -15.0000  -30.0000 2458.3125    9.6947
    0.0000  -15.0000  -30.0000 2445.8142    9.7417
    7.5000  -15.0000  -30.0000 2410.7083    9.9598
   -7.5000   -7.5000  -30.0000 2449.9880    9.8647
    0.0000   -7.5000  -30.0000 2438.5586    9.8982
    7.5000   -7.5000  -30.0000 2401.8428   10.1339
   -7.5000    0.0000  -30.0000 2418.7673   10.2174
    0.0000    0.0000  -30.0000 2409.4902   10.2617
    7.5000    0.0000  -30.0000 2372.8855   10.5059
   -7.5000    7.5000  -30.0000 2371.6240   10.7276
    0.0000    7.5000  -30.0000 2364.7295   10.7930
    7.5000    7.5000  -30.0000 2323.4924   11.0364
   -7.5000   15.0000  -30.0000 2295.3379   11.4322
    0.0000   15.0000  -30.0000 2291.5393   11.4872
    7.5000   15.0000  -30.0000 2251.7598   11.7571
   -7.5000   22.5000  -30.0000 2197.5972   12.3498
    0.0000   22.5000  -30.0000 2194.1052   12.4038
    7.5000   22.5000  -30.0000 2155.5435   12.7313
   -7.5000   30.0000  -30.0000 2088.0439   13.6511
    0.0000   30.0000  -30.0000 2077.8857   13.6910
    7.5000   30.0000  -30.0000 2041.3662   14.0562
   -7.5000   37.5000  -30.0000 1975.1893   15.4494
    0.0000   37.5000  -30.0000 1964.9575   15.4568
    7.5000   37.5000  -30.0000 1928.9426   15.8235
   -7.5000   45.0000  -30.0000 1837.5961   17.7740
    0.0000   45.0000  -30.0000 1829.7843   17.8275
    7.5000   45.0000  -30.0000 1802.2650   18.2173
   -7.5000  -45.0000  -22.5000 2475.6616   10.2277
    0.0000  -45.0000  -22.5000 2471.1418   10.2796
    7.5000  -45.0000  -22.5000 2432.4883   10.4753
   -7.5000  -37.5000  -22.5000 2528.0081    9.6416
    0.0000  -37.5000  -22.5000 2526.2310    9.6881
    7.5000  -37.5000  -22.5000 2486.1052    9.8844
   -7.5000  -30.0000  -22.5000 2563.8176    9.3067
    0.0000  -30.0000  -22.5000 2559.1250    9.3582
    7.5000  -30.0000  -22.5000 2517.6602    9.5444
   -7.5000  -22.5000  -22.5000 2588.8916    9.1592
    0.0000  -22.5000  -22.5000 2577.1255    9.2127
    7.5000  -22.5000  -22.5000 2537.3608    9.3901
   -7.5000  -15.0000  -22.5000 2591.5945    9.1760
    0.0000  -15.0000  -22.5000 2579.2854    9.2292
    7.5000  -15.0000  -22.5000 2537.7209    9.4091
   -7.5000   -7.5000  -22.5000 2583.5771    9.3397
    0.0000   -7.5000  -22.5000 2572.0947    9.3816
    7.5000   -7.5000  -22.5000 2524.9661    9.5762
   -7.5000    0.0000  -22.5000 2553.8550    9.6392
    0.0000    0.0000  -22.5000 2546.5181    9.7027
    7.5000    0.0000  -22.5000 2499.0378    9.8981
   -7.5000    7.5000  -22.5000 2505.6111   10.0921
    0.0000    7.5000  -22.5000 2494.5525   10.1610
    7.5000    7.5000  -22.5000 2446.5049   10.3754
   -7.5000   15.0000  -22.5000 2425.0132   10.7375
    0.0000   15.0000  -22.5000 2414.1812   10.7911
    7.5000   15.0000  -22.5000 2368.3926   11.0213
   -7.5000   22.5000  -22.5000 2317.9363   11.5884
    0.0000   22.5000  -22.5000 2309.5417   11.6434
    7.5000   22.5000  -22.5000 2266.2917   11.9217
   -7.5000   30.0000  -22.5000 2191.7114   12.8029
    0.0000   30.0000  -22.5000 2184.9524   12.8383
    7.5000   30.0000  -22.5000 2148.3052   13.1431
   -7.5000   37.5000  -22.5000 2068.9897   14.4217
    0.0000   37.5000  -22.5000 2060.1326   14.4513
    7.5000   37.5000  -22.5000 2023.3351   14.7903
   -7.5000   45.0000  -22.5000 1931.5101   16.6226
    0.0000   45.0000  -22.5000 1921.2991   16.6784
    7.5000   45.0000  -22.5000 1881.4915   17.0118
   -7.5000  -45.0000  -15.0000 2546.1707    9.7476
    0.0000  -45.0000  -15.0000 2538.3181    9.7984
    7.5000  -45.0000  -15.0000 2499.6895    9.9937
   -7.5000  -37.5000  -15.0000 2618.3779    9.1469
    0.0000  -37.5000  -15.0000 2612.0508    9.1976
    7.5000  -37.5000  -15.0000 2571.6606    9.3567
   -7.5000  -30.0000  -15.0000 2660.7751    8.7902
    0.0000  -30.0000  -15.0000 2655.0083    8.8295
    7.5000  -30.0000  -15.0000 2611.2197    8.9823
   -7.5000  -22.5000  -15.0000 2694.6702    8.6488
    0.0000  -22.5000  -15.0000 2683.0532    8.6866
    7.5000  -22.5000  -15.0000 2634.6184    8.8269
   -7.5000  -15.0000  -15.0000 2703.4697    8.6440
    0.0000  -15.0000  -15.0000 2689.1379    8.6925
    7.5000  -15.0000  -15.0000 2641.7590    8.8416
   -7.5000   -7.5000  -15.0000 2696.2529    8.8067
    0.0000   -7.5000  -15.0000 2684.8657    8.8497
    7.5000   -7.5000  -15.0000 2633.0566    9.0154
   -7.5000    0.0000  -15.0000 2667.6213    9.1062
    0.0000    0.0000  -15.0000 2656.2283    9.1589
    7.5000    0.0000  -15.0000 2603.3511    9.3180
   -7.5000    7.5000  -15.0000 2615.3523    9.5101
    0.0000    7.5000  -15.0000 2602.4465    9.5724
    7.5000    7.5000  -15.0000 2552.0220    9.7630
   -7.5000   15.0000  -15.0000 2530.8240   10.1012
    0.0000   15.0000  -15.0000 2516.9651   10.1516
    7.5000   15.0000  -15.0000 2466.0076   10.3609
   -7.5000   22.5000  -15.0000 2413.6548   10.8959
    0.0000   22.5000  -15.0000 2403.8735   10.9530
    7.5000   22.5000  -15.0000 2358.3098   11.1976
   -7.5000   30.0000  -15.0000 2281.7739   12.0293
    0.0000   30.0000  -15.0000 2273.6816   12.0720
    7.5000   30.0000  -15.0000 2231.0061   12.3478
   -7.5000   37.5000  -15.0000 2142.6653   13.5181
    0.0000   37.5000  -15.0000 2132.9331   13.5681
    7.5000   37.5000  -15.0000 2096.6758   13.8992
   -7.5000   45.0000  -15.0000 1999.5406   15.5645
    0.0000   45.0000  -15.0000 1987.1263   15.5787
    7.5000   45.0000  -15.0000 1952.2249   15.9527
   -7.5000  -45.0000   -7.5000 2587.8083    9.3387
    0.0000  -45.0000   -7.5000 2584.9734    9.3898
    7.5000  -45.0000   -7.5000 2550.1213    9.5764
   -7.5000  -37.5000   -7.5000 2679.3655    8.7177
    0.0000  -37.5000   -7.5000 2675.7781    8.7764
    7.5000  -37.5000   -7.5000 2631.1033    8.9199
   -7.5000  -30.0000   -7.5000 2737.5259    8.3360
    0.0000  -30.0000   -7.5000 2729.1650    8.3794
    7.5000  -30.0000   -7.5000 2684.5173    8.5203
   -7.5000  -22.5000   -7.5000 2774.0376    8.1501
    0.0000  -22.5000   -7.5000 2764.9763    8.1842
    7.5000  -22.5000   -7.5000 2713.4478    8.3261
   -7.5000  -15.0000   -7.5000 2794.6768    8.1276
    0.0000  -15.0000   -7.5000 2783.5403    8.1679
    7.5000  -15.0000   -7.5000 2727.1421    8.3217
   -7.5000   -7.5000   -7.5000 2798.7041    8.2929
    0.0000   -7.5000   -7.5000 2784.2583    8.3338
    7.5000   -7.5000   -7.5000 2724.4065    8.4919
   -7.5000    0.0000   -7.5000 2769.4441    8.5931
    0.0000    0.0000   -7.5000 2754.8447    8.6370
    7.5000    0.0000   -7.5000 2694.8960    8.7887
   -7.5000    7.5000   -7.5000 2707.8040    8.9893
    0.0000    7.5000   -7.5000 2696.0872    9.0441
    7.5000    7.5000   -7.5000 2641.9072    9.2178
   -7.5000   15.0000   -7.5000 2616.0837    9.5320
    0.0000   15.0000   -7.5000 2605.1831    9.5870
    7.5000   15.0000   -7.5000 2553.7388    9.7996
   -7.5000   22.5000   -7.5000 2491.8677   10.3023
    0.0000   22.5000   -7.5000 2484.7825   10.3443
    7.5000   22.5000   -7.5000 2438.4661   10.5861
   -7.5000   30.0000   -7.5000 2356.1104   11.3847
    0.0000   30.0000   -7.5000 2348.8303   11.4161
    7.5000   30.0000   -7.5000 2302.9390   11.6840
   -7.5000   37.5000   -7.5000 2209.5002   12.7983
    0.0000   37.5000   -7.5000 2197.5361   12.8514
    7.5000   37.5000   -7.5000 2158.2571   13.1356
   -7.5000   45.0000   -7.5000 2053.6670   14.6623
    0.0000   45.0000   -7.5000 2039.0333   14.7225
    7.5000   45.0000   -7.5000 2004.9742   15.0552
   -7.5000  -45.0000    0.0000 2616.9419    9.0329
    0.0000  -45.0000    0.0000 2614.7488    9.0887
    7.5000  -45.0000    0.0000 2576.3411    9.2782
   -7.5000  -37.5000    0.0000 2718.2742    8.4167
    0.0000  -37.5000    0.0000 2713.3975    8.4663
    7.5000  -37.5000    0.0000 2667.1760    8.6367
   -7.5000  -30.0000    0.0000 2789.3079    8.0043
    0.0000  -30.0000    0.0000 2780.2498    8.0448
    7.5000  -30.0000    0.0000 2731.7913    8.2011
   -7.5000  -22.5000    0.0000 2840.5317    7.7867
    0.0000  -22.5000    0.0000 2828.4048    7.8219
    7.5000  -22.5000    0.0000 2771.8560    7.9890
   -7.5000  -15.0000    0.0000 2867.8000    7.7310
    0.0000  -15.0000    0.0000 2854.3945    7.7789
    7.5000  -15.0000    0.0000 2789.8379    7.9539
   -7.5000   -7.5000    0.0000 2882.2825    7.8854
    0.0000   -7.5000    0.0000 2864.8848    7.9228
    7.5000   -7.5000    0.0000 2797.1262    8.1128
   -7.5000    0.0000    0.0000 2852.8716    8.1938
    0.0000    0.0000    0.0000 2834.5869    8.2308
    7.5000    0.0000    0.0000 2770.6279    8.4029
   -7.5000    7.5000    0.0000 2782.2861    8.5908
    0.0000    7.5000    0.0000 2768.1609    8.6357
    7.5000    7.5000    0.0000 2711.5588    8.8185
   -7.5000   15.0000    0.0000 2680.8342    9.1119
    0.0000   15.0000    0.0000 2669.1848    9.1762
    7.5000   15.0000    0.0000 2616.8052    9.3926
   -7.5000   22.5000    0.0000 2552.3184    9.8618
    0.0000   22.5000    0.0000 2544.5671    9.9199
    7.5000   22.5000    0.0000 2495.1135   10.1611
   -7.5000   30.0000    0.0000 2412.5894   10.8989
    0.0000   30.0000    0.0000 2403.8167   10.9591
    7.5000   30.0000    0.0000 2353.9849   11.2199
   -7.5000   37.5000    0.0000 2258.5498   12.2558
    0.0000   37.5000    0.0000 2249.2217   12.3136
    7.5000   37.5000    0.0000 2201.8721   12.6017
   -7.5000   45.0000    0.0000 2086.5979   14.0124
    0.0000   45.0000    0.0000 2079.4812   14.0689
    7.5000   45.0000    0.0000 2040.1145   14.3891
   -7.5000  -45.0000    7.5000 2632.4453    8.8212
    0.0000  -45.0000    7.5000 2629.1438    8.8806
    7.5000  -45.0000    7.5000 2584.5408    9.1054
   -7.5000  -37.5000    7.5000 2731.5864    8.2311
    0.0000  -37.5000    7.5000 2724.8760    8.2784
    7.5000  -37.5000    7.5000 2681.8748    8.4685
   -7.5000  -30.0000    7.5000 2820.6929    7.8166
    0.0000  -30.0000    7.5000 2812.8875    7.8462
    7.5000  -30.0000    7.5000 2766.6624    8.0137
   -7.5000  -22.5000    7.5000 2891.5737    7.5927
    0.0000  -22.5000    7.5000 2879.4421    7.6303
    7.5000  -22.5000    7.5000 2817.6206    7.7848
   -7.5000  -15.0000    7.5000 2933.0737    7.4865
    0.0000  -15.0000    7.5000 2916.2510    7.5433
    7.5000  -15.0000    7.5000 2848.6921    7.7348
   -7.5000   -7.5000    7.5000 2944.6416    7.5886
    0.0000   -7.5000    7.5000 2921.7207    7.6512
    7.5000   -7.5000    7.5000 2852.9651    7.8541
   -7.5000    0.0000    7.5000 2909.2104    7.8781
    0.0000    0.0000    7.5000 2886.8735    7.9482
    7.5000    0.0000    7.5000 2818.0022    8.1411
   -7.5000    7.5000    7.5000 2833.8684    8.3027
    0.0000    7.5000    7.5000 2813.2188    8.3883
    7.5000    7.5000    7.5000 2753.2710    8.5904
   -7.5000   15.0000    7.5000 2728.8240    8.8540
    0.0000   15.0000    7.5000 2713.6084    8.9463
    7.5000   15.0000    7.5000 2660.8318    9.1432
   -7.5000   22.5000    7.5000 2592.6553    9.5824
    0.0000   22.5000    7.5000 2579.6292    9.6693
    7.5000   22.5000    7.5000 2530.6799    9.8879
   -7.5000   30.0000    7.5000 2447.8643   10.5660
    0.0000   30.0000    7.5000 2436.7498   10.6438
    7.5000   30.0000    7.5000 2389.7605   10.9080
   -7.5000   37.5000    7.5000 2287.0928   11.8917
    0.0000   37.5000    7.5000 2276.1780   11.9674
    7.5000   37.5000    7.5000 2235.6489   12.2460
   -7.5000   45.0000    7.5000 2117.8027   13.5915
    0.0000   45.0000    7.5000 2104.7847   13.6751
    7.5000   45.0000    7.5000 2065.1096   14.0016
   -7.5000  -45.0000   15.0000 2614.3452    8.7739
    0.0000  -45.0000   15.0000 2605.4873    8.8117
    7.5000  -45.0000   15.0000 2567.9639    9.1099
   -7.5000  -37.5000   15.0000 2723.8618    8.1771
    0.0000  -37.5000   15.0000 2714.1040    8.2012
    7.5000  -37.5000   15.0000 2676.6523    8.4545
   -7.5000  -30.0000   15.0000 2826.1226    7.7667
    0.0000  -30.0000   15.0000 2817.3206    7.7870
    7.5000  -30.0000   15.0000 2774.0049    7.9991
   -7.5000  -22.5000   15.0000 2909.4270    7.5543
    0.0000  -22.5000   15.0000 2902.0408    7.5633
    7.5000  -22.5000   15.0000 2840.7439    7.7553
   -7.5000  -15.0000   15.0000 2972.5864    7.4225
    0.0000  -15.0000   15.0000 2954.9087    7.4692
    7.5000  -15.0000   15.0000 2880.4841    7.6751
   -7.5000   -7.5000   15.0000 2979.3176    7.4408
    0.0000   -7.5000   15.0000 2951.6809    7.5161
    7.5000   -7.5000   15.0000 2879.0791    7.7569
   -7.5000    0.0000   15.0000 2930.9907    7.6979
    0.0000    0.0000   15.0000 2902.4856    7.7796
    7.5000    0.0000   15.0000 2839.3220    8.0080
   -7.5000    7.5000   15.0000 2846.4426    8.1823
    0.0000    7.5000   15.0000 2823.1987    8.2401
    7.5000    7.5000   15.0000 2766.6689    8.4518
   -7.5000   15.0000   15.0000 2734.3235    8.7738
    0.0000   15.0000   15.0000 2720.0447    8.7987
    7.5000   15.0000   15.0000 2668.8872    9.0288
   -7.5000   22.5000   15.0000 2599.2515    9.5134
    0.0000   22.5000   15.0000 2587.8411    9.5252
    7.5000   22.5000   15.0000 2543.2061    9.7690
   -7.5000   30.0000   15.0000 2452.9133   10.4833
    0.0000   30.0000   15.0000 2442.6846   10.4930
    7.5000   30.0000   15.0000 2398.9219   10.7677
   -7.5000   37.5000   15.0000 2296.1404   11.7992
    0.0000   37.5000   15.0000 2285.3315   11.8222
    7.5000   37.5000   15.0000 2241.6611   12.1053
   -7.5000   45.0000   15.0000 2122.3474   13.4696
    0.0000   45.0000   15.0000 2111.3591   13.4869
    7.5000   45.0000   15.0000 2072.1116   13.8128
   -7.5000  -45.0000   22.5000 2577.7864    8.9085
    0.0000  -45.0000   22.5000 2572.4182    8.9774
    7.5000  -45.0000   22.5000 2541.2466    9.3002
   -7.5000  -37.5000   22.5000 2696.3662    8.2984
    0.0000  -37.5000   22.5000 2687.9651    8.3418
    7.5000  -37.5000   22.5000 2654.2285    8.6000
   -7.5000  -30.0000   22.5000 2806.0039    7.8876
    0.0000  -30.0000   22.5000 2799.0559    7.9259
    7.5000  -30.0000   22.5000 2760.6423    8.1362
   -7.5000  -22.5000   22.5000 2901.4707    7.6543
    0.0000  -22.5000   22.5000 2893.6296    7.6658
    7.5000  -22.5000   22.5000 2837.6824    7.8433
   -7.5000  -15.0000   22.5000 2970.0586    7.5382
    0.0000  -15.0000   22.5000 2948.1926    7.5536
    7.5000  -15.0000   22.5000 2877.9824    7.7358
   -7.5000   -7.5000   22.5000 2983.3528    7.5604
    0.0000   -7.5000   22.5000 2955.4290    7.5741
    7.5000   -7.5000   22.5000 2881.0420    7.7979
   -7.5000    0.0000   22.5000 2928.2209    7.7905
    0.0000    0.0000   22.5000 2900.8586    7.8128
    7.5000    0.0000   22.5000 2834.9575    8.0429
   -7.5000    7.5000   22.5000 2833.7471    8.2157
    0.0000    7.5000   22.5000 2814.3430    8.2409
    7.5000    7.5000   22.5000 2758.4116    8.4585
   -7.5000   15.0000   22.5000 2711.8718    8.7985
    0.0000   15.0000   22.5000 2701.0723    8.8299
    7.5000   15.0000   22.5000 2655.4460    9.0467
   -7.5000   22.5000   22.5000 2579.0730    9.5415
    0.0000   22.5000   22.5000 2572.9465    9.5680
    7.5000   22.5000   22.5000 2530.6177    9.7982
   -7.5000   30.0000   22.5000 2432.6394   10.5010
    0.0000   30.0000   22.5000 2427.3782   10.5389
    7.5000   30.0000   22.5000 2386.4453   10.7696
   -7.5000   37.5000   22.5000 2279.7498   11.7717
    0.0000   37.5000   22.5000 2271.4553   11.8247
    7.5000   37.5000   22.5000 2231.5879   12.0634
   -7.5000   45.0000   22.5000 2103.9209   13.3872
    0.0000   45.0000   22.5000 2095.4573   13.4430
    7.5000   45.0000   22.5000 2061.0771   13.7235
   -7.5000  -45.0000   30.0000 2537.8062    9.2994
    0.0000  -45.0000   30.0000 2524.2056    9.3248
    7.5000  -45.0000   30.0000 2496.3091    9.6341
   -7.5000  -37.5000   30.0000 2649.0725    8.6524
    0.0000  -37.5000   30.0000 2639.3760    8.6802
    7.5000  -37.5000   30.0000 2607.4275    8.9221
   -7.5000  -30.0000   30.0000 2755.9629    8.2111
    0.0000  -30.0000   30.0000 2744.8479    8.2358
    7.5000  -30.0000   30.0000 2703.6672    8.4321
   -7.5000  -22.5000   30.0000 2854.3169    7.8835
    0.0000  -22.5000   30.0000 2843.0320    7.9169
    7.5000  -22.5000   30.0000 2787.7249    8.1042
   -7.5000  -15.0000   30.0000 2915.7029    7.7181
    0.0000  -15.0000   30.0000 2901.3850    7.7860
    7.5000  -15.0000   30.0000 2835.8069    7.9844
   -7.5000   -7.5000   30.0000 2925.2703    7.7617
    0.0000   -7.5000   30.0000 2908.4910    7.8179
    7.5000   -7.5000   30.0000 2841.4597    8.0275
   -7.5000    0.0000   30.0000 2868.8828    8.0407
    0.0000    0.0000   30.0000 2853.3345    8.0830
    7.5000    0.0000   30.0000 2792.1401    8.2776
   -7.5000    7.5000   30.0000 2786.6592    8.4720
    0.0000    7.5000   30.0000 2770.3000    8.5040
    7.5000    7.5000   30.0000 2720.2756    8.6946
   -7.5000   15.0000   30.0000 2670.4976    9.0282
    0.0000   15.0000   30.0000 2659.0149    9.0592
    7.5000   15.0000   30.0000 2619.0591    9.2749
   -7.5000   22.5000   30.0000 2538.1299    9.7282
    0.0000   22.5000   30.0000 2533.7893    9.7511
    7.5000   22.5000   30.0000 2498.7595    9.9914
   -7.5000   30.0000   30.0000 2398.4382   10.6638
    0.0000   30.0000   30.0000 2392.6228   10.6687
    7.5000   30.0000   30.0000 2358.5247   10.9276
   -7.5000   37.5000   30.0000 2244.2056   11.8866
    0.0000   37.5000   30.0000 2241.9126   11.9067
    7.5000   37.5000   30.0000 2207.6528   12.1709
   -7.5000   45.0000   30.0000 2072.2959   13.4495
    0.0000   45.0000   30.0000 2068.4189   13.4787
    7.5000   45.0000   30.0000 2039.6863   13.7793
   -7.5000  -45.0000   37.5000 2480.2239    9.7984
    0.0000  -45.0000   37.5000 2469.0083    9.8542
    7.5000  -45.0000   37.5000 2436.8799   10.1613
   -7.5000  -37.5000   37.5000 2590.7378    9.0855
    0.0000  -37.5000   37.5000 2580.0474    9.1509
    7.5000  -37.5000   37.5000 2549.2766    9.4242
   -7.5000  -30.0000   37.5000 2695.5254    8.5578
    0.0000  -30.0000   37.5000 2686.2263    8.6231
    7.5000  -30.0000   37.5000 2646.1687    8.8569
   -7.5000  -22.5000   37.5000 2786.9812    8.1985
    0.0000  -22.5000   37.5000 2775.1025    8.2492
    7.5000  -22.5000   37.5000 2727.0583    8.5037
   -7.5000  -15.0000   37.5000 2835.4946    8.0459
    0.0000  -15.0000   37.5000 2820.6819    8.1139
    7.5000  -15.0000   37.5000 2765.9138    8.3783
   -7.5000   -7.5000   37.5000 2835.8669    8.1108
    0.0000   -7.5000   37.5000 2823.9209    8.1687
    7.5000   -7.5000   37.5000 2770.4390    8.4353
   -7.5000    0.0000   37.5000 2788.4529    8.3788
    0.0000    0.0000   37.5000 2778.2063    8.4291
    7.5000    0.0000   37.5000 2727.2075    8.6709
   -7.5000    7.5000   37.5000 2717.9307    8.8136
    0.0000    7.5000   37.5000 2704.9529    8.8579
    7.5000    7.5000   37.5000 2660.6721    9.0804
   -7.5000   15.0000   37.5000 2612.1924    9.3860
    0.0000   15.0000   37.5000 2602.8030    9.4320
    7.5000   15.0000   37.5000 2564.1860    9.6513
   -7.5000   22.5000   37.5000 2488.7209   10.1063
    0.0000   22.5000   37.5000 2483.8730   10.1347
    7.5000   22.5000   37.5000 2444.6240   10.3718
   -7.5000   30.0000   37.5000 2345.3215   11.0337
    0.0000   30.0000   37.5000 2344.5125   11.0356
    7.5000   30.0000   37.5000 2306.6904   11.2852
   -7.5000   37.5000   37.5000 2190.8806   12.2432
    0.0000   37.5000   37.5000 2190.6079   12.2359
    7.5000   37.5000   37.5000 2158.5925   12.4755
   -7.5000   45.0000   37.5000 2031.4133   13.7575
    0.0000   45.0000   37.5000 2027.3453   13.7675
    7.5000   45.0000   37.5000 1998.0699   14.0582
   -7.5000  -45.0000   45.0000 2419.8669   10.3825
    0.0000  -45.0000   45.0000 2407.8911   10.4543
    7.5000  -45.0000   45.0000 2375.3560   10.8409
   -7.5000  -37.5000   45.0000 2527.6248    9.6299
    0.0000  -37.5000   45.0000 2517.6143    9.6878
    7.5000  -37.5000   45.0000 2484.1936   10.0397
   -7.5000  -30.0000   45.0000 2626.7227    9.0733
    0.0000  -30.0000   45.0000 2617.7217    9.1203
    7.5000  -30.0000   45.0000 2579.8352    9.4250
   -7.5000  -22.5000   45.0000 2704.1045    8.7263
    0.0000  -22.5000   45.0000 2693.6296    8.7802
    7.5000  -22.5000   45.0000 2648.3599    9.0674
   -7.5000  -15.0000   45.0000 2735.0674    8.5682
    0.0000  -15.0000   45.0000 2724.2153    8.6165
    7.5000  -15.0000   45.0000 2677.7634    8.9002
   -7.5000   -7.5000   45.0000 2727.9885    8.6529
    0.0000   -7.5000   45.0000 2718.0037    8.6816
    7.5000   -7.5000   45.0000 2675.3506    8.9621
   -7.5000    0.0000   45.0000 2687.7612    8.9231
    0.0000    0.0000   45.0000 2678.0840    8.9335
    7.5000    0.0000   45.0000 2635.5708    9.1889
   -7.5000    7.5000   45.0000 2629.7568    9.3445
    0.0000    7.5000   45.0000 2616.5544    9.3682
    7.5000    7.5000   45.0000 2576.6479    9.6054
   -7.5000   15.0000   45.0000 2532.5083    9.8813
    0.0000   15.0000   45.0000 2524.3899    9.9208
    7.5000   15.0000   45.0000 2490.1465   10.1640
   -7.5000   22.5000   45.0000 2421.6404   10.5888
    0.0000   22.5000   45.0000 2419.3423   10.6090
    7.5000   22.5000   45.0000 2380.5076   10.8604
   -7.5000   30.0000   45.0000 2286.1860   11.5158
    0.0000   30.0000   45.0000 2284.3396   11.5182
    7.5000   30.0000   45.0000 2245.6438   11.7878
   -7.5000   37.5000   45.0000 2134.7424   12.7344
    0.0000   37.5000   45.0000 2132.3337   12.7337
    7.5000   37.5000   45.0000 2101.1497   12.9893
   -7.5000   45.0000   45.0000 1982.1654   14.2730
    0.0000   45.0000   45.0000 1976.4971   14.2638
    7.5000   45.0000   45.0000 1952.3019   14.5472

---------------------------------------------------------------------
imgreg_4dfp /opt/freesurfer/average/711-2C_as_mni_average_305 /opt/freesurfer/average/711-2B_as_mni_average_305_mask talsrcimg_g11 none talsrcimg_to_711-2C_as_mni_average_305_t4 1283
---------------------------------------------------------------------

freesurfer imgreg_4dfp.c
/opt/freesurfer/average/711-2C_as_mni_average_305.4dfp.img
       256       256       256         1
  1.000000  1.000000  1.000000
orientation T byte_order littleendian
Reading image: /opt/freesurfer/average/711-2C_as_mni_average_305.4dfp.img
dimensions:      256       256       256
mmppix:       1.0000   -1.0000   -1.0000
center:     128.0000 -129.0000 -129.0000
/opt/freesurfer/average/711-2B_as_mni_average_305_mask.4dfp.img
       256       256       256         1
  1.000000  1.000000  1.000000
orientation T byte_order littleendian
Reading mask: /opt/freesurfer/average/711-2B_as_mni_average_305_mask.4dfp.img (2306576 pixels)
talsrcimg_g11.4dfp.img
       256       256       256         1
  1.000000  1.000000  1.000000
orientation T byte_order littleendian
Reading image: talsrcimg_g11.4dfp.img
dimensions:      256       256       256
mmppix:       1.0000   -1.0000   -1.0000
center:     128.0000 -129.0000 -129.0000
rotation matrix determinant  1.000000
fimgreg.f
image alignment mode   1283 decimal      503 hex
parameters
   -7.5000   -7.5000   22.5000    0.0000    0.0000    0.0000
eta,q 0.93533  7.60917
niter,ni,del,rscale     5    3   12.0000    1.2000
parameter  2  0.766792 ->  0.500000 qaram    1.1500
parameter  3  0.680609 ->  0.500000 qaram    1.1500
parameter  4  3.970339 ->  0.500000 qaram    1.1500
parameters
   -5.0613  -10.9500   19.0500   -3.4500    0.9929    1.8463
eta,q 0.94582  7.45584
  0.0856  0.0620  0.0614  0.0532  0.0653  0.0628
  0.0778  0.0625  0.0602  0.0545  0.0608  0.0597
  0.0721  0.0634  0.0606  0.0574  0.0573  0.0569
  0.0678  0.0651  0.0630  0.0604  0.0552  0.0548
  0.0651  0.0674  0.0672  0.0618  0.0552  0.0542
  0.0659  0.0708  0.0722  0.0645  0.0576  0.0552
  0.0701  0.0773  0.0772  0.0683  0.0604  0.0571
niter,ni,del,rscale     7    3   12.0000    1.2000
parameter  4  5.202359 ->  0.500000 qaram    1.3225
parameters
   -4.9286  -10.3307   17.3053   -7.4175    1.4268    1.9811
eta,q 0.95138  7.44786
  0.0688  0.0658  0.0587  0.0468  0.0560  0.0547
  0.0621  0.0594  0.0563  0.0482  0.0526  0.0518
  0.0568  0.0562  0.0543  0.0503  0.0501  0.0497
  0.0542  0.0542  0.0539  0.0539  0.0487  0.0486
  0.0561  0.0543  0.0572  0.0591  0.0490  0.0491
  0.0611  0.0574  0.0620  0.0620  0.0513  0.0512
  0.0678  0.0623  0.0676  0.0636  0.0544  0.0545
niter,ni,del,rscale     7    3   12.0000    1.2000
parameter  4  0.915249 ->  0.500000 qaram    1.5209
parameters
   -5.1285   -8.4787   16.8103  -11.9801    1.6966    1.5379
eta,q 0.95697  7.45874
  0.0622  0.0634  0.0553  0.0423  0.0515  0.0483
  0.0555  0.0580  0.0497  0.0429  0.0484  0.0453
  0.0504  0.0535  0.0472  0.0446  0.0454  0.0434
  0.0486  0.0486  0.0465  0.0465  0.0433  0.0431
  0.0512  0.0465  0.0486  0.0513  0.0434  0.0443
  0.0568  0.0489  0.0522  0.0587  0.0467  0.0467
  0.0640  0.0547  0.0575  0.0636  0.0511  0.0498
niter,ni,del,rscale     7    3   12.0000    1.2000
parameters
   -5.2849   -6.8831   16.0291  -15.2558    2.2338    1.2355
eta,q 0.95981  7.41583
  0.0603  0.0617  0.0504  0.0450  0.0495  0.0458
  0.0518  0.0524  0.0448  0.0405  0.0460  0.0425
  0.0451  0.0463  0.0429  0.0404  0.0426  0.0405
  0.0430  0.0430  0.0422  0.0423  0.0404  0.0402
  0.0464  0.0424  0.0437  0.0453  0.0408  0.0409
  0.0535  0.0450  0.0482  0.0505  0.0437  0.0433
  0.0616  0.0497  0.0554  0.0591  0.0473  0.0472
niter,ni,del,rscale     6    3   12.0000    1.2000
parameters
   -5.4308   -6.2408   15.1560  -15.6042    2.5040    1.1911
eta,q 0.96056  7.40149
  0.0580  0.0589  0.0486  0.0515  0.0484  0.0458
  0.0490  0.0479  0.0420  0.0433  0.0449  0.0424
  0.0422  0.0419  0.0398  0.0398  0.0414  0.0401
  0.0402  0.0402  0.0400  0.0397  0.0395  0.0394
  0.0435  0.0408  0.0425  0.0425  0.0404  0.0400
  0.0505  0.0453  0.0466  0.0460  0.0435  0.0423
  0.0593  0.0520  0.0533  0.0516  0.0474  0.0462
niter,ni,del,rscale     5    3   12.0000    1.2000
parameters
   -5.5420   -6.2795   15.1464  -15.6118    2.6295    1.2052
eta,q 0.96060  7.40014
  0.0579  0.0550  0.0518  0.0523  0.0482  0.0459
  0.0488  0.0450  0.0436  0.0442  0.0445  0.0424
  0.0417  0.0406  0.0399  0.0397  0.0411  0.0401
  0.0394  0.0394  0.0394  0.0394  0.0394  0.0394
  0.0427  0.0412  0.0414  0.0420  0.0406  0.0399
  0.0500  0.0469  0.0450  0.0456  0.0438  0.0422
  0.0589  0.0541  0.0505  0.0506  0.0478  0.0461
niter,ni,del,rscale     4    3   12.0000    1.2000
parameters
   -5.5859   -6.2808   15.1416  -15.6199    2.6779    1.2108
eta,q 0.96062  7.39951
  0.0583  0.0552  0.0519  0.0523  0.0481  0.0459
  0.0490  0.0451  0.0437  0.0442  0.0444  0.0424
  0.0418  0.0406  0.0399  0.0397  0.0410  0.0401
  0.0394  0.0394  0.0394  0.0394  0.0394  0.0394
  0.0425  0.0412  0.0414  0.0420  0.0407  0.0399
  0.0496  0.0467  0.0450  0.0456  0.0440  0.0422
  0.0585  0.0539  0.0505  0.0506  0.0480  0.0461
registration optimization eta report
parameter search radius
    6.0000    6.9000    6.9000    9.1253    6.0000    6.0000
100000*second partial in parameter space
       52.       32.       25.       14.       23.       19.
  0.0583  0.0552  0.0519  0.0523  0.0481  0.0459
  0.0490  0.0451  0.0437  0.0442  0.0444  0.0424
  0.0418  0.0406  0.0399  0.0397  0.0410  0.0401
  0.0394  0.0394  0.0394  0.0394  0.0394  0.0394
  0.0425  0.0412  0.0414  0.0420  0.0407  0.0399
  0.0496  0.0467  0.0450  0.0456  0.0440  0.0422
  0.0585  0.0539  0.0505  0.0506  0.0480  0.0461
   -5.5859   -6.2808   15.1416  -15.6199    2.6779    1.2108
eta,q 0.96062  7.39951

---------------------------------------------------------------------
imgreg_4dfp /opt/freesurfer/average/711-2C_as_mni_average_305 /opt/freesurfer/average/711-2B_as_mni_average_305_mask talsrcimg_g11 none talsrcimg_to_711-2C_as_mni_average_305_t4 3335
---------------------------------------------------------------------

freesurfer imgreg_4dfp.c
/opt/freesurfer/average/711-2C_as_mni_average_305.4dfp.img
       256       256       256         1
  1.000000  1.000000  1.000000
orientation T byte_order littleendian
Reading image: /opt/freesurfer/average/711-2C_as_mni_average_305.4dfp.img
dimensions:      256       256       256
mmppix:       1.0000   -1.0000   -1.0000
center:     128.0000 -129.0000 -129.0000
/opt/freesurfer/average/711-2B_as_mni_average_305_mask.4dfp.img
       256       256       256         1
  1.000000  1.000000  1.000000
orientation T byte_order littleendian
Reading mask: /opt/freesurfer/average/711-2B_as_mni_average_305_mask.4dfp.img (2306576 pixels)
talsrcimg_g11.4dfp.img
       256       256       256         1
  1.000000  1.000000  1.000000
orientation T byte_order littleendian
Reading image: talsrcimg_g11.4dfp.img
dimensions:      256       256       256
mmppix:       1.0000   -1.0000   -1.0000
center:     128.0000 -129.0000 -129.0000
fimgreg.f
image alignment mode   3335 decimal      D07 hex
parameters
   -5.5859   -6.2808   15.1416   -0.1315   -3.6880   -3.7983
   -0.7774   -5.0675    2.1108   26.8244    4.6720  -26.8961
eta,q 0.96171  7.42077
niter,ni,del,rscale     5    3    5.0000    1.2000
parameter  4  1.036655 ->  0.500000 qaram    1.1500
parameter  5  1.262087 ->  0.500000 qaram    1.1500
parameter  6  0.993041 ->  0.500000 qaram    1.1500
parameters
   -5.5710   -5.8165   15.2293   -4.2715   -7.8280   -7.9383
   -0.6116   -3.7357    3.4598   23.6567    5.9384  -25.2787
eta,q 0.97199  7.16775
  0.0417  0.0416  0.0402  0.0350  0.0319  0.0287  0.0319  0.0354  0.0317  0.0292  0.0302  0.0310
  0.0398  0.0401  0.0391  0.0353  0.0326  0.0288  0.0304  0.0325  0.0303  0.0283  0.0292  0.0296
  0.0387  0.0389  0.0385  0.0364  0.0338  0.0302  0.0294  0.0302  0.0294  0.0282  0.0285  0.0286
  0.0383  0.0383  0.0382  0.0382  0.0355  0.0329  0.0290  0.0290  0.0289  0.0288  0.0281  0.0281
  0.0387  0.0382  0.0383  0.0407  0.0379  0.0363  0.0293  0.0290  0.0288  0.0301  0.0281  0.0281
  0.0398  0.0388  0.0389  0.0440  0.0409  0.0407  0.0302  0.0301  0.0293  0.0323  0.0285  0.0285
  0.0416  0.0398  0.0399  0.0477  0.0441  0.0456  0.0316  0.0320  0.0302  0.0353  0.0292  0.0292
niter,ni,del,rscale     7    3    5.0000    1.2000
parameters
   -5.3196   -6.1630   14.6704   -6.7692  -11.1011  -11.1151
   -0.7375   -3.7167    3.7998   23.3613    6.0150  -26.7813
eta,q 0.97332  6.95118
  0.0324  0.0298  0.0292  0.0290  0.0282  0.0285  0.0293  0.0311  0.0287  0.0289  0.0278  0.0276
  0.0302  0.0286  0.0282  0.0281  0.0274  0.0274  0.0279  0.0287  0.0278  0.0277  0.0272  0.0269
  0.0287  0.0280  0.0278  0.0276  0.0272  0.0267  0.0271  0.0273  0.0271  0.0270  0.0269  0.0267
  0.0280  0.0280  0.0279  0.0278  0.0276  0.0272  0.0268  0.0268  0.0268  0.0268  0.0268  0.0268
  0.0281  0.0285  0.0286  0.0288  0.0287  0.0294  0.0271  0.0273  0.0269  0.0270  0.0269  0.0271
  0.0291  0.0296  0.0298  0.0307  0.0302  0.0328  0.0280  0.0287  0.0275  0.0279  0.0272  0.0277
  0.0309  0.0312  0.0314  0.0338  0.0326  0.0373  0.0294  0.0310  0.0285  0.0294  0.0278  0.0286
niter,ni,del,rscale     6    3    5.0000    1.2000
parameters
   -5.1489   -5.9712   13.8884   -6.3930  -11.0187  -12.5084
   -0.7011   -3.6177    4.0098   23.9710    5.8058  -27.3579
eta,q 0.97341  6.93760
  0.0306  0.0297  0.0273  0.0291  0.0291  0.0290  0.0293  0.0309  0.0285  0.0293  0.0275  0.0278
  0.0286  0.0281  0.0266  0.0278  0.0278  0.0281  0.0279  0.0285  0.0276  0.0279  0.0270  0.0270
  0.0273  0.0271  0.0264  0.0269  0.0268  0.0271  0.0270  0.0271  0.0269  0.0270  0.0267  0.0267
  0.0267  0.0267  0.0266  0.0264  0.0264  0.0264  0.0266  0.0266  0.0266  0.0266  0.0266  0.0266
  0.0269  0.0268  0.0273  0.0265  0.0267  0.0270  0.0269  0.0271  0.0268  0.0267  0.0267  0.0269
  0.0279  0.0276  0.0283  0.0273  0.0277  0.0293  0.0278  0.0285  0.0274  0.0274  0.0271  0.0274
  0.0297  0.0288  0.0297  0.0288  0.0290  0.0330  0.0292  0.0306  0.0284  0.0285  0.0276  0.0282
niter,ni,del,rscale     5    3    5.0000    1.2000
parameters
   -5.0742   -5.8290   13.4283   -6.3944  -11.1726  -13.1974
   -0.7148   -3.5608    4.1701   24.4219    5.5993  -27.7142
eta,q 0.97333  6.91984
  0.0302  0.0295  0.0277  0.0289  0.0290  0.0294  0.0293  0.0308  0.0285  0.0291  0.0275  0.0280
  0.0283  0.0279  0.0269  0.0277  0.0278  0.0282  0.0279  0.0285  0.0276  0.0278  0.0270  0.0271
  0.0271  0.0270  0.0265  0.0270  0.0269  0.0274  0.0270  0.0271  0.0270  0.0270  0.0267  0.0267
  0.0266  0.0266  0.0266  0.0265  0.0265  0.0265  0.0267  0.0267  0.0267  0.0267  0.0267  0.0267
  0.0269  0.0268  0.0271  0.0267  0.0269  0.0266  0.0270  0.0272  0.0269  0.0268  0.0268  0.0269
  0.0280  0.0276  0.0279  0.0275  0.0279  0.0284  0.0279  0.0285  0.0274  0.0275  0.0271  0.0274
  0.0299  0.0288  0.0290  0.0292  0.0292  0.0316  0.0293  0.0306  0.0284  0.0286  0.0275  0.0281
niter,ni,del,rscale     4    3    5.0000    1.2000
parameters
   -5.0409   -5.7082   13.1930   -6.4316  -11.3936  -13.5449
   -0.7103   -3.5484    4.2776   24.7618    5.4044  -27.9360
eta,q 0.97328  6.90634
  0.0301  0.0294  0.0281  0.0290  0.0290  0.0295  0.0293  0.0308  0.0286  0.0291  0.0275  0.0281
  0.0283  0.0279  0.0272  0.0278  0.0279  0.0283  0.0280  0.0285  0.0276  0.0278  0.0270  0.0272
  0.0271  0.0270  0.0267  0.0271  0.0270  0.0276  0.0271  0.0271  0.0270  0.0271  0.0268  0.0268
  0.0267  0.0267  0.0267  0.0266  0.0266  0.0266  0.0267  0.0267  0.0267  0.0267  0.0267  0.0267
  0.0270  0.0269  0.0270  0.0268  0.0271  0.0266  0.0270  0.0273  0.0269  0.0269  0.0269  0.0269
  0.0281  0.0277  0.0277  0.0276  0.0280  0.0281  0.0279  0.0286  0.0275  0.0275  0.0271  0.0274
  0.0300  0.0289  0.0287  0.0292  0.0294  0.0310  0.0293  0.0306  0.0285  0.0287  0.0275  0.0281
niter,ni,del,rscale     3    3    5.0000    1.2000
parameters
   -5.0280   -5.6085   13.0699   -6.4744  -11.5896  -13.7423
   -0.7123   -3.5486    4.3439   25.0118    5.2604  -28.0714
eta,q 0.97324  6.89619
  0.0301  0.0294  0.0283  0.0290  0.0291  0.0296  0.0293  0.0308  0.0286  0.0290  0.0275  0.0281
  0.0283  0.0279  0.0273  0.0279  0.0280  0.0284  0.0280  0.0285  0.0276  0.0278  0.0271  0.0273
  0.0272  0.0270  0.0268  0.0272  0.0271  0.0276  0.0271  0.0271  0.0270  0.0271  0.0268  0.0268
  0.0267  0.0267  0.0267  0.0267  0.0267  0.0267  0.0268  0.0268  0.0268  0.0268  0.0268  0.0268
  0.0271  0.0270  0.0270  0.0269  0.0271  0.0266  0.0271  0.0273  0.0270  0.0269  0.0269  0.0270
  0.0282  0.0277  0.0276  0.0277  0.0281  0.0280  0.0280  0.0287  0.0275  0.0276  0.0271  0.0275
  0.0301  0.0289  0.0286  0.0293  0.0294  0.0308  0.0294  0.0306  0.0285  0.0287  0.0275  0.0281
niter,ni,del,rscale     2    3    5.0000    1.2000
parameters
   -5.0202   -5.5377   12.9938   -6.5105  -11.7386  -13.8765
   -0.7198   -3.5496    4.4012   25.1840    5.1474  -28.1621
eta,q 0.97321  6.88859
  0.0301  0.0294  0.0283  0.0290  0.0291  0.0296  0.0294  0.0308  0.0286  0.0290  0.0276  0.0282
  0.0283  0.0279  0.0274  0.0279  0.0280  0.0284  0.0280  0.0285  0.0276  0.0278  0.0271  0.0273
  0.0272  0.0270  0.0269  0.0272  0.0272  0.0277  0.0271  0.0272  0.0270  0.0271  0.0268  0.0269
  0.0268  0.0268  0.0268  0.0268  0.0268  0.0268  0.0268  0.0268  0.0268  0.0268  0.0268  0.0268
  0.0271  0.0270  0.0270  0.0269  0.0271  0.0266  0.0271  0.0273  0.0270  0.0270  0.0269  0.0270
  0.0282  0.0278  0.0276  0.0277  0.0281  0.0280  0.0280  0.0287  0.0276  0.0276  0.0272  0.0275
  0.0301  0.0290  0.0285  0.0293  0.0294  0.0307  0.0294  0.0306  0.0285  0.0288  0.0276  0.0281
niter,ni,del,rscale     1    3    5.0000    1.2000
parameters
   -5.0158   -5.4868   12.9401   -6.5292  -11.8489  -13.9698
   -0.7203   -3.5481    4.4424   25.3097    5.0657  -28.2154
eta,q 0.97318  6.88324
  0.0301  0.0294  0.0284  0.0290  0.0292  0.0297  0.0294  0.0308  0.0286  0.0289  0.0276  0.0282
  0.0284  0.0279  0.0275  0.0279  0.0281  0.0284  0.0280  0.0286  0.0276  0.0278  0.0271  0.0273
  0.0272  0.0271  0.0269  0.0272  0.0272  0.0277  0.0271  0.0272  0.0270  0.0271  0.0269  0.0269
  0.0268  0.0268  0.0268  0.0268  0.0268  0.0268  0.0268  0.0268  0.0268  0.0268  0.0268  0.0268
  0.0271  0.0271  0.0270  0.0269  0.0272  0.0266  0.0271  0.0273  0.0270  0.0270  0.0269  0.0270
  0.0283  0.0279  0.0276  0.0277  0.0281  0.0279  0.0280  0.0287  0.0276  0.0277  0.0272  0.0275
  0.0302  0.0291  0.0285  0.0293  0.0294  0.0306  0.0294  0.0306  0.0286  0.0288  0.0276  0.0281
registration optimization eta report
parameter search radius
    2.4000    2.4000    2.4000    8.2800    8.2800    8.2800
    7.2000    7.2000    7.2000    7.2000    7.2000    7.2000
100000*second partial in parameter space
       58.       42.       29.        3.        4.        5.
        5.        7.        3.        4.        1.        3.
  0.0301  0.0294  0.0284  0.0290  0.0292  0.0297  0.0294  0.0308  0.0286  0.0289  0.0276  0.0282
  0.0284  0.0279  0.0275  0.0279  0.0281  0.0284  0.0280  0.0286  0.0276  0.0278  0.0271  0.0273
  0.0272  0.0271  0.0269  0.0272  0.0272  0.0277  0.0271  0.0272  0.0270  0.0271  0.0269  0.0269
  0.0268  0.0268  0.0268  0.0268  0.0268  0.0268  0.0268  0.0268  0.0268  0.0268  0.0268  0.0268
  0.0271  0.0271  0.0270  0.0269  0.0272  0.0266  0.0271  0.0273  0.0270  0.0270  0.0269  0.0270
  0.0283  0.0279  0.0276  0.0277  0.0281  0.0279  0.0280  0.0287  0.0276  0.0277  0.0272  0.0275
  0.0302  0.0291  0.0285  0.0293  0.0294  0.0306  0.0294  0.0306  0.0286  0.0288  0.0276  0.0281
   -5.0158   -5.4868   12.9401   -6.5292  -11.8489  -13.9698
   -0.7203   -3.5481    4.4424   25.3097    5.0657  -28.2154
eta,q 0.97318  6.88324

---------------------------------------------------------------------
imgreg_4dfp /opt/freesurfer/average/711-2C_as_mni_average_305 /opt/freesurfer/average/711-2B_as_mni_average_305_mask talsrcimg_g11 none talsrcimg_to_711-2C_as_mni_average_305_t4 2311
---------------------------------------------------------------------

freesurfer imgreg_4dfp.c
/opt/freesurfer/average/711-2C_as_mni_average_305.4dfp.img
       256       256       256         1
  1.000000  1.000000  1.000000
orientation T byte_order littleendian
Reading image: /opt/freesurfer/average/711-2C_as_mni_average_305.4dfp.img
dimensions:      256       256       256
mmppix:       1.0000   -1.0000   -1.0000
center:     128.0000 -129.0000 -129.0000
/opt/freesurfer/average/711-2B_as_mni_average_305_mask.4dfp.img
       256       256       256         1
  1.000000  1.000000  1.000000
orientation T byte_order littleendian
Reading mask: /opt/freesurfer/average/711-2B_as_mni_average_305_mask.4dfp.img (2306576 pixels)
talsrcimg_g11.4dfp.img
       256       256       256         1
  1.000000  1.000000  1.000000
orientation T byte_order littleendian
Reading image: talsrcimg_g11.4dfp.img
dimensions:      256       256       256
mmppix:       1.0000   -1.0000   -1.0000
center:     128.0000 -129.0000 -129.0000
fimgreg.f
image alignment mode   2311 decimal      907 hex
parameters
   -5.0158   -5.4868   12.9401   -6.5292  -11.8490  -13.9698
   -0.7203   -3.5481    4.4424   25.3097    5.0657  -28.2154
eta,q 0.97318  6.88323
niter,ni,del,rscale     5    3    5.0000    0.8000
parameters
   -4.9838   -5.4910   12.8757   -5.9707  -11.7118  -12.6089
   -0.6277   -3.4250    4.6111   25.2934    5.5756  -28.6663
eta,q 0.97352  6.94558
  0.0284  0.0279  0.0275  0.0277  0.0279  0.0283  0.0278  0.0286  0.0274  0.0275  0.0270  0.0271
  0.0275  0.0273  0.0271  0.0274  0.0273  0.0278  0.0271  0.0274  0.0269  0.0270  0.0267  0.0267
  0.0270  0.0269  0.0269  0.0270  0.0270  0.0273  0.0267  0.0267  0.0266  0.0266  0.0266  0.0265
  0.0268  0.0268  0.0268  0.0268  0.0268  0.0268  0.0265  0.0265  0.0265  0.0265  0.0265  0.0265
  0.0269  0.0270  0.0269  0.0268  0.0269  0.0265  0.0266  0.0267  0.0266  0.0266  0.0265  0.0266
  0.0274  0.0273  0.0272  0.0270  0.0272  0.0267  0.0270  0.0273  0.0268  0.0269  0.0266  0.0269
  0.0283  0.0279  0.0276  0.0275  0.0278  0.0274  0.0277  0.0284  0.0273  0.0276  0.0268  0.0273
niter,ni,del,rscale     4    3    5.0000    0.7000
parameters
   -5.0108   -5.5982   13.1582   -5.7963  -11.5604  -12.1507
   -0.5958   -3.4701    4.4168   24.9632    5.9135  -28.5446
eta,q 0.97364  6.96456
  0.0276  0.0272  0.0274  0.0272  0.0274  0.0279  0.0274  0.0279  0.0270  0.0271  0.0268  0.0270
  0.0270  0.0268  0.0270  0.0269  0.0269  0.0274  0.0268  0.0270  0.0266  0.0267  0.0266  0.0266
  0.0266  0.0265  0.0266  0.0266  0.0266  0.0268  0.0265  0.0265  0.0264  0.0264  0.0264  0.0264
  0.0265  0.0265  0.0265  0.0264  0.0264  0.0264  0.0264  0.0264  0.0264  0.0264  0.0264  0.0264
  0.0266  0.0266  0.0265  0.0265  0.0265  0.0264  0.0265  0.0266  0.0265  0.0265  0.0264  0.0264
  0.0270  0.0270  0.0266  0.0267  0.0268  0.0268  0.0268  0.0271  0.0267  0.0268  0.0265  0.0266
  0.0278  0.0275  0.0269  0.0272  0.0273  0.0276  0.0273  0.0279  0.0271  0.0274  0.0267  0.0269
niter,ni,del,rscale     3    3    5.0000    0.6000
parameters
   -5.0360   -5.6983   13.3071   -5.7098  -11.4059  -11.7783
   -0.5613   -3.4997    4.2881   24.6970    6.1124  -28.4348
eta,q 0.97369  6.97805
  0.0272  0.0269  0.0270  0.0269  0.0271  0.0276  0.0270  0.0274  0.0268  0.0269  0.0266  0.0268
  0.0267  0.0266  0.0267  0.0267  0.0267  0.0271  0.0266  0.0268  0.0265  0.0265  0.0264  0.0265
  0.0265  0.0264  0.0265  0.0265  0.0265  0.0266  0.0264  0.0264  0.0263  0.0263  0.0263  0.0264
  0.0264  0.0264  0.0264  0.0263  0.0263  0.0263  0.0263  0.0263  0.0263  0.0263  0.0263  0.0263
  0.0265  0.0265  0.0264  0.0264  0.0264  0.0263  0.0264  0.0264  0.0264  0.0264  0.0263  0.0264
  0.0268  0.0267  0.0265  0.0266  0.0266  0.0267  0.0266  0.0268  0.0265  0.0267  0.0264  0.0265
  0.0273  0.0271  0.0267  0.0269  0.0270  0.0273  0.0270  0.0275  0.0268  0.0271  0.0265  0.0267
niter,ni,del,rscale     2    3    5.0000    0.5000
parameters
   -5.0582   -5.7748   13.4263   -5.6435  -11.2971  -11.5005
   -0.5397   -3.5247    4.2310   24.4948    6.1975  -28.3536
eta,q 0.97373  6.98761
  0.0269  0.0267  0.0268  0.0267  0.0268  0.0273  0.0268  0.0271  0.0266  0.0267  0.0265  0.0266
  0.0266  0.0265  0.0265  0.0265  0.0266  0.0269  0.0265  0.0266  0.0264  0.0264  0.0264  0.0264
  0.0264  0.0263  0.0264  0.0264  0.0264  0.0265  0.0263  0.0264  0.0263  0.0263  0.0263  0.0263
  0.0263  0.0263  0.0263  0.0263  0.0263  0.0263  0.0263  0.0263  0.0263  0.0263  0.0263  0.0263
  0.0264  0.0264  0.0263  0.0263  0.0263  0.0263  0.0263  0.0264  0.0263  0.0263  0.0263  0.0263
  0.0266  0.0266  0.0264  0.0265  0.0265  0.0266  0.0265  0.0266  0.0264  0.0265  0.0264  0.0264
  0.0270  0.0268  0.0266  0.0267  0.0268  0.0270  0.0268  0.0271  0.0266  0.0268  0.0265  0.0266
niter,ni,del,rscale     1    3    5.0000    0.4000
parameters
   -5.0721   -5.8265   13.5117   -5.5937  -11.2396  -11.3093
   -0.5346   -3.5372    4.2111   24.3695    6.2380  -28.3021
eta,q 0.97375  6.99384
  0.0267  0.0265  0.0266  0.0266  0.0266  0.0269  0.0266  0.0268  0.0265  0.0265  0.0264  0.0265
  0.0264  0.0264  0.0264  0.0264  0.0264  0.0266  0.0264  0.0265  0.0263  0.0264  0.0263  0.0263
  0.0263  0.0263  0.0263  0.0263  0.0263  0.0264  0.0263  0.0263  0.0263  0.0263  0.0263  0.0263
  0.0263  0.0263  0.0263  0.0263  0.0263  0.0263  0.0263  0.0263  0.0263  0.0263  0.0263  0.0263
  0.0263  0.0263  0.0263  0.0263  0.0263  0.0263  0.0263  0.0263  0.0263  0.0263  0.0263  0.0263
  0.0265  0.0264  0.0263  0.0264  0.0264  0.0265  0.0264  0.0265  0.0264  0.0264  0.0263  0.0263
  0.0267  0.0266  0.0265  0.0265  0.0266  0.0268  0.0266  0.0268  0.0265  0.0266  0.0264  0.0265
registration optimization eta report
parameter search radius
    0.8000    0.8000    0.8000    2.4000    2.4000    2.4000
    2.4000    2.4000    2.4000    2.4000    2.4000    2.4000
100000*second partial in parameter space
       64.       48.       39.        5.        6.       10.
        6.        9.        4.        5.        2.        4.
  0.0267  0.0265  0.0266  0.0266  0.0266  0.0269  0.0266  0.0268  0.0265  0.0265  0.0264  0.0265
  0.0264  0.0264  0.0264  0.0264  0.0264  0.0266  0.0264  0.0265  0.0263  0.0264  0.0263  0.0263
  0.0263  0.0263  0.0263  0.0263  0.0263  0.0264  0.0263  0.0263  0.0263  0.0263  0.0263  0.0263
  0.0263  0.0263  0.0263  0.0263  0.0263  0.0263  0.0263  0.0263  0.0263  0.0263  0.0263  0.0263
  0.0263  0.0263  0.0263  0.0263  0.0263  0.0263  0.0263  0.0263  0.0263  0.0263  0.0263  0.0263
  0.0265  0.0264  0.0263  0.0264  0.0264  0.0265  0.0264  0.0265  0.0264  0.0264  0.0263  0.0263
  0.0267  0.0266  0.0265  0.0265  0.0266  0.0268  0.0266  0.0268  0.0265  0.0266  0.0264  0.0265
   -5.0721   -5.8265   13.5117   -5.5937  -11.2396  -11.3093
   -0.5346   -3.5372    4.2111   24.3695    6.2380  -28.3021
eta,q 0.97375  6.99384

---------------------------------------------------------------------
imgreg_4dfp /opt/freesurfer/average/711-2C_as_mni_average_305 /opt/freesurfer/average/711-2B_as_mni_average_305_mask talsrcimg_g11 none talsrcimg_to_711-2C_as_mni_average_305_t4 2311
---------------------------------------------------------------------

freesurfer imgreg_4dfp.c
/opt/freesurfer/average/711-2C_as_mni_average_305.4dfp.img
       256       256       256         1
  1.000000  1.000000  1.000000
orientation T byte_order littleendian
Reading image: /opt/freesurfer/average/711-2C_as_mni_average_305.4dfp.img
dimensions:      256       256       256
mmppix:       1.0000   -1.0000   -1.0000
center:     128.0000 -129.0000 -129.0000
/opt/freesurfer/average/711-2B_as_mni_average_305_mask.4dfp.img
       256       256       256         1
  1.000000  1.000000  1.000000
orientation T byte_order littleendian
Reading mask: /opt/freesurfer/average/711-2B_as_mni_average_305_mask.4dfp.img (2306576 pixels)
talsrcimg_g11.4dfp.img
       256       256       256         1
  1.000000  1.000000  1.000000
orientation T byte_order littleendian
Reading image: talsrcimg_g11.4dfp.img
dimensions:      256       256       256
mmppix:       1.0000   -1.0000   -1.0000
center:     128.0000 -129.0000 -129.0000
fimgreg.f
image alignment mode   2311 decimal      907 hex
parameters
   -5.0721   -5.8265   13.5117   -5.5937  -11.2396  -11.3093
   -0.5346   -3.5372    4.2111   24.3695    6.2380  -28.3021
eta,q 0.97375  6.99384
niter,ni,del,rscale     5    3    5.0000    0.8000
parameters
   -5.1046   -5.8325   13.6055   -5.8856  -11.2531  -11.6074
   -0.5562   -3.5825    4.1744   24.3114    6.1343  -28.0724
eta,q 0.97371  6.97738
  0.0278  0.0275  0.0274  0.0271  0.0274  0.0279  0.0275  0.0283  0.0272  0.0274  0.0268  0.0272
  0.0270  0.0268  0.0268  0.0267  0.0268  0.0272  0.0269  0.0271  0.0267  0.0268  0.0265  0.0267
  0.0264  0.0264  0.0264  0.0264  0.0264  0.0266  0.0264  0.0265  0.0264  0.0264  0.0263  0.0264
  0.0262  0.0262  0.0263  0.0263  0.0263  0.0263  0.0263  0.0263  0.0263  0.0263  0.0263  0.0263
  0.0264  0.0264  0.0263  0.0264  0.0264  0.0265  0.0264  0.0265  0.0264  0.0264  0.0264  0.0264
  0.0270  0.0268  0.0266  0.0268  0.0268  0.0273  0.0269  0.0272  0.0267  0.0268  0.0265  0.0266
  0.0280  0.0275  0.0271  0.0274  0.0274  0.0286  0.0276  0.0283  0.0272  0.0275  0.0268  0.0270
niter,ni,del,rscale     4    3    5.0000    0.7000
parameters
   -5.0765   -5.8376   13.5425   -5.8038  -11.1955  -11.5747
   -0.5634   -3.5474    4.2224   24.3203    6.1048  -28.1346
eta,q 0.97372  6.98190
  0.0276  0.0272  0.0270  0.0270  0.0272  0.0277  0.0272  0.0279  0.0270  0.0272  0.0266  0.0269
  0.0269  0.0267  0.0266  0.0267  0.0267  0.0272  0.0267  0.0270  0.0266  0.0267  0.0264  0.0265
  0.0265  0.0264  0.0263  0.0264  0.0264  0.0266  0.0264  0.0264  0.0264  0.0264  0.0263  0.0263
  0.0263  0.0263  0.0263  0.0263  0.0263  0.0263  0.0263  0.0263  0.0263  0.0263  0.0263  0.0263
  0.0264  0.0264  0.0264  0.0263  0.0264  0.0264  0.0264  0.0265  0.0263  0.0264  0.0263  0.0264
  0.0268  0.0267  0.0267  0.0266  0.0267  0.0269  0.0267  0.0270  0.0266  0.0267  0.0264  0.0266
  0.0275  0.0272  0.0271  0.0270  0.0272  0.0279  0.0273  0.0278  0.0270  0.0272  0.0267  0.0269
niter,ni,del,rscale     3    3    5.0000    0.6000
parameters
   -5.0707   -5.8468   13.5322   -5.7294  -11.1936  -11.4563
   -0.5610   -3.5401    4.2364   24.3147    6.1491  -28.1690
eta,q 0.97374  6.98679
  0.0272  0.0270  0.0268  0.0269  0.0270  0.0275  0.0270  0.0274  0.0268  0.0269  0.0266  0.0267
  0.0267  0.0266  0.0265  0.0266  0.0266  0.0270  0.0266  0.0268  0.0265  0.0266  0.0264  0.0264
  0.0264  0.0263  0.0263  0.0264  0.0264  0.0265  0.0264  0.0264  0.0263  0.0263  0.0263  0.0263
  0.0263  0.0263  0.0263  0.0263  0.0263  0.0263  0.0263  0.0263  0.0263  0.0263  0.0263  0.0263
  0.0264  0.0264  0.0263  0.0263  0.0264  0.0263  0.0263  0.0264  0.0263  0.0263  0.0263  0.0263
  0.0267  0.0266  0.0265  0.0265  0.0266  0.0267  0.0266  0.0268  0.0265  0.0266  0.0264  0.0265
  0.0272  0.0270  0.0268  0.0269  0.0270  0.0274  0.0270  0.0274  0.0268  0.0269  0.0265  0.0267
niter,ni,del,rscale     2    3    5.0000    0.5000
parameters
   -5.0756   -5.8573   13.5604   -5.6679  -11.1924  -11.3185
   -0.5579   -3.5449    4.2298   24.2939    6.1898  -28.1940
eta,q 0.97375  6.99173
  0.0269  0.0267  0.0267  0.0267  0.0268  0.0272  0.0268  0.0271  0.0266  0.0267  0.0265  0.0266
  0.0265  0.0265  0.0264  0.0265  0.0265  0.0268  0.0265  0.0266  0.0264  0.0265  0.0263  0.0264
  0.0263  0.0263  0.0263  0.0263  0.0263  0.0264  0.0263  0.0263  0.0263  0.0263  0.0263  0.0263
  0.0263  0.0263  0.0263  0.0263  0.0263  0.0263  0.0263  0.0263  0.0263  0.0263  0.0263  0.0263
  0.0263  0.0263  0.0263  0.0263  0.0263  0.0263  0.0263  0.0263  0.0263  0.0263  0.0263  0.0263
  0.0266  0.0265  0.0264  0.0264  0.0265  0.0266  0.0265  0.0266  0.0264  0.0265  0.0263  0.0264
  0.0269  0.0268  0.0266  0.0267  0.0268  0.0271  0.0268  0.0271  0.0266  0.0267  0.0264  0.0266
niter,ni,del,rscale     1    3    5.0000    0.4000
parameters
   -5.0817   -5.8720   13.5968   -5.6125  -11.1882  -11.1948
   -0.5402   -3.5560    4.2080   24.2565    6.2233  -28.2012
eta,q 0.97375  6.99599
  0.0267  0.0266  0.0265  0.0265  0.0266  0.0269  0.0266  0.0268  0.0265  0.0265  0.0264  0.0265
  0.0264  0.0264  0.0264  0.0264  0.0264  0.0266  0.0264  0.0265  0.0263  0.0264  0.0263  0.0263
  0.0263  0.0263  0.0263  0.0263  0.0263  0.0264  0.0263  0.0263  0.0263  0.0263  0.0263  0.0263
  0.0263  0.0263  0.0263  0.0263  0.0263  0.0263  0.0262  0.0262  0.0262  0.0262  0.0262  0.0262
  0.0263  0.0263  0.0263  0.0263  0.0263  0.0263  0.0263  0.0263  0.0263  0.0263  0.0263  0.0263
  0.0264  0.0264  0.0264  0.0264  0.0264  0.0265  0.0264  0.0265  0.0264  0.0264  0.0263  0.0263
  0.0267  0.0266  0.0265  0.0265  0.0266  0.0268  0.0266  0.0268  0.0265  0.0266  0.0264  0.0265
registration optimization eta report
parameter search radius
    0.8000    0.8000    0.8000    2.4000    2.4000    2.4000
    2.4000    2.4000    2.4000    2.4000    2.4000    2.4000
100000*second partial in parameter space
       64.       48.       39.        5.        6.       11.
        6.        9.        4.        5.        2.        4.
  0.0267  0.0266  0.0265  0.0265  0.0266  0.0269  0.0266  0.0268  0.0265  0.0265  0.0264  0.0265
  0.0264  0.0264  0.0264  0.0264  0.0264  0.0266  0.0264  0.0265  0.0263  0.0264  0.0263  0.0263
  0.0263  0.0263  0.0263  0.0263  0.0263  0.0264  0.0263  0.0263  0.0263  0.0263  0.0263  0.0263
  0.0263  0.0263  0.0263  0.0263  0.0263  0.0263  0.0262  0.0262  0.0262  0.0262  0.0262  0.0262
  0.0263  0.0263  0.0263  0.0263  0.0263  0.0263  0.0263  0.0263  0.0263  0.0263  0.0263  0.0263
  0.0264  0.0264  0.0264  0.0264  0.0264  0.0265  0.0264  0.0265  0.0264  0.0264  0.0263  0.0263
  0.0267  0.0266  0.0265  0.0265  0.0266  0.0268  0.0266  0.0268  0.0265  0.0266  0.0264  0.0265
   -5.0817   -5.8720   13.5968   -5.6125  -11.1882  -11.1948
   -0.5402   -3.5560    4.2080   24.2565    6.2233  -28.2012
eta,q 0.97375  6.99599

---------------------------------------------------------------------
compute_vox2vox talsrcimg talsrcimg_to_711-2C_as_mni_average_305_t4 /opt/freesurfer/average/711-2C_as_mni_average_305
---------------------------------------------------------------------

freesurfer compute_vox2vox.c
Reading: talsrcimg.4dfp.ifh
Reading: talsrcimg_to_711-2C_as_mni_average_305_t4
Reading: /opt/freesurfer/average/711-2C_as_mni_average_305.4dfp.ifh
Writing: talsrcimg_to_711-2C_as_mni_average_305_t4_vox2vox.txt

start time Fri Mar 13 23:25:46 CET 2026
end		time Fri Mar 13 23:27:15 CET 2026

mpr2mni305 success

avi2talxfm orig_nu.mgz /opt/freesurfer/average/mni305.cor.mgz talsrcimg_to_711-2C_as_mni_average_305_t4_vox2vox.txt transforms/talairach.auto.xfm
avi2talxfm done
mv -f /out/sourcedata/freesurfer/sub-v2s7x29795_ses-1/mri/talsrcimg_to_711-2C_as_mni_average_305_t4_vox2vox.txt /out/sourcedata/freesurfer/sub-v2s7x29795_ses-1/mri/transforms/talsrcimg_to_711-2C_as_mni_average_305_t4_vox2vox.txt
lta_convert --src orig_nu.mgz --trg /opt/freesurfer/average/mni305.cor.mgz --inxfm transforms/talairach.auto.xfm --outlta transforms/talairach.auto.xfm.lta --subject fsaverage
7.3.2

--src: orig_nu.mgz src image (geometry).
--trg: /opt/freesurfer/average/mni305.cor.mgz trg image (geometry).
--inmni: transforms/talairach.auto.xfm input MNI/XFM transform.
--outlta: transforms/talairach.auto.xfm.lta output LTA.
--s: fsaverage subject name
 LTA read, type : 1
 1.05619   0.03730   0.01827  -20.15999;
-0.08273   1.03327   0.32760  -15.18675;
-0.02745  -0.28398   1.03564  -9.72916;
 0.00000   0.00000   0.00000   1.00000;
setting subject to fsaverage
Writing  LTA to file transforms/talairach.auto.xfm.lta...
lta_convert successful.
 
 
Started at Fri Mar 13 23:25:46 CET 2026
Ended   at Fri Mar 13 23:27:16 CET 2026
talairach_avi done
