status file for recon-all
Sat Mar 14 00:29:10 CET 2026
#@# Tessellate rh Sat Mar 14 00:29:10 CET 2026
#@# Smooth1 rh Sat Mar 14 00:29:12 CET 2026
#@# Inflation1 rh Sat Mar 14 00:29:14 CET 2026
#@# QSphere rh Sat Mar 14 00:29:26 CET 2026
#@# Fix Topology rh Sat Mar 14 00:30:12 CET 2026
#@# Smooth2 rh Sat Mar 14 00:38:41 CET 2026
#@# Inflation2 rh Sat Mar 14 00:38:44 CET 2026
#@# Curv .H and .K rh Sat Mar 14 00:39:01 CET 2026
#@# Sphere rh Sat Mar 14 00:39:38 CET 2026
#@# Surf Reg rh Sat Mar 14 00:45:11 CET 2026
#@# Jacobian white rh Sat Mar 14 00:51:56 CET 2026
#@# AvgCurv rh Sat Mar 14 00:51:57 CET 2026
#@# Cortical Parc rh Sat Mar 14 00:51:57 CET 2026
#@# white curv rh Sat Mar 14 00:58:41 CET 2026
#@# white area rh Sat Mar 14 00:58:43 CET 2026
#@# pial curv rh Sat Mar 14 00:58:43 CET 2026
#@# pial area rh Sat Mar 14 00:58:45 CET 2026
#@# thickness rh Sat Mar 14 00:58:45 CET 2026
#@# area and vertex vol rh Sat Mar 14 00:59:04 CET 2026
#@# Curvature Stats rh Sat Mar 14 00:59:05 CET 2026
#@# Cortical Parc 2 rh Sat Mar 14 00:59:07 CET 2026
#@# Cortical Parc 3 rh Sat Mar 14 00:59:16 CET 2026
#@# WM/GM Contrast rh Sat Mar 14 00:59:23 CET 2026
recon-all -s sub-v2s7x29658_ses-1 finished without error at Sat Mar 14 00:59:26 CET 2026



#New# invocation of recon-all 



status file for recon-all
Sat Mar 14 01:05:10 CET 2026
#@# white curv rh Sat Mar 14 01:05:10 CET 2026
#@# white area rh Sat Mar 14 01:05:10 CET 2026
#@# pial curv rh Sat Mar 14 01:05:10 CET 2026
#@# pial area rh Sat Mar 14 01:05:10 CET 2026
#@# thickness rh Sat Mar 14 01:05:10 CET 2026
#@# area and vertex vol rh Sat Mar 14 01:05:10 CET 2026
#@# Parcellation Stats rh Sat Mar 14 01:05:10 CET 2026
#@# Parcellation Stats 2 rh Sat Mar 14 01:05:25 CET 2026
#@# Parcellation Stats 3 rh Sat Mar 14 01:05:33 CET 2026
#@# BA_exvivo Labels rh Sat Mar 14 01:05:40 CET 2026
recon-all -s sub-v2s7x29658_ses-1 finished without error at Sat Mar 14 01:07:37 CET 2026
