status file for recon-all
Fri Mar 13 22:02:03 CET 2026
#@# MotionCor Fri Mar 13 22:02:05 CET 2026
#@# Talairach Fri Mar 13 22:02:10 CET 2026
#@# Talairach Failure Detection Fri Mar 13 22:04:59 CET 2026
#@# Nu Intensity Correction Fri Mar 13 22:04:59 CET 2026
#@# Intensity Normalization Fri Mar 13 22:07:43 CET 2026
recon-all -s sub-v2s7x29658_ses-1 finished without error at Fri Mar 13 22:08:41 CET 2026



#New# invocation of recon-all 



status file for recon-all
Fri Mar 13 22:19:40 CET 2026
#@# EM Registration Fri Mar 13 22:19:40 CET 2026
recon-all -s sub-v2s7x29658_ses-1 finished without error at Fri Mar 13 22:55:09 CET 2026



#New# invocation of recon-all 



status file for recon-all
Fri Mar 13 22:55:12 CET 2026
#@# CA Normalize Fri Mar 13 22:55:12 CET 2026
#@# CA Reg Fri Mar 13 22:56:03 CET 2026
#@# SubCort Seg Fri Mar 13 23:30:51 CET 2026
#@# CC Seg Fri Mar 13 23:49:54 CET 2026
#@# Merge ASeg Fri Mar 13 23:50:17 CET 2026
#@# Intensity Normalization2 Fri Mar 13 23:50:17 CET 2026
#@# Mask BFS Fri Mar 13 23:51:42 CET 2026
#@# WM Segmentation Fri Mar 13 23:51:43 CET 2026
#@# Fill Fri Mar 13 23:53:16 CET 2026
recon-all -s sub-v2s7x29658_ses-1 finished without error at Fri Mar 13 23:53:54 CET 2026



#New# invocation of recon-all 



status file for recon-all
Sat Mar 14 00:59:30 CET 2026
#@# white curv lh Sat Mar 14 00:59:30 CET 2026
#@# white area lh Sat Mar 14 00:59:30 CET 2026
#@# pial curv lh Sat Mar 14 00:59:30 CET 2026
#@# pial area lh Sat Mar 14 00:59:30 CET 2026
#@# thickness lh Sat Mar 14 00:59:30 CET 2026
#@# area and vertex vol lh Sat Mar 14 00:59:30 CET 2026
#@# white curv rh Sat Mar 14 00:59:30 CET 2026
#@# white area rh Sat Mar 14 00:59:30 CET 2026
#@# pial curv rh Sat Mar 14 00:59:30 CET 2026
#@# pial area rh Sat Mar 14 00:59:30 CET 2026
#@# thickness rh Sat Mar 14 00:59:30 CET 2026
#@# area and vertex vol rh Sat Mar 14 00:59:30 CET 2026
#@# Cortical ribbon mask Sat Mar 14 00:59:30 CET 2026
recon-all -s sub-v2s7x29658_ses-1 finished without error at Sat Mar 14 01:02:38 CET 2026



#New# invocation of recon-all 



status file for recon-all
Sat Mar 14 01:07:41 CET 2026
#@# white curv lh Sat Mar 14 01:07:41 CET 2026
#@# white area lh Sat Mar 14 01:07:41 CET 2026
#@# pial curv lh Sat Mar 14 01:07:41 CET 2026
#@# pial area lh Sat Mar 14 01:07:41 CET 2026
#@# thickness lh Sat Mar 14 01:07:41 CET 2026
#@# area and vertex vol lh Sat Mar 14 01:07:41 CET 2026
#@# white curv rh Sat Mar 14 01:07:41 CET 2026
#@# white area rh Sat Mar 14 01:07:41 CET 2026
#@# pial curv rh Sat Mar 14 01:07:41 CET 2026
#@# pial area rh Sat Mar 14 01:07:41 CET 2026
#@# thickness rh Sat Mar 14 01:07:41 CET 2026
#@# area and vertex vol rh Sat Mar 14 01:07:41 CET 2026
#@# Curvature Stats lh Sat Mar 14 01:07:41 CET 2026
#@# Curvature Stats rh Sat Mar 14 01:07:43 CET 2026
#@# Relabel Hypointensities Sat Mar 14 01:07:45 CET 2026
#@# APas-to-ASeg Sat Mar 14 01:07:55 CET 2026
#@# AParc-to-ASeg aparc Sat Mar 14 01:08:01 CET 2026
#@# AParc-to-ASeg aparc.a2009s Sat Mar 14 01:08:26 CET 2026
#@# AParc-to-ASeg aparc.DKTatlas Sat Mar 14 01:08:47 CET 2026
#@# WMParc Sat Mar 14 01:09:11 CET 2026
#@# ASeg Stats Sat Mar 14 01:11:07 CET 2026
recon-all -s sub-v2s7x29658_ses-1 finished without error at Sat Mar 14 01:11:27 CET 2026
