status file for recon-all
Fri Mar 13 23:53:59 CET 2026
#@# Tessellate lh Fri Mar 13 23:53:59 CET 2026
#@# Smooth1 lh Fri Mar 13 23:54:01 CET 2026
#@# Inflation1 lh Fri Mar 13 23:54:03 CET 2026
#@# QSphere lh Fri Mar 13 23:54:15 CET 2026
#@# Fix Topology lh Fri Mar 13 23:55:21 CET 2026
#@# Smooth2 lh Sat Mar 14 00:05:25 CET 2026
#@# Inflation2 lh Sat Mar 14 00:05:27 CET 2026
#@# Curv .H and .K lh Sat Mar 14 00:05:39 CET 2026
#@# Sphere lh Sat Mar 14 00:06:15 CET 2026
#@# Surf Reg lh Sat Mar 14 00:14:25 CET 2026
#@# Jacobian white lh Sat Mar 14 00:22:40 CET 2026
#@# AvgCurv lh Sat Mar 14 00:22:41 CET 2026
#@# Cortical Parc lh Sat Mar 14 00:22:41 CET 2026
#@# white curv lh Sat Mar 14 00:28:23 CET 2026
#@# white area lh Sat Mar 14 00:28:24 CET 2026
#@# pial curv lh Sat Mar 14 00:28:25 CET 2026
#@# pial area lh Sat Mar 14 00:28:26 CET 2026
#@# thickness lh Sat Mar 14 00:28:27 CET 2026
#@# area and vertex vol lh Sat Mar 14 00:28:44 CET 2026
#@# Curvature Stats lh Sat Mar 14 00:28:45 CET 2026
#@# Cortical Parc 2 lh Sat Mar 14 00:28:47 CET 2026
#@# Cortical Parc 3 lh Sat Mar 14 00:28:57 CET 2026
#@# WM/GM Contrast lh Sat Mar 14 00:29:05 CET 2026
recon-all -s sub-v2s7x29658_ses-1 finished without error at Sat Mar 14 00:29:07 CET 2026



#New# invocation of recon-all 



status file for recon-all
Sat Mar 14 01:02:43 CET 2026
#@# white curv lh Sat Mar 14 01:02:43 CET 2026
#@# white area lh Sat Mar 14 01:02:43 CET 2026
#@# pial curv lh Sat Mar 14 01:02:43 CET 2026
#@# pial area lh Sat Mar 14 01:02:43 CET 2026
#@# thickness lh Sat Mar 14 01:02:43 CET 2026
#@# area and vertex vol lh Sat Mar 14 01:02:43 CET 2026
#@# Parcellation Stats lh Sat Mar 14 01:02:43 CET 2026
#@# Parcellation Stats 2 lh Sat Mar 14 01:02:57 CET 2026
#@# Parcellation Stats 3 lh Sat Mar 14 01:03:04 CET 2026
#@# BA_exvivo Labels lh Sat Mar 14 01:03:11 CET 2026
recon-all -s sub-v2s7x29658_ses-1 finished without error at Sat Mar 14 01:05:06 CET 2026
