/out/sourcedata/freesurfer/sub-v2s7x29677_ses-1/mri
/opt/freesurfer/bin/talairach_avi
--i orig_nu.mgz --xfm transforms/talairach.auto.xfm
talairach_avi 7.3.2
Linux dna059 5.14.0-427.37.1.el9_4.x86_64 #1 SMP PREEMPT_DYNAMIC Fri Sep 13 12:41:50 EDT 2024 x86_64 x86_64 x86_64 GNU/Linux
Fri Mar 13 23:02:10 CET 2026
mri_convert orig_nu.mgz talsrcimg.img 
reading from orig_nu.mgz...
TR=0.00, TE=0.00, TI=0.00, flip angle=0.00
i_ras = (-1, 0, 0)
j_ras = (0, 0, -1)
k_ras = (0, 1, 0)
writing to talsrcimg.img...
Analyze Output Matrix
-1.00000   0.00000   0.00000   135.16989;
 0.00000   0.00000   1.00000  -123.95258;
 0.00000  -1.00000   0.00000   140.35321;
 0.00000   0.00000   0.00000   1.00000;
--------------------
INFO: set hdr.hist.orient to -1
mpr2mni305 talsrcimg
Fri Mar 13 23:02:10 CET 2026
/opt/freesurfer/bin/mpr2mni305 talsrcimg
mpr2mni305 7.3.2
target=711-2C_as_mni_average_305

---------------------------------------------------------------------
analyzeto4dfp talsrcimg -O0 -y
---------------------------------------------------------------------

freesurfer ifh2hdr.c
Fri Mar 13 23:02:10 2026
Writing: talsrcimg.4dfp.hdr
freesurfer analyzeto4dfp.c
Reading: talsrcimg.hdr
header size 348 bytes
hdr.dime.datatype	offset=70	value=2
hdr.dime.bitpix		offset=72	value=8
hdr.hist.orient		offset=252	value=-1
dimensionality     4
dimensions       256       256       256         1
Reading: talsrcimg.img
Writing: talsrcimg.4dfp.img
Writing: talsrcimg.4dfp.ifh
ifh2hdr talsrcimg -r0to255
ori=2

---------------------------------------------------------------------
gauss_4dfp talsrcimg 1.1
---------------------------------------------------------------------

freesurfer gauss_4dfp.c
Reading: talsrcimg.4dfp.img
Writing: talsrcimg_g11.4dfp.img
image dimensions 256 256 256 padded to 288 288 288
processing volume 1freesurfer ifh2hdr.c
Fri Mar 13 23:02:12 2026
Writing: talsrcimg_g11.4dfp.hdr

Writing: talsrcimg_g11.4dfp.ifh
including: talsrcimg.4dfp.img.rec in talsrcimg_g11.4dfp.img.rec

---------------------------------------------------------------------
imgreg_4dfp /opt/freesurfer/average/711-2C_as_mni_average_305 none talsrcimg_g11 none talsrcimg_to_711-2C_as_mni_average_305_t4 4355
---------------------------------------------------------------------

freesurfer imgreg_4dfp.c
/opt/freesurfer/average/711-2C_as_mni_average_305.4dfp.img
       256       256       256         1
  1.000000  1.000000  1.000000
orientation T byte_order littleendian
Reading image: /opt/freesurfer/average/711-2C_as_mni_average_305.4dfp.img
dimensions:      256       256       256
mmppix:       1.0000   -1.0000   -1.0000
center:     128.0000 -129.0000 -129.0000
talsrcimg_g11.4dfp.img
       256       256       256         1
  1.000000  1.000000  1.000000
orientation T byte_order littleendian
Reading image: talsrcimg_g11.4dfp.img
dimensions:      256       256       256
mmppix:       1.0000   -1.0000   -1.0000
center:     128.0000 -129.0000 -129.0000
t4_read: open error in t4_sub.f l:  41 t4_file(1:l)talsrcimg_to_711-2C_as_mni_average_305_t4 
t4_read: transform initialized to I4
rotation matrix determinant  1.000000
image alignment mode   4355 decimal     1103 hex
   -7.5000  -45.0000  -45.0000 8281.1152   12.6668
    0.0000  -45.0000  -45.0000 8700.4248   12.6626
    7.5000  -45.0000  -45.0000 8440.6357   12.6627
   -7.5000  -37.5000  -45.0000 8678.7451   12.6652
    0.0000  -37.5000  -45.0000 9115.7705   12.6559
    7.5000  -37.5000  -45.0000 8852.2754   12.6548
   -7.5000  -30.0000  -45.0000 9334.7744   12.6660
    0.0000  -30.0000  -45.0000 9807.1416   12.6615
    7.5000  -30.0000  -45.0000 9554.5850   12.6672
   -7.5000  -22.5000  -45.0000 9937.6113   12.6678
    0.0000  -22.5000  -45.000010460.6436   12.6749
    7.5000  -22.5000  -45.000010191.3721   12.6897
   -7.5000  -15.0000  -45.000010519.6025   12.6691
    0.0000  -15.0000  -45.000011070.7676   12.6834
    7.5000  -15.0000  -45.000010782.7012   12.7014
   -7.5000   -7.5000  -45.000011108.9873   12.6689
    0.0000   -7.5000  -45.000011683.4707   12.6768
    7.5000   -7.5000  -45.000011363.7314   12.6868
   -7.5000    0.0000  -45.000011482.6309   12.6668
    0.0000    0.0000  -45.000012053.2178   12.6626
    7.5000    0.0000  -45.000011715.9170   12.6627
   -7.5000    7.5000  -45.000010877.1602   12.6652
    0.0000    7.5000  -45.000011393.0312   12.6559
    7.5000    7.5000  -45.000011099.4072   12.6548
   -7.5000   15.0000  -45.000010171.7637   12.6660
    0.0000   15.0000  -45.000010660.7803   12.6615
    7.5000   15.0000  -45.000010368.1865   12.6672
   -7.5000   22.5000  -45.0000 9381.4883   12.6661
    0.0000   22.5000  -45.0000 9849.0947   12.6731
    7.5000   22.5000  -45.0000 9590.5635   12.6879
   -7.5000   30.0000  -45.0000 8582.7422   12.5003
    0.0000   30.0000  -45.0000 8994.6543   12.5144
    7.5000   30.0000  -45.0000 8751.9961   12.5321
   -7.5000   37.5000  -45.0000 8118.3203   12.5098
    0.0000   37.5000  -45.0000 8535.7822   12.5177
    7.5000   37.5000  -45.0000 8301.9307   12.5276
   -7.5000   45.0000  -45.0000 7445.3853   12.3144
    0.0000   45.0000  -45.0000 7832.0156   12.3101
    7.5000   45.0000  -45.0000 7599.7915   12.3115
   -7.5000  -45.0000  -37.5000 8780.8643   12.6413
    0.0000  -45.0000  -37.5000 9239.6533   12.6354
    7.5000  -45.0000  -37.5000 8972.8057   12.6336
   -7.5000  -37.5000  -37.5000 9249.5713   12.6339
    0.0000  -37.5000  -37.5000 9738.5293   12.6244
    7.5000  -37.5000  -37.5000 9456.7695   12.6209
   -7.5000  -30.0000  -37.5000 9951.8359   12.6323
    0.0000  -30.0000  -37.500010492.7783   12.6297
    7.5000  -30.0000  -37.500010203.5908   12.6334
   -7.5000  -22.5000  -37.500010578.2656   12.6385
    0.0000  -22.5000  -37.500011153.5010   12.6477
    7.5000  -22.5000  -37.500010851.3525   12.6618
   -7.5000  -15.0000  -37.500011165.7949   12.6455
    0.0000  -15.0000  -37.500011772.9922   12.6606
    7.5000  -15.0000  -37.500011453.6543   12.6786
   -7.5000   -7.5000  -37.500011757.7803   12.6467
    0.0000   -7.5000  -37.500012398.0684   12.6536
    7.5000   -7.5000  -37.500012035.5967   12.6628
   -7.5000    0.0000  -37.500012102.3242   12.6413
    0.0000    0.0000  -37.500012756.4863   12.6354
    7.5000    0.0000  -37.500012379.6318   12.6336
   -7.5000    7.5000  -37.500011493.8525   12.6339
    0.0000    7.5000  -37.500012119.2637   12.6244
    7.5000    7.5000  -37.500011794.3076   12.6209
   -7.5000   15.0000  -37.500010797.1113   12.6323
    0.0000   15.0000  -37.500011366.3223   12.6297
    7.5000   15.0000  -37.500011072.3525   12.6334
   -7.5000   22.5000  -37.5000 9953.2822   12.6368
    0.0000   22.5000  -37.500010456.7197   12.6460
    7.5000   22.5000  -37.500010198.1621   12.6600
   -7.5000   30.0000  -37.5000 9084.2832   12.4770
    0.0000   30.0000  -37.5000 9511.0879   12.4919
    7.5000   30.0000  -37.5000 9274.3271   12.5096
   -7.5000   37.5000  -37.5000 8589.8809   12.4888
    0.0000   37.5000  -37.5000 9009.5928   12.4955
    7.5000   37.5000  -37.5000 8766.7471   12.5047
   -7.5000   45.0000  -37.5000 7863.8477   12.2899
    0.0000   45.0000  -37.5000 8241.5557   12.2838
    7.5000   45.0000  -37.5000 8018.2129   12.2827
   -7.5000  -45.0000  -30.0000 9411.1328   13.1639
    0.0000  -45.0000  -30.0000 9935.3926   13.1617
    7.5000  -45.0000  -30.0000 9649.3721   13.1593
   -7.5000  -37.5000  -30.0000 9928.1953   13.1503
    0.0000  -37.5000  -30.000010487.4590   13.1453
    7.5000  -37.5000  -30.000010191.6025   13.1419
   -7.5000  -30.0000  -30.000010725.2588   13.1449
    0.0000  -30.0000  -30.000011327.4609   13.1470
    7.5000  -30.0000  -30.000011011.1953   13.1512
   -7.5000  -22.5000  -30.000011412.8086   13.1540
    0.0000  -22.5000  -30.000012071.3301   13.1674
    7.5000  -22.5000  -30.000011739.9697   13.1817
   -7.5000  -15.0000  -30.000012043.3818   13.1667
    0.0000  -15.0000  -30.000012736.2480   13.1853
    7.5000  -15.0000  -30.000012378.7197   13.2030
   -7.5000   -7.5000  -30.000012634.5957   13.1712
    0.0000   -7.5000  -30.000013363.7275   13.1813
    7.5000   -7.5000  -30.000012953.6855   13.1899
   -7.5000    0.0000  -30.000012957.9268   13.1639
    0.0000    0.0000  -30.000013701.8623   13.1617
    7.5000    0.0000  -30.000013299.4941   13.1593
   -7.5000    7.5000  -30.000012327.3701   13.1503
    0.0000    7.5000  -30.000013034.3818   13.1453
    7.5000    7.5000  -30.000012660.9287   13.1419
   -7.5000   15.0000  -30.000011603.7451   13.1449
    0.0000   15.0000  -30.000012237.1729   13.1470
    7.5000   15.0000  -30.000011901.9170   13.1512
   -7.5000   22.5000  -30.000010704.9658   13.1508
    0.0000   22.5000  -30.000011246.8301   13.1642
    7.5000   22.5000  -30.000010962.0352   13.1786
   -7.5000   30.0000  -30.0000 9719.0420   12.9924
    0.0000   30.0000  -30.000010189.9463   13.0108
    7.5000   30.0000  -30.0000 9930.1963   13.0283
   -7.5000   37.5000  -30.0000 9186.2168   13.0081
    0.0000   37.5000  -30.0000 9630.7930   13.0180
    7.5000   37.5000  -30.0000 9388.6055   13.0264
   -7.5000   45.0000  -30.0000 8391.4170   12.8106
    0.0000   45.0000  -30.0000 8782.6621   12.8077
    7.5000   45.0000  -30.0000 8569.6787   12.8056
   -7.5000  -45.0000  -22.500010046.4863   13.6203
    0.0000  -45.0000  -22.500010624.4961   13.6244
    7.5000  -45.0000  -22.500010333.5615   13.6237
   -7.5000  -37.5000  -22.500010584.1104   13.6069
    0.0000  -37.5000  -22.500011208.7900   13.6076
    7.5000  -37.5000  -22.500010890.4629   13.6074
   -7.5000  -30.0000  -22.500011448.1406   13.5997
    0.0000  -30.0000  -22.500012118.9961   13.6054
    7.5000  -30.0000  -22.500011783.2041   13.6124
   -7.5000  -22.5000  -22.500012200.0488   13.6059
    0.0000  -22.5000  -22.500012952.3877   13.6217
    7.5000  -22.5000  -22.500012581.7529   13.6368
   -7.5000  -15.0000  -22.500012888.6650   13.6178
    0.0000  -15.0000  -22.500013694.2354   13.6394
    7.5000  -15.0000  -22.500013300.9336   13.6562
   -7.5000   -7.5000  -22.500013465.8525   13.6248
    0.0000   -7.5000  -22.500014303.4736   13.6400
    7.5000   -7.5000  -22.500013876.7422   13.6481
   -7.5000    0.0000  -22.500013779.7373   13.6203
    0.0000    0.0000  -22.500014612.0254   13.6244
    7.5000    0.0000  -22.500014195.3096   13.6237
   -7.5000    7.5000  -22.500013105.9912   13.6069
    0.0000    7.5000  -22.500013902.7783   13.6076
    7.5000    7.5000  -22.500013506.2607   13.6074
   -7.5000   15.0000  -22.500012352.2227   13.5997
    0.0000   15.0000  -22.500013085.1982   13.6054
    7.5000   15.0000  -22.500012729.7412   13.6124
   -7.5000   22.5000  -22.500011433.2588   13.6017
    0.0000   22.5000  -22.500012043.5986   13.6175
    7.5000   22.5000  -22.500011731.8545   13.6326
   -7.5000   30.0000  -22.500010367.0205   13.4397
    0.0000   30.0000  -22.500010884.3994   13.4609
    7.5000   30.0000  -22.500010611.5576   13.4776
   -7.5000   37.5000  -22.5000 9785.4492   13.4573
    0.0000   37.5000  -22.500010241.2568   13.4721
    7.5000   37.5000  -22.5000 9974.6719   13.4802
   -7.5000   45.0000  -22.5000 8919.8232   13.2675
    0.0000   45.0000  -22.5000 9333.7773   13.2708
    7.5000   45.0000  -22.5000 9114.8682   13.2705
   -7.5000  -45.0000  -15.000010700.3418   13.9588
    0.0000  -45.0000  -15.000011322.2744   13.9657
    7.5000  -45.0000  -15.000011014.6484   13.9671
   -7.5000  -37.5000  -15.000011241.7480   13.9516
    0.0000  -37.5000  -15.000011921.9307   13.9533
    7.5000  -37.5000  -15.000011594.3955   13.9558
   -7.5000  -30.0000  -15.000012148.7275   13.9460
    0.0000  -30.0000  -15.000012914.4795   13.9506
    7.5000  -30.0000  -15.000012561.9404   13.9598
   -7.5000  -22.5000  -15.000012957.9492   13.9467
    0.0000  -22.5000  -15.000013795.0586   13.9610
    7.5000  -22.5000  -15.000013415.3857   13.9771
   -7.5000  -15.0000  -15.000013667.6543   13.9524
    0.0000  -15.0000  -15.000014572.9189   13.9741
    7.5000  -15.0000  -15.000014181.1445   13.9911
   -7.5000   -7.5000  -15.000014229.1113   13.9589
    0.0000   -7.5000  -15.000015193.4482   13.9762
    7.5000   -7.5000  -15.000014795.3818   13.9851
   -7.5000    0.0000  -15.000014597.1240   13.9588
    0.0000    0.0000  -15.000015570.0830   13.9657
    7.5000    0.0000  -15.000015169.9961   13.9671
   -7.5000    7.5000  -15.000013869.9668   13.9516
    0.0000    7.5000  -15.000014776.9932   13.9533
    7.5000    7.5000  -15.000014378.7695   13.9558
   -7.5000   15.0000  -15.000013059.0273   13.9460
    0.0000   15.0000  -15.000013863.9414   13.9506
    7.5000   15.0000  -15.000013489.8252   13.9598
   -7.5000   22.5000  -15.000012069.1074   13.9418
    0.0000   22.5000  -15.000012755.1768   13.9561
    7.5000   22.5000  -15.000012410.4814   13.9721
   -7.5000   30.0000  -15.000010966.5088   13.7719
    0.0000   30.0000  -15.000011556.4658   13.7933
    7.5000   30.0000  -15.000011251.8057   13.8100
   -7.5000   37.5000  -15.000010355.0957   13.7881
    0.0000   37.5000  -15.000010849.0283   13.8051
    7.5000   37.5000  -15.000010576.4453   13.8140
   -7.5000   45.0000  -15.0000 9405.1016   13.6053
    0.0000   45.0000  -15.0000 9855.4502   13.6116
    7.5000   45.0000  -15.0000 9616.5283   13.6139
   -7.5000  -45.0000   -7.500011390.1807   14.1308
    0.0000  -45.0000   -7.500012047.7480   14.1329
    7.5000  -45.0000   -7.500011742.5117   14.1347
   -7.5000  -37.5000   -7.500011963.4141   14.1292
    0.0000  -37.5000   -7.500012675.4033   14.1251
    7.5000  -37.5000   -7.500012362.6582   14.1269
   -7.5000  -30.0000   -7.500012903.5449   14.1273
    0.0000  -30.0000   -7.500013723.9775   14.1264
    7.5000  -30.0000   -7.500013376.6250   14.1350
   -7.5000  -22.5000   -7.500013738.1152   14.1258
    0.0000  -22.5000   -7.500014659.7500   14.1359
    7.5000  -22.5000   -7.500014278.7471   14.1525
   -7.5000  -15.0000   -7.500014468.1348   14.1265
    0.0000  -15.0000   -7.500015469.8086   14.1451
    7.5000  -15.0000   -7.500015075.5303   14.1636
   -7.5000   -7.5000   -7.500015043.8877   14.1296
    0.0000   -7.5000   -7.500016088.3037   14.1434
    7.5000   -7.5000   -7.500015687.7852   14.1538
   -7.5000    0.0000   -7.500015412.9424   14.1308
    0.0000    0.0000   -7.500016510.9590   14.1329
    7.5000    0.0000   -7.500016098.5869   14.1347
   -7.5000    7.5000   -7.500014632.3291   14.1292
    0.0000    7.5000   -7.500015643.1709   14.1251
    7.5000    7.5000   -7.500015250.9551   14.1269
   -7.5000   15.0000   -7.500013731.6992   14.1273
    0.0000   15.0000   -7.500014635.0049   14.1264
    7.5000   15.0000   -7.500014266.3662   14.1350
   -7.5000   22.5000   -7.500012688.6924   14.1193
    0.0000   22.5000   -7.500013464.8232   14.1294
    7.5000   22.5000   -7.500013131.7812   14.1460
   -7.5000   30.0000   -7.500011562.2754   13.9433
    0.0000   30.0000   -7.500012216.9736   13.9616
    7.5000   30.0000   -7.500011933.6777   13.9799
   -7.5000   37.5000   -7.500010917.8516   13.9563
    0.0000   37.5000   -7.500011505.1943   13.9699
    7.5000   37.5000   -7.500011242.6133   13.9803
   -7.5000   45.0000   -7.5000 9918.6045   13.7720
    0.0000   45.0000   -7.500010434.6553   13.7739
    7.5000   45.0000   -7.500010190.4561   13.7771
   -7.5000  -45.0000    0.000012004.8887   14.1577
    0.0000  -45.0000    0.000012736.1689   14.1530
    7.5000  -45.0000    0.000012400.3252   14.1531
   -7.5000  -37.5000    0.000012623.0645   14.1560
    0.0000  -37.5000    0.000013376.8115   14.1456
    7.5000  -37.5000    0.000013061.0615   14.1443
   -7.5000  -30.0000    0.000013630.9678   14.1563
    0.0000  -30.0000    0.000014511.2539   14.1513
    7.5000  -30.0000    0.000014152.6895   14.1575
   -7.5000  -22.5000    0.000014490.3037   14.1577
    0.0000  -22.5000    0.000015473.4580   14.1656
    7.5000  -22.5000    0.000015082.2109   14.1820
   -7.5000  -15.0000    0.000015231.5977   14.1590
    0.0000  -15.0000    0.000016278.9580   14.1750
    7.5000  -15.0000    0.000015864.6855   14.1950
   -7.5000   -7.5000    0.000015811.1738   14.1594
    0.0000   -7.5000    0.000016920.1641   14.1682
    7.5000   -7.5000    0.000016481.6172   14.1793
   -7.5000    0.0000    0.000016159.6738   14.1577
    0.0000    0.0000    0.000017340.0547   14.1530
    7.5000    0.0000    0.000016913.4238   14.1531
   -7.5000    7.5000    0.000015290.7939   14.1560
    0.0000    7.5000    0.000016396.5430   14.1456
    7.5000    7.5000    0.000015984.9717   14.1443
   -7.5000   15.0000    0.000014339.6338   14.1563
    0.0000   15.0000    0.000015334.9023   14.1513
    7.5000   15.0000    0.000014978.4844   14.1575
   -7.5000   22.5000    0.000013263.1123   14.1512
    0.0000   22.5000    0.000014122.4072   14.1590
    7.5000   22.5000    0.000013785.6494   14.1755
   -7.5000   30.0000    0.000012130.6104   13.9758
    0.0000   30.0000    0.000012885.3076   13.9915
    7.5000   30.0000    0.000012594.9502   14.0113
   -7.5000   37.5000    0.000011438.2842   13.9870
    0.0000   37.5000    0.000012126.0146   13.9958
    7.5000   37.5000    0.000011866.3828   14.0068
   -7.5000   45.0000    0.000010398.3506   13.7961
    0.0000   45.0000    0.000011008.1445   13.7913
    7.5000   45.0000    0.000010771.1357   13.7928
   -7.5000  -45.0000    7.500011663.0996   14.1457
    0.0000  -45.0000    7.500012416.9102   14.1392
    7.5000  -45.0000    7.500012074.1895   14.1371
   -7.5000  -37.5000    7.500012260.1953   14.1375
    0.0000  -37.5000    7.500013049.1162   14.1268
    7.5000  -37.5000    7.500012707.3467   14.1229
   -7.5000  -30.0000    7.500013276.1768   14.1357
    0.0000  -30.0000    7.500014197.1836   14.1327
    7.5000  -30.0000    7.500013834.4844   14.1369
   -7.5000  -22.5000    7.500014173.4336   14.1427
    0.0000  -22.5000    7.500015223.9268   14.1529
    7.5000  -22.5000    7.500014867.3105   14.1687
   -7.5000  -15.0000    7.500014906.7480   14.1505
    0.0000  -15.0000    7.500015984.9463   14.1674
    7.5000  -15.0000    7.500015608.2861   14.1875
   -7.5000   -7.5000    7.500015483.3037   14.1518
    0.0000   -7.5000    7.500016584.7324   14.1595
    7.5000   -7.5000    7.500016149.9600   14.1699
   -7.5000    0.0000    7.500015788.7295   14.1457
    0.0000    0.0000    7.500016967.6309   14.1392
    7.5000    0.0000    7.500016535.8105   14.1371
   -7.5000    7.5000    7.500014919.5908   14.1375
    0.0000    7.5000    7.500016044.2227   14.1268
    7.5000    7.5000    7.500015625.6299   14.1229
   -7.5000   15.0000    7.500013947.6865   14.1357
    0.0000   15.0000    7.500014978.3379   14.1327
    7.5000   15.0000    7.500014615.6650   14.1369
   -7.5000   22.5000    7.500012899.0059   14.1361
    0.0000   22.5000    7.500013815.6572   14.1464
    7.5000   22.5000    7.500013480.7051   14.1622
   -7.5000   30.0000    7.500011792.6240   13.9673
    0.0000   30.0000    7.500012620.8857   13.9840
    7.5000   30.0000    7.500012313.8633   14.0038
   -7.5000   37.5000    7.500011113.9014   13.9805
    0.0000   37.5000    7.500011884.5732   13.9881
    7.5000   37.5000    7.500011610.7422   13.9984
   -7.5000   45.0000    7.500010074.0400   13.7849
    0.0000   45.0000    7.500010737.8604   13.7781
    7.5000   45.0000    7.500010501.8369   13.7769
   -7.5000  -45.0000   15.000011248.3896   14.1359
    0.0000  -45.0000   15.000011932.7305   14.1335
    7.5000  -45.0000   15.000011613.0195   14.1309
   -7.5000  -37.5000   15.000011812.4072   14.1212
    0.0000  -37.5000   15.000012550.1689   14.1158
    7.5000  -37.5000   15.000012199.0381   14.1123
   -7.5000  -30.0000   15.000012803.8838   14.1154
    0.0000  -30.0000   15.000013741.2988   14.1178
    7.5000  -30.0000   15.000013389.2178   14.1223
   -7.5000  -22.5000   15.000013745.4141   14.1252
    0.0000  -22.5000   15.000014893.9121   14.1396
    7.5000  -22.5000   15.000014611.3213   14.1550
   -7.5000  -15.0000   15.000014552.3086   14.1388
    0.0000  -15.0000   15.000015709.4258   14.1588
    7.5000  -15.0000   15.000015335.1094   14.1778
   -7.5000   -7.5000   15.000015083.0449   14.1437
    0.0000   -7.5000   15.000016224.1270   14.1546
    7.5000   -7.5000   15.000015774.7158   14.1637
   -7.5000    0.0000   15.000015344.0791   14.1359
    0.0000    0.0000   15.000016556.4238   14.1335
    7.5000    0.0000   15.000016074.2627   14.1309
   -7.5000    7.5000   15.000014456.7607   14.1212
    0.0000    7.5000   15.000015638.9805   14.1158
    7.5000    7.5000   15.000015156.0352   14.1123
   -7.5000   15.0000   15.000013453.2949   14.1154
    0.0000   15.0000   15.000014512.9805   14.1178
    7.5000   15.0000   15.000014064.7832   14.1223
   -7.5000   22.5000   15.000012410.0088   14.1187
    0.0000   22.5000   15.000013327.4248   14.1331
    7.5000   22.5000   15.000012925.0488   14.1485
   -7.5000   30.0000   15.000011333.3877   13.9558
    0.0000   30.0000   15.000012134.8066   13.9756
    7.5000   30.0000   15.000011789.3506   13.9943
   -7.5000   37.5000   15.000010678.3389   13.9727
    0.0000   37.5000   15.000011443.0205   13.9833
    7.5000   37.5000   15.000011149.2783   13.9923
   -7.5000   45.0000   15.0000 9629.8203   13.7787
    0.0000   45.0000   15.000010301.6943   13.7757
    7.5000   45.0000   15.000010057.2773   13.7734
   -7.5000  -45.0000   22.500010767.4775   14.1389
    0.0000  -45.0000   22.500011430.2217   14.1432
    7.5000  -45.0000   22.500011106.8535   14.1425
   -7.5000  -37.5000   22.500011294.9863   14.1251
    0.0000  -37.5000   22.500012004.6738   14.1258
    7.5000  -37.5000   22.500011660.3779   14.1256
   -7.5000  -30.0000   22.500012200.6445   14.1175
    0.0000  -30.0000   22.500013097.1553   14.1235
    7.5000  -30.0000   22.500012774.2021   14.1307
   -7.5000  -22.5000   22.500013080.2607   14.1240
    0.0000  -22.5000   22.500014212.8184   14.1404
    7.5000  -22.5000   22.500013931.7246   14.1561
   -7.5000  -15.0000   22.500013923.3340   14.1363
    0.0000  -15.0000   22.500015182.6816   14.1587
    7.5000  -15.0000   22.500014790.7256   14.1763
   -7.5000   -7.5000   22.500014481.8623   14.1437
    0.0000   -7.5000   22.500015772.8213   14.1594
    7.5000   -7.5000   22.500015282.8555   14.1678
   -7.5000    0.0000   22.500014750.9912   14.1389
    0.0000    0.0000   22.500016020.0049   14.1432
    7.5000    0.0000   22.500015501.4922   14.1425
   -7.5000    7.5000   22.500013895.7510   14.1251
    0.0000    7.5000   22.500015008.0039   14.1258
    7.5000    7.5000   22.500014499.6143   14.1256
   -7.5000   15.0000   22.500012911.8506   14.1175
    0.0000   15.0000   22.500013869.0059   14.1235
    7.5000   15.0000   22.500013403.6035   14.1307
   -7.5000   22.5000   22.500011859.2305   14.1175
    0.0000   22.5000   22.500012696.8447   14.1339
    7.5000   22.5000   22.500012283.8848   14.1496
   -7.5000   30.0000   22.500010818.3643   13.9534
    0.0000   30.0000   22.500011573.6328   13.9755
    7.5000   30.0000   22.500011209.7021   13.9928
   -7.5000   37.5000   22.500010205.8623   13.9717
    0.0000   37.5000   22.500010928.1416   13.9871
    7.5000   37.5000   22.500010598.5283   13.9955
   -7.5000   45.0000   22.5000 9196.7900   13.7846
    0.0000   45.0000   22.5000 9820.2764   13.7881
    7.5000   45.0000   22.5000 9558.3408   13.7878
   -7.5000  -45.0000   30.000010189.8232   14.1509
    0.0000  -45.0000   30.000010856.3418   14.1580
    7.5000  -45.0000   30.000010558.0801   14.1593
   -7.5000  -37.5000   30.000010700.4795   14.1436
    0.0000  -37.5000   30.000011408.6572   14.1453
    7.5000  -37.5000   30.000011096.2764   14.1479
   -7.5000  -30.0000   30.000011529.8555   14.1379
    0.0000  -30.0000   30.000012350.3916   14.1426
    7.5000  -30.0000   30.000012063.8818   14.1519
   -7.5000  -22.5000   30.000012345.7939   14.1386
    0.0000  -22.5000   30.000013260.2959   14.1531
    7.5000  -22.5000   30.000012935.6875   14.1694
   -7.5000  -15.0000   30.000013138.1885   14.1444
    0.0000  -15.0000   30.000014057.5010   14.1664
    7.5000  -15.0000   30.000013639.9150   14.1837
   -7.5000   -7.5000   30.000013692.2461   14.1511
    0.0000   -7.5000   30.000014658.5830   14.1685
    7.5000   -7.5000   30.000014204.4453   14.1776
   -7.5000    0.0000   30.000013983.0820   14.1509
    0.0000    0.0000   30.000014979.1162   14.1580
    7.5000    0.0000   30.000014531.2910   14.1593
   -7.5000    7.5000   30.000013189.3613   14.1436
    0.0000    7.5000   30.000014114.0029   14.1453
    7.5000    7.5000   30.000013676.4531   14.1479
   -7.5000   15.0000   30.000012248.7539   14.1379
    0.0000   15.0000   30.000013070.2080   14.1426
    7.5000   15.0000   30.000012638.1250   14.1519
   -7.5000   22.5000   30.000011234.7676   14.1321
    0.0000   22.5000   30.000011984.8428   14.1466
    7.5000   22.5000   30.000011593.2939   14.1629
   -7.5000   30.0000   30.000010208.2051   13.9614
    0.0000   30.0000   30.000010913.2002   13.9831
    7.5000   30.0000   30.000010569.8799   14.0001
   -7.5000   37.5000   30.0000 9601.5664   13.9779
    0.0000   37.5000   30.000010238.2100   13.9951
    7.5000   37.5000   30.0000 9933.1338   14.0041
   -7.5000   45.0000   30.0000 8657.1084   13.7962
    0.0000   45.0000   30.0000 9201.9238   13.8026
    7.5000   45.0000   30.0000 8943.6982   13.8049
   -7.5000  -45.0000   37.5000 9860.8408   14.1710
    0.0000  -45.0000   37.500010497.7295   14.1731
    7.5000  -45.0000   37.500010206.8047   14.1747
   -7.5000  -37.5000   37.500010373.8311   14.1694
    0.0000  -37.5000   37.500011029.6182   14.1653
    7.5000  -37.5000   37.500010719.6533   14.1669
   -7.5000  -30.0000   37.500011189.1348   14.1674
    0.0000  -30.0000   37.500011906.3896   14.1665
    7.5000  -30.0000   37.500011609.1895   14.1750
   -7.5000  -22.5000   37.500012003.4570   14.1659
    0.0000  -22.5000   37.500012777.0381   14.1760
    7.5000  -22.5000   37.500012426.7158   14.1925
   -7.5000  -15.0000   37.500012714.2002   14.1667
    0.0000  -15.0000   37.500013511.1455   14.1853
    7.5000  -15.0000   37.500013078.6289   14.2036
   -7.5000   -7.5000   37.500013244.3652   14.1697
    0.0000   -7.5000   37.500014045.0420   14.1836
    7.5000   -7.5000   37.500013570.8213   14.1939
   -7.5000    0.0000   37.500013548.1035   14.1710
    0.0000    0.0000   37.500014348.1172   14.1731
    7.5000    0.0000   37.500013868.6357   14.1747
   -7.5000    7.5000   37.500012811.8730   14.1694
    0.0000    7.5000   37.500013584.9473   14.1653
    7.5000    7.5000   37.500013121.4082   14.1669
   -7.5000   15.0000   37.500011891.7197   14.1674
    0.0000   15.0000   37.500012630.6377   14.1665
    7.5000   15.0000   37.500012195.7197   14.1750
   -7.5000   22.5000   37.500010918.8691   14.1594
    0.0000   22.5000   37.500011595.8018   14.1695
    7.5000   22.5000   37.500011200.6113   14.1860
   -7.5000   30.0000   37.5000 9929.6621   13.9833
    0.0000   30.0000   37.500010560.9736   14.0017
    7.5000   30.0000   37.500010216.5439   14.0198
   -7.5000   37.5000   37.5000 9334.7803   13.9963
    0.0000   37.5000   37.5000 9907.2275   14.0100
    7.5000   37.5000   37.5000 9596.9688   14.0203
   -7.5000   45.0000   37.5000 8392.7881   13.8124
    0.0000   45.0000   37.5000 8905.6846   13.8143
    7.5000   45.0000   37.5000 8629.6436   13.8172
   -7.5000  -45.0000   45.0000 9086.0430   14.2409
    0.0000  -45.0000   45.0000 9621.8086   14.2361
    7.5000  -45.0000   45.0000 9360.3555   14.2357
   -7.5000  -37.5000   45.0000 9567.4453   14.2396
    0.0000  -37.5000   45.000010133.9678   14.2290
    7.5000  -37.5000   45.0000 9868.1504   14.2271
   -7.5000  -30.0000   45.000010339.0488   14.2400
    0.0000  -30.0000   45.000010978.5576   14.2350
    7.5000  -30.0000   45.000010719.2207   14.2408
   -7.5000  -22.5000   45.000011106.8730   14.2412
    0.0000  -22.5000   45.000011788.9297   14.2493
    7.5000  -22.5000   45.000011469.9424   14.2656
   -7.5000  -15.0000   45.000011739.7246   14.2421
    0.0000  -15.0000   45.000012440.2266   14.2585
    7.5000  -15.0000   45.000012056.6406   14.2785
   -7.5000   -7.5000   45.000012182.8467   14.2423
    0.0000   -7.5000   45.000012897.3008   14.2514
    7.5000   -7.5000   45.000012464.2480   14.2623
   -7.5000    0.0000   45.000012472.2012   14.2409
    0.0000    0.0000   45.000013188.4023   14.2361
    7.5000    0.0000   45.000012732.2979   14.2357
   -7.5000    7.5000   45.000011810.2617   14.2396
    0.0000    7.5000   45.000012477.1299   14.2290
    7.5000    7.5000   45.000012053.2471   14.2271
   -7.5000   15.0000   45.000010957.7617   14.2400
    0.0000   15.0000   45.000011580.1270   14.2350
    7.5000   15.0000   45.000011187.2549   14.2408
   -7.5000   22.5000   45.000010068.8828   14.2346
    0.0000   22.5000   45.000010661.7588   14.2427
    7.5000   22.5000   45.000010303.8086   14.2589
   -7.5000   30.0000   45.0000 9175.8184   14.0566
    0.0000   30.0000   45.0000 9722.9102   14.0727
    7.5000   30.0000   45.0000 9418.4805   14.0925
   -7.5000   37.5000   45.0000 8637.3906   14.0678
    0.0000   37.5000   45.0000 9133.8652   14.0769
    7.5000   37.5000   45.0000 8870.0459   14.0877
   -7.5000   45.0000   45.0000 7768.3022   13.8853
    0.0000   45.0000   45.0000 8211.7158   13.8805
    7.5000   45.0000   45.0000 7980.9731   13.8815

---------------------------------------------------------------------
imgreg_4dfp /opt/freesurfer/average/711-2C_as_mni_average_305 /opt/freesurfer/average/711-2B_as_mni_average_305_mask talsrcimg_g11 none talsrcimg_to_711-2C_as_mni_average_305_t4 4355
---------------------------------------------------------------------

freesurfer imgreg_4dfp.c
/opt/freesurfer/average/711-2C_as_mni_average_305.4dfp.img
       256       256       256         1
  1.000000  1.000000  1.000000
orientation T byte_order littleendian
Reading image: /opt/freesurfer/average/711-2C_as_mni_average_305.4dfp.img
dimensions:      256       256       256
mmppix:       1.0000   -1.0000   -1.0000
center:     128.0000 -129.0000 -129.0000
/opt/freesurfer/average/711-2B_as_mni_average_305_mask.4dfp.img
       256       256       256         1
  1.000000  1.000000  1.000000
orientation T byte_order littleendian
Reading mask: /opt/freesurfer/average/711-2B_as_mni_average_305_mask.4dfp.img (2306576 pixels)
talsrcimg_g11.4dfp.img
       256       256       256         1
  1.000000  1.000000  1.000000
orientation T byte_order littleendian
Reading image: talsrcimg_g11.4dfp.img
dimensions:      256       256       256
mmppix:       1.0000   -1.0000   -1.0000
center:     128.0000 -129.0000 -129.0000
rotation matrix determinant  1.000000
image alignment mode   4355 decimal     1103 hex
   -7.5000  -45.0000  -45.0000 2125.5569   13.7582
    0.0000  -45.0000  -45.0000 2148.6780   13.5422
    7.5000  -45.0000  -45.0000 2152.9175   13.5589
   -7.5000  -37.5000  -45.0000 2161.2549   13.1767
    0.0000  -37.5000  -45.0000 2185.0793   12.9631
    7.5000  -37.5000  -45.0000 2190.2175   12.9531
   -7.5000  -30.0000  -45.0000 2179.1069   12.7608
    0.0000  -30.0000  -45.0000 2201.7581   12.5242
    7.5000  -30.0000  -45.0000 2215.1182   12.5224
   -7.5000  -22.5000  -45.0000 2184.6711   12.6235
    0.0000  -22.5000  -45.0000 2211.6072   12.3660
    7.5000  -22.5000  -45.0000 2222.6355   12.3530
   -7.5000  -15.0000  -45.0000 2182.0994   12.6235
    0.0000  -15.0000  -45.0000 2208.1826   12.3352
    7.5000  -15.0000  -45.0000 2219.9504   12.3092
   -7.5000   -7.5000  -45.0000 2174.7776   12.7451
    0.0000   -7.5000  -45.0000 2204.5347   12.4695
    7.5000   -7.5000  -45.0000 2214.4648   12.4291
   -7.5000    0.0000  -45.0000 2148.2466   13.1529
    0.0000    0.0000  -45.0000 2177.0547   12.8305
    7.5000    0.0000  -45.0000 2186.6494   12.8053
   -7.5000    7.5000  -45.0000 2099.2605   13.7853
    0.0000    7.5000  -45.0000 2128.2109   13.4542
    7.5000    7.5000  -45.0000 2143.9180   13.4094
   -7.5000   15.0000  -45.0000 2038.6132   14.6683
    0.0000   15.0000  -45.0000 2070.8884   14.2986
    7.5000   15.0000  -45.0000 2081.6995   14.2735
   -7.5000   22.5000  -45.0000 1959.7545   15.8882
    0.0000   22.5000  -45.0000 1993.7069   15.4740
    7.5000   22.5000  -45.0000 2001.6696   15.4591
   -7.5000   30.0000  -45.0000 1861.1425   17.5394
    0.0000   30.0000  -45.0000 1892.8823   17.0117
    7.5000   30.0000  -45.0000 1902.7952   17.0204
   -7.5000   37.5000  -45.0000 1755.1647   19.7144
    0.0000   37.5000  -45.0000 1787.5328   19.2082
    7.5000   37.5000  -45.0000 1796.4308   19.1560
   -7.5000   45.0000  -45.0000 1646.4946   22.8021
    0.0000   45.0000  -45.0000 1677.4335   22.1953
    7.5000   45.0000  -45.0000 1680.1315   22.0592
   -7.5000  -45.0000  -37.5000 2223.9600   12.6554
    0.0000  -45.0000  -37.5000 2247.9290   12.4486
    7.5000  -45.0000  -37.5000 2255.1782   12.4628
   -7.5000  -37.5000  -37.5000 2272.0386   12.0687
    0.0000  -37.5000  -37.5000 2300.2200   11.8623
    7.5000  -37.5000  -37.5000 2307.4336   11.8786
   -7.5000  -30.0000  -37.5000 2282.2092   11.7648
    0.0000  -30.0000  -37.5000 2314.1174   11.5361
    7.5000  -30.0000  -37.5000 2328.4355   11.5424
   -7.5000  -22.5000  -37.5000 2282.3301   11.6075
    0.0000  -22.5000  -37.5000 2316.9612   11.3953
    7.5000  -22.5000  -37.5000 2332.5208   11.3825
   -7.5000  -15.0000  -37.5000 2280.7100   11.5759
    0.0000  -15.0000  -37.5000 2312.0991   11.3389
    7.5000  -15.0000  -37.5000 2326.3164   11.3179
   -7.5000   -7.5000  -37.5000 2278.3523   11.6878
    0.0000   -7.5000  -37.5000 2311.8501   11.4134
    7.5000   -7.5000  -37.5000 2323.2817   11.3997
   -7.5000    0.0000  -37.5000 2254.9290   12.0144
    0.0000    0.0000  -37.5000 2289.5684   11.7195
    7.5000    0.0000  -37.5000 2299.1897   11.6994
   -7.5000    7.5000  -37.5000 2204.6318   12.5832
    0.0000    7.5000  -37.5000 2240.0779   12.2732
    7.5000    7.5000  -37.5000 2257.6328   12.2345
   -7.5000   15.0000  -37.5000 2142.0647   13.3721
    0.0000   15.0000  -37.5000 2175.6731   13.0355
    7.5000   15.0000  -37.5000 2190.5020   13.0001
   -7.5000   22.5000  -37.5000 2059.3040   14.4544
    0.0000   22.5000  -37.5000 2092.4758   14.0724
    7.5000   22.5000  -37.5000 2103.5535   14.0378
   -7.5000   30.0000  -37.5000 1954.2375   15.9279
    0.0000   30.0000  -37.5000 1988.3970   15.5038
    7.5000   30.0000  -37.5000 1994.7955   15.4898
   -7.5000   37.5000  -37.5000 1844.8241   17.8911
    0.0000   37.5000  -37.5000 1879.7822   17.4665
    7.5000   37.5000  -37.5000 1882.2463   17.4085
   -7.5000   45.0000  -37.5000 1728.4717   20.5851
    0.0000   45.0000  -37.5000 1754.3893   20.0696
    7.5000   45.0000  -37.5000 1756.9357   19.9565
   -7.5000  -45.0000  -30.0000 2352.8420   12.1183
    0.0000  -45.0000  -30.0000 2390.4688   11.9155
    7.5000  -45.0000  -30.0000 2399.2751   11.9036
   -7.5000  -37.5000  -30.0000 2410.2446   11.4850
    0.0000  -37.5000  -30.0000 2449.6055   11.2831
    7.5000  -37.5000  -30.0000 2461.9280   11.2853
   -7.5000  -30.0000  -30.0000 2431.3369   11.2085
    0.0000  -30.0000  -30.0000 2467.6162   11.0301
    7.5000  -30.0000  -30.0000 2478.5491   11.0311
   -7.5000  -22.5000  -30.0000 2436.9065   11.0684
    0.0000  -22.5000  -30.0000 2473.7222   10.8776
    7.5000  -22.5000  -30.0000 2488.6230   10.8616
   -7.5000  -15.0000  -30.0000 2432.7808   11.0296
    0.0000  -15.0000  -30.0000 2466.3015   10.8285
    7.5000  -15.0000  -30.0000 2482.4722   10.8177
   -7.5000   -7.5000  -30.0000 2423.6243   11.1405
    0.0000   -7.5000  -30.0000 2466.2993   10.9096
    7.5000   -7.5000  -30.0000 2480.0254   10.8770
   -7.5000    0.0000  -30.0000 2399.1611   11.4280
    0.0000    0.0000  -30.0000 2439.6643   11.1645
    7.5000    0.0000  -30.0000 2452.5173   11.1283
   -7.5000    7.5000  -30.0000 2349.6365   11.9283
    0.0000    7.5000  -30.0000 2391.9487   11.6504
    7.5000    7.5000  -30.0000 2409.2124   11.6016
   -7.5000   15.0000  -30.0000 2281.8237   12.6412
    0.0000   15.0000  -30.0000 2321.2227   12.3403
    7.5000   15.0000  -30.0000 2336.2727   12.2985
   -7.5000   22.5000  -30.0000 2191.7026   13.6457
    0.0000   22.5000  -30.0000 2229.0305   13.2918
    7.5000   22.5000  -30.0000 2242.8882   13.2844
   -7.5000   30.0000  -30.0000 2079.6936   15.0259
    0.0000   30.0000  -30.0000 2117.3457   14.6438
    7.5000   30.0000  -30.0000 2124.4573   14.6512
   -7.5000   37.5000  -30.0000 1961.3298   16.8413
    0.0000   37.5000  -30.0000 1998.6632   16.4794
    7.5000   37.5000  -30.0000 2007.5790   16.4463
   -7.5000   45.0000  -30.0000 1831.1152   19.3557
    0.0000   45.0000  -30.0000 1860.2783   18.8862
    7.5000   45.0000  -30.0000 1872.2954   18.8523
   -7.5000  -45.0000  -22.5000 2441.6069   11.6052
    0.0000  -45.0000  -22.5000 2483.3938   11.4497
    7.5000  -45.0000  -22.5000 2499.2012   11.3971
   -7.5000  -37.5000  -22.5000 2512.5488   10.9389
    0.0000  -37.5000  -22.5000 2555.7844   10.7487
    7.5000  -37.5000  -22.5000 2571.2214   10.7126
   -7.5000  -30.0000  -22.5000 2550.5237   10.5757
    0.0000  -30.0000  -22.5000 2588.3201   10.4090
    7.5000  -30.0000  -22.5000 2600.4390   10.3961
   -7.5000  -22.5000  -22.5000 2562.0708   10.4190
    0.0000  -22.5000  -22.5000 2600.5293   10.2600
    7.5000  -22.5000  -22.5000 2613.6501   10.2436
   -7.5000  -15.0000  -22.5000 2563.7063   10.3773
    0.0000  -15.0000  -22.5000 2605.5930   10.2392
    7.5000  -15.0000  -22.5000 2618.4431   10.2028
   -7.5000   -7.5000  -22.5000 2552.0627   10.4907
    0.0000   -7.5000  -22.5000 2600.8418   10.3043
    7.5000   -7.5000  -22.5000 2609.8838   10.2852
   -7.5000    0.0000  -22.5000 2523.3169   10.7912
    0.0000    0.0000  -22.5000 2570.8218   10.5760
    7.5000    0.0000  -22.5000 2587.5217   10.5326
   -7.5000    7.5000  -22.5000 2472.9636   11.2527
    0.0000    7.5000  -22.5000 2523.7524   11.0132
    7.5000    7.5000  -22.5000 2541.1885   10.9658
   -7.5000   15.0000  -22.5000 2399.2537   11.9094
    0.0000   15.0000  -22.5000 2449.4182   11.6479
    7.5000   15.0000  -22.5000 2464.6194   11.6105
   -7.5000   22.5000  -22.5000 2305.5918   12.8487
    0.0000   22.5000  -22.5000 2347.8918   12.5376
    7.5000   22.5000  -22.5000 2365.2261   12.5174
   -7.5000   30.0000  -22.5000 2185.5068   14.1461
    0.0000   30.0000  -22.5000 2223.8984   13.7940
    7.5000   30.0000  -22.5000 2234.6499   13.7865
   -7.5000   37.5000  -22.5000 2062.8645   15.8766
    0.0000   37.5000  -22.5000 2092.3801   15.4855
    7.5000   37.5000  -22.5000 2102.4531   15.4667
   -7.5000   45.0000  -22.5000 1919.8019   18.2151
    0.0000   45.0000  -22.5000 1953.6637   17.7716
    7.5000   45.0000  -22.5000 1966.3710   17.7549
   -7.5000  -45.0000  -15.0000 2495.6973   11.1658
    0.0000  -45.0000  -15.0000 2538.1924   10.9755
    7.5000  -45.0000  -15.0000 2553.2063   10.9255
   -7.5000  -37.5000  -15.0000 2574.3181   10.4694
    0.0000  -37.5000  -15.0000 2620.5317   10.3025
    7.5000  -37.5000  -15.0000 2635.5925   10.2435
   -7.5000  -30.0000  -15.0000 2624.4150   10.0298
    0.0000  -30.0000  -15.0000 2669.0842    9.8723
    7.5000  -30.0000  -15.0000 2686.4902    9.8295
   -7.5000  -22.5000  -15.0000 2651.4082    9.7999
    0.0000  -22.5000  -15.0000 2693.3401    9.6522
    7.5000  -22.5000  -15.0000 2707.1299    9.6140
   -7.5000  -15.0000  -15.0000 2661.1687    9.7420
    0.0000  -15.0000  -15.0000 2705.9192    9.5985
    7.5000  -15.0000  -15.0000 2721.9719    9.5691
   -7.5000   -7.5000  -15.0000 2655.9578    9.8539
    0.0000   -7.5000  -15.0000 2707.2119    9.6903
    7.5000   -7.5000  -15.0000 2724.5173    9.6698
   -7.5000    0.0000  -15.0000 2628.5088   10.1709
    0.0000    0.0000  -15.0000 2684.7598    9.9741
    7.5000    0.0000  -15.0000 2701.4326    9.9508
   -7.5000    7.5000  -15.0000 2574.4880   10.6367
    0.0000    7.5000  -15.0000 2630.5225   10.4169
    7.5000    7.5000  -15.0000 2647.6211   10.3666
   -7.5000   15.0000  -15.0000 2496.9358   11.2499
    0.0000   15.0000  -15.0000 2546.8999   11.0170
    7.5000   15.0000  -15.0000 2564.1975   10.9658
   -7.5000   22.5000  -15.0000 2397.2761   12.1231
    0.0000   22.5000  -15.0000 2440.0410   11.8390
    7.5000   22.5000  -15.0000 2451.1848   11.8132
   -7.5000   30.0000  -15.0000 2269.6484   13.3333
    0.0000   30.0000  -15.0000 2306.2493   13.0321
    7.5000   30.0000  -15.0000 2318.6499   13.0024
   -7.5000   37.5000  -15.0000 2135.3740   15.0078
    0.0000   37.5000  -15.0000 2165.2617   14.6355
    7.5000   37.5000  -15.0000 2174.7380   14.5935
   -7.5000   45.0000  -15.0000 1983.2949   17.2352
    0.0000   45.0000  -15.0000 2015.3890   16.7754
    7.5000   45.0000  -15.0000 2023.2574   16.7321
   -7.5000  -45.0000   -7.5000 2529.8982   10.7865
    0.0000  -45.0000   -7.5000 2570.5696   10.5733
    7.5000  -45.0000   -7.5000 2589.1833   10.5180
   -7.5000  -37.5000   -7.5000 2617.7478   10.0845
    0.0000  -37.5000   -7.5000 2657.8743    9.8874
    7.5000  -37.5000   -7.5000 2679.8145    9.8400
   -7.5000  -30.0000   -7.5000 2678.8130    9.5801
    0.0000  -30.0000   -7.5000 2722.3196    9.4169
    7.5000  -30.0000   -7.5000 2744.9919    9.3764
   -7.5000  -22.5000   -7.5000 2719.6853    9.2874
    0.0000  -22.5000   -7.5000 2765.1882    9.1146
    7.5000  -22.5000   -7.5000 2783.0132    9.0724
   -7.5000  -15.0000   -7.5000 2740.8118    9.1720
    0.0000  -15.0000   -7.5000 2788.4543    8.9827
    7.5000  -15.0000   -7.5000 2810.0186    8.9530
   -7.5000   -7.5000   -7.5000 2743.8193    9.2986
    0.0000   -7.5000   -7.5000 2799.9968    9.0982
    7.5000   -7.5000   -7.5000 2818.6316    9.0723
   -7.5000    0.0000   -7.5000 2717.7632    9.6114
    0.0000    0.0000   -7.5000 2780.3408    9.4104
    7.5000    0.0000   -7.5000 2798.0693    9.3705
   -7.5000    7.5000   -7.5000 2662.7595   10.0363
    0.0000    7.5000   -7.5000 2720.1604    9.8328
    7.5000    7.5000   -7.5000 2737.6482    9.7914
   -7.5000   15.0000   -7.5000 2576.2476   10.6492
    0.0000   15.0000   -7.5000 2628.8589   10.4064
    7.5000   15.0000   -7.5000 2647.0759   10.3814
   -7.5000   22.5000   -7.5000 2466.6599   11.4820
    0.0000   22.5000   -7.5000 2509.5530   11.2124
    7.5000   22.5000   -7.5000 2525.2947   11.1866
   -7.5000   30.0000   -7.5000 2331.8738   12.6510
    0.0000   30.0000   -7.5000 2369.0415   12.3759
    7.5000   30.0000   -7.5000 2385.6265   12.3264
   -7.5000   37.5000   -7.5000 2188.7886   14.2591
    0.0000   37.5000   -7.5000 2223.8914   13.9282
    7.5000   37.5000   -7.5000 2234.5642   13.8627
   -7.5000   45.0000   -7.5000 2032.0149   16.3579
    0.0000   45.0000   -7.5000 2063.3408   15.9338
    7.5000   45.0000   -7.5000 2072.3647   15.8383
   -7.5000  -45.0000    0.0000 2536.9058   10.5556
    0.0000  -45.0000    0.0000 2586.9478   10.2938
    7.5000  -45.0000    0.0000 2606.7312   10.2560
   -7.5000  -37.5000    0.0000 2640.4290    9.8120
    0.0000  -37.5000    0.0000 2684.4756    9.5765
    7.5000  -37.5000    0.0000 2708.1628    9.5519
   -7.5000  -30.0000    0.0000 2719.2432    9.2680
    0.0000  -30.0000    0.0000 2766.6536    9.0711
    7.5000  -30.0000    0.0000 2789.9558    9.0260
   -7.5000  -22.5000    0.0000 2775.2444    8.9320
    0.0000  -22.5000    0.0000 2825.4055    8.7343
    7.5000  -22.5000    0.0000 2847.7927    8.6755
   -7.5000  -15.0000    0.0000 2809.2290    8.7728
    0.0000  -15.0000    0.0000 2864.6824    8.5531
    7.5000  -15.0000    0.0000 2886.3730    8.5019
   -7.5000   -7.5000    0.0000 2816.3069    8.8937
    0.0000   -7.5000    0.0000 2878.5701    8.6495
    7.5000   -7.5000    0.0000 2897.3264    8.6164
   -7.5000    0.0000    0.0000 2786.8721    9.1786
    0.0000    0.0000    0.0000 2854.8765    8.9504
    7.5000    0.0000    0.0000 2873.8193    8.9107
   -7.5000    7.5000    0.0000 2727.2493    9.6016
    0.0000    7.5000    0.0000 2785.8071    9.3571
    7.5000    7.5000    0.0000 2808.5630    9.3165
   -7.5000   15.0000    0.0000 2638.2996   10.1951
    0.0000   15.0000    0.0000 2688.0747    9.9250
    7.5000   15.0000    0.0000 2711.5898    9.9015
   -7.5000   22.5000    0.0000 2519.5017   11.0244
    0.0000   22.5000    0.0000 2562.9746   10.7180
    7.5000   22.5000    0.0000 2581.5356   10.6963
   -7.5000   30.0000    0.0000 2380.2490   12.1806
    0.0000   30.0000    0.0000 2424.1174   11.8673
    7.5000   30.0000    0.0000 2438.1760   11.8326
   -7.5000   37.5000    0.0000 2228.5459   13.7334
    0.0000   37.5000    0.0000 2269.2285   13.3526
    7.5000   37.5000    0.0000 2283.0195   13.3204
   -7.5000   45.0000    0.0000 2067.1711   15.7128
    0.0000   45.0000    0.0000 2106.4827   15.2556
    7.5000   45.0000    0.0000 2115.0796   15.2300
   -7.5000  -45.0000    7.5000 2528.5872   10.4601
    0.0000  -45.0000    7.5000 2582.4880   10.1998
    7.5000  -45.0000    7.5000 2603.1157   10.1231
   -7.5000  -37.5000    7.5000 2636.4353    9.6550
    0.0000  -37.5000    7.5000 2684.7888    9.4248
    7.5000  -37.5000    7.5000 2709.5652    9.3598
   -7.5000  -30.0000    7.5000 2730.3633    9.0744
    0.0000  -30.0000    7.5000 2782.2964    8.8754
    7.5000  -30.0000    7.5000 2807.3850    8.8086
   -7.5000  -22.5000    7.5000 2808.8860    8.7009
    0.0000  -22.5000    7.5000 2868.7837    8.5051
    7.5000  -22.5000    7.5000 2894.8945    8.4473
   -7.5000  -15.0000    7.5000 2854.2952    8.5483
    0.0000  -15.0000    7.5000 2920.2847    8.3087
    7.5000  -15.0000    7.5000 2947.1865    8.2546
   -7.5000   -7.5000    7.5000 2869.0552    8.6373
    0.0000   -7.5000    7.5000 2940.0100    8.3917
    7.5000   -7.5000    7.5000 2964.4338    8.3325
   -7.5000    0.0000    7.5000 2835.2683    8.9103
    0.0000    0.0000    7.5000 2908.5752    8.6698
    7.5000    0.0000    7.5000 2935.1687    8.6226
   -7.5000    7.5000    7.5000 2766.5876    9.3384
    0.0000    7.5000    7.5000 2837.0378    9.0831
    7.5000    7.5000    7.5000 2860.5039    9.0295
   -7.5000   15.0000    7.5000 2676.3999    9.9130
    0.0000   15.0000    7.5000 2730.3818    9.6493
    7.5000   15.0000    7.5000 2756.1736    9.6085
   -7.5000   22.5000    7.5000 2553.4451   10.7402
    0.0000   22.5000    7.5000 2598.8857   10.4680
    7.5000   22.5000    7.5000 2620.8569   10.4183
   -7.5000   30.0000    7.5000 2414.1431   11.8861
    0.0000   30.0000    7.5000 2457.6528   11.5929
    7.5000   30.0000    7.5000 2473.3059   11.5470
   -7.5000   37.5000    7.5000 2260.4993   13.3995
    0.0000   37.5000    7.5000 2302.2332   13.0370
    7.5000   37.5000    7.5000 2314.6650   13.0064
   -7.5000   45.0000    7.5000 2090.7590   15.2693
    0.0000   45.0000    7.5000 2128.8511   14.8478
    7.5000   45.0000    7.5000 2142.3987   14.7963
   -7.5000  -45.0000   15.0000 2508.1458   10.4985
    0.0000  -45.0000   15.0000 2557.5247   10.1934
    7.5000  -45.0000   15.0000 2578.7581   10.1100
   -7.5000  -37.5000   15.0000 2617.9741    9.6548
    0.0000  -37.5000   15.0000 2664.4836    9.3723
    7.5000  -37.5000   15.0000 2686.4766    9.2946
   -7.5000  -30.0000   15.0000 2717.3777    9.0584
    0.0000  -30.0000   15.0000 2768.7783    8.8206
    7.5000  -30.0000   15.0000 2790.9956    8.7421
   -7.5000  -22.5000   15.0000 2808.4214    8.6986
    0.0000  -22.5000   15.0000 2868.9802    8.5075
    7.5000  -22.5000   15.0000 2898.4822    8.4382
   -7.5000  -15.0000   15.0000 2868.1521    8.5439
    0.0000  -15.0000   15.0000 2942.0220    8.3372
    7.5000  -15.0000   15.0000 2977.2024    8.2914
   -7.5000   -7.5000   15.0000 2883.1682    8.5769
    0.0000   -7.5000   15.0000 2967.5024    8.3129
    7.5000   -7.5000   15.0000 3000.2952    8.2604
   -7.5000    0.0000   15.0000 2845.8491    8.8161
    0.0000    0.0000   15.0000 2926.7522    8.5363
    7.5000    0.0000   15.0000 2953.7183    8.4709
   -7.5000    7.5000   15.0000 2778.6472    9.2416
    0.0000    7.5000   15.0000 2850.5054    8.9732
    7.5000    7.5000   15.0000 2874.2930    8.8956
   -7.5000   15.0000   15.0000 2682.7847    9.8214
    0.0000   15.0000   15.0000 2737.3394    9.5716
    7.5000   15.0000   15.0000 2758.3306    9.5081
   -7.5000   22.5000   15.0000 2563.1233   10.6408
    0.0000   22.5000   15.0000 2606.2761   10.3951
    7.5000   22.5000   15.0000 2623.1003   10.3227
   -7.5000   30.0000   15.0000 2423.7419   11.7482
    0.0000   30.0000   15.0000 2464.1794   11.4893
    7.5000   30.0000   15.0000 2479.8101   11.4250
   -7.5000   37.5000   15.0000 2268.8577   13.1948
    0.0000   37.5000   15.0000 2307.6687   12.9040
    7.5000   37.5000   15.0000 2322.9575   12.8357
   -7.5000   45.0000   15.0000 2099.0964   14.9886
    0.0000   45.0000   15.0000 2137.0896   14.6182
    7.5000   45.0000   15.0000 2151.8279   14.5955
   -7.5000  -45.0000   22.5000 2484.8269   10.6880
    0.0000  -45.0000   22.5000 2531.4324   10.3162
    7.5000  -45.0000   22.5000 2548.7158   10.2041
   -7.5000  -37.5000   22.5000 2587.8174    9.8199
    0.0000  -37.5000   22.5000 2634.7983    9.5123
    7.5000  -37.5000   22.5000 2653.4041    9.4134
   -7.5000  -30.0000   22.5000 2687.9839    9.2061
    0.0000  -30.0000   22.5000 2741.1433    8.9512
    7.5000  -30.0000   22.5000 2759.3623    8.8873
   -7.5000  -22.5000   22.5000 2776.5076    8.8447
    0.0000  -22.5000   22.5000 2840.6658    8.6457
    7.5000  -22.5000   22.5000 2861.6592    8.6109
   -7.5000  -15.0000   22.5000 2836.8799    8.7358
    0.0000  -15.0000   22.5000 2912.0872    8.5378
    7.5000  -15.0000   22.5000 2941.3809    8.5084
   -7.5000   -7.5000   22.5000 2853.6123    8.7635
    0.0000   -7.5000   22.5000 2941.3604    8.5398
    7.5000   -7.5000   22.5000 2969.0085    8.4611
   -7.5000    0.0000   22.5000 2824.3130    8.9632
    0.0000    0.0000   22.5000 2907.7510    8.7104
    7.5000    0.0000   22.5000 2933.3894    8.6206
   -7.5000    7.5000   22.5000 2761.6328    9.3561
    0.0000    7.5000   22.5000 2831.9607    9.0866
    7.5000    7.5000   22.5000 2853.4199    9.0059
   -7.5000   15.0000   22.5000 2663.9131    9.9451
    0.0000   15.0000   22.5000 2714.6008    9.6688
    7.5000   15.0000   22.5000 2736.4512    9.5813
   -7.5000   22.5000   22.5000 2545.8323   10.7340
    0.0000   22.5000   22.5000 2588.3579   10.4542
    7.5000   22.5000   22.5000 2604.1050   10.3689
   -7.5000   30.0000   22.5000 2410.2256   11.8030
    0.0000   30.0000   22.5000 2449.6885   11.5191
    7.5000   30.0000   22.5000 2461.8328   11.4502
   -7.5000   37.5000   22.5000 2254.8545   13.2037
    0.0000   37.5000   22.5000 2297.5635   12.8805
    7.5000   37.5000   22.5000 2307.2830   12.8184
   -7.5000   45.0000   22.5000 2088.1814   14.9562
    0.0000   45.0000   22.5000 2125.2388   14.5549
    7.5000   45.0000   22.5000 2141.4922   14.5230
   -7.5000  -45.0000   30.0000 2446.9468   11.0683
    0.0000  -45.0000   30.0000 2493.4248   10.7135
    7.5000  -45.0000   30.0000 2511.4390   10.6173
   -7.5000  -37.5000   30.0000 2550.6790   10.1712
    0.0000  -37.5000   30.0000 2594.4265    9.8684
    7.5000  -37.5000   30.0000 2611.1550    9.7753
   -7.5000  -30.0000   30.0000 2639.6479    9.5332
    0.0000  -30.0000   30.0000 2691.5208    9.2641
    7.5000  -30.0000   30.0000 2705.9775    9.1817
   -7.5000  -22.5000   30.0000 2722.0093    9.1634
    0.0000  -22.5000   30.0000 2782.9895    8.9228
    7.5000  -22.5000   30.0000 2800.6033    8.8717
   -7.5000  -15.0000   30.0000 2776.5964    9.0406
    0.0000  -15.0000   30.0000 2846.5862    8.7696
    7.5000  -15.0000   30.0000 2870.3613    8.6913
   -7.5000   -7.5000   30.0000 2790.6108    9.1136
    0.0000   -7.5000   30.0000 2865.0447    8.8338
    7.5000   -7.5000   30.0000 2886.1768    8.7314
   -7.5000    0.0000   30.0000 2760.2590    9.3526
    0.0000    0.0000   30.0000 2831.1714    9.0889
    7.5000    0.0000   30.0000 2855.3567    8.9892
   -7.5000    7.5000   30.0000 2705.1990    9.7412
    0.0000    7.5000   30.0000 2770.1340    9.4885
    7.5000    7.5000   30.0000 2793.4038    9.3995
   -7.5000   15.0000   30.0000 2616.6138   10.2664
    0.0000   15.0000   30.0000 2666.5994    9.9992
    7.5000   15.0000   30.0000 2684.5623    9.9045
   -7.5000   22.5000   30.0000 2502.2305   11.0106
    0.0000   22.5000   30.0000 2544.7478   10.7258
    7.5000   22.5000   30.0000 2561.2573   10.6306
   -7.5000   30.0000   30.0000 2372.3357   12.0379
    0.0000   30.0000   30.0000 2413.9419   11.7332
    7.5000   30.0000   30.0000 2428.5828   11.6524
   -7.5000   37.5000   30.0000 2225.5457   13.3919
    0.0000   37.5000   30.0000 2263.0139   13.0460
    7.5000   37.5000   30.0000 2276.9932   12.9574
   -7.5000   45.0000   30.0000 2065.8948   15.1347
    0.0000   45.0000   30.0000 2098.0125   14.7117
    7.5000   45.0000   30.0000 2114.2866   14.6133
   -7.5000  -45.0000   37.5000 2392.0293   11.6329
    0.0000  -45.0000   37.5000 2441.0908   11.2724
    7.5000  -45.0000   37.5000 2460.6931   11.1641
   -7.5000  -37.5000   37.5000 2492.4832   10.7267
    0.0000  -37.5000   37.5000 2542.7078   10.3568
    7.5000  -37.5000   37.5000 2558.8071   10.2597
   -7.5000  -30.0000   37.5000 2579.0857   10.0662
    0.0000  -30.0000   37.5000 2632.4207    9.7181
    7.5000  -30.0000   37.5000 2648.9292    9.6227
   -7.5000  -22.5000   37.5000 2655.9185    9.6787
    0.0000  -22.5000   37.5000 2716.0613    9.3589
    7.5000  -22.5000   37.5000 2734.9226    9.2665
   -7.5000  -15.0000   37.5000 2697.0850    9.5307
    0.0000  -15.0000   37.5000 2764.0176    9.2132
    7.5000  -15.0000   37.5000 2785.0737    9.1040
   -7.5000   -7.5000   37.5000 2710.0693    9.6141
    0.0000   -7.5000   37.5000 2772.8481    9.3076
    7.5000   -7.5000   37.5000 2789.5471    9.1935
   -7.5000    0.0000   37.5000 2679.6008    9.8710
    0.0000    0.0000   37.5000 2735.8838    9.5644
    7.5000    0.0000   37.5000 2755.5513    9.4550
   -7.5000    7.5000   37.5000 2622.2292   10.2663
    0.0000    7.5000   37.5000 2675.5371    9.9888
    7.5000    7.5000   37.5000 2696.0176    9.8606
   -7.5000   15.0000   37.5000 2542.0764   10.7966
    0.0000   15.0000   37.5000 2594.0400   10.5122
    7.5000   15.0000   37.5000 2611.5894   10.3905
   -7.5000   22.5000   37.5000 2444.5623   11.4919
    0.0000   22.5000   37.5000 2485.5110   11.2050
    7.5000   22.5000   37.5000 2502.2126   11.1148
   -7.5000   30.0000   37.5000 2323.8801   12.4468
    0.0000   30.0000   37.5000 2362.3472   12.1463
    7.5000   30.0000   37.5000 2377.7190   12.0632
   -7.5000   37.5000   37.5000 2182.1343   13.7646
    0.0000   37.5000   37.5000 2215.5264   13.4512
    7.5000   37.5000   37.5000 2227.3921   13.3604
   -7.5000   45.0000   37.5000 2030.1287   15.4813
    0.0000   45.0000   37.5000 2059.2742   15.0651
    7.5000   45.0000   37.5000 2077.5586   14.9899
   -7.5000  -45.0000   45.0000 2323.1548   12.3974
    0.0000  -45.0000   45.0000 2367.7100   11.9600
    7.5000  -45.0000   45.0000 2386.8137   11.8637
   -7.5000  -37.5000   45.0000 2426.5200   11.4266
    0.0000  -37.5000   45.0000 2474.1726   10.9953
    7.5000  -37.5000   45.0000 2492.9385   10.9043
   -7.5000  -30.0000   45.0000 2507.6274   10.7463
    0.0000  -30.0000   45.0000 2560.4124   10.3553
    7.5000  -30.0000   45.0000 2583.2324   10.2570
   -7.5000  -22.5000   45.0000 2577.6289   10.3452
    0.0000  -22.5000   45.0000 2633.7463    9.9886
    7.5000  -22.5000   45.0000 2657.8135    9.8872
   -7.5000  -15.0000   45.0000 2607.5745   10.1836
    0.0000  -15.0000   45.0000 2669.9451    9.8368
    7.5000  -15.0000   45.0000 2688.2532    9.7272
   -7.5000   -7.5000   45.0000 2612.4275   10.2777
    0.0000   -7.5000   45.0000 2670.7346    9.9501
    7.5000   -7.5000   45.0000 2686.0933    9.8352
   -7.5000    0.0000   45.0000 2585.3972   10.5302
    0.0000    0.0000   45.0000 2632.8984   10.2173
    7.5000    0.0000   45.0000 2653.1299   10.0960
   -7.5000    7.5000   45.0000 2530.2297   10.9258
    0.0000    7.5000   45.0000 2570.5837   10.6093
    7.5000    7.5000   45.0000 2592.5164   10.4630
   -7.5000   15.0000   45.0000 2454.0657   11.4586
    0.0000   15.0000   45.0000 2494.3022   11.1249
    7.5000   15.0000   45.0000 2513.7561   10.9945
   -7.5000   22.5000   45.0000 2366.3066   12.1450
    0.0000   22.5000   45.0000 2405.7224   11.8087
    7.5000   22.5000   45.0000 2423.4639   11.7039
   -7.5000   30.0000   45.0000 2259.0725   13.0426
    0.0000   30.0000   45.0000 2294.1641   12.7446
    7.5000   30.0000   45.0000 2311.1648   12.6689
   -7.5000   37.5000   45.0000 2124.0581   14.3298
    0.0000   37.5000   45.0000 2155.1326   14.0213
    7.5000   37.5000   45.0000 2171.1677   13.9471
   -7.5000   45.0000   45.0000 1985.4441   16.0398
    0.0000   45.0000   45.0000 2010.5433   15.6309
    7.5000   45.0000   45.0000 2029.2018   15.5337

---------------------------------------------------------------------
imgreg_4dfp /opt/freesurfer/average/711-2C_as_mni_average_305 /opt/freesurfer/average/711-2B_as_mni_average_305_mask talsrcimg_g11 none talsrcimg_to_711-2C_as_mni_average_305_t4 1283
---------------------------------------------------------------------

freesurfer imgreg_4dfp.c
/opt/freesurfer/average/711-2C_as_mni_average_305.4dfp.img
       256       256       256         1
  1.000000  1.000000  1.000000
orientation T byte_order littleendian
Reading image: /opt/freesurfer/average/711-2C_as_mni_average_305.4dfp.img
dimensions:      256       256       256
mmppix:       1.0000   -1.0000   -1.0000
center:     128.0000 -129.0000 -129.0000
/opt/freesurfer/average/711-2B_as_mni_average_305_mask.4dfp.img
       256       256       256         1
  1.000000  1.000000  1.000000
orientation T byte_order littleendian
Reading mask: /opt/freesurfer/average/711-2B_as_mni_average_305_mask.4dfp.img (2306576 pixels)
talsrcimg_g11.4dfp.img
       256       256       256         1
  1.000000  1.000000  1.000000
orientation T byte_order littleendian
Reading image: talsrcimg_g11.4dfp.img
dimensions:      256       256       256
mmppix:       1.0000   -1.0000   -1.0000
center:     128.0000 -129.0000 -129.0000
rotation matrix determinant  1.000000
fimgreg.f
image alignment mode   1283 decimal      503 hex
parameters
    7.5000   -7.5000   15.0000    0.0000    0.0000    0.0000
eta,q 0.93886  8.29071
niter,ni,del,rscale     5    3   12.0000    1.2000
parameter  4  1.629147 ->  0.500000 qaram    1.1500
parameters
    5.6153   -9.6933   14.9181   -3.4500    0.5130   -0.2041
eta,q 0.94746  8.20557
  0.0663  0.0605  0.0642  0.0510  0.0594  0.0565
  0.0603  0.0576  0.0615  0.0521  0.0558  0.0542
  0.0585  0.0573  0.0588  0.0540  0.0537  0.0529
  0.0606  0.0585  0.0573  0.0572  0.0526  0.0525
  0.0658  0.0609  0.0582  0.0613  0.0528  0.0532
  0.0725  0.0640  0.0609  0.0653  0.0544  0.0547
  0.0795  0.0677  0.0654  0.0695  0.0575  0.0569
niter,ni,del,rscale     5    3   12.0000    1.2000
parameter  4  1.107850 ->  0.500000 qaram    1.3225
parameters
    5.4520   -7.9357   14.5570   -7.4175    0.9321   -0.4804
eta,q 0.95255  8.19092
  0.0674  0.0644  0.0586  0.0460  0.0551  0.0525
  0.0598  0.0584  0.0552  0.0472  0.0513  0.0499
  0.0539  0.0548  0.0525  0.0489  0.0487  0.0481
  0.0525  0.0525  0.0517  0.0517  0.0475  0.0474
  0.0556  0.0517  0.0525  0.0553  0.0480  0.0483
  0.0614  0.0529  0.0558  0.0613  0.0501  0.0506
  0.0683  0.0555  0.0613  0.0667  0.0533  0.0536
niter,ni,del,rscale     5    3   12.0000    1.2000
parameter  4  1.287964 ->  0.500000 qaram    1.5209
parameters
    5.3131   -5.5980   13.6129  -11.9801    1.3981   -0.8259
eta,q 0.96037  8.07321
  0.0639  0.0603  0.0528  0.0393  0.0492  0.0466
  0.0558  0.0545  0.0486  0.0390  0.0450  0.0430
  0.0496  0.0508  0.0462  0.0423  0.0417  0.0404
  0.0475  0.0475  0.0465  0.0461  0.0398  0.0397
  0.0502  0.0463  0.0487  0.0510  0.0404  0.0412
  0.0572  0.0477  0.0528  0.0558  0.0429  0.0443
  0.0652  0.0492  0.0577  0.0621  0.0471  0.0482
niter,ni,del,rscale     5    3   12.0000    1.2000
parameters
    5.2364   -4.4758   12.8998  -13.8303    1.4379   -0.6858
eta,q 0.96207  8.05011
  0.0585  0.0566  0.0482  0.0471  0.0467  0.0469
  0.0486  0.0493  0.0431  0.0430  0.0423  0.0427
  0.0417  0.0432  0.0397  0.0382  0.0391  0.0393
  0.0396  0.0396  0.0394  0.0392  0.0379  0.0379
  0.0433  0.0401  0.0414  0.0434  0.0391  0.0391
  0.0506  0.0435  0.0468  0.0500  0.0421  0.0421
  0.0582  0.0475  0.0540  0.0561  0.0465  0.0462
niter,ni,del,rscale     4    3   12.0000    1.2000
parameters
    5.2782   -4.0799   12.7684  -14.5707    1.3864   -0.6074
eta,q 0.96177  8.05187
  0.0578  0.0540  0.0496  0.0476  0.0465  0.0464
  0.0477  0.0461  0.0440  0.0457  0.0423  0.0425
  0.0403  0.0397  0.0395  0.0405  0.0392  0.0394
  0.0379  0.0379  0.0383  0.0383  0.0382  0.0382
  0.0413  0.0410  0.0395  0.0409  0.0393  0.0394
  0.0484  0.0450  0.0441  0.0462  0.0423  0.0423
  0.0562  0.0490  0.0512  0.0529  0.0468  0.0460
niter,ni,del,rscale     3    3   12.0000    1.2000
parameters
    5.2978   -3.8706   12.6700  -14.9020    1.3571   -0.5731
eta,q 0.96151  8.05448
  0.0578  0.0531  0.0498  0.0478  0.0467  0.0462
  0.0477  0.0453  0.0441  0.0463  0.0425  0.0426
  0.0405  0.0392  0.0398  0.0418  0.0395  0.0396
  0.0382  0.0382  0.0384  0.0384  0.0385  0.0385
  0.0416  0.0416  0.0396  0.0402  0.0395  0.0396
  0.0487  0.0455  0.0441  0.0448  0.0425  0.0424
  0.0565  0.0495  0.0512  0.0517  0.0470  0.0460
niter,ni,del,rscale     2    3   12.0000    1.2000
parameters
    5.3117   -3.7614   12.6109  -15.0494    1.3433   -0.5560
eta,q 0.96136  8.05641
  0.0580  0.0526  0.0501  0.0479  0.0468  0.0462
  0.0479  0.0449  0.0444  0.0464  0.0427  0.0426
  0.0408  0.0391  0.0400  0.0423  0.0397  0.0397
  0.0385  0.0385  0.0386  0.0386  0.0386  0.0386
  0.0418  0.0419  0.0397  0.0400  0.0396  0.0398
  0.0489  0.0458  0.0441  0.0442  0.0425  0.0425
  0.0567  0.0497  0.0511  0.0511  0.0470  0.0461
niter,ni,del,rscale     1    3   12.0000    1.2000
parameters
    5.3160   -3.7052   12.5812  -15.1198    1.3378   -0.5474
eta,q 0.96129  8.05757
  0.0580  0.0524  0.0502  0.0479  0.0469  0.0461
  0.0480  0.0447  0.0445  0.0464  0.0427  0.0426
  0.0409  0.0391  0.0401  0.0425  0.0398  0.0398
  0.0386  0.0386  0.0387  0.0387  0.0387  0.0387
  0.0419  0.0421  0.0398  0.0400  0.0397  0.0398
  0.0490  0.0459  0.0440  0.0439  0.0426  0.0426
  0.0569  0.0498  0.0510  0.0509  0.0471  0.0461
registration optimization eta report
parameter search radius
    6.0000    6.0000    6.0000    9.1253    6.0000    6.0000
100000*second partial in parameter space
       51.       34.       33.       12.       23.       20.
  0.0580  0.0524  0.0502  0.0479  0.0469  0.0461
  0.0480  0.0447  0.0445  0.0464  0.0427  0.0426
  0.0409  0.0391  0.0401  0.0425  0.0398  0.0398
  0.0386  0.0386  0.0387  0.0387  0.0387  0.0387
  0.0419  0.0421  0.0398  0.0400  0.0397  0.0398
  0.0490  0.0459  0.0440  0.0439  0.0426  0.0426
  0.0569  0.0498  0.0510  0.0509  0.0471  0.0461
    5.3160   -3.7052   12.5812  -15.1198    1.3378   -0.5474
eta,q 0.96129  8.05757

---------------------------------------------------------------------
imgreg_4dfp /opt/freesurfer/average/711-2C_as_mni_average_305 /opt/freesurfer/average/711-2B_as_mni_average_305_mask talsrcimg_g11 none talsrcimg_to_711-2C_as_mni_average_305_t4 3335
---------------------------------------------------------------------

freesurfer imgreg_4dfp.c
/opt/freesurfer/average/711-2C_as_mni_average_305.4dfp.img
       256       256       256         1
  1.000000  1.000000  1.000000
orientation T byte_order littleendian
Reading image: /opt/freesurfer/average/711-2C_as_mni_average_305.4dfp.img
dimensions:      256       256       256
mmppix:       1.0000   -1.0000   -1.0000
center:     128.0000 -129.0000 -129.0000
/opt/freesurfer/average/711-2B_as_mni_average_305_mask.4dfp.img
       256       256       256         1
  1.000000  1.000000  1.000000
orientation T byte_order littleendian
Reading mask: /opt/freesurfer/average/711-2B_as_mni_average_305_mask.4dfp.img (2306576 pixels)
talsrcimg_g11.4dfp.img
       256       256       256         1
  1.000000  1.000000  1.000000
orientation T byte_order littleendian
Reading image: talsrcimg_g11.4dfp.img
dimensions:      256       256       256
mmppix:       1.0000   -1.0000   -1.0000
center:     128.0000 -129.0000 -129.0000
fimgreg.f
image alignment mode   3335 decimal      D07 hex
parameters
    5.3160   -3.7052   12.5812   -0.0318   -3.4720   -3.4880
    1.5312   -2.0046   -0.9551   26.1041    2.3347  -26.0766
eta,q 0.96249  8.13449
niter,ni,del,rscale     5    3    5.0000    1.2000
parameter  4  0.966421 ->  0.500000 qaram    1.1500
parameter  5  2.321239 ->  0.500000 qaram    1.1500
parameter  6  0.684421 ->  0.500000 qaram    1.1500
parameter 12 -0.957253 -> -0.500000 qaram    1.1500
parameters
    5.1669   -4.0096   12.7221   -4.1718   -7.6120   -7.6280
    1.4793   -1.3103    0.5463   24.8562    3.5517  -21.9366
eta,q 0.97330  7.95191
  0.0405  0.0389  0.0396  0.0343  0.0289  0.0293  0.0310  0.0342  0.0310  0.0303  0.0303  0.0329
  0.0388  0.0380  0.0386  0.0346  0.0305  0.0285  0.0296  0.0314  0.0298  0.0290  0.0292  0.0311
  0.0378  0.0375  0.0378  0.0356  0.0325  0.0288  0.0287  0.0294  0.0288  0.0282  0.0285  0.0295
  0.0375  0.0375  0.0375  0.0375  0.0348  0.0310  0.0284  0.0284  0.0283  0.0282  0.0282  0.0281
  0.0381  0.0379  0.0376  0.0405  0.0373  0.0347  0.0287  0.0286  0.0283  0.0290  0.0282  0.0271
  0.0393  0.0386  0.0382  0.0442  0.0403  0.0386  0.0296  0.0300  0.0287  0.0304  0.0285  0.0266
  0.0413  0.0398  0.0392  0.0481  0.0438  0.0437  0.0311  0.0325  0.0295  0.0324  0.0292  0.0267
niter,ni,del,rscale     7    3    5.0000    1.2000
parameter  5  0.677551 ->  0.500000 qaram    1.3225
parameters
    5.3415   -4.0873   12.1047   -6.0327  -12.3730   -8.6828
    1.8768   -1.6287    0.9430   23.8110    4.2399  -20.4461
eta,q 0.97435  7.76120
  0.0307  0.0290  0.0278  0.0283  0.0256  0.0290  0.0285  0.0294  0.0275  0.0274  0.0266  0.0286
  0.0286  0.0277  0.0269  0.0275  0.0253  0.0279  0.0271  0.0272  0.0266  0.0263  0.0261  0.0270
  0.0273  0.0269  0.0265  0.0268  0.0255  0.0266  0.0261  0.0259  0.0260  0.0258  0.0258  0.0260
  0.0267  0.0267  0.0267  0.0265  0.0266  0.0253  0.0257  0.0257  0.0257  0.0256  0.0256  0.0256
  0.0269  0.0270  0.0274  0.0272  0.0285  0.0256  0.0259  0.0263  0.0258  0.0261  0.0257  0.0258
  0.0279  0.0279  0.0286  0.0291  0.0309  0.0289  0.0267  0.0278  0.0263  0.0273  0.0259  0.0262
  0.0297  0.0293  0.0302  0.0327  0.0337  0.0331  0.0280  0.0300  0.0272  0.0288  0.0263  0.0268
niter,ni,del,rscale     7    3    5.0000    1.2000
parameters
    5.4731   -3.9728   11.6077   -5.5425  -13.5196   -9.3425
    1.8758   -1.4969    0.7616   24.0284    4.5709  -20.6751
eta,q 0.97424  7.72633
  0.0291  0.0281  0.0266  0.0279  0.0278  0.0288  0.0283  0.0299  0.0272  0.0279  0.0265  0.0274
  0.0274  0.0268  0.0259  0.0269  0.0267  0.0278  0.0270  0.0277  0.0264  0.0268  0.0261  0.0263
  0.0262  0.0259  0.0255  0.0262  0.0258  0.0268  0.0261  0.0263  0.0260  0.0261  0.0258  0.0258
  0.0257  0.0256  0.0256  0.0255  0.0254  0.0255  0.0258  0.0258  0.0258  0.0258  0.0258  0.0258
  0.0258  0.0258  0.0261  0.0254  0.0258  0.0252  0.0260  0.0262  0.0260  0.0259  0.0258  0.0261
  0.0268  0.0265  0.0268  0.0260  0.0274  0.0277  0.0269  0.0275  0.0265  0.0265  0.0260  0.0266
  0.0285  0.0277  0.0279  0.0280  0.0298  0.0317  0.0283  0.0296  0.0274  0.0277  0.0263  0.0274
niter,ni,del,rscale     6    3    5.0000    1.2000
parameters
    5.4958   -3.7957   11.3681   -5.6733  -13.9105   -9.7088
    1.9054   -1.4590    0.6710   24.6690    4.6947  -20.8914
eta,q 0.97413  7.70386
  0.0289  0.0282  0.0270  0.0277  0.0281  0.0289  0.0284  0.0298  0.0274  0.0281  0.0264  0.0274
  0.0273  0.0269  0.0262  0.0269  0.0271  0.0278  0.0271  0.0277  0.0266  0.0270  0.0261  0.0263
  0.0262  0.0261  0.0258  0.0263  0.0263  0.0270  0.0263  0.0264  0.0261  0.0263  0.0259  0.0259
  0.0258  0.0258  0.0257  0.0257  0.0258  0.0258  0.0259  0.0259  0.0259  0.0259  0.0259  0.0259
  0.0261  0.0259  0.0260  0.0256  0.0258  0.0252  0.0262  0.0263  0.0261  0.0259  0.0259  0.0262
  0.0271  0.0265  0.0266  0.0264  0.0270  0.0272  0.0270  0.0276  0.0266  0.0265  0.0261  0.0266
  0.0289  0.0276  0.0275  0.0285  0.0290  0.0311  0.0284  0.0297  0.0275  0.0275  0.0264  0.0274
niter,ni,del,rscale     5    3    5.0000    1.2000
parameters
    5.5185   -3.5988   11.1815   -5.8174  -14.4280   -9.9938
    1.9060   -1.4456    0.6121   25.4436    4.7639  -21.0589
eta,q 0.97405  7.67921
  0.0289  0.0283  0.0271  0.0277  0.0280  0.0289  0.0283  0.0297  0.0274  0.0281  0.0265  0.0274
  0.0273  0.0271  0.0263  0.0269  0.0271  0.0279  0.0271  0.0277  0.0267  0.0271  0.0262  0.0264
  0.0263  0.0262  0.0259  0.0264  0.0263  0.0270  0.0263  0.0264  0.0262  0.0264  0.0260  0.0260
  0.0259  0.0259  0.0259  0.0258  0.0259  0.0259  0.0260  0.0260  0.0260  0.0260  0.0260  0.0260
  0.0262  0.0260  0.0261  0.0257  0.0260  0.0253  0.0263  0.0264  0.0262  0.0260  0.0260  0.0262
  0.0272  0.0266  0.0267  0.0264  0.0270  0.0271  0.0271  0.0276  0.0267  0.0265  0.0262  0.0266
  0.0289  0.0277  0.0275  0.0285  0.0290  0.0309  0.0284  0.0297  0.0275  0.0275  0.0265  0.0273
niter,ni,del,rscale     4    3    5.0000    1.2000
parameters
    5.5377   -3.3798   11.0184   -6.0397  -15.1232  -10.2943
    1.8918   -1.4228    0.4866   26.4246    5.0793  -21.1295
eta,q 0.97396  7.64547
  0.0289  0.0284  0.0271  0.0276  0.0277  0.0288  0.0283  0.0297  0.0275  0.0282  0.0265  0.0274
  0.0274  0.0272  0.0264  0.0268  0.0270  0.0278  0.0271  0.0277  0.0268  0.0272  0.0263  0.0264
  0.0264  0.0263  0.0260  0.0264  0.0264  0.0270  0.0264  0.0265  0.0263  0.0266  0.0261  0.0261
  0.0259  0.0260  0.0259  0.0259  0.0260  0.0260  0.0261  0.0261  0.0261  0.0261  0.0260  0.0260
  0.0262  0.0261  0.0262  0.0258  0.0261  0.0254  0.0264  0.0265  0.0263  0.0261  0.0261  0.0262
  0.0272  0.0267  0.0267  0.0264  0.0270  0.0271  0.0271  0.0276  0.0268  0.0265  0.0262  0.0266
  0.0289  0.0277  0.0275  0.0284  0.0289  0.0308  0.0283  0.0296  0.0276  0.0274  0.0265  0.0273
niter,ni,del,rscale     3    3    5.0000    1.2000
parameters
    5.5484   -3.1143   10.8498   -6.3635  -16.1895  -10.7214
    1.8066   -1.3649    0.1212   27.7607    6.0249  -20.8289
eta,q 0.97392  7.58672
  0.0289  0.0286  0.0272  0.0275  0.0275  0.0287  0.0283  0.0296  0.0275  0.0284  0.0267  0.0274
  0.0274  0.0273  0.0265  0.0268  0.0268  0.0278  0.0271  0.0278  0.0268  0.0275  0.0264  0.0266
  0.0264  0.0264  0.0261  0.0264  0.0263  0.0270  0.0265  0.0266  0.0264  0.0268  0.0262  0.0262
  0.0260  0.0260  0.0260  0.0260  0.0261  0.0261  0.0263  0.0263  0.0263  0.0262  0.0261  0.0261
  0.0263  0.0261  0.0262  0.0259  0.0262  0.0256  0.0265  0.0266  0.0265  0.0261  0.0261  0.0261
  0.0273  0.0267  0.0268  0.0265  0.0271  0.0272  0.0272  0.0276  0.0270  0.0264  0.0262  0.0265
  0.0290  0.0276  0.0275  0.0283  0.0288  0.0308  0.0284  0.0296  0.0278  0.0274  0.0265  0.0272
niter,ni,del,rscale     2    3    5.0000    1.2000
parameters
    5.5299   -2.7666   10.7164   -7.0292  -18.0158  -11.3370
    1.4627   -1.2273   -0.6625   29.2587    7.3096  -20.0940
eta,q 0.97407  7.47284
  0.0288  0.0288  0.0272  0.0272  0.0272  0.0285  0.0281  0.0295  0.0274  0.0287  0.0267  0.0275
  0.0273  0.0274  0.0266  0.0265  0.0265  0.0276  0.0270  0.0277  0.0267  0.0276  0.0264  0.0268
  0.0264  0.0265  0.0262  0.0262  0.0262  0.0268  0.0264  0.0267  0.0263  0.0268  0.0261  0.0262
  0.0261  0.0261  0.0260  0.0260  0.0261  0.0261  0.0262  0.0262  0.0262  0.0262  0.0260  0.0260
  0.0264  0.0261  0.0262  0.0260  0.0264  0.0258  0.0266  0.0264  0.0265  0.0260  0.0260  0.0260
  0.0273  0.0267  0.0267  0.0265  0.0273  0.0273  0.0274  0.0274  0.0271  0.0264  0.0261  0.0264
  0.0290  0.0275  0.0276  0.0281  0.0288  0.0307  0.0284  0.0293  0.0280  0.0274  0.0264  0.0271
niter,ni,del,rscale     1    3    5.0000    1.2000
parameters
    5.5089   -2.3615   10.5975   -7.9958  -19.5486  -11.8895
    1.2291   -1.1667   -0.9784   29.9081    7.2112  -19.6906
eta,q 0.97417  7.35693
  0.0286  0.0289  0.0272  0.0270  0.0273  0.0283  0.0281  0.0291  0.0275  0.0283  0.0265  0.0274
  0.0271  0.0274  0.0265  0.0261  0.0263  0.0274  0.0268  0.0275  0.0266  0.0272  0.0262  0.0267
  0.0262  0.0264  0.0260  0.0259  0.0259  0.0266  0.0261  0.0264  0.0261  0.0264  0.0259  0.0261
  0.0259  0.0259  0.0259  0.0259  0.0259  0.0258  0.0259  0.0259  0.0259  0.0259  0.0258  0.0258
  0.0262  0.0260  0.0261  0.0260  0.0263  0.0258  0.0263  0.0261  0.0262  0.0259  0.0259  0.0259
  0.0272  0.0265  0.0266  0.0265  0.0273  0.0270  0.0271  0.0272  0.0269  0.0265  0.0262  0.0264
  0.0288  0.0274  0.0275  0.0279  0.0287  0.0302  0.0282  0.0292  0.0278  0.0278  0.0266  0.0272
registration optimization eta report
parameter search radius
    2.4000    2.4000    2.4000    8.2800    9.5220    8.2800
    7.2000    7.2000    7.2000    7.2000    7.2000    8.2800
100000*second partial in parameter space
       48.       39.       25.        2.        2.        5.
        4.        6.        3.        4.        1.        2.
  0.0286  0.0289  0.0272  0.0270  0.0273  0.0283  0.0281  0.0291  0.0275  0.0283  0.0265  0.0274
  0.0271  0.0274  0.0265  0.0261  0.0263  0.0274  0.0268  0.0275  0.0266  0.0272  0.0262  0.0267
  0.0262  0.0264  0.0260  0.0259  0.0259  0.0266  0.0261  0.0264  0.0261  0.0264  0.0259  0.0261
  0.0259  0.0259  0.0259  0.0259  0.0259  0.0258  0.0259  0.0259  0.0259  0.0259  0.0258  0.0258
  0.0262  0.0260  0.0261  0.0260  0.0263  0.0258  0.0263  0.0261  0.0262  0.0259  0.0259  0.0259
  0.0272  0.0265  0.0266  0.0265  0.0273  0.0270  0.0271  0.0272  0.0269  0.0265  0.0262  0.0264
  0.0288  0.0274  0.0275  0.0279  0.0287  0.0302  0.0282  0.0292  0.0278  0.0278  0.0266  0.0272
    5.5089   -2.3615   10.5975   -7.9958  -19.5486  -11.8895
    1.2291   -1.1667   -0.9784   29.9081    7.2112  -19.6906
eta,q 0.97417  7.35693

---------------------------------------------------------------------
imgreg_4dfp /opt/freesurfer/average/711-2C_as_mni_average_305 /opt/freesurfer/average/711-2B_as_mni_average_305_mask talsrcimg_g11 none talsrcimg_to_711-2C_as_mni_average_305_t4 2311
---------------------------------------------------------------------

freesurfer imgreg_4dfp.c
/opt/freesurfer/average/711-2C_as_mni_average_305.4dfp.img
       256       256       256         1
  1.000000  1.000000  1.000000
orientation T byte_order littleendian
Reading image: /opt/freesurfer/average/711-2C_as_mni_average_305.4dfp.img
dimensions:      256       256       256
mmppix:       1.0000   -1.0000   -1.0000
center:     128.0000 -129.0000 -129.0000
/opt/freesurfer/average/711-2B_as_mni_average_305_mask.4dfp.img
       256       256       256         1
  1.000000  1.000000  1.000000
orientation T byte_order littleendian
Reading mask: /opt/freesurfer/average/711-2B_as_mni_average_305_mask.4dfp.img (2306576 pixels)
talsrcimg_g11.4dfp.img
       256       256       256         1
  1.000000  1.000000  1.000000
orientation T byte_order littleendian
Reading image: talsrcimg_g11.4dfp.img
dimensions:      256       256       256
mmppix:       1.0000   -1.0000   -1.0000
center:     128.0000 -129.0000 -129.0000
fimgreg.f
image alignment mode   2311 decimal      907 hex
parameters
    5.5089   -2.3615   10.5975   -7.9958  -19.5486  -11.8895
    1.2291   -1.1667   -0.9784   29.9081    7.2112  -19.6906
eta,q 0.97417  7.35692
niter,ni,del,rscale     5    3    5.0000    0.8000
parameters
    5.5185   -2.1361   10.4636   -9.0994  -20.1297  -10.5460
    1.0322   -1.1180   -1.0043   30.4200    6.4212  -19.9557
eta,q 0.97441  7.34151
  0.0271  0.0272  0.0264  0.0260  0.0262  0.0271  0.0267  0.0272  0.0265  0.0270  0.0258  0.0260
  0.0264  0.0265  0.0261  0.0258  0.0259  0.0267  0.0261  0.0264  0.0260  0.0264  0.0257  0.0258
  0.0260  0.0260  0.0259  0.0258  0.0258  0.0261  0.0257  0.0258  0.0257  0.0259  0.0256  0.0256
  0.0258  0.0258  0.0258  0.0258  0.0258  0.0258  0.0256  0.0256  0.0256  0.0256  0.0256  0.0256
  0.0259  0.0259  0.0259  0.0259  0.0259  0.0256  0.0258  0.0257  0.0257  0.0256  0.0257  0.0257
  0.0264  0.0261  0.0262  0.0261  0.0261  0.0258  0.0262  0.0262  0.0260  0.0260  0.0258  0.0259
  0.0270  0.0266  0.0266  0.0263  0.0265  0.0263  0.0268  0.0272  0.0265  0.0266  0.0260  0.0262
niter,ni,del,rscale     4    3    5.0000    0.7000
parameters
    5.5321   -2.0293   10.7012   -9.0278  -20.3364  -10.3265
    0.9329   -1.0441   -0.8989   30.5891    6.3064  -19.8665
eta,q 0.97445  7.34368
  0.0266  0.0265  0.0262  0.0259  0.0260  0.0266  0.0264  0.0267  0.0263  0.0265  0.0258  0.0260
  0.0260  0.0260  0.0259  0.0257  0.0257  0.0261  0.0259  0.0261  0.0259  0.0261  0.0257  0.0258
  0.0257  0.0257  0.0257  0.0256  0.0256  0.0257  0.0256  0.0257  0.0256  0.0257  0.0256  0.0256
  0.0256  0.0256  0.0256  0.0256  0.0256  0.0256  0.0256  0.0256  0.0256  0.0256  0.0256  0.0256
  0.0257  0.0256  0.0256  0.0256  0.0256  0.0256  0.0257  0.0256  0.0256  0.0256  0.0256  0.0256
  0.0260  0.0259  0.0257  0.0257  0.0258  0.0258  0.0260  0.0260  0.0259  0.0259  0.0257  0.0257
  0.0265  0.0263  0.0259  0.0258  0.0261  0.0265  0.0265  0.0267  0.0262  0.0264  0.0258  0.0259
niter,ni,del,rscale     3    3    5.0000    0.6000
parameters
    5.5481   -2.0129   10.7303   -9.1847  -20.4295  -10.2046
    0.8695   -1.0116   -0.8773   30.6385    6.1842  -19.8374
eta,q 0.97446  7.33772
  0.0263  0.0262  0.0259  0.0258  0.0259  0.0263  0.0262  0.0264  0.0261  0.0262  0.0257  0.0258
  0.0259  0.0258  0.0257  0.0256  0.0257  0.0259  0.0258  0.0259  0.0258  0.0259  0.0256  0.0257
  0.0256  0.0256  0.0256  0.0255  0.0256  0.0257  0.0256  0.0257  0.0256  0.0256  0.0256  0.0256
  0.0255  0.0255  0.0256  0.0255  0.0255  0.0255  0.0255  0.0255  0.0255  0.0255  0.0255  0.0255
  0.0256  0.0256  0.0256  0.0256  0.0256  0.0256  0.0256  0.0256  0.0256  0.0256  0.0256  0.0256
  0.0258  0.0258  0.0257  0.0257  0.0257  0.0258  0.0259  0.0259  0.0258  0.0258  0.0256  0.0257
  0.0262  0.0261  0.0259  0.0258  0.0259  0.0263  0.0262  0.0264  0.0261  0.0262  0.0257  0.0258
niter,ni,del,rscale     2    3    5.0000    0.5000
parameters
    5.5542   -1.9996   10.7537   -9.3280  -20.4890  -10.0870
    0.8403   -0.9836   -0.8732   30.6849    6.0611  -19.8317
eta,q 0.97446  7.33365
  0.0260  0.0260  0.0258  0.0257  0.0258  0.0261  0.0260  0.0261  0.0259  0.0260  0.0257  0.0257
  0.0258  0.0257  0.0257  0.0256  0.0256  0.0258  0.0257  0.0258  0.0257  0.0258  0.0256  0.0256
  0.0256  0.0256  0.0256  0.0255  0.0256  0.0256  0.0256  0.0256  0.0256  0.0256  0.0255  0.0256
  0.0255  0.0255  0.0255  0.0255  0.0255  0.0255  0.0255  0.0255  0.0255  0.0255  0.0255  0.0255
  0.0256  0.0256  0.0256  0.0256  0.0256  0.0256  0.0256  0.0256  0.0256  0.0256  0.0256  0.0255
  0.0258  0.0257  0.0256  0.0256  0.0257  0.0257  0.0257  0.0258  0.0257  0.0257  0.0256  0.0256
  0.0260  0.0259  0.0258  0.0257  0.0258  0.0260  0.0260  0.0261  0.0259  0.0260  0.0257  0.0257
niter,ni,del,rscale     1    3    5.0000    0.4000
parameters
    5.5591   -1.9881   10.7852   -9.5213  -20.5407  -10.0169
    0.8156   -0.9614   -0.8647   30.7131    5.9649  -19.7921
eta,q 0.97447  7.32559
  0.0259  0.0258  0.0257  0.0256  0.0257  0.0259  0.0258  0.0259  0.0258  0.0259  0.0256  0.0257
  0.0257  0.0257  0.0256  0.0256  0.0256  0.0257  0.0257  0.0257  0.0256  0.0257  0.0256  0.0256
  0.0256  0.0256  0.0256  0.0255  0.0255  0.0256  0.0256  0.0256  0.0256  0.0256  0.0255  0.0255
  0.0255  0.0255  0.0255  0.0255  0.0255  0.0255  0.0255  0.0255  0.0255  0.0255  0.0255  0.0255
  0.0256  0.0256  0.0255  0.0256  0.0256  0.0256  0.0256  0.0256  0.0256  0.0256  0.0255  0.0255
  0.0257  0.0257  0.0256  0.0256  0.0256  0.0256  0.0257  0.0257  0.0256  0.0257  0.0256  0.0256
  0.0258  0.0258  0.0257  0.0256  0.0257  0.0258  0.0258  0.0259  0.0258  0.0259  0.0256  0.0257
registration optimization eta report
parameter search radius
    0.8000    0.8000    0.8000    2.4000    2.4000    2.4000
    2.4000    2.4000    2.4000    2.4000    2.4000    2.4000
100000*second partial in parameter space
       49.       42.       26.        2.        3.        6.
        5.        7.        4.        6.        1.        2.
  0.0259  0.0258  0.0257  0.0256  0.0257  0.0259  0.0258  0.0259  0.0258  0.0259  0.0256  0.0257
  0.0257  0.0257  0.0256  0.0256  0.0256  0.0257  0.0257  0.0257  0.0256  0.0257  0.0256  0.0256
  0.0256  0.0256  0.0256  0.0255  0.0255  0.0256  0.0256  0.0256  0.0256  0.0256  0.0255  0.0255
  0.0255  0.0255  0.0255  0.0255  0.0255  0.0255  0.0255  0.0255  0.0255  0.0255  0.0255  0.0255
  0.0256  0.0256  0.0255  0.0256  0.0256  0.0256  0.0256  0.0256  0.0256  0.0256  0.0255  0.0255
  0.0257  0.0257  0.0256  0.0256  0.0256  0.0256  0.0257  0.0257  0.0256  0.0257  0.0256  0.0256
  0.0258  0.0258  0.0257  0.0256  0.0257  0.0258  0.0258  0.0259  0.0258  0.0259  0.0256  0.0257
    5.5591   -1.9881   10.7852   -9.5213  -20.5407  -10.0169
    0.8156   -0.9614   -0.8647   30.7131    5.9649  -19.7921
eta,q 0.97447  7.32559

---------------------------------------------------------------------
imgreg_4dfp /opt/freesurfer/average/711-2C_as_mni_average_305 /opt/freesurfer/average/711-2B_as_mni_average_305_mask talsrcimg_g11 none talsrcimg_to_711-2C_as_mni_average_305_t4 2311
---------------------------------------------------------------------

freesurfer imgreg_4dfp.c
/opt/freesurfer/average/711-2C_as_mni_average_305.4dfp.img
       256       256       256         1
  1.000000  1.000000  1.000000
orientation T byte_order littleendian
Reading image: /opt/freesurfer/average/711-2C_as_mni_average_305.4dfp.img
dimensions:      256       256       256
mmppix:       1.0000   -1.0000   -1.0000
center:     128.0000 -129.0000 -129.0000
/opt/freesurfer/average/711-2B_as_mni_average_305_mask.4dfp.img
       256       256       256         1
  1.000000  1.000000  1.000000
orientation T byte_order littleendian
Reading mask: /opt/freesurfer/average/711-2B_as_mni_average_305_mask.4dfp.img (2306576 pixels)
talsrcimg_g11.4dfp.img
       256       256       256         1
  1.000000  1.000000  1.000000
orientation T byte_order littleendian
Reading image: talsrcimg_g11.4dfp.img
dimensions:      256       256       256
mmppix:       1.0000   -1.0000   -1.0000
center:     128.0000 -129.0000 -129.0000
fimgreg.f
image alignment mode   2311 decimal      907 hex
parameters
    5.5591   -1.9881   10.7852   -9.5213  -20.5407  -10.0169
    0.8156   -0.9614   -0.8647   30.7131    5.9649  -19.7921
eta,q 0.97447  7.32559
niter,ni,del,rscale     5    3    5.0000    0.8000
parameters
    5.5550   -1.9575   10.7637   -8.8417  -20.4646  -10.4873
    0.8688   -1.0189   -0.8169   30.5975    6.2889  -19.7933
eta,q 0.97444  7.33983
  0.0268  0.0266  0.0262  0.0262  0.0262  0.0267  0.0267  0.0270  0.0265  0.0267  0.0259  0.0261
  0.0261  0.0260  0.0258  0.0258  0.0258  0.0261  0.0261  0.0262  0.0260  0.0261  0.0257  0.0258
  0.0257  0.0257  0.0256  0.0256  0.0256  0.0257  0.0257  0.0257  0.0257  0.0257  0.0256  0.0256
  0.0255  0.0255  0.0255  0.0255  0.0255  0.0255  0.0256  0.0256  0.0256  0.0256  0.0256  0.0256
  0.0257  0.0256  0.0256  0.0256  0.0256  0.0257  0.0257  0.0257  0.0257  0.0257  0.0256  0.0256
  0.0261  0.0260  0.0258  0.0257  0.0258  0.0262  0.0261  0.0262  0.0260  0.0261  0.0257  0.0258
  0.0268  0.0265  0.0262  0.0258  0.0262  0.0276  0.0266  0.0271  0.0265  0.0268  0.0258  0.0261
niter,ni,del,rscale     4    3    5.0000    0.7000
parameters
    5.5607   -1.9958   10.6924   -9.0590  -20.4187  -10.3986
    0.8742   -1.0090   -0.8576   30.6181    6.2463  -19.8392
eta,q 0.97445  7.33651
  0.0265  0.0263  0.0260  0.0259  0.0261  0.0266  0.0264  0.0267  0.0262  0.0265  0.0258  0.0259
  0.0260  0.0259  0.0258  0.0256  0.0258  0.0261  0.0259  0.0261  0.0259  0.0260  0.0257  0.0257
  0.0257  0.0256  0.0256  0.0255  0.0256  0.0257  0.0256  0.0257  0.0256  0.0257  0.0256  0.0256
  0.0256  0.0256  0.0256  0.0256  0.0255  0.0256  0.0255  0.0255  0.0255  0.0255  0.0255  0.0255
  0.0257  0.0257  0.0256  0.0256  0.0256  0.0256  0.0257  0.0256  0.0256  0.0256  0.0256  0.0256
  0.0260  0.0260  0.0258  0.0257  0.0258  0.0259  0.0259  0.0260  0.0259  0.0260  0.0257  0.0257
  0.0265  0.0264  0.0261  0.0259  0.0260  0.0266  0.0264  0.0267  0.0263  0.0265  0.0258  0.0260
niter,ni,del,rscale     3    3    5.0000    0.6000
parameters
    5.5549   -1.9970   10.7164   -9.2198  -20.4582  -10.2236
    0.8557   -1.0057   -0.8690   30.6581    6.1560  -19.8523
eta,q 0.97446  7.33477
  0.0262  0.0262  0.0259  0.0258  0.0259  0.0263  0.0262  0.0264  0.0261  0.0262  0.0257  0.0258
  0.0259  0.0258  0.0257  0.0256  0.0257  0.0259  0.0258  0.0259  0.0258  0.0259  0.0256  0.0257
  0.0256  0.0256  0.0256  0.0255  0.0256  0.0257  0.0256  0.0256  0.0256  0.0256  0.0256  0.0256
  0.0255  0.0255  0.0255  0.0255  0.0255  0.0255  0.0255  0.0255  0.0255  0.0255  0.0255  0.0255
  0.0256  0.0256  0.0256  0.0256  0.0256  0.0256  0.0256  0.0256  0.0256  0.0256  0.0256  0.0256
  0.0259  0.0258  0.0257  0.0257  0.0257  0.0258  0.0258  0.0259  0.0258  0.0258  0.0256  0.0257
  0.0263  0.0261  0.0259  0.0258  0.0259  0.0263  0.0262  0.0264  0.0261  0.0262  0.0257  0.0258
niter,ni,del,rscale     2    3    5.0000    0.5000
parameters
    5.5530   -1.9911   10.7499   -9.3564  -20.5018  -10.0897
    0.8355   -0.9938   -0.8638   30.7039    6.0472  -19.8556
eta,q 0.97447  7.33230
  0.0260  0.0260  0.0258  0.0257  0.0258  0.0261  0.0260  0.0261  0.0259  0.0260  0.0257  0.0257
  0.0258  0.0257  0.0257  0.0256  0.0256  0.0258  0.0257  0.0258  0.0257  0.0258  0.0256  0.0256
  0.0256  0.0256  0.0256  0.0255  0.0256  0.0256  0.0256  0.0256  0.0256  0.0256  0.0255  0.0256
  0.0255  0.0255  0.0255  0.0255  0.0255  0.0255  0.0255  0.0255  0.0255  0.0255  0.0255  0.0255
  0.0256  0.0256  0.0256  0.0256  0.0256  0.0256  0.0256  0.0256  0.0256  0.0256  0.0256  0.0255
  0.0258  0.0257  0.0256  0.0256  0.0257  0.0257  0.0257  0.0258  0.0257  0.0257  0.0256  0.0256
  0.0260  0.0260  0.0258  0.0257  0.0258  0.0260  0.0260  0.0261  0.0259  0.0260  0.0257  0.0257
niter,ni,del,rscale     1    3    5.0000    0.4000
parameters
    5.5569   -1.9866   10.7758   -9.5378  -20.5613  -10.0163
    0.8303   -0.9711   -0.8661   30.7334    5.9713  -19.8161
eta,q 0.97447  7.32466
  0.0259  0.0258  0.0257  0.0256  0.0257  0.0259  0.0258  0.0259  0.0258  0.0259  0.0256  0.0257
  0.0257  0.0257  0.0256  0.0256  0.0256  0.0257  0.0257  0.0257  0.0256  0.0257  0.0256  0.0256
  0.0256  0.0256  0.0256  0.0255  0.0255  0.0256  0.0256  0.0256  0.0256  0.0256  0.0255  0.0255
  0.0255  0.0255  0.0255  0.0255  0.0255  0.0255  0.0255  0.0255  0.0255  0.0255  0.0255  0.0255
  0.0256  0.0256  0.0255  0.0256  0.0256  0.0256  0.0256  0.0256  0.0256  0.0256  0.0255  0.0255
  0.0257  0.0257  0.0256  0.0256  0.0256  0.0256  0.0257  0.0257  0.0256  0.0257  0.0256  0.0256
  0.0258  0.0258  0.0257  0.0256  0.0257  0.0258  0.0258  0.0259  0.0258  0.0258  0.0256  0.0257
registration optimization eta report
parameter search radius
    0.8000    0.8000    0.8000    2.4000    2.4000    2.4000
    2.4000    2.4000    2.4000    2.4000    2.4000    2.4000
100000*second partial in parameter space
       49.       42.       26.        2.        3.        5.
        5.        7.        4.        6.        1.        2.
  0.0259  0.0258  0.0257  0.0256  0.0257  0.0259  0.0258  0.0259  0.0258  0.0259  0.0256  0.0257
  0.0257  0.0257  0.0256  0.0256  0.0256  0.0257  0.0257  0.0257  0.0256  0.0257  0.0256  0.0256
  0.0256  0.0256  0.0256  0.0255  0.0255  0.0256  0.0256  0.0256  0.0256  0.0256  0.0255  0.0255
  0.0255  0.0255  0.0255  0.0255  0.0255  0.0255  0.0255  0.0255  0.0255  0.0255  0.0255  0.0255
  0.0256  0.0256  0.0255  0.0256  0.0256  0.0256  0.0256  0.0256  0.0256  0.0256  0.0255  0.0255
  0.0257  0.0257  0.0256  0.0256  0.0256  0.0256  0.0257  0.0257  0.0256  0.0257  0.0256  0.0256
  0.0258  0.0258  0.0257  0.0256  0.0257  0.0258  0.0258  0.0259  0.0258  0.0258  0.0256  0.0257
    5.5569   -1.9866   10.7758   -9.5378  -20.5613  -10.0163
    0.8303   -0.9711   -0.8661   30.7334    5.9713  -19.8161
eta,q 0.97447  7.32466

---------------------------------------------------------------------
compute_vox2vox talsrcimg talsrcimg_to_711-2C_as_mni_average_305_t4 /opt/freesurfer/average/711-2C_as_mni_average_305
---------------------------------------------------------------------

freesurfer compute_vox2vox.c
Reading: talsrcimg.4dfp.ifh
Reading: talsrcimg_to_711-2C_as_mni_average_305_t4
Reading: /opt/freesurfer/average/711-2C_as_mni_average_305.4dfp.ifh
Writing: talsrcimg_to_711-2C_as_mni_average_305_t4_vox2vox.txt

start time Fri Mar 13 23:02:10 CET 2026
end		time Fri Mar 13 23:03:37 CET 2026

mpr2mni305 success

avi2talxfm orig_nu.mgz /opt/freesurfer/average/mni305.cor.mgz talsrcimg_to_711-2C_as_mni_average_305_t4_vox2vox.txt transforms/talairach.auto.xfm
avi2talxfm done
mv -f /out/sourcedata/freesurfer/sub-v2s7x29677_ses-1/mri/talsrcimg_to_711-2C_as_mni_average_305_t4_vox2vox.txt /out/sourcedata/freesurfer/sub-v2s7x29677_ses-1/mri/transforms/talsrcimg_to_711-2C_as_mni_average_305_t4_vox2vox.txt
lta_convert --src orig_nu.mgz --trg /opt/freesurfer/average/mni305.cor.mgz --inxfm transforms/talairach.auto.xfm --outlta transforms/talairach.auto.xfm.lta --subject fsaverage
7.3.2

--src: orig_nu.mgz src image (geometry).
--trg: /opt/freesurfer/average/mni305.cor.mgz trg image (geometry).
--inmni: transforms/talairach.auto.xfm input MNI/XFM transform.
--outlta: transforms/talairach.auto.xfm.lta output LTA.
--s: fsaverage subject name
 LTA read, type : 1
 1.10439   0.01462  -0.00790  -13.09370;
-0.06509   1.02320   0.25592  -17.80098;
 0.03722  -0.39570   1.15974  -5.43375;
 0.00000   0.00000   0.00000   1.00000;
setting subject to fsaverage
Writing  LTA to file transforms/talairach.auto.xfm.lta...
lta_convert successful.
 
 
Started at Fri Mar 13 23:02:10 CET 2026
Ended   at Fri Mar 13 23:03:38 CET 2026
talairach_avi done
