/out/sourcedata/freesurfer/sub-v2s7x29675_ses-1/mri
/opt/freesurfer/bin/talairach_avi
--i orig_nu.mgz --xfm transforms/talairach.auto.xfm
talairach_avi 7.3.2
Linux dna026 5.14.0-427.37.1.el9_4.x86_64 #1 SMP PREEMPT_DYNAMIC Fri Sep 13 12:41:50 EDT 2024 x86_64 x86_64 x86_64 GNU/Linux
Fri Mar 13 22:55:28 CET 2026
mri_convert orig_nu.mgz talsrcimg.img 
reading from orig_nu.mgz...
TR=0.00, TE=0.00, TI=0.00, flip angle=0.00
i_ras = (-1, 0, 0)
j_ras = (0, 0, -1)
k_ras = (0, 1, 0)
writing to talsrcimg.img...
Analyze Output Matrix
-1.00000   0.00000   0.00000   124.10991;
 0.00000   0.00000   1.00000  -115.04643;
 0.00000  -1.00000   0.00000   143.92566;
 0.00000   0.00000   0.00000   1.00000;
--------------------
INFO: set hdr.hist.orient to -1
mpr2mni305 talsrcimg
Fri Mar 13 22:55:28 CET 2026
/opt/freesurfer/bin/mpr2mni305 talsrcimg
mpr2mni305 7.3.2
target=711-2C_as_mni_average_305

---------------------------------------------------------------------
analyzeto4dfp talsrcimg -O0 -y
---------------------------------------------------------------------

freesurfer ifh2hdr.c
Fri Mar 13 22:55:28 2026
Writing: talsrcimg.4dfp.hdr
freesurfer analyzeto4dfp.c
Reading: talsrcimg.hdr
header size 348 bytes
hdr.dime.datatype	offset=70	value=2
hdr.dime.bitpix		offset=72	value=8
hdr.hist.orient		offset=252	value=-1
dimensionality     4
dimensions       256       256       256         1
Reading: talsrcimg.img
Writing: talsrcimg.4dfp.img
Writing: talsrcimg.4dfp.ifh
ifh2hdr talsrcimg -r0to255
ori=2

---------------------------------------------------------------------
gauss_4dfp talsrcimg 1.1
---------------------------------------------------------------------

freesurfer gauss_4dfp.c
Reading: talsrcimg.4dfp.img
Writing: talsrcimg_g11.4dfp.img
image dimensions 256 256 256 padded to 288 288 288
processing volume 1freesurfer ifh2hdr.c
Fri Mar 13 22:55:30 2026
Writing: talsrcimg_g11.4dfp.hdr

Writing: talsrcimg_g11.4dfp.ifh
including: talsrcimg.4dfp.img.rec in talsrcimg_g11.4dfp.img.rec

---------------------------------------------------------------------
imgreg_4dfp /opt/freesurfer/average/711-2C_as_mni_average_305 none talsrcimg_g11 none talsrcimg_to_711-2C_as_mni_average_305_t4 4355
---------------------------------------------------------------------

freesurfer imgreg_4dfp.c
/opt/freesurfer/average/711-2C_as_mni_average_305.4dfp.img
       256       256       256         1
  1.000000  1.000000  1.000000
orientation T byte_order littleendian
Reading image: /opt/freesurfer/average/711-2C_as_mni_average_305.4dfp.img
dimensions:      256       256       256
mmppix:       1.0000   -1.0000   -1.0000
center:     128.0000 -129.0000 -129.0000
talsrcimg_g11.4dfp.img
       256       256       256         1
  1.000000  1.000000  1.000000
orientation T byte_order littleendian
Reading image: talsrcimg_g11.4dfp.img
dimensions:      256       256       256
mmppix:       1.0000   -1.0000   -1.0000
center:     128.0000 -129.0000 -129.0000
t4_read: open error in t4_sub.f l:  41 t4_file(1:l)talsrcimg_to_711-2C_as_mni_average_305_t4 
t4_read: transform initialized to I4
rotation matrix determinant  1.000000
image alignment mode   4355 decimal     1103 hex
   -7.5000  -45.0000  -45.0000 8106.4194   11.6662
    0.0000  -45.0000  -45.0000 8397.2539   11.6742
    7.5000  -45.0000  -45.0000 7953.3999   11.6856
   -7.5000  -37.5000  -45.0000 8514.4297   11.6366
    0.0000  -37.5000  -45.0000 8816.8545   11.6390
    7.5000  -37.5000  -45.0000 8353.3711   11.6517
   -7.5000  -30.0000  -45.0000 9251.3691   11.6180
    0.0000  -30.0000  -45.0000 9578.9883   11.6180
    7.5000  -30.0000  -45.0000 9070.2422   11.6414
   -7.5000  -22.5000  -45.0000 9983.1484   11.6345
    0.0000  -22.5000  -45.000010331.3574   11.6378
    7.5000  -22.5000  -45.0000 9769.1758   11.6703
   -7.5000  -15.0000  -45.000010663.0615   11.6656
    0.0000  -15.0000  -45.000011031.9434   11.6750
    7.5000  -15.0000  -45.000010404.2959   11.7076
   -7.5000   -7.5000  -45.000011235.8291   11.6788
    0.0000   -7.5000  -45.000011610.2393   11.6903
    7.5000   -7.5000  -45.000010962.9375   11.7126
   -7.5000    0.0000  -45.000011570.4922   11.6662
    0.0000    0.0000  -45.000011945.6650   11.6742
    7.5000    0.0000  -45.000011294.4297   11.6856
   -7.5000    7.5000  -45.000010963.8027   11.6366
    0.0000    7.5000  -45.000011326.9561   11.6390
    7.5000    7.5000  -45.000010714.7412   11.6517
   -7.5000   15.0000  -45.000010286.4268   11.6180
    0.0000   15.0000  -45.000010625.9609   11.6180
    7.5000   15.0000  -45.000010047.4688   11.6414
   -7.5000   22.5000  -45.0000 9575.1719   11.6329
    0.0000   22.5000  -45.0000 9876.3623   11.6362
    7.5000   22.5000  -45.0000 9326.5488   11.6687
   -7.5000   30.0000  -45.0000 8801.3203   11.5102
    0.0000   30.0000  -45.0000 9058.3350   11.5194
    7.5000   30.0000  -45.0000 8551.0713   11.5516
   -7.5000   37.5000  -45.0000 8352.9277   11.5232
    0.0000   37.5000  -45.0000 8585.9873   11.5345
    7.5000   37.5000  -45.0000 8091.8711   11.5565
   -7.5000   45.0000  -45.0000 7587.5693   11.2241
    0.0000   45.0000  -45.0000 7788.0596   11.2317
    7.5000   45.0000  -45.0000 7335.5693   11.2427
   -7.5000  -45.0000  -37.5000 8583.2461   11.5710
    0.0000  -45.0000  -37.5000 8917.0127   11.5802
    7.5000  -45.0000  -37.5000 8441.8193   11.5965
   -7.5000  -37.5000  -37.5000 9045.7969   11.5438
    0.0000  -37.5000  -37.5000 9380.1357   11.5482
    7.5000  -37.5000  -37.5000 8879.4199   11.5647
   -7.5000  -30.0000  -37.5000 9804.6299   11.5237
    0.0000  -30.0000  -37.500010153.4814   11.5261
    7.5000  -30.0000  -37.5000 9609.3779   11.5504
   -7.5000  -22.5000  -37.500010564.1562   11.5355
    0.0000  -22.5000  -37.500010941.8730   11.5409
    7.5000  -22.5000  -37.500010335.5420   11.5726
   -7.5000  -15.0000  -37.500011229.9785   11.5640
    0.0000  -15.0000  -37.500011640.0449   11.5746
    7.5000  -15.0000  -37.500010972.8320   11.6071
   -7.5000   -7.5000  -37.500011871.8662   11.5794
    0.0000   -7.5000  -37.500012307.2178   11.5917
    7.5000   -7.5000  -37.500011584.6221   11.6166
   -7.5000    0.0000  -37.500012207.0625   11.5710
    0.0000    0.0000  -37.500012649.3779   11.5801
    7.5000    0.0000  -37.500011928.9160   11.5964
   -7.5000    7.5000  -37.500011594.8301   11.5438
    0.0000    7.5000  -37.500012013.2578   11.5482
    7.5000    7.5000  -37.500011320.7559   11.5647
   -7.5000   15.0000  -37.500010921.0693   11.5237
    0.0000   15.0000  -37.500011310.6816   11.5261
    7.5000   15.0000  -37.500010650.8984   11.5504
   -7.5000   22.5000  -37.500010147.2676   11.5339
    0.0000   22.5000  -37.500010502.0996   11.5394
    7.5000   22.5000  -37.5000 9894.1240   11.5710
   -7.5000   30.0000  -37.5000 9302.8955   11.4099
    0.0000   30.0000  -37.5000 9596.4824   11.4203
    7.5000   30.0000  -37.5000 9027.2773   11.4524
   -7.5000   37.5000  -37.5000 8797.7764   11.4251
    0.0000   37.5000  -37.5000 9067.0195   11.4372
    7.5000   37.5000  -37.5000 8509.5264   11.4618
   -7.5000   45.0000  -37.5000 7993.6934   11.1318
    0.0000   45.0000  -37.5000 8221.1221   11.1405
    7.5000   45.0000  -37.5000 7721.2383   11.1562
   -7.5000  -45.0000  -30.0000 9298.4746   12.0228
    0.0000  -45.0000  -30.0000 9652.7832   12.0350
    7.5000  -45.0000  -30.0000 9132.4014   12.0555
   -7.5000  -37.5000  -30.0000 9820.6211   11.9897
    0.0000  -37.5000  -30.000010183.0918   11.9979
    7.5000  -37.5000  -30.0000 9619.0361   12.0176
   -7.5000  -30.0000  -30.000010633.9287   11.9580
    0.0000  -30.0000  -30.000011010.1475   11.9644
    7.5000  -30.0000  -30.000010395.4521   11.9921
   -7.5000  -22.5000  -30.000011396.7568   11.9641
    0.0000  -22.5000  -30.000011820.0156   11.9727
    7.5000  -22.5000  -30.000011128.6953   12.0088
   -7.5000  -15.0000  -30.000012088.1963   11.9973
    0.0000  -15.0000  -30.000012532.5107   12.0100
    7.5000  -15.0000  -30.000011773.9893   12.0477
   -7.5000   -7.5000  -30.000012775.6719   12.0244
    0.0000   -7.5000  -30.000013241.9648   12.0387
    7.5000   -7.5000  -30.000012448.2070   12.0687
   -7.5000    0.0000  -30.000013108.1992   12.0228
    0.0000    0.0000  -30.000013590.0811   12.0349
    7.5000    0.0000  -30.000012780.0332   12.0554
   -7.5000    7.5000  -30.000012454.2861   11.9897
    0.0000    7.5000  -30.000012917.0312   11.9979
    7.5000    7.5000  -30.000012129.7158   12.0176
   -7.5000   15.0000  -30.000011762.2773   11.9580
    0.0000   15.0000  -30.000012209.0801   11.9644
    7.5000   15.0000  -30.000011466.9502   11.9921
   -7.5000   22.5000  -30.000010906.3447   11.9612
    0.0000   22.5000  -30.000011325.4697   11.9698
    7.5000   22.5000  -30.000010635.6924   12.0059
   -7.5000   30.0000  -30.0000 9929.8457   11.8385
    0.0000   30.0000  -30.000010296.1436   11.8511
    7.5000   30.0000  -30.0000 9666.3711   11.8883
   -7.5000   37.5000  -30.0000 9359.7305   11.8652
    0.0000   37.5000  -30.0000 9694.3809   11.8794
    7.5000   37.5000  -30.0000 9113.6924   11.9090
   -7.5000   45.0000  -30.0000 8529.3174   11.5747
    0.0000   45.0000  -30.0000 8816.1680   11.5863
    7.5000   45.0000  -30.0000 8283.9590   11.6060
   -7.5000  -45.0000  -22.500010028.5566   12.4598
    0.0000  -45.0000  -22.500010398.3740   12.4732
    7.5000  -45.0000  -22.5000 9840.5645   12.4907
   -7.5000  -37.5000  -22.500010587.5283   12.4194
    0.0000  -37.5000  -22.500010973.2402   12.4283
    7.5000  -37.5000  -22.500010366.5977   12.4456
   -7.5000  -30.0000  -22.500011454.4678   12.3759
    0.0000  -30.0000  -22.500011873.1123   12.3826
    7.5000  -30.0000  -22.500011219.4307   12.4114
   -7.5000  -22.5000  -22.500012227.8281   12.3777
    0.0000  -22.5000  -22.500012694.9590   12.3866
    7.5000  -22.5000  -22.500011983.1045   12.4268
   -7.5000  -15.0000  -22.500012963.9893   12.4165
    0.0000  -15.0000  -22.500013441.9775   12.4301
    7.5000  -15.0000  -22.500012644.8701   12.4719
   -7.5000   -7.5000  -22.500013695.6631   12.4552
    0.0000   -7.5000  -22.500014200.8525   12.4710
    7.5000   -7.5000  -22.500013352.0957   12.5015
   -7.5000    0.0000  -22.500014079.6895   12.4598
    0.0000    0.0000  -22.500014602.6143   12.4732
    7.5000    0.0000  -22.500013714.3271   12.4907
   -7.5000    7.5000  -22.500013360.7861   12.4194
    0.0000    7.5000  -22.500013863.4658   12.4283
    7.5000    7.5000  -22.500013014.1201   12.4456
   -7.5000   15.0000  -22.500012626.1016   12.3759
    0.0000   15.0000  -22.500013116.1631   12.3826
    7.5000   15.0000  -22.500012316.2568   12.4114
   -7.5000   22.5000  -22.500011715.3711   12.3738
    0.0000   22.5000  -22.500012180.0586   12.3828
    7.5000   22.5000  -22.500011442.2334   12.4230
   -7.5000   30.0000  -22.500010630.2754   12.2541
    0.0000   30.0000  -22.500011048.3701   12.2675
    7.5000   30.0000  -22.500010367.2227   12.3088
   -7.5000   37.5000  -22.5000 9978.4990   12.2923
    0.0000   37.5000  -22.500010355.5039   12.3078
    7.5000   37.5000  -22.5000 9746.2764   12.3380
   -7.5000   45.0000  -22.5000 9072.6650   12.0049
    0.0000   45.0000  -22.5000 9397.2510   12.0179
    7.5000   45.0000  -22.5000 8836.4668   12.0347
   -7.5000  -45.0000  -15.000010758.2822   12.7744
    0.0000  -45.0000  -15.000011157.0195   12.7866
    7.5000  -45.0000  -15.000010547.8408   12.7976
   -7.5000  -37.5000  -15.000011335.5430   12.7315
    0.0000  -37.5000  -15.000011754.3945   12.7380
    7.5000  -37.5000  -15.000011106.9336   12.7503
   -7.5000  -30.0000  -15.000012273.0576   12.6864
    0.0000  -30.0000  -15.000012727.8926   12.6900
    7.5000  -30.0000  -15.000012018.5820   12.7175
   -7.5000  -22.5000  -15.000013073.2266   12.6891
    0.0000  -22.5000  -15.000013561.0176   12.6958
    7.5000  -22.5000  -15.000012795.7256   12.7371
   -7.5000  -15.0000  -15.000013830.4434   12.7300
    0.0000  -15.0000  -15.000014335.1553   12.7429
    7.5000  -15.0000  -15.000013508.2012   12.7850
   -7.5000   -7.5000  -15.000014626.9648   12.7700
    0.0000   -7.5000  -15.000015163.0088   12.7856
    7.5000   -7.5000  -15.000014267.5791   12.8127
   -7.5000    0.0000  -15.000015055.7734   12.7743
    0.0000    0.0000  -15.000015635.0410   12.7866
    7.5000    0.0000  -15.000014666.6260   12.7976
   -7.5000    7.5000  -15.000014268.0879   12.7315
    0.0000    7.5000  -15.000014813.5527   12.7380
    7.5000    7.5000  -15.000013916.0742   12.7503
   -7.5000   15.0000  -15.000013459.0850   12.6864
    0.0000   15.0000  -15.000013968.0869   12.6900
    7.5000   15.0000  -15.000013156.0713   12.7175
   -7.5000   22.5000  -15.000012506.6914   12.6846
    0.0000   22.5000  -15.000012996.8760   12.6913
    7.5000   22.5000  -15.000012251.5898   12.7326
   -7.5000   30.0000  -15.000011355.2100   12.5653
    0.0000   30.0000  -15.000011791.6777   12.5780
    7.5000   30.0000  -15.000011102.0732   12.6196
   -7.5000   37.5000  -15.000010637.0137   12.6048
    0.0000   37.5000  -15.000011055.1475   12.6202
    7.5000   37.5000  -15.000010405.4365   12.6469
   -7.5000   45.0000  -15.0000 9629.0488   12.3162
    0.0000   45.0000  -15.0000 9993.7549   12.3280
    7.5000   45.0000  -15.0000 9403.8809   12.3386
   -7.5000  -45.0000   -7.500011482.1680   12.9107
    0.0000  -45.0000   -7.500011918.3779   12.9207
    7.5000  -45.0000   -7.500011252.2402   12.9292
   -7.5000  -37.5000   -7.500012113.6582   12.8735
    0.0000  -37.5000   -7.500012580.1025   12.8766
    7.5000  -37.5000   -7.500011859.3857   12.8871
   -7.5000  -30.0000   -7.500013141.9727   12.8401
    0.0000  -30.0000   -7.500013638.9463   12.8402
    7.5000  -30.0000   -7.500012858.5195   12.8657
   -7.5000  -22.5000   -7.500014001.3281   12.8494
    0.0000  -22.5000   -7.500014516.5381   12.8537
    7.5000  -22.5000   -7.500013691.3838   12.8921
   -7.5000  -15.0000   -7.500014767.1465   12.8862
    0.0000  -15.0000   -7.500015303.0840   12.8978
    7.5000  -15.0000   -7.500014451.7969   12.9365
   -7.5000   -7.5000   -7.500015594.1055   12.9140
    0.0000   -7.5000   -7.500016157.0830   12.9284
    7.5000   -7.5000   -7.500015225.0723   12.9522
   -7.5000    0.0000   -7.500016079.9150   12.9106
    0.0000    0.0000   -7.500016684.3145   12.9207
    7.5000    0.0000   -7.500015678.2998   12.9291
   -7.5000    7.5000   -7.500015239.9883   12.8735
    0.0000    7.5000   -7.500015820.2637   12.8766
    7.5000    7.5000   -7.500014889.4844   12.8871
   -7.5000   15.0000   -7.500014330.8252   12.8401
    0.0000   15.0000   -7.500014876.0439   12.8402
    7.5000   15.0000   -7.500014055.5039   12.8657
   -7.5000   22.5000   -7.500013308.7227   12.8435
    0.0000   22.5000   -7.500013825.2627   12.8477
    7.5000   22.5000   -7.500013070.2852   12.8861
   -7.5000   30.0000   -7.500012098.0244   12.7191
    0.0000   30.0000   -7.500012571.0400   12.7306
    7.5000   30.0000   -7.500011864.0010   12.7688
   -7.5000   37.5000   -7.500011371.3594   12.7465
    0.0000   37.5000   -7.500011817.7891   12.7607
    7.5000   37.5000   -7.500011120.0068   12.7842
   -7.5000   45.0000   -7.500010263.8975   12.4501
    0.0000   45.0000   -7.500010658.4209   12.4597
    7.5000   45.0000   -7.500010012.6016   12.4679
   -7.5000  -45.0000    0.000012109.1494   12.9116
    0.0000  -45.0000    0.000012567.8525   12.9206
    7.5000  -45.0000    0.000011903.3652   12.9325
   -7.5000  -37.5000    0.000012801.5000   12.8812
    0.0000  -37.5000    0.000013286.4912   12.8836
    7.5000  -37.5000    0.000012560.3545   12.8968
   -7.5000  -30.0000    0.000013934.7305   12.8595
    0.0000  -30.0000    0.000014465.8760   12.8593
    7.5000  -30.0000    0.000013658.8496   12.8844
   -7.5000  -22.5000    0.000014872.6504   12.8738
    0.0000  -22.5000    0.000015422.9629   12.8779
    7.5000  -22.5000    0.000014556.9521   12.9133
   -7.5000  -15.0000    0.000015687.1562   12.9056
    0.0000  -15.0000    0.000016251.6406   12.9168
    7.5000  -15.0000    0.000015387.0977   12.9525
   -7.5000   -7.5000    0.000016508.6484   12.9215
    0.0000   -7.5000    0.000017106.8555   12.9350
    7.5000   -7.5000    0.000016188.3672   12.9592
   -7.5000    0.0000    0.000017064.1367   12.9115
    0.0000    0.0000    0.000017692.8008   12.9206
    7.5000    0.0000    0.000016692.1406   12.9325
   -7.5000    7.5000    0.000016149.8789   12.8812
    0.0000    7.5000    0.000016765.9961   12.8836
    7.5000    7.5000    0.000015820.8672   12.8968
   -7.5000   15.0000    0.000015130.9482   12.8595
    0.0000   15.0000    0.000015727.6641   12.8593
    7.5000   15.0000    0.000014851.2139   12.8844
   -7.5000   22.5000    0.000014059.8848   12.8679
    0.0000   22.5000    0.000014637.3291   12.8720
    7.5000   22.5000    0.000013833.5361   12.9074
   -7.5000   30.0000    0.000012835.5186   12.7385
    0.0000   30.0000    0.000013367.4629   12.7496
    7.5000   30.0000    0.000012578.3340   12.7849
   -7.5000   37.5000    0.000012105.3594   12.7543
    0.0000   37.5000    0.000012581.6807   12.7676
    7.5000   37.5000    0.000011785.1982   12.7915
   -7.5000   45.0000    0.000010915.3232   12.4514
    0.0000   45.0000    0.000011333.6172   12.4601
    7.5000   45.0000    0.000010588.1543   12.4715
   -7.5000  -45.0000    7.500011802.6895   12.8992
    0.0000  -45.0000    7.500012255.3135   12.9097
    7.5000  -45.0000    7.500011618.2607   12.9282
   -7.5000  -37.5000    7.500012446.5303   12.8691
    0.0000  -37.5000    7.500012931.7178   12.8744
    7.5000  -37.5000    7.500012260.8535   12.8930
   -7.5000  -30.0000    7.500013616.1279   12.8462
    0.0000  -30.0000    7.500014149.8301   12.8495
    7.5000  -30.0000    7.500013368.7812   12.8768
   -7.5000  -22.5000    7.500014746.7002   12.8588
    0.0000  -22.5000    7.500015321.5273   12.8654
    7.5000  -22.5000    7.500014380.7988   12.9011
   -7.5000  -15.0000    7.500015671.6826   12.8903
    0.0000  -15.0000    7.500016261.5361   12.9025
    7.5000  -15.0000    7.500015266.8350   12.9392
   -7.5000   -7.5000    7.500016489.9355   12.9079
    0.0000   -7.5000    7.500017057.7656   12.9218
    7.5000   -7.5000    7.500016057.8125   12.9501
   -7.5000    0.0000    7.500016946.2500   12.8992
    0.0000    0.0000    7.500017560.3750   12.9097
    7.5000    0.0000    7.500016489.1328   12.9282
   -7.5000    7.5000    7.500015975.8027   12.8691
    0.0000    7.5000    7.500016580.3359   12.8744
    7.5000    7.5000    7.500015562.3828   12.8930
   -7.5000   15.0000    7.500015027.8857   12.8462
    0.0000   15.0000    7.500015598.0977   12.8495
    7.5000   15.0000    7.500014576.6484   12.8768
   -7.5000   22.5000    7.500013982.7529   12.8528
    0.0000   22.5000    7.500014507.1123   12.8595
    7.5000   22.5000    7.500013516.0137   12.8951
   -7.5000   30.0000    7.500012768.3242   12.7235
    0.0000   30.0000    7.500013247.5732   12.7355
    7.5000   30.0000    7.500012311.7021   12.7717
   -7.5000   37.5000    7.500011972.8633   12.7408
    0.0000   37.5000    7.500012414.2334   12.7546
    7.5000   37.5000    7.500011541.4023   12.7825
   -7.5000   45.0000    7.500010790.0684   12.4388
    0.0000   45.0000    7.500011174.7061   12.4488
    7.5000   45.0000    7.500010393.8076   12.4666
   -7.5000  -45.0000   15.000011366.8877   12.9090
    0.0000  -45.0000   15.000011814.8633   12.9221
    7.5000  -45.0000   15.000011195.4131   12.9441
   -7.5000  -37.5000   15.000011997.5186   12.8734
    0.0000  -37.5000   15.000012483.2256   12.8823
    7.5000  -37.5000   15.000011834.8301   12.9035
   -7.5000  -30.0000   15.000013243.9688   12.8395
    0.0000  -30.0000   15.000013807.4014   12.8464
    7.5000  -30.0000   15.000012945.1084   12.8760
   -7.5000  -22.5000   15.000014689.3779   12.8460
    0.0000  -22.5000   15.000015275.1504   12.8553
    7.5000  -22.5000   15.000014019.9590   12.8939
   -7.5000  -15.0000   15.000015777.4189   12.8816
    0.0000  -15.0000   15.000016355.0537   12.8953
    7.5000  -15.0000   15.000014986.5146   12.9357
   -7.5000   -7.5000   15.000016496.2988   12.9107
    0.0000   -7.5000   15.000017082.0137   12.9261
    7.5000   -7.5000   15.000015758.4043   12.9583
   -7.5000    0.0000   15.000016772.8867   12.9090
    0.0000    0.0000   15.000017392.4375   12.9220
    7.5000    0.0000   15.000016091.3428   12.9440
   -7.5000    7.5000   15.000015740.6289   12.8734
    0.0000    7.5000   15.000016312.2236   12.8823
    7.5000    7.5000   15.000015084.6367   12.9035
   -7.5000   15.0000   15.000014718.4912   12.8395
    0.0000   15.0000   15.000015237.7139   12.8464
    7.5000   15.0000   15.000014074.0703   12.8760
   -7.5000   22.5000   15.000013625.1172   12.8401
    0.0000   22.5000   15.000014096.2852   12.8493
    7.5000   22.5000   15.000013025.7871   12.8880
   -7.5000   30.0000   15.000012409.0254   12.7149
    0.0000   30.0000   15.000012835.2363   12.7284
    7.5000   30.0000   15.000011874.2041   12.7683
   -7.5000   37.5000   15.000011614.1826   12.7436
    0.0000   37.5000   15.000012002.1172   12.7588
    7.5000   37.5000   15.000011141.7070   12.7906
   -7.5000   45.0000   15.000010454.0244   12.4480
    0.0000   45.0000   15.000010807.6455   12.4605
    7.5000   45.0000   15.000010015.9697   12.4817
   -7.5000  -45.0000   22.500010939.9053   12.9343
    0.0000  -45.0000   22.500011389.3457   12.9482
    7.5000  -45.0000   22.500010709.1426   12.9663
   -7.5000  -37.5000   22.500011612.4121   12.8923
    0.0000  -37.5000   22.500012093.0771   12.9016
    7.5000  -37.5000   22.500011318.7754   12.9195
   -7.5000  -30.0000   22.500012862.3711   12.8472
    0.0000  -30.0000   22.500013374.4834   12.8542
    7.5000  -30.0000   22.500012363.5312   12.8840
   -7.5000  -22.5000   22.500014195.8633   12.8490
    0.0000  -22.5000   22.500014742.5869   12.8583
    7.5000  -22.5000   22.500013362.2988   12.9000
   -7.5000  -15.0000   22.500015143.2607   12.8893
    0.0000  -15.0000   22.500015712.5869   12.9034
    7.5000  -15.0000   22.500014243.8145   12.9468
   -7.5000   -7.5000   22.500015852.1934   12.9295
    0.0000   -7.5000   22.500016437.3047   12.9459
    7.5000   -7.5000   22.500015032.7080   12.9776
   -7.5000    0.0000   22.500016181.8291   12.9342
    0.0000    0.0000   22.500016735.1465   12.9481
    7.5000    0.0000   22.500015329.3711   12.9663
   -7.5000    7.5000   22.500015202.6631   12.8923
    0.0000    7.5000   22.500015692.0869   12.9016
    7.5000    7.5000   22.500014409.5771   12.9195
   -7.5000   15.0000   22.500014086.2969   12.8472
    0.0000   15.0000   22.500014539.4150   12.8542
    7.5000   15.0000   22.500013420.0908   12.8840
   -7.5000   22.5000   22.500012960.9893   12.8431
    0.0000   22.5000   22.500013394.4775   12.8523
    7.5000   22.5000   22.500012414.0830   12.8941
   -7.5000   30.0000   22.500011845.0801   12.7225
    0.0000   30.0000   22.500012239.8408   12.7364
    7.5000   30.0000   22.500011341.9287   12.7793
   -7.5000   37.5000   22.500011134.0410   12.7622
    0.0000   37.5000   22.500011480.6875   12.7783
    7.5000   37.5000   22.500010684.3398   12.8096
   -7.5000   45.0000   22.500010026.6191   12.4729
    0.0000   45.0000   22.500010359.4209   12.4863
    7.5000   45.0000   22.5000 9642.8359   12.5038
   -7.5000  -45.0000   30.000010378.0967   12.9504
    0.0000  -45.0000   30.000010780.8037   12.9628
    7.5000  -45.0000   30.000010051.6396   12.9740
   -7.5000  -37.5000   30.000011007.0283   12.9070
    0.0000  -37.5000   30.000011434.3809   12.9135
    7.5000  -37.5000   30.000010651.7227   12.9259
   -7.5000  -30.0000   30.000012107.7891   12.8612
    0.0000  -30.0000   30.000012556.1709   12.8648
    7.5000  -30.0000   30.000011610.3076   12.8927
   -7.5000  -22.5000   30.000013105.3633   12.8639
    0.0000  -22.5000   30.000013593.3447   12.8707
    7.5000  -22.5000   30.000012506.5820   12.9126
   -7.5000  -15.0000   30.000013786.3877   12.9054
    0.0000  -15.0000   30.000014288.1719   12.9185
    7.5000  -15.0000   30.000013262.1934   12.9612
   -7.5000   -7.5000   30.000014475.6465   12.9460
    0.0000   -7.5000   30.000014971.7285   12.9618
    7.5000   -7.5000   30.000013961.6094   12.9892
   -7.5000    0.0000   30.000014957.9453   12.9504
    0.0000    0.0000   30.000015456.9941   12.9627
    7.5000    0.0000   30.000014367.6133   12.9739
   -7.5000    7.5000   30.000014164.9609   12.9070
    0.0000    7.5000   30.000014657.3379   12.9135
    7.5000    7.5000   30.000013597.0205   12.9259
   -7.5000   15.0000   30.000013207.2812   12.8612
    0.0000   15.0000   30.000013646.0381   12.8648
    7.5000   15.0000   30.000012689.7617   12.8927
   -7.5000   22.5000   30.000012171.4111   12.8580
    0.0000   22.5000   30.000012588.5693   12.8648
    7.5000   22.5000   30.000011706.2754   12.9067
   -7.5000   30.0000   30.000011129.4873   12.7384
    0.0000   30.0000   30.000011512.7705   12.7513
    7.5000   30.0000   30.000010679.0977   12.7934
   -7.5000   37.5000   30.000010461.1338   12.7784
    0.0000   37.5000   30.000010779.4639   12.7940
    7.5000   37.5000   30.000010040.6494   12.8211
   -7.5000   45.0000   30.0000 9400.5479   12.4892
    0.0000   45.0000   30.0000 9704.9287   12.5011
    7.5000   45.0000   30.0000 9059.6201   12.5119
   -7.5000  -45.0000   37.5000 9941.8564   12.9517
    0.0000  -45.0000   37.500010306.7539   12.9616
    7.5000  -45.0000   37.5000 9627.7432   12.9701
   -7.5000  -37.5000   37.500010513.6211   12.9144
    0.0000  -37.5000   37.500010911.7852   12.9174
    7.5000  -37.5000   37.500010191.9834   12.9278
   -7.5000  -30.0000   37.500011509.6846   12.8808
    0.0000  -30.0000   37.500011949.0176   12.8809
    7.5000  -30.0000   37.500011121.5400   12.9064
   -7.5000  -22.5000   37.500012386.6250   12.8902
    0.0000  -22.5000   37.500012846.9805   12.8944
    7.5000  -22.5000   37.500011994.6846   12.9329
   -7.5000  -15.0000   37.500013052.9443   12.9271
    0.0000  -15.0000   37.500013522.1416   12.9387
    7.5000  -15.0000   37.500012706.1113   12.9774
   -7.5000   -7.5000   37.500013735.5625   12.9550
    0.0000   -7.5000   37.500014210.4990   12.9693
    7.5000   -7.5000   37.500013370.6172   12.9932
   -7.5000    0.0000   37.500014196.4600   12.9516
    0.0000    0.0000   37.500014677.9990   12.9616
    7.5000    0.0000   37.500013791.1660   12.9700
   -7.5000    7.5000   37.500013520.5176   12.9144
    0.0000    7.5000   37.500013994.8193   12.9174
    7.5000    7.5000   37.500013133.5020   12.9278
   -7.5000   15.0000   37.500012671.3770   12.8808
    0.0000   15.0000   37.500013124.4512   12.8809
    7.5000   15.0000   37.500012300.6777   12.9064
   -7.5000   22.5000   37.500011724.5488   12.8842
    0.0000   22.5000   37.500012138.5000   12.8885
    7.5000   22.5000   37.500011361.7324   12.9269
   -7.5000   30.0000   37.500010738.1377   12.7598
    0.0000   30.0000   37.500011106.1152   12.7712
    7.5000   30.0000   37.500010371.7529   12.8095
   -7.5000   37.5000   37.500010083.3711   12.7873
    0.0000   37.5000   37.500010409.1787   12.8015
    7.5000   37.5000   37.5000 9744.4434   12.8250
   -7.5000   45.0000   37.5000 9045.2979   12.4906
    0.0000   45.0000   37.5000 9345.0488   12.5001
    7.5000   45.0000   37.5000 8757.8672   12.5082
   -7.5000  -45.0000   45.0000 9091.0371   13.0716
    0.0000  -45.0000   45.0000 9415.9688   13.0809
    7.5000  -45.0000   45.0000 8857.2041   13.0932
   -7.5000  -37.5000   45.0000 9614.8359   13.0400
    0.0000  -37.5000   45.0000 9974.9570   13.0428
    7.5000  -37.5000   45.0000 9366.1338   13.0567
   -7.5000  -30.0000   45.000010512.7529   13.0172
    0.0000  -30.0000   45.000010918.9736   13.0174
    7.5000  -30.0000   45.000010240.1729   13.0438
   -7.5000  -22.5000   45.000011308.6855   13.0318
    0.0000  -22.5000   45.000011737.2529   13.0364
    7.5000  -22.5000   45.000011047.0605   13.0732
   -7.5000  -15.0000   45.000011946.9248   13.0648
    0.0000  -15.0000   45.000012391.0400   13.0765
    7.5000  -15.0000   45.000011713.8623   13.1134
   -7.5000   -7.5000   45.000012582.2715   13.0817
    0.0000   -7.5000   45.000013032.3486   13.0955
    7.5000   -7.5000   45.000012329.3691   13.1204
   -7.5000    0.0000   45.000013017.0156   13.0716
    0.0000    0.0000   45.000013465.6084   13.0809
    7.5000    0.0000   45.000012718.8096   13.0931
   -7.5000    7.5000   45.000012454.9756   13.0400
    0.0000    7.5000   45.000012881.0293   13.0428
    7.5000    7.5000   45.000012135.2627   13.0567
   -7.5000   15.0000   45.000011746.3223   13.0172
    0.0000   15.0000   45.000012141.5469   13.0174
    7.5000   15.0000   45.000011415.8311   13.0438
   -7.5000   22.5000   45.000010885.7051   13.0258
    0.0000   22.5000   45.000011251.0361   13.0304
    7.5000   22.5000   45.000010568.8193   13.0672
   -7.5000   30.0000   45.0000 9950.9277   12.8946
    0.0000   30.0000   45.000010280.9180   12.9061
    7.5000   30.0000   45.0000 9645.8271   12.9425
   -7.5000   37.5000   45.0000 9329.3584   12.9113
    0.0000   37.5000   45.0000 9638.5303   12.9249
    7.5000   37.5000   45.0000 9034.9814   12.9495
   -7.5000   45.0000   45.0000 8333.9180   12.6116
    0.0000   45.0000   45.0000 8612.4766   12.6205
    7.5000   45.0000   45.0000 8100.8901   12.6323

---------------------------------------------------------------------
imgreg_4dfp /opt/freesurfer/average/711-2C_as_mni_average_305 /opt/freesurfer/average/711-2B_as_mni_average_305_mask talsrcimg_g11 none talsrcimg_to_711-2C_as_mni_average_305_t4 4355
---------------------------------------------------------------------

freesurfer imgreg_4dfp.c
/opt/freesurfer/average/711-2C_as_mni_average_305.4dfp.img
       256       256       256         1
  1.000000  1.000000  1.000000
orientation T byte_order littleendian
Reading image: /opt/freesurfer/average/711-2C_as_mni_average_305.4dfp.img
dimensions:      256       256       256
mmppix:       1.0000   -1.0000   -1.0000
center:     128.0000 -129.0000 -129.0000
/opt/freesurfer/average/711-2B_as_mni_average_305_mask.4dfp.img
       256       256       256         1
  1.000000  1.000000  1.000000
orientation T byte_order littleendian
Reading mask: /opt/freesurfer/average/711-2B_as_mni_average_305_mask.4dfp.img (2306576 pixels)
talsrcimg_g11.4dfp.img
       256       256       256         1
  1.000000  1.000000  1.000000
orientation T byte_order littleendian
Reading image: talsrcimg_g11.4dfp.img
dimensions:      256       256       256
mmppix:       1.0000   -1.0000   -1.0000
center:     128.0000 -129.0000 -129.0000
rotation matrix determinant  1.000000
image alignment mode   4355 decimal     1103 hex
   -7.5000  -45.0000  -45.0000 2129.5955   12.8927
    0.0000  -45.0000  -45.0000 2128.6973   12.9493
    7.5000  -45.0000  -45.0000 2103.4695   13.2110
   -7.5000  -37.5000  -45.0000 2180.0798   12.0710
    0.0000  -37.5000  -45.0000 2176.7634   12.1297
    7.5000  -37.5000  -45.0000 2152.1963   12.3637
   -7.5000  -30.0000  -45.0000 2219.3547   11.6372
    0.0000  -30.0000  -45.0000 2217.4473   11.6780
    7.5000  -30.0000  -45.0000 2192.3855   11.9128
   -7.5000  -22.5000  -45.0000 2246.5613   11.4194
    0.0000  -22.5000  -45.0000 2241.0493   11.4802
    7.5000  -22.5000  -45.0000 2212.7837   11.7095
   -7.5000  -15.0000  -45.0000 2256.1965   11.3918
    0.0000  -15.0000  -45.0000 2250.3271   11.4299
    7.5000  -15.0000  -45.0000 2214.8118   11.6691
   -7.5000   -7.5000  -45.0000 2248.4766   11.4693
    0.0000   -7.5000  -45.0000 2243.3965   11.5312
    7.5000   -7.5000  -45.0000 2208.6628   11.8161
   -7.5000    0.0000  -45.0000 2224.9644   11.7995
    0.0000    0.0000  -45.0000 2222.4263   11.8453
    7.5000    0.0000  -45.0000 2189.3945   12.1246
   -7.5000    7.5000  -45.0000 2187.8350   12.3400
    0.0000    7.5000  -45.0000 2185.9150   12.3722
    7.5000    7.5000  -45.0000 2155.2859   12.6534
   -7.5000   15.0000  -45.0000 2139.4702   13.0141
    0.0000   15.0000  -45.0000 2137.4336   13.0427
    7.5000   15.0000  -45.0000 2096.0430   13.3615
   -7.5000   22.5000  -45.0000 2071.9612   13.9408
    0.0000   22.5000  -45.0000 2068.7820   13.9670
    7.5000   22.5000  -45.0000 2024.3539   14.3601
   -7.5000   30.0000  -45.0000 1977.8716   15.2590
    0.0000   30.0000  -45.0000 1969.6005   15.3233
    7.5000   30.0000  -45.0000 1933.3422   15.7750
   -7.5000   37.5000  -45.0000 1865.7620   17.1397
    0.0000   37.5000  -45.0000 1859.2327   17.1947
    7.5000   37.5000  -45.0000 1833.6628   17.7027
   -7.5000   45.0000  -45.0000 1744.7170   19.6438
    0.0000   45.0000  -45.0000 1741.7633   19.7163
    7.5000   45.0000  -45.0000 1718.7904   20.1807
   -7.5000  -45.0000  -37.5000 2214.8665   11.9745
    0.0000  -45.0000  -37.5000 2214.4177   12.0413
    7.5000  -45.0000  -37.5000 2189.0605   12.2663
   -7.5000  -37.5000  -37.5000 2279.1941   11.2197
    0.0000  -37.5000  -37.5000 2274.3828   11.2831
    7.5000  -37.5000  -37.5000 2251.5417   11.4917
   -7.5000  -30.0000  -37.5000 2316.8105   10.7618
    0.0000  -30.0000  -37.5000 2312.4617   10.8134
    7.5000  -30.0000  -37.5000 2285.6011   11.0176
   -7.5000  -22.5000  -37.5000 2350.6316   10.5077
    0.0000  -22.5000  -37.5000 2346.5259   10.5352
    7.5000  -22.5000  -37.5000 2314.2185   10.7314
   -7.5000  -15.0000  -37.5000 2356.2114   10.4015
    0.0000  -15.0000  -37.5000 2352.7888   10.4305
    7.5000  -15.0000  -37.5000 2323.5220   10.6584
   -7.5000   -7.5000  -37.5000 2361.7605   10.4553
    0.0000   -7.5000  -37.5000 2359.6184   10.5008
    7.5000   -7.5000  -37.5000 2322.3496   10.7507
   -7.5000    0.0000  -37.5000 2345.5051   10.7567
    0.0000    0.0000  -37.5000 2342.5095   10.8054
    7.5000    0.0000  -37.5000 2306.6775   11.0516
   -7.5000    7.5000  -37.5000 2303.6333   11.2675
    0.0000    7.5000  -37.5000 2302.7476   11.3111
    7.5000    7.5000  -37.5000 2267.8904   11.5454
   -7.5000   15.0000  -37.5000 2249.7725   11.9137
    0.0000   15.0000  -37.5000 2247.8945   11.9276
    7.5000   15.0000  -37.5000 2206.7961   12.2075
   -7.5000   22.5000  -37.5000 2174.2756   12.7834
    0.0000   22.5000  -37.5000 2169.1743   12.7938
    7.5000   22.5000  -37.5000 2129.7334   13.1259
   -7.5000   30.0000  -37.5000 2079.1531   13.9750
    0.0000   30.0000  -37.5000 2070.7654   14.0167
    7.5000   30.0000  -37.5000 2030.9147   14.4031
   -7.5000   37.5000  -37.5000 1963.2493   15.7102
    0.0000   37.5000  -37.5000 1956.2942   15.7285
    7.5000   37.5000  -37.5000 1920.7025   16.1542
   -7.5000   45.0000  -37.5000 1834.1311   17.9258
    0.0000   45.0000  -37.5000 1829.6932   17.9641
    7.5000   45.0000  -37.5000 1798.6693   18.3930
   -7.5000  -45.0000  -30.0000 2344.1628   11.6133
    0.0000  -45.0000  -30.0000 2344.5088   11.6671
    7.5000  -45.0000  -30.0000 2318.2505   11.8558
   -7.5000  -37.5000  -30.0000 2423.0437   10.8436
    0.0000  -37.5000  -30.0000 2419.4087   10.8820
    7.5000  -37.5000  -30.0000 2388.6487   11.0706
   -7.5000  -30.0000  -30.0000 2472.8018   10.3230
    0.0000  -30.0000  -30.0000 2465.0334   10.3605
    7.5000  -30.0000  -30.0000 2428.9849   10.5421
   -7.5000  -22.5000  -30.0000 2502.5342   10.0294
    0.0000  -22.5000  -30.0000 2498.3657   10.0645
    7.5000  -22.5000  -30.0000 2457.4648   10.2469
   -7.5000  -15.0000  -30.0000 2511.1589    9.9022
    0.0000  -15.0000  -30.0000 2506.8936    9.9438
    7.5000  -15.0000  -30.0000 2470.0044   10.1348
   -7.5000   -7.5000  -30.0000 2520.0002    9.9311
    0.0000   -7.5000  -30.0000 2516.1123    9.9798
    7.5000   -7.5000  -30.0000 2473.5491   10.2117
   -7.5000    0.0000  -30.0000 2498.4783   10.2352
    0.0000    0.0000  -30.0000 2495.6040   10.2803
    7.5000    0.0000  -30.0000 2454.9160   10.5124
   -7.5000    7.5000  -30.0000 2459.5164   10.7126
    0.0000    7.5000  -30.0000 2457.0542   10.7521
    7.5000    7.5000  -30.0000 2412.7153   10.9811
   -7.5000   15.0000  -30.0000 2397.2312   11.3181
    0.0000   15.0000  -30.0000 2396.4993   11.3523
    7.5000   15.0000  -30.0000 2349.2395   11.6172
   -7.5000   22.5000  -30.0000 2316.1477   12.1330
    0.0000   22.5000  -30.0000 2313.2393   12.1678
    7.5000   22.5000  -30.0000 2267.9749   12.4642
   -7.5000   30.0000  -30.0000 2208.2776   13.2501
    0.0000   30.0000  -30.0000 2203.5310   13.3176
    7.5000   30.0000  -30.0000 2156.6113   13.6382
   -7.5000   37.5000  -30.0000 2084.5037   14.8574
    0.0000   37.5000  -30.0000 2081.9956   14.8945
    7.5000   37.5000  -30.0000 2040.5166   15.2669
   -7.5000   45.0000  -30.0000 1954.9431   16.9225
    0.0000   45.0000  -30.0000 1954.2771   16.9554
    7.5000   45.0000  -30.0000 1913.6273   17.3064
   -7.5000  -45.0000  -22.5000 2450.0835   11.2071
    0.0000  -45.0000  -22.5000 2449.0430   11.2357
    7.5000  -45.0000  -22.5000 2415.2676   11.4375
   -7.5000  -37.5000  -22.5000 2537.7573   10.3958
    0.0000  -37.5000  -22.5000 2534.6504   10.4134
    7.5000  -37.5000  -22.5000 2496.7871   10.6052
   -7.5000  -30.0000  -22.5000 2591.5896    9.8346
    0.0000  -30.0000  -22.5000 2586.5986    9.8767
    7.5000  -30.0000  -22.5000 2544.4082   10.0380
   -7.5000  -22.5000  -22.5000 2623.5122    9.5250
    0.0000  -22.5000  -22.5000 2620.1614    9.5701
    7.5000  -22.5000  -22.5000 2578.5845    9.7358
   -7.5000  -15.0000  -22.5000 2636.4236    9.3774
    0.0000  -15.0000  -22.5000 2631.2522    9.4317
    7.5000  -15.0000  -22.5000 2589.3630    9.6132
   -7.5000   -7.5000  -22.5000 2645.0110    9.4195
    0.0000   -7.5000  -22.5000 2641.6248    9.4833
    7.5000   -7.5000  -22.5000 2595.3320    9.6905
   -7.5000    0.0000  -22.5000 2626.1921    9.7058
    0.0000    0.0000  -22.5000 2625.4199    9.7598
    7.5000    0.0000  -22.5000 2572.9519    9.9697
   -7.5000    7.5000  -22.5000 2586.7412   10.1311
    0.0000    7.5000  -22.5000 2585.0815   10.1754
    7.5000    7.5000  -22.5000 2532.9121   10.3937
   -7.5000   15.0000  -22.5000 2521.1067   10.6950
    0.0000   15.0000  -22.5000 2521.2095   10.7379
    7.5000   15.0000  -22.5000 2470.6013   10.9708
   -7.5000   22.5000  -22.5000 2436.0837   11.4458
    0.0000   22.5000  -22.5000 2435.0681   11.5022
    7.5000   22.5000  -22.5000 2385.5259   11.7668
   -7.5000   30.0000  -22.5000 2319.1196   12.4916
    0.0000   30.0000  -22.5000 2318.2498   12.5488
    7.5000   30.0000  -22.5000 2266.5325   12.8567
   -7.5000   37.5000  -22.5000 2181.5164   13.9761
    0.0000   37.5000  -22.5000 2178.3303   14.0319
    7.5000   37.5000  -22.5000 2140.0044   14.3407
   -7.5000   45.0000  -22.5000 2045.8574   15.8851
    0.0000   45.0000  -22.5000 2045.2534   15.9168
    7.5000   45.0000  -22.5000 2007.1365   16.2663
   -7.5000  -45.0000  -15.0000 2515.4131   10.7919
    0.0000  -45.0000  -15.0000 2513.2888   10.8167
    7.5000  -45.0000  -15.0000 2475.9785   11.0151
   -7.5000  -37.5000  -15.0000 2602.1301    9.9650
    0.0000  -37.5000  -15.0000 2600.9961    9.9765
    7.5000  -37.5000  -15.0000 2563.7974   10.1561
   -7.5000  -30.0000  -15.0000 2666.7080    9.3967
    0.0000  -30.0000  -15.0000 2664.7102    9.4087
    7.5000  -30.0000  -15.0000 2621.8206    9.5707
   -7.5000  -22.5000  -15.0000 2704.6201    9.0479
    0.0000  -22.5000  -15.0000 2704.4441    9.0729
    7.5000  -22.5000  -15.0000 2659.5840    9.2304
   -7.5000  -15.0000  -15.0000 2729.5703    8.8690
    0.0000  -15.0000  -15.0000 2726.5991    8.9049
    7.5000  -15.0000  -15.0000 2679.1538    9.0913
   -7.5000   -7.5000  -15.0000 2741.3445    8.9444
    0.0000   -7.5000  -15.0000 2735.9004    9.0022
    7.5000   -7.5000  -15.0000 2685.2808    9.1976
   -7.5000    0.0000  -15.0000 2724.8000    9.2042
    0.0000    0.0000  -15.0000 2725.0754    9.2661
    7.5000    0.0000  -15.0000 2670.2983    9.4714
   -7.5000    7.5000  -15.0000 2685.5295    9.5878
    0.0000    7.5000  -15.0000 2685.1023    9.6324
    7.5000    7.5000  -15.0000 2632.4954    9.8426
   -7.5000   15.0000  -15.0000 2619.1516   10.1099
    0.0000   15.0000  -15.0000 2618.4302   10.1441
    7.5000   15.0000  -15.0000 2570.6172   10.3736
   -7.5000   22.5000  -15.0000 2527.2463   10.8166
    0.0000   22.5000  -15.0000 2527.6145   10.8595
    7.5000   22.5000  -15.0000 2482.1719   11.1195
   -7.5000   30.0000  -15.0000 2406.4365   11.8236
    0.0000   30.0000  -15.0000 2403.8760   11.8432
    7.5000   30.0000  -15.0000 2357.7812   12.1350
   -7.5000   37.5000  -15.0000 2261.9363   13.2101
    0.0000   37.5000  -15.0000 2261.5862   13.2459
    7.5000   37.5000  -15.0000 2221.5537   13.5266
   -7.5000   45.0000  -15.0000 2114.0107   14.9833
    0.0000   45.0000  -15.0000 2111.4639   15.0552
    7.5000   45.0000  -15.0000 2074.7136   15.3895
   -7.5000  -45.0000   -7.5000 2551.0986   10.4119
    0.0000  -45.0000   -7.5000 2551.6343   10.4248
    7.5000  -45.0000   -7.5000 2515.8293   10.6185
   -7.5000  -37.5000   -7.5000 2642.0530    9.5776
    0.0000  -37.5000   -7.5000 2645.7305    9.5831
    7.5000  -37.5000   -7.5000 2607.0112    9.7648
   -7.5000  -30.0000   -7.5000 2717.3511    8.9856
    0.0000  -30.0000   -7.5000 2719.0020    8.9923
    7.5000  -30.0000   -7.5000 2674.7407    9.1529
   -7.5000  -22.5000   -7.5000 2768.3467    8.6196
    0.0000  -22.5000   -7.5000 2767.0759    8.6246
    7.5000  -22.5000   -7.5000 2720.0449    8.8135
   -7.5000  -15.0000   -7.5000 2804.5442    8.4001
    0.0000  -15.0000   -7.5000 2801.4839    8.4285
    7.5000  -15.0000   -7.5000 2747.5552    8.6383
   -7.5000   -7.5000   -7.5000 2820.3628    8.4574
    0.0000   -7.5000   -7.5000 2813.5283    8.5073
    7.5000   -7.5000   -7.5000 2758.9331    8.7175
   -7.5000    0.0000   -7.5000 2805.3586    8.7371
    0.0000    0.0000   -7.5000 2806.3225    8.7780
    7.5000    0.0000   -7.5000 2747.5132    8.9829
   -7.5000    7.5000   -7.5000 2767.5498    9.1080
    0.0000    7.5000   -7.5000 2765.5168    9.1382
    7.5000    7.5000   -7.5000 2713.6941    9.3454
   -7.5000   15.0000   -7.5000 2698.4438    9.5888
    0.0000   15.0000   -7.5000 2700.8030    9.6054
    7.5000   15.0000   -7.5000 2653.0952    9.8473
   -7.5000   22.5000   -7.5000 2603.0615   10.2509
    0.0000   22.5000   -7.5000 2603.0374   10.2870
    7.5000   22.5000   -7.5000 2556.5930   10.5526
   -7.5000   30.0000   -7.5000 2472.8516   11.2195
    0.0000   30.0000   -7.5000 2472.9602   11.2511
    7.5000   30.0000   -7.5000 2427.7637   11.5419
   -7.5000   37.5000   -7.5000 2326.6035   12.5465
    0.0000   37.5000   -7.5000 2325.2664   12.6025
    7.5000   37.5000   -7.5000 2284.0471   12.8806
   -7.5000   45.0000   -7.5000 2168.2920   14.2503
    0.0000   45.0000   -7.5000 2165.2397   14.3041
    7.5000   45.0000   -7.5000 2125.3621   14.5888
   -7.5000  -45.0000    0.0000 2563.2173   10.1000
    0.0000  -45.0000    0.0000 2565.6433   10.1078
    7.5000  -45.0000    0.0000 2531.7812   10.3434
   -7.5000  -37.5000    0.0000 2661.0107    9.2935
    0.0000  -37.5000    0.0000 2668.7317    9.2813
    7.5000  -37.5000    0.0000 2629.9419    9.5015
   -7.5000  -30.0000    0.0000 2745.9912    8.7168
    0.0000  -30.0000    0.0000 2751.8213    8.7021
    7.5000  -30.0000    0.0000 2711.5342    8.9073
   -7.5000  -22.5000    0.0000 2809.7773    8.3129
    0.0000  -22.5000    0.0000 2814.3328    8.3010
    7.5000  -22.5000    0.0000 2767.0398    8.5200
   -7.5000  -15.0000    0.0000 2853.7434    8.0695
    0.0000  -15.0000    0.0000 2852.1350    8.0944
    7.5000  -15.0000    0.0000 2799.6279    8.3549
   -7.5000   -7.5000    0.0000 2881.9243    8.1160
    0.0000   -7.5000    0.0000 2876.9653    8.1532
    7.5000   -7.5000    0.0000 2820.0671    8.4173
   -7.5000    0.0000    0.0000 2873.3567    8.3984
    0.0000    0.0000    0.0000 2870.9329    8.4201
    7.5000    0.0000    0.0000 2811.4666    8.6622
   -7.5000    7.5000    0.0000 2826.3240    8.7611
    0.0000    7.5000    0.0000 2828.2119    8.7642
    7.5000    7.5000    0.0000 2776.7849    9.0033
   -7.5000   15.0000    0.0000 2750.3862    9.1817
    0.0000   15.0000    0.0000 2752.9058    9.2056
    7.5000   15.0000    0.0000 2706.5498    9.4712
   -7.5000   22.5000    0.0000 2652.5459    9.8395
    0.0000   22.5000    0.0000 2657.1709    9.8725
    7.5000   22.5000    0.0000 2609.7175   10.1626
   -7.5000   30.0000    0.0000 2522.4824   10.7850
    0.0000   30.0000    0.0000 2525.9673   10.8322
    7.5000   30.0000    0.0000 2476.9446   11.1324
   -7.5000   37.5000    0.0000 2377.0647   12.0535
    0.0000   37.5000    0.0000 2377.0103   12.1151
    7.5000   37.5000    0.0000 2328.0986   12.4087
   -7.5000   45.0000    0.0000 2208.8208   13.6605
    0.0000   45.0000    0.0000 2208.5889   13.7293
    7.5000   45.0000    0.0000 2163.8057   14.0311
   -7.5000  -45.0000    7.5000 2556.9106    9.9495
    0.0000  -45.0000    7.5000 2562.5249    9.9436
    7.5000  -45.0000    7.5000 2528.8694   10.2096
   -7.5000  -37.5000    7.5000 2660.4231    9.1452
    0.0000  -37.5000    7.5000 2668.6311    9.1121
    7.5000  -37.5000    7.5000 2633.3350    9.3701
   -7.5000  -30.0000    7.5000 2754.4124    8.5599
    0.0000  -30.0000    7.5000 2764.8887    8.5302
    7.5000  -30.0000    7.5000 2731.5647    8.7680
   -7.5000  -22.5000    7.5000 2833.2964    8.2098
    0.0000  -22.5000    7.5000 2842.8215    8.1895
    7.5000  -22.5000    7.5000 2795.0999    8.4128
   -7.5000  -15.0000    7.5000 2897.1858    7.9755
    0.0000  -15.0000    7.5000 2903.1531    7.9943
    7.5000  -15.0000    7.5000 2846.1189    8.2584
   -7.5000   -7.5000    7.5000 2929.0928    7.9948
    0.0000   -7.5000    7.5000 2926.9966    8.0156
    7.5000   -7.5000    7.5000 2867.0483    8.3112
   -7.5000    0.0000    7.5000 2920.0042    8.2095
    0.0000    0.0000    7.5000 2922.7214    8.2219
    7.5000    0.0000    7.5000 2855.1504    8.4918
   -7.5000    7.5000    7.5000 2866.4534    8.5164
    0.0000    7.5000    7.5000 2871.9958    8.5320
    7.5000    7.5000    7.5000 2814.8411    8.7816
   -7.5000   15.0000    7.5000 2794.8198    8.9507
    0.0000   15.0000    7.5000 2795.9365    8.9658
    7.5000   15.0000    7.5000 2741.3716    9.2255
   -7.5000   22.5000    7.5000 2690.5320    9.6018
    0.0000   22.5000    7.5000 2692.3359    9.6242
    7.5000   22.5000    7.5000 2638.9814    9.8915
   -7.5000   30.0000    7.5000 2559.2969   10.5574
    0.0000   30.0000    7.5000 2559.6221   10.5976
    7.5000   30.0000    7.5000 2506.5474   10.8635
   -7.5000   37.5000    7.5000 2406.1582   11.7872
    0.0000   37.5000    7.5000 2406.5278   11.8455
    7.5000   37.5000    7.5000 2359.6555   12.1142
   -7.5000   45.0000    7.5000 2239.7917   13.3407
    0.0000   45.0000    7.5000 2237.8062   13.4044
    7.5000   45.0000    7.5000 2196.1987   13.7068
   -7.5000  -45.0000   15.0000 2521.8845    9.9983
    0.0000  -45.0000   15.0000 2528.9092    9.9803
    7.5000  -45.0000   15.0000 2504.3208   10.2797
   -7.5000  -37.5000   15.0000 2636.0818    9.1778
    0.0000  -37.5000   15.0000 2646.8142    9.1516
    7.5000  -37.5000   15.0000 2618.9333    9.4360
   -7.5000  -30.0000   15.0000 2740.7329    8.6409
    0.0000  -30.0000   15.0000 2755.9441    8.6215
    7.5000  -30.0000   15.0000 2725.8103    8.8617
   -7.5000  -22.5000   15.0000 2841.9404    8.3570
    0.0000  -22.5000   15.0000 2856.5894    8.3280
    7.5000  -22.5000   15.0000 2812.2134    8.5076
   -7.5000  -15.0000   15.0000 2923.5498    8.1693
    0.0000  -15.0000   15.0000 2935.0186    8.1584
    7.5000  -15.0000   15.0000 2874.2739    8.3259
   -7.5000   -7.5000   15.0000 2966.0083    8.0995
    0.0000   -7.5000   15.0000 2966.7261    8.0937
    7.5000   -7.5000   15.0000 2895.2952    8.3138
   -7.5000    0.0000   15.0000 2941.3245    8.1762
    0.0000    0.0000   15.0000 2943.6257    8.1996
    7.5000    0.0000   15.0000 2873.9792    8.4461
   -7.5000    7.5000   15.0000 2878.4553    8.4129
    0.0000    7.5000   15.0000 2883.9526    8.4328
    7.5000    7.5000   15.0000 2820.1648    8.6838
   -7.5000   15.0000   15.0000 2799.2258    8.8340
    0.0000   15.0000   15.0000 2800.8367    8.8478
    7.5000   15.0000   15.0000 2749.1196    9.0758
   -7.5000   22.5000   15.0000 2692.1982    9.4954
    0.0000   22.5000   15.0000 2694.4988    9.5080
    7.5000   22.5000   15.0000 2643.8772    9.7478
   -7.5000   30.0000   15.0000 2565.0376   10.4504
    0.0000   30.0000   15.0000 2564.1294   10.4843
    7.5000   30.0000   15.0000 2515.2891   10.7135
   -7.5000   37.5000   15.0000 2410.8438   11.6840
    0.0000   37.5000   15.0000 2408.2271   11.7425
    7.5000   37.5000   15.0000 2366.7959   11.9802
   -7.5000   45.0000   15.0000 2248.6086   13.2501
    0.0000   45.0000   15.0000 2247.0706   13.3153
    7.5000   45.0000   15.0000 2199.8572   13.5875
   -7.5000  -45.0000   22.5000 2481.5708   10.2907
    0.0000  -45.0000   22.5000 2492.6174   10.2937
    7.5000  -45.0000   22.5000 2474.1692   10.5808
   -7.5000  -37.5000   22.5000 2604.8694    9.4768
    0.0000  -37.5000   22.5000 2615.7419    9.4686
    7.5000  -37.5000   22.5000 2590.6973    9.7142
   -7.5000  -30.0000   22.5000 2726.1018    8.9292
    0.0000  -30.0000   22.5000 2739.6799    8.9161
    7.5000  -30.0000   22.5000 2702.5879    9.1141
   -7.5000  -22.5000   22.5000 2838.8108    8.6090
    0.0000  -22.5000   22.5000 2852.4219    8.6029
    7.5000  -22.5000   22.5000 2797.6899    8.7192
   -7.5000  -15.0000   22.5000 2924.5906    8.3711
    0.0000  -15.0000   22.5000 2932.2554    8.3773
    7.5000  -15.0000   22.5000 2862.5112    8.4878
   -7.5000   -7.5000   22.5000 2965.8098    8.2398
    0.0000   -7.5000   22.5000 2968.4502    8.2556
    7.5000   -7.5000   22.5000 2891.6868    8.4575
   -7.5000    0.0000   22.5000 2945.8870    8.2888
    0.0000    0.0000   22.5000 2944.0969    8.3177
    7.5000    0.0000   22.5000 2872.0437    8.5278
   -7.5000    7.5000   22.5000 2879.2109    8.5089
    0.0000    7.5000   22.5000 2879.5508    8.5296
    7.5000    7.5000   22.5000 2818.4380    8.7404
   -7.5000   15.0000   22.5000 2781.3745    8.9112
    0.0000   15.0000   22.5000 2781.0938    8.9217
    7.5000   15.0000   22.5000 2738.2380    9.1486
   -7.5000   22.5000   22.5000 2668.4875    9.5625
    0.0000   22.5000   22.5000 2670.2500    9.5629
    7.5000   22.5000   22.5000 2632.8574    9.8106
   -7.5000   30.0000   22.5000 2550.5942   10.4927
    0.0000   30.0000   22.5000 2549.5100   10.5057
    7.5000   30.0000   22.5000 2504.9683   10.7617
   -7.5000   37.5000   22.5000 2402.4072   11.7207
    0.0000   37.5000   22.5000 2398.2744   11.7789
    7.5000   37.5000   22.5000 2357.9458   12.0240
   -7.5000   45.0000   22.5000 2233.5732   13.2888
    0.0000   45.0000   22.5000 2236.8186   13.3491
    7.5000   45.0000   22.5000 2195.3933   13.6176
   -7.5000  -45.0000   30.0000 2440.8196   10.8354
    0.0000  -45.0000   30.0000 2451.0925   10.8286
    7.5000  -45.0000   30.0000 2428.4497   11.0988
   -7.5000  -37.5000   30.0000 2569.7820    9.9726
    0.0000  -37.5000   30.0000 2579.8687    9.9570
    7.5000  -37.5000   30.0000 2547.4407   10.1745
   -7.5000  -30.0000   30.0000 2689.0996    9.3163
    0.0000  -30.0000   30.0000 2700.0356    9.2992
    7.5000  -30.0000   30.0000 2657.3381    9.4847
   -7.5000  -22.5000   30.0000 2799.5618    8.8821
    0.0000  -22.5000   30.0000 2809.8840    8.8695
    7.5000  -22.5000   30.0000 2757.2563    9.0215
   -7.5000  -15.0000   30.0000 2883.3574    8.5167
    0.0000  -15.0000   30.0000 2886.2678    8.5366
    7.5000  -15.0000   30.0000 2824.9028    8.7623
   -7.5000   -7.5000   30.0000 2931.8928    8.3697
    0.0000   -7.5000   30.0000 2930.1282    8.3906
    7.5000   -7.5000   30.0000 2861.1216    8.6660
   -7.5000    0.0000   30.0000 2917.2061    8.4965
    0.0000    0.0000   30.0000 2915.7124    8.5056
    7.5000    0.0000   30.0000 2844.7219    8.7407
   -7.5000    7.5000   30.0000 2845.8962    8.7855
    0.0000    7.5000   30.0000 2850.0947    8.7882
    7.5000    7.5000   30.0000 2789.3691    9.0041
   -7.5000   15.0000   30.0000 2745.8955    9.2357
    0.0000   15.0000   30.0000 2744.5867    9.2440
    7.5000   15.0000   30.0000 2702.7461    9.4666
   -7.5000   22.5000   30.0000 2631.2776    9.8831
    0.0000   22.5000   30.0000 2630.4429    9.8949
    7.5000   22.5000   30.0000 2590.0181   10.1315
   -7.5000   30.0000   30.0000 2511.6633   10.7741
    0.0000   30.0000   30.0000 2511.8362   10.7987
    7.5000   30.0000   30.0000 2462.6243   11.0320
   -7.5000   37.5000   30.0000 2368.9995   11.9335
    0.0000   37.5000   30.0000 2363.9807   11.9630
    7.5000   37.5000   30.0000 2320.6812   12.2105
   -7.5000   45.0000   30.0000 2196.5483   13.4431
    0.0000   45.0000   30.0000 2199.0039   13.4880
    7.5000   45.0000   30.0000 2165.7461   13.7477
   -7.5000  -45.0000   37.5000 2401.8555   11.4096
    0.0000  -45.0000   37.5000 2410.5227   11.3939
    7.5000  -45.0000   37.5000 2379.4956   11.6502
   -7.5000  -37.5000   37.5000 2525.7244   10.4386
    0.0000  -37.5000   37.5000 2536.0247   10.4193
    7.5000  -37.5000   37.5000 2500.2236   10.6470
   -7.5000  -30.0000   37.5000 2640.3853    9.7304
    0.0000  -30.0000   37.5000 2649.9961    9.7103
    7.5000  -30.0000   37.5000 2609.3960    9.9124
   -7.5000  -22.5000   37.5000 2748.3877    9.2225
    0.0000  -22.5000   37.5000 2755.7048    9.2050
    7.5000  -22.5000   37.5000 2708.6624    9.4311
   -7.5000  -15.0000   37.5000 2825.6616    8.7882
    0.0000  -15.0000   37.5000 2828.9790    8.7958
    7.5000  -15.0000   37.5000 2775.4656    9.1020
   -7.5000   -7.5000   37.5000 2870.4458    8.6914
    0.0000   -7.5000   37.5000 2870.6604    8.6898
    7.5000   -7.5000   37.5000 2808.8640    8.9718
   -7.5000    0.0000   37.5000 2848.7502    8.8274
    0.0000    0.0000   37.5000 2847.1086    8.8221
    7.5000    0.0000   37.5000 2788.4885    9.0603
   -7.5000    7.5000   37.5000 2785.0205    9.1337
    0.0000    7.5000   37.5000 2787.5127    9.1397
    7.5000    7.5000   37.5000 2735.1001    9.3657
   -7.5000   15.0000   37.5000 2697.4504    9.5843
    0.0000   15.0000   37.5000 2700.6738    9.5952
    7.5000   15.0000   37.5000 2653.3923    9.8301
   -7.5000   22.5000   37.5000 2580.5881   10.2906
    0.0000   22.5000   37.5000 2582.9343   10.2874
    7.5000   22.5000   37.5000 2540.5686   10.5323
   -7.5000   30.0000   37.5000 2462.3813   11.1931
    0.0000   30.0000   37.5000 2464.6851   11.2032
    7.5000   30.0000   37.5000 2416.0225   11.4355
   -7.5000   37.5000   37.5000 2311.9128   12.3271
    0.0000   37.5000   37.5000 2311.3547   12.3443
    7.5000   37.5000   37.5000 2276.9465   12.5658
   -7.5000   45.0000   37.5000 2144.9231   13.7632
    0.0000   45.0000   37.5000 2148.8088   13.8022
    7.5000   45.0000   37.5000 2119.8787   14.0324
   -7.5000  -45.0000   45.0000 2359.3145   12.0194
    0.0000  -45.0000   45.0000 2366.6943   11.9642
    7.5000  -45.0000   45.0000 2333.1167   12.2595
   -7.5000  -37.5000   45.0000 2474.6609   10.9950
    0.0000  -37.5000   45.0000 2482.8796   10.9327
    7.5000  -37.5000   45.0000 2448.2046   11.2067
   -7.5000  -30.0000   45.0000 2588.6082   10.2162
    0.0000  -30.0000   45.0000 2595.3933   10.1759
    7.5000  -30.0000   45.0000 2555.2444   10.4375
   -7.5000  -22.5000   45.0000 2685.2175    9.6387
    0.0000  -22.5000   45.0000 2692.5754    9.6245
    7.5000  -22.5000   45.0000 2648.2080    9.9196
   -7.5000  -15.0000   45.0000 2750.0591    9.2467
    0.0000  -15.0000   45.0000 2751.9915    9.2551
    7.5000  -15.0000   45.0000 2706.6934    9.5794
   -7.5000   -7.5000   45.0000 2782.6843    9.1698
    0.0000   -7.5000   45.0000 2782.4165    9.1621
    7.5000   -7.5000   45.0000 2734.8550    9.4655
   -7.5000    0.0000   45.0000 2756.4067    9.3335
    0.0000    0.0000   45.0000 2757.2161    9.3122
    7.5000    0.0000   45.0000 2708.8914    9.5749
   -7.5000    7.5000   45.0000 2698.8728    9.6525
    0.0000    7.5000   45.0000 2700.9387    9.6440
    7.5000    7.5000   45.0000 2655.8320    9.8671
   -7.5000   15.0000   45.0000 2623.2322   10.1000
    0.0000   15.0000   45.0000 2623.0999   10.1044
    7.5000   15.0000   45.0000 2578.6306   10.3370
   -7.5000   22.5000   45.0000 2523.2158   10.7601
    0.0000   22.5000   45.0000 2522.3970   10.7777
    7.5000   22.5000   45.0000 2481.2434   11.0299
   -7.5000   30.0000   45.0000 2399.1641   11.6631
    0.0000   30.0000   45.0000 2401.4961   11.6960
    7.5000   30.0000   45.0000 2359.4062   11.9171
   -7.5000   37.5000   45.0000 2249.7729   12.8257
    0.0000   37.5000   45.0000 2251.2766   12.8813
    7.5000   37.5000   45.0000 2214.5671   13.0751
   -7.5000   45.0000   45.0000 2087.0410   14.2498
    0.0000   45.0000   45.0000 2088.5134   14.3036
    7.5000   45.0000   45.0000 2062.4133   14.5293

---------------------------------------------------------------------
imgreg_4dfp /opt/freesurfer/average/711-2C_as_mni_average_305 /opt/freesurfer/average/711-2B_as_mni_average_305_mask talsrcimg_g11 none talsrcimg_to_711-2C_as_mni_average_305_t4 1283
---------------------------------------------------------------------

freesurfer imgreg_4dfp.c
/opt/freesurfer/average/711-2C_as_mni_average_305.4dfp.img
       256       256       256         1
  1.000000  1.000000  1.000000
orientation T byte_order littleendian
Reading image: /opt/freesurfer/average/711-2C_as_mni_average_305.4dfp.img
dimensions:      256       256       256
mmppix:       1.0000   -1.0000   -1.0000
center:     128.0000 -129.0000 -129.0000
/opt/freesurfer/average/711-2B_as_mni_average_305_mask.4dfp.img
       256       256       256         1
  1.000000  1.000000  1.000000
orientation T byte_order littleendian
Reading mask: /opt/freesurfer/average/711-2B_as_mni_average_305_mask.4dfp.img (2306576 pixels)
talsrcimg_g11.4dfp.img
       256       256       256         1
  1.000000  1.000000  1.000000
orientation T byte_order littleendian
Reading image: talsrcimg_g11.4dfp.img
dimensions:      256       256       256
mmppix:       1.0000   -1.0000   -1.0000
center:     128.0000 -129.0000 -129.0000
rotation matrix determinant  1.000000
fimgreg.f
image alignment mode   1283 decimal      503 hex
parameters
    0.0000   -7.5000   22.5000    0.0000    0.0000    0.0000
eta,q 0.93186  8.27874
niter,ni,del,rscale     5    3   12.0000    1.2000
parameter  1  0.569579 ->  0.500000 qaram    1.1500
parameter  3  0.804673 ->  0.500000 qaram    1.1500
parameter  4 -2.423882 ->  0.500000 qaram    1.1500
parameters
   -3.4500   -7.1609   19.0500   -3.4500    0.8072   -0.2376
eta,q 0.94375  8.15186
  0.0666  0.0705  0.0637  0.0530  0.0640  0.0614
  0.0661  0.0666  0.0626  0.0554  0.0608  0.0588
  0.0670  0.0663  0.0638  0.0595  0.0584  0.0569
  0.0684  0.0659  0.0659  0.0630  0.0564  0.0562
  0.0723  0.0653  0.0692  0.0652  0.0564  0.0572
  0.0796  0.0671  0.0729  0.0670  0.0581  0.0595
  0.0892  0.0691  0.0769  0.0690  0.0614  0.0621
niter,ni,del,rscale     7    3   12.0000    1.2000
parameter  4  1.117105 ->  0.500000 qaram    1.3225
parameters
   -3.7429   -6.9670   18.8520   -7.4175    0.9812   -0.3552
eta,q 0.94846  8.08481
  0.0737  0.0659  0.0692  0.0527  0.0609  0.0575
  0.0631  0.0618  0.0629  0.0514  0.0569  0.0545
  0.0564  0.0577  0.0578  0.0525  0.0530  0.0524
  0.0562  0.0560  0.0559  0.0559  0.0515  0.0515
  0.0600  0.0569  0.0586  0.0606  0.0526  0.0520
  0.0666  0.0606  0.0644  0.0640  0.0558  0.0544
  0.0748  0.0652  0.0703  0.0667  0.0602  0.0584
niter,ni,del,rscale     7    3   12.0000    1.2000
parameters
   -3.9516   -5.9040   18.5183   -8.7099    0.9159   -0.7284
eta,q 0.94948  8.10206
  0.0710  0.0661  0.0653  0.0581  0.0593  0.0559
  0.0608  0.0589  0.0587  0.0535  0.0554  0.0532
  0.0531  0.0545  0.0531  0.0510  0.0517  0.0513
  0.0515  0.0514  0.0510  0.0509  0.0505  0.0505
  0.0558  0.0516  0.0545  0.0537  0.0521  0.0514
  0.0629  0.0549  0.0612  0.0589  0.0554  0.0539
  0.0724  0.0582  0.0676  0.0633  0.0598  0.0579
niter,ni,del,rscale     6    3   12.0000    1.2000
parameters
   -3.8723   -5.1253   18.2747   -9.8572    0.7553   -0.9832
eta,q 0.94935  8.12257
  0.0716  0.0634  0.0652  0.0573  0.0588  0.0555
  0.0611  0.0570  0.0584  0.0532  0.0550  0.0530
  0.0530  0.0526  0.0531  0.0513  0.0517  0.0512
  0.0505  0.0506  0.0508  0.0507  0.0507  0.0506
  0.0538  0.0519  0.0542  0.0528  0.0523  0.0513
  0.0607  0.0548  0.0604  0.0571  0.0555  0.0532
  0.0702  0.0574  0.0667  0.0623  0.0596  0.0568
niter,ni,del,rscale     5    3   12.0000    1.2000
parameters
   -3.7383   -4.3548   18.1317  -10.8582    0.5680   -1.0700
eta,q 0.94914  8.13569
  0.0719  0.0625  0.0653  0.0577  0.0589  0.0556
  0.0612  0.0561  0.0584  0.0527  0.0552  0.0530
  0.0531  0.0519  0.0534  0.0511  0.0520  0.0514
  0.0506  0.0507  0.0510  0.0510  0.0509  0.0509
  0.0536  0.0521  0.0541  0.0527  0.0525  0.0514
  0.0604  0.0543  0.0598  0.0563  0.0557  0.0530
  0.0698  0.0567  0.0659  0.0616  0.0600  0.0561
niter,ni,del,rscale     4    3   12.0000    1.2000
parameters
   -3.5878   -3.6931   18.0217  -11.5494    0.4127   -1.0528
eta,q 0.94903  8.13811
  0.0723  0.0618  0.0645  0.0590  0.0593  0.0559
  0.0613  0.0553  0.0580  0.0530  0.0555  0.0532
  0.0529  0.0518  0.0536  0.0506  0.0522  0.0515
  0.0509  0.0509  0.0512  0.0512  0.0510  0.0510
  0.0537  0.0519  0.0538  0.0528  0.0525  0.0515
  0.0606  0.0540  0.0591  0.0563  0.0559  0.0530
  0.0698  0.0569  0.0649  0.0611  0.0603  0.0559
niter,ni,del,rscale     3    3   12.0000    1.2000
parameters
   -3.4811   -3.2976   17.9413  -11.9383    0.3209   -0.9910
eta,q 0.94910  8.13670
  0.0724  0.0608  0.0639  0.0603  0.0596  0.0561
  0.0611  0.0547  0.0575  0.0537  0.0557  0.0532
  0.0528  0.0517  0.0534  0.0504  0.0523  0.0515
  0.0510  0.0510  0.0510  0.0511  0.0509  0.0509
  0.0540  0.0518  0.0533  0.0528  0.0524  0.0514
  0.0610  0.0541  0.0584  0.0562  0.0559  0.0531
  0.0702  0.0577  0.0642  0.0609  0.0603  0.0559
niter,ni,del,rscale     2    3   12.0000    1.2000
parameters
   -3.4204   -3.1120   17.8958  -12.1322    0.2609   -0.9659
eta,q 0.94916  8.13539
  0.0724  0.0602  0.0636  0.0612  0.0598  0.0562
  0.0610  0.0544  0.0573  0.0543  0.0558  0.0532
  0.0526  0.0516  0.0533  0.0504  0.0523  0.0515
  0.0509  0.0509  0.0509  0.0509  0.0508  0.0508
  0.0541  0.0517  0.0530  0.0528  0.0523  0.0514
  0.0613  0.0545  0.0580  0.0561  0.0558  0.0532
  0.0705  0.0585  0.0638  0.0607  0.0603  0.0561
niter,ni,del,rscale     1    3   12.0000    1.2000
parameters
   -3.3833   -3.0216   17.8697  -12.2412    0.2242   -0.9479
eta,q 0.94919  8.13424
  0.0723  0.0600  0.0635  0.0616  0.0599  0.0562
  0.0609  0.0543  0.0573  0.0546  0.0558  0.0532
  0.0525  0.0515  0.0532  0.0504  0.0524  0.0514
  0.0508  0.0509  0.0509  0.0509  0.0508  0.0508
  0.0542  0.0517  0.0529  0.0528  0.0522  0.0514
  0.0614  0.0547  0.0578  0.0561  0.0558  0.0532
  0.0708  0.0589  0.0636  0.0607  0.0602  0.0561
registration optimization eta report
parameter search radius
    6.9000    6.0000    6.9000    7.9350    6.0000    6.0000
100000*second partial in parameter space
       43.       24.       26.       17.       25.       15.
  0.0723  0.0600  0.0635  0.0616  0.0599  0.0562
  0.0609  0.0543  0.0573  0.0546  0.0558  0.0532
  0.0525  0.0515  0.0532  0.0504  0.0524  0.0514
  0.0508  0.0509  0.0509  0.0509  0.0508  0.0508
  0.0542  0.0517  0.0529  0.0528  0.0522  0.0514
  0.0614  0.0547  0.0578  0.0561  0.0558  0.0532
  0.0708  0.0589  0.0636  0.0607  0.0602  0.0561
   -3.3833   -3.0216   17.8697  -12.2412    0.2242   -0.9479
eta,q 0.94919  8.13424

---------------------------------------------------------------------
imgreg_4dfp /opt/freesurfer/average/711-2C_as_mni_average_305 /opt/freesurfer/average/711-2B_as_mni_average_305_mask talsrcimg_g11 none talsrcimg_to_711-2C_as_mni_average_305_t4 3335
---------------------------------------------------------------------

freesurfer imgreg_4dfp.c
/opt/freesurfer/average/711-2C_as_mni_average_305.4dfp.img
       256       256       256         1
  1.000000  1.000000  1.000000
orientation T byte_order littleendian
Reading image: /opt/freesurfer/average/711-2C_as_mni_average_305.4dfp.img
dimensions:      256       256       256
mmppix:       1.0000   -1.0000   -1.0000
center:     128.0000 -129.0000 -129.0000
/opt/freesurfer/average/711-2B_as_mni_average_305_mask.4dfp.img
       256       256       256         1
  1.000000  1.000000  1.000000
orientation T byte_order littleendian
Reading mask: /opt/freesurfer/average/711-2B_as_mni_average_305_mask.4dfp.img (2306576 pixels)
talsrcimg_g11.4dfp.img
       256       256       256         1
  1.000000  1.000000  1.000000
orientation T byte_order littleendian
Reading image: talsrcimg_g11.4dfp.img
dimensions:      256       256       256
mmppix:       1.0000   -1.0000   -1.0000
center:     128.0000 -129.0000 -129.0000
fimgreg.f
image alignment mode   3335 decimal      D07 hex
parameters
   -3.3833   -3.0216   17.8697   -0.0144   -2.2884   -2.2744
    1.6996   -0.0317   -1.6542   21.2062    0.3914  -21.2026
eta,q 0.95052  8.15042
niter,ni,del,rscale     5    3    5.0000    1.2000
parameter  4  2.940002 ->  0.500000 qaram    1.1500
parameter  5  5.037719 ->  0.500000 qaram    1.1500
parameter  6  0.653924 ->  0.500000 qaram    1.1500
parameter 10  0.789959 ->  0.500000 qaram    1.1500
parameter 12  0.570886 ->  0.500000 qaram    1.1500
parameters
   -3.4347   -2.7389   17.5654   -4.1544   -6.4284   -6.4144
    0.5946    0.0097   -1.3081   17.0662   -1.1667  -25.3426
eta,q 0.96546  7.98205
  0.0519  0.0511  0.0511  0.0410  0.0369  0.0377  0.0396  0.0431  0.0396  0.0356  0.0361  0.0351
  0.0505  0.0503  0.0500  0.0426  0.0388  0.0375  0.0383  0.0401  0.0385  0.0353  0.0356  0.0346
  0.0497  0.0498  0.0495  0.0457  0.0408  0.0379  0.0376  0.0381  0.0378  0.0359  0.0353  0.0347
  0.0495  0.0495  0.0494  0.0494  0.0433  0.0393  0.0375  0.0375  0.0375  0.0375  0.0353  0.0353
  0.0498  0.0494  0.0499  0.0533  0.0457  0.0427  0.0382  0.0382  0.0376  0.0399  0.0357  0.0363
  0.0506  0.0498  0.0508  0.0573  0.0481  0.0478  0.0395  0.0400  0.0382  0.0430  0.0364  0.0377
  0.0521  0.0505  0.0521  0.0612  0.0510  0.0531  0.0413  0.0429  0.0392  0.0464  0.0373  0.0392
niter,ni,del,rscale     7    3    5.0000    1.2000
parameter  4  0.753896 ->  0.500000 qaram    1.3225
parameter  5  0.806613 ->  0.500000 qaram    1.3225
parameters
   -3.5336   -3.4810   16.7952   -8.9154  -11.1894   -7.6477
    1.1458    1.1507   -0.1281   15.9596    0.3546  -27.0925
eta,q 0.97034  7.71350
  0.0383  0.0357  0.0350  0.0318  0.0306  0.0323  0.0336  0.0354  0.0328  0.0331  0.0310  0.0313
  0.0362  0.0346  0.0342  0.0321  0.0300  0.0313  0.0320  0.0329  0.0315  0.0311  0.0305  0.0300
  0.0349  0.0342  0.0339  0.0325  0.0305  0.0306  0.0308  0.0312  0.0306  0.0301  0.0301  0.0296
  0.0345  0.0345  0.0342  0.0339  0.0322  0.0300  0.0303  0.0303  0.0301  0.0300  0.0299  0.0299
  0.0351  0.0355  0.0349  0.0370  0.0347  0.0299  0.0305  0.0302  0.0301  0.0309  0.0299  0.0306
  0.0366  0.0370  0.0361  0.0409  0.0373  0.0320  0.0313  0.0311  0.0305  0.0326  0.0300  0.0316
  0.0390  0.0388  0.0377  0.0453  0.0402  0.0362  0.0328  0.0331  0.0315  0.0352  0.0304  0.0328
niter,ni,del,rscale     7    3    5.0000    1.2000
parameters
   -3.4086   -2.9913   16.4336  -12.1315  -12.6968   -8.6118
    0.8329    1.0113   -0.8400   16.4908   -0.1591  -28.1968
eta,q 0.97081  7.49833
  0.0335  0.0341  0.0307  0.0303  0.0325  0.0315  0.0319  0.0333  0.0309  0.0335  0.0299  0.0308
  0.0315  0.0320  0.0299  0.0293  0.0308  0.0302  0.0304  0.0311  0.0299  0.0312  0.0295  0.0296
  0.0302  0.0305  0.0295  0.0292  0.0295  0.0295  0.0295  0.0298  0.0294  0.0298  0.0293  0.0292
  0.0297  0.0297  0.0295  0.0294  0.0292  0.0292  0.0293  0.0293  0.0293  0.0293  0.0293  0.0293
  0.0299  0.0296  0.0299  0.0301  0.0305  0.0291  0.0297  0.0298  0.0296  0.0296  0.0294  0.0298
  0.0310  0.0302  0.0306  0.0326  0.0329  0.0308  0.0308  0.0313  0.0305  0.0307  0.0297  0.0306
  0.0328  0.0315  0.0316  0.0365  0.0353  0.0339  0.0323  0.0336  0.0318  0.0324  0.0301  0.0316
niter,ni,del,rscale     6    3    5.0000    1.2000
parameters
   -3.3263   -2.5754   16.1096  -12.5044  -13.2510   -9.1910
    0.8418    0.9824   -0.9363   17.1287   -0.4193  -28.6802
eta,q 0.97090  7.44795
  0.0327  0.0329  0.0301  0.0316  0.0329  0.0315  0.0319  0.0332  0.0311  0.0333  0.0298  0.0309
  0.0308  0.0311  0.0294  0.0299  0.0311  0.0301  0.0304  0.0310  0.0300  0.0310  0.0294  0.0297
  0.0297  0.0299  0.0291  0.0290  0.0297  0.0294  0.0294  0.0296  0.0293  0.0296  0.0292  0.0291
  0.0292  0.0292  0.0291  0.0291  0.0290  0.0291  0.0291  0.0291  0.0291  0.0291  0.0291  0.0291
  0.0295  0.0292  0.0294  0.0294  0.0298  0.0289  0.0295  0.0296  0.0293  0.0295  0.0292  0.0295
  0.0305  0.0298  0.0299  0.0299  0.0318  0.0302  0.0304  0.0311  0.0301  0.0304  0.0295  0.0302
  0.0323  0.0310  0.0308  0.0322  0.0340  0.0330  0.0319  0.0332  0.0312  0.0320  0.0299  0.0311
niter,ni,del,rscale     5    3    5.0000    1.2000
parameters
   -3.3271   -2.3880   15.8747  -12.6552  -13.5394   -9.4904
    0.8799    0.9371   -0.9199   17.5163   -0.5499  -28.9264
eta,q 0.97090  7.42521
  0.0324  0.0322  0.0301  0.0317  0.0330  0.0316  0.0319  0.0331  0.0311  0.0329  0.0297  0.0310
  0.0306  0.0306  0.0295  0.0299  0.0312  0.0301  0.0303  0.0309  0.0300  0.0307  0.0294  0.0297
  0.0295  0.0296  0.0291  0.0290  0.0298  0.0293  0.0294  0.0295  0.0293  0.0294  0.0292  0.0291
  0.0291  0.0291  0.0291  0.0291  0.0290  0.0291  0.0291  0.0291  0.0291  0.0291  0.0291  0.0291
  0.0295  0.0292  0.0293  0.0295  0.0296  0.0289  0.0294  0.0296  0.0293  0.0295  0.0292  0.0295
  0.0306  0.0300  0.0298  0.0299  0.0315  0.0299  0.0303  0.0311  0.0300  0.0305  0.0294  0.0301
  0.0324  0.0314  0.0306  0.0318  0.0337  0.0325  0.0318  0.0331  0.0311  0.0320  0.0298  0.0310
niter,ni,del,rscale     4    3    5.0000    1.2000
parameters
   -3.3417   -2.2709   15.7233  -12.7772  -13.7481   -9.7148
    0.8967    0.8839   -0.9127   17.7732   -0.6175  -29.0660
eta,q 0.97089  7.40701
  0.0323  0.0320  0.0302  0.0317  0.0330  0.0315  0.0318  0.0331  0.0310  0.0327  0.0297  0.0310
  0.0305  0.0305  0.0295  0.0300  0.0313  0.0301  0.0303  0.0309  0.0300  0.0306  0.0294  0.0297
  0.0294  0.0295  0.0292  0.0290  0.0299  0.0293  0.0294  0.0295  0.0293  0.0294  0.0292  0.0291
  0.0291  0.0291  0.0291  0.0291  0.0291  0.0291  0.0291  0.0291  0.0291  0.0291  0.0291  0.0291
  0.0295  0.0293  0.0293  0.0296  0.0295  0.0289  0.0294  0.0297  0.0293  0.0295  0.0292  0.0294
  0.0306  0.0301  0.0297  0.0300  0.0314  0.0299  0.0303  0.0311  0.0300  0.0305  0.0294  0.0300
  0.0324  0.0315  0.0305  0.0318  0.0335  0.0323  0.0318  0.0331  0.0311  0.0320  0.0298  0.0309
niter,ni,del,rscale     3    3    5.0000    1.2000
parameters
   -3.3547   -2.1804   15.6112  -12.8893  -13.9215   -9.9055
    0.9124    0.8381   -0.9256   17.9825   -0.6820  -29.1620
eta,q 0.97089  7.39108
  0.0323  0.0319  0.0302  0.0318  0.0329  0.0315  0.0318  0.0331  0.0310  0.0325  0.0297  0.0310
  0.0306  0.0304  0.0295  0.0300  0.0312  0.0301  0.0303  0.0309  0.0300  0.0305  0.0294  0.0297
  0.0295  0.0295  0.0292  0.0290  0.0299  0.0293  0.0294  0.0295  0.0293  0.0293  0.0292  0.0291
  0.0291  0.0291  0.0291  0.0291  0.0291  0.0291  0.0291  0.0291  0.0291  0.0291  0.0291  0.0291
  0.0295  0.0293  0.0293  0.0296  0.0295  0.0290  0.0294  0.0297  0.0293  0.0295  0.0292  0.0294
  0.0306  0.0301  0.0297  0.0300  0.0313  0.0298  0.0303  0.0311  0.0300  0.0305  0.0294  0.0300
  0.0324  0.0315  0.0304  0.0317  0.0335  0.0322  0.0317  0.0331  0.0310  0.0320  0.0297  0.0308
niter,ni,del,rscale     2    3    5.0000    1.2000
parameters
   -3.3663   -2.1021   15.5098  -12.9925  -14.0786  -10.0963
    0.9247    0.7921   -0.9272   18.1722   -0.7918  -29.2325
eta,q 0.97089  7.37565
  0.0324  0.0318  0.0302  0.0318  0.0329  0.0315  0.0318  0.0331  0.0310  0.0324  0.0297  0.0309
  0.0306  0.0304  0.0295  0.0300  0.0312  0.0300  0.0303  0.0309  0.0300  0.0304  0.0294  0.0297
  0.0295  0.0295  0.0292  0.0290  0.0299  0.0293  0.0294  0.0295  0.0293  0.0293  0.0292  0.0292
  0.0291  0.0291  0.0291  0.0291  0.0291  0.0291  0.0291  0.0291  0.0291  0.0291  0.0291  0.0291
  0.0295  0.0293  0.0293  0.0297  0.0295  0.0290  0.0294  0.0297  0.0293  0.0295  0.0292  0.0294
  0.0306  0.0301  0.0297  0.0301  0.0313  0.0298  0.0303  0.0311  0.0300  0.0304  0.0294  0.0300
  0.0324  0.0315  0.0304  0.0317  0.0334  0.0322  0.0317  0.0331  0.0310  0.0319  0.0297  0.0307
niter,ni,del,rscale     1    3    5.0000    1.2000
parameters
   -3.3797   -2.0262   15.4094  -13.1048  -14.2438  -10.3012
    0.9454    0.7444   -0.9186   18.3637   -0.8953  -29.2776
eta,q 0.97088  7.35880
  0.0324  0.0317  0.0302  0.0318  0.0328  0.0314  0.0318  0.0331  0.0310  0.0323  0.0297  0.0308
  0.0306  0.0304  0.0295  0.0300  0.0312  0.0300  0.0303  0.0309  0.0300  0.0304  0.0294  0.0297
  0.0295  0.0295  0.0292  0.0290  0.0299  0.0293  0.0294  0.0295  0.0293  0.0293  0.0292  0.0292
  0.0291  0.0291  0.0291  0.0291  0.0291  0.0291  0.0291  0.0291  0.0291  0.0291  0.0291  0.0291
  0.0295  0.0293  0.0293  0.0297  0.0295  0.0290  0.0294  0.0297  0.0293  0.0295  0.0292  0.0294
  0.0306  0.0301  0.0297  0.0301  0.0312  0.0298  0.0303  0.0311  0.0300  0.0304  0.0294  0.0299
  0.0324  0.0314  0.0303  0.0317  0.0333  0.0321  0.0317  0.0331  0.0310  0.0318  0.0297  0.0307
registration optimization eta report
parameter search radius
    2.4000    2.4000    2.4000    9.5220    9.5220    8.2800
    7.2000    7.2000    7.2000    8.2800    7.2000    8.2800
100000*second partial in parameter space
       57.       43.       20.        3.        4.        4.
        5.        8.        4.        4.        1.        2.
  0.0324  0.0317  0.0302  0.0318  0.0328  0.0314  0.0318  0.0331  0.0310  0.0323  0.0297  0.0308
  0.0306  0.0304  0.0295  0.0300  0.0312  0.0300  0.0303  0.0309  0.0300  0.0304  0.0294  0.0297
  0.0295  0.0295  0.0292  0.0290  0.0299  0.0293  0.0294  0.0295  0.0293  0.0293  0.0292  0.0292
  0.0291  0.0291  0.0291  0.0291  0.0291  0.0291  0.0291  0.0291  0.0291  0.0291  0.0291  0.0291
  0.0295  0.0293  0.0293  0.0297  0.0295  0.0290  0.0294  0.0297  0.0293  0.0295  0.0292  0.0294
  0.0306  0.0301  0.0297  0.0301  0.0312  0.0298  0.0303  0.0311  0.0300  0.0304  0.0294  0.0299
  0.0324  0.0314  0.0303  0.0317  0.0333  0.0321  0.0317  0.0331  0.0310  0.0318  0.0297  0.0307
   -3.3797   -2.0262   15.4094  -13.1048  -14.2438  -10.3012
    0.9454    0.7444   -0.9186   18.3637   -0.8953  -29.2776
eta,q 0.97088  7.35880

---------------------------------------------------------------------
imgreg_4dfp /opt/freesurfer/average/711-2C_as_mni_average_305 /opt/freesurfer/average/711-2B_as_mni_average_305_mask talsrcimg_g11 none talsrcimg_to_711-2C_as_mni_average_305_t4 2311
---------------------------------------------------------------------

freesurfer imgreg_4dfp.c
/opt/freesurfer/average/711-2C_as_mni_average_305.4dfp.img
       256       256       256         1
  1.000000  1.000000  1.000000
orientation T byte_order littleendian
Reading image: /opt/freesurfer/average/711-2C_as_mni_average_305.4dfp.img
dimensions:      256       256       256
mmppix:       1.0000   -1.0000   -1.0000
center:     128.0000 -129.0000 -129.0000
/opt/freesurfer/average/711-2B_as_mni_average_305_mask.4dfp.img
       256       256       256         1
  1.000000  1.000000  1.000000
orientation T byte_order littleendian
Reading mask: /opt/freesurfer/average/711-2B_as_mni_average_305_mask.4dfp.img (2306576 pixels)
talsrcimg_g11.4dfp.img
       256       256       256         1
  1.000000  1.000000  1.000000
orientation T byte_order littleendian
Reading image: talsrcimg_g11.4dfp.img
dimensions:      256       256       256
mmppix:       1.0000   -1.0000   -1.0000
center:     128.0000 -129.0000 -129.0000
fimgreg.f
image alignment mode   2311 decimal      907 hex
parameters
   -3.3797   -2.0262   15.4094  -13.1048  -14.2438  -10.3012
    0.9454    0.7444   -0.9186   18.3637   -0.8953  -29.2776
eta,q 0.97088  7.35880
niter,ni,del,rscale     5    3    5.0000    0.8000
parameters
   -3.4020   -1.9464   15.2949  -14.7538  -13.9030  -10.0957
    0.8525    0.5314   -0.9828   18.2286   -1.4277  -29.7644
eta,q 0.97112  7.29941
  0.0306  0.0303  0.0295  0.0294  0.0302  0.0295  0.0301  0.0308  0.0298  0.0299  0.0291  0.0294
  0.0298  0.0297  0.0293  0.0290  0.0297  0.0291  0.0294  0.0297  0.0293  0.0292  0.0290  0.0290
  0.0293  0.0293  0.0292  0.0289  0.0292  0.0289  0.0290  0.0291  0.0290  0.0289  0.0289  0.0289
  0.0291  0.0291  0.0291  0.0291  0.0289  0.0289  0.0289  0.0289  0.0289  0.0289  0.0289  0.0289
  0.0293  0.0292  0.0292  0.0294  0.0290  0.0289  0.0291  0.0292  0.0290  0.0291  0.0290  0.0290
  0.0298  0.0295  0.0294  0.0298  0.0293  0.0290  0.0295  0.0300  0.0293  0.0294  0.0291  0.0292
  0.0307  0.0301  0.0297  0.0300  0.0300  0.0294  0.0302  0.0311  0.0298  0.0299  0.0293  0.0295
niter,ni,del,rscale     4    3    5.0000    0.7000
parameters
   -3.4307   -1.9402   15.2724  -14.6360  -13.8005  -10.3152
    0.9040    0.4666   -0.7337   18.1587   -1.8718  -29.7976
eta,q 0.97113  7.29766
  0.0301  0.0298  0.0293  0.0297  0.0299  0.0293  0.0299  0.0305  0.0297  0.0297  0.0291  0.0294
  0.0294  0.0293  0.0291  0.0292  0.0295  0.0290  0.0293  0.0296  0.0293  0.0292  0.0289  0.0290
  0.0290  0.0290  0.0289  0.0290  0.0291  0.0289  0.0290  0.0290  0.0290  0.0289  0.0289  0.0289
  0.0289  0.0289  0.0289  0.0289  0.0289  0.0289  0.0289  0.0289  0.0289  0.0289  0.0289  0.0289
  0.0290  0.0290  0.0289  0.0290  0.0290  0.0289  0.0290  0.0291  0.0289  0.0290  0.0289  0.0289
  0.0295  0.0293  0.0291  0.0293  0.0293  0.0290  0.0293  0.0297  0.0291  0.0293  0.0290  0.0291
  0.0302  0.0298  0.0293  0.0296  0.0299  0.0294  0.0298  0.0305  0.0295  0.0296  0.0292  0.0293
niter,ni,del,rscale     3    3    5.0000    0.6000
parameters
   -3.4580   -1.9490   15.2210  -14.7577  -13.7128  -10.4362
    0.9188    0.4019   -0.5470   18.0626   -2.1535  -29.8465
eta,q 0.97115  7.28814
  0.0297  0.0295  0.0292  0.0294  0.0297  0.0292  0.0296  0.0300  0.0294  0.0294  0.0290  0.0292
  0.0292  0.0292  0.0290  0.0291  0.0293  0.0290  0.0292  0.0294  0.0291  0.0291  0.0289  0.0290
  0.0290  0.0289  0.0289  0.0289  0.0290  0.0289  0.0289  0.0290  0.0289  0.0289  0.0289  0.0289
  0.0289  0.0289  0.0289  0.0289  0.0289  0.0289  0.0289  0.0289  0.0289  0.0289  0.0289  0.0288
  0.0290  0.0289  0.0289  0.0290  0.0289  0.0289  0.0289  0.0290  0.0289  0.0290  0.0289  0.0289
  0.0293  0.0292  0.0290  0.0292  0.0292  0.0290  0.0292  0.0294  0.0291  0.0291  0.0290  0.0290
  0.0298  0.0295  0.0292  0.0295  0.0297  0.0292  0.0296  0.0301  0.0293  0.0294  0.0291  0.0292
niter,ni,del,rscale     2    3    5.0000    0.5000
parameters
   -3.4760   -1.9499   15.1820  -14.8397  -13.6247  -10.6257
    0.9236    0.3520   -0.4357   17.9663   -2.3775  -29.8430
eta,q 0.97117  7.27757
  0.0295  0.0293  0.0291  0.0293  0.0294  0.0290  0.0294  0.0297  0.0292  0.0292  0.0289  0.0291
  0.0291  0.0291  0.0289  0.0290  0.0292  0.0289  0.0291  0.0292  0.0290  0.0290  0.0289  0.0289
  0.0289  0.0289  0.0289  0.0289  0.0290  0.0288  0.0289  0.0289  0.0289  0.0288  0.0288  0.0289
  0.0289  0.0288  0.0288  0.0288  0.0289  0.0288  0.0288  0.0288  0.0288  0.0288  0.0288  0.0288
  0.0289  0.0289  0.0289  0.0289  0.0289  0.0289  0.0289  0.0290  0.0289  0.0289  0.0289  0.0289
  0.0291  0.0291  0.0290  0.0291  0.0291  0.0289  0.0291  0.0293  0.0290  0.0291  0.0289  0.0290
  0.0295  0.0293  0.0291  0.0293  0.0294  0.0291  0.0293  0.0297  0.0292  0.0293  0.0290  0.0291
niter,ni,del,rscale     1    3    5.0000    0.4000
parameters
   -3.4953   -1.9541   15.1309  -14.9138  -13.5530  -10.8338
    0.9280    0.3168   -0.3459   17.8905   -2.5761  -29.8394
eta,q 0.97117  7.26658
  0.0292  0.0291  0.0290  0.0291  0.0292  0.0290  0.0292  0.0294  0.0291  0.0291  0.0289  0.0290
  0.0290  0.0290  0.0289  0.0290  0.0290  0.0289  0.0290  0.0291  0.0290  0.0289  0.0289  0.0289
  0.0289  0.0289  0.0288  0.0289  0.0289  0.0288  0.0289  0.0289  0.0289  0.0288  0.0288  0.0288
  0.0288  0.0288  0.0288  0.0288  0.0288  0.0288  0.0288  0.0288  0.0288  0.0288  0.0288  0.0288
  0.0289  0.0289  0.0289  0.0289  0.0289  0.0289  0.0289  0.0289  0.0288  0.0289  0.0288  0.0289
  0.0290  0.0290  0.0289  0.0290  0.0290  0.0289  0.0290  0.0291  0.0289  0.0290  0.0289  0.0289
  0.0293  0.0291  0.0290  0.0291  0.0292  0.0290  0.0292  0.0294  0.0291  0.0291  0.0289  0.0290
registration optimization eta report
parameter search radius
    0.8000    0.8000    0.8000    2.4000    2.4000    2.4000
    2.4000    2.4000    2.4000    2.4000    2.4000    2.4000
100000*second partial in parameter space
       63.       46.       22.        5.        7.        3.
        6.       10.        4.        5.        1.        3.
  0.0292  0.0291  0.0290  0.0291  0.0292  0.0290  0.0292  0.0294  0.0291  0.0291  0.0289  0.0290
  0.0290  0.0290  0.0289  0.0290  0.0290  0.0289  0.0290  0.0291  0.0290  0.0289  0.0289  0.0289
  0.0289  0.0289  0.0288  0.0289  0.0289  0.0288  0.0289  0.0289  0.0289  0.0288  0.0288  0.0288
  0.0288  0.0288  0.0288  0.0288  0.0288  0.0288  0.0288  0.0288  0.0288  0.0288  0.0288  0.0288
  0.0289  0.0289  0.0289  0.0289  0.0289  0.0289  0.0289  0.0289  0.0288  0.0289  0.0288  0.0289
  0.0290  0.0290  0.0289  0.0290  0.0290  0.0289  0.0290  0.0291  0.0289  0.0290  0.0289  0.0289
  0.0293  0.0291  0.0290  0.0291  0.0292  0.0290  0.0292  0.0294  0.0291  0.0291  0.0289  0.0290
   -3.4953   -1.9541   15.1309  -14.9138  -13.5530  -10.8338
    0.9280    0.3168   -0.3459   17.8905   -2.5761  -29.8394
eta,q 0.97117  7.26658

---------------------------------------------------------------------
imgreg_4dfp /opt/freesurfer/average/711-2C_as_mni_average_305 /opt/freesurfer/average/711-2B_as_mni_average_305_mask talsrcimg_g11 none talsrcimg_to_711-2C_as_mni_average_305_t4 2311
---------------------------------------------------------------------

freesurfer imgreg_4dfp.c
/opt/freesurfer/average/711-2C_as_mni_average_305.4dfp.img
       256       256       256         1
  1.000000  1.000000  1.000000
orientation T byte_order littleendian
Reading image: /opt/freesurfer/average/711-2C_as_mni_average_305.4dfp.img
dimensions:      256       256       256
mmppix:       1.0000   -1.0000   -1.0000
center:     128.0000 -129.0000 -129.0000
/opt/freesurfer/average/711-2B_as_mni_average_305_mask.4dfp.img
       256       256       256         1
  1.000000  1.000000  1.000000
orientation T byte_order littleendian
Reading mask: /opt/freesurfer/average/711-2B_as_mni_average_305_mask.4dfp.img (2306576 pixels)
talsrcimg_g11.4dfp.img
       256       256       256         1
  1.000000  1.000000  1.000000
orientation T byte_order littleendian
Reading image: talsrcimg_g11.4dfp.img
dimensions:      256       256       256
mmppix:       1.0000   -1.0000   -1.0000
center:     128.0000 -129.0000 -129.0000
fimgreg.f
image alignment mode   2311 decimal      907 hex
parameters
   -3.4953   -1.9541   15.1309  -14.9138  -13.5530  -10.8338
    0.9280    0.3168   -0.3459   17.8905   -2.5761  -29.8394
eta,q 0.97117  7.26658
niter,ni,del,rscale     5    3    5.0000    0.8000
parameters
   -3.5052   -1.9623   15.0971  -14.5838  -13.8321  -10.8366
    0.9760    0.3723   -0.2409   18.2364   -2.5204  -29.6796
eta,q 0.97114  7.27826
  0.0304  0.0300  0.0294  0.0300  0.0300  0.0296  0.0301  0.0310  0.0298  0.0301  0.0292  0.0295
  0.0295  0.0293  0.0291  0.0294  0.0295  0.0291  0.0294  0.0298  0.0293  0.0294  0.0290  0.0291
  0.0290  0.0290  0.0289  0.0290  0.0290  0.0289  0.0290  0.0291  0.0290  0.0290  0.0289  0.0289
  0.0288  0.0288  0.0288  0.0288  0.0288  0.0288  0.0288  0.0288  0.0288  0.0288  0.0289  0.0289
  0.0290  0.0290  0.0289  0.0290  0.0290  0.0289  0.0290  0.0291  0.0289  0.0290  0.0289  0.0289
  0.0296  0.0293  0.0291  0.0293  0.0296  0.0291  0.0294  0.0298  0.0292  0.0293  0.0290  0.0291
  0.0304  0.0300  0.0294  0.0297  0.0305  0.0296  0.0301  0.0309  0.0297  0.0297  0.0292  0.0294
niter,ni,del,rscale     4    3    5.0000    0.7000
parameters
   -3.5084   -1.8754   15.0356  -14.7620  -13.8981  -10.9569
    0.9725    0.3172   -0.2521   18.3514   -2.5843  -29.7619
eta,q 0.97114  7.26438
  0.0301  0.0298  0.0293  0.0296  0.0298  0.0294  0.0298  0.0305  0.0295  0.0297  0.0291  0.0293
  0.0294  0.0293  0.0290  0.0292  0.0294  0.0290  0.0293  0.0296  0.0292  0.0292  0.0290  0.0290
  0.0290  0.0290  0.0289  0.0289  0.0290  0.0289  0.0290  0.0290  0.0289  0.0289  0.0289  0.0289
  0.0289  0.0289  0.0289  0.0289  0.0289  0.0289  0.0289  0.0289  0.0289  0.0289  0.0289  0.0289
  0.0290  0.0289  0.0289  0.0290  0.0289  0.0289  0.0290  0.0291  0.0289  0.0289  0.0289  0.0289
  0.0294  0.0292  0.0291  0.0293  0.0293  0.0291  0.0293  0.0297  0.0292  0.0292  0.0290  0.0291
  0.0301  0.0296  0.0293  0.0297  0.0300  0.0294  0.0298  0.0305  0.0295  0.0295  0.0291  0.0293
niter,ni,del,rscale     3    3    5.0000    0.6000
parameters
   -3.5208   -1.8192   14.9596  -14.9287  -13.9119  -11.2042
    0.9776    0.2775   -0.2471   18.4458   -2.6584  -29.8153
eta,q 0.97116  7.24763
  0.0297  0.0295  0.0291  0.0294  0.0296  0.0292  0.0296  0.0301  0.0293  0.0294  0.0290  0.0292
  0.0292  0.0292  0.0290  0.0291  0.0292  0.0290  0.0292  0.0294  0.0291  0.0291  0.0289  0.0290
  0.0289  0.0289  0.0289  0.0289  0.0290  0.0289  0.0289  0.0290  0.0289  0.0289  0.0289  0.0289
  0.0289  0.0289  0.0289  0.0289  0.0288  0.0289  0.0288  0.0288  0.0288  0.0288  0.0288  0.0288
  0.0290  0.0289  0.0289  0.0290  0.0289  0.0289  0.0289  0.0290  0.0289  0.0289  0.0289  0.0289
  0.0293  0.0291  0.0290  0.0292  0.0292  0.0290  0.0292  0.0294  0.0291  0.0291  0.0289  0.0290
  0.0298  0.0294  0.0292  0.0295  0.0297  0.0293  0.0296  0.0301  0.0293  0.0293  0.0290  0.0291
niter,ni,del,rscale     2    3    5.0000    0.5000
parameters
   -3.5338   -1.7664   14.8595  -15.0333  -13.9393  -11.5135
    0.9805    0.2399   -0.2310   18.5920   -2.7077  -29.7976
eta,q 0.97117  7.23123
  0.0294  0.0293  0.0290  0.0293  0.0293  0.0291  0.0293  0.0297  0.0292  0.0292  0.0290  0.0290
  0.0291  0.0291  0.0289  0.0290  0.0291  0.0289  0.0290  0.0292  0.0290  0.0290  0.0289  0.0289
  0.0289  0.0289  0.0288  0.0289  0.0289  0.0288  0.0289  0.0289  0.0289  0.0289  0.0288  0.0288
  0.0288  0.0288  0.0288  0.0288  0.0288  0.0288  0.0288  0.0288  0.0288  0.0288  0.0288  0.0288
  0.0289  0.0289  0.0289  0.0289  0.0289  0.0289  0.0289  0.0289  0.0289  0.0289  0.0288  0.0289
  0.0291  0.0290  0.0290  0.0291  0.0291  0.0290  0.0291  0.0292  0.0290  0.0290  0.0289  0.0289
  0.0295  0.0292  0.0291  0.0293  0.0294  0.0291  0.0293  0.0297  0.0292  0.0291  0.0290  0.0290
niter,ni,del,rscale     1    3    5.0000    0.4000
parameters
   -3.5466   -1.6963   14.7414  -15.1562  -14.0189  -11.9066
    0.9789    0.2221   -0.2465   18.8313   -2.6511  -29.7534
eta,q 0.97120  7.21022
  0.0292  0.0291  0.0289  0.0291  0.0291  0.0289  0.0291  0.0294  0.0290  0.0291  0.0289  0.0289
  0.0290  0.0290  0.0288  0.0289  0.0290  0.0288  0.0289  0.0290  0.0289  0.0289  0.0288  0.0289
  0.0289  0.0289  0.0288  0.0288  0.0288  0.0288  0.0288  0.0289  0.0288  0.0288  0.0288  0.0288
  0.0288  0.0288  0.0288  0.0288  0.0288  0.0288  0.0288  0.0288  0.0288  0.0288  0.0288  0.0288
  0.0289  0.0288  0.0288  0.0289  0.0288  0.0289  0.0288  0.0289  0.0288  0.0288  0.0288  0.0288
  0.0290  0.0289  0.0289  0.0290  0.0290  0.0289  0.0289  0.0291  0.0289  0.0289  0.0288  0.0289
  0.0292  0.0291  0.0290  0.0291  0.0292  0.0290  0.0291  0.0294  0.0290  0.0290  0.0289  0.0289
registration optimization eta report
parameter search radius
    0.8000    0.8000    0.8000    2.4000    2.4000    2.4000
    2.4000    2.4000    2.4000    2.4000    2.4000    2.4000
100000*second partial in parameter space
       63.       43.       24.        5.        6.        3.
        5.       10.        4.        4.        1.        2.
  0.0292  0.0291  0.0289  0.0291  0.0291  0.0289  0.0291  0.0294  0.0290  0.0291  0.0289  0.0289
  0.0290  0.0290  0.0288  0.0289  0.0290  0.0288  0.0289  0.0290  0.0289  0.0289  0.0288  0.0289
  0.0289  0.0289  0.0288  0.0288  0.0288  0.0288  0.0288  0.0289  0.0288  0.0288  0.0288  0.0288
  0.0288  0.0288  0.0288  0.0288  0.0288  0.0288  0.0288  0.0288  0.0288  0.0288  0.0288  0.0288
  0.0289  0.0288  0.0288  0.0289  0.0288  0.0289  0.0288  0.0289  0.0288  0.0288  0.0288  0.0288
  0.0290  0.0289  0.0289  0.0290  0.0290  0.0289  0.0289  0.0291  0.0289  0.0289  0.0288  0.0289
  0.0292  0.0291  0.0290  0.0291  0.0292  0.0290  0.0291  0.0294  0.0290  0.0290  0.0289  0.0289
   -3.5466   -1.6963   14.7414  -15.1562  -14.0189  -11.9066
    0.9789    0.2221   -0.2465   18.8313   -2.6511  -29.7534
eta,q 0.97120  7.21022

---------------------------------------------------------------------
compute_vox2vox talsrcimg talsrcimg_to_711-2C_as_mni_average_305_t4 /opt/freesurfer/average/711-2C_as_mni_average_305
---------------------------------------------------------------------

freesurfer compute_vox2vox.c
Reading: talsrcimg.4dfp.ifh
Reading: talsrcimg_to_711-2C_as_mni_average_305_t4
Reading: /opt/freesurfer/average/711-2C_as_mni_average_305.4dfp.ifh
Writing: talsrcimg_to_711-2C_as_mni_average_305_t4_vox2vox.txt

start time Fri Mar 13 22:55:28 CET 2026
end		time Fri Mar 13 22:56:55 CET 2026

mpr2mni305 success

avi2talxfm orig_nu.mgz /opt/freesurfer/average/mni305.cor.mgz talsrcimg_to_711-2C_as_mni_average_305_t4_vox2vox.txt transforms/talairach.auto.xfm
avi2talxfm done
mv -f /out/sourcedata/freesurfer/sub-v2s7x29675_ses-1/mri/talsrcimg_to_711-2C_as_mni_average_305_t4_vox2vox.txt /out/sourcedata/freesurfer/sub-v2s7x29675_ses-1/mri/transforms/talsrcimg_to_711-2C_as_mni_average_305_t4_vox2vox.txt
lta_convert --src orig_nu.mgz --trg /opt/freesurfer/average/mni305.cor.mgz --inxfm transforms/talairach.auto.xfm --outlta transforms/talairach.auto.xfm.lta --subject fsaverage
7.3.2

--src: orig_nu.mgz src image (geometry).
--trg: /opt/freesurfer/average/mni305.cor.mgz trg image (geometry).
--inmni: transforms/talairach.auto.xfm input MNI/XFM transform.
--outlta: transforms/talairach.auto.xfm.lta output LTA.
--s: fsaverage subject name
 LTA read, type : 1
 1.17859  -0.00010  -0.01345   10.12405;
 0.03409   1.05697   0.36537  -34.81872;
-0.00409  -0.23149   1.08299  -7.95044;
 0.00000   0.00000   0.00000   1.00000;
setting subject to fsaverage
Writing  LTA to file transforms/talairach.auto.xfm.lta...
lta_convert successful.
 
 
Started at Fri Mar 13 22:55:28 CET 2026
Ended   at Fri Mar 13 22:56:55 CET 2026
talairach_avi done
