/out/sourcedata/freesurfer/sub-v2s7x29664_ses-1/mri
/opt/freesurfer/bin/talairach_avi
--i orig_nu.mgz --xfm transforms/talairach.auto.xfm
talairach_avi 7.3.2
Linux dna069 5.14.0-427.37.1.el9_4.x86_64 #1 SMP PREEMPT_DYNAMIC Fri Sep 13 12:41:50 EDT 2024 x86_64 x86_64 x86_64 GNU/Linux
Fri Mar 13 22:20:56 CET 2026
mri_convert orig_nu.mgz talsrcimg.img 
reading from orig_nu.mgz...
TR=0.00, TE=0.00, TI=0.00, flip angle=0.00
i_ras = (-1, 0, 0)
j_ras = (0, 0, -1)
k_ras = (0, 1, 0)
writing to talsrcimg.img...
Analyze Output Matrix
-1.00000   0.00000   0.00000   154.38550;
 0.00000   0.00000   1.00000  -126.35477;
 0.00000  -1.00000   0.00000   148.52718;
 0.00000   0.00000   0.00000   1.00000;
--------------------
INFO: set hdr.hist.orient to -1
mpr2mni305 talsrcimg
Fri Mar 13 22:20:56 CET 2026
/opt/freesurfer/bin/mpr2mni305 talsrcimg
mpr2mni305 7.3.2
target=711-2C_as_mni_average_305

---------------------------------------------------------------------
analyzeto4dfp talsrcimg -O0 -y
---------------------------------------------------------------------

freesurfer ifh2hdr.c
Fri Mar 13 22:20:56 2026
Writing: talsrcimg.4dfp.hdr
freesurfer analyzeto4dfp.c
Reading: talsrcimg.hdr
header size 348 bytes
hdr.dime.datatype	offset=70	value=2
hdr.dime.bitpix		offset=72	value=8
hdr.hist.orient		offset=252	value=-1
dimensionality     4
dimensions       256       256       256         1
Reading: talsrcimg.img
Writing: talsrcimg.4dfp.img
Writing: talsrcimg.4dfp.ifh
ifh2hdr talsrcimg -r0to255
ori=2

---------------------------------------------------------------------
gauss_4dfp talsrcimg 1.1
---------------------------------------------------------------------

freesurfer gauss_4dfp.c
Reading: talsrcimg.4dfp.img
Writing: talsrcimg_g11.4dfp.img
image dimensions 256 256 256 padded to 288 288 288
processing volume 1freesurfer ifh2hdr.c
Fri Mar 13 22:20:58 2026
Writing: talsrcimg_g11.4dfp.hdr

Writing: talsrcimg_g11.4dfp.ifh
including: talsrcimg.4dfp.img.rec in talsrcimg_g11.4dfp.img.rec

---------------------------------------------------------------------
imgreg_4dfp /opt/freesurfer/average/711-2C_as_mni_average_305 none talsrcimg_g11 none talsrcimg_to_711-2C_as_mni_average_305_t4 4355
---------------------------------------------------------------------

freesurfer imgreg_4dfp.c
/opt/freesurfer/average/711-2C_as_mni_average_305.4dfp.img
       256       256       256         1
  1.000000  1.000000  1.000000
orientation T byte_order littleendian
Reading image: /opt/freesurfer/average/711-2C_as_mni_average_305.4dfp.img
dimensions:      256       256       256
mmppix:       1.0000   -1.0000   -1.0000
center:     128.0000 -129.0000 -129.0000
talsrcimg_g11.4dfp.img
       256       256       256         1
  1.000000  1.000000  1.000000
orientation T byte_order littleendian
Reading image: talsrcimg_g11.4dfp.img
dimensions:      256       256       256
mmppix:       1.0000   -1.0000   -1.0000
center:     128.0000 -129.0000 -129.0000
t4_read: open error in t4_sub.f l:  41 t4_file(1:l)talsrcimg_to_711-2C_as_mni_average_305_t4 
t4_read: transform initialized to I4
rotation matrix determinant  1.000000
image alignment mode   4355 decimal     1103 hex
   -7.5000  -45.0000  -45.0000 7947.1416   12.3243
    0.0000  -45.0000  -45.0000 8330.4336   12.3088
    7.5000  -45.0000  -45.0000 8056.6426   12.3052
   -7.5000  -37.5000  -45.0000 8341.5635   12.3281
    0.0000  -37.5000  -45.0000 8740.7314   12.3115
    7.5000  -37.5000  -45.0000 8457.2939   12.3120
   -7.5000  -30.0000  -45.0000 8968.7773   12.3304
    0.0000  -30.0000  -45.0000 9427.0713   12.3137
    7.5000  -30.0000  -45.0000 9130.5693   12.3227
   -7.5000  -22.5000  -45.0000 9551.2539   12.3317
    0.0000  -22.5000  -45.000010049.0508   12.3152
    7.5000  -22.5000  -45.0000 9728.7480   12.3279
   -7.5000  -15.0000  -45.000010068.8037   12.3269
    0.0000  -15.0000  -45.000010586.3438   12.3111
    7.5000  -15.0000  -45.000010236.0508   12.3208
   -7.5000   -7.5000  -45.000010596.9434   12.3219
    0.0000   -7.5000  -45.000011137.5303   12.3070
    7.5000   -7.5000  -45.000010739.1162   12.3087
   -7.5000    0.0000  -45.000010984.8877   12.3243
    0.0000    0.0000  -45.000011516.0068   12.3088
    7.5000    0.0000  -45.000011071.1396   12.3052
   -7.5000    7.5000  -45.000010395.1104   12.3281
    0.0000    7.5000  -45.000010899.6475   12.3115
    7.5000    7.5000  -45.000010500.3457   12.3120
   -7.5000   15.0000  -45.0000 9687.6162   12.3304
    0.0000   15.0000  -45.000010163.3916   12.3137
    7.5000   15.0000  -45.0000 9765.6982   12.3227
   -7.5000   22.5000  -45.0000 8909.9854   12.3300
    0.0000   22.5000  -45.0000 9354.9434   12.3135
    7.5000   22.5000  -45.0000 8987.7295   12.3262
   -7.5000   30.0000  -45.0000 8149.6416   12.1627
    0.0000   30.0000  -45.0000 8542.0098   12.1471
    7.5000   30.0000  -45.0000 8213.3516   12.1566
   -7.5000   37.5000  -45.0000 7768.1152   12.1733
    0.0000   37.5000  -45.0000 8149.6401   12.1583
    7.5000   37.5000  -45.0000 7822.5840   12.1597
   -7.5000   45.0000  -45.0000 7120.5869   11.9763
    0.0000   45.0000  -45.0000 7473.7441   11.9614
    7.5000   45.0000  -45.0000 7165.6479   11.9586
   -7.5000  -45.0000  -37.5000 8478.2021   12.2626
    0.0000  -45.0000  -37.5000 8911.1445   12.2509
    7.5000  -45.0000  -37.5000 8605.7803   12.2536
   -7.5000  -37.5000  -37.5000 8905.0293   12.2689
    0.0000  -37.5000  -37.5000 9375.1152   12.2560
    7.5000  -37.5000  -37.5000 9057.9033   12.2621
   -7.5000  -30.0000  -37.5000 9594.7998   12.2775
    0.0000  -30.0000  -37.500010104.6543   12.2637
    7.5000  -30.0000  -37.5000 9788.6270   12.2756
   -7.5000  -22.5000  -37.500010197.3066   12.2824
    0.0000  -22.5000  -37.500010749.7705   12.2681
    7.5000  -22.5000  -37.500010393.8574   12.2817
   -7.5000  -15.0000  -37.500010744.9814   12.2760
    0.0000  -15.0000  -37.500011338.5361   12.2623
    7.5000  -15.0000  -37.500010955.0615   12.2731
   -7.5000   -7.5000  -37.500011269.2363   12.2649
    0.0000   -7.5000  -37.500011873.4404   12.2529
    7.5000   -7.5000  -37.500011456.5391   12.2584
   -7.5000    0.0000  -37.500011635.9248   12.2626
    0.0000    0.0000  -37.500012218.3887   12.2509
    7.5000    0.0000  -37.500011789.5186   12.2536
   -7.5000    7.5000  -37.500011051.1895   12.2689
    0.0000    7.5000  -37.500011639.7695   12.2560
    7.5000    7.5000  -37.500011235.1924   12.2621
   -7.5000   15.0000  -37.500010313.9404   12.2775
    0.0000   15.0000  -37.500010843.6709   12.2637
    7.5000   15.0000  -37.500010462.2881   12.2756
   -7.5000   22.5000  -37.5000 9470.6943   12.2807
    0.0000   22.5000  -37.5000 9948.6904   12.2664
    7.5000   22.5000  -37.5000 9594.5205   12.2800
   -7.5000   30.0000  -37.5000 8649.1279   12.1124
    0.0000   30.0000  -37.5000 9065.3701   12.0989
    7.5000   30.0000  -37.5000 8733.5000   12.1096
   -7.5000   37.5000  -37.5000 8217.7881   12.1172
    0.0000   37.5000  -37.5000 8604.6953   12.1053
    7.5000   37.5000  -37.5000 8278.2764   12.1104
   -7.5000   45.0000  -37.5000 7524.9248   11.9140
    0.0000   45.0000  -37.5000 7875.3960   11.9035
    7.5000   45.0000  -37.5000 7549.3867   11.9069
   -7.5000  -45.0000  -30.0000 9151.0039   12.7431
    0.0000  -45.0000  -30.0000 9646.6113   12.7347
    7.5000  -45.0000  -30.0000 9316.1826   12.7395
   -7.5000  -37.5000  -30.0000 9620.5840   12.7533
    0.0000  -37.5000  -30.000010160.0254   12.7423
    7.5000  -37.5000  -30.0000 9818.5654   12.7500
   -7.5000  -30.0000  -30.000010380.7686   12.7677
    0.0000  -30.0000  -30.000010950.1895   12.7536
    7.5000  -30.0000  -30.000010596.7031   12.7651
   -7.5000  -22.5000  -30.000011078.1631   12.7738
    0.0000  -22.5000  -30.000011679.1699   12.7584
    7.5000  -22.5000  -30.000011283.4277   12.7705
   -7.5000  -15.0000  -30.000011667.5264   12.7638
    0.0000  -15.0000  -30.000012312.5596   12.7500
    7.5000  -15.0000  -30.000011895.0938   12.7597
   -7.5000   -7.5000  -30.000012166.4814   12.7476
    0.0000   -7.5000  -30.000012841.5518   12.7376
    7.5000   -7.5000  -30.000012388.6631   12.7438
   -7.5000    0.0000  -30.000012470.0762   12.7431
    0.0000    0.0000  -30.000013170.0703   12.7347
    7.5000    0.0000  -30.000012705.6846   12.7395
   -7.5000    7.5000  -30.000011904.1943   12.7533
    0.0000    7.5000  -30.000012594.3125   12.7423
    7.5000    7.5000  -30.000012145.1953   12.7500
   -7.5000   15.0000  -30.000011132.8770   12.7677
    0.0000   15.0000  -30.000011724.9805   12.7536
    7.5000   15.0000  -30.000011320.1738   12.7651
   -7.5000   22.5000  -30.000010193.2676   12.7707
    0.0000   22.5000  -30.000010721.2324   12.7554
    7.5000   22.5000  -30.000010341.5400   12.7675
   -7.5000   30.0000  -30.0000 9278.9639   12.5949
    0.0000   30.0000  -30.0000 9754.3496   12.5813
    7.5000   30.0000  -30.0000 9390.3496   12.5908
   -7.5000   37.5000  -30.0000 8801.1523   12.5947
    0.0000   37.5000  -30.0000 9237.1055   12.5848
    7.5000   37.5000  -30.0000 8883.3779   12.5908
   -7.5000   45.0000  -30.0000 8042.5972   12.3888
    0.0000   45.0000  -30.0000 8425.2500   12.3817
    7.5000   45.0000  -30.0000 8085.3975   12.3871
   -7.5000  -45.0000  -22.5000 9860.4111   13.1816
    0.0000  -45.0000  -22.500010416.9111   13.1724
    7.5000  -45.0000  -22.500010041.7803   13.1724
   -7.5000  -37.5000  -22.500010339.5322   13.1936
    0.0000  -37.5000  -22.500010954.6611   13.1805
    7.5000  -37.5000  -22.500010569.8525   13.1833
   -7.5000  -30.0000  -22.500011163.8271   13.2073
    0.0000  -30.0000  -22.500011796.6514   13.1895
    7.5000  -30.0000  -22.500011402.0146   13.1973
   -7.5000  -22.5000  -22.500011980.4775   13.2101
    0.0000  -22.5000  -22.500012656.1826   13.1912
    7.5000  -22.5000  -22.500012215.2988   13.2007
   -7.5000  -15.0000  -22.500012619.1416   13.1977
    0.0000  -15.0000  -22.500013366.3398   13.1815
    7.5000  -15.0000  -22.500012903.6162   13.1886
   -7.5000   -7.5000  -22.500013075.4619   13.1829
    0.0000   -7.5000  -22.500013851.8730   13.1717
    7.5000   -7.5000  -22.500013358.7568   13.1742
   -7.5000    0.0000  -22.500013366.4209   13.1816
    0.0000    0.0000  -22.500014160.4229   13.1724
    7.5000    0.0000  -22.500013663.5537   13.1724
   -7.5000    7.5000  -22.500012795.9199   13.1936
    0.0000    7.5000  -22.500013559.9014   13.1805
    7.5000    7.5000  -22.500013090.6875   13.1833
   -7.5000   15.0000  -22.500011972.7383   13.2073
    0.0000   15.0000  -22.500012645.3164   13.1895
    7.5000   15.0000  -22.500012224.7441   13.1973
   -7.5000   22.5000  -22.500010952.1787   13.2061
    0.0000   22.5000  -22.500011549.6377   13.1871
    7.5000   22.5000  -22.500011143.4834   13.1966
   -7.5000   30.0000  -22.5000 9962.0840   13.0251
    0.0000   30.0000  -22.500010486.3037   13.0091
    7.5000   30.0000  -22.500010093.1230   13.0160
   -7.5000   37.5000  -22.5000 9427.2793   13.0258
    0.0000   37.5000  -22.5000 9897.7100   13.0149
    7.5000   37.5000  -22.5000 9538.6523   13.0172
   -7.5000   45.0000  -22.5000 8592.7080   12.8260
    0.0000   45.0000  -22.5000 9004.9268   12.8176
    7.5000   45.0000  -22.5000 8660.2500   12.8177
   -7.5000  -45.0000  -15.000010574.7900   13.5079
    0.0000  -45.0000  -15.000011187.4033   13.4947
    7.5000  -45.0000  -15.000010792.1680   13.4876
   -7.5000  -37.5000  -15.000011064.5771   13.5179
    0.0000  -37.5000  -15.000011727.1543   13.5005
    7.5000  -37.5000  -15.000011342.6152   13.4968
   -7.5000  -30.0000  -15.000011950.7588   13.5252
    0.0000  -30.0000  -15.000012677.0361   13.5037
    7.5000  -30.0000  -15.000012263.5879   13.5080
   -7.5000  -22.5000  -15.000012815.8867   13.5240
    0.0000  -22.5000  -15.000013619.5234   13.5021
    7.5000  -22.5000  -15.000013159.0537   13.5104
   -7.5000  -15.0000  -15.000013514.6777   13.5126
    0.0000  -15.0000  -15.000014403.7500   13.4938
    7.5000  -15.0000  -15.000013932.8242   13.4995
   -7.5000   -7.5000  -15.000014001.2246   13.5040
    0.0000   -7.5000  -15.000014916.2148   13.4896
    7.5000   -7.5000  -15.000014422.4434   13.4880
   -7.5000    0.0000  -15.000014290.2256   13.5079
    0.0000    0.0000  -15.000015209.1143   13.4947
    7.5000    0.0000  -15.000014708.6611   13.4876
   -7.5000    7.5000  -15.000013672.4561   13.5179
    0.0000    7.5000  -15.000014537.0508   13.5005
    7.5000    7.5000  -15.000014056.6357   13.4968
   -7.5000   15.0000  -15.000012792.8037   13.5252
    0.0000   15.0000  -15.000013556.8945   13.5037
    7.5000   15.0000  -15.000013112.9229   13.5080
   -7.5000   22.5000  -15.000011705.2080   13.5192
    0.0000   22.5000  -15.000012367.2090   13.4973
    7.5000   22.5000  -15.000011952.9238   13.5056
   -7.5000   30.0000  -15.000010646.3203   13.3378
    0.0000   30.0000  -15.000011216.9756   13.3192
    7.5000   30.0000  -15.000010827.2656   13.3248
   -7.5000   37.5000  -15.000010078.9004   13.3446
    0.0000   37.5000  -15.000010571.9297   13.3303
    7.5000   37.5000  -15.000010189.3477   13.3284
   -7.5000   45.0000  -15.0000 9149.2285   13.1535
    0.0000   45.0000  -15.0000 9614.5273   13.1404
    7.5000   45.0000  -15.0000 9239.4766   13.1333
   -7.5000  -45.0000   -7.500011304.6914   13.6762
    0.0000  -45.0000   -7.500011986.8740   13.6591
    7.5000  -45.0000   -7.500011584.2822   13.6504
   -7.5000  -37.5000   -7.500011822.0840   13.6817
    0.0000  -37.5000   -7.500012556.2842   13.6618
    7.5000  -37.5000   -7.500012167.4512   13.6574
   -7.5000  -30.0000   -7.500012781.0312   13.6832
    0.0000  -30.0000   -7.500013597.4902   13.6616
    7.5000  -30.0000   -7.500013156.6602   13.6673
   -7.5000  -22.5000   -7.500013669.4688   13.6816
    0.0000  -22.5000   -7.500014580.9209   13.6605
    7.5000  -22.5000   -7.500014108.2793   13.6712
   -7.5000  -15.0000   -7.500014406.8369   13.6744
    0.0000  -15.0000   -7.500015425.0254   13.6553
    7.5000  -15.0000   -7.500014961.0479   13.6629
   -7.5000   -7.5000   -7.500014961.0879   13.6706
    0.0000   -7.5000   -7.500016011.1055   13.6537
    7.5000   -7.5000   -7.500015532.1084   13.6520
   -7.5000    0.0000   -7.500015303.1572   13.6762
    0.0000    0.0000   -7.500016360.3555   13.6591
    7.5000    0.0000   -7.500015869.4121   13.6504
   -7.5000    7.5000   -7.500014573.7842   13.6817
    0.0000    7.5000   -7.500015550.2422   13.6618
    7.5000    7.5000   -7.500015083.8809   13.6574
   -7.5000   15.0000   -7.500013584.2490   13.6832
    0.0000   15.0000   -7.500014474.2402   13.6616
    7.5000   15.0000   -7.500014020.5186   13.6673
   -7.5000   22.5000   -7.500012439.1904   13.6753
    0.0000   22.5000   -7.500013222.3457   13.6542
    7.5000   22.5000   -7.500012803.7432   13.6648
   -7.5000   30.0000   -7.500011348.8809   13.4971
    0.0000   30.0000   -7.500011993.2871   13.4782
    7.5000   30.0000   -7.500011601.4795   13.4857
   -7.5000   37.5000   -7.500010753.1055   13.5095
    0.0000   37.5000   -7.500011325.5273   13.4927
    7.5000   37.5000   -7.500010915.1553   13.4905
   -7.5000   45.0000   -7.5000 9744.6270   13.3206
    0.0000   45.0000   -7.500010256.1680   13.3036
    7.5000   45.0000   -7.5000 9882.8340   13.2953
   -7.5000  -45.0000    0.000011991.6963   13.7049
    0.0000  -45.0000    0.000012739.0400   13.6878
    7.5000  -45.0000    0.000012320.5654   13.6838
   -7.5000  -37.5000    0.000012542.4502   13.7083
    0.0000  -37.5000    0.000013324.3027   13.6901
    7.5000  -37.5000    0.000012921.6416   13.6906
   -7.5000  -30.0000    0.000013558.9395   13.7103
    0.0000  -30.0000    0.000014433.1816   13.6921
    7.5000  -30.0000    0.000013970.2646   13.7021
   -7.5000  -22.5000    0.000014485.9814   13.7122
    0.0000  -22.5000    0.000015472.8506   13.6943
    7.5000  -22.5000    0.000014981.3535   13.7084
   -7.5000  -15.0000    0.000015276.2998   13.7077
    0.0000  -15.0000    0.000016366.2090   13.6906
    7.5000  -15.0000    0.000015869.5430   13.7013
   -7.5000   -7.5000    0.000015850.5391   13.7026
    0.0000   -7.5000    0.000016970.9746   13.6862
    7.5000   -7.5000    0.000016504.3320   13.6881
   -7.5000    0.0000    0.000016171.3477   13.7049
    0.0000    0.0000    0.000017369.7344   13.6878
    7.5000    0.0000    0.000016903.3242   13.6838
   -7.5000    7.5000    0.000015359.3086   13.7083
    0.0000    7.5000    0.000016465.3320   13.6901
    7.5000    7.5000    0.000015999.8584   13.6906
   -7.5000   15.0000    0.000014301.5430   13.7103
    0.0000   15.0000    0.000015285.0820   13.6921
    7.5000   15.0000    0.000014839.5537   13.7021
   -7.5000   22.5000    0.000013128.0449   13.7058
    0.0000   22.5000    0.000014004.5049   13.6880
    7.5000   22.5000    0.000013584.8945   13.7021
   -7.5000   30.0000    0.000011975.8066   13.5303
    0.0000   30.0000    0.000012743.7930   13.5134
    7.5000   30.0000    0.000012349.1377   13.5240
   -7.5000   37.5000    0.000011345.4619   13.5424
    0.0000   37.5000    0.000012050.4785   13.5261
    7.5000   37.5000    0.000011652.3379   13.5276
   -7.5000   45.0000    0.000010292.1172   13.3484
    0.0000   45.0000    0.000010876.1729   13.3320
    7.5000   45.0000    0.000010520.9668   13.3289
   -7.5000  -45.0000    7.500011792.6758   13.6943
    0.0000  -45.0000    7.500012532.9512   13.6814
    7.5000  -45.0000    7.500012119.6094   13.6843
   -7.5000  -37.5000    7.500012350.7783   13.7007
    0.0000  -37.5000    7.500013109.5156   13.6865
    7.5000  -37.5000    7.500012684.6084   13.6932
   -7.5000  -30.0000    7.500013341.4551   13.7100
    0.0000  -30.0000    7.500014159.0703   13.6948
    7.5000  -30.0000    7.500013699.1719   13.7078
   -7.5000  -22.5000    7.500014257.3936   13.7157
    0.0000  -22.5000    7.500015230.5215   13.7000
    7.5000  -22.5000    7.500014747.7842   13.7150
   -7.5000  -15.0000    7.500015031.8652   13.7092
    0.0000  -15.0000    7.500016107.3975   13.6941
    7.5000  -15.0000    7.500015660.9863   13.7061
   -7.5000   -7.5000    7.500015608.5566   13.6971
    0.0000   -7.5000    7.500016750.2695   13.6839
    7.5000   -7.5000    7.500016329.4531   13.6900
   -7.5000    0.0000    7.500015856.8691   13.6943
    0.0000    0.0000    7.500017067.7129   13.6814
    7.5000    0.0000    7.500016643.1484   13.6842
   -7.5000    7.5000    7.500015014.7012   13.7007
    0.0000    7.5000    7.500016136.1348   13.6865
    7.5000    7.5000    7.500015703.6260   13.6932
   -7.5000   15.0000    7.500013987.2881   13.7100
    0.0000   15.0000    7.500014998.7432   13.6948
    7.5000   15.0000    7.500014571.0996   13.7078
   -7.5000   22.5000    7.500012841.3193   13.7094
    0.0000   22.5000    7.500013734.6016   13.6937
    7.5000   22.5000    7.500013349.9785   13.7087
   -7.5000   30.0000    7.500011730.4355   13.5318
    0.0000   30.0000    7.500012524.6953   13.5169
    7.5000   30.0000    7.500012172.5576   13.5287
   -7.5000   37.5000    7.500011109.2100   13.5373
    0.0000   37.5000    7.500011851.6543   13.5242
    7.5000   37.5000    7.500011487.7148   13.5299
   -7.5000   45.0000    7.500010061.2295   13.3361
    0.0000   45.0000    7.500010711.0791   13.3244
    7.5000   45.0000    7.500010365.2178   13.3282
   -7.5000  -45.0000   15.000011453.2051   13.6835
    0.0000  -45.0000   15.000012162.6758   13.6744
    7.5000  -45.0000   15.000011743.5215   13.6796
   -7.5000  -37.5000   15.000012026.0537   13.6944
    0.0000  -37.5000   15.000012748.1016   13.6826
    7.5000  -37.5000   15.000012271.7783   13.6909
   -7.5000  -30.0000   15.000013059.9785   13.7099
    0.0000  -30.0000   15.000013864.9277   13.6948
    7.5000  -30.0000   15.000013340.0918   13.7071
   -7.5000  -22.5000   15.000013990.9707   13.7164
    0.0000  -22.5000   15.000015051.8457   13.6999
    7.5000  -22.5000   15.000014586.6201   13.7129
   -7.5000  -15.0000   15.000014764.0840   13.7057
    0.0000  -15.0000   15.000015974.1172   13.6909
    7.5000  -15.0000   15.000015543.7783   13.7012
   -7.5000   -7.5000   15.000015352.7178   13.6883
    0.0000   -7.5000   15.000016573.5195   13.6775
    7.5000   -7.5000   15.000016103.2061   13.6842
   -7.5000    0.0000   15.000015564.4971   13.6835
    0.0000    0.0000   15.000016797.5000   13.6744
    7.5000    0.0000   15.000016252.9531   13.6796
   -7.5000    7.5000   15.000014615.4883   13.6944
    0.0000    7.5000   15.000015743.5518   13.6826
    7.5000    7.5000   15.000015205.6543   13.6909
   -7.5000   15.0000   15.000013550.6357   13.7099
    0.0000   15.0000   15.000014585.3926   13.6948
    7.5000   15.0000   15.000014085.3506   13.7071
   -7.5000   22.5000   15.000012418.4561   13.7101
    0.0000   22.5000   15.000013357.6357   13.6936
    7.5000   22.5000   15.000012909.4863   13.7066
   -7.5000   30.0000   15.000011307.1846   13.5283
    0.0000   30.0000   15.000012141.3184   13.5137
    7.5000   30.0000   15.000011754.0381   13.5239
   -7.5000   37.5000   15.000010712.6777   13.5281
    0.0000   37.5000   15.000011456.4209   13.5175
    7.5000   37.5000   15.000011096.6865   13.5239
   -7.5000   45.0000   15.0000 9710.8096   13.3246
    0.0000   45.0000   15.000010359.3838   13.3170
    7.5000   45.0000   15.000010037.2588   13.3227
   -7.5000  -45.0000   22.500011076.9951   13.6836
    0.0000  -45.0000   22.500011716.6035   13.6740
    7.5000  -45.0000   22.500011303.2207   13.6740
   -7.5000  -37.5000   22.500011565.1436   13.6960
    0.0000  -37.5000   22.500012260.5127   13.6824
    7.5000  -37.5000   22.500011805.7588   13.6853
   -7.5000  -30.0000   22.500012515.6191   13.7102
    0.0000  -30.0000   22.500013450.5723   13.6918
    7.5000  -30.0000   22.500012886.4043   13.6999
   -7.5000  -22.5000   22.500013465.2188   13.7132
    0.0000  -22.5000   22.500014812.8125   13.6935
    7.5000  -22.5000   22.500014150.5469   13.7034
   -7.5000  -15.0000   22.500014294.2324   13.7003
    0.0000  -15.0000   22.500015708.9971   13.6834
    7.5000  -15.0000   22.500015009.8818   13.6908
   -7.5000   -7.5000   22.500014873.1201   13.6849
    0.0000   -7.5000   22.500016197.2598   13.6733
    7.5000   -7.5000   22.500015466.6650   13.6759
   -7.5000    0.0000   22.500015057.0479   13.6836
    0.0000    0.0000   22.500016264.4346   13.6740
    7.5000    0.0000   22.500015553.5566   13.6740
   -7.5000    7.5000   22.500014060.9600   13.6960
    0.0000    7.5000   22.500015085.2285   13.6824
    7.5000    7.5000   22.500014517.4941   13.6853
   -7.5000   15.0000   22.500013021.0166   13.7102
    0.0000   15.0000   22.500013902.2627   13.6918
    7.5000   15.0000   22.500013425.5381   13.6999
   -7.5000   22.5000   22.500011963.6562   13.7069
    0.0000   22.5000   22.500012751.2725   13.6872
    7.5000   22.5000   22.500012330.5879   13.6971
   -7.5000   30.0000   22.500010912.6426   13.5230
    0.0000   30.0000   22.500011627.9932   13.5063
    7.5000   30.0000   22.500011254.0107   13.5136
   -7.5000   37.5000   22.500010303.3926   13.5238
    0.0000   37.5000   22.500010989.5586   13.5124
    7.5000   37.5000   22.500010616.6982   13.5148
   -7.5000   45.0000   22.5000 9304.5713   13.3260
    0.0000   45.0000   22.5000 9908.7422   13.3173
    7.5000   45.0000   22.5000 9572.5859   13.3173
   -7.5000  -45.0000   30.000010545.0879   13.6938
    0.0000  -45.0000   30.000011174.2793   13.6803
    7.5000  -45.0000   30.000010785.6436   13.6732
   -7.5000  -37.5000   30.000011058.5977   13.7038
    0.0000  -37.5000   30.000011701.4902   13.6862
    7.5000  -37.5000   30.000011273.9355   13.6825
   -7.5000  -30.0000   30.000011926.0088   13.7112
    0.0000  -30.0000   30.000012678.4297   13.6895
    7.5000  -30.0000   30.000012240.8027   13.6939
   -7.5000  -22.5000   30.000012761.3496   13.7100
    0.0000  -22.5000   30.000013741.8809   13.6878
    7.5000  -22.5000   30.000013236.5498   13.6963
   -7.5000  -15.0000   30.000013590.2588   13.6985
    0.0000  -15.0000   30.000014625.7109   13.6795
    7.5000  -15.0000   30.000014011.0957   13.6853
   -7.5000   -7.5000   30.000014183.3340   13.6897
    0.0000   -7.5000   30.000015200.2197   13.6752
    7.5000   -7.5000   30.000014509.7607   13.6735
   -7.5000    0.0000   30.000014416.2959   13.6938
    0.0000    0.0000   30.000015407.1748   13.6803
    7.5000    0.0000   30.000014710.8477   13.6732
   -7.5000    7.5000   30.000013465.2139   13.7038
    0.0000    7.5000   30.000014342.7969   13.6862
    7.5000    7.5000   30.000013738.3760   13.6825
   -7.5000   15.0000   30.000012415.3604   13.7112
    0.0000   15.0000   30.000013198.2793   13.6895
    7.5000   15.0000   30.000012676.1162   13.6939
   -7.5000   22.5000   30.000011419.1289   13.7037
    0.0000   22.5000   30.000012119.2686   13.6815
    7.5000   22.5000   30.000011657.7236   13.6900
   -7.5000   30.0000   30.000010405.0303   13.5213
    0.0000   30.0000   30.000011042.4238   13.5024
    7.5000   30.0000   30.000010636.3164   13.5081
   -7.5000   37.5000   30.0000 9799.0059   13.5281
    0.0000   37.5000   30.000010380.3359   13.5137
    7.5000   37.5000   30.000010001.7959   13.5118
   -7.5000   45.0000   30.0000 8829.6035   13.3379
    0.0000   45.0000   30.0000 9325.1670   13.3247
    7.5000   45.0000   30.0000 9007.2832   13.3175
   -7.5000  -45.0000   37.500010295.9375   13.7093
    0.0000  -45.0000   37.500010880.3242   13.6922
    7.5000  -45.0000   37.500010502.3057   13.6835
   -7.5000  -37.5000   37.500010808.2129   13.7148
    0.0000  -37.5000   37.500011384.2402   13.6949
    7.5000  -37.5000   37.500010986.5908   13.6905
   -7.5000  -30.0000   37.500011674.5107   13.7163
    0.0000  -30.0000   37.500012330.0498   13.6947
    7.5000  -30.0000   37.500011922.4961   13.7004
   -7.5000  -22.5000   37.500012496.9658   13.7147
    0.0000  -22.5000   37.500013244.9180   13.6935
    7.5000  -22.5000   37.500012778.1660   13.7043
   -7.5000  -15.0000   37.500013245.3457   13.7075
    0.0000  -15.0000   37.500013980.6074   13.6883
    7.5000  -15.0000   37.500013431.1504   13.6960
   -7.5000   -7.5000   37.500013821.6836   13.7036
    0.0000   -7.5000   37.500014564.1582   13.6868
    7.5000   -7.5000   37.500013967.2207   13.6851
   -7.5000    0.0000   37.500014101.5986   13.7093
    0.0000    0.0000   37.500014878.0732   13.6922
    7.5000    0.0000   37.500014273.9482   13.6835
   -7.5000    7.5000   37.500013224.0010   13.7148
    0.0000    7.5000   37.500013951.0771   13.6949
    7.5000    7.5000   37.500013377.9834   13.6905
   -7.5000   15.0000   37.500012205.3398   13.7163
    0.0000   15.0000   37.500012856.5068   13.6947
    7.5000   15.0000   37.500012340.4766   13.7004
   -7.5000   22.5000   37.500011209.0361   13.7084
    0.0000   22.5000   37.500011830.3467   13.6872
    7.5000   22.5000   37.500011360.2334   13.6980
   -7.5000   30.0000   37.500010204.9932   13.5301
    0.0000   30.0000   37.500010779.6035   13.5112
    7.5000   30.0000   37.500010358.3115   13.5188
   -7.5000   37.5000   37.5000 9589.8877   13.5425
    0.0000   37.5000   37.500010098.9922   13.5257
    7.5000   37.5000   37.5000 9714.9219   13.5236
   -7.5000   45.0000   37.5000 8616.0342   13.3538
    0.0000   45.0000   37.5000 9070.1748   13.3369
    7.5000   45.0000   37.5000 8733.6631   13.3286
   -7.5000  -45.0000   45.0000 9521.3457   13.7454
    0.0000  -45.0000   45.000010057.2246   13.7280
    7.5000  -45.0000   45.0000 9714.6699   13.7237
   -7.5000  -37.5000   45.000010001.3984   13.7486
    0.0000  -37.5000   45.000010539.0557   13.7301
    7.5000  -37.5000   45.000010187.0146   13.7305
   -7.5000  -30.0000   45.000010830.5078   13.7504
    0.0000  -30.0000   45.000011438.4199   13.7320
    7.5000  -30.0000   45.000011061.8262   13.7420
   -7.5000  -22.5000   45.000011614.2910   13.7524
    0.0000  -22.5000   45.000012285.6162   13.7342
    7.5000  -22.5000   45.000011834.7090   13.7483
   -7.5000  -15.0000   45.000012302.3896   13.7482
    0.0000  -15.0000   45.000012943.8184   13.7305
    7.5000  -15.0000   45.000012430.2139   13.7410
   -7.5000   -7.5000   45.000012792.1514   13.7432
    0.0000   -7.5000   45.000013429.8223   13.7263
    7.5000   -7.5000   45.000012876.3555   13.7279
   -7.5000    0.0000   45.000013049.9355   13.7454
    0.0000    0.0000   45.000013706.1572   13.7280
    7.5000    0.0000   45.000013134.6396   13.7237
   -7.5000    7.5000   45.000012277.9688   13.7486
    0.0000    7.5000   45.000012896.0254   13.7301
    7.5000    7.5000   45.000012355.4863   13.7305
   -7.5000   15.0000   45.000011360.6543   13.7504
    0.0000   15.0000   45.000011915.9023   13.7320
    7.5000   15.0000   45.000011430.0391   13.7420
   -7.5000   22.5000   45.000010457.0273   13.7460
    0.0000   22.5000   45.000010996.6543   13.7278
    7.5000   22.5000   45.000010552.8008   13.7419
   -7.5000   30.0000   45.0000 9543.4346   13.5691
    0.0000   30.0000   45.000010040.9463   13.5516
    7.5000   30.0000   45.0000 9637.5537   13.5620
   -7.5000   37.5000   45.0000 8970.8477   13.5816
    0.0000   37.5000   45.0000 9404.2549   13.5646
    7.5000   37.5000   45.0000 9033.4609   13.5658
   -7.5000   45.0000   45.0000 8036.0010   13.3953
    0.0000   45.0000   45.0000 8432.2646   13.3786
    7.5000   45.0000   45.0000 8106.3530   13.3751

---------------------------------------------------------------------
imgreg_4dfp /opt/freesurfer/average/711-2C_as_mni_average_305 /opt/freesurfer/average/711-2B_as_mni_average_305_mask talsrcimg_g11 none talsrcimg_to_711-2C_as_mni_average_305_t4 4355
---------------------------------------------------------------------

freesurfer imgreg_4dfp.c
/opt/freesurfer/average/711-2C_as_mni_average_305.4dfp.img
       256       256       256         1
  1.000000  1.000000  1.000000
orientation T byte_order littleendian
Reading image: /opt/freesurfer/average/711-2C_as_mni_average_305.4dfp.img
dimensions:      256       256       256
mmppix:       1.0000   -1.0000   -1.0000
center:     128.0000 -129.0000 -129.0000
/opt/freesurfer/average/711-2B_as_mni_average_305_mask.4dfp.img
       256       256       256         1
  1.000000  1.000000  1.000000
orientation T byte_order littleendian
Reading mask: /opt/freesurfer/average/711-2B_as_mni_average_305_mask.4dfp.img (2306576 pixels)
talsrcimg_g11.4dfp.img
       256       256       256         1
  1.000000  1.000000  1.000000
orientation T byte_order littleendian
Reading image: talsrcimg_g11.4dfp.img
dimensions:      256       256       256
mmppix:       1.0000   -1.0000   -1.0000
center:     128.0000 -129.0000 -129.0000
rotation matrix determinant  1.000000
image alignment mode   4355 decimal     1103 hex
   -7.5000  -45.0000  -45.0000 2091.3491   14.0900
    0.0000  -45.0000  -45.0000 2105.9785   13.9670
    7.5000  -45.0000  -45.0000 2101.4067   14.0471
   -7.5000  -37.5000  -45.0000 2128.7468   13.5307
    0.0000  -37.5000  -45.0000 2145.8274   13.3674
    7.5000  -37.5000  -45.0000 2142.0833   13.4093
   -7.5000  -30.0000  -45.0000 2137.9387   13.1317
    0.0000  -30.0000  -45.0000 2160.9128   12.9913
    7.5000  -30.0000  -45.0000 2160.0291   13.0203
   -7.5000  -22.5000  -45.0000 2136.3843   13.0249
    0.0000  -22.5000  -45.0000 2159.9314   12.8491
    7.5000  -22.5000  -45.0000 2154.6321   12.8724
   -7.5000  -15.0000  -45.0000 2125.9495   13.0446
    0.0000  -15.0000  -45.0000 2143.7190   12.8815
    7.5000  -15.0000  -45.0000 2138.1624   12.8830
   -7.5000   -7.5000  -45.0000 2108.9260   13.2114
    0.0000   -7.5000  -45.0000 2133.5227   13.0378
    7.5000   -7.5000  -45.0000 2128.9153   13.0223
   -7.5000    0.0000  -45.0000 2078.8098   13.6650
    0.0000    0.0000  -45.0000 2101.8979   13.4514
    7.5000    0.0000  -45.0000 2097.4873   13.4291
   -7.5000    7.5000  -45.0000 2033.8152   14.3438
    0.0000    7.5000  -45.0000 2055.4084   14.1430
    7.5000    7.5000  -45.0000 2050.4590   14.0977
   -7.5000   15.0000  -45.0000 1972.4474   15.3476
    0.0000   15.0000  -45.0000 1995.7363   15.0904
    7.5000   15.0000  -45.0000 1989.1219   15.0612
   -7.5000   22.5000  -45.0000 1889.4192   16.7117
    0.0000   22.5000  -45.0000 1913.6868   16.3921
    7.5000   22.5000  -45.0000 1912.1219   16.3952
   -7.5000   30.0000  -45.0000 1791.3168   18.5281
    0.0000   30.0000  -45.0000 1812.3204   18.0641
    7.5000   30.0000  -45.0000 1811.7921   18.1834
   -7.5000   37.5000  -45.0000 1691.4597   21.0786
    0.0000   37.5000  -45.0000 1716.1252   20.5633
    7.5000   37.5000  -45.0000 1714.7842   20.6951
   -7.5000   45.0000  -45.0000 1586.6731   24.7091
    0.0000   45.0000  -45.0000 1610.4481   24.1031
    7.5000   45.0000  -45.0000 1606.6951   24.1587
   -7.5000  -45.0000  -37.5000 2192.7754   12.9229
    0.0000  -45.0000  -37.5000 2212.6497   12.8065
    7.5000  -45.0000  -37.5000 2208.1680   12.8877
   -7.5000  -37.5000  -37.5000 2236.5425   12.3586
    0.0000  -37.5000  -37.5000 2257.4714   12.2244
    7.5000  -37.5000  -37.5000 2252.9600   12.2830
   -7.5000  -30.0000  -37.5000 2244.6775   12.0371
    0.0000  -30.0000  -37.5000 2269.0193   11.9104
    7.5000  -30.0000  -37.5000 2266.7722   11.9603
   -7.5000  -22.5000  -37.5000 2234.2998   11.9603
    0.0000  -22.5000  -37.5000 2258.9055   11.8213
    7.5000  -22.5000  -37.5000 2257.7021   11.8476
   -7.5000  -15.0000  -37.5000 2223.7502   11.9539
    0.0000  -15.0000  -37.5000 2247.1919   11.7934
    7.5000  -15.0000  -37.5000 2244.6912   11.7950
   -7.5000   -7.5000  -37.5000 2214.0193   12.0326
    0.0000   -7.5000  -37.5000 2240.0781   11.8640
    7.5000   -7.5000  -37.5000 2237.2537   11.8615
   -7.5000    0.0000  -37.5000 2187.6428   12.3799
    0.0000    0.0000  -37.5000 2210.3286   12.1863
    7.5000    0.0000  -37.5000 2208.2573   12.1852
   -7.5000    7.5000  -37.5000 2140.6174   13.0028
    0.0000    7.5000  -37.5000 2164.8359   12.7999
    7.5000    7.5000  -37.5000 2166.5603   12.7793
   -7.5000   15.0000  -37.5000 2074.6863   13.9012
    0.0000   15.0000  -37.5000 2098.4629   13.6771
    7.5000   15.0000  -37.5000 2100.6094   13.6506
   -7.5000   22.5000  -37.5000 1988.4963   15.1430
    0.0000   22.5000  -37.5000 2012.9464   14.8701
    7.5000   22.5000  -37.5000 2015.9435   14.8467
   -7.5000   30.0000  -37.5000 1884.5079   16.7899
    0.0000   30.0000  -37.5000 1906.3862   16.4200
    7.5000   30.0000  -37.5000 1905.3134   16.4281
   -7.5000   37.5000  -37.5000 1775.1373   18.9836
    0.0000   37.5000  -37.5000 1796.7000   18.5862
    7.5000   37.5000  -37.5000 1795.5216   18.6091
   -7.5000   45.0000  -37.5000 1658.2444   22.1203
    0.0000   45.0000  -37.5000 1680.2682   21.6131
    7.5000   45.0000  -37.5000 1676.7725   21.6004
   -7.5000  -45.0000  -30.0000 2323.9561   12.3202
    0.0000  -45.0000  -30.0000 2350.5491   12.2144
    7.5000  -45.0000  -30.0000 2350.8489   12.2727
   -7.5000  -37.5000  -30.0000 2374.2600   11.7585
    0.0000  -37.5000  -30.0000 2403.5623   11.6306
    7.5000  -37.5000  -30.0000 2402.8896   11.6924
   -7.5000  -30.0000  -30.0000 2389.6223   11.4553
    0.0000  -30.0000  -30.0000 2417.4917   11.3141
    7.5000  -30.0000  -30.0000 2419.3730   11.3665
   -7.5000  -22.5000  -30.0000 2388.8408   11.3436
    0.0000  -22.5000  -30.0000 2412.9509   11.2053
    7.5000  -22.5000  -30.0000 2413.4902   11.2308
   -7.5000  -15.0000  -30.0000 2375.4875   11.3329
    0.0000  -15.0000  -30.0000 2400.9543   11.1784
    7.5000  -15.0000  -30.0000 2398.0149   11.1889
   -7.5000   -7.5000  -30.0000 2360.8743   11.4212
    0.0000   -7.5000  -30.0000 2390.4712   11.2477
    7.5000   -7.5000  -30.0000 2386.6067   11.2660
   -7.5000    0.0000  -30.0000 2328.8037   11.7041
    0.0000    0.0000  -30.0000 2361.6636   11.5187
    7.5000    0.0000  -30.0000 2357.6636   11.5442
   -7.5000    7.5000  -30.0000 2280.5464   12.2667
    0.0000    7.5000  -30.0000 2314.0544   12.0990
    7.5000    7.5000  -30.0000 2315.5369   12.0865
   -7.5000   15.0000  -30.0000 2212.8906   13.0870
    0.0000   15.0000  -30.0000 2240.5305   12.8865
    7.5000   15.0000  -30.0000 2244.5364   12.8756
   -7.5000   22.5000  -30.0000 2123.2725   14.2312
    0.0000   22.5000  -30.0000 2149.6865   14.0053
    7.5000   22.5000  -30.0000 2155.0994   13.9755
   -7.5000   30.0000  -30.0000 2009.0673   15.7449
    0.0000   30.0000  -30.0000 2039.1586   15.4430
    7.5000   30.0000  -30.0000 2037.4735   15.4392
   -7.5000   37.5000  -30.0000 1892.7611   17.7537
    0.0000   37.5000  -30.0000 1918.8206   17.4675
    7.5000   37.5000  -30.0000 1916.5856   17.4438
   -7.5000   45.0000  -30.0000 1763.8243   20.6192
    0.0000   45.0000  -30.0000 1789.5348   20.2285
    7.5000   45.0000  -30.0000 1788.3979   20.1839
   -7.5000  -45.0000  -22.5000 2427.4048   11.6993
    0.0000  -45.0000  -22.5000 2458.1345   11.5846
    7.5000  -45.0000  -22.5000 2459.3660   11.6167
   -7.5000  -37.5000  -22.5000 2480.2476   11.1045
    0.0000  -37.5000  -22.5000 2515.3438   10.9948
    7.5000  -37.5000  -22.5000 2515.9104   11.0095
   -7.5000  -30.0000  -22.5000 2506.2124   10.7979
    0.0000  -30.0000  -22.5000 2534.4441   10.6612
    7.5000  -30.0000  -22.5000 2534.2146   10.7036
   -7.5000  -22.5000  -22.5000 2521.6824   10.6482
    0.0000  -22.5000  -22.5000 2547.8491   10.5216
    7.5000  -22.5000  -22.5000 2545.5125   10.5422
   -7.5000  -15.0000  -22.5000 2513.0129   10.6211
    0.0000  -15.0000  -22.5000 2542.5798   10.4887
    7.5000  -15.0000  -22.5000 2541.9617   10.5252
   -7.5000   -7.5000  -22.5000 2496.3242   10.7047
    0.0000   -7.5000  -22.5000 2527.0625   10.5585
    7.5000   -7.5000  -22.5000 2523.0964   10.5977
   -7.5000    0.0000  -22.5000 2457.7329   10.9778
    0.0000    0.0000  -22.5000 2494.1821   10.8187
    7.5000    0.0000  -22.5000 2490.9846   10.8603
   -7.5000    7.5000  -22.5000 2407.5344   11.4962
    0.0000    7.5000  -22.5000 2449.1436   11.3351
    7.5000    7.5000  -22.5000 2446.9727   11.3307
   -7.5000   15.0000  -22.5000 2336.8621   12.2463
    0.0000   15.0000  -22.5000 2370.9963   12.0575
    7.5000   15.0000  -22.5000 2370.3005   12.0671
   -7.5000   22.5000  -22.5000 2236.7539   13.2840
    0.0000   22.5000  -22.5000 2270.6829   13.0617
    7.5000   22.5000  -22.5000 2272.6792   13.0685
   -7.5000   30.0000  -22.5000 2118.1758   14.7073
    0.0000   30.0000  -22.5000 2152.9580   14.4253
    7.5000   30.0000  -22.5000 2150.2168   14.4256
   -7.5000   37.5000  -22.5000 1992.9302   16.6257
    0.0000   37.5000  -22.5000 2022.6057   16.3288
    7.5000   37.5000  -22.5000 2022.0618   16.2926
   -7.5000   45.0000  -22.5000 1857.5687   19.2376
    0.0000   45.0000  -22.5000 1883.0090   18.8548
    7.5000   45.0000  -22.5000 1883.3916   18.8332
   -7.5000  -45.0000  -15.0000 2491.0957   11.1294
    0.0000  -45.0000  -15.0000 2524.3296   11.0100
    7.5000  -45.0000  -15.0000 2524.2441   11.0214
   -7.5000  -37.5000  -15.0000 2550.0562   10.5368
    0.0000  -37.5000  -15.0000 2583.3457   10.4242
    7.5000  -37.5000  -15.0000 2587.0229   10.4196
   -7.5000  -30.0000  -15.0000 2593.1638   10.1374
    0.0000  -30.0000  -15.0000 2621.8464   10.0238
    7.5000  -30.0000  -15.0000 2623.8867   10.0490
   -7.5000  -22.5000  -15.0000 2623.0596    9.9465
    0.0000  -22.5000  -15.0000 2653.1201    9.8313
    7.5000  -22.5000  -15.0000 2650.8494    9.8615
   -7.5000  -15.0000  -15.0000 2623.6587    9.9112
    0.0000  -15.0000  -15.0000 2657.7581    9.7987
    7.5000  -15.0000  -15.0000 2656.1235    9.8318
   -7.5000   -7.5000  -15.0000 2612.0620   10.0078
    0.0000   -7.5000  -15.0000 2647.2151    9.8766
    7.5000   -7.5000  -15.0000 2642.7766    9.9250
   -7.5000    0.0000  -15.0000 2571.9990   10.3171
    0.0000    0.0000  -15.0000 2612.0642   10.1412
    7.5000    0.0000  -15.0000 2611.5564   10.1780
   -7.5000    7.5000  -15.0000 2519.8154   10.7886
    0.0000    7.5000  -15.0000 2559.5994   10.6078
    7.5000    7.5000  -15.0000 2560.1287   10.6178
   -7.5000   15.0000  -15.0000 2438.1785   11.4742
    0.0000   15.0000  -15.0000 2474.8569   11.2883
    7.5000   15.0000  -15.0000 2475.0459   11.3014
   -7.5000   22.5000  -15.0000 2332.4551   12.4482
    0.0000   22.5000  -15.0000 2368.6799   12.2052
    7.5000   22.5000  -15.0000 2367.9309   12.2245
   -7.5000   30.0000  -15.0000 2205.3254   13.7274
    0.0000   30.0000  -15.0000 2240.4143   13.5045
    7.5000   30.0000  -15.0000 2240.5439   13.4881
   -7.5000   37.5000  -15.0000 2071.6199   15.5321
    0.0000   37.5000  -15.0000 2097.4307   15.2647
    7.5000   37.5000  -15.0000 2101.4192   15.1801
   -7.5000   45.0000  -15.0000 1925.1858   17.9505
    0.0000   45.0000  -15.0000 1955.1652   17.6332
    7.5000   45.0000  -15.0000 1953.8428   17.5293
   -7.5000  -45.0000   -7.5000 2535.7808   10.6108
    0.0000  -45.0000   -7.5000 2569.4241   10.4787
    7.5000  -45.0000   -7.5000 2568.6318   10.4953
   -7.5000  -37.5000   -7.5000 2609.0950    9.9819
    0.0000  -37.5000   -7.5000 2644.2026    9.8631
    7.5000  -37.5000   -7.5000 2649.5134    9.8819
   -7.5000  -30.0000   -7.5000 2663.3755    9.5588
    0.0000  -30.0000   -7.5000 2697.4761    9.4419
    7.5000  -30.0000   -7.5000 2698.9426    9.4530
   -7.5000  -22.5000   -7.5000 2704.6892    9.3151
    0.0000  -22.5000   -7.5000 2740.2065    9.1839
    7.5000  -22.5000   -7.5000 2736.3972    9.2142
   -7.5000  -15.0000   -7.5000 2714.3938    9.2477
    0.0000  -15.0000   -7.5000 2755.3169    9.1136
    7.5000  -15.0000   -7.5000 2755.9604    9.1568
   -7.5000   -7.5000   -7.5000 2709.8777    9.3699
    0.0000   -7.5000   -7.5000 2751.0012    9.2286
    7.5000   -7.5000   -7.5000 2746.9473    9.2669
   -7.5000    0.0000   -7.5000 2677.9839    9.6596
    0.0000    0.0000   -7.5000 2718.3435    9.4907
    7.5000    0.0000   -7.5000 2719.2463    9.5265
   -7.5000    7.5000   -7.5000 2616.7346   10.0969
    0.0000    7.5000   -7.5000 2659.1682    9.9284
    7.5000    7.5000   -7.5000 2660.7910    9.9638
   -7.5000   15.0000   -7.5000 2524.8430   10.7695
    0.0000   15.0000   -7.5000 2563.3110   10.5713
    7.5000   15.0000   -7.5000 2563.1191   10.5929
   -7.5000   22.5000   -7.5000 2409.9302   11.6760
    0.0000   22.5000   -7.5000 2445.5742   11.4533
    7.5000   22.5000   -7.5000 2444.2664   11.4943
   -7.5000   30.0000   -7.5000 2278.4602   12.9106
    0.0000   30.0000   -7.5000 2312.0112   12.6691
    7.5000   30.0000   -7.5000 2311.0344   12.6745
   -7.5000   37.5000   -7.5000 2137.9924   14.5897
    0.0000   37.5000   -7.5000 2166.6448   14.3016
    7.5000   37.5000   -7.5000 2164.8689   14.2611
   -7.5000   45.0000   -7.5000 1981.7013   16.8221
    0.0000   45.0000   -7.5000 2008.4075   16.4845
    7.5000   45.0000   -7.5000 2007.9537   16.4185
   -7.5000  -45.0000    0.0000 2553.4971   10.2761
    0.0000  -45.0000    0.0000 2590.4023   10.1020
    7.5000  -45.0000    0.0000 2594.8782   10.1205
   -7.5000  -37.5000    0.0000 2648.8342    9.5584
    0.0000  -37.5000    0.0000 2687.3291    9.3950
    7.5000  -37.5000    0.0000 2692.8110    9.4316
   -7.5000  -30.0000    0.0000 2724.1179    9.0971
    0.0000  -30.0000    0.0000 2762.3706    8.9624
    7.5000  -30.0000    0.0000 2763.5413    8.9833
   -7.5000  -22.5000    0.0000 2775.9299    8.8348
    0.0000  -22.5000    0.0000 2813.8767    8.6858
    7.5000  -22.5000    0.0000 2811.5769    8.7046
   -7.5000  -15.0000    0.0000 2800.0596    8.7438
    0.0000  -15.0000    0.0000 2844.5205    8.5807
    7.5000  -15.0000    0.0000 2841.2639    8.6157
   -7.5000   -7.5000    0.0000 2795.1738    8.8560
    0.0000   -7.5000    0.0000 2837.7729    8.6864
    7.5000   -7.5000    0.0000 2836.1812    8.7380
   -7.5000    0.0000    0.0000 2756.6206    9.1330
    0.0000    0.0000    0.0000 2802.3425    8.9619
    7.5000    0.0000    0.0000 2807.9675    9.0040
   -7.5000    7.5000    0.0000 2693.1895    9.5436
    0.0000    7.5000    0.0000 2737.4795    9.3806
    7.5000    7.5000    0.0000 2740.0454    9.4299
   -7.5000   15.0000    0.0000 2595.4280   10.2058
    0.0000   15.0000    0.0000 2634.0117    9.9954
    7.5000   15.0000    0.0000 2633.5513   10.0566
   -7.5000   22.5000    0.0000 2471.6250   11.1040
    0.0000   22.5000    0.0000 2509.9202   10.8649
    7.5000   22.5000    0.0000 2507.8293   10.9208
   -7.5000   30.0000    0.0000 2333.2188   12.2953
    0.0000   30.0000    0.0000 2368.6843   12.0362
    7.5000   30.0000    0.0000 2369.5466   12.0578
   -7.5000   37.5000    0.0000 2183.8887   13.8738
    0.0000   37.5000    0.0000 2218.4634   13.5797
    7.5000   37.5000    0.0000 2217.1094   13.5828
   -7.5000   45.0000    0.0000 2025.4468   15.9674
    0.0000   45.0000    0.0000 2052.7417   15.6312
    7.5000   45.0000    0.0000 2055.1497   15.6103
   -7.5000  -45.0000    7.5000 2556.1931   10.0847
    0.0000  -45.0000    7.5000 2594.6985    9.8531
    7.5000  -45.0000    7.5000 2603.0898    9.8583
   -7.5000  -37.5000    7.5000 2663.5144    9.3293
    0.0000  -37.5000    7.5000 2702.5850    9.1294
    7.5000  -37.5000    7.5000 2707.4797    9.1450
   -7.5000  -30.0000    7.5000 2759.6548    8.7987
    0.0000  -30.0000    7.5000 2801.7312    8.6094
    7.5000  -30.0000    7.5000 2800.3066    8.6472
   -7.5000  -22.5000    7.5000 2833.5703    8.4963
    0.0000  -22.5000    7.5000 2877.0413    8.3246
    7.5000  -22.5000    7.5000 2879.6509    8.3510
   -7.5000  -15.0000    7.5000 2868.8364    8.4022
    0.0000  -15.0000    7.5000 2923.2517    8.2205
    7.5000  -15.0000    7.5000 2923.7043    8.2655
   -7.5000   -7.5000    7.5000 2864.9280    8.5448
    0.0000   -7.5000    7.5000 2920.7742    8.3413
    7.5000   -7.5000    7.5000 2919.5488    8.4138
   -7.5000    0.0000    7.5000 2819.4509    8.7889
    0.0000    0.0000    7.5000 2873.6255    8.6131
    7.5000    0.0000    7.5000 2876.6294    8.6778
   -7.5000    7.5000    7.5000 2752.0872    9.1953
    0.0000    7.5000    7.5000 2801.2351    8.9884
    7.5000    7.5000    7.5000 2808.3552    9.0569
   -7.5000   15.0000    7.5000 2647.1841    9.8363
    0.0000   15.0000    7.5000 2693.8677    9.5809
    7.5000   15.0000    7.5000 2697.5332    9.6407
   -7.5000   22.5000    7.5000 2517.1194   10.7271
    0.0000   22.5000    7.5000 2560.5269   10.4729
    7.5000   22.5000    7.5000 2561.8228   10.5244
   -7.5000   30.0000    7.5000 2375.0574   11.9227
    0.0000   30.0000    7.5000 2412.7170   11.6438
    7.5000   30.0000    7.5000 2416.2415   11.6816
   -7.5000   37.5000    7.5000 2218.5264   13.4183
    0.0000   37.5000    7.5000 2259.5222   13.1013
    7.5000   37.5000    7.5000 2261.5159   13.1373
   -7.5000   45.0000    7.5000 2055.8074   15.3033
    0.0000   45.0000    7.5000 2089.7659   14.9896
    7.5000   45.0000    7.5000 2088.2134   15.0098
   -7.5000  -45.0000   15.0000 2550.9646    9.9923
    0.0000  -45.0000   15.0000 2588.3162    9.7474
    7.5000  -45.0000   15.0000 2594.1074    9.7138
   -7.5000  -37.5000   15.0000 2658.8860    9.2444
    0.0000  -37.5000   15.0000 2696.3691    9.0236
    7.5000  -37.5000   15.0000 2699.8396    8.9949
   -7.5000  -30.0000   15.0000 2760.5190    8.7324
    0.0000  -30.0000   15.0000 2801.8840    8.5200
    7.5000  -30.0000   15.0000 2808.3054    8.4990
   -7.5000  -22.5000   15.0000 2854.2563    8.4032
    0.0000  -22.5000   15.0000 2906.2163    8.2417
    7.5000  -22.5000   15.0000 2911.4431    8.2382
   -7.5000  -15.0000   15.0000 2907.8628    8.2821
    0.0000  -15.0000   15.0000 2984.2280    8.1263
    7.5000  -15.0000   15.0000 2982.3315    8.1720
   -7.5000   -7.5000   15.0000 2910.0078    8.3744
    0.0000   -7.5000   15.0000 2988.8010    8.2145
    7.5000   -7.5000   15.0000 2985.6423    8.2709
   -7.5000    0.0000   15.0000 2858.2649    8.6204
    0.0000    0.0000   15.0000 2923.7117    8.4433
    7.5000    0.0000   15.0000 2919.8711    8.4739
   -7.5000    7.5000   15.0000 2784.5266    8.9999
    0.0000    7.5000   15.0000 2839.4966    8.7914
    7.5000    7.5000   15.0000 2842.8936    8.7907
   -7.5000   15.0000   15.0000 2676.6392    9.6104
    0.0000   15.0000   15.0000 2726.4524    9.3759
    7.5000   15.0000   15.0000 2729.9727    9.3771
   -7.5000   22.5000   15.0000 2540.6047   10.5100
    0.0000   22.5000   15.0000 2590.0488   10.2716
    7.5000   22.5000   15.0000 2591.5413   10.2715
   -7.5000   30.0000   15.0000 2392.7988   11.6773
    0.0000   30.0000   15.0000 2438.3374   11.4218
    7.5000   30.0000   15.0000 2440.2288   11.4261
   -7.5000   37.5000   15.0000 2239.3740   13.1217
    0.0000   37.5000   15.0000 2278.0491   12.8357
    7.5000   37.5000   15.0000 2281.3938   12.8575
   -7.5000   45.0000   15.0000 2076.3328   14.9994
    0.0000   45.0000   15.0000 2110.9739   14.6663
    7.5000   45.0000   15.0000 2109.8547   14.6562
   -7.5000  -45.0000   22.5000 2536.7380   10.0736
    0.0000  -45.0000   22.5000 2574.4377    9.7780
    7.5000  -45.0000   22.5000 2575.4902    9.7387
   -7.5000  -37.5000   22.5000 2639.8977    9.3026
    0.0000  -37.5000   22.5000 2680.3577    9.0612
    7.5000  -37.5000   22.5000 2680.6292    9.0236
   -7.5000  -30.0000   22.5000 2741.2720    8.7622
    0.0000  -30.0000   22.5000 2787.7024    8.5662
    7.5000  -30.0000   22.5000 2789.6963    8.5390
   -7.5000  -22.5000   22.5000 2831.8914    8.4911
    0.0000  -22.5000   22.5000 2892.0012    8.3861
    7.5000  -22.5000   22.5000 2895.0422    8.3293
   -7.5000  -15.0000   22.5000 2896.6841    8.3710
    0.0000  -15.0000   22.5000 2981.5449    8.2891
    7.5000  -15.0000   22.5000 2985.2444    8.2539
   -7.5000   -7.5000   22.5000 2909.8579    8.4000
    0.0000   -7.5000   22.5000 3004.2439    8.2287
    7.5000   -7.5000   22.5000 2998.0903    8.2295
   -7.5000    0.0000   22.5000 2863.1970    8.6012
    0.0000    0.0000   22.5000 2941.0876    8.3801
    7.5000    0.0000   22.5000 2935.1943    8.3821
   -7.5000    7.5000   22.5000 2783.0713    8.9655
    0.0000    7.5000   22.5000 2843.0591    8.7251
    7.5000    7.5000   22.5000 2849.5251    8.7274
   -7.5000   15.0000   22.5000 2677.8306    9.5752
    0.0000   15.0000   22.5000 2728.5537    9.3125
    7.5000   15.0000   22.5000 2736.1487    9.3063
   -7.5000   22.5000   22.5000 2550.2798   10.4488
    0.0000   22.5000   22.5000 2595.2532   10.1860
    7.5000   22.5000   22.5000 2599.9583   10.1911
   -7.5000   30.0000   22.5000 2399.8813   11.5743
    0.0000   30.0000   22.5000 2442.4094   11.3115
    7.5000   30.0000   22.5000 2446.6421   11.3218
   -7.5000   37.5000   22.5000 2244.4583   13.0087
    0.0000   37.5000   22.5000 2288.0427   12.7305
    7.5000   37.5000   22.5000 2288.8091   12.7321
   -7.5000   45.0000   22.5000 2078.5142   14.8373
    0.0000   45.0000   22.5000 2111.5254   14.5313
    7.5000   45.0000   22.5000 2113.7244   14.4993
   -7.5000  -45.0000   30.0000 2500.8643   10.3595
    0.0000  -45.0000   30.0000 2540.1438   10.0509
    7.5000  -45.0000   30.0000 2541.1953   10.0054
   -7.5000  -37.5000   30.0000 2607.6113    9.5593
    0.0000  -37.5000   30.0000 2652.1724    9.2957
    7.5000  -37.5000   30.0000 2648.0586    9.2609
   -7.5000  -30.0000   30.0000 2703.0728    9.0178
    0.0000  -30.0000   30.0000 2755.0300    8.7648
    7.5000  -30.0000   30.0000 2752.5874    8.7359
   -7.5000  -22.5000   30.0000 2789.7393    8.6936
    0.0000  -22.5000   30.0000 2848.4458    8.4977
    7.5000  -22.5000   30.0000 2850.6748    8.4790
   -7.5000  -15.0000   30.0000 2846.8279    8.6014
    0.0000  -15.0000   30.0000 2917.9973    8.3935
    7.5000  -15.0000   30.0000 2924.6511    8.3780
   -7.5000   -7.5000   30.0000 2868.7996    8.6366
    0.0000   -7.5000   30.0000 2949.0229    8.4054
    7.5000   -7.5000   30.0000 2944.7361    8.3630
   -7.5000    0.0000   30.0000 2833.8254    8.8202
    0.0000    0.0000   30.0000 2911.2473    8.5880
    7.5000    0.0000   30.0000 2906.0754    8.5635
   -7.5000    7.5000   30.0000 2756.6553    9.1798
    0.0000    7.5000   30.0000 2815.5742    8.9465
    7.5000    7.5000   30.0000 2819.8079    8.9308
   -7.5000   15.0000   30.0000 2651.6497    9.7550
    0.0000   15.0000   30.0000 2699.4434    9.5071
    7.5000   15.0000   30.0000 2707.1497    9.4733
   -7.5000   22.5000   30.0000 2527.6206   10.5739
    0.0000   22.5000   30.0000 2570.1807   10.3025
    7.5000   22.5000   30.0000 2580.8792   10.2841
   -7.5000   30.0000   30.0000 2387.1357   11.6304
    0.0000   30.0000   30.0000 2431.7766   11.3409
    7.5000   30.0000   30.0000 2437.1528   11.3346
   -7.5000   37.5000   30.0000 2233.0234   13.0106
    0.0000   37.5000   30.0000 2275.1902   12.6865
    7.5000   37.5000   30.0000 2277.1934   12.6989
   -7.5000   45.0000   30.0000 2064.7698   14.8409
    0.0000   45.0000   30.0000 2096.6375   14.4713
    7.5000   45.0000   30.0000 2102.7253   14.4653
   -7.5000  -45.0000   37.5000 2455.6865   10.8382
    0.0000  -45.0000   37.5000 2500.3010   10.4873
    7.5000  -45.0000   37.5000 2500.9553   10.4280
   -7.5000  -37.5000   37.5000 2557.6333    9.9941
    0.0000  -37.5000   37.5000 2605.3669    9.6701
    7.5000  -37.5000   37.5000 2608.4868    9.6211
   -7.5000  -30.0000   37.5000 2650.8752    9.4142
    0.0000  -30.0000   37.5000 2703.2202    9.1087
    7.5000  -30.0000   37.5000 2703.3210    9.0774
   -7.5000  -22.5000   37.5000 2730.2000    9.0865
    0.0000  -22.5000   37.5000 2789.1160    8.8205
    7.5000  -22.5000   37.5000 2791.0024    8.7875
   -7.5000  -15.0000   37.5000 2782.8704    8.9492
    0.0000  -15.0000   37.5000 2846.4041    8.6558
    7.5000  -15.0000   37.5000 2849.6392    8.6079
   -7.5000   -7.5000   37.5000 2793.5696    9.0159
    0.0000   -7.5000   37.5000 2859.5615    8.7079
    7.5000   -7.5000   37.5000 2858.0625    8.6780
   -7.5000    0.0000   37.5000 2768.1003    9.1852
    0.0000    0.0000   37.5000 2835.2437    8.9052
    7.5000    0.0000   37.5000 2838.8152    8.8866
   -7.5000    7.5000   37.5000 2699.3816    9.5596
    0.0000    7.5000   37.5000 2758.2485    9.3019
    7.5000    7.5000   37.5000 2761.5415    9.2902
   -7.5000   15.0000   37.5000 2604.7422   10.1058
    0.0000   15.0000   37.5000 2650.9958    9.8525
    7.5000   15.0000   37.5000 2658.0972    9.8341
   -7.5000   22.5000   37.5000 2486.5498   10.8685
    0.0000   22.5000   37.5000 2530.2498   10.5901
    7.5000   22.5000   37.5000 2537.8008   10.5799
   -7.5000   30.0000   37.5000 2353.7473   11.8485
    0.0000   30.0000   37.5000 2398.6418   11.5583
    7.5000   30.0000   37.5000 2402.8030   11.5311
   -7.5000   37.5000   37.5000 2206.2356   13.1850
    0.0000   37.5000   37.5000 2240.7153   12.8575
    7.5000   37.5000   37.5000 2247.2937   12.8230
   -7.5000   45.0000   37.5000 2039.7213   14.9423
    0.0000   45.0000   37.5000 2069.9128   14.5719
    7.5000   45.0000   37.5000 2079.7930   14.5364
   -7.5000  -45.0000   45.0000 2394.3972   11.4665
    0.0000  -45.0000   45.0000 2439.0264   11.0675
    7.5000  -45.0000   45.0000 2447.2104   10.9865
   -7.5000  -37.5000   45.0000 2492.1060   10.5831
    0.0000  -37.5000   45.0000 2541.4961   10.2151
    7.5000  -37.5000   45.0000 2550.4653   10.1687
   -7.5000  -30.0000   45.0000 2584.2549    9.9836
    0.0000  -30.0000   45.0000 2636.3237    9.6421
    7.5000  -30.0000   45.0000 2641.0513    9.6166
   -7.5000  -22.5000   45.0000 2657.9546    9.6237
    0.0000  -22.5000   45.0000 2718.0808    9.3137
    7.5000  -22.5000   45.0000 2727.1128    9.2606
   -7.5000  -15.0000   45.0000 2702.4314    9.4559
    0.0000  -15.0000   45.0000 2762.8682    9.1249
    7.5000  -15.0000   45.0000 2767.6921    9.0732
   -7.5000   -7.5000   45.0000 2706.3474    9.5171
    0.0000   -7.5000   45.0000 2763.4612    9.1926
    7.5000   -7.5000   45.0000 2766.9216    9.1365
   -7.5000    0.0000   45.0000 2674.3186    9.7030
    0.0000    0.0000   45.0000 2731.3870    9.3992
    7.5000    0.0000   45.0000 2738.4160    9.3395
   -7.5000    7.5000   45.0000 2621.9561   10.0415
    0.0000    7.5000   45.0000 2674.7302    9.7454
    7.5000    7.5000   45.0000 2681.2471    9.7087
   -7.5000   15.0000   45.0000 2539.3176   10.5759
    0.0000   15.0000   45.0000 2580.2639   10.2905
    7.5000   15.0000   45.0000 2589.2595   10.2812
   -7.5000   22.5000   45.0000 2428.2449   11.3219
    0.0000   22.5000   45.0000 2472.6697   11.0306
    7.5000   22.5000   45.0000 2480.7075   11.0043
   -7.5000   30.0000   45.0000 2302.7429   12.2632
    0.0000   30.0000   45.0000 2344.0789   11.9708
    7.5000   30.0000   45.0000 2351.0879   11.9307
   -7.5000   37.5000   45.0000 2163.9836   13.5089
    0.0000   37.5000   45.0000 2195.0437   13.1963
    7.5000   37.5000   45.0000 2200.5020   13.1807
   -7.5000   45.0000   45.0000 1999.8234   15.2296
    0.0000   45.0000   45.0000 2032.4962   14.8643
    7.5000   45.0000   45.0000 2042.6162   14.8284

---------------------------------------------------------------------
imgreg_4dfp /opt/freesurfer/average/711-2C_as_mni_average_305 /opt/freesurfer/average/711-2B_as_mni_average_305_mask talsrcimg_g11 none talsrcimg_to_711-2C_as_mni_average_305_t4 1283
---------------------------------------------------------------------

freesurfer imgreg_4dfp.c
/opt/freesurfer/average/711-2C_as_mni_average_305.4dfp.img
       256       256       256         1
  1.000000  1.000000  1.000000
orientation T byte_order littleendian
Reading image: /opt/freesurfer/average/711-2C_as_mni_average_305.4dfp.img
dimensions:      256       256       256
mmppix:       1.0000   -1.0000   -1.0000
center:     128.0000 -129.0000 -129.0000
/opt/freesurfer/average/711-2B_as_mni_average_305_mask.4dfp.img
       256       256       256         1
  1.000000  1.000000  1.000000
orientation T byte_order littleendian
Reading mask: /opt/freesurfer/average/711-2B_as_mni_average_305_mask.4dfp.img (2306576 pixels)
talsrcimg_g11.4dfp.img
       256       256       256         1
  1.000000  1.000000  1.000000
orientation T byte_order littleendian
Reading image: talsrcimg_g11.4dfp.img
dimensions:      256       256       256
mmppix:       1.0000   -1.0000   -1.0000
center:     128.0000 -129.0000 -129.0000
rotation matrix determinant  1.000000
fimgreg.f
image alignment mode   1283 decimal      503 hex
parameters
    0.0000   -7.5000   22.5000    0.0000    0.0000    0.0000
eta,q 0.94109  8.26799
niter,ni,del,rscale     5    3   12.0000    1.2000
parameter  1 -0.696079 -> -0.500000 qaram    1.1500
parameter  3  0.626100 ->  0.500000 qaram    1.1500
parameter  4  0.623395 ->  0.500000 qaram    1.1500
parameters
    3.4500   -9.7623   19.0500   -3.4500    1.1113    0.4061
eta,q 0.95231  8.21614
  0.0862  0.0577  0.0520  0.0480  0.0585  0.0532
  0.0758  0.0541  0.0494  0.0480  0.0537  0.0506
  0.0667  0.0530  0.0499  0.0483  0.0501  0.0485
  0.0610  0.0550  0.0531  0.0494  0.0480  0.0477
  0.0570  0.0588  0.0577  0.0516  0.0478  0.0480
  0.0549  0.0630  0.0627  0.0554  0.0495  0.0496
  0.0569  0.0673  0.0684  0.0603  0.0531  0.0520
niter,ni,del,rscale     7    3   12.0000    1.2000
parameters
    3.3687   -8.5053   18.9745   -6.2157    1.0090    0.8444
eta,q 0.95335  8.16655
  0.0666  0.0598  0.0598  0.0485  0.0534  0.0520
  0.0570  0.0526  0.0537  0.0466  0.0500  0.0494
  0.0499  0.0488  0.0493  0.0468  0.0477  0.0477
  0.0477  0.0477  0.0479  0.0478  0.0467  0.0467
  0.0512  0.0480  0.0495  0.0490  0.0477  0.0469
  0.0585  0.0489  0.0537  0.0519  0.0505  0.0485
  0.0666  0.0518  0.0605  0.0567  0.0538  0.0508
niter,ni,del,rscale     6    3   12.0000    1.2000
parameters
    3.2967   -7.8697   18.1875   -6.5276    0.9247    0.9237
eta,q 0.95437  8.14427
  0.0653  0.0577  0.0552  0.0527  0.0529  0.0509
  0.0560  0.0513  0.0489  0.0485  0.0491  0.0486
  0.0493  0.0484  0.0457  0.0460  0.0465  0.0467
  0.0467  0.0466  0.0464  0.0458  0.0457  0.0456
  0.0499  0.0467  0.0490  0.0476  0.0470  0.0462
  0.0571  0.0493  0.0528  0.0498  0.0497  0.0482
  0.0655  0.0536  0.0594  0.0532  0.0529  0.0510
niter,ni,del,rscale     5    3   12.0000    1.2000
parameters
    3.4334   -7.7631   18.1120   -6.6878    0.7668    1.0072
eta,q 0.95453  8.14225
  0.0664  0.0552  0.0575  0.0529  0.0527  0.0509
  0.0567  0.0504  0.0504  0.0488  0.0489  0.0487
  0.0491  0.0475  0.0460  0.0461  0.0463  0.0466
  0.0456  0.0456  0.0456  0.0456  0.0455  0.0455
  0.0486  0.0466  0.0481  0.0473  0.0470  0.0461
  0.0560  0.0501  0.0513  0.0497  0.0498  0.0481
  0.0647  0.0547  0.0570  0.0530  0.0530  0.0510
niter,ni,del,rscale     4    3   12.0000    1.2000
parameters
    3.5088   -7.7060   18.0589   -6.7805    0.6639    1.0618
eta,q 0.95463  8.14110
  0.0660  0.0550  0.0576  0.0530  0.0528  0.0509
  0.0565  0.0503  0.0504  0.0490  0.0490  0.0486
  0.0489  0.0473  0.0459  0.0461  0.0462  0.0465
  0.0455  0.0455  0.0455  0.0454  0.0454  0.0454
  0.0486  0.0466  0.0480  0.0472  0.0469  0.0460
  0.0562  0.0502  0.0512  0.0496  0.0496  0.0481
  0.0650  0.0548  0.0570  0.0529  0.0529  0.0511
niter,ni,del,rscale     3    3   12.0000    1.2000
parameters
    3.5550   -7.6708   18.0333   -6.8373    0.6012    1.0958
eta,q 0.95468  8.14052
  0.0659  0.0549  0.0577  0.0531  0.0529  0.0508
  0.0564  0.0503  0.0505  0.0490  0.0490  0.0486
  0.0487  0.0472  0.0459  0.0462  0.0462  0.0464
  0.0454  0.0454  0.0454  0.0453  0.0453  0.0453
  0.0486  0.0466  0.0479  0.0471  0.0468  0.0460
  0.0563  0.0502  0.0511  0.0496  0.0496  0.0481
  0.0652  0.0548  0.0569  0.0528  0.0528  0.0511
niter,ni,del,rscale     2    3   12.0000    1.2000
parameters
    3.5815   -7.6490   18.0202   -6.8718    0.5646    1.1169
eta,q 0.95471  8.14012
  0.0658  0.0548  0.0577  0.0531  0.0530  0.0508
  0.0563  0.0503  0.0505  0.0491  0.0490  0.0486
  0.0486  0.0472  0.0459  0.0462  0.0462  0.0464
  0.0453  0.0453  0.0453  0.0453  0.0453  0.0453
  0.0486  0.0466  0.0479  0.0470  0.0468  0.0460
  0.0564  0.0502  0.0511  0.0495  0.0495  0.0482
  0.0653  0.0549  0.0569  0.0528  0.0527  0.0512
registration optimization eta report
parameter search radius
    6.9000    6.0000    6.9000    6.9000    6.0000    6.0000
100000*second partial in parameter space
       41.       25.       25.       15.       20.       15.
  0.0658  0.0548  0.0577  0.0531  0.0530  0.0508
  0.0563  0.0503  0.0505  0.0491  0.0490  0.0486
  0.0486  0.0472  0.0459  0.0462  0.0462  0.0464
  0.0453  0.0453  0.0453  0.0453  0.0453  0.0453
  0.0486  0.0466  0.0479  0.0470  0.0468  0.0460
  0.0564  0.0502  0.0511  0.0495  0.0495  0.0482
  0.0653  0.0549  0.0569  0.0528  0.0527  0.0512
    3.5815   -7.6490   18.0202   -6.8718    0.5646    1.1169
eta,q 0.95471  8.14012

---------------------------------------------------------------------
imgreg_4dfp /opt/freesurfer/average/711-2C_as_mni_average_305 /opt/freesurfer/average/711-2B_as_mni_average_305_mask talsrcimg_g11 none talsrcimg_to_711-2C_as_mni_average_305_t4 3335
---------------------------------------------------------------------

freesurfer imgreg_4dfp.c
/opt/freesurfer/average/711-2C_as_mni_average_305.4dfp.img
       256       256       256         1
  1.000000  1.000000  1.000000
orientation T byte_order littleendian
Reading image: /opt/freesurfer/average/711-2C_as_mni_average_305.4dfp.img
dimensions:      256       256       256
mmppix:       1.0000   -1.0000   -1.0000
center:     128.0000 -129.0000 -129.0000
/opt/freesurfer/average/711-2B_as_mni_average_305_mask.4dfp.img
       256       256       256         1
  1.000000  1.000000  1.000000
orientation T byte_order littleendian
Reading mask: /opt/freesurfer/average/711-2B_as_mni_average_305_mask.4dfp.img (2306576 pixels)
talsrcimg_g11.4dfp.img
       256       256       256         1
  1.000000  1.000000  1.000000
orientation T byte_order littleendian
Reading image: talsrcimg_g11.4dfp.img
dimensions:      256       256       256
mmppix:       1.0000   -1.0000   -1.0000
center:     128.0000 -129.0000 -129.0000
fimgreg.f
image alignment mode   3335 decimal      D07 hex
parameters
    3.5815   -7.6490   18.0202   -0.0238   -0.7349   -0.7232
   -1.8173   -1.2113    1.9491   11.9435    0.9854  -11.9642
eta,q 0.95664  8.17356
niter,ni,del,rscale     5    3    5.0000    1.2000
parameter  4  1.200022 ->  0.500000 qaram    1.1500
parameter  5  1.703942 ->  0.500000 qaram    1.1500
parameter  6  0.624153 ->  0.500000 qaram    1.1500
parameter 11 -0.822919 -> -0.500000 qaram    1.1500
parameter 12 -0.672664 -> -0.500000 qaram    1.1500
parameters
    3.5691   -8.2762   18.4567   -4.1638   -4.8749   -4.8632
   -1.1078   -0.3456    3.2106   12.4501    5.1254   -7.8242
eta,q 0.96563  7.94480
  0.0463  0.0443  0.0458  0.0396  0.0353  0.0357  0.0388  0.0405  0.0379  0.0388  0.0378  0.0386
  0.0447  0.0435  0.0446  0.0402  0.0364  0.0357  0.0372  0.0381  0.0368  0.0373  0.0369  0.0372
  0.0437  0.0432  0.0437  0.0414  0.0382  0.0360  0.0361  0.0364  0.0360  0.0362  0.0362  0.0360
  0.0434  0.0434  0.0432  0.0432  0.0405  0.0369  0.0357  0.0357  0.0357  0.0356  0.0356  0.0351
  0.0437  0.0439  0.0432  0.0457  0.0431  0.0391  0.0359  0.0359  0.0357  0.0358  0.0352  0.0345
  0.0448  0.0449  0.0436  0.0489  0.0463  0.0427  0.0366  0.0369  0.0360  0.0367  0.0350  0.0344
  0.0464  0.0461  0.0444  0.0522  0.0499  0.0471  0.0377  0.0386  0.0367  0.0381  0.0351  0.0346
niter,ni,del,rscale     7    3    5.0000    1.2000
parameter  5  0.787482 ->  0.500000 qaram    1.3225
parameters
    3.9204   -7.6134   18.0996   -7.9069   -9.6359   -7.7326
   -0.2406   -1.0720    5.4135   12.8560    3.1828   -6.6749
eta,q 0.96834  7.53743
  0.0382  0.0377  0.0352  0.0342  0.0321  0.0325  0.0347  0.0349  0.0338  0.0338  0.0323  0.0333
  0.0363  0.0361  0.0345  0.0337  0.0322  0.0320  0.0334  0.0331  0.0330  0.0327  0.0318  0.0324
  0.0350  0.0349  0.0342  0.0336  0.0325  0.0321  0.0325  0.0321  0.0324  0.0321  0.0317  0.0319
  0.0344  0.0343  0.0341  0.0341  0.0336  0.0322  0.0320  0.0320  0.0319  0.0318  0.0317  0.0317
  0.0344  0.0342  0.0345  0.0352  0.0355  0.0324  0.0321  0.0327  0.0318  0.0318  0.0320  0.0317
  0.0351  0.0345  0.0352  0.0372  0.0378  0.0340  0.0326  0.0342  0.0319  0.0324  0.0325  0.0320
  0.0365  0.0353  0.0361  0.0403  0.0407  0.0377  0.0337  0.0361  0.0324  0.0334  0.0332  0.0326
niter,ni,del,rscale     7    3    5.0000    1.2000
parameter  5  0.656019 ->  0.500000 qaram    1.5209
parameters
    3.9605   -6.9316   18.0485   -9.5184  -15.1111  -10.3977
   -1.5963   -0.4805    3.3802   14.7381    6.0370   -4.0958
eta,q 0.97033  7.13213
  0.0348  0.0346  0.0328  0.0329  0.0307  0.0314  0.0317  0.0344  0.0308  0.0330  0.0321  0.0317
  0.0332  0.0332  0.0321  0.0321  0.0307  0.0305  0.0307  0.0324  0.0302  0.0315  0.0312  0.0308
  0.0321  0.0322  0.0317  0.0317  0.0310  0.0303  0.0302  0.0309  0.0300  0.0305  0.0304  0.0301
  0.0317  0.0316  0.0316  0.0315  0.0316  0.0308  0.0303  0.0302  0.0302  0.0300  0.0300  0.0298
  0.0319  0.0316  0.0317  0.0320  0.0325  0.0314  0.0309  0.0304  0.0307  0.0300  0.0298  0.0297
  0.0330  0.0318  0.0322  0.0332  0.0343  0.0320  0.0319  0.0315  0.0314  0.0303  0.0299  0.0298
  0.0347  0.0324  0.0329  0.0349  0.0368  0.0336  0.0331  0.0333  0.0323  0.0309  0.0304  0.0302
niter,ni,del,rscale     7    3    5.0000    1.2000
parameter  2 -0.645594 -> -0.500000 qaram    1.1500
parameter  5  0.570216 ->  0.500000 qaram    1.7490
parameters
    3.9065   -5.5516   17.6013  -12.3271  -21.4075  -12.1049
   -2.0536   -0.5107    1.7327   16.0757    5.8845   -5.6090
eta,q 0.97294  6.71886
  0.0325  0.0336  0.0298  0.0296  0.0284  0.0291  0.0294  0.0312  0.0287  0.0308  0.0285  0.0279
  0.0309  0.0319  0.0292  0.0288  0.0275  0.0280  0.0283  0.0291  0.0277  0.0292  0.0277  0.0273
  0.0300  0.0306  0.0289  0.0286  0.0276  0.0274  0.0276  0.0277  0.0273  0.0279  0.0272  0.0271
  0.0297  0.0297  0.0290  0.0289  0.0286  0.0275  0.0274  0.0274  0.0274  0.0272  0.0271  0.0271
  0.0301  0.0291  0.0293  0.0296  0.0302  0.0283  0.0278  0.0279  0.0280  0.0272  0.0273  0.0274
  0.0311  0.0290  0.0299  0.0308  0.0322  0.0296  0.0287  0.0292  0.0292  0.0278  0.0278  0.0280
  0.0328  0.0292  0.0308  0.0323  0.0345  0.0311  0.0300  0.0311  0.0308  0.0289  0.0285  0.0287
niter,ni,del,rscale     7    3    5.0000    1.2000
parameters
    4.0434   -4.7119   16.7312  -12.5689  -21.3556  -12.9399
   -1.9390   -0.2739    1.6989   17.1497    5.8026   -6.9826
eta,q 0.97344  6.68780
  0.0302  0.0317  0.0272  0.0292  0.0313  0.0289  0.0291  0.0308  0.0290  0.0302  0.0280  0.0274
  0.0286  0.0295  0.0268  0.0278  0.0291  0.0277  0.0278  0.0286  0.0277  0.0285  0.0272  0.0269
  0.0275  0.0279  0.0267  0.0269  0.0274  0.0269  0.0270  0.0272  0.0270  0.0273  0.0267  0.0266
  0.0271  0.0271  0.0268  0.0267  0.0267  0.0267  0.0267  0.0267  0.0267  0.0267  0.0266  0.0266
  0.0273  0.0269  0.0273  0.0271  0.0272  0.0272  0.0269  0.0271  0.0270  0.0267  0.0268  0.0269
  0.0281  0.0273  0.0280  0.0280  0.0288  0.0285  0.0277  0.0284  0.0278  0.0274  0.0273  0.0274
  0.0296  0.0282  0.0288  0.0295  0.0315  0.0300  0.0290  0.0302  0.0290  0.0286  0.0280  0.0281
niter,ni,del,rscale     6    3    5.0000    1.2000
parameters
    4.0814   -4.4281   16.3249  -12.6222  -21.4264  -13.2800
   -1.9857   -0.1890    1.7119   17.7016    5.7937   -7.4669
eta,q 0.97348  6.67658
  0.0294  0.0299  0.0274  0.0292  0.0311  0.0290  0.0289  0.0305  0.0288  0.0296  0.0279  0.0276
  0.0279  0.0281  0.0268  0.0277  0.0289  0.0278  0.0276  0.0284  0.0276  0.0280  0.0271  0.0269
  0.0269  0.0270  0.0266  0.0268  0.0273  0.0269  0.0268  0.0270  0.0268  0.0270  0.0267  0.0266
  0.0266  0.0266  0.0266  0.0265  0.0265  0.0265  0.0265  0.0265  0.0265  0.0265  0.0265  0.0265
  0.0268  0.0268  0.0268  0.0269  0.0271  0.0269  0.0268  0.0270  0.0268  0.0268  0.0267  0.0268
  0.0278  0.0275  0.0274  0.0278  0.0287  0.0281  0.0277  0.0283  0.0276  0.0276  0.0272  0.0272
  0.0293  0.0287  0.0281  0.0292  0.0314  0.0295  0.0290  0.0303  0.0288  0.0288  0.0279  0.0278
niter,ni,del,rscale     5    3    5.0000    1.2000
parameters
    4.1009   -4.2863   16.1485  -12.6425  -21.4947  -13.4579
   -2.0263   -0.1564    1.7192   17.9654    5.7854   -7.6708
eta,q 0.97347  6.67047
  0.0293  0.0295  0.0275  0.0292  0.0310  0.0290  0.0289  0.0305  0.0288  0.0294  0.0279  0.0277
  0.0278  0.0278  0.0269  0.0277  0.0289  0.0278  0.0276  0.0283  0.0276  0.0278  0.0271  0.0270
  0.0269  0.0268  0.0266  0.0268  0.0273  0.0269  0.0268  0.0269  0.0268  0.0269  0.0267  0.0266
  0.0265  0.0265  0.0265  0.0265  0.0265  0.0265  0.0265  0.0265  0.0265  0.0265  0.0265  0.0265
  0.0268  0.0268  0.0267  0.0269  0.0270  0.0268  0.0268  0.0270  0.0268  0.0268  0.0267  0.0267
  0.0277  0.0276  0.0272  0.0278  0.0287  0.0279  0.0277  0.0284  0.0276  0.0277  0.0272  0.0271
  0.0293  0.0288  0.0279  0.0292  0.0314  0.0294  0.0289  0.0303  0.0288  0.0289  0.0279  0.0278
niter,ni,del,rscale     4    3    5.0000    1.2000
parameters
    4.1136   -4.2157   16.0622  -12.6441  -21.5365  -13.5537
   -2.0488   -0.1384    1.7237   18.0918    5.7928   -7.7795
eta,q 0.97347  6.66740
  0.0293  0.0293  0.0276  0.0293  0.0310  0.0291  0.0289  0.0305  0.0288  0.0293  0.0279  0.0278
  0.0278  0.0277  0.0270  0.0278  0.0289  0.0279  0.0276  0.0283  0.0276  0.0278  0.0271  0.0270
  0.0269  0.0268  0.0266  0.0268  0.0273  0.0269  0.0268  0.0269  0.0268  0.0268  0.0267  0.0266
  0.0265  0.0265  0.0265  0.0265  0.0265  0.0265  0.0265  0.0265  0.0265  0.0265  0.0265  0.0265
  0.0268  0.0269  0.0267  0.0269  0.0270  0.0268  0.0268  0.0270  0.0268  0.0269  0.0267  0.0267
  0.0277  0.0277  0.0271  0.0278  0.0287  0.0279  0.0277  0.0284  0.0276  0.0278  0.0272  0.0271
  0.0293  0.0289  0.0278  0.0292  0.0314  0.0293  0.0289  0.0303  0.0288  0.0290  0.0279  0.0277
niter,ni,del,rscale     3    3    5.0000    1.2000
parameters
    4.1194   -4.1809   16.0146  -12.6464  -21.5544  -13.6092
   -2.0606   -0.1318    1.7248   18.1508    5.7915   -7.8297
eta,q 0.97346  6.66567
  0.0293  0.0292  0.0277  0.0293  0.0310  0.0291  0.0289  0.0304  0.0288  0.0292  0.0279  0.0278
  0.0278  0.0277  0.0270  0.0278  0.0289  0.0279  0.0277  0.0283  0.0276  0.0277  0.0271  0.0270
  0.0269  0.0268  0.0266  0.0268  0.0273  0.0270  0.0268  0.0269  0.0268  0.0268  0.0267  0.0266
  0.0265  0.0265  0.0265  0.0265  0.0265  0.0265  0.0265  0.0265  0.0265  0.0265  0.0265  0.0265
  0.0268  0.0269  0.0267  0.0269  0.0270  0.0268  0.0268  0.0270  0.0268  0.0269  0.0267  0.0267
  0.0278  0.0277  0.0271  0.0278  0.0286  0.0278  0.0277  0.0284  0.0276  0.0278  0.0272  0.0271
  0.0293  0.0289  0.0277  0.0292  0.0313  0.0293  0.0289  0.0303  0.0288  0.0290  0.0279  0.0277
niter,ni,del,rscale     2    3    5.0000    1.2000
parameters
    4.1216   -4.1633   15.9886  -12.6493  -21.5629  -13.6441
   -2.0636   -0.1293    1.7312   18.1856    5.7961   -7.8423
eta,q 0.97346  6.66461
  0.0293  0.0292  0.0277  0.0293  0.0310  0.0291  0.0289  0.0304  0.0288  0.0292  0.0279  0.0278
  0.0278  0.0276  0.0270  0.0278  0.0289  0.0279  0.0277  0.0283  0.0276  0.0277  0.0271  0.0270
  0.0269  0.0268  0.0267  0.0268  0.0273  0.0270  0.0268  0.0269  0.0268  0.0268  0.0267  0.0266
  0.0265  0.0265  0.0265  0.0265  0.0265  0.0265  0.0265  0.0265  0.0265  0.0265  0.0265  0.0265
  0.0268  0.0269  0.0267  0.0269  0.0270  0.0268  0.0268  0.0270  0.0268  0.0269  0.0267  0.0267
  0.0278  0.0277  0.0271  0.0278  0.0286  0.0278  0.0277  0.0284  0.0276  0.0278  0.0272  0.0271
  0.0293  0.0290  0.0277  0.0292  0.0313  0.0293  0.0289  0.0303  0.0288  0.0290  0.0279  0.0277
niter,ni,del,rscale     1    3    5.0000    1.2000
parameters
    4.1226   -4.1532   15.9757  -12.6499  -21.5711  -13.6633
   -2.0674   -0.1274    1.7271   18.1994    5.7945   -7.8577
eta,q 0.97346  6.66392
  0.0293  0.0292  0.0277  0.0293  0.0310  0.0291  0.0289  0.0304  0.0288  0.0292  0.0279  0.0278
  0.0278  0.0276  0.0270  0.0278  0.0289  0.0279  0.0277  0.0283  0.0276  0.0277  0.0271  0.0270
  0.0269  0.0268  0.0267  0.0268  0.0273  0.0270  0.0268  0.0269  0.0268  0.0268  0.0267  0.0266
  0.0265  0.0265  0.0265  0.0265  0.0265  0.0265  0.0265  0.0265  0.0265  0.0265  0.0265  0.0265
  0.0268  0.0269  0.0267  0.0269  0.0270  0.0268  0.0268  0.0271  0.0268  0.0269  0.0267  0.0267
  0.0278  0.0277  0.0271  0.0278  0.0286  0.0278  0.0277  0.0284  0.0276  0.0278  0.0272  0.0271
  0.0293  0.0290  0.0277  0.0292  0.0313  0.0293  0.0289  0.0303  0.0288  0.0290  0.0279  0.0277
registration optimization eta report
parameter search radius
    2.4000    2.7600    2.4000    8.2800   12.5928    8.2800
    7.2000    7.2000    7.2000    7.2000    8.2800    8.2800
100000*second partial in parameter space
       48.       33.       20.        4.        3.        4.
        5.        7.        4.        5.        2.        2.
  0.0293  0.0292  0.0277  0.0293  0.0310  0.0291  0.0289  0.0304  0.0288  0.0292  0.0279  0.0278
  0.0278  0.0276  0.0270  0.0278  0.0289  0.0279  0.0277  0.0283  0.0276  0.0277  0.0271  0.0270
  0.0269  0.0268  0.0267  0.0268  0.0273  0.0270  0.0268  0.0269  0.0268  0.0268  0.0267  0.0266
  0.0265  0.0265  0.0265  0.0265  0.0265  0.0265  0.0265  0.0265  0.0265  0.0265  0.0265  0.0265
  0.0268  0.0269  0.0267  0.0269  0.0270  0.0268  0.0268  0.0271  0.0268  0.0269  0.0267  0.0267
  0.0278  0.0277  0.0271  0.0278  0.0286  0.0278  0.0277  0.0284  0.0276  0.0278  0.0272  0.0271
  0.0293  0.0290  0.0277  0.0292  0.0313  0.0293  0.0289  0.0303  0.0288  0.0290  0.0279  0.0277
    4.1226   -4.1532   15.9757  -12.6499  -21.5711  -13.6633
   -2.0674   -0.1274    1.7271   18.1994    5.7945   -7.8577
eta,q 0.97346  6.66392

---------------------------------------------------------------------
imgreg_4dfp /opt/freesurfer/average/711-2C_as_mni_average_305 /opt/freesurfer/average/711-2B_as_mni_average_305_mask talsrcimg_g11 none talsrcimg_to_711-2C_as_mni_average_305_t4 2311
---------------------------------------------------------------------

freesurfer imgreg_4dfp.c
/opt/freesurfer/average/711-2C_as_mni_average_305.4dfp.img
       256       256       256         1
  1.000000  1.000000  1.000000
orientation T byte_order littleendian
Reading image: /opt/freesurfer/average/711-2C_as_mni_average_305.4dfp.img
dimensions:      256       256       256
mmppix:       1.0000   -1.0000   -1.0000
center:     128.0000 -129.0000 -129.0000
/opt/freesurfer/average/711-2B_as_mni_average_305_mask.4dfp.img
       256       256       256         1
  1.000000  1.000000  1.000000
orientation T byte_order littleendian
Reading mask: /opt/freesurfer/average/711-2B_as_mni_average_305_mask.4dfp.img (2306576 pixels)
talsrcimg_g11.4dfp.img
       256       256       256         1
  1.000000  1.000000  1.000000
orientation T byte_order littleendian
Reading image: talsrcimg_g11.4dfp.img
dimensions:      256       256       256
mmppix:       1.0000   -1.0000   -1.0000
center:     128.0000 -129.0000 -129.0000
fimgreg.f
image alignment mode   2311 decimal      907 hex
parameters
    4.1226   -4.1532   15.9757  -12.6499  -21.5711  -13.6633
   -2.0674   -0.1274    1.7271   18.1994    5.7945   -7.8577
eta,q 0.97346  6.66392
niter,ni,del,rscale     5    3    5.0000    0.8000
parameters
    4.1329   -4.2311   15.9703  -12.7277  -21.0442  -13.3935
   -2.0408   -0.2114    1.7616   17.9700    5.7321   -8.1419
eta,q 0.97349  6.68440
  0.0278  0.0273  0.0271  0.0275  0.0275  0.0276  0.0277  0.0283  0.0276  0.0277  0.0270  0.0269
  0.0271  0.0269  0.0268  0.0270  0.0270  0.0271  0.0270  0.0273  0.0270  0.0270  0.0267  0.0267
  0.0267  0.0266  0.0266  0.0266  0.0267  0.0267  0.0267  0.0267  0.0266  0.0266  0.0266  0.0265
  0.0265  0.0265  0.0265  0.0265  0.0265  0.0265  0.0265  0.0265  0.0265  0.0265  0.0265  0.0265
  0.0267  0.0267  0.0266  0.0267  0.0266  0.0266  0.0266  0.0268  0.0266  0.0267  0.0266  0.0266
  0.0271  0.0270  0.0268  0.0270  0.0268  0.0269  0.0270  0.0274  0.0270  0.0272  0.0267  0.0268
  0.0278  0.0275  0.0271  0.0275  0.0272  0.0275  0.0276  0.0284  0.0276  0.0279  0.0270  0.0270
niter,ni,del,rscale     4    3    5.0000    0.7000
parameters
    4.1056   -4.3026   16.0372  -12.8132  -20.9979  -13.2253
   -2.0238   -0.2525    1.7665   17.8793    5.6887   -8.1404
eta,q 0.97351  6.68707
  0.0274  0.0271  0.0270  0.0272  0.0272  0.0274  0.0274  0.0279  0.0273  0.0275  0.0269  0.0268
  0.0269  0.0268  0.0267  0.0268  0.0268  0.0269  0.0269  0.0271  0.0269  0.0269  0.0267  0.0266
  0.0266  0.0265  0.0266  0.0266  0.0266  0.0266  0.0266  0.0266  0.0266  0.0266  0.0265  0.0265
  0.0265  0.0265  0.0265  0.0265  0.0265  0.0265  0.0265  0.0265  0.0265  0.0265  0.0265  0.0265
  0.0266  0.0266  0.0265  0.0266  0.0266  0.0265  0.0266  0.0267  0.0266  0.0266  0.0265  0.0265
  0.0270  0.0269  0.0267  0.0269  0.0268  0.0268  0.0269  0.0272  0.0269  0.0270  0.0267  0.0267
  0.0275  0.0273  0.0269  0.0273  0.0271  0.0273  0.0274  0.0279  0.0273  0.0275  0.0269  0.0268
niter,ni,del,rscale     3    3    5.0000    0.6000
parameters
    4.0972   -4.3385   16.0921  -12.8608  -20.9965  -13.1001
   -2.0148   -0.2781    1.7735   17.8072    5.6487   -8.1300
eta,q 0.97351  6.68844
  0.0272  0.0270  0.0268  0.0271  0.0270  0.0271  0.0271  0.0275  0.0271  0.0272  0.0268  0.0268
  0.0268  0.0267  0.0267  0.0267  0.0267  0.0268  0.0268  0.0269  0.0268  0.0268  0.0266  0.0266
  0.0266  0.0265  0.0265  0.0265  0.0265  0.0266  0.0266  0.0266  0.0266  0.0266  0.0265  0.0265
  0.0265  0.0265  0.0265  0.0265  0.0265  0.0265  0.0265  0.0265  0.0265  0.0265  0.0265  0.0265
  0.0266  0.0266  0.0265  0.0266  0.0266  0.0265  0.0266  0.0266  0.0266  0.0266  0.0265  0.0265
  0.0268  0.0267  0.0266  0.0268  0.0267  0.0267  0.0268  0.0270  0.0268  0.0268  0.0266  0.0266
  0.0272  0.0270  0.0268  0.0271  0.0270  0.0271  0.0271  0.0275  0.0271  0.0273  0.0268  0.0267
niter,ni,del,rscale     2    3    5.0000    0.5000
parameters
    4.0926   -4.3626   16.1355  -12.8913  -20.9956  -12.9818
   -2.0093   -0.2981    1.7801   17.7617    5.6143   -8.1139
eta,q 0.97351  6.69029
  0.0270  0.0268  0.0267  0.0269  0.0268  0.0269  0.0269  0.0272  0.0269  0.0270  0.0267  0.0267
  0.0267  0.0266  0.0266  0.0267  0.0266  0.0267  0.0267  0.0268  0.0267  0.0267  0.0266  0.0266
  0.0265  0.0265  0.0265  0.0265  0.0265  0.0266  0.0265  0.0266  0.0265  0.0265  0.0265  0.0265
  0.0265  0.0265  0.0265  0.0265  0.0265  0.0265  0.0265  0.0265  0.0265  0.0265  0.0265  0.0265
  0.0265  0.0265  0.0265  0.0265  0.0265  0.0265  0.0265  0.0266  0.0265  0.0266  0.0265  0.0265
  0.0267  0.0267  0.0266  0.0267  0.0266  0.0266  0.0267  0.0268  0.0267  0.0267  0.0266  0.0266
  0.0270  0.0269  0.0267  0.0269  0.0268  0.0269  0.0269  0.0272  0.0269  0.0270  0.0267  0.0267
niter,ni,del,rscale     1    3    5.0000    0.4000
parameters
    4.0899   -4.3829   16.1750  -12.9171  -20.9763  -12.8825
   -2.0207   -0.3132    1.7773   17.7269    5.6069   -8.1044
eta,q 0.97352  6.69261
  0.0268  0.0267  0.0266  0.0267  0.0267  0.0268  0.0268  0.0269  0.0268  0.0268  0.0266  0.0266
  0.0266  0.0266  0.0266  0.0266  0.0266  0.0266  0.0266  0.0267  0.0266  0.0266  0.0265  0.0265
  0.0265  0.0265  0.0265  0.0265  0.0265  0.0265  0.0265  0.0265  0.0265  0.0265  0.0265  0.0265
  0.0265  0.0265  0.0265  0.0265  0.0265  0.0265  0.0265  0.0265  0.0265  0.0265  0.0265  0.0265
  0.0265  0.0265  0.0265  0.0265  0.0265  0.0265  0.0265  0.0265  0.0265  0.0265  0.0265  0.0265
  0.0266  0.0266  0.0265  0.0266  0.0266  0.0266  0.0266  0.0267  0.0266  0.0266  0.0265  0.0265
  0.0268  0.0267  0.0266  0.0267  0.0267  0.0267  0.0268  0.0270  0.0268  0.0268  0.0266  0.0266
registration optimization eta report
parameter search radius
    0.8000    0.8000    0.8000    2.4000    2.4000    2.4000
    2.4000    2.4000    2.4000    2.4000    2.4000    2.4000
100000*second partial in parameter space
       50.       36.       22.        4.        4.        5.
        5.        8.        5.        6.        2.        2.
  0.0268  0.0267  0.0266  0.0267  0.0267  0.0268  0.0268  0.0269  0.0268  0.0268  0.0266  0.0266
  0.0266  0.0266  0.0266  0.0266  0.0266  0.0266  0.0266  0.0267  0.0266  0.0266  0.0265  0.0265
  0.0265  0.0265  0.0265  0.0265  0.0265  0.0265  0.0265  0.0265  0.0265  0.0265  0.0265  0.0265
  0.0265  0.0265  0.0265  0.0265  0.0265  0.0265  0.0265  0.0265  0.0265  0.0265  0.0265  0.0265
  0.0265  0.0265  0.0265  0.0265  0.0265  0.0265  0.0265  0.0265  0.0265  0.0265  0.0265  0.0265
  0.0266  0.0266  0.0265  0.0266  0.0266  0.0266  0.0266  0.0267  0.0266  0.0266  0.0265  0.0265
  0.0268  0.0267  0.0266  0.0267  0.0267  0.0267  0.0268  0.0270  0.0268  0.0268  0.0266  0.0266
    4.0899   -4.3829   16.1750  -12.9171  -20.9763  -12.8825
   -2.0207   -0.3132    1.7773   17.7269    5.6069   -8.1044
eta,q 0.97352  6.69261

---------------------------------------------------------------------
imgreg_4dfp /opt/freesurfer/average/711-2C_as_mni_average_305 /opt/freesurfer/average/711-2B_as_mni_average_305_mask talsrcimg_g11 none talsrcimg_to_711-2C_as_mni_average_305_t4 2311
---------------------------------------------------------------------

freesurfer imgreg_4dfp.c
/opt/freesurfer/average/711-2C_as_mni_average_305.4dfp.img
       256       256       256         1
  1.000000  1.000000  1.000000
orientation T byte_order littleendian
Reading image: /opt/freesurfer/average/711-2C_as_mni_average_305.4dfp.img
dimensions:      256       256       256
mmppix:       1.0000   -1.0000   -1.0000
center:     128.0000 -129.0000 -129.0000
/opt/freesurfer/average/711-2B_as_mni_average_305_mask.4dfp.img
       256       256       256         1
  1.000000  1.000000  1.000000
orientation T byte_order littleendian
Reading mask: /opt/freesurfer/average/711-2B_as_mni_average_305_mask.4dfp.img (2306576 pixels)
talsrcimg_g11.4dfp.img
       256       256       256         1
  1.000000  1.000000  1.000000
orientation T byte_order littleendian
Reading image: talsrcimg_g11.4dfp.img
dimensions:      256       256       256
mmppix:       1.0000   -1.0000   -1.0000
center:     128.0000 -129.0000 -129.0000
fimgreg.f
image alignment mode   2311 decimal      907 hex
parameters
    4.0899   -4.3829   16.1750  -12.9171  -20.9763  -12.8825
   -2.0207   -0.3132    1.7773   17.7269    5.6069   -8.1044
eta,q 0.97352  6.69261
niter,ni,del,rscale     5    3    5.0000    0.8000
parameters
    4.0793   -4.3610   16.2077  -12.8436  -20.9921  -13.0551
   -2.0092   -0.2475    1.7666   17.8179    5.6335   -7.9757
eta,q 0.97351  6.69094
  0.0277  0.0274  0.0271  0.0275  0.0273  0.0275  0.0276  0.0284  0.0275  0.0278  0.0270  0.0270
  0.0270  0.0269  0.0267  0.0269  0.0269  0.0270  0.0270  0.0273  0.0270  0.0271  0.0267  0.0267
  0.0266  0.0266  0.0266  0.0266  0.0266  0.0266  0.0266  0.0267  0.0266  0.0266  0.0265  0.0265
  0.0265  0.0265  0.0265  0.0265  0.0265  0.0265  0.0265  0.0265  0.0265  0.0265  0.0265  0.0265
  0.0266  0.0266  0.0265  0.0266  0.0266  0.0266  0.0266  0.0267  0.0266  0.0266  0.0265  0.0265
  0.0271  0.0269  0.0267  0.0269  0.0269  0.0270  0.0270  0.0273  0.0270  0.0271  0.0267  0.0267
  0.0278  0.0274  0.0270  0.0274  0.0273  0.0277  0.0276  0.0283  0.0276  0.0277  0.0270  0.0269
niter,ni,del,rscale     4    3    5.0000    0.7000
parameters
    4.0949   -4.3560   16.1670  -12.8384  -20.9897  -13.0629
   -2.0099   -0.2624    1.7780   17.7898    5.6297   -8.0147
eta,q 0.97351  6.69045
  0.0275  0.0272  0.0269  0.0273  0.0271  0.0273  0.0274  0.0279  0.0273  0.0275  0.0269  0.0268
  0.0269  0.0268  0.0267  0.0268  0.0268  0.0269  0.0269  0.0271  0.0269  0.0269  0.0266  0.0266
  0.0266  0.0266  0.0265  0.0266  0.0266  0.0266  0.0266  0.0266  0.0266  0.0266  0.0265  0.0265
  0.0265  0.0265  0.0265  0.0265  0.0265  0.0265  0.0265  0.0265  0.0265  0.0265  0.0265  0.0265
  0.0266  0.0266  0.0265  0.0266  0.0266  0.0266  0.0266  0.0267  0.0266  0.0266  0.0265  0.0265
  0.0269  0.0268  0.0267  0.0268  0.0268  0.0268  0.0269  0.0271  0.0269  0.0270  0.0267  0.0267
  0.0274  0.0272  0.0269  0.0272  0.0271  0.0273  0.0274  0.0279  0.0273  0.0275  0.0269  0.0268
niter,ni,del,rscale     3    3    5.0000    0.6000
parameters
    4.0941   -4.3675   16.1597  -12.8646  -20.9822  -13.0180
   -2.0129   -0.2783    1.7878   17.7616    5.6186   -8.0535
eta,q 0.97351  6.69079
  0.0272  0.0270  0.0268  0.0271  0.0270  0.0271  0.0271  0.0275  0.0271  0.0272  0.0268  0.0267
  0.0268  0.0267  0.0266  0.0267  0.0267  0.0268  0.0268  0.0269  0.0268  0.0268  0.0266  0.0266
  0.0266  0.0265  0.0265  0.0265  0.0265  0.0266  0.0266  0.0266  0.0266  0.0266  0.0265  0.0265
  0.0265  0.0265  0.0265  0.0265  0.0265  0.0265  0.0265  0.0265  0.0265  0.0265  0.0265  0.0265
  0.0266  0.0266  0.0265  0.0266  0.0265  0.0265  0.0266  0.0266  0.0266  0.0266  0.0265  0.0265
  0.0268  0.0267  0.0266  0.0268  0.0267  0.0267  0.0268  0.0270  0.0268  0.0268  0.0266  0.0266
  0.0272  0.0270  0.0268  0.0271  0.0270  0.0271  0.0271  0.0275  0.0271  0.0272  0.0268  0.0267
niter,ni,del,rscale     2    3    5.0000    0.5000
parameters
    4.0911   -4.3795   16.1676  -12.8908  -20.9789  -12.9492
   -2.0079   -0.3015    1.7936   17.7372    5.6000   -8.0954
eta,q 0.97351  6.69178
  0.0270  0.0268  0.0267  0.0269  0.0268  0.0269  0.0269  0.0272  0.0269  0.0270  0.0267  0.0267
  0.0267  0.0266  0.0266  0.0267  0.0266  0.0267  0.0267  0.0268  0.0267  0.0267  0.0266  0.0266
  0.0265  0.0265  0.0265  0.0265  0.0265  0.0266  0.0265  0.0265  0.0265  0.0265  0.0265  0.0265
  0.0265  0.0265  0.0265  0.0265  0.0265  0.0265  0.0265  0.0265  0.0265  0.0265  0.0265  0.0265
  0.0265  0.0265  0.0265  0.0265  0.0265  0.0265  0.0265  0.0266  0.0265  0.0265  0.0265  0.0265
  0.0267  0.0267  0.0266  0.0267  0.0266  0.0267  0.0267  0.0268  0.0267  0.0267  0.0266  0.0266
  0.0270  0.0268  0.0267  0.0269  0.0268  0.0269  0.0269  0.0272  0.0269  0.0270  0.0267  0.0267
niter,ni,del,rscale     1    3    5.0000    0.4000
parameters
    4.0891   -4.3907   16.1868  -12.9130  -20.9843  -12.8711
   -2.0248   -0.3110    1.7844   17.7194    5.5979   -8.1209
eta,q 0.97351  6.69286
  0.0268  0.0267  0.0266  0.0267  0.0267  0.0268  0.0268  0.0270  0.0268  0.0268  0.0266  0.0266
  0.0266  0.0266  0.0265  0.0266  0.0266  0.0266  0.0266  0.0267  0.0266  0.0266  0.0265  0.0265
  0.0265  0.0265  0.0265  0.0265  0.0265  0.0265  0.0265  0.0265  0.0265  0.0265  0.0265  0.0265
  0.0265  0.0265  0.0265  0.0265  0.0265  0.0265  0.0265  0.0265  0.0265  0.0265  0.0265  0.0265
  0.0265  0.0265  0.0265  0.0265  0.0265  0.0265  0.0265  0.0265  0.0265  0.0265  0.0265  0.0265
  0.0266  0.0266  0.0265  0.0266  0.0266  0.0266  0.0266  0.0267  0.0266  0.0266  0.0265  0.0265
  0.0268  0.0267  0.0266  0.0267  0.0267  0.0268  0.0268  0.0270  0.0268  0.0268  0.0266  0.0266
registration optimization eta report
parameter search radius
    0.8000    0.8000    0.8000    2.4000    2.4000    2.4000
    2.4000    2.4000    2.4000    2.4000    2.4000    2.4000
100000*second partial in parameter space
       50.       36.       22.        4.        4.        5.
        5.        8.        5.        6.        2.        2.
  0.0268  0.0267  0.0266  0.0267  0.0267  0.0268  0.0268  0.0270  0.0268  0.0268  0.0266  0.0266
  0.0266  0.0266  0.0265  0.0266  0.0266  0.0266  0.0266  0.0267  0.0266  0.0266  0.0265  0.0265
  0.0265  0.0265  0.0265  0.0265  0.0265  0.0265  0.0265  0.0265  0.0265  0.0265  0.0265  0.0265
  0.0265  0.0265  0.0265  0.0265  0.0265  0.0265  0.0265  0.0265  0.0265  0.0265  0.0265  0.0265
  0.0265  0.0265  0.0265  0.0265  0.0265  0.0265  0.0265  0.0265  0.0265  0.0265  0.0265  0.0265
  0.0266  0.0266  0.0265  0.0266  0.0266  0.0266  0.0266  0.0267  0.0266  0.0266  0.0265  0.0265
  0.0268  0.0267  0.0266  0.0267  0.0267  0.0268  0.0268  0.0270  0.0268  0.0268  0.0266  0.0266
    4.0891   -4.3907   16.1868  -12.9130  -20.9843  -12.8711
   -2.0248   -0.3110    1.7844   17.7194    5.5979   -8.1209
eta,q 0.97351  6.69286

---------------------------------------------------------------------
compute_vox2vox talsrcimg talsrcimg_to_711-2C_as_mni_average_305_t4 /opt/freesurfer/average/711-2C_as_mni_average_305
---------------------------------------------------------------------

freesurfer compute_vox2vox.c
Reading: talsrcimg.4dfp.ifh
Reading: talsrcimg_to_711-2C_as_mni_average_305_t4
Reading: /opt/freesurfer/average/711-2C_as_mni_average_305.4dfp.ifh
Writing: talsrcimg_to_711-2C_as_mni_average_305_t4_vox2vox.txt

start time Fri Mar 13 22:20:56 CET 2026
end		time Fri Mar 13 22:21:11 CET 2026

mpr2mni305 success

avi2talxfm orig_nu.mgz /opt/freesurfer/average/mni305.cor.mgz talsrcimg_to_711-2C_as_mni_average_305_t4_vox2vox.txt transforms/talairach.auto.xfm
avi2talxfm done
mv -f /out/sourcedata/freesurfer/sub-v2s7x29664_ses-1/mri/talsrcimg_to_711-2C_as_mni_average_305_t4_vox2vox.txt /out/sourcedata/freesurfer/sub-v2s7x29664_ses-1/mri/transforms/talsrcimg_to_711-2C_as_mni_average_305_t4_vox2vox.txt
lta_convert --src orig_nu.mgz --trg /opt/freesurfer/average/mni305.cor.mgz --inxfm transforms/talairach.auto.xfm --outlta transforms/talairach.auto.xfm.lta --subject fsaverage
7.3.2

--src: orig_nu.mgz src image (geometry).
--trg: /opt/freesurfer/average/mni305.cor.mgz trg image (geometry).
--inmni: transforms/talairach.auto.xfm input MNI/XFM transform.
--outlta: transforms/talairach.auto.xfm.lta output LTA.
--s: fsaverage subject name
 LTA read, type : 1
 1.14780  -0.00185   0.02922  -34.24026;
-0.07460   1.12435   0.11364  -20.57079;
-0.00919  -0.25210   1.23943  -13.99429;
 0.00000   0.00000   0.00000   1.00000;
setting subject to fsaverage
Writing  LTA to file transforms/talairach.auto.xfm.lta...
lta_convert successful.
 
 
Started at Fri Mar 13 22:20:56 CET 2026
Ended   at Fri Mar 13 22:21:11 CET 2026
talairach_avi done
