/out/sourcedata/freesurfer/sub-v2s7x29666_ses-1/mri
/opt/freesurfer/bin/talairach_avi
--i orig_nu.mgz --xfm transforms/talairach.auto.xfm
talairach_avi 7.3.2
Linux dna076 5.14.0-427.37.1.el9_4.x86_64 #1 SMP PREEMPT_DYNAMIC Fri Sep 13 12:41:50 EDT 2024 x86_64 x86_64 x86_64 GNU/Linux
Fri Mar 13 22:26:27 CET 2026
mri_convert orig_nu.mgz talsrcimg.img 
reading from orig_nu.mgz...
TR=0.00, TE=0.00, TI=0.00, flip angle=0.00
i_ras = (-1, 0, 0)
j_ras = (0, 0, -1)
k_ras = (0, 1, 0)
writing to talsrcimg.img...
Analyze Output Matrix
-1.00000   0.00000   0.00000   133.64651;
 0.00000   0.00000   1.00000  -137.34799;
 0.00000  -1.00000   0.00000   167.27283;
 0.00000   0.00000   0.00000   1.00000;
--------------------
INFO: set hdr.hist.orient to -1
mpr2mni305 talsrcimg
Fri Mar 13 22:26:27 CET 2026
/opt/freesurfer/bin/mpr2mni305 talsrcimg
mpr2mni305 7.3.2
target=711-2C_as_mni_average_305

---------------------------------------------------------------------
analyzeto4dfp talsrcimg -O0 -y
---------------------------------------------------------------------

freesurfer ifh2hdr.c
Fri Mar 13 22:26:27 2026
Writing: talsrcimg.4dfp.hdr
freesurfer analyzeto4dfp.c
Reading: talsrcimg.hdr
header size 348 bytes
hdr.dime.datatype	offset=70	value=2
hdr.dime.bitpix		offset=72	value=8
hdr.hist.orient		offset=252	value=-1
dimensionality     4
dimensions       256       256       256         1
Reading: talsrcimg.img
Writing: talsrcimg.4dfp.img
Writing: talsrcimg.4dfp.ifh
ifh2hdr talsrcimg -r0to251
ori=2

---------------------------------------------------------------------
gauss_4dfp talsrcimg 1.1
---------------------------------------------------------------------

freesurfer gauss_4dfp.c
Reading: talsrcimg.4dfp.img
Writing: talsrcimg_g11.4dfp.img
image dimensions 256 256 256 padded to 288 288 288
processing volume 1freesurfer ifh2hdr.c
Fri Mar 13 22:26:29 2026
Writing: talsrcimg_g11.4dfp.hdr

Writing: talsrcimg_g11.4dfp.ifh
including: talsrcimg.4dfp.img.rec in talsrcimg_g11.4dfp.img.rec

---------------------------------------------------------------------
imgreg_4dfp /opt/freesurfer/average/711-2C_as_mni_average_305 none talsrcimg_g11 none talsrcimg_to_711-2C_as_mni_average_305_t4 4355
---------------------------------------------------------------------

freesurfer imgreg_4dfp.c
/opt/freesurfer/average/711-2C_as_mni_average_305.4dfp.img
       256       256       256         1
  1.000000  1.000000  1.000000
orientation T byte_order littleendian
Reading image: /opt/freesurfer/average/711-2C_as_mni_average_305.4dfp.img
dimensions:      256       256       256
mmppix:       1.0000   -1.0000   -1.0000
center:     128.0000 -129.0000 -129.0000
talsrcimg_g11.4dfp.img
       256       256       256         1
  1.000000  1.000000  1.000000
orientation T byte_order littleendian
Reading image: talsrcimg_g11.4dfp.img
dimensions:      256       256       256
mmppix:       1.0000   -1.0000   -1.0000
center:     128.0000 -129.0000 -129.0000
t4_read: open error in t4_sub.f l:  41 t4_file(1:l)talsrcimg_to_711-2C_as_mni_average_305_t4 
t4_read: transform initialized to I4
rotation matrix determinant  1.000000
image alignment mode   4355 decimal     1103 hex
   -7.5000  -45.0000  -45.0000 8114.8066   13.1413
    0.0000  -45.0000  -45.0000 8459.8164   13.1527
    7.5000  -45.0000  -45.0000 8054.8394   13.1683
   -7.5000  -37.5000  -45.0000 8459.4346   13.1465
    0.0000  -37.5000  -45.0000 8853.5664   13.1575
    7.5000  -37.5000  -45.0000 8416.1719   13.1689
   -7.5000  -30.0000  -45.0000 9089.8877   13.1568
    0.0000  -30.0000  -45.0000 9502.7256   13.1649
    7.5000  -30.0000  -45.0000 9058.6709   13.1764
   -7.5000  -22.5000  -45.0000 9674.7646   13.1625
    0.0000  -22.5000  -45.000010108.0967   13.1673
    7.5000  -22.5000  -45.0000 9629.9170   13.1833
   -7.5000  -15.0000  -45.000010142.8389   13.1591
    0.0000  -15.0000  -45.000010592.8555   13.1636
    7.5000  -15.0000  -45.000010087.9512   13.1832
   -7.5000   -7.5000  -45.000010513.1738   13.1482
    0.0000   -7.5000  -45.000010978.9570   13.1564
    7.5000   -7.5000  -45.000010466.8994   13.1756
   -7.5000    0.0000  -45.000010775.5273   13.1413
    0.0000    0.0000  -45.000011254.5684   13.1527
    7.5000    0.0000  -45.000010748.7559   13.1683
   -7.5000    7.5000  -45.000010152.1738   13.1465
    0.0000    7.5000  -45.000010595.1143   13.1575
    7.5000    7.5000  -45.000010117.9229   13.1689
   -7.5000   15.0000  -45.0000 9488.1104   13.1568
    0.0000   15.0000  -45.0000 9913.7354   13.1649
    7.5000   15.0000  -45.0000 9448.6064   13.1764
   -7.5000   22.5000  -45.0000 8770.6543   13.1607
    0.0000   22.5000  -45.0000 9163.9570   13.1655
    7.5000   22.5000  -45.0000 8726.8916   13.1815
   -7.5000   30.0000  -45.0000 8023.0200   12.9837
    0.0000   30.0000  -45.0000 8379.9521   12.9881
    7.5000   30.0000  -45.0000 7961.2607   13.0075
   -7.5000   37.5000  -45.0000 7561.5845   12.9878
    0.0000   37.5000  -45.0000 7893.3823   12.9959
    7.5000   37.5000  -45.0000 7494.3857   13.0150
   -7.5000   45.0000  -45.0000 6812.2261   12.7747
    0.0000   45.0000  -45.0000 7084.9434   12.7860
    7.5000   45.0000  -45.0000 6744.9854   12.8031
   -7.5000  -45.0000  -37.5000 8668.1250   13.0099
    0.0000  -45.0000  -37.5000 9048.2354   13.0177
    7.5000  -45.0000  -37.5000 8609.6758   13.0291
   -7.5000  -37.5000  -37.5000 9025.3857   13.0235
    0.0000  -37.5000  -37.5000 9458.2051   13.0328
    7.5000  -37.5000  -37.5000 8986.2129   13.0406
   -7.5000  -30.0000  -37.5000 9681.8311   13.0375
    0.0000  -30.0000  -37.500010127.9365   13.0479
    7.5000  -30.0000  -37.5000 9633.1885   13.0568
   -7.5000  -22.5000  -37.500010282.7607   13.0379
    0.0000  -22.5000  -37.500010758.0859   13.0472
    7.5000  -22.5000  -37.500010219.1113   13.0612
   -7.5000  -15.0000  -37.500010778.0635   13.0261
    0.0000  -15.0000  -37.500011270.5908   13.0337
    7.5000  -15.0000  -37.500010725.1016   13.0510
   -7.5000   -7.5000  -37.500011171.1230   13.0121
    0.0000   -7.5000  -37.500011668.2539   13.0192
    7.5000   -7.5000  -37.500011128.2754   13.0351
   -7.5000    0.0000  -37.500011432.4355   13.0099
    0.0000    0.0000  -37.500011971.4414   13.0177
    7.5000    0.0000  -37.500011438.9375   13.0291
   -7.5000    7.5000  -37.500010821.1445   13.0235
    0.0000    7.5000  -37.500011313.8408   13.0328
    7.5000    7.5000  -37.500010790.2480   13.0406
   -7.5000   15.0000  -37.500010090.4834   13.0375
    0.0000   15.0000  -37.500010551.8193   13.0479
    7.5000   15.0000  -37.500010038.6748   13.0568
   -7.5000   22.5000  -37.5000 9315.0283   13.0361
    0.0000   22.5000  -37.5000 9734.6260   13.0454
    7.5000   22.5000  -37.5000 9235.6270   13.0594
   -7.5000   30.0000  -37.5000 8483.1426   12.8525
    0.0000   30.0000  -37.5000 8882.1680   12.8600
    7.5000   30.0000  -37.5000 8409.1055   12.8770
   -7.5000   37.5000  -37.5000 7975.2100   12.8527
    0.0000   37.5000  -37.5000 8343.0088   12.8597
    7.5000   37.5000  -37.5000 7914.0957   12.8754
   -7.5000   45.0000  -37.5000 7164.5820   12.6442
    0.0000   45.0000  -37.5000 7474.8247   12.6519
    7.5000   45.0000  -37.5000 7111.9150   12.6640
   -7.5000  -45.0000  -30.0000 9431.4922   13.4850
    0.0000  -45.0000  -30.0000 9864.3008   13.4904
    7.5000  -45.0000  -30.0000 9379.8428   13.4992
   -7.5000  -37.5000  -30.0000 9803.1143   13.5066
    0.0000  -37.5000  -30.000010262.3965   13.5114
    7.5000  -37.5000  -30.0000 9749.6523   13.5168
   -7.5000  -30.0000  -30.000010482.6738   13.5264
    0.0000  -30.0000  -30.000010973.0986   13.5334
    7.5000  -30.0000  -30.000010421.7578   13.5400
   -7.5000  -22.5000  -30.000011110.1445   13.5246
    0.0000  -22.5000  -30.000011636.1719   13.5341
    7.5000  -22.5000  -30.000011049.5078   13.5456
   -7.5000  -15.0000  -30.000011669.4336   13.5052
    0.0000  -15.0000  -30.000012211.3789   13.5153
    7.5000  -15.0000  -30.000011611.0215   13.5301
   -7.5000   -7.5000  -30.000012075.6738   13.4854
    0.0000   -7.5000  -30.000012640.1807   13.4936
    7.5000   -7.5000  -30.000012019.4355   13.5069
   -7.5000    0.0000  -30.000012386.3740   13.4850
    0.0000    0.0000  -30.000012990.1162   13.4904
    7.5000    0.0000  -30.000012349.4492   13.4992
   -7.5000    7.5000  -30.000011731.5264   13.5066
    0.0000    7.5000  -30.000012279.6250   13.5114
    7.5000    7.5000  -30.000011670.7979   13.5168
   -7.5000   15.0000  -30.000010859.1689   13.5264
    0.0000   15.0000  -30.000011370.0488   13.5334
    7.5000   15.0000  -30.000010795.8232   13.5400
   -7.5000   22.5000  -30.0000 9987.2441   13.5214
    0.0000   22.5000  -30.000010442.9053   13.5308
    7.5000   22.5000  -30.0000 9898.0537   13.5423
   -7.5000   30.0000  -30.0000 9088.0811   13.3265
    0.0000   30.0000  -30.0000 9506.7861   13.3364
    7.5000   30.0000  -30.0000 9008.9609   13.3511
   -7.5000   37.5000  -30.0000 8552.3291   13.3225
    0.0000   37.5000  -30.0000 8943.1553   13.3305
    7.5000   37.5000  -30.0000 8505.2285   13.3436
   -7.5000   45.0000  -30.0000 7675.8188   13.1153
    0.0000   45.0000  -30.0000 8000.9385   13.1200
    7.5000   45.0000  -30.0000 7622.1191   13.1279
   -7.5000  -45.0000  -22.500010247.3379   13.9161
    0.0000  -45.0000  -22.500010718.7852   13.9231
    7.5000  -45.0000  -22.500010162.4697   13.9344
   -7.5000  -37.5000  -22.500010625.8604   13.9380
    0.0000  -37.5000  -22.500011111.0537   13.9393
    7.5000  -37.5000  -22.500010530.1377   13.9454
   -7.5000  -30.0000  -22.500011328.3867   13.9616
    0.0000  -30.0000  -22.500011846.7900   13.9612
    7.5000  -30.0000  -22.500011244.3164   13.9660
   -7.5000  -22.5000  -22.500012003.2139   13.9642
    0.0000  -22.5000  -22.500012564.5146   13.9677
    7.5000  -22.5000  -22.500011922.6631   13.9767
   -7.5000  -15.0000  -22.500012600.5156   13.9453
    0.0000  -15.0000  -22.500013167.8809   13.9545
    7.5000  -15.0000  -22.500012510.6318   13.9684
   -7.5000   -7.5000  -22.500013003.9834   13.9209
    0.0000   -7.5000  -22.500013608.6055   13.9317
    7.5000   -7.5000  -22.500012950.2109   13.9467
   -7.5000    0.0000  -22.500013365.5312   13.9161
    0.0000    0.0000  -22.500014000.8262   13.9231
    7.5000    0.0000  -22.500013308.4590   13.9344
   -7.5000    7.5000  -22.500012646.8174   13.9380
    0.0000    7.5000  -22.500013272.4229   13.9393
    7.5000    7.5000  -22.500012590.1045   13.9454
   -7.5000   15.0000  -22.500011685.0713   13.9616
    0.0000   15.0000  -22.500012266.5537   13.9612
    7.5000   15.0000  -22.500011628.9814   13.9660
   -7.5000   22.5000  -22.500010675.3545   13.9599
    0.0000   22.5000  -22.500011178.2754   13.9634
    7.5000   22.5000  -22.500010622.9697   13.9724
   -7.5000   30.0000  -22.5000 9698.0537   13.7629
    0.0000   30.0000  -22.500010165.1436   13.7720
    7.5000   30.0000  -22.5000 9638.0107   13.7857
   -7.5000   37.5000  -22.5000 9130.4863   13.7566
    0.0000   37.5000  -22.5000 9557.0693   13.7672
    7.5000   37.5000  -22.5000 9083.5508   13.7820
   -7.5000   45.0000  -22.5000 8185.0308   13.5466
    0.0000   45.0000  -22.5000 8559.7939   13.5522
    7.5000   45.0000  -22.5000 8151.0562   13.5620
   -7.5000  -45.0000  -15.000011063.1992   14.2596
    0.0000  -45.0000  -15.000011560.4326   14.2704
    7.5000  -45.0000  -15.000010981.5400   14.2869
   -7.5000  -37.5000  -15.000011470.2451   14.2759
    0.0000  -37.5000  -15.000011980.6533   14.2786
    7.5000  -37.5000  -15.000011384.1885   14.2880
   -7.5000  -30.0000  -15.000012193.3076   14.2988
    0.0000  -30.0000  -15.000012767.5898   14.2950
    7.5000  -30.0000  -15.000012126.2666   14.3004
   -7.5000  -22.5000  -15.000012928.0234   14.3066
    0.0000  -22.5000  -15.000013523.0068   14.3046
    7.5000  -22.5000  -15.000012814.4443   14.3134
   -7.5000  -15.0000  -15.000013562.7139   14.2935
    0.0000  -15.0000  -15.000014156.6826   14.2993
    7.5000  -15.0000  -15.000013448.3916   14.3147
   -7.5000   -7.5000  -15.000014015.8760   14.2693
    0.0000   -7.5000  -15.000014661.2783   14.2815
    7.5000   -7.5000  -15.000013937.8916   14.3006
   -7.5000    0.0000  -15.000014375.5312   14.2596
    0.0000    0.0000  -15.000015064.8525   14.2704
    7.5000    0.0000  -15.000014296.2891   14.2869
   -7.5000    7.5000  -15.000013608.1182   14.2759
    0.0000    7.5000  -15.000014249.2314   14.2786
    7.5000    7.5000  -15.000013524.0635   14.2880
   -7.5000   15.0000  -15.000012557.6582   14.2988
    0.0000   15.0000  -15.000013168.5039   14.2950
    7.5000   15.0000  -15.000012489.3057   14.3004
   -7.5000   22.5000  -15.000011400.0605   14.3015
    0.0000   22.5000  -15.000011950.1631   14.2996
    7.5000   22.5000  -15.000011371.4883   14.3083
   -7.5000   30.0000  -15.000010331.7949   14.1085
    0.0000   30.0000  -15.000010818.4756   14.1142
    7.5000   30.0000  -15.000010305.9951   14.1294
   -7.5000   37.5000  -15.0000 9710.6680   14.1036
    0.0000   37.5000  -15.000010188.6611   14.1156
    7.5000   37.5000  -15.0000 9687.8770   14.1346
   -7.5000   45.0000  -15.0000 8689.7373   13.8912
    0.0000   45.0000  -15.0000 9095.5547   13.9006
    7.5000   45.0000  -15.0000 8658.7246   13.9165
   -7.5000  -45.0000   -7.500011932.0254   14.4281
    0.0000  -45.0000   -7.500012460.0654   14.4407
    7.5000  -45.0000   -7.500011850.4375   14.4593
   -7.5000  -37.5000   -7.500012383.2861   14.4373
    0.0000  -37.5000   -7.500012945.5742   14.4449
    7.5000  -37.5000   -7.500012285.5469   14.4566
   -7.5000  -30.0000   -7.500013157.3701   14.4550
    0.0000  -30.0000   -7.500013752.1221   14.4559
    7.5000  -30.0000   -7.500013050.6094   14.4643
   -7.5000  -22.5000   -7.500013956.9424   14.4646
    0.0000  -22.5000   -7.500014567.9961   14.4633
    7.5000  -22.5000   -7.500013807.1787   14.4756
   -7.5000  -15.0000   -7.500014618.6104   14.4580
    0.0000  -15.0000   -7.500015279.5908   14.4611
    7.5000  -15.0000   -7.500014497.4023   14.4794
   -7.5000   -7.5000   -7.500015088.5039   14.4393
    0.0000   -7.5000   -7.500015794.8916   14.4495
    7.5000   -7.5000   -7.500014989.6182   14.4708
   -7.5000    0.0000   -7.500015417.7666   14.4281
    0.0000    0.0000   -7.500016149.8906   14.4407
    7.5000    0.0000   -7.500015338.3613   14.4593
   -7.5000    7.5000   -7.500014559.7705   14.4373
    0.0000    7.5000   -7.500015244.4375   14.4449
    7.5000    7.5000   -7.500014525.2256   14.4566
   -7.5000   15.0000   -7.500013446.8809   14.4550
    0.0000   15.0000   -7.500014059.4346   14.4559
    7.5000   15.0000   -7.500013400.7734   14.4643
   -7.5000   22.5000   -7.500012192.2148   14.4579
    0.0000   22.5000   -7.500012742.6514   14.4566
    7.5000   22.5000   -7.500012178.8135   14.4689
   -7.5000   30.0000   -7.500011038.8066   14.2705
    0.0000   30.0000   -7.500011547.0576   14.2735
    7.5000   30.0000   -7.500011031.0781   14.2917
   -7.5000   37.5000   -7.500010364.4268   14.2699
    0.0000   37.5000   -7.500010849.3291   14.2800
    7.5000   37.5000   -7.500010347.5029   14.3012
   -7.5000   45.0000   -7.5000 9238.4482   14.0572
    0.0000   45.0000   -7.5000 9661.6602   14.0691
    7.5000   45.0000   -7.5000 9225.9648   14.0887
   -7.5000  -45.0000    0.000012746.6934   14.4491
    0.0000  -45.0000    0.000013329.8516   14.4603
    7.5000  -45.0000    0.000012639.5273   14.4768
   -7.5000  -37.5000    0.000013252.3945   14.4571
    0.0000  -37.5000    0.000013863.4854   14.4679
    7.5000  -37.5000    0.000013140.5879   14.4790
   -7.5000  -30.0000    0.000014078.4141   14.4710
    0.0000  -30.0000    0.000014722.8457   14.4790
    7.5000  -30.0000    0.000013969.0742   14.4892
   -7.5000  -22.5000    0.000014898.2637   14.4774
    0.0000  -22.5000    0.000015560.9951   14.4819
    7.5000  -22.5000    0.000014771.7910   14.4972
   -7.5000  -15.0000    0.000015626.1797   14.4714
    0.0000  -15.0000    0.000016326.5977   14.4757
    7.5000  -15.0000    0.000015489.4082   14.4957
   -7.5000   -7.5000    0.000016123.1221   14.4571
    0.0000   -7.5000    0.000016897.4473   14.4651
    7.5000   -7.5000    0.000016006.9443   14.4855
   -7.5000    0.0000    0.000016411.5098   14.4491
    0.0000    0.0000    0.000017200.6016   14.4603
    7.5000    0.0000    0.000016347.7744   14.4768
   -7.5000    7.5000    0.000015441.0986   14.4571
    0.0000    7.5000    0.000016182.9004   14.4679
    7.5000    7.5000    0.000015422.1221   14.4790
   -7.5000   15.0000    0.000014257.0957   14.4710
    0.0000   15.0000    0.000014925.8262   14.4790
    7.5000   15.0000    0.000014262.2480   14.4892
   -7.5000   22.5000    0.000012965.0479   14.4707
    0.0000   22.5000    0.000013558.0986   14.4752
    7.5000   22.5000    0.000012940.7617   14.4905
   -7.5000   30.0000    0.000011770.1953   14.2841
    0.0000   30.0000    0.000012324.7686   14.2883
    7.5000   30.0000    0.000011716.4912   14.3081
   -7.5000   37.5000    0.000011017.8428   14.2860
    0.0000   37.5000    0.000011553.1152   14.2940
    7.5000   37.5000    0.000010979.2822   14.3142
   -7.5000   45.0000    0.0000 9817.7568   14.0764
    0.0000   45.0000    0.000010281.7695   14.0876
    7.5000   45.0000    0.0000 9778.0752   14.1058
   -7.5000  -45.0000    7.500012571.6426   14.4397
    0.0000  -45.0000    7.500013162.2295   14.4478
    7.5000  -45.0000    7.500012461.1426   14.4600
   -7.5000  -37.5000    7.500013084.5820   14.4552
    0.0000  -37.5000    7.500013694.1318   14.4648
    7.5000  -37.5000    7.500012940.3545   14.4729
   -7.5000  -30.0000    7.500013948.5059   14.4709
    0.0000  -30.0000    7.500014592.3066   14.4820
    7.5000  -30.0000    7.500013802.1816   14.4913
   -7.5000  -22.5000    7.500014750.6426   14.4712
    0.0000  -22.5000    7.500015396.8262   14.4813
    7.5000  -22.5000    7.500014612.5400   14.4963
   -7.5000  -15.0000    7.500015422.7539   14.4576
    0.0000  -15.0000    7.500016130.2891   14.4658
    7.5000  -15.0000    7.500015291.5703   14.4846
   -7.5000   -7.5000    7.500015936.9922   14.4419
    0.0000   -7.5000    7.500016714.5117   14.4495
    7.5000   -7.5000    7.500015807.1387   14.4667
   -7.5000    0.0000    7.500016203.9502   14.4397
    0.0000    0.0000    7.500017015.9160   14.4478
    7.5000    0.0000    7.500016105.5986   14.4600
   -7.5000    7.5000    7.500015268.8564   14.4552
    0.0000    7.5000    7.500016007.8066   14.4648
    7.5000    7.5000    7.500015147.7197   14.4729
   -7.5000   15.0000    7.500014159.0195   14.4709
    0.0000   15.0000    7.500014802.8340   14.4820
    7.5000   15.0000    7.500014022.2061   14.4913
   -7.5000   22.5000    7.500012868.0479   14.4645
    0.0000   22.5000    7.500013483.4219   14.4746
    7.5000   22.5000    7.500012751.6660   14.4896
   -7.5000   30.0000    7.500011679.1660   14.2705
    0.0000   30.0000    7.500012252.1016   14.2786
    7.5000   30.0000    7.500011575.3652   14.2971
   -7.5000   37.5000    7.500010917.2197   14.2704
    0.0000   37.5000    7.500011459.5430   14.2779
    7.5000   37.5000    7.500010849.6934   14.2948
   -7.5000   45.0000    7.5000 9705.3408   14.0656
    0.0000   45.0000    7.500010175.1748   14.0736
    7.5000   45.0000    7.5000 9654.9775   14.0866
   -7.5000  -45.0000   15.000012183.0059   14.4377
    0.0000  -45.0000   15.000012781.7695   14.4434
    7.5000  -45.0000   15.000012096.9053   14.4526
   -7.5000  -37.5000   15.000012712.4092   14.4605
    0.0000  -37.5000   15.000013355.8535   14.4655
    7.5000  -37.5000   15.000012570.6953   14.4711
   -7.5000  -30.0000   15.000013670.8018   14.4814
    0.0000  -30.0000   15.000014362.1855   14.4888
    7.5000  -30.0000   15.000013475.7500   14.4957
   -7.5000  -22.5000   15.000014552.1055   14.4796
    0.0000  -22.5000   15.000015284.8447   14.4896
    7.5000  -22.5000   15.000014380.5078   14.5019
   -7.5000  -15.0000   15.000015226.7334   14.4591
    0.0000  -15.0000   15.000015979.6064   14.4698
    7.5000  -15.0000   15.000015043.9502   14.4858
   -7.5000   -7.5000   15.000015709.1826   14.4381
    0.0000   -7.5000   15.000016482.9766   14.4469
    7.5000   -7.5000   15.000015456.9248   14.4611
   -7.5000    0.0000   15.000015938.6240   14.4377
    0.0000    0.0000   15.000016701.4883   14.4434
    7.5000    0.0000   15.000015668.7559   14.4526
   -7.5000    7.5000   15.000014984.2500   14.4605
    0.0000    7.5000   15.000015682.2412   14.4655
    7.5000    7.5000   15.000014707.1738   14.4711
   -7.5000   15.0000   15.000013867.5898   14.4814
    0.0000   15.0000   15.000014490.7686   14.4888
    7.5000   15.0000   15.000013611.8740   14.4957
   -7.5000   22.5000   15.000012597.3447   14.4729
    0.0000   22.5000   15.000013202.9199   14.4829
    7.5000   22.5000   15.000012407.4736   14.4953
   -7.5000   30.0000   15.000011410.3174   14.2720
    0.0000   30.0000   15.000011983.8076   14.2825
    7.5000   30.0000   15.000011270.4414   14.2983
   -7.5000   37.5000   15.000010673.9873   14.2678
    0.0000   37.5000   15.000011218.6240   14.2764
    7.5000   37.5000   15.000010582.3584   14.2904
   -7.5000   45.0000   15.0000 9459.5254   14.0641
    0.0000   45.0000   15.0000 9942.0596   14.0691
    7.5000   45.0000   15.0000 9384.3193   14.0775
   -7.5000  -45.0000   22.500011670.7822   14.4451
    0.0000  -45.0000   22.500012235.1953   14.4524
    7.5000  -45.0000   22.500011629.3359   14.4640
   -7.5000  -37.5000   22.500012204.5342   14.4678
    0.0000  -37.5000   22.500012774.7139   14.4692
    7.5000  -37.5000   22.500012117.6387   14.4754
   -7.5000  -30.0000   22.500013229.3232   14.4923
    0.0000  -30.0000   22.500013934.4199   14.4918
    7.5000  -30.0000   22.500013040.1396   14.4968
   -7.5000  -22.5000   22.500014210.7451   14.4950
    0.0000  -22.5000   22.500015065.0732   14.4986
    7.5000  -22.5000   22.500013920.5156   14.5079
   -7.5000  -15.0000   22.500014962.9912   14.4753
    0.0000  -15.0000   22.500015832.5322   14.4849
    7.5000  -15.0000   22.500014606.5840   14.4993
   -7.5000   -7.5000   22.500015370.7598   14.4500
    0.0000   -7.5000   22.500016207.8838   14.4613
    7.5000   -7.5000   22.500014997.9199   14.4768
   -7.5000    0.0000   22.500015480.2256   14.4451
    0.0000    0.0000   22.500016265.0713   14.4524
    7.5000    0.0000   22.500015123.6494   14.4640
   -7.5000    7.5000   22.500014451.2119   14.4678
    0.0000    7.5000   22.500015147.6924   14.4692
    7.5000    7.5000   22.500014152.4492   14.4754
   -7.5000   15.0000   22.500013312.6309   14.4923
    0.0000   15.0000   22.500013915.0518   14.4918
    7.5000   15.0000   22.500013065.1904   14.4968
   -7.5000   22.5000   22.500012134.0215   14.4883
    0.0000   22.5000   22.500012707.1826   14.4919
    7.5000   22.5000   22.500011960.5908   14.5012
   -7.5000   30.0000   22.500011002.5547   14.2880
    0.0000   30.0000   22.500011535.7256   14.2974
    7.5000   30.0000   22.500010882.2549   14.3117
   -7.5000   37.5000   22.500010289.6875   14.2815
    0.0000   37.5000   22.500010811.5645   14.2925
    7.5000   37.5000   22.500010208.9014   14.3079
   -7.5000   45.0000   22.5000 9138.1729   14.0736
    0.0000   45.0000   22.5000 9604.8262   14.0795
    7.5000   45.0000   22.5000 9048.7793   14.0897
   -7.5000  -45.0000   30.000011125.5771   14.4555
    0.0000  -45.0000   30.000011651.9648   14.4664
    7.5000  -45.0000   30.000011079.3291   14.4832
   -7.5000  -37.5000   30.000011670.0146   14.4719
    0.0000  -37.5000   30.000012241.7354   14.4747
    7.5000  -37.5000   30.000011574.4912   14.4842
   -7.5000  -30.0000   30.000012623.2070   14.4951
    0.0000  -30.0000   30.000013334.9141   14.4913
    7.5000  -30.0000   30.000012446.2178   14.4968
   -7.5000  -22.5000   30.000013498.2578   14.5031
    0.0000  -22.5000   30.000014224.1816   14.5011
    7.5000  -22.5000   30.000013233.7803   14.5100
   -7.5000  -15.0000   30.000014197.2715   14.4898
    0.0000  -15.0000   30.000014893.4199   14.4957
    7.5000  -15.0000   30.000013887.4980   14.5113
   -7.5000   -7.5000   30.000014629.9072   14.4653
    0.0000   -7.5000   30.000015335.8389   14.4776
    7.5000   -7.5000   30.000014323.7988   14.4970
   -7.5000    0.0000   30.000014772.7070   14.4555
    0.0000    0.0000   30.000015462.4580   14.4664
    7.5000    0.0000   30.000014479.5635   14.4832
   -7.5000    7.5000   30.000013741.7734   14.4719
    0.0000    7.5000   30.000014377.5693   14.4747
    7.5000    7.5000   30.000013517.5781   14.4842
   -7.5000   15.0000   30.000012656.2773   14.4951
    0.0000   15.0000   30.000013192.5166   14.4913
    7.5000   15.0000   30.000012433.0566   14.4968
   -7.5000   22.5000   30.000011528.2363   14.4964
    0.0000   22.5000   30.000012020.2891   14.4944
    7.5000   22.5000   30.000011352.6777   14.5033
   -7.5000   30.0000   30.000010450.4141   14.3023
    0.0000   30.0000   30.000010942.4912   14.3081
    7.5000   30.0000   30.000010332.6475   14.3235
   -7.5000   37.5000   30.0000 9745.9922   14.2973
    0.0000   37.5000   30.000010219.4365   14.3095
    7.5000   37.5000   30.0000 9661.0879   14.3287
   -7.5000   45.0000   30.0000 8652.9346   14.0857
    0.0000   45.0000   30.0000 9071.9541   14.0952
    7.5000   45.0000   30.0000 8569.3320   14.1113
   -7.5000  -45.0000   37.500010887.7520   14.4677
    0.0000  -45.0000   37.500011410.1748   14.4801
    7.5000  -45.0000   37.500010836.5410   14.4986
   -7.5000  -37.5000   37.500011390.7979   14.4769
    0.0000  -37.5000   37.500011947.5283   14.4844
    7.5000  -37.5000   37.500011321.1621   14.4960
   -7.5000  -30.0000   37.500012265.4258   14.4947
    0.0000  -30.0000   37.500012881.8877   14.4954
    7.5000  -30.0000   37.500012147.7217   14.5037
   -7.5000  -22.5000   37.500013085.9668   14.5043
    0.0000  -22.5000   37.500013659.9521   14.5029
    7.5000  -22.5000   37.500012903.4707   14.5150
   -7.5000  -15.0000   37.500013775.9199   14.4977
    0.0000  -15.0000   37.500014338.4150   14.5006
    7.5000  -15.0000   37.500013565.7725   14.5189
   -7.5000   -7.5000   37.500014223.6963   14.4789
    0.0000   -7.5000   37.500014812.9941   14.4890
    7.5000   -7.5000   37.500014005.6475   14.5102
   -7.5000    0.0000   37.500014413.4912   14.4677
    0.0000    0.0000   37.500015031.9746   14.4801
    7.5000    0.0000   37.500014195.5547   14.4986
   -7.5000    7.5000   37.500013408.5449   14.4769
    0.0000    7.5000   37.500014002.4082   14.4844
    7.5000    7.5000   37.500013238.1406   14.4960
   -7.5000   15.0000   37.500012366.4189   14.4947
    0.0000   15.0000   37.500012871.7588   14.4954
    7.5000   15.0000   37.500012183.2637   14.5037
   -7.5000   22.5000   37.500011288.6309   14.4976
    0.0000   22.5000   37.500011728.0615   14.4962
    7.5000   22.5000   37.500011114.4473   14.5083
   -7.5000   30.0000   37.500010223.9980   14.3100
    0.0000   30.0000   37.500010675.3350   14.3130
    7.5000   30.0000   37.500010110.1855   14.3310
   -7.5000   37.5000   37.5000 9490.8096   14.3094
    0.0000   37.5000   37.5000 9919.6914   14.3194
    7.5000   37.5000   37.5000 9413.5391   14.3406
   -7.5000   45.0000   37.5000 8399.9688   14.0969
    0.0000   45.0000   37.5000 8800.2881   14.1087
    7.5000   45.0000   37.5000 8321.5273   14.1282
   -7.5000  -45.0000   45.000010094.6396   14.5014
    0.0000  -45.0000   45.000010581.4297   14.5126
    7.5000  -45.0000   45.000010055.8252   14.5290
   -7.5000  -37.5000   45.000010548.8086   14.5093
    0.0000  -37.5000   45.000011049.5000   14.5203
    7.5000  -37.5000   45.000010516.7891   14.5313
   -7.5000  -30.0000   45.000011315.8242   14.5234
    0.0000  -30.0000   45.000011849.7773   14.5316
    7.5000  -30.0000   45.000011259.3721   14.5418
   -7.5000  -22.5000   45.000012039.1084   14.5300
    0.0000  -22.5000   45.000012531.2002   14.5349
    7.5000  -22.5000   45.000011942.3525   14.5501
   -7.5000  -15.0000   45.000012658.1260   14.5241
    0.0000  -15.0000   45.000013156.9248   14.5286
    7.5000  -15.0000   45.000012558.4668   14.5486
   -7.5000   -7.5000   45.000013112.5557   14.5096
    0.0000   -7.5000   45.000013630.3135   14.5177
    7.5000   -7.5000   45.000012993.1904   14.5380
   -7.5000    0.0000   45.000013363.1465   14.5014
    0.0000    0.0000   45.000013922.1064   14.5126
    7.5000    0.0000   45.000013212.6455   14.5290
   -7.5000    7.5000   45.000012473.3096   14.5093
    0.0000    7.5000   45.000012988.0664   14.5203
    7.5000    7.5000   45.000012328.2168   14.5313
   -7.5000   15.0000   45.000011494.2783   14.5234
    0.0000   15.0000   45.000011957.8799   14.5316
    7.5000   15.0000   45.000011356.6592   14.5418
   -7.5000   22.5000   45.000010501.6914   14.5233
    0.0000   22.5000   45.000010936.9736   14.5281
    7.5000   22.5000   45.000010353.7227   14.5434
   -7.5000   30.0000   45.0000 9475.7617   14.3349
    0.0000   30.0000   45.0000 9914.7734   14.3393
    7.5000   30.0000   45.0000 9391.0195   14.3590
   -7.5000   37.5000   45.0000 8788.3291   14.3368
    0.0000   37.5000   45.0000 9186.3691   14.3449
    7.5000   37.5000   45.0000 8710.4238   14.3650
   -7.5000   45.0000   45.0000 7784.6499   14.1353
    0.0000   45.0000   45.0000 8114.9805   14.1465
    7.5000   45.0000   45.0000 7702.1016   14.1647

---------------------------------------------------------------------
imgreg_4dfp /opt/freesurfer/average/711-2C_as_mni_average_305 /opt/freesurfer/average/711-2B_as_mni_average_305_mask talsrcimg_g11 none talsrcimg_to_711-2C_as_mni_average_305_t4 4355
---------------------------------------------------------------------

freesurfer imgreg_4dfp.c
/opt/freesurfer/average/711-2C_as_mni_average_305.4dfp.img
       256       256       256         1
  1.000000  1.000000  1.000000
orientation T byte_order littleendian
Reading image: /opt/freesurfer/average/711-2C_as_mni_average_305.4dfp.img
dimensions:      256       256       256
mmppix:       1.0000   -1.0000   -1.0000
center:     128.0000 -129.0000 -129.0000
/opt/freesurfer/average/711-2B_as_mni_average_305_mask.4dfp.img
       256       256       256         1
  1.000000  1.000000  1.000000
orientation T byte_order littleendian
Reading mask: /opt/freesurfer/average/711-2B_as_mni_average_305_mask.4dfp.img (2306576 pixels)
talsrcimg_g11.4dfp.img
       256       256       256         1
  1.000000  1.000000  1.000000
orientation T byte_order littleendian
Reading image: talsrcimg_g11.4dfp.img
dimensions:      256       256       256
mmppix:       1.0000   -1.0000   -1.0000
center:     128.0000 -129.0000 -129.0000
rotation matrix determinant  1.000000
image alignment mode   4355 decimal     1103 hex
   -7.5000  -45.0000  -45.0000 2103.8877   14.1853
    0.0000  -45.0000  -45.0000 2116.8813   14.1677
    7.5000  -45.0000  -45.0000 2091.0911   14.3617
   -7.5000  -37.5000  -45.0000 2147.2410   13.5507
    0.0000  -37.5000  -45.0000 2164.1584   13.5473
    7.5000  -37.5000  -45.0000 2134.6675   13.7303
   -7.5000  -30.0000  -45.0000 2173.6873   13.2685
    0.0000  -30.0000  -45.0000 2183.6926   13.2743
    7.5000  -30.0000  -45.0000 2158.0986   13.4704
   -7.5000  -22.5000  -45.0000 2178.7891   13.2187
    0.0000  -22.5000  -45.0000 2189.7356   13.1843
    7.5000  -22.5000  -45.0000 2161.5532   13.3874
   -7.5000  -15.0000  -45.0000 2160.7957   13.3314
    0.0000  -15.0000  -45.0000 2175.3369   13.3014
    7.5000  -15.0000  -45.0000 2145.3694   13.4909
   -7.5000   -7.5000  -45.0000 2128.1199   13.6253
    0.0000   -7.5000  -45.0000 2145.0754   13.6135
    7.5000   -7.5000  -45.0000 2118.3586   13.8120
   -7.5000    0.0000  -45.0000 2082.1841   14.2507
    0.0000    0.0000  -45.0000 2098.9050   14.2006
    7.5000    0.0000  -45.0000 2075.4707   14.3768
   -7.5000    7.5000  -45.0000 2028.5624   15.1029
    0.0000    7.5000  -45.0000 2043.5674   15.0683
    7.5000    7.5000  -45.0000 2017.5106   15.2714
   -7.5000   15.0000  -45.0000 1962.3472   16.2883
    0.0000   15.0000  -45.0000 1978.2899   16.2245
    7.5000   15.0000  -45.0000 1946.9492   16.4742
   -7.5000   22.5000  -45.0000 1869.3998   17.8666
    0.0000   22.5000  -45.0000 1886.0399   17.7639
    7.5000   22.5000  -45.0000 1856.4651   18.0649
   -7.5000   30.0000  -45.0000 1754.6132   20.0836
    0.0000   30.0000  -45.0000 1773.0579   19.8848
    7.5000   30.0000  -45.0000 1749.5800   20.3121
   -7.5000   37.5000  -45.0000 1642.2004   23.3499
    0.0000   37.5000  -45.0000 1657.2465   23.1283
    7.5000   37.5000  -45.0000 1634.8013   23.5282
   -7.5000   45.0000  -45.0000 1520.8245   27.8473
    0.0000   45.0000  -45.0000 1536.9020   27.7373
    7.5000   45.0000  -45.0000 1519.6276   28.1387
   -7.5000  -45.0000  -37.5000 2207.2258   13.0320
    0.0000  -45.0000  -37.5000 2215.8638   13.0392
    7.5000  -45.0000  -37.5000 2190.2888   13.1915
   -7.5000  -37.5000  -37.5000 2247.7039   12.4683
    0.0000  -37.5000  -37.5000 2266.4578   12.4802
    7.5000  -37.5000  -37.5000 2238.4270   12.6288
   -7.5000  -30.0000  -37.5000 2276.4863   12.1809
    0.0000  -30.0000  -37.5000 2289.2947   12.1698
    7.5000  -30.0000  -37.5000 2260.3667   12.3058
   -7.5000  -22.5000  -37.5000 2281.8064   12.0806
    0.0000  -22.5000  -37.5000 2293.2278   12.0569
    7.5000  -22.5000  -37.5000 2261.0923   12.2041
   -7.5000  -15.0000  -37.5000 2272.0037   12.1104
    0.0000  -15.0000  -37.5000 2287.1641   12.0979
    7.5000  -15.0000  -37.5000 2254.1831   12.2503
   -7.5000   -7.5000  -37.5000 2244.7537   12.4250
    0.0000   -7.5000  -37.5000 2261.2275   12.3895
    7.5000   -7.5000  -37.5000 2232.9482   12.5545
   -7.5000    0.0000  -37.5000 2195.0435   13.0038
    0.0000    0.0000  -37.5000 2215.4077   12.9579
    7.5000    0.0000  -37.5000 2190.3105   13.0894
   -7.5000    7.5000  -37.5000 2137.3359   13.7935
    0.0000    7.5000  -37.5000 2155.0876   13.7476
    7.5000    7.5000  -37.5000 2127.6443   13.9143
   -7.5000   15.0000  -37.5000 2059.7075   14.8619
    0.0000   15.0000  -37.5000 2074.9268   14.8012
    7.5000   15.0000  -37.5000 2048.6924   14.9932
   -7.5000   22.5000  -37.5000 1962.5624   16.2632
    0.0000   22.5000  -37.5000 1975.3154   16.1849
    7.5000   22.5000  -37.5000 1951.2592   16.4312
   -7.5000   30.0000  -37.5000 1841.2543   18.1887
    0.0000   30.0000  -37.5000 1858.2622   18.0839
    7.5000   30.0000  -37.5000 1832.3104   18.4123
   -7.5000   37.5000  -37.5000 1720.8236   21.0485
    0.0000   37.5000  -37.5000 1734.9819   20.9074
    7.5000   37.5000  -37.5000 1714.3585   21.2369
   -7.5000   45.0000  -37.5000 1588.9576   25.0290
    0.0000   45.0000  -37.5000 1603.1644   24.7982
    7.5000   45.0000  -37.5000 1584.8246   25.2643
   -7.5000  -45.0000  -30.0000 2349.1838   12.4927
    0.0000  -45.0000  -30.0000 2362.3569   12.4891
    7.5000  -45.0000  -30.0000 2337.8372   12.6257
   -7.5000  -37.5000  -30.0000 2396.0498   11.9398
    0.0000  -37.5000  -30.0000 2412.9985   11.9200
    7.5000  -37.5000  -30.0000 2379.4797   12.0553
   -7.5000  -30.0000  -30.0000 2418.4941   11.6280
    0.0000  -30.0000  -30.0000 2437.5452   11.6017
    7.5000  -30.0000  -30.0000 2400.4568   11.7163
   -7.5000  -22.5000  -30.0000 2421.1570   11.5044
    0.0000  -22.5000  -30.0000 2439.2893   11.4705
    7.5000  -22.5000  -30.0000 2405.6453   11.5970
   -7.5000  -15.0000  -30.0000 2417.7812   11.5098
    0.0000  -15.0000  -30.0000 2438.6238   11.4737
    7.5000  -15.0000  -30.0000 2403.6902   11.6083
   -7.5000   -7.5000  -30.0000 2396.2590   11.7967
    0.0000   -7.5000  -30.0000 2417.7949   11.7410
    7.5000   -7.5000  -30.0000 2382.7642   11.8674
   -7.5000    0.0000  -30.0000 2344.7148   12.3494
    0.0000    0.0000  -30.0000 2371.7578   12.2912
    7.5000    0.0000  -30.0000 2335.9941   12.4075
   -7.5000    7.5000  -30.0000 2282.9683   13.1158
    0.0000    7.5000  -30.0000 2301.8806   13.0458
    7.5000    7.5000  -30.0000 2269.6167   13.1596
   -7.5000   15.0000  -30.0000 2188.9990   14.1100
    0.0000   15.0000  -30.0000 2209.2671   14.0699
    7.5000   15.0000  -30.0000 2179.2327   14.1782
   -7.5000   22.5000  -30.0000 2088.4558   15.3651
    0.0000   22.5000  -30.0000 2101.8269   15.3040
    7.5000   22.5000  -30.0000 2071.5156   15.5230
   -7.5000   30.0000  -30.0000 1959.2747   17.1519
    0.0000   30.0000  -30.0000 1976.1176   17.0694
    7.5000   30.0000  -30.0000 1947.8412   17.3334
   -7.5000   37.5000  -30.0000 1828.5447   19.7644
    0.0000   37.5000  -30.0000 1846.3246   19.6505
    7.5000   37.5000  -30.0000 1825.0984   19.8703
   -7.5000   45.0000  -30.0000 1688.5273   23.3397
    0.0000   45.0000  -30.0000 1700.9587   23.1152
    7.5000   45.0000  -30.0000 1680.9623   23.4542
   -7.5000  -45.0000  -22.5000 2470.0410   11.8944
    0.0000  -45.0000  -22.5000 2486.5691   11.8778
    7.5000  -45.0000  -22.5000 2451.2046   11.9764
   -7.5000  -37.5000  -22.5000 2516.7959   11.3234
    0.0000  -37.5000  -22.5000 2532.9348   11.2838
    7.5000  -37.5000  -22.5000 2493.1160   11.3865
   -7.5000  -30.0000  -22.5000 2540.3557   10.9940
    0.0000  -30.0000  -22.5000 2557.9324   10.9386
    7.5000  -30.0000  -22.5000 2522.3057   11.0476
   -7.5000  -22.5000  -22.5000 2540.2603   10.8746
    0.0000  -22.5000  -22.5000 2563.1914   10.8326
    7.5000  -22.5000  -22.5000 2533.7937   10.9356
   -7.5000  -15.0000  -22.5000 2541.3550   10.8887
    0.0000  -15.0000  -22.5000 2563.2095   10.8306
    7.5000  -15.0000  -22.5000 2529.8000   10.9540
   -7.5000   -7.5000  -22.5000 2517.5476   11.1550
    0.0000   -7.5000  -22.5000 2541.2405   11.0979
    7.5000   -7.5000  -22.5000 2507.9695   11.2136
   -7.5000    0.0000  -22.5000 2471.3794   11.6659
    0.0000    0.0000  -22.5000 2497.4893   11.6032
    7.5000    0.0000  -22.5000 2461.4980   11.6927
   -7.5000    7.5000  -22.5000 2403.6167   12.3428
    0.0000    7.5000  -22.5000 2428.5981   12.2710
    7.5000    7.5000  -22.5000 2390.9507   12.3760
   -7.5000   15.0000  -22.5000 2304.8362   13.2439
    0.0000   15.0000  -22.5000 2325.7600   13.2056
    7.5000   15.0000  -22.5000 2291.8838   13.2872
   -7.5000   22.5000  -22.5000 2190.7048   14.4560
    0.0000   22.5000  -22.5000 2207.5039   14.4215
    7.5000   22.5000  -22.5000 2175.7446   14.5470
   -7.5000   30.0000  -22.5000 2060.0112   16.1349
    0.0000   30.0000  -22.5000 2078.2615   16.0927
    7.5000   30.0000  -22.5000 2043.7351   16.2563
   -7.5000   37.5000  -22.5000 1922.0201   18.4960
    0.0000   37.5000  -22.5000 1941.0242   18.4328
    7.5000   37.5000  -22.5000 1912.9742   18.6136
   -7.5000   45.0000  -22.5000 1775.6991   21.8146
    0.0000   45.0000  -22.5000 1788.9935   21.6376
    7.5000   45.0000  -22.5000 1767.8011   21.9146
   -7.5000  -45.0000  -15.0000 2546.9231   11.2676
    0.0000  -45.0000  -15.0000 2567.1086   11.2380
    7.5000  -45.0000  -15.0000 2529.6294   11.3479
   -7.5000  -37.5000  -15.0000 2604.3865   10.6966
    0.0000  -37.5000  -15.0000 2617.1416   10.6470
    7.5000  -37.5000  -15.0000 2582.0103   10.7509
   -7.5000  -30.0000  -15.0000 2634.9893   10.3506
    0.0000  -30.0000  -15.0000 2656.0027   10.2827
    7.5000  -30.0000  -15.0000 2616.4851   10.3798
   -7.5000  -22.5000  -15.0000 2644.8030   10.2535
    0.0000  -22.5000  -15.0000 2668.7371   10.1896
    7.5000  -22.5000  -15.0000 2632.7075   10.2887
   -7.5000  -15.0000  -15.0000 2644.9380   10.2928
    0.0000  -15.0000  -15.0000 2665.9751   10.2186
    7.5000  -15.0000  -15.0000 2631.3813   10.3203
   -7.5000   -7.5000  -15.0000 2623.4990   10.5445
    0.0000   -7.5000  -15.0000 2650.8384   10.4746
    7.5000   -7.5000  -15.0000 2613.7847   10.5721
   -7.5000    0.0000  -15.0000 2575.2727   10.9790
    0.0000    0.0000  -15.0000 2603.9810   10.9134
    7.5000    0.0000  -15.0000 2563.6062   11.0091
   -7.5000    7.5000  -15.0000 2500.4719   11.6171
    0.0000    7.5000  -15.0000 2528.7188   11.5565
    7.5000    7.5000  -15.0000 2488.9187   11.6499
   -7.5000   15.0000  -15.0000 2392.7002   12.4627
    0.0000   15.0000  -15.0000 2418.5879   12.3943
    7.5000   15.0000  -15.0000 2385.6541   12.4825
   -7.5000   22.5000  -15.0000 2269.4851   13.5676
    0.0000   22.5000  -15.0000 2290.4563   13.4969
    7.5000   22.5000  -15.0000 2258.3364   13.6314
   -7.5000   30.0000  -15.0000 2128.7317   15.1658
    0.0000   30.0000  -15.0000 2145.9150   15.0930
    7.5000   30.0000  -15.0000 2117.8345   15.2162
   -7.5000   37.5000  -15.0000 1984.3060   17.3400
    0.0000   37.5000  -15.0000 2005.8318   17.2957
    7.5000   37.5000  -15.0000 1976.7936   17.4341
   -7.5000   45.0000  -15.0000 1832.2335   20.3594
    0.0000   45.0000  -15.0000 1849.4241   20.2681
    7.5000   45.0000  -15.0000 1825.4835   20.4749
   -7.5000  -45.0000   -7.5000 2600.6765   10.7209
    0.0000  -45.0000   -7.5000 2620.2922   10.6524
    7.5000  -45.0000   -7.5000 2592.8625   10.7761
   -7.5000  -37.5000   -7.5000 2672.6094   10.1013
    0.0000  -37.5000   -7.5000 2689.0002   10.0534
    7.5000  -37.5000   -7.5000 2654.9316   10.1571
   -7.5000  -30.0000   -7.5000 2709.7712    9.7583
    0.0000  -30.0000   -7.5000 2731.1394    9.6856
    7.5000  -30.0000   -7.5000 2695.7280    9.7770
   -7.5000  -22.5000   -7.5000 2742.4116    9.6279
    0.0000  -22.5000   -7.5000 2760.1619    9.5535
    7.5000  -22.5000   -7.5000 2719.9785    9.6290
   -7.5000  -15.0000   -7.5000 2739.2969    9.6750
    0.0000  -15.0000   -7.5000 2764.7449    9.6052
    7.5000  -15.0000   -7.5000 2723.9849    9.7131
   -7.5000   -7.5000   -7.5000 2718.6472    9.9225
    0.0000   -7.5000   -7.5000 2748.8677    9.8621
    7.5000   -7.5000   -7.5000 2709.0078    9.9748
   -7.5000    0.0000   -7.5000 2666.3101   10.3417
    0.0000    0.0000   -7.5000 2700.2837   10.2636
    7.5000    0.0000   -7.5000 2659.7068   10.3862
   -7.5000    7.5000   -7.5000 2585.3088   10.9411
    0.0000    7.5000   -7.5000 2619.3311   10.8582
    7.5000    7.5000   -7.5000 2584.3433   10.9782
   -7.5000   15.0000   -7.5000 2472.0620   11.7267
    0.0000   15.0000   -7.5000 2500.8120   11.6393
    7.5000   15.0000   -7.5000 2471.1250   11.7466
   -7.5000   22.5000   -7.5000 2337.2410   12.7880
    0.0000   22.5000   -7.5000 2360.5198   12.6868
    7.5000   22.5000   -7.5000 2333.8086   12.8118
   -7.5000   30.0000   -7.5000 2186.9175   14.2464
    0.0000   30.0000   -7.5000 2207.0745   14.1629
    7.5000   30.0000   -7.5000 2184.8782   14.3074
   -7.5000   37.5000   -7.5000 2038.4955   16.3155
    0.0000   37.5000   -7.5000 2057.2524   16.2248
    7.5000   37.5000   -7.5000 2034.8041   16.3833
   -7.5000   45.0000   -7.5000 1876.8729   19.0877
    0.0000   45.0000   -7.5000 1894.3229   19.0211
    7.5000   45.0000   -7.5000 1876.0742   19.2260
   -7.5000  -45.0000    0.0000 2642.0840   10.2776
    0.0000  -45.0000    0.0000 2660.1667   10.2213
    7.5000  -45.0000    0.0000 2631.3877   10.3227
   -7.5000  -37.5000    0.0000 2724.3186    9.6355
    0.0000  -37.5000    0.0000 2741.9695    9.5899
    7.5000  -37.5000    0.0000 2707.7979    9.6926
   -7.5000  -30.0000    0.0000 2775.4065    9.2597
    0.0000  -30.0000    0.0000 2798.3684    9.2083
    7.5000  -30.0000    0.0000 2761.7388    9.3247
   -7.5000  -22.5000    0.0000 2814.6760    9.0830
    0.0000  -22.5000    0.0000 2840.7500    9.0217
    7.5000  -22.5000    0.0000 2796.4517    9.1482
   -7.5000  -15.0000    0.0000 2821.9495    9.1478
    0.0000  -15.0000    0.0000 2850.7068    9.0742
    7.5000  -15.0000    0.0000 2807.6355    9.2080
   -7.5000   -7.5000    0.0000 2799.9478    9.4166
    0.0000   -7.5000    0.0000 2834.4563    9.3409
    7.5000   -7.5000    0.0000 2791.2183    9.4630
   -7.5000    0.0000    0.0000 2744.8289    9.8349
    0.0000    0.0000    0.0000 2777.2793    9.7395
    7.5000    0.0000    0.0000 2739.6296    9.8709
   -7.5000    7.5000    0.0000 2651.5183   10.3911
    0.0000    7.5000    0.0000 2689.1633   10.3053
    7.5000    7.5000    0.0000 2653.4504   10.4542
   -7.5000   15.0000    0.0000 2535.3765   11.1295
    0.0000   15.0000    0.0000 2566.2373   11.0503
    7.5000   15.0000    0.0000 2534.7695   11.1945
   -7.5000   22.5000    0.0000 2396.2966   12.1763
    0.0000   22.5000    0.0000 2421.4519   12.0971
    7.5000   22.5000    0.0000 2392.0645   12.2468
   -7.5000   30.0000    0.0000 2239.7314   13.5629
    0.0000   30.0000    0.0000 2262.9768   13.5163
    7.5000   30.0000    0.0000 2234.9875   13.6636
   -7.5000   37.5000    0.0000 2083.3359   15.5418
    0.0000   37.5000    0.0000 2105.5493   15.4515
    7.5000   37.5000    0.0000 2076.6697   15.6249
   -7.5000   45.0000    0.0000 1914.9961   18.1292
    0.0000   45.0000    0.0000 1935.4877   18.0897
    7.5000   45.0000    0.0000 1909.9043   18.2563
   -7.5000  -45.0000    7.5000 2662.8337    9.9800
    0.0000  -45.0000    7.5000 2681.1675    9.9017
    7.5000  -45.0000    7.5000 2653.2058   10.0162
   -7.5000  -37.5000    7.5000 2758.1790    9.3414
    0.0000  -37.5000    7.5000 2781.1816    9.2639
    7.5000  -37.5000    7.5000 2745.5444    9.3461
   -7.5000  -30.0000    7.5000 2824.7017    8.9411
    0.0000  -30.0000    7.5000 2851.7043    8.8636
    7.5000  -30.0000    7.5000 2810.6968    8.9721
   -7.5000  -22.5000    7.5000 2873.0454    8.7216
    0.0000  -22.5000    7.5000 2908.0403    8.6462
    7.5000  -22.5000    7.5000 2857.1230    8.8019
   -7.5000  -15.0000    7.5000 2890.3342    8.7533
    0.0000  -15.0000    7.5000 2927.8799    8.6623
    7.5000  -15.0000    7.5000 2869.8154    8.8442
   -7.5000   -7.5000    7.5000 2867.4614    9.0313
    0.0000   -7.5000    7.5000 2907.4368    8.9441
    7.5000   -7.5000    7.5000 2852.0605    9.0976
   -7.5000    0.0000    7.5000 2802.0220    9.4510
    0.0000    0.0000    7.5000 2842.3074    9.3555
    7.5000    0.0000    7.5000 2798.3386    9.4795
   -7.5000    7.5000    7.5000 2705.6528   10.0079
    0.0000    7.5000    7.5000 2742.3867    9.9150
    7.5000    7.5000    7.5000 2706.0054   10.0368
   -7.5000   15.0000    7.5000 2585.6992   10.7753
    0.0000   15.0000    7.5000 2614.2786   10.6923
    7.5000   15.0000    7.5000 2579.8684   10.8137
   -7.5000   22.5000    7.5000 2440.0876   11.8154
    0.0000   22.5000    7.5000 2468.8813   11.7365
    7.5000   22.5000    7.5000 2430.5193   11.8928
   -7.5000   30.0000    7.5000 2279.2595   13.2204
    0.0000   30.0000    7.5000 2309.1560   13.1182
    7.5000   30.0000    7.5000 2274.3008   13.2735
   -7.5000   37.5000    7.5000 2115.4971   15.0690
    0.0000   37.5000    7.5000 2139.7505   14.9865
    7.5000   37.5000    7.5000 2111.3018   15.1356
   -7.5000   45.0000    7.5000 1944.7548   17.5222
    0.0000   45.0000    7.5000 1966.0966   17.4167
    7.5000   45.0000    7.5000 1944.8876   17.5656
   -7.5000  -45.0000   15.0000 2661.2527    9.8176
    0.0000  -45.0000   15.0000 2684.2104    9.7333
    7.5000  -45.0000   15.0000 2652.2649    9.8615
   -7.5000  -37.5000   15.0000 2773.0916    9.1728
    0.0000  -37.5000   15.0000 2802.2471    9.0867
    7.5000  -37.5000   15.0000 2761.4504    9.1813
   -7.5000  -30.0000   15.0000 2850.7791    8.7910
    0.0000  -30.0000   15.0000 2886.5996    8.7100
    7.5000  -30.0000   15.0000 2845.2183    8.7943
   -7.5000  -22.5000   15.0000 2908.7026    8.6299
    0.0000  -22.5000   15.0000 2955.4226    8.5482
    7.5000  -22.5000   15.0000 2899.1948    8.6584
   -7.5000  -15.0000   15.0000 2932.6599    8.6249
    0.0000  -15.0000   15.0000 2980.9460    8.5432
    7.5000  -15.0000   15.0000 2914.5298    8.6894
   -7.5000   -7.5000   15.0000 2907.8381    8.8305
    0.0000   -7.5000   15.0000 2954.2266    8.7431
    7.5000   -7.5000   15.0000 2889.5867    8.8664
   -7.5000    0.0000   15.0000 2834.5273    9.2059
    0.0000    0.0000   15.0000 2870.2048    9.1179
    7.5000    0.0000   15.0000 2829.2126    9.2115
   -7.5000    7.5000   15.0000 2737.6619    9.7763
    0.0000    7.5000   15.0000 2770.5930    9.6691
    7.5000    7.5000   15.0000 2735.7866    9.7757
   -7.5000   15.0000   15.0000 2606.4067   10.5788
    0.0000   15.0000   15.0000 2635.8840   10.4823
    7.5000   15.0000   15.0000 2601.8997   10.5981
   -7.5000   22.5000   15.0000 2457.5044   11.6400
    0.0000   22.5000   15.0000 2487.9272   11.5581
    7.5000   22.5000   15.0000 2450.0330   11.6870
   -7.5000   30.0000   15.0000 2299.4294   12.9746
    0.0000   30.0000   15.0000 2327.8184   12.9305
    7.5000   30.0000   15.0000 2292.9873   13.0320
   -7.5000   37.5000   15.0000 2140.0422   14.7493
    0.0000   37.5000   15.0000 2158.6519   14.7127
    7.5000   37.5000   15.0000 2135.8762   14.7978
   -7.5000   45.0000   15.0000 1958.6960   17.0940
    0.0000   45.0000   15.0000 1982.9397   17.0145
    7.5000   45.0000   15.0000 1962.2157   17.1165
   -7.5000  -45.0000   22.5000 2643.1443    9.8033
    0.0000  -45.0000   22.5000 2665.7236    9.7150
    7.5000  -45.0000   22.5000 2640.1238    9.8802
   -7.5000  -37.5000   22.5000 2760.4563    9.1733
    0.0000  -37.5000   22.5000 2786.6650    9.1045
    7.5000  -37.5000   22.5000 2753.0295    9.2274
   -7.5000  -30.0000   22.5000 2858.1401    8.8115
    0.0000  -30.0000   22.5000 2888.3132    8.7407
    7.5000  -30.0000   22.5000 2846.7156    8.8239
   -7.5000  -22.5000   22.5000 2925.7979    8.6727
    0.0000  -22.5000   22.5000 2974.8127    8.6070
    7.5000  -22.5000   22.5000 2912.3523    8.6565
   -7.5000  -15.0000   22.5000 2949.8362    8.6904
    0.0000  -15.0000   22.5000 3007.6162    8.6435
    7.5000  -15.0000   22.5000 2930.8005    8.6813
   -7.5000   -7.5000   22.5000 2916.4705    8.8253
    0.0000   -7.5000   22.5000 2968.5947    8.7735
    7.5000   -7.5000   22.5000 2901.1433    8.8317
   -7.5000    0.0000   22.5000 2834.8691    9.1525
    0.0000    0.0000   22.5000 2872.6265    9.0811
    7.5000    0.0000   22.5000 2828.2627    9.1755
   -7.5000    7.5000   22.5000 2733.8857    9.7056
    0.0000    7.5000   22.5000 2766.0569    9.5971
    7.5000    7.5000   22.5000 2735.0859    9.7065
   -7.5000   15.0000   22.5000 2605.0085   10.5185
    0.0000   15.0000   22.5000 2631.7114   10.3960
    7.5000   15.0000   22.5000 2604.1243   10.5320
   -7.5000   22.5000   22.5000 2460.4856   11.5663
    0.0000   22.5000   22.5000 2488.7212   11.4631
    7.5000   22.5000   22.5000 2459.4434   11.6150
   -7.5000   30.0000   22.5000 2303.3323   12.8945
    0.0000   30.0000   22.5000 2324.9521   12.8197
    7.5000   30.0000   22.5000 2300.9797   12.9696
   -7.5000   37.5000   22.5000 2140.9502   14.6636
    0.0000   37.5000   22.5000 2164.4050   14.5887
    7.5000   37.5000   22.5000 2139.4849   14.7203
   -7.5000   45.0000   22.5000 1959.1444   16.9367
    0.0000   45.0000   22.5000 1984.7405   16.8566
    7.5000   45.0000   22.5000 1962.8943   16.9532
   -7.5000  -45.0000   30.0000 2608.8364   10.0260
    0.0000  -45.0000   30.0000 2628.7393    9.9366
    7.5000  -45.0000   30.0000 2605.6760   10.0977
   -7.5000  -37.5000   30.0000 2726.4248    9.3918
    0.0000  -37.5000   30.0000 2751.1504    9.3164
    7.5000  -37.5000   30.0000 2724.5903    9.4371
   -7.5000  -30.0000   30.0000 2830.9509    8.9951
    0.0000  -30.0000   30.0000 2861.0742    8.9337
    7.5000  -30.0000   30.0000 2823.4116    9.0120
   -7.5000  -22.5000   30.0000 2915.8801    8.8001
    0.0000  -22.5000   30.0000 2962.2896    8.7515
    7.5000  -22.5000   30.0000 2895.3037    8.8043
   -7.5000  -15.0000   30.0000 2940.3335    8.7765
    0.0000  -15.0000   30.0000 2995.8999    8.6757
    7.5000  -15.0000   30.0000 2915.6016    8.7857
   -7.5000   -7.5000   30.0000 2898.5444    8.9388
    0.0000   -7.5000   30.0000 2952.1138    8.8130
    7.5000   -7.5000   30.0000 2886.2251    8.9595
   -7.5000    0.0000   30.0000 2807.8564    9.3155
    0.0000    0.0000   30.0000 2845.0457    9.2285
    7.5000    0.0000   30.0000 2803.9963    9.3455
   -7.5000    7.5000   30.0000 2699.9111    9.8736
    0.0000    7.5000   30.0000 2727.2646    9.7840
    7.5000    7.5000   30.0000 2702.9719    9.8979
   -7.5000   15.0000   30.0000 2579.2178   10.6665
    0.0000   15.0000   30.0000 2598.3784   10.5438
    7.5000   15.0000   30.0000 2577.0049   10.6602
   -7.5000   22.5000   30.0000 2440.0652   11.6884
    0.0000   22.5000   30.0000 2459.3860   11.5683
    7.5000   22.5000   30.0000 2439.9736   11.6889
   -7.5000   30.0000   30.0000 2283.7937   12.9755
    0.0000   30.0000   30.0000 2304.1443   12.8683
    7.5000   30.0000   30.0000 2284.4221   13.0126
   -7.5000   37.5000   30.0000 2121.7910   14.6765
    0.0000   37.5000   30.0000 2142.4697   14.6240
    7.5000   37.5000   30.0000 2126.2112   14.7358
   -7.5000   45.0000   30.0000 1942.4401   16.9109
    0.0000   45.0000   30.0000 1966.2100   16.8368
    7.5000   45.0000   30.0000 1947.5065   16.9811
   -7.5000  -45.0000   37.5000 2568.9268   10.4335
    0.0000  -45.0000   37.5000 2593.2310   10.3259
    7.5000  -45.0000   37.5000 2569.7495   10.4980
   -7.5000  -37.5000   37.5000 2682.0618    9.7607
    0.0000  -37.5000   37.5000 2710.6233    9.6623
    7.5000  -37.5000   37.5000 2686.6521    9.8028
   -7.5000  -30.0000   37.5000 2786.4165    9.3255
    0.0000  -30.0000   37.5000 2814.9990    9.2456
    7.5000  -30.0000   37.5000 2786.0825    9.3557
   -7.5000  -22.5000   37.5000 2864.1121    9.0969
    0.0000  -22.5000   37.5000 2904.5879    9.0031
    7.5000  -22.5000   37.5000 2857.1123    9.1075
   -7.5000  -15.0000   37.5000 2888.2368    9.0593
    0.0000  -15.0000   37.5000 2930.2490    8.9098
    7.5000  -15.0000   37.5000 2872.0266    9.0976
   -7.5000   -7.5000   37.5000 2852.9482    9.2180
    0.0000   -7.5000   37.5000 2891.6970    9.0964
    7.5000   -7.5000   37.5000 2841.1196    9.2658
   -7.5000    0.0000   37.5000 2762.8088    9.6198
    0.0000    0.0000   37.5000 2799.4929    9.5152
    7.5000    0.0000   37.5000 2759.6914    9.6585
   -7.5000    7.5000   37.5000 2646.5234   10.1897
    0.0000    7.5000   37.5000 2678.3389   10.0882
    7.5000    7.5000   37.5000 2653.9414   10.2255
   -7.5000   15.0000   37.5000 2530.3464   10.9752
    0.0000   15.0000   37.5000 2552.3848   10.8617
    7.5000   15.0000   37.5000 2534.9729   10.9785
   -7.5000   22.5000   37.5000 2399.0044   11.9669
    0.0000   22.5000   37.5000 2419.5889   11.8654
    7.5000   22.5000   37.5000 2401.8032   11.9836
   -7.5000   30.0000   37.5000 2254.1072   13.2032
    0.0000   30.0000   37.5000 2273.2922   13.1020
    7.5000   30.0000   37.5000 2253.6636   13.2456
   -7.5000   37.5000   37.5000 2088.1833   14.8902
    0.0000   37.5000   37.5000 2107.7449   14.8326
    7.5000   37.5000   37.5000 2091.9143   14.9314
   -7.5000   45.0000   37.5000 1907.3188   17.0896
    0.0000   45.0000   37.5000 1931.1715   17.0176
    7.5000   45.0000   37.5000 1912.7286   17.1573
   -7.5000  -45.0000   45.0000 2524.7351   10.9523
    0.0000  -45.0000   45.0000 2551.4141   10.8261
    7.5000  -45.0000   45.0000 2525.4749   11.0387
   -7.5000  -37.5000   45.0000 2635.8652   10.2569
    0.0000  -37.5000   45.0000 2662.9333   10.1253
    7.5000  -37.5000   45.0000 2639.3196   10.3084
   -7.5000  -30.0000   45.0000 2726.2505    9.7865
    0.0000  -30.0000   45.0000 2757.9329    9.6740
    7.5000  -30.0000   45.0000 2732.4680    9.8184
   -7.5000  -22.5000   45.0000 2792.4600    9.5468
    0.0000  -22.5000   45.0000 2832.6877    9.3923
    7.5000  -22.5000   45.0000 2794.4836    9.5687
   -7.5000  -15.0000   45.0000 2805.9790    9.5062
    0.0000  -15.0000   45.0000 2844.1816    9.3471
    7.5000  -15.0000   45.0000 2805.8140    9.5369
   -7.5000   -7.5000   45.0000 2772.8621    9.6795
    0.0000   -7.5000   45.0000 2804.5657    9.5682
    7.5000   -7.5000   45.0000 2770.6350    9.7144
   -7.5000    0.0000   45.0000 2697.7341   10.0842
    0.0000    0.0000   45.0000 2733.1084    9.9847
    7.5000    0.0000   45.0000 2696.9866   10.1203
   -7.5000    7.5000   45.0000 2587.8845   10.6782
    0.0000    7.5000   45.0000 2617.4785   10.5633
    7.5000    7.5000   45.0000 2594.8374   10.6939
   -7.5000   15.0000   45.0000 2474.8037   11.4346
    0.0000   15.0000   45.0000 2500.9143   11.3266
    7.5000   15.0000   45.0000 2483.0513   11.4487
   -7.5000   22.5000   45.0000 2346.5696   12.4061
    0.0000   22.5000   45.0000 2371.3865   12.3152
    7.5000   22.5000   45.0000 2352.0244   12.4138
   -7.5000   30.0000   45.0000 2198.1235   13.6118
    0.0000   30.0000   45.0000 2223.8750   13.5168
    7.5000   30.0000   45.0000 2208.0571   13.6436
   -7.5000   37.5000   45.0000 2039.1266   15.2771
    0.0000   37.5000   45.0000 2061.8730   15.1818
    7.5000   37.5000   45.0000 2042.9199   15.2977
   -7.5000   45.0000   45.0000 1870.4501   17.4223
    0.0000   45.0000   45.0000 1890.4360   17.3420
    7.5000   45.0000   45.0000 1874.7157   17.4853

---------------------------------------------------------------------
imgreg_4dfp /opt/freesurfer/average/711-2C_as_mni_average_305 /opt/freesurfer/average/711-2B_as_mni_average_305_mask talsrcimg_g11 none talsrcimg_to_711-2C_as_mni_average_305_t4 1283
---------------------------------------------------------------------

freesurfer imgreg_4dfp.c
/opt/freesurfer/average/711-2C_as_mni_average_305.4dfp.img
       256       256       256         1
  1.000000  1.000000  1.000000
orientation T byte_order littleendian
Reading image: /opt/freesurfer/average/711-2C_as_mni_average_305.4dfp.img
dimensions:      256       256       256
mmppix:       1.0000   -1.0000   -1.0000
center:     128.0000 -129.0000 -129.0000
/opt/freesurfer/average/711-2B_as_mni_average_305_mask.4dfp.img
       256       256       256         1
  1.000000  1.000000  1.000000
orientation T byte_order littleendian
Reading mask: /opt/freesurfer/average/711-2B_as_mni_average_305_mask.4dfp.img (2306576 pixels)
talsrcimg_g11.4dfp.img
       256       256       256         1
  1.000000  1.000000  1.000000
orientation T byte_order littleendian
Reading image: talsrcimg_g11.4dfp.img
dimensions:      256       256       256
mmppix:       1.0000   -1.0000   -1.0000
center:     128.0000 -129.0000 -129.0000
rotation matrix determinant  1.000000
fimgreg.f
image alignment mode   1283 decimal      503 hex
parameters
    0.0000  -15.0000   22.5000    0.0000    0.0000    0.0000
eta,q 0.94283  8.64591
niter,ni,del,rscale     5    3   12.0000    1.2000
parameter  4  2.365836 ->  0.500000 qaram    1.1500
parameters
   -0.5747  -15.9649   24.5292   -3.4500   -0.8649   -2.5061
eta,q 0.95098  8.62987
  0.0683  0.0616  0.0624  0.0479  0.0556  0.0509
  0.0612  0.0576  0.0599  0.0496  0.0519  0.0492
  0.0571  0.0555  0.0579  0.0523  0.0501  0.0491
  0.0567  0.0562  0.0555  0.0547  0.0504  0.0500
  0.0593  0.0583  0.0547  0.0574  0.0522  0.0519
  0.0649  0.0612  0.0554  0.0613  0.0548  0.0545
  0.0737  0.0658  0.0575  0.0651  0.0595  0.0579
niter,ni,del,rscale     5    3   12.0000    1.2000
parameter  4  0.984441 ->  0.500000 qaram    1.3225
parameters
   -1.0580  -14.7820   24.0974   -7.4175   -0.7034   -2.4954
eta,q 0.95483  8.64632
  0.0620  0.0636  0.0537  0.0447  0.0555  0.0509
  0.0550  0.0569  0.0509  0.0451  0.0503  0.0481
  0.0506  0.0516  0.0491  0.0460  0.0467  0.0460
  0.0490  0.0490  0.0483  0.0483  0.0452  0.0452
  0.0519  0.0483  0.0492  0.0525  0.0454  0.0460
  0.0585  0.0509  0.0518  0.0559  0.0492  0.0481
  0.0668  0.0556  0.0559  0.0608  0.0550  0.0509
niter,ni,del,rscale     5    3   12.0000    1.2000
parameters
   -0.9878  -13.1697   23.2994  -10.2133   -0.5103   -2.9471
eta,q 0.95826  8.63729
  0.0630  0.0616  0.0495  0.0472  0.0529  0.0472
  0.0539  0.0537  0.0470  0.0418  0.0477  0.0440
  0.0475  0.0486  0.0445  0.0419  0.0437  0.0421
  0.0452  0.0452  0.0441  0.0439  0.0418  0.0418
  0.0470  0.0441  0.0457  0.0473  0.0425  0.0429
  0.0534  0.0458  0.0488  0.0518  0.0462  0.0455
  0.0622  0.0503  0.0543  0.0575  0.0522  0.0488
niter,ni,del,rscale     4    3   12.0000    1.2000
parameters
   -1.0653  -12.6834   22.2438  -10.6125   -0.4072   -3.0254
eta,q 0.95902  8.62981
  0.0618  0.0584  0.0467  0.0524  0.0521  0.0470
  0.0514  0.0497  0.0439  0.0450  0.0464  0.0440
  0.0437  0.0445  0.0418  0.0409  0.0423  0.0419
  0.0417  0.0417  0.0412  0.0413  0.0410  0.0410
  0.0448  0.0415  0.0432  0.0442  0.0421  0.0417
  0.0524  0.0465  0.0474  0.0481  0.0456  0.0442
  0.0624  0.0541  0.0532  0.0528  0.0515  0.0475
niter,ni,del,rscale     3    3   12.0000    1.2000
parameters
   -1.0839  -12.6743   22.0885  -10.7601   -0.3906   -3.0400
eta,q 0.95908  8.62710
  0.0618  0.0557  0.0486  0.0529  0.0517  0.0471
  0.0514  0.0474  0.0448  0.0459  0.0461  0.0441
  0.0434  0.0431  0.0424  0.0412  0.0421  0.0419
  0.0410  0.0410  0.0410  0.0410  0.0409  0.0409
  0.0438  0.0426  0.0417  0.0439  0.0421  0.0415
  0.0515  0.0485  0.0449  0.0477  0.0457  0.0441
  0.0620  0.0551  0.0501  0.0522  0.0518  0.0473
niter,ni,del,rscale     2    3   12.0000    1.2000
parameters
   -1.0900  -12.6522   22.0585  -10.8163   -0.3866   -3.0384
eta,q 0.95912  8.62611
  0.0619  0.0558  0.0489  0.0531  0.0517  0.0471
  0.0515  0.0474  0.0449  0.0462  0.0461  0.0441
  0.0434  0.0430  0.0424  0.0414  0.0420  0.0419
  0.0409  0.0409  0.0409  0.0409  0.0409  0.0409
  0.0437  0.0427  0.0414  0.0437  0.0421  0.0415
  0.0514  0.0485  0.0445  0.0475  0.0457  0.0440
  0.0620  0.0548  0.0497  0.0520  0.0518  0.0473
registration optimization eta report
parameter search radius
    6.0000    6.0000    6.0000    7.9350    6.0000    6.0000
100000*second partial in parameter space
       58.       39.       23.       18.       30.       17.
  0.0619  0.0558  0.0489  0.0531  0.0517  0.0471
  0.0515  0.0474  0.0449  0.0462  0.0461  0.0441
  0.0434  0.0430  0.0424  0.0414  0.0420  0.0419
  0.0409  0.0409  0.0409  0.0409  0.0409  0.0409
  0.0437  0.0427  0.0414  0.0437  0.0421  0.0415
  0.0514  0.0485  0.0445  0.0475  0.0457  0.0440
  0.0620  0.0548  0.0497  0.0520  0.0518  0.0473
   -1.0900  -12.6522   22.0585  -10.8163   -0.3866   -3.0384
eta,q 0.95912  8.62611

---------------------------------------------------------------------
imgreg_4dfp /opt/freesurfer/average/711-2C_as_mni_average_305 /opt/freesurfer/average/711-2B_as_mni_average_305_mask talsrcimg_g11 none talsrcimg_to_711-2C_as_mni_average_305_t4 3335
---------------------------------------------------------------------

freesurfer imgreg_4dfp.c
/opt/freesurfer/average/711-2C_as_mni_average_305.4dfp.img
       256       256       256         1
  1.000000  1.000000  1.000000
orientation T byte_order littleendian
Reading image: /opt/freesurfer/average/711-2C_as_mni_average_305.4dfp.img
dimensions:      256       256       256
mmppix:       1.0000   -1.0000   -1.0000
center:     128.0000 -129.0000 -129.0000
/opt/freesurfer/average/711-2B_as_mni_average_305_mask.4dfp.img
       256       256       256         1
  1.000000  1.000000  1.000000
orientation T byte_order littleendian
Reading mask: /opt/freesurfer/average/711-2B_as_mni_average_305_mask.4dfp.img (2306576 pixels)
talsrcimg_g11.4dfp.img
       256       256       256         1
  1.000000  1.000000  1.000000
orientation T byte_order littleendian
Reading image: talsrcimg_g11.4dfp.img
dimensions:      256       256       256
mmppix:       1.0000   -1.0000   -1.0000
center:     128.0000 -129.0000 -129.0000
fimgreg.f
image alignment mode   3335 decimal      D07 hex
parameters
   -1.0900  -12.6522   22.0585   -0.1428   -1.9080   -1.7788
    5.0799    1.6565   -5.3004   18.7045   -0.6747  -18.7656
eta,q 0.95897  8.67229
niter,ni,del,rscale     5    3    5.0000    1.2000
parameter  4  0.921776 ->  0.500000 qaram    1.1500
parameter  5  1.109542 ->  0.500000 qaram    1.1500
parameter 10  0.611409 ->  0.500000 qaram    1.1500
parameter 12  0.961428 ->  0.500000 qaram    1.1500
parameters
   -1.2176  -12.2943   22.4759   -4.2828   -6.0480   -3.9981
    4.1909    2.1230   -1.7264   14.5645    2.2025  -22.9056
eta,q 0.96557  8.26777
  0.0444  0.0442  0.0428  0.0384  0.0362  0.0374  0.0389  0.0416  0.0390  0.0358  0.0363  0.0343
  0.0424  0.0427  0.0419  0.0389  0.0366  0.0370  0.0376  0.0392  0.0379  0.0354  0.0359  0.0344
  0.0413  0.0416  0.0413  0.0397  0.0376  0.0367  0.0369  0.0374  0.0371  0.0356  0.0356  0.0347
  0.0410  0.0410  0.0410  0.0409  0.0391  0.0369  0.0367  0.0367  0.0367  0.0364  0.0354  0.0352
  0.0416  0.0410  0.0409  0.0429  0.0414  0.0374  0.0373  0.0370  0.0365  0.0378  0.0353  0.0361
  0.0430  0.0416  0.0412  0.0457  0.0443  0.0382  0.0386  0.0383  0.0364  0.0399  0.0353  0.0371
  0.0452  0.0428  0.0419  0.0491  0.0472  0.0401  0.0403  0.0405  0.0367  0.0427  0.0355  0.0384
niter,ni,del,rscale     7    3    5.0000    1.2000
parameter  4  0.560036 ->  0.500000 qaram    1.3225
parameters
   -1.1093  -12.3596   22.1132   -9.0438   -9.7491   -5.8716
    3.6064    1.8310   -3.2647   14.1633    1.5230  -26.0100
eta,q 0.96735  7.84677
  0.0385  0.0369  0.0355  0.0339  0.0338  0.0342  0.0353  0.0373  0.0338  0.0355  0.0335  0.0333
  0.0363  0.0355  0.0348  0.0336  0.0333  0.0334  0.0340  0.0349  0.0332  0.0340  0.0331  0.0328
  0.0350  0.0347  0.0344  0.0338  0.0332  0.0330  0.0332  0.0334  0.0329  0.0331  0.0329  0.0326
  0.0344  0.0344  0.0344  0.0344  0.0337  0.0332  0.0330  0.0330  0.0330  0.0329  0.0329  0.0329
  0.0347  0.0348  0.0348  0.0355  0.0347  0.0339  0.0335  0.0338  0.0334  0.0333  0.0330  0.0335
  0.0359  0.0357  0.0354  0.0374  0.0365  0.0348  0.0346  0.0355  0.0340  0.0343  0.0333  0.0344
  0.0379  0.0372  0.0364  0.0403  0.0393  0.0353  0.0362  0.0380  0.0349  0.0361  0.0338  0.0355
niter,ni,del,rscale     7    3    5.0000    1.2000
parameters
   -1.1026  -12.1042   21.8208   -9.8045  -10.6089   -6.1434
    3.5686    1.8373   -3.1260   14.9751    1.3247  -26.5745
eta,q 0.96746  7.78044
  0.0363  0.0356  0.0339  0.0352  0.0344  0.0346  0.0353  0.0373  0.0341  0.0360  0.0333  0.0339
  0.0343  0.0341  0.0331  0.0335  0.0333  0.0335  0.0338  0.0348  0.0333  0.0342  0.0329  0.0332
  0.0331  0.0331  0.0327  0.0327  0.0327  0.0328  0.0329  0.0331  0.0327  0.0331  0.0326  0.0327
  0.0326  0.0327  0.0326  0.0326  0.0326  0.0326  0.0325  0.0325  0.0325  0.0326  0.0325  0.0325
  0.0331  0.0328  0.0330  0.0331  0.0329  0.0330  0.0329  0.0332  0.0327  0.0327  0.0327  0.0328
  0.0343  0.0335  0.0337  0.0342  0.0339  0.0339  0.0339  0.0348  0.0332  0.0334  0.0329  0.0334
  0.0363  0.0346  0.0346  0.0361  0.0355  0.0348  0.0353  0.0373  0.0339  0.0349  0.0334  0.0344
niter,ni,del,rscale     6    3    5.0000    1.2000
parameters
   -1.1190  -11.9212   21.6869   -9.9006  -10.9202   -6.3006
    3.5730    1.8260   -2.9847   15.3823    1.2157  -26.8620
eta,q 0.96749  7.76411
  0.0361  0.0352  0.0340  0.0355  0.0346  0.0347  0.0352  0.0372  0.0340  0.0355  0.0333  0.0340
  0.0342  0.0338  0.0331  0.0337  0.0334  0.0335  0.0338  0.0348  0.0332  0.0339  0.0329  0.0332
  0.0329  0.0329  0.0326  0.0327  0.0327  0.0328  0.0329  0.0331  0.0327  0.0329  0.0326  0.0327
  0.0325  0.0325  0.0325  0.0325  0.0325  0.0325  0.0325  0.0325  0.0325  0.0325  0.0325  0.0325
  0.0330  0.0327  0.0328  0.0329  0.0328  0.0329  0.0329  0.0331  0.0327  0.0327  0.0326  0.0327
  0.0342  0.0334  0.0334  0.0339  0.0336  0.0339  0.0338  0.0348  0.0331  0.0335  0.0329  0.0333
  0.0362  0.0345  0.0343  0.0355  0.0350  0.0347  0.0352  0.0372  0.0339  0.0350  0.0334  0.0342
niter,ni,del,rscale     5    3    5.0000    1.2000
parameters
   -1.1243  -11.8114   21.5955   -9.9595  -11.1200   -6.4410
    3.5693    1.8216   -2.9094   15.6493    1.1543  -27.0148
eta,q 0.96749  7.75217
  0.0361  0.0350  0.0340  0.0355  0.0345  0.0347  0.0352  0.0372  0.0340  0.0354  0.0333  0.0340
  0.0341  0.0337  0.0332  0.0338  0.0334  0.0335  0.0338  0.0347  0.0332  0.0338  0.0329  0.0332
  0.0329  0.0328  0.0327  0.0327  0.0327  0.0328  0.0328  0.0331  0.0327  0.0329  0.0326  0.0327
  0.0325  0.0325  0.0325  0.0325  0.0325  0.0325  0.0325  0.0325  0.0325  0.0325  0.0325  0.0325
  0.0329  0.0327  0.0328  0.0329  0.0328  0.0329  0.0329  0.0331  0.0327  0.0327  0.0326  0.0327
  0.0342  0.0334  0.0334  0.0339  0.0335  0.0338  0.0338  0.0348  0.0331  0.0336  0.0329  0.0333
  0.0361  0.0345  0.0342  0.0355  0.0348  0.0347  0.0352  0.0372  0.0339  0.0351  0.0333  0.0342
niter,ni,del,rscale     4    3    5.0000    1.2000
parameters
   -1.1271  -11.7369   21.5295  -10.0018  -11.2708   -6.5649
    3.5635    1.8173   -2.8537   15.8477    1.1368  -27.0927
eta,q 0.96750  7.74234
  0.0361  0.0349  0.0341  0.0356  0.0345  0.0347  0.0352  0.0372  0.0339  0.0353  0.0333  0.0340
  0.0341  0.0336  0.0332  0.0338  0.0334  0.0336  0.0338  0.0347  0.0332  0.0338  0.0329  0.0332
  0.0329  0.0328  0.0327  0.0327  0.0327  0.0328  0.0328  0.0331  0.0327  0.0329  0.0326  0.0327
  0.0325  0.0325  0.0325  0.0325  0.0325  0.0325  0.0325  0.0325  0.0325  0.0325  0.0325  0.0325
  0.0329  0.0327  0.0327  0.0329  0.0327  0.0329  0.0329  0.0331  0.0326  0.0327  0.0326  0.0327
  0.0342  0.0334  0.0333  0.0339  0.0335  0.0338  0.0338  0.0348  0.0331  0.0336  0.0329  0.0333
  0.0361  0.0346  0.0342  0.0355  0.0347  0.0347  0.0352  0.0372  0.0339  0.0351  0.0333  0.0341
niter,ni,del,rscale     3    3    5.0000    1.2000
parameters
   -1.1281  -11.6777   21.4806  -10.0352  -11.3858   -6.6722
    3.5595    1.8166   -2.8490   16.0068    1.1392  -27.1448
eta,q 0.96750  7.73446
  0.0361  0.0348  0.0341  0.0356  0.0345  0.0347  0.0352  0.0372  0.0339  0.0352  0.0333  0.0340
  0.0341  0.0336  0.0332  0.0338  0.0334  0.0336  0.0338  0.0347  0.0331  0.0338  0.0329  0.0332
  0.0329  0.0328  0.0327  0.0327  0.0327  0.0328  0.0328  0.0331  0.0327  0.0328  0.0326  0.0327
  0.0325  0.0325  0.0325  0.0325  0.0325  0.0325  0.0325  0.0325  0.0325  0.0325  0.0325  0.0325
  0.0329  0.0327  0.0327  0.0329  0.0327  0.0329  0.0329  0.0331  0.0326  0.0327  0.0326  0.0327
  0.0341  0.0335  0.0333  0.0339  0.0335  0.0338  0.0338  0.0348  0.0331  0.0336  0.0329  0.0332
  0.0361  0.0346  0.0342  0.0355  0.0347  0.0347  0.0352  0.0371  0.0339  0.0351  0.0333  0.0341
niter,ni,del,rscale     2    3    5.0000    1.2000
parameters
   -1.1297  -11.6295   21.4384  -10.0597  -11.4855   -6.7651
    3.5637    1.8139   -2.8428   16.1464    1.1526  -27.1744
eta,q 0.96751  7.72778
  0.0361  0.0348  0.0341  0.0356  0.0345  0.0347  0.0352  0.0372  0.0339  0.0352  0.0333  0.0341
  0.0341  0.0335  0.0332  0.0338  0.0334  0.0336  0.0338  0.0347  0.0331  0.0337  0.0329  0.0332
  0.0329  0.0328  0.0327  0.0327  0.0328  0.0328  0.0328  0.0331  0.0327  0.0328  0.0326  0.0327
  0.0325  0.0325  0.0325  0.0325  0.0325  0.0325  0.0325  0.0325  0.0325  0.0325  0.0325  0.0325
  0.0329  0.0327  0.0327  0.0329  0.0327  0.0329  0.0329  0.0331  0.0326  0.0327  0.0326  0.0327
  0.0341  0.0335  0.0333  0.0339  0.0334  0.0338  0.0338  0.0348  0.0331  0.0336  0.0329  0.0332
  0.0361  0.0346  0.0342  0.0355  0.0347  0.0347  0.0352  0.0371  0.0339  0.0351  0.0333  0.0341
niter,ni,del,rscale     1    3    5.0000    1.2000
parameters
   -1.1306  -11.5864   21.4054  -10.0840  -11.5799   -6.8513
    3.5659    1.8151   -2.8476   16.2680    1.1801  -27.2030
eta,q 0.96750  7.72137
  0.0361  0.0348  0.0341  0.0356  0.0345  0.0347  0.0352  0.0372  0.0339  0.0352  0.0333  0.0341
  0.0341  0.0335  0.0332  0.0338  0.0334  0.0336  0.0338  0.0347  0.0331  0.0337  0.0329  0.0333
  0.0329  0.0328  0.0327  0.0327  0.0328  0.0328  0.0328  0.0331  0.0327  0.0328  0.0326  0.0327
  0.0325  0.0325  0.0325  0.0325  0.0325  0.0325  0.0325  0.0325  0.0325  0.0325  0.0325  0.0325
  0.0329  0.0327  0.0327  0.0329  0.0327  0.0329  0.0329  0.0331  0.0327  0.0327  0.0326  0.0327
  0.0341  0.0335  0.0333  0.0339  0.0334  0.0338  0.0338  0.0347  0.0331  0.0336  0.0329  0.0332
  0.0360  0.0346  0.0342  0.0355  0.0346  0.0347  0.0352  0.0371  0.0339  0.0351  0.0333  0.0341
registration optimization eta report
parameter search radius
    2.4000    2.4000    2.4000    9.5220    8.2800    7.2000
    7.2000    7.2000    7.2000    8.2800    7.2000    8.2800
100000*second partial in parameter space
       62.       37.       28.        3.        3.        4.
        5.        9.        3.        4.        2.        2.
  0.0361  0.0348  0.0341  0.0356  0.0345  0.0347  0.0352  0.0372  0.0339  0.0352  0.0333  0.0341
  0.0341  0.0335  0.0332  0.0338  0.0334  0.0336  0.0338  0.0347  0.0331  0.0337  0.0329  0.0333
  0.0329  0.0328  0.0327  0.0327  0.0328  0.0328  0.0328  0.0331  0.0327  0.0328  0.0326  0.0327
  0.0325  0.0325  0.0325  0.0325  0.0325  0.0325  0.0325  0.0325  0.0325  0.0325  0.0325  0.0325
  0.0329  0.0327  0.0327  0.0329  0.0327  0.0329  0.0329  0.0331  0.0327  0.0327  0.0326  0.0327
  0.0341  0.0335  0.0333  0.0339  0.0334  0.0338  0.0338  0.0347  0.0331  0.0336  0.0329  0.0332
  0.0360  0.0346  0.0342  0.0355  0.0346  0.0347  0.0352  0.0371  0.0339  0.0351  0.0333  0.0341
   -1.1306  -11.5864   21.4054  -10.0840  -11.5799   -6.8513
    3.5659    1.8151   -2.8476   16.2680    1.1801  -27.2030
eta,q 0.96750  7.72137

---------------------------------------------------------------------
imgreg_4dfp /opt/freesurfer/average/711-2C_as_mni_average_305 /opt/freesurfer/average/711-2B_as_mni_average_305_mask talsrcimg_g11 none talsrcimg_to_711-2C_as_mni_average_305_t4 2311
---------------------------------------------------------------------

freesurfer imgreg_4dfp.c
/opt/freesurfer/average/711-2C_as_mni_average_305.4dfp.img
       256       256       256         1
  1.000000  1.000000  1.000000
orientation T byte_order littleendian
Reading image: /opt/freesurfer/average/711-2C_as_mni_average_305.4dfp.img
dimensions:      256       256       256
mmppix:       1.0000   -1.0000   -1.0000
center:     128.0000 -129.0000 -129.0000
/opt/freesurfer/average/711-2B_as_mni_average_305_mask.4dfp.img
       256       256       256         1
  1.000000  1.000000  1.000000
orientation T byte_order littleendian
Reading mask: /opt/freesurfer/average/711-2B_as_mni_average_305_mask.4dfp.img (2306576 pixels)
talsrcimg_g11.4dfp.img
       256       256       256         1
  1.000000  1.000000  1.000000
orientation T byte_order littleendian
Reading image: talsrcimg_g11.4dfp.img
dimensions:      256       256       256
mmppix:       1.0000   -1.0000   -1.0000
center:     128.0000 -129.0000 -129.0000
fimgreg.f
image alignment mode   2311 decimal      907 hex
parameters
   -1.1306  -11.5864   21.4054  -10.0840  -11.5799   -6.8513
    3.5659    1.8151   -2.8476   16.2680    1.1801  -27.2030
eta,q 0.96750  7.72137
niter,ni,del,rscale     5    3    5.0000    0.8000
parameters
   -1.1369  -11.5748   21.3597  -10.4042  -11.5362   -7.0275
    3.5306    1.7776   -2.8225   16.4258    1.2022  -27.0690
eta,q 0.96752  7.70372
  0.0341  0.0335  0.0332  0.0332  0.0332  0.0336  0.0338  0.0347  0.0331  0.0334  0.0329  0.0331
  0.0332  0.0329  0.0328  0.0327  0.0328  0.0330  0.0331  0.0335  0.0328  0.0329  0.0327  0.0328
  0.0327  0.0326  0.0326  0.0325  0.0326  0.0326  0.0326  0.0327  0.0326  0.0326  0.0325  0.0326
  0.0325  0.0325  0.0325  0.0325  0.0325  0.0325  0.0325  0.0325  0.0325  0.0325  0.0325  0.0325
  0.0327  0.0326  0.0326  0.0326  0.0326  0.0327  0.0327  0.0328  0.0326  0.0326  0.0325  0.0325
  0.0332  0.0329  0.0329  0.0329  0.0328  0.0331  0.0331  0.0336  0.0328  0.0328  0.0327  0.0327
  0.0341  0.0335  0.0333  0.0333  0.0332  0.0338  0.0338  0.0347  0.0331  0.0333  0.0329  0.0330
niter,ni,del,rscale     4    3    5.0000    0.7000
parameters
   -1.1449  -11.5394   21.3013  -10.4568  -11.6182   -7.1221
    3.5360    1.7583   -2.8085   16.5745    1.2366  -27.0816
eta,q 0.96751  7.69631
  0.0337  0.0333  0.0330  0.0331  0.0330  0.0334  0.0335  0.0342  0.0330  0.0332  0.0328  0.0329
  0.0330  0.0328  0.0327  0.0327  0.0327  0.0329  0.0330  0.0333  0.0327  0.0328  0.0326  0.0327
  0.0326  0.0326  0.0325  0.0325  0.0325  0.0326  0.0326  0.0327  0.0325  0.0326  0.0325  0.0325
  0.0325  0.0325  0.0325  0.0325  0.0325  0.0325  0.0325  0.0325  0.0325  0.0325  0.0325  0.0325
  0.0326  0.0326  0.0326  0.0326  0.0325  0.0326  0.0326  0.0327  0.0325  0.0326  0.0325  0.0325
  0.0331  0.0328  0.0328  0.0328  0.0327  0.0330  0.0330  0.0333  0.0327  0.0327  0.0326  0.0327
  0.0337  0.0332  0.0331  0.0331  0.0331  0.0335  0.0335  0.0342  0.0330  0.0331  0.0328  0.0329
niter,ni,del,rscale     3    3    5.0000    0.6000
parameters
   -1.1508  -11.4985   21.2568  -10.5373  -11.6952   -7.1643
    3.5336    1.7445   -2.8061   16.7118    1.2284  -27.1149
eta,q 0.96751  7.68977
  0.0334  0.0331  0.0329  0.0329  0.0329  0.0332  0.0332  0.0338  0.0328  0.0330  0.0327  0.0328
  0.0329  0.0328  0.0327  0.0326  0.0327  0.0328  0.0328  0.0331  0.0326  0.0327  0.0326  0.0326
  0.0326  0.0326  0.0325  0.0325  0.0325  0.0326  0.0326  0.0326  0.0325  0.0325  0.0325  0.0325
  0.0325  0.0325  0.0325  0.0325  0.0325  0.0325  0.0325  0.0325  0.0325  0.0325  0.0325  0.0325
  0.0326  0.0325  0.0325  0.0326  0.0325  0.0326  0.0326  0.0327  0.0325  0.0325  0.0325  0.0325
  0.0329  0.0327  0.0327  0.0327  0.0327  0.0328  0.0328  0.0331  0.0326  0.0327  0.0326  0.0326
  0.0334  0.0330  0.0329  0.0329  0.0329  0.0332  0.0333  0.0338  0.0328  0.0329  0.0327  0.0328
niter,ni,del,rscale     2    3    5.0000    0.5000
parameters
   -1.1535  -11.4634   21.2312  -10.6188  -11.7666   -7.1842
    3.5346    1.7362   -2.7898   16.7944    1.2465  -27.1304
eta,q 0.96751  7.68350
  0.0331  0.0329  0.0328  0.0328  0.0328  0.0330  0.0330  0.0334  0.0327  0.0328  0.0327  0.0327
  0.0328  0.0327  0.0326  0.0326  0.0326  0.0327  0.0327  0.0329  0.0326  0.0326  0.0326  0.0326
  0.0326  0.0325  0.0325  0.0325  0.0325  0.0326  0.0326  0.0326  0.0325  0.0325  0.0325  0.0325
  0.0325  0.0325  0.0325  0.0325  0.0325  0.0325  0.0325  0.0325  0.0325  0.0325  0.0325  0.0325
  0.0326  0.0325  0.0325  0.0325  0.0325  0.0325  0.0325  0.0326  0.0325  0.0325  0.0325  0.0325
  0.0328  0.0326  0.0326  0.0326  0.0326  0.0327  0.0327  0.0329  0.0326  0.0326  0.0326  0.0326
  0.0331  0.0328  0.0328  0.0328  0.0328  0.0330  0.0330  0.0334  0.0327  0.0328  0.0327  0.0327
niter,ni,del,rscale     1    3    5.0000    0.4000
parameters
   -1.1574  -11.4455   21.2121  -10.6994  -11.7851   -7.1815
    3.5374    1.7208   -2.7636   16.8298    1.2228  -27.1497
eta,q 0.96752  7.67967
  0.0329  0.0327  0.0327  0.0327  0.0327  0.0328  0.0328  0.0331  0.0326  0.0327  0.0326  0.0326
  0.0327  0.0326  0.0326  0.0326  0.0326  0.0326  0.0326  0.0328  0.0326  0.0326  0.0325  0.0325
  0.0325  0.0325  0.0325  0.0325  0.0325  0.0325  0.0325  0.0326  0.0325  0.0325  0.0325  0.0325
  0.0325  0.0325  0.0325  0.0325  0.0325  0.0325  0.0325  0.0325  0.0325  0.0325  0.0325  0.0325
  0.0325  0.0325  0.0325  0.0325  0.0325  0.0325  0.0325  0.0326  0.0325  0.0325  0.0325  0.0325
  0.0327  0.0326  0.0326  0.0326  0.0326  0.0326  0.0326  0.0328  0.0325  0.0326  0.0325  0.0325
  0.0329  0.0327  0.0327  0.0327  0.0327  0.0328  0.0328  0.0331  0.0326  0.0327  0.0326  0.0326
registration optimization eta report
parameter search radius
    0.8000    0.8000    0.8000    2.4000    2.4000    2.4000
    2.4000    2.4000    2.4000    2.4000    2.4000    2.4000
100000*second partial in parameter space
       63.       38.       30.        3.        3.        6.
        6.       10.        3.        4.        2.        2.
  0.0329  0.0327  0.0327  0.0327  0.0327  0.0328  0.0328  0.0331  0.0326  0.0327  0.0326  0.0326
  0.0327  0.0326  0.0326  0.0326  0.0326  0.0326  0.0326  0.0328  0.0326  0.0326  0.0325  0.0325
  0.0325  0.0325  0.0325  0.0325  0.0325  0.0325  0.0325  0.0326  0.0325  0.0325  0.0325  0.0325
  0.0325  0.0325  0.0325  0.0325  0.0325  0.0325  0.0325  0.0325  0.0325  0.0325  0.0325  0.0325
  0.0325  0.0325  0.0325  0.0325  0.0325  0.0325  0.0325  0.0326  0.0325  0.0325  0.0325  0.0325
  0.0327  0.0326  0.0326  0.0326  0.0326  0.0326  0.0326  0.0328  0.0325  0.0326  0.0325  0.0325
  0.0329  0.0327  0.0327  0.0327  0.0327  0.0328  0.0328  0.0331  0.0326  0.0327  0.0326  0.0326
   -1.1574  -11.4455   21.2121  -10.6994  -11.7851   -7.1815
    3.5374    1.7208   -2.7636   16.8298    1.2228  -27.1497
eta,q 0.96752  7.67967

---------------------------------------------------------------------
imgreg_4dfp /opt/freesurfer/average/711-2C_as_mni_average_305 /opt/freesurfer/average/711-2B_as_mni_average_305_mask talsrcimg_g11 none talsrcimg_to_711-2C_as_mni_average_305_t4 2311
---------------------------------------------------------------------

freesurfer imgreg_4dfp.c
/opt/freesurfer/average/711-2C_as_mni_average_305.4dfp.img
       256       256       256         1
  1.000000  1.000000  1.000000
orientation T byte_order littleendian
Reading image: /opt/freesurfer/average/711-2C_as_mni_average_305.4dfp.img
dimensions:      256       256       256
mmppix:       1.0000   -1.0000   -1.0000
center:     128.0000 -129.0000 -129.0000
/opt/freesurfer/average/711-2B_as_mni_average_305_mask.4dfp.img
       256       256       256         1
  1.000000  1.000000  1.000000
orientation T byte_order littleendian
Reading mask: /opt/freesurfer/average/711-2B_as_mni_average_305_mask.4dfp.img (2306576 pixels)
talsrcimg_g11.4dfp.img
       256       256       256         1
  1.000000  1.000000  1.000000
orientation T byte_order littleendian
Reading image: talsrcimg_g11.4dfp.img
dimensions:      256       256       256
mmppix:       1.0000   -1.0000   -1.0000
center:     128.0000 -129.0000 -129.0000
fimgreg.f
image alignment mode   2311 decimal      907 hex
parameters
   -1.1574  -11.4455   21.2121  -10.6994  -11.7851   -7.1815
    3.5374    1.7208   -2.7636   16.8298    1.2228  -27.1497
eta,q 0.96752  7.67967
niter,ni,del,rscale     5    3    5.0000    0.8000
parameters
   -1.1564  -11.4170   21.2117  -10.4752  -11.8958   -7.3349
    3.5416    1.7543   -2.8198   16.9415    1.3003  -27.2161
eta,q 0.96751  7.68176
  0.0341  0.0335  0.0332  0.0334  0.0331  0.0336  0.0338  0.0348  0.0331  0.0334  0.0329  0.0331
  0.0332  0.0329  0.0328  0.0329  0.0328  0.0330  0.0331  0.0335  0.0328  0.0329  0.0327  0.0327
  0.0327  0.0326  0.0326  0.0326  0.0326  0.0326  0.0327  0.0328  0.0326  0.0326  0.0325  0.0326
  0.0325  0.0325  0.0325  0.0325  0.0325  0.0325  0.0325  0.0325  0.0325  0.0325  0.0325  0.0325
  0.0327  0.0326  0.0326  0.0326  0.0326  0.0326  0.0327  0.0328  0.0326  0.0326  0.0325  0.0326
  0.0332  0.0329  0.0328  0.0328  0.0328  0.0331  0.0331  0.0335  0.0328  0.0328  0.0327  0.0328
  0.0341  0.0334  0.0332  0.0332  0.0332  0.0338  0.0338  0.0347  0.0332  0.0333  0.0329  0.0331
niter,ni,del,rscale     4    3    5.0000    0.7000
parameters
   -1.1498  -11.3797   21.1617  -10.5477  -11.9674   -7.3915
    3.5316    1.7485   -2.8274   17.0968    1.3293  -27.2457
eta,q 0.96751  7.67548
  0.0337  0.0333  0.0330  0.0331  0.0330  0.0334  0.0335  0.0342  0.0330  0.0332  0.0328  0.0329
  0.0330  0.0328  0.0327  0.0327  0.0327  0.0329  0.0330  0.0333  0.0327  0.0328  0.0326  0.0327
  0.0326  0.0326  0.0325  0.0325  0.0326  0.0326  0.0326  0.0327  0.0325  0.0326  0.0325  0.0325
  0.0325  0.0325  0.0325  0.0325  0.0325  0.0325  0.0325  0.0325  0.0325  0.0325  0.0325  0.0325
  0.0326  0.0326  0.0326  0.0326  0.0326  0.0326  0.0326  0.0327  0.0326  0.0326  0.0325  0.0325
  0.0330  0.0328  0.0328  0.0328  0.0327  0.0329  0.0330  0.0333  0.0327  0.0327  0.0326  0.0327
  0.0337  0.0332  0.0331  0.0331  0.0331  0.0335  0.0335  0.0342  0.0330  0.0331  0.0328  0.0329
niter,ni,del,rscale     3    3    5.0000    0.6000
parameters
   -1.1537  -11.3392   21.1257  -10.6247  -12.0339   -7.4211
    3.5470    1.7309   -2.8188   17.2348    1.3514  -27.2654
eta,q 0.96751  7.66995
  0.0334  0.0331  0.0329  0.0329  0.0329  0.0332  0.0333  0.0338  0.0328  0.0330  0.0327  0.0328
  0.0329  0.0328  0.0327  0.0327  0.0327  0.0328  0.0328  0.0331  0.0326  0.0327  0.0326  0.0326
  0.0326  0.0326  0.0325  0.0325  0.0325  0.0326  0.0326  0.0326  0.0325  0.0325  0.0325  0.0325
  0.0325  0.0325  0.0325  0.0325  0.0325  0.0325  0.0325  0.0325  0.0325  0.0325  0.0325  0.0325
  0.0326  0.0325  0.0325  0.0326  0.0325  0.0326  0.0326  0.0327  0.0325  0.0325  0.0325  0.0325
  0.0329  0.0327  0.0327  0.0327  0.0327  0.0328  0.0328  0.0331  0.0326  0.0327  0.0326  0.0326
  0.0334  0.0330  0.0329  0.0329  0.0329  0.0332  0.0332  0.0338  0.0328  0.0329  0.0327  0.0328
niter,ni,del,rscale     2    3    5.0000    0.5000
parameters
   -1.1598  -11.3098   21.1032  -10.7123  -12.0897   -7.4345
    3.5542    1.7186   -2.8228   17.2997    1.3768  -27.2932
eta,q 0.96751  7.66424
  0.0331  0.0329  0.0328  0.0328  0.0328  0.0330  0.0330  0.0334  0.0327  0.0328  0.0327  0.0327
  0.0328  0.0327  0.0326  0.0326  0.0326  0.0327  0.0327  0.0329  0.0326  0.0326  0.0326  0.0326
  0.0326  0.0325  0.0325  0.0325  0.0325  0.0326  0.0326  0.0326  0.0325  0.0325  0.0325  0.0325
  0.0325  0.0325  0.0325  0.0325  0.0325  0.0325  0.0325  0.0325  0.0325  0.0325  0.0325  0.0325
  0.0326  0.0325  0.0325  0.0325  0.0325  0.0325  0.0325  0.0326  0.0325  0.0325  0.0325  0.0325
  0.0328  0.0326  0.0326  0.0327  0.0326  0.0327  0.0327  0.0329  0.0326  0.0326  0.0326  0.0326
  0.0331  0.0328  0.0328  0.0328  0.0328  0.0330  0.0330  0.0334  0.0327  0.0328  0.0327  0.0327
niter,ni,del,rscale     1    3    5.0000    0.4000
parameters
   -1.1662  -11.2899   21.0856  -10.7787  -12.1043   -7.4308
    3.5568    1.7021   -2.8407   17.3370    1.3889  -27.3235
eta,q 0.96751  7.66142
  0.0329  0.0327  0.0327  0.0327  0.0327  0.0328  0.0328  0.0331  0.0326  0.0327  0.0326  0.0326
  0.0327  0.0326  0.0326  0.0326  0.0326  0.0326  0.0326  0.0328  0.0326  0.0326  0.0325  0.0325
  0.0325  0.0325  0.0325  0.0325  0.0325  0.0325  0.0325  0.0326  0.0325  0.0325  0.0325  0.0325
  0.0325  0.0325  0.0325  0.0325  0.0325  0.0325  0.0325  0.0325  0.0325  0.0325  0.0325  0.0325
  0.0325  0.0325  0.0325  0.0325  0.0325  0.0325  0.0325  0.0326  0.0325  0.0325  0.0325  0.0325
  0.0327  0.0326  0.0326  0.0326  0.0326  0.0326  0.0327  0.0328  0.0326  0.0326  0.0325  0.0326
  0.0329  0.0327  0.0327  0.0327  0.0327  0.0328  0.0328  0.0331  0.0326  0.0327  0.0326  0.0326
registration optimization eta report
parameter search radius
    0.8000    0.8000    0.8000    2.4000    2.4000    2.4000
    2.4000    2.4000    2.4000    2.4000    2.4000    2.4000
100000*second partial in parameter space
       62.       37.       30.        3.        3.        6.
        6.       10.        3.        3.        2.        2.
  0.0329  0.0327  0.0327  0.0327  0.0327  0.0328  0.0328  0.0331  0.0326  0.0327  0.0326  0.0326
  0.0327  0.0326  0.0326  0.0326  0.0326  0.0326  0.0326  0.0328  0.0326  0.0326  0.0325  0.0325
  0.0325  0.0325  0.0325  0.0325  0.0325  0.0325  0.0325  0.0326  0.0325  0.0325  0.0325  0.0325
  0.0325  0.0325  0.0325  0.0325  0.0325  0.0325  0.0325  0.0325  0.0325  0.0325  0.0325  0.0325
  0.0325  0.0325  0.0325  0.0325  0.0325  0.0325  0.0325  0.0326  0.0325  0.0325  0.0325  0.0325
  0.0327  0.0326  0.0326  0.0326  0.0326  0.0326  0.0327  0.0328  0.0326  0.0326  0.0325  0.0326
  0.0329  0.0327  0.0327  0.0327  0.0327  0.0328  0.0328  0.0331  0.0326  0.0327  0.0326  0.0326
   -1.1662  -11.2899   21.0856  -10.7787  -12.1043   -7.4308
    3.5568    1.7021   -2.8407   17.3370    1.3889  -27.3235
eta,q 0.96751  7.66142

---------------------------------------------------------------------
compute_vox2vox talsrcimg talsrcimg_to_711-2C_as_mni_average_305_t4 /opt/freesurfer/average/711-2C_as_mni_average_305
---------------------------------------------------------------------

freesurfer compute_vox2vox.c
Reading: talsrcimg.4dfp.ifh
Reading: talsrcimg_to_711-2C_as_mni_average_305_t4
Reading: /opt/freesurfer/average/711-2C_as_mni_average_305.4dfp.ifh
Writing: talsrcimg_to_711-2C_as_mni_average_305_t4_vox2vox.txt

start time Fri Mar 13 22:26:27 CET 2026
end		time Fri Mar 13 22:26:42 CET 2026

mpr2mni305 success

avi2talxfm orig_nu.mgz /opt/freesurfer/average/mni305.cor.mgz talsrcimg_to_711-2C_as_mni_average_305_t4_vox2vox.txt transforms/talairach.auto.xfm
avi2talxfm done
mv -f /out/sourcedata/freesurfer/sub-v2s7x29666_ses-1/mri/talsrcimg_to_711-2C_as_mni_average_305_t4_vox2vox.txt /out/sourcedata/freesurfer/sub-v2s7x29666_ses-1/mri/transforms/talsrcimg_to_711-2C_as_mni_average_305_t4_vox2vox.txt
lta_convert --src orig_nu.mgz --trg /opt/freesurfer/average/mni305.cor.mgz --inxfm transforms/talairach.auto.xfm --outlta transforms/talairach.auto.xfm.lta --subject fsaverage
7.3.2

--src: orig_nu.mgz src image (geometry).
--trg: /opt/freesurfer/average/mni305.cor.mgz trg image (geometry).
--inmni: transforms/talairach.auto.xfm input MNI/XFM transform.
--outlta: transforms/talairach.auto.xfm.lta output LTA.
--s: fsaverage subject name
 LTA read, type : 1
 1.11943  -0.01143  -0.04885  -2.44356;
-0.00578   1.02090   0.31759  -21.53236;
 0.03732  -0.20174   1.07349  -26.72786;
 0.00000   0.00000   0.00000   1.00000;
setting subject to fsaverage
Writing  LTA to file transforms/talairach.auto.xfm.lta...
lta_convert successful.
 
 
Started at Fri Mar 13 22:26:27 CET 2026
Ended   at Fri Mar 13 22:26:42 CET 2026
talairach_avi done
